{"level":{"episode":1,"level":5,"difficulty":3},"counter":0,"type":"start_level","frame":{"millis":4920,"tic":172},"actor":{"position":{"x":-14680064,"y":-40894464,"z":0,"angle":1073741824,"subsector":4566992824},"type":"player","health":100,"armor":0,"id":4567120880}}
{"counter":1,"type":"move","frame":{"millis":4920,"tic":172},"actor":{"position":{"x":-14680064,"y":-40894464,"z":0,"angle":1023410176,"subsector":4566992824},"type":"player","health":100,"armor":0,"id":4567120880}}
{"counter":2,"type":"move","frame":{"millis":4920,"tic":172},"actor":{"position":{"x":-14686059,"y":-40976164,"z":0,"angle":1023410176,"subsector":4566992824},"type":"player","health":100,"armor":0,"id":4567120880}}
{"counter":3,"type":"move","frame":{"millis":6089,"tic":213},"actor":{"position":{"x":-14691492,"y":-41050205,"z":0,"angle":1023410176,"subsector":4566992824},"type":"player","health":100,"armor":0,"id":4567120880}}
{"counter":4,"type":"move","frame":{"millis":6089,"tic":213},"actor":{"position":{"x":-14696416,"y":-41117305,"z":0,"angle":1023410176,"subsector":4566992824},"type":"player","health":100,"armor":0,"id":4567120880}}
{"counter":5,"type":"move","frame":{"millis":6089,"tic":213},"actor":{"position":{"x":-14700879,"y":-41178115,"z":0,"angle":1023410176,"subsector":4566992824},"type":"player","health":100,"armor":0,"id":4567120880}}
{"counter":6,"type":"move","frame":{"millis":6116,"tic":214},"actor":{"position":{"x":-14704924,"y":-41233225,"z":0,"angle":1023410176,"subsector":4566992824},"type":"player","health":100,"armor":0,"id":4567120880}}
{"counter":7,"type":"move","frame":{"millis":6144,"tic":215},"actor":{"position":{"x":-14704924,"y":-41233225,"z":0,"angle":1023410176,"subsector":4566992824},"type":"player","health":100,"armor":0,"id":4567120880}}
{"counter":8,"type":"move","frame":{"millis":6144,"tic":215},"actor":{"position":{"x":-14708890,"y":-41287254,"z":0,"angle":1023410176,"subsector":4566992824},"type":"player","health":100,"armor":0,"id":4567120880}}
{"counter":9,"type":"move","frame":{"millis":6172,"tic":216},"actor":{"position":{"x":-14712485,"y":-41336218,"z":0,"angle":1023410176,"subsector":4566992824},"type":"player","health":100,"armor":0,"id":4567120880}}
{"counter":10,"type":"move","frame":{"millis":6200,"tic":217},"actor":{"position":{"x":-14715743,"y":-41380592,"z":0,"angle":1023410176,"subsector":4566992824},"type":"player","health":100,"armor":0,"id":4567120880}}
{"counter":11,"type":"move","frame":{"millis":6230,"tic":218},"actor":{"position":{"x":-14718696,"y":-41420806,"z":0,"angle":1023410176,"subsector":4566992824},"type":"player","health":100,"armor":0,"id":4567120880}}
{"counter":12,"type":"move","frame":{"millis":6259,"tic":219},"actor":{"position":{"x":-14721373,"y":-41457250,"z":0,"angle":1023410176,"subsector":4566992824},"type":"player","health":100,"armor":0,"id":4567120880}}
{"counter":13,"type":"move","frame":{"millis":6287,"tic":220},"actor":{"position":{"x":-14721373,"y":-41457250,"z":0,"angle":1023410176,"subsector":4566992824},"type":"player","health":100,"armor":0,"id":4567120880}}
{"counter":14,"type":"move","frame":{"millis":6287,"tic":220},"actor":{"position":{"x":-14723051,"y":-41480066,"z":0,"angle":1023410176,"subsector":4566992824},"type":"player","health":100,"armor":0,"id":4567120880}}
{"counter":15,"type":"move","frame":{"millis":6315,"tic":221},"actor":{"position":{"x":-14724572,"y":-41500743,"z":0,"angle":1023410176,"subsector":4566992824},"type":"player","health":100,"armor":0,"id":4567120880}}
{"counter":16,"type":"move","frame":{"millis":6344,"tic":222},"actor":{"position":{"x":-14725951,"y":-41519482,"z":0,"angle":1023410176,"subsector":4566992824},"type":"player","health":100,"armor":0,"id":4567120880}}
{"counter":17,"type":"move","frame":{"millis":6372,"tic":223},"actor":{"position":{"x":-14725951,"y":-41519482,"z":0,"angle":1023410176,"subsector":4566992824},"type":"player","health":100,"armor":0,"id":4567120880}}
{"counter":18,"type":"move","frame":{"millis":6372,"tic":223},"actor":{"position":{"x":-14726602,"y":-41528295,"z":0,"angle":1023410176,"subsector":4566992824},"type":"player","health":100,"armor":0,"id":4567120880}}
{"counter":19,"type":"move","frame":{"millis":6400,"tic":224},"actor":{"position":{"x":-14726602,"y":-41528295,"z":0,"angle":1023410176,"subsector":4566992824},"type":"player","health":100,"armor":0,"id":4567120880}}
{"counter":20,"type":"move","frame":{"millis":6400,"tic":224},"actor":{"position":{"x":-14722546,"y":-41472965,"z":0,"angle":1023410176,"subsector":4566992824},"type":"player","health":100,"armor":0,"id":4567120880}}
{"counter":21,"type":"move","frame":{"millis":6429,"tic":225},"actor":{"position":{"x":-14722546,"y":-41472965,"z":0,"angle":1040187392,"subsector":4566992824},"type":"player","health":100,"armor":0,"id":4567120880}}
{"counter":22,"type":"move","frame":{"millis":6429,"tic":225},"actor":{"position":{"x":-14715881,"y":-41361457,"z":0,"angle":1040187392,"subsector":4566992824},"type":"player","health":100,"armor":0,"id":4567120880}}
{"counter":23,"type":"move","frame":{"millis":6458,"tic":226},"actor":{"position":{"x":-14715881,"y":-41361457,"z":0,"angle":1056964608,"subsector":4566992824},"type":"player","health":100,"armor":0,"id":4567120880}}
{"counter":24,"type":"move","frame":{"millis":6458,"tic":226},"actor":{"position":{"x":-14708160,"y":-41190793,"z":0,"angle":1056964608,"subsector":4566992824},"type":"player","health":100,"armor":0,"id":4567120880}}
{"counter":25,"type":"move","frame":{"millis":6486,"tic":227},"actor":{"position":{"x":-14708160,"y":-41190793,"z":0,"angle":1073741824,"subsector":4566992824},"type":"player","health":100,"armor":0,"id":4567120880}}
{"counter":26,"type":"move","frame":{"millis":6486,"tic":227},"actor":{"position":{"x":-14701188,"y":-40970594,"z":0,"angle":1073741824,"subsector":4566992824},"type":"player","health":100,"armor":0,"id":4567120880}}
{"counter":27,"type":"move","frame":{"millis":6516,"tic":228},"actor":{"position":{"x":-14701188,"y":-40970594,"z":0,"angle":1124073472,"subsector":4566992824},"type":"player","health":100,"armor":0,"id":4567120880}}
{"counter":28,"type":"move","frame":{"millis":6516,"tic":228},"actor":{"position":{"x":-14702442,"y":-40668921,"z":0,"angle":1124073472,"subsector":4566992824},"type":"player","health":100,"armor":0,"id":4567120880}}
{"counter":29,"type":"move","frame":{"millis":6543,"tic":229},"actor":{"position":{"x":-14702442,"y":-40668921,"z":0,"angle":1157627904,"subsector":4566992824},"type":"player","health":100,"armor":0,"id":4567120880}}
{"counter":30,"type":"move","frame":{"millis":6543,"tic":229},"actor":{"position":{"x":-14707603,"y":-40363010,"z":0,"angle":1157627904,"subsector":4566992824},"type":"player","health":100,"armor":0,"id":4567120880}}
{"counter":31,"type":"move","frame":{"millis":6572,"tic":230},"actor":{"position":{"x":-14707603,"y":-40363010,"z":0,"angle":1241513984,"subsector":4566992824},"type":"player","health":100,"armor":0,"id":4567120880}}
{"counter":32,"type":"move","frame":{"millis":6572,"tic":230},"actor":{"position":{"x":-14714275,"y":-40077834,"z":0,"angle":1241513984,"subsector":4566992824},"type":"player","health":100,"armor":0,"id":4567120880}}
{"counter":33,"type":"move","frame":{"millis":6600,"tic":231},"actor":{"position":{"x":-14714275,"y":-40077834,"z":0,"angle":1459617792,"subsector":4566992824},"type":"player","health":100,"armor":0,"id":4567120880}}
{"counter":34,"type":"move","frame":{"millis":6600,"tic":231},"actor":{"position":{"x":-14712648,"y":-39831503,"z":0,"angle":1459617792,"subsector":4566992824},"type":"player","health":100,"armor":0,"id":4567120880}}
{"counter":35,"type":"move","frame":{"millis":6629,"tic":232},"actor":{"position":{"x":-14712648,"y":-39831503,"z":0,"angle":1577058304,"subsector":4566992824},"type":"player","health":100,"armor":0,"id":4567120880}}
{"counter":36,"type":"move","frame":{"millis":6629,"tic":232},"actor":{"position":{"x":-14687784,"y":-39634054,"z":0,"angle":1577058304,"subsector":4566992824},"type":"player","health":100,"armor":0,"id":4567120880}}
{"counter":37,"type":"move","frame":{"millis":6659,"tic":233},"actor":{"position":{"x":-14687784,"y":-39634054,"z":0,"angle":1711276032,"subsector":4566992824},"type":"player","health":100,"armor":0,"id":4567120880}}
{"counter":38,"type":"move","frame":{"millis":6659,"tic":233},"actor":{"position":{"x":-14625762,"y":-39484381,"z":0,"angle":1711276032,"subsector":4566992824},"type":"player","health":100,"armor":0,"id":4567120880}}
{"counter":39,"type":"move","frame":{"millis":6686,"tic":234},"actor":{"position":{"x":-14625762,"y":-39484381,"z":0,"angle":1828716544,"subsector":4566992824},"type":"player","health":100,"armor":0,"id":4567120880}}
{"counter":40,"type":"move","frame":{"millis":6686,"tic":234},"actor":{"position":{"x":-14511006,"y":-39378183,"z":0,"angle":1828716544,"subsector":4566992824},"type":"player","health":100,"armor":0,"id":4567120880}}
{"counter":41,"type":"move","frame":{"millis":6716,"tic":235},"actor":{"position":{"x":-14511006,"y":-39378183,"z":0,"angle":1929379840,"subsector":4566992824},"type":"player","health":100,"armor":0,"id":4567120880}}
{"counter":42,"type":"move","frame":{"millis":6716,"tic":235},"actor":{"position":{"x":-14344773,"y":-39302475,"z":0,"angle":1929379840,"subsector":4566992824},"type":"player","health":100,"armor":0,"id":4567120880}}
{"counter":43,"type":"move","frame":{"millis":6743,"tic":236},"actor":{"position":{"x":-14344773,"y":-39302475,"z":0,"angle":2113929216,"subsector":4566992824},"type":"player","health":100,"armor":0,"id":4567120880}}
{"counter":44,"type":"move","frame":{"millis":6743,"tic":236},"actor":{"position":{"x":-14104121,"y":-39238252,"z":0,"angle":2113929216,"subsector":4566992824},"type":"player","health":100,"armor":0,"id":4567120880}}
{"counter":45,"type":"move","frame":{"millis":6772,"tic":237},"actor":{"position":{"x":-14104121,"y":-39238252,"z":0,"angle":2181038080,"subsector":4566992824},"type":"player","health":100,"armor":0,"id":4567120880}}
{"counter":46,"type":"move","frame":{"millis":6772,"tic":237},"actor":{"position":{"x":-13865577,"y":-39179038,"z":0,"angle":2181038080,"subsector":4566992824},"type":"player","health":100,"armor":0,"id":4567120880}}
{"counter":47,"type":"move","frame":{"millis":6800,"tic":238},"actor":{"position":{"x":-13865577,"y":-39179038,"z":0,"angle":2214592512,"subsector":4566992824},"type":"player","health":100,"armor":0,"id":4567120880}}
{"counter":48,"type":"move","frame":{"millis":6800,"tic":238},"actor":{"position":{"x":-13600485,"y":-39120540,"z":0,"angle":2214592512,"subsector":4566992824},"type":"player","health":100,"armor":0,"id":4567120880}}
{"counter":49,"type":"move","frame":{"millis":6829,"tic":239},"actor":{"position":{"x":-13600485,"y":-39120540,"z":0,"angle":2231369728,"subsector":4566992824},"type":"player","health":100,"armor":0,"id":4567120880}}
{"counter":50,"type":"move","frame":{"millis":6829,"tic":239},"actor":{"position":{"x":-13354149,"y":-39066773,"z":0,"angle":2231369728,"subsector":4566992824},"type":"player","health":100,"armor":0,"id":4567120880}}
{"counter":51,"type":"move","frame":{"millis":6858,"tic":240},"actor":{"position":{"x":-13130907,"y":-39018047,"z":0,"angle":2231369728,"subsector":4566992824},"type":"player","health":100,"armor":0,"id":4567120880}}
{"counter":52,"type":"move","frame":{"millis":6886,"tic":241},"actor":{"position":{"x":-12928594,"y":-38973890,"z":0,"angle":2231369728,"subsector":4566992824},"type":"player","health":100,"armor":0,"id":4567120880}}
{"counter":53,"type":"move","frame":{"millis":6915,"tic":242},"actor":{"position":{"x":-12745248,"y":-38933873,"z":0,"angle":2231369728,"subsector":4566992824},"type":"player","health":100,"armor":0,"id":4567120880}}
{"counter":54,"type":"move","frame":{"millis":6944,"tic":243},"actor":{"position":{"x":-12579091,"y":-38897608,"z":0,"angle":2231369728,"subsector":4566992824},"type":"player","health":100,"armor":0,"id":4567120880}}
{"counter":55,"type":"move","frame":{"millis":6972,"tic":244},"actor":{"position":{"x":-12579091,"y":-38897608,"z":0,"angle":2231369728,"subsector":4566992824},"type":"player","health":100,"armor":0,"id":4567120880}}
{"counter":56,"type":"move","frame":{"millis":6972,"tic":244},"actor":{"position":{"x":-12530137,"y":-38877317,"z":0,"angle":2231369728,"subsector":4566992824},"type":"player","health":100,"armor":0,"id":4567120880}}
{"counter":57,"type":"move","frame":{"millis":7000,"tic":245},"actor":{"position":{"x":-12530137,"y":-38877317,"z":0,"angle":2231369728,"subsector":4566992824},"type":"player","health":100,"armor":0,"id":4567120880}}
{"counter":58,"type":"move","frame":{"millis":7000,"tic":245},"actor":{"position":{"x":-12587398,"y":-38871503,"z":0,"angle":2231369728,"subsector":4566992824},"type":"player","health":100,"armor":0,"id":4567120880}}
{"counter":59,"type":"move","frame":{"millis":7029,"tic":246},"actor":{"position":{"x":-12587398,"y":-38871503,"z":0,"angle":2231369728,"subsector":4566992824},"type":"player","health":100,"armor":0,"id":4567120880}}
{"counter":60,"type":"move","frame":{"millis":7029,"tic":246},"actor":{"position":{"x":-12740916,"y":-38878809,"z":0,"angle":2231369728,"subsector":4566992824},"type":"player","health":100,"armor":0,"id":4567120880}}
{"counter":61,"type":"move","frame":{"millis":7058,"tic":247},"actor":{"position":{"x":-12740916,"y":-38878809,"z":0,"angle":2231369728,"subsector":4566992824},"type":"player","health":100,"armor":0,"id":4567120880}}
{"counter":62,"type":"move","frame":{"millis":7058,"tic":247},"actor":{"position":{"x":-12981667,"y":-38898005,"z":0,"angle":2231369728,"subsector":4566992824},"type":"player","health":100,"armor":0,"id":4567120880}}
{"counter":63,"type":"move","frame":{"millis":7087,"tic":248},"actor":{"position":{"x":-12981667,"y":-38898005,"z":0,"angle":2231369728,"subsector":4566992824},"type":"player","health":100,"armor":0,"id":4567120880}}
{"counter":64,"type":"move","frame":{"millis":7087,"tic":248},"actor":{"position":{"x":-13301473,"y":-38927976,"z":0,"angle":2231369728,"subsector":4566992824},"type":"player","health":100,"armor":0,"id":4567120880}}
{"counter":65,"type":"move","frame":{"millis":7116,"tic":249},"actor":{"position":{"x":-13301473,"y":-38927976,"z":0,"angle":2264924160,"subsector":4566992824},"type":"player","health":100,"armor":0,"id":4567120880}}
{"counter":66,"type":"move","frame":{"millis":7116,"tic":249},"actor":{"position":{"x":-13692183,"y":-38972682,"z":0,"angle":2264924160,"subsector":4566992824},"type":"player","health":100,"armor":0,"id":4567120880}}
{"counter":67,"type":"move","frame":{"millis":7143,"tic":250},"actor":{"position":{"x":-13692183,"y":-38972682,"z":0,"angle":2298478592,"subsector":4566992824},"type":"player","health":100,"armor":0,"id":4567120880}}
{"counter":68,"type":"move","frame":{"millis":7143,"tic":250},"actor":{"position":{"x":-14146168,"y":-39035671,"z":0,"angle":2298478592,"subsector":4566992824},"type":"player","health":100,"armor":0,"id":4567120880}}
{"counter":69,"type":"move","frame":{"millis":7172,"tic":251},"actor":{"position":{"x":-14146168,"y":-39035671,"z":0,"angle":2348810240,"subsector":4566992824},"type":"player","health":100,"armor":0,"id":4567120880}}
{"counter":70,"type":"move","frame":{"millis":7172,"tic":251},"actor":{"position":{"x":-14655571,"y":-39122518,"z":0,"angle":2348810240,"subsector":4566992824},"type":"player","health":100,"armor":0,"id":4567120880}}
{"counter":71,"type":"move","frame":{"millis":7200,"tic":252},"actor":{"position":{"x":-14655571,"y":-39122518,"z":0,"angle":2415919104,"subsector":4566992824},"type":"player","health":100,"armor":0,"id":4567120880}}
{"counter":72,"type":"move","frame":{"millis":7200,"tic":252},"actor":{"position":{"x":-15211808,"y":-39240446,"z":0,"angle":2415919104,"subsector":4566992824},"type":"player","health":100,"armor":0,"id":4567120880}}
{"counter":73,"type":"move","frame":{"millis":7229,"tic":253},"actor":{"position":{"x":-15211808,"y":-39240446,"z":0,"angle":2449473536,"subsector":4566992824},"type":"player","health":100,"armor":0,"id":4567120880}}
{"counter":74,"type":"move","frame":{"millis":7229,"tic":253},"actor":{"position":{"x":-15808450,"y":-39391135,"z":0,"angle":2449473536,"subsector":4566992824},"type":"player","health":100,"armor":0,"id":4567120880}}
{"counter":75,"type":"move","frame":{"millis":7258,"tic":254},"actor":{"position":{"x":-15808450,"y":-39391135,"z":0,"angle":2483027968,"subsector":4566992824},"type":"player","health":100,"armor":0,"id":4567120880}}
{"counter":76,"type":"move","frame":{"millis":7258,"tic":254},"actor":{"position":{"x":-16439447,"y":-39576002,"z":0,"angle":2483027968,"subsector":4566992824},"type":"player","health":100,"armor":0,"id":4567120880}}
{"counter":77,"type":"move","frame":{"millis":7286,"tic":255},"actor":{"position":{"x":-16439447,"y":-39576002,"z":0,"angle":2516582400,"subsector":4566992824},"type":"player","health":100,"armor":0,"id":4567120880}}
{"counter":78,"type":"move","frame":{"millis":7286,"tic":255},"actor":{"position":{"x":-17099100,"y":-39796215,"z":0,"angle":2516582400,"subsector":4566992824},"type":"player","health":100,"armor":0,"id":4567120880}}
{"counter":79,"type":"move","frame":{"millis":7315,"tic":256},"actor":{"position":{"x":-17099100,"y":-39796215,"z":0,"angle":2634022912,"subsector":4566992824},"type":"player","health":100,"armor":0,"id":4567120880}}
{"counter":80,"type":"move","frame":{"millis":7315,"tic":256},"actor":{"position":{"x":-17774424,"y":-40062699,"z":0,"angle":2634022912,"subsector":4566992824},"type":"player","health":100,"armor":0,"id":4567120880}}
{"counter":81,"type":"targeted","frame":{"millis":7315,"tic":256},"actor":{"position":{"x":-4194304,"y":16777216,"z":0,"angle":3221225472,"subsector":4566993176},"type":"spectre","health":150,"id":4567162232},"target":{"position":{"x":-17774424,"y":-40062699,"z":0,"angle":2634022912,"subsector":4566992824},"type":"player","health":100,"armor":0,"id":4567120880}}
{"counter":82,"type":"move","frame":{"millis":7324,"tic":256},"actor":{"position":{"x":-4664304,"y":16307216,"z":0,"angle":3758096384,"subsector":4566993176},"type":"spectre","health":150,"id":4567162232}}
{"counter":83,"type":"move","frame":{"millis":7343,"tic":257},"actor":{"position":{"x":-17774424,"y":-40062699,"z":0,"angle":2852126720,"subsector":4566992824},"type":"player","health":100,"armor":0,"id":4567120880}}
{"counter":84,"type":"move","frame":{"millis":7343,"tic":257},"actor":{"position":{"x":-18428525,"y":-40374483,"z":0,"angle":2852126720,"subsector":4566992824},"type":"player","health":100,"armor":0,"id":4567120880}}
{"counter":85,"type":"move","frame":{"millis":7372,"tic":258},"actor":{"position":{"x":-18428525,"y":-40374483,"z":0,"angle":3053453312,"subsector":4566992824},"type":"player","health":100,"armor":0,"id":4567120880}}
{"counter":86,"type":"move","frame":{"millis":7372,"tic":258},"actor":{"position":{"x":-19040186,"y":-40732537,"z":0,"angle":3053453312,"subsector":4566992824},"type":"player","health":100,"armor":0,"id":4567120880}}
{"counter":87,"type":"move","frame":{"millis":7372,"tic":258},"actor":{"position":{"x":-5134304,"y":15837216,"z":0,"angle":3221225472,"subsector":4566993176},"type":"spectre","health":150,"id":4567162232}}
{"counter":88,"type":"move","frame":{"millis":7400,"tic":259},"actor":{"position":{"x":-19040186,"y":-40732537,"z":0,"angle":3271557120,"subsector":4566992824},"type":"player","health":100,"armor":0,"id":4567120880}}
{"counter":89,"type":"move","frame":{"millis":7400,"tic":259},"actor":{"position":{"x":-19588598,"y":-41136677,"z":0,"angle":3271557120,"subsector":4566992824},"type":"player","health":100,"armor":0,"id":4567120880}}
{"counter":90,"type":"move","frame":{"millis":7429,"tic":260},"actor":{"position":{"x":-19588598,"y":-41136677,"z":0,"angle":3523215360,"subsector":4566992824},"type":"player","health":100,"armor":0,"id":4567120880}}
{"counter":91,"type":"move","frame":{"millis":7430,"tic":260},"actor":{"position":{"x":-20064566,"y":-41547354,"z":0,"angle":3523215360,"subsector":4566992824},"type":"player","health":100,"armor":0,"id":4567120880}}
{"counter":92,"type":"move","frame":{"millis":7430,"tic":260},"actor":{"position":{"x":-5604304,"y":15367216,"z":0,"angle":2684354560,"subsector":4566993176},"type":"spectre","health":150,"id":4567162232}}
{"counter":93,"type":"move","frame":{"millis":7458,"tic":261},"actor":{"position":{"x":-20064566,"y":-41547354,"z":0,"angle":3791650816,"subsector":4566992824},"type":"player","health":100,"armor":0,"id":4567120880}}
{"counter":94,"type":"move","frame":{"millis":7459,"tic":261},"actor":{"position":{"x":-20465553,"y":-41947026,"z":0,"angle":3791650816,"subsector":4566992904},"type":"player","health":100,"armor":0,"id":4567120880}}
{"counter":95,"type":"move","frame":{"millis":7486,"tic":262},"actor":{"position":{"x":-20465553,"y":-41947026,"z":0,"angle":4076863488,"subsector":4566992904},"type":"player","health":100,"armor":0,"id":4567120880}}
{"counter":96,"type":"move","frame":{"millis":7486,"tic":262},"actor":{"position":{"x":-20790051,"y":-42322063,"z":0,"angle":4076863488,"subsector":4566992904},"type":"player","health":100,"armor":0,"id":4567120880}}
{"counter":97,"type":"move","frame":{"millis":7486,"tic":262},"actor":{"position":{"x":-5604304,"y":14711856,"z":0,"angle":2684354560,"subsector":4566993176},"type":"spectre","health":150,"id":4567162232}}
{"counter":98,"type":"move","frame":{"millis":7515,"tic":263},"actor":{"position":{"x":-20790051,"y":-42322063,"z":0,"angle":167772160,"subsector":4566992904},"type":"player","health":100,"armor":0,"id":4567120880}}
{"counter":99,"type":"move","frame":{"millis":7515,"tic":263},"actor":{"position":{"x":-20998713,"y":-42640511,"z":0,"angle":167772160,"subsector":4566992904},"type":"player","health":100,"armor":0,"id":4567120880}}
{"counter":100,"type":"move","frame":{"millis":7543,"tic":264},"actor":{"position":{"x":-20998713,"y":-42640511,"z":0,"angle":352321536,"subsector":4566992904},"type":"player","health":100,"armor":0,"id":4567120880}}
{"counter":101,"type":"move","frame":{"millis":7543,"tic":264},"actor":{"position":{"x":-21098737,"y":-42878599,"z":0,"angle":352321536,"subsector":4566992904},"type":"player","health":100,"armor":0,"id":4567120880}}
{"counter":102,"type":"move","frame":{"millis":7543,"tic":264},"actor":{"position":{"x":-5604304,"y":14056496,"z":0,"angle":3221225472,"subsector":4566993176},"type":"spectre","health":150,"id":4567162232}}
{"counter":103,"type":"move","frame":{"millis":7572,"tic":265},"actor":{"position":{"x":-21098737,"y":-42878599,"z":0,"angle":486539264,"subsector":4566992904},"type":"player","health":100,"armor":0,"id":4567120880}}
{"counter":104,"type":"move","frame":{"millis":7572,"tic":265},"actor":{"position":{"x":-21121173,"y":-43035483,"z":0,"angle":486539264,"subsector":4566992904},"type":"player","health":100,"armor":0,"id":4567120880}}
{"counter":105,"type":"move","frame":{"millis":7600,"tic":266},"actor":{"position":{"x":-21121173,"y":-43035483,"z":0,"angle":570425344,"subsector":4566992904},"type":"player","health":100,"armor":0,"id":4567120880}}
{"counter":106,"type":"move","frame":{"millis":7600,"tic":266},"actor":{"position":{"x":-21072769,"y":-43101762,"z":0,"angle":570425344,"subsector":4566992904},"type":"player","health":100,"armor":0,"id":4567120880}}
{"counter":107,"type":"move","frame":{"millis":7600,"tic":266},"actor":{"position":{"x":-5604304,"y":13401136,"z":0,"angle":3221225472,"subsector":4566993176},"type":"spectre","health":150,"id":4567162232}}
{"counter":108,"type":"move","frame":{"millis":7630,"tic":267},"actor":{"position":{"x":-21072769,"y":-43101762,"z":0,"angle":570425344,"subsector":4566992904},"type":"player","health":100,"armor":0,"id":4567120880}}
{"counter":109,"type":"move","frame":{"millis":7630,"tic":267},"actor":{"position":{"x":-20960166,"y":-43085930,"z":0,"angle":570425344,"subsector":4566992904},"type":"player","health":100,"armor":0,"id":4567120880}}
{"counter":110,"type":"move","frame":{"millis":7659,"tic":268},"actor":{"position":{"x":-20960166,"y":-43085930,"z":0,"angle":570425344,"subsector":4566992904},"type":"player","health":100,"armor":0,"id":4567120880}}
{"counter":111,"type":"move","frame":{"millis":7659,"tic":268},"actor":{"position":{"x":-20789383,"y":-42995685,"z":0,"angle":570425344,"subsector":4566992904},"type":"player","health":100,"armor":0,"id":4567120880}}
{"counter":112,"type":"move","frame":{"millis":7659,"tic":268},"actor":{"position":{"x":-5604304,"y":12745776,"z":0,"angle":3221225472,"subsector":4566993176},"type":"spectre","health":150,"id":4567162232}}
{"counter":113,"type":"move","frame":{"millis":7686,"tic":269},"actor":{"position":{"x":-20789383,"y":-42995685,"z":0,"angle":570425344,"subsector":4566992904},"type":"player","health":100,"armor":0,"id":4567120880}}
{"counter":114,"type":"move","frame":{"millis":7686,"tic":269},"actor":{"position":{"x":-20565874,"y":-42838003,"z":0,"angle":570425344,"subsector":4566992904},"type":"player","health":100,"armor":0,"id":4567120880}}
{"counter":115,"type":"move","frame":{"millis":7716,"tic":270},"actor":{"position":{"x":-20565874,"y":-42838003,"z":0,"angle":570425344,"subsector":4566992904},"type":"player","health":100,"armor":0,"id":4567120880}}
{"counter":116,"type":"move","frame":{"millis":7716,"tic":270},"actor":{"position":{"x":-20328951,"y":-42657155,"z":0,"angle":570425344,"subsector":4566992904},"type":"player","health":100,"armor":0,"id":4567120880}}
{"counter":117,"type":"move","frame":{"millis":7716,"tic":270},"actor":{"position":{"x":-5604304,"y":12090416,"z":0,"angle":3221225472,"subsector":4566993176},"type":"spectre","health":150,"id":4567162232}}
{"counter":118,"type":"move","frame":{"millis":7743,"tic":271},"actor":{"position":{"x":-20328951,"y":-42657155,"z":0,"angle":570425344,"subsector":4566992904},"type":"player","health":100,"armor":0,"id":4567120880}}
{"counter":119,"type":"move","frame":{"millis":7743,"tic":271},"actor":{"position":{"x":-20079872,"y":-42455313,"z":0,"angle":570425344,"subsector":4566992904},"type":"player","health":100,"armor":0,"id":4567120880}}
{"counter":120,"type":"move","frame":{"millis":7773,"tic":272},"actor":{"position":{"x":-19854145,"y":-42272394,"z":0,"angle":570425344,"subsector":4566992904},"type":"player","health":100,"armor":0,"id":4567120880}}
{"counter":121,"type":"move","frame":{"millis":7773,"tic":272},"actor":{"position":{"x":-5604304,"y":11435056,"z":0,"angle":3221225472,"subsector":4566993176},"type":"spectre","health":150,"id":4567162232}}
{"counter":122,"type":"move","frame":{"millis":7800,"tic":273},"actor":{"position":{"x":-19649580,"y":-42106624,"z":0,"angle":570425344,"subsector":4566992904},"type":"player","health":100,"armor":0,"id":4567120880}}
{"counter":123,"type":"move","frame":{"millis":7829,"tic":274},"actor":{"position":{"x":-19649580,"y":-42106624,"z":0,"angle":536870912,"subsector":4566992904},"type":"player","health":100,"armor":0,"id":4567120880}}
{"counter":124,"type":"move","frame":{"millis":7829,"tic":274},"actor":{"position":{"x":-19410633,"y":-41902794,"z":0,"angle":536870912,"subsector":4566992824},"type":"player","health":100,"armor":0,"id":4567120880}}
{"counter":125,"type":"move","frame":{"millis":7829,"tic":274},"actor":{"position":{"x":-5604304,"y":10779696,"z":0,"angle":3221225472,"subsector":4566993176},"type":"spectre","health":150,"id":4567162232}}
{"counter":126,"type":"move","frame":{"millis":7859,"tic":275},"actor":{"position":{"x":-19410633,"y":-41902794,"z":0,"angle":486539264,"subsector":4566992824},"type":"player","health":100,"armor":0,"id":4567120880}}
{"counter":127,"type":"move","frame":{"millis":7859,"tic":275},"actor":{"position":{"x":-19175485,"y":-41702015,"z":0,"angle":486539264,"subsector":4566992824},"type":"player","health":100,"armor":0,"id":4567120880}}
{"counter":128,"type":"move","frame":{"millis":7887,"tic":276},"actor":{"position":{"x":-19175485,"y":-41702015,"z":0,"angle":352321536,"subsector":4566992824},"type":"player","health":100,"armor":0,"id":4567120880}}
{"counter":129,"type":"move","frame":{"millis":7887,"tic":276},"actor":{"position":{"x":-18957039,"y":-41517030,"z":0,"angle":352321536,"subsector":4566992824},"type":"player","health":100,"armor":0,"id":4567120880}}
{"counter":130,"type":"move","frame":{"millis":7887,"tic":276},"actor":{"position":{"x":-5604304,"y":10124336,"z":0,"angle":3221225472,"subsector":4566993176},"type":"spectre","health":150,"id":4567162232}}
{"counter":131,"type":"move","frame":{"millis":7915,"tic":277},"actor":{"position":{"x":-18957039,"y":-41517030,"z":0,"angle":251658240,"subsector":4566992824},"type":"player","health":100,"armor":0,"id":4567120880}}
{"counter":132,"type":"move","frame":{"millis":7915,"tic":277},"actor":{"position":{"x":-18751432,"y":-41346437,"z":0,"angle":251658240,"subsector":4566992824},"type":"player","health":100,"armor":0,"id":4567120880}}
{"counter":133,"type":"move","frame":{"millis":7944,"tic":278},"actor":{"position":{"x":-18751432,"y":-41346437,"z":0,"angle":167772160,"subsector":4566992824},"type":"player","health":100,"armor":0,"id":4567120880}}
{"counter":134,"type":"move","frame":{"millis":7944,"tic":278},"actor":{"position":{"x":-18557156,"y":-41189845,"z":0,"angle":167772160,"subsector":4566992824},"type":"player","health":100,"armor":0,"id":4567120880}}
{"counter":135,"type":"move","frame":{"millis":7944,"tic":278},"actor":{"position":{"x":-5604304,"y":9468976,"z":0,"angle":3221225472,"subsector":4566993176},"type":"spectre","health":150,"id":4567162232}}
{"counter":136,"type":"move","frame":{"millis":7972,"tic":279},"actor":{"position":{"x":-18557156,"y":-41189845,"z":0,"angle":100663296,"subsector":4566992824},"type":"player","health":100,"armor":0,"id":4567120880}}
{"counter":137,"type":"move","frame":{"millis":7972,"tic":279},"actor":{"position":{"x":-18368940,"y":-41046127,"z":0,"angle":100663296,"subsector":4566992824},"type":"player","health":100,"armor":0,"id":4567120880}}
{"counter":138,"type":"move","frame":{"millis":8000,"tic":280},"actor":{"position":{"x":-18368940,"y":-41046127,"z":0,"angle":33554432,"subsector":4566992824},"type":"player","health":100,"armor":0,"id":4567120880}}
{"counter":139,"type":"move","frame":{"millis":8000,"tic":280},"actor":{"position":{"x":-18175870,"y":-40914770,"z":0,"angle":33554432,"subsector":4566992824},"type":"player","health":100,"armor":0,"id":4567120880}}
{"counter":140,"type":"move","frame":{"millis":8000,"tic":280},"actor":{"position":{"x":-5604304,"y":8813616,"z":0,"angle":3221225472,"subsector":4566993176},"type":"spectre","health":150,"id":4567162232}}
{"counter":141,"type":"move","frame":{"millis":8029,"tic":281},"actor":{"position":{"x":-18175870,"y":-40914770,"z":0,"angle":4261412864,"subsector":4566992824},"type":"player","health":100,"armor":0,"id":4567120880}}
{"counter":142,"type":"move","frame":{"millis":8029,"tic":281},"actor":{"position":{"x":-17898623,"y":-40800713,"z":0,"angle":4261412864,"subsector":4566992824},"type":"player","health":100,"armor":0,"id":4567120880}}
{"counter":143,"type":"move","frame":{"millis":8058,"tic":282},"actor":{"position":{"x":-17898623,"y":-40800713,"z":0,"angle":4261412864,"subsector":4566992824},"type":"player","health":100,"armor":0,"id":4567120880}}
{"counter":144,"type":"move","frame":{"millis":8058,"tic":282},"actor":{"position":{"x":-17581910,"y":-40700539,"z":0,"angle":4261412864,"subsector":4566992824},"type":"player","health":100,"armor":0,"id":4567120880}}
{"counter":145,"type":"move","frame":{"millis":8058,"tic":282},"actor":{"position":{"x":-5604304,"y":8158256,"z":0,"angle":3221225472,"subsector":4566993176},"type":"spectre","health":150,"id":4567162232}}
{"counter":146,"type":"move","frame":{"millis":8087,"tic":283},"actor":{"position":{"x":-17581910,"y":-40700539,"z":0,"angle":4261412864,"subsector":4566992824},"type":"player","health":100,"armor":0,"id":4567120880}}
{"counter":147,"type":"move","frame":{"millis":8087,"tic":283},"actor":{"position":{"x":-17221249,"y":-40613346,"z":0,"angle":4261412864,"subsector":4566992824},"type":"player","health":100,"armor":0,"id":4567120880}}
{"counter":148,"type":"move","frame":{"millis":8115,"tic":284},"actor":{"position":{"x":-17221249,"y":-40613346,"z":0,"angle":4261412864,"subsector":4566992824},"type":"player","health":100,"armor":0,"id":4567120880}}
{"counter":149,"type":"move","frame":{"millis":8115,"tic":284},"actor":{"position":{"x":-16792122,"y":-40539313,"z":0,"angle":4261412864,"subsector":4566992824},"type":"player","health":100,"armor":0,"id":4567120880}}
{"counter":150,"type":"move","frame":{"millis":8115,"tic":284},"actor":{"position":{"x":-5604304,"y":7502896,"z":0,"angle":3221225472,"subsector":4566993176},"type":"spectre","health":150,"id":4567162232}}
{"counter":151,"type":"move","frame":{"millis":8143,"tic":285},"actor":{"position":{"x":-16792122,"y":-40539313,"z":0,"angle":4278190080,"subsector":4566992824},"type":"player","health":100,"armor":0,"id":4567120880}}
{"counter":152,"type":"move","frame":{"millis":8143,"tic":285},"actor":{"position":{"x":-16300858,"y":-40474695,"z":0,"angle":4278190080,"subsector":4566992824},"type":"player","health":100,"armor":0,"id":4567120880}}
{"counter":153,"type":"move","frame":{"millis":8172,"tic":286},"actor":{"position":{"x":-16300858,"y":-40474695,"z":0,"angle":0,"subsector":4566992824},"type":"player","health":100,"armor":0,"id":4567120880}}
{"counter":154,"type":"move","frame":{"millis":8172,"tic":286},"actor":{"position":{"x":-15753252,"y":-40416096,"z":0,"angle":0,"subsector":4566992824},"type":"player","health":100,"armor":0,"id":4567120880}}
{"counter":155,"type":"move","frame":{"millis":8172,"tic":286},"actor":{"position":{"x":-5604304,"y":6847536,"z":0,"angle":3221225472,"subsector":4566993176},"type":"spectre","health":150,"id":4567162232}}
{"counter":156,"type":"move","frame":{"millis":8200,"tic":287},"actor":{"position":{"x":-15753252,"y":-40416096,"z":0,"angle":16777216,"subsector":4566992824},"type":"player","health":100,"armor":0,"id":4567120880}}
{"counter":157,"type":"move","frame":{"millis":8200,"tic":287},"actor":{"position":{"x":-15154618,"y":-40360440,"z":0,"angle":16777216,"subsector":4566992824},"type":"player","health":100,"armor":0,"id":4567120880}}
{"counter":158,"type":"move","frame":{"millis":8229,"tic":288},"actor":{"position":{"x":-15154618,"y":-40360440,"z":0,"angle":33554432,"subsector":4566992824},"type":"player","health":100,"armor":0,"id":4567120880}}
{"counter":159,"type":"move","frame":{"millis":8229,"tic":288},"actor":{"position":{"x":-14509833,"y":-40304940,"z":0,"angle":33554432,"subsector":4566992824},"type":"player","health":100,"armor":0,"id":4567120880}}
{"counter":160,"type":"move","frame":{"millis":8229,"tic":288},"actor":{"position":{"x":-5604304,"y":6192176,"z":0,"angle":3221225472,"subsector":4566993176},"type":"spectre","health":150,"id":4567162232}}
{"counter":161,"type":"move","frame":{"millis":8259,"tic":289},"actor":{"position":{"x":-14509833,"y":-40304940,"z":0,"angle":33554432,"subsector":4566992824},"type":"player","health":100,"armor":0,"id":4567120880}}
{"counter":162,"type":"move","frame":{"millis":8259,"tic":289},"actor":{"position":{"x":-13823224,"y":-40249582,"z":0,"angle":33554432,"subsector":4566992824},"type":"player","health":100,"armor":0,"id":4567120880}}
{"counter":163,"type":"move","frame":{"millis":8286,"tic":290},"actor":{"position":{"x":-13823224,"y":-40249582,"z":0,"angle":50331648,"subsector":4566992824},"type":"player","health":100,"armor":0,"id":4567120880}}
{"counter":164,"type":"move","frame":{"millis":8286,"tic":290},"actor":{"position":{"x":-13098867,"y":-40191843,"z":0,"angle":50331648,"subsector":4566992824},"type":"player","health":100,"armor":0,"id":4567120880}}
{"counter":165,"type":"move","frame":{"millis":8286,"tic":290},"actor":{"position":{"x":-5604304,"y":5536816,"z":0,"angle":3221225472,"subsector":4566993176},"type":"spectre","health":150,"id":4567162232}}
{"counter":166,"type":"move","frame":{"millis":8316,"tic":291},"actor":{"position":{"x":-13098867,"y":-40191843,"z":0,"angle":67108864,"subsector":4566992824},"type":"player","health":100,"armor":0,"id":4567120880}}
{"counter":167,"type":"move","frame":{"millis":8316,"tic":291},"actor":{"position":{"x":-12340518,"y":-40129443,"z":0,"angle":67108864,"subsector":4566992824},"type":"player","health":100,"armor":0,"id":4567120880}}
{"counter":168,"type":"move","frame":{"millis":8343,"tic":292},"actor":{"position":{"x":-12340518,"y":-40129443,"z":0,"angle":117440512,"subsector":4566992824},"type":"player","health":100,"armor":0,"id":4567120880}}
{"counter":169,"type":"move","frame":{"millis":8344,"tic":292},"actor":{"position":{"x":-11552381,"y":-40055350,"z":0,"angle":117440512,"subsector":4566992824},"type":"player","health":100,"armor":0,"id":4567120880}}
{"counter":170,"type":"move","frame":{"millis":8344,"tic":292},"actor":{"position":{"x":-6074304,"y":5066816,"z":0,"angle":3221225472,"subsector":4566993176},"type":"spectre","health":150,"id":4567162232}}
{"counter":171,"type":"move","frame":{"millis":8372,"tic":293},"actor":{"position":{"x":-11552381,"y":-40055350,"z":0,"angle":150994944,"subsector":4566992824},"type":"player","health":100,"armor":0,"id":4567120880}}
{"counter":172,"type":"move","frame":{"millis":8372,"tic":293},"actor":{"position":{"x":-10738229,"y":-39965731,"z":0,"angle":150994944,"subsector":4566992824},"type":"player","health":100,"armor":0,"id":4567120880}}
{"counter":173,"type":"move","frame":{"millis":8400,"tic":294},"actor":{"position":{"x":-10738229,"y":-39965731,"z":0,"angle":234881024,"subsector":4566992824},"type":"player","health":100,"armor":0,"id":4567120880}}
{"counter":174,"type":"move","frame":{"millis":8400,"tic":294},"actor":{"position":{"x":-9904004,"y":-39849980,"z":0,"angle":234881024,"subsector":4566992824},"type":"player","health":100,"armor":0,"id":4567120880}}
{"counter":175,"type":"move","frame":{"millis":8401,"tic":294},"actor":{"position":{"x":-6544304,"y":4596816,"z":0,"angle":2684354560,"subsector":4566993176},"type":"spectre","health":150,"id":4567162232}}
{"counter":176,"type":"move","frame":{"millis":8429,"tic":295},"actor":{"position":{"x":-9904004,"y":-39849980,"z":0,"angle":335544320,"subsector":4566992824},"type":"player","health":100,"armor":0,"id":4567120880}}
{"counter":177,"type":"move","frame":{"millis":8429,"tic":295},"actor":{"position":{"x":-9057699,"y":-39696777,"z":0,"angle":335544320,"subsector":4566992824},"type":"player","health":100,"armor":0,"id":4567120880}}
{"counter":178,"type":"move","frame":{"millis":8458,"tic":296},"actor":{"position":{"x":-9057699,"y":-39696777,"z":0,"angle":620756992,"subsector":4566992824},"type":"player","health":100,"armor":0,"id":4567120880}}
{"counter":179,"type":"move","frame":{"millis":8458,"tic":296},"actor":{"position":{"x":-8249177,"y":-39504642,"z":0,"angle":620756992,"subsector":4566992824},"type":"player","health":100,"armor":0,"id":4567120880}}
{"counter":180,"type":"move","frame":{"millis":8458,"tic":296},"actor":{"position":{"x":-7014304,"y":4126816,"z":0,"angle":2684354560,"subsector":4566993176},"type":"spectre","health":150,"id":4567162232}}
{"counter":181,"type":"move","frame":{"millis":8486,"tic":297},"actor":{"position":{"x":-8249177,"y":-39504642,"z":0,"angle":805306368,"subsector":4566992824},"type":"player","health":100,"armor":0,"id":4567120880}}
{"counter":182,"type":"move","frame":{"millis":8486,"tic":297},"actor":{"position":{"x":-7518803,"y":-39336198,"z":0,"angle":805306368,"subsector":4566992824},"type":"player","health":100,"armor":0,"id":4567120880}}
{"counter":183,"type":"move","frame":{"millis":8515,"tic":298},"actor":{"position":{"x":-7518803,"y":-39336198,"z":0,"angle":989855744,"subsector":4566992824},"type":"player","health":100,"armor":0,"id":4567120880}}
{"counter":184,"type":"move","frame":{"millis":8515,"tic":298},"actor":{"position":{"x":-6859901,"y":-39207939,"z":0,"angle":989855744,"subsector":4566992824},"type":"player","health":100,"armor":0,"id":4567120880}}
{"counter":185,"type":"move","frame":{"millis":8516,"tic":298},"actor":{"position":{"x":-7484304,"y":3656816,"z":0,"angle":2684354560,"subsector":4566993176},"type":"spectre","health":150,"id":4567162232}}
{"counter":186,"type":"move","frame":{"millis":8543,"tic":299},"actor":{"position":{"x":-6859901,"y":-39207939,"z":0,"angle":1308622848,"subsector":4566992824},"type":"player","health":100,"armor":0,"id":4567120880}}
{"counter":187,"type":"move","frame":{"millis":8543,"tic":299},"actor":{"position":{"x":-6239289,"y":-39157257,"z":0,"angle":1308622848,"subsector":4566992824},"type":"player","health":100,"armor":0,"id":4567120880}}
{"counter":188,"type":"move","frame":{"millis":8572,"tic":300},"actor":{"position":{"x":-6239289,"y":-39157257,"z":0,"angle":1409286144,"subsector":4566992824},"type":"player","health":100,"armor":0,"id":4567120880}}
{"counter":189,"type":"move","frame":{"millis":8573,"tic":300},"actor":{"position":{"x":-5667200,"y":-39129385,"z":0,"angle":1409286144,"subsector":4566992824},"type":"player","health":100,"armor":0,"id":4567120880}}
{"counter":190,"type":"move","frame":{"millis":8573,"tic":300},"actor":{"position":{"x":-7954304,"y":3186816,"z":0,"angle":2684354560,"subsector":4566993176},"type":"spectre","health":150,"id":4567162232}}
{"counter":191,"type":"move","frame":{"millis":8601,"tic":301},"actor":{"position":{"x":-5667200,"y":-39129385,"z":0,"angle":1426063360,"subsector":4566992824},"type":"player","health":100,"armor":0,"id":4567120880}}
{"counter":192,"type":"move","frame":{"millis":8601,"tic":301},"actor":{"position":{"x":-5136624,"y":-39125505,"z":0,"angle":1426063360,"subsector":4566992824},"type":"player","health":100,"armor":0,"id":4567120880}}
{"counter":193,"type":"move","frame":{"millis":8630,"tic":302},"actor":{"position":{"x":-4655790,"y":-39121989,"z":0,"angle":1426063360,"subsector":4566992824},"type":"player","health":100,"armor":0,"id":4567120880}}
{"counter":194,"type":"move","frame":{"millis":8630,"tic":302},"actor":{"position":{"x":-8424304,"y":2716816,"z":0,"angle":2684354560,"subsector":4566993176},"type":"spectre","health":150,"id":4567162232}}
{"counter":195,"type":"move","frame":{"millis":8659,"tic":303},"actor":{"position":{"x":-4220035,"y":-39118803,"z":0,"angle":1426063360,"subsector":4566992824},"type":"player","health":100,"armor":0,"id":4567120880}}
{"counter":196,"type":"move","frame":{"millis":8686,"tic":304},"actor":{"position":{"x":-3825133,"y":-39115916,"z":0,"angle":1426063360,"subsector":4566992824},"type":"player","health":100,"armor":0,"id":4567120880}}
{"counter":197,"type":"move","frame":{"millis":8686,"tic":304},"actor":{"position":{"x":-8894304,"y":2246816,"z":0,"angle":2684354560,"subsector":4566993176},"type":"spectre","health":150,"id":4567162232}}
{"counter":198,"type":"move","frame":{"millis":8715,"tic":305},"actor":{"position":{"x":-3467254,"y":-39113300,"z":0,"angle":1426063360,"subsector":4566992824},"type":"player","health":100,"armor":0,"id":4567120880}}
{"counter":199,"type":"move","frame":{"millis":8743,"tic":306},"actor":{"position":{"x":-3142927,"y":-39110930,"z":0,"angle":1426063360,"subsector":4566992824},"type":"player","health":100,"armor":0,"id":4567120880}}
{"counter":200,"type":"move","frame":{"millis":8743,"tic":306},"actor":{"position":{"x":-9364304,"y":1776816,"z":0,"angle":2684354560,"subsector":4566993176},"type":"spectre","health":150,"id":4567162232}}
{"counter":201,"type":"move","frame":{"millis":8772,"tic":307},"actor":{"position":{"x":-2849006,"y":-39108783,"z":0,"angle":1426063360,"subsector":4566992824},"type":"player","health":100,"armor":0,"id":4567120880}}
{"counter":202,"type":"move","frame":{"millis":8800,"tic":308},"actor":{"position":{"x":-2582641,"y":-39106838,"z":0,"angle":1426063360,"subsector":4566992824},"type":"player","health":100,"armor":0,"id":4567120880}}
{"counter":203,"type":"move","frame":{"millis":8800,"tic":308},"actor":{"position":{"x":-9834304,"y":1306816,"z":0,"angle":2684354560,"subsector":4566993176},"type":"spectre","health":150,"id":4567162232}}
{"counter":204,"type":"move","frame":{"millis":8829,"tic":309},"actor":{"position":{"x":-2341248,"y":-39105076,"z":0,"angle":1426063360,"subsector":4566992824},"type":"player","health":100,"armor":0,"id":4567120880}}
{"counter":205,"type":"move","frame":{"millis":8858,"tic":310},"actor":{"position":{"x":-2341248,"y":-39105076,"z":0,"angle":1409286144,"subsector":4566992824},"type":"player","health":100,"armor":0,"id":4567120880}}
{"counter":206,"type":"move","frame":{"millis":8859,"tic":310},"actor":{"position":{"x":-2145673,"y":-39060142,"z":0,"angle":1409286144,"subsector":4566992824},"type":"player","health":100,"armor":0,"id":4567120880}}
{"counter":207,"type":"move","frame":{"millis":8859,"tic":310},"actor":{"position":{"x":-9834304,"y":651456,"z":0,"angle":2684354560,"subsector":4566993016},"type":"spectre","health":150,"id":4567162232}}
{"counter":208,"type":"move","frame":{"millis":8887,"tic":311},"actor":{"position":{"x":-2145673,"y":-39060142,"z":0,"angle":1392508928,"subsector":4566992824},"type":"player","health":100,"armor":0,"id":4567120880}}
{"counter":209,"type":"move","frame":{"millis":8887,"tic":311},"actor":{"position":{"x":-1996079,"y":-38964552,"z":0,"angle":1392508928,"subsector":4566992824},"type":"player","health":100,"armor":0,"id":4567120880}}
{"counter":210,"type":"move","frame":{"millis":8915,"tic":312},"actor":{"position":{"x":-1996079,"y":-38964552,"z":0,"angle":1358954496,"subsector":4566992824},"type":"player","health":100,"armor":0,"id":4567120880}}
{"counter":211,"type":"move","frame":{"millis":8915,"tic":312},"actor":{"position":{"x":-1875462,"y":-38844229,"z":0,"angle":1358954496,"subsector":4566992824},"type":"player","health":100,"armor":0,"id":4567120880}}
{"counter":212,"type":"move","frame":{"millis":8915,"tic":312},"actor":{"position":{"x":-9834304,"y":-3904,"z":0,"angle":3221225472,"subsector":4566993016},"type":"spectre","health":150,"id":4567162232}}
{"counter":213,"type":"move","frame":{"millis":8943,"tic":313},"actor":{"position":{"x":-1875462,"y":-38844229,"z":0,"angle":1325400064,"subsector":4566992824},"type":"player","health":100,"armor":0,"id":4567120880}}
{"counter":214,"type":"move","frame":{"millis":8943,"tic":313},"actor":{"position":{"x":-1771318,"y":-38721814,"z":0,"angle":1325400064,"subsector":4566992824},"type":"player","health":100,"armor":0,"id":4567120880}}
{"counter":215,"type":"move","frame":{"millis":8972,"tic":314},"actor":{"position":{"x":-1771318,"y":-38721814,"z":0,"angle":1258291200,"subsector":4566992824},"type":"player","health":100,"armor":0,"id":4567120880}}
{"counter":216,"type":"move","frame":{"millis":8972,"tic":314},"actor":{"position":{"x":-1677485,"y":-38608903,"z":0,"angle":1258291200,"subsector":4566992824},"type":"player","health":100,"armor":0,"id":4567120880}}
{"counter":217,"type":"move","frame":{"millis":8972,"tic":314},"actor":{"position":{"x":-9834304,"y":-659264,"z":0,"angle":3221225472,"subsector":4566993016},"type":"spectre","health":150,"id":4567162232}}
{"counter":218,"type":"move","frame":{"millis":9000,"tic":315},"actor":{"position":{"x":-1677485,"y":-38608903,"z":0,"angle":1241513984,"subsector":4566992824},"type":"player","health":100,"armor":0,"id":4567120880}}
{"counter":219,"type":"move","frame":{"millis":9000,"tic":315},"actor":{"position":{"x":-1588462,"y":-38522470,"z":0,"angle":1241513984,"subsector":4566992824},"type":"player","health":100,"armor":0,"id":4567120880}}
{"counter":220,"type":"move","frame":{"millis":9029,"tic":316},"actor":{"position":{"x":-1588462,"y":-38522470,"z":0,"angle":1224736768,"subsector":4566992824},"type":"player","health":100,"armor":0,"id":4567120880}}
{"counter":221,"type":"move","frame":{"millis":9029,"tic":316},"actor":{"position":{"x":-1504639,"y":-38458128,"z":0,"angle":1224736768,"subsector":4566992824},"type":"player","health":100,"armor":0,"id":4567120880}}
{"counter":222,"type":"move","frame":{"millis":9029,"tic":316},"actor":{"position":{"x":-9834304,"y":-1314624,"z":0,"angle":3221225472,"subsector":4566993016},"type":"spectre","health":150,"id":4567162232}}
{"counter":223,"type":"move","frame":{"millis":9059,"tic":317},"actor":{"position":{"x":-1504639,"y":-38458128,"z":0,"angle":1224736768,"subsector":4566992824},"type":"player","health":100,"armor":0,"id":4567120880}}
{"counter":224,"type":"move","frame":{"millis":9059,"tic":317},"actor":{"position":{"x":-1422383,"y":-38427792,"z":0,"angle":1224736768,"subsector":4566992824},"type":"player","health":100,"armor":0,"id":4567120880}}
{"counter":225,"type":"move","frame":{"millis":9087,"tic":318},"actor":{"position":{"x":-1422383,"y":-38427792,"z":0,"angle":1224736768,"subsector":4566992824},"type":"player","health":100,"armor":0,"id":4567120880}}
{"counter":226,"type":"move","frame":{"millis":9087,"tic":318},"actor":{"position":{"x":-1352193,"y":-38403865,"z":0,"angle":1224736768,"subsector":4566992824},"type":"player","health":100,"armor":0,"id":4567120880}}
{"counter":227,"type":"move","frame":{"millis":9087,"tic":318},"actor":{"position":{"x":-9834304,"y":-1969984,"z":0,"angle":3221225472,"subsector":4566993016},"type":"spectre","health":150,"id":4567162232}}
{"counter":228,"type":"move","frame":{"millis":9116,"tic":319},"actor":{"position":{"x":-1352193,"y":-38403865,"z":0,"angle":1224736768,"subsector":4566992824},"type":"player","health":100,"armor":0,"id":4567120880}}
{"counter":229,"type":"move","frame":{"millis":9116,"tic":319},"actor":{"position":{"x":-1351126,"y":-38403797,"z":0,"angle":1224736768,"subsector":4566992824},"type":"player","health":100,"armor":0,"id":4567120880}}
{"counter":230,"type":"move","frame":{"millis":9143,"tic":320},"actor":{"position":{"x":-1350160,"y":-38403736,"z":0,"angle":1224736768,"subsector":4566992824},"type":"player","health":100,"armor":0,"id":4567120880}}
{"counter":231,"type":"move","frame":{"millis":9143,"tic":320},"actor":{"position":{"x":-10304304,"y":-1499984,"z":0,"angle":3221225472,"subsector":4566993016},"type":"spectre","health":150,"id":4567162232}}
{"counter":232,"type":"move","frame":{"millis":9172,"tic":321},"actor":{"position":{"x":-1350160,"y":-38403736,"z":0,"angle":1224736768,"subsector":4566992824},"type":"player","health":100,"armor":0,"id":4567120880}}
{"counter":233,"type":"move","frame":{"millis":9172,"tic":321},"actor":{"position":{"x":-1350610,"y":-38401738,"z":0,"angle":1224736768,"subsector":4566992824},"type":"player","health":100,"armor":0,"id":4567120880}}
{"counter":234,"type":"move","frame":{"millis":9201,"tic":322},"actor":{"position":{"x":-1350610,"y":-38401738,"z":0,"angle":1224736768,"subsector":4566992824},"type":"player","health":100,"armor":0,"id":4567120880}}
{"counter":235,"type":"move","frame":{"millis":9201,"tic":322},"actor":{"position":{"x":-1352367,"y":-38393934,"z":0,"angle":1224736768,"subsector":4566992824},"type":"player","health":100,"armor":0,"id":4567120880}}
{"counter":236,"type":"move","frame":{"millis":9201,"tic":322},"actor":{"position":{"x":-10774304,"y":-1029984,"z":0,"angle":2684354560,"subsector":4566993016},"type":"spectre","health":150,"id":4567162232}}
{"counter":237,"type":"move","frame":{"millis":9229,"tic":323},"actor":{"position":{"x":-1352367,"y":-38393934,"z":0,"angle":1224736768,"subsector":4566992824},"type":"player","health":100,"armor":0,"id":4567120880}}
{"counter":238,"type":"move","frame":{"millis":9229,"tic":323},"actor":{"position":{"x":-1357107,"y":-38372876,"z":0,"angle":1224736768,"subsector":4566992824},"type":"player","health":100,"armor":0,"id":4567120880}}
{"counter":239,"type":"move","frame":{"millis":9258,"tic":324},"actor":{"position":{"x":-1361403,"y":-38353793,"z":0,"angle":1224736768,"subsector":4566992824},"type":"player","health":100,"armor":0,"id":4567120880}}
{"counter":240,"type":"move","frame":{"millis":9258,"tic":324},"actor":{"position":{"x":-11244304,"y":-559984,"z":0,"angle":2147483648,"subsector":4566993016},"type":"spectre","health":150,"id":4567162232}}
{"counter":241,"type":"move","frame":{"millis":9286,"tic":325},"actor":{"position":{"x":-1361403,"y":-38353793,"z":0,"angle":1224736768,"subsector":4566992824},"type":"player","health":100,"armor":0,"id":4567120880}}
{"counter":242,"type":"move","frame":{"millis":9286,"tic":325},"actor":{"position":{"x":-1371590,"y":-38308528,"z":0,"angle":1224736768,"subsector":4566992824},"type":"player","health":100,"armor":0,"id":4567120880}}
{"counter":243,"type":"move","frame":{"millis":9315,"tic":326},"actor":{"position":{"x":-1371590,"y":-38308528,"z":0,"angle":1224736768,"subsector":4566992824},"type":"player","health":100,"armor":0,"id":4567120880}}
{"counter":244,"type":"move","frame":{"millis":9315,"tic":326},"actor":{"position":{"x":-1384418,"y":-38251523,"z":0,"angle":1224736768,"subsector":4566992824},"type":"player","health":100,"armor":0,"id":4567120880}}
{"counter":245,"type":"move","frame":{"millis":9315,"tic":326},"actor":{"position":{"x":-11714304,"y":-89984,"z":0,"angle":1610612736,"subsector":4566993016},"type":"spectre","health":150,"id":4567162232}}
{"counter":246,"type":"move","frame":{"millis":9343,"tic":327},"actor":{"position":{"x":-1384418,"y":-38251523,"z":0,"angle":1224736768,"subsector":4566992824},"type":"player","health":100,"armor":0,"id":4567120880}}
{"counter":247,"type":"move","frame":{"millis":9343,"tic":327},"actor":{"position":{"x":-1400539,"y":-38179883,"z":0,"angle":1224736768,"subsector":4566992824},"type":"player","health":100,"armor":0,"id":4567120880}}
{"counter":248,"type":"move","frame":{"millis":9372,"tic":328},"actor":{"position":{"x":-1400539,"y":-38179883,"z":0,"angle":1224736768,"subsector":4566992824},"type":"player","health":100,"armor":0,"id":4567120880}}
{"counter":249,"type":"move","frame":{"millis":9372,"tic":328},"actor":{"position":{"x":-1428634,"y":-38055019,"z":0,"angle":1224736768,"subsector":4566992824},"type":"player","health":100,"armor":0,"id":4567120880}}
{"counter":250,"type":"move","frame":{"millis":9372,"tic":328},"actor":{"position":{"x":-12184304,"y":380016,"z":0,"angle":1610612736,"subsector":4566993016},"type":"spectre","health":150,"id":4567162232}}
{"counter":251,"type":"move","frame":{"millis":9400,"tic":329},"actor":{"position":{"x":-1428634,"y":-38055019,"z":0,"angle":1224736768,"subsector":4566992824},"type":"player","health":100,"armor":0,"id":4567120880}}
{"counter":252,"type":"move","frame":{"millis":9400,"tic":329},"actor":{"position":{"x":-1461737,"y":-37907894,"z":0,"angle":1224736768,"subsector":4566992824},"type":"player","health":100,"armor":0,"id":4567120880}}
{"counter":253,"type":"move","frame":{"millis":9429,"tic":330},"actor":{"position":{"x":-1461737,"y":-37907894,"z":0,"angle":1224736768,"subsector":4566992824},"type":"player","health":100,"armor":0,"id":4567120880}}
{"counter":254,"type":"move","frame":{"millis":9429,"tic":330},"actor":{"position":{"x":-1499828,"y":-37738597,"z":0,"angle":1224736768,"subsector":4566992824},"type":"player","health":100,"armor":0,"id":4567120880}}
{"counter":255,"type":"move","frame":{"millis":9429,"tic":330},"actor":{"position":{"x":-12654304,"y":850016,"z":0,"angle":1610612736,"subsector":4566993016},"type":"spectre","health":150,"id":4567162232}}
{"counter":256,"type":"move","frame":{"millis":9458,"tic":331},"actor":{"position":{"x":-1499828,"y":-37738597,"z":0,"angle":1191182336,"subsector":4566992824},"type":"player","health":100,"armor":0,"id":4567120880}}
{"counter":257,"type":"move","frame":{"millis":9459,"tic":331},"actor":{"position":{"x":-1542068,"y":-37540783,"z":0,"angle":1191182336,"subsector":4566992824},"type":"player","health":100,"armor":0,"id":4567120880}}
{"counter":258,"type":"move","frame":{"millis":9486,"tic":332},"actor":{"position":{"x":-1542068,"y":-37540783,"z":0,"angle":1174405120,"subsector":4566992824},"type":"player","health":100,"armor":0,"id":4567120880}}
{"counter":259,"type":"move","frame":{"millis":9486,"tic":332},"actor":{"position":{"x":-1580951,"y":-37357464,"z":0,"angle":1174405120,"subsector":4566992824},"type":"player","health":100,"armor":0,"id":4567120880}}
{"counter":260,"type":"move","frame":{"millis":9486,"tic":332},"actor":{"position":{"x":-13124304,"y":1320016,"z":0,"angle":1610612736,"subsector":4566993208},"type":"spectre","health":150,"id":4567162232}}
{"counter":261,"type":"move","frame":{"millis":9515,"tic":333},"actor":{"position":{"x":-1616189,"y":-37191332,"z":0,"angle":1157627904,"subsector":4566992824},"type":"player","health":100,"armor":0,"id":4567120880}}
{"counter":262,"type":"move","frame":{"millis":9544,"tic":334},"actor":{"position":{"x":-1616189,"y":-37191332,"z":0,"angle":1157627904,"subsector":4566992824},"type":"player","health":100,"armor":0,"id":4567120880}}
{"counter":263,"type":"move","frame":{"millis":9544,"tic":334},"actor":{"position":{"x":-1647119,"y":-37048905,"z":0,"angle":1157627904,"subsector":4566992824},"type":"player","health":100,"armor":0,"id":4567120880}}
{"counter":264,"type":"move","frame":{"millis":9544,"tic":334},"actor":{"position":{"x":-13594304,"y":1790016,"z":0,"angle":1610612736,"subsector":4566993208},"type":"spectre","health":150,"id":4567162232}}
{"counter":265,"type":"move","frame":{"millis":9572,"tic":335},"actor":{"position":{"x":-1647119,"y":-37048905,"z":0,"angle":1157627904,"subsector":4566992824},"type":"player","health":100,"armor":0,"id":4567120880}}
{"counter":266,"type":"move","frame":{"millis":9572,"tic":335},"actor":{"position":{"x":-1674648,"y":-36923896,"z":0,"angle":1157627904,"subsector":4566992824},"type":"player","health":100,"armor":0,"id":4567120880}}
{"counter":267,"type":"move","frame":{"millis":9600,"tic":336},"actor":{"position":{"x":-1674648,"y":-36923896,"z":0,"angle":1157627904,"subsector":4566992824},"type":"player","health":100,"armor":0,"id":4567120880}}
{"counter":268,"type":"move","frame":{"millis":9600,"tic":336},"actor":{"position":{"x":-1699095,"y":-36814672,"z":0,"angle":1157627904,"subsector":4566992824},"type":"player","health":100,"armor":0,"id":4567120880}}
{"counter":269,"type":"move","frame":{"millis":9600,"tic":336},"actor":{"position":{"x":-13594304,"y":1134656,"z":0,"angle":1610612736,"subsector":4566993208},"type":"spectre","health":150,"id":4567162232}}
{"counter":270,"type":"move","frame":{"millis":9629,"tic":337},"actor":{"position":{"x":-1699095,"y":-36814672,"z":0,"angle":1157627904,"subsector":4566992824},"type":"player","health":100,"armor":0,"id":4567120880}}
{"counter":271,"type":"move","frame":{"millis":9629,"tic":337},"actor":{"position":{"x":-1720246,"y":-36723818,"z":0,"angle":1157627904,"subsector":4566992824},"type":"player","health":100,"armor":0,"id":4567120880}}
{"counter":272,"type":"move","frame":{"millis":9658,"tic":338},"actor":{"position":{"x":-1720246,"y":-36723818,"z":0,"angle":1157627904,"subsector":4566992824},"type":"player","health":100,"armor":0,"id":4567120880}}
{"counter":273,"type":"move","frame":{"millis":9658,"tic":338},"actor":{"position":{"x":-1736649,"y":-36663840,"z":0,"angle":1157627904,"subsector":4566992824},"type":"player","health":100,"armor":0,"id":4567120880}}
{"counter":274,"type":"move","frame":{"millis":9658,"tic":338},"actor":{"position":{"x":-13594304,"y":479296,"z":0,"angle":2147483648,"subsector":4566993016},"type":"spectre","health":150,"id":4567162232}}
{"counter":275,"type":"move","frame":{"millis":9686,"tic":339},"actor":{"position":{"x":-1736649,"y":-36663840,"z":0,"angle":1157627904,"subsector":4566992824},"type":"player","health":100,"armor":0,"id":4567120880}}
{"counter":276,"type":"move","frame":{"millis":9686,"tic":339},"actor":{"position":{"x":-1736649,"y":-36663840,"z":0,"angle":1157627904,"subsector":4566992824},"type":"player","health":100,"armor":0,"id":4567120880}}
{"counter":277,"type":"move","frame":{"millis":9686,"tic":339},"actor":{"position":{"x":-1847105,"y":-36670839,"z":0,"angle":1157627904,"subsector":4566992824},"type":"player","health":100,"armor":0,"id":4567120880}}
{"counter":278,"type":"move","frame":{"millis":9715,"tic":340},"actor":{"position":{"x":-1847105,"y":-36670839,"z":0,"angle":1157627904,"subsector":4566992824},"type":"player","health":100,"armor":0,"id":4567120880}}
{"counter":279,"type":"move","frame":{"millis":9715,"tic":340},"actor":{"position":{"x":-1847105,"y":-36670839,"z":0,"angle":1157627904,"subsector":4566992824},"type":"player","health":100,"armor":0,"id":4567120880}}
{"counter":280,"type":"move","frame":{"millis":9715,"tic":340},"actor":{"position":{"x":-2045059,"y":-36720244,"z":0,"angle":1157627904,"subsector":4566992824},"type":"player","health":100,"armor":0,"id":4567120880}}
{"counter":281,"type":"move","frame":{"millis":9715,"tic":340},"actor":{"position":{"x":-13594304,"y":-176064,"z":0,"angle":2684354560,"subsector":4566993016},"type":"spectre","health":150,"id":4567162232}}
{"counter":282,"type":"move","frame":{"millis":9743,"tic":341},"actor":{"position":{"x":-2045059,"y":-36720244,"z":0,"angle":1157627904,"subsector":4566992824},"type":"player","health":100,"armor":0,"id":4567120880}}
{"counter":283,"type":"move","frame":{"millis":9743,"tic":341},"actor":{"position":{"x":-2045059,"y":-36720244,"z":0,"angle":1157627904,"subsector":4566992824},"type":"player","health":100,"armor":0,"id":4567120880}}
{"counter":284,"type":"move","frame":{"millis":9743,"tic":341},"actor":{"position":{"x":-2323314,"y":-36799950,"z":0,"angle":1157627904,"subsector":4566992824},"type":"player","health":100,"armor":0,"id":4567120880}}
{"counter":285,"type":"move","frame":{"millis":9772,"tic":342},"actor":{"position":{"x":-2323314,"y":-36799950,"z":0,"angle":1157627904,"subsector":4566992824},"type":"player","health":100,"armor":0,"id":4567120880}}
{"counter":286,"type":"move","frame":{"millis":9772,"tic":342},"actor":{"position":{"x":-2323314,"y":-36799950,"z":0,"angle":1157627904,"subsector":4566992824},"type":"player","health":100,"armor":0,"id":4567120880}}
{"counter":287,"type":"move","frame":{"millis":9772,"tic":342},"actor":{"position":{"x":-2675600,"y":-36896953,"z":0,"angle":1157627904,"subsector":4566992824},"type":"player","health":100,"armor":0,"id":4567120880}}
{"counter":288,"type":"move","frame":{"millis":9772,"tic":342},"actor":{"position":{"x":-13594304,"y":-831424,"z":0,"angle":3221225472,"subsector":4566993016},"type":"spectre","health":150,"id":4567162232}}
{"counter":289,"type":"move","frame":{"millis":9800,"tic":343},"actor":{"position":{"x":-2675600,"y":-36896953,"z":0,"angle":1157627904,"subsector":4566992824},"type":"player","health":100,"armor":0,"id":4567120880}}
{"counter":290,"type":"move","frame":{"millis":9800,"tic":343},"actor":{"position":{"x":-2675600,"y":-36896953,"z":0,"angle":1157627904,"subsector":4566992824},"type":"player","health":100,"armor":0,"id":4567120880}}
{"counter":291,"type":"move","frame":{"millis":9800,"tic":343},"actor":{"position":{"x":-3093971,"y":-37017761,"z":0,"angle":1157627904,"subsector":4566992824},"type":"player","health":100,"armor":0,"id":4567120880}}
{"counter":292,"type":"move","frame":{"millis":9829,"tic":344},"actor":{"position":{"x":-3093971,"y":-37017761,"z":0,"angle":1157627904,"subsector":4566992824},"type":"player","health":100,"armor":0,"id":4567120880}}
{"counter":293,"type":"move","frame":{"millis":9829,"tic":344},"actor":{"position":{"x":-3093971,"y":-37017761,"z":0,"angle":1157627904,"subsector":4566992824},"type":"player","health":100,"armor":0,"id":4567120880}}
{"counter":294,"type":"move","frame":{"millis":9829,"tic":344},"actor":{"position":{"x":-3573991,"y":-37145916,"z":0,"angle":1157627904,"subsector":4566992824},"type":"player","health":100,"armor":0,"id":4567120880}}
{"counter":295,"type":"move","frame":{"millis":9829,"tic":344},"actor":{"position":{"x":-13594304,"y":-1486784,"z":0,"angle":3221225472,"subsector":4566993016},"type":"spectre","health":150,"id":4567162232}}
{"counter":296,"type":"move","frame":{"millis":9858,"tic":345},"actor":{"position":{"x":-3573991,"y":-37145916,"z":0,"angle":1157627904,"subsector":4566992824},"type":"player","health":100,"armor":0,"id":4567120880}}
{"counter":297,"type":"move","frame":{"millis":9858,"tic":345},"actor":{"position":{"x":-3573991,"y":-37145916,"z":0,"angle":1157627904,"subsector":4566992824},"type":"player","health":100,"armor":0,"id":4567120880}}
{"counter":298,"type":"move","frame":{"millis":9858,"tic":345},"actor":{"position":{"x":-4110384,"y":-37276664,"z":0,"angle":1157627904,"subsector":4566992824},"type":"player","health":100,"armor":0,"id":4567120880}}
{"counter":299,"type":"move","frame":{"millis":9886,"tic":346},"actor":{"position":{"x":-4110384,"y":-37276664,"z":0,"angle":1157627904,"subsector":4566992824},"type":"player","health":100,"armor":0,"id":4567120880}}
{"counter":300,"type":"move","frame":{"millis":9886,"tic":346},"actor":{"position":{"x":-4110384,"y":-37276664,"z":0,"angle":1157627904,"subsector":4566992824},"type":"player","health":100,"armor":0,"id":4567120880}}
{"counter":301,"type":"move","frame":{"millis":9886,"tic":346},"actor":{"position":{"x":-4698871,"y":-37401632,"z":0,"angle":1157627904,"subsector":4566992824},"type":"player","health":100,"armor":0,"id":4567120880}}
{"counter":302,"type":"move","frame":{"millis":9886,"tic":346},"actor":{"position":{"x":-13594304,"y":-2142144,"z":0,"angle":3221225472,"subsector":4566993016},"type":"spectre","health":150,"id":4567162232}}
{"counter":303,"type":"move","frame":{"millis":9915,"tic":347},"actor":{"position":{"x":-4698871,"y":-37401632,"z":0,"angle":1157627904,"subsector":4566992824},"type":"player","health":100,"armor":0,"id":4567120880}}
{"counter":304,"type":"move","frame":{"millis":9915,"tic":347},"actor":{"position":{"x":-4698871,"y":-37401632,"z":0,"angle":1157627904,"subsector":4566992824},"type":"player","health":100,"armor":0,"id":4567120880}}
{"counter":305,"type":"move","frame":{"millis":9915,"tic":347},"actor":{"position":{"x":-5335322,"y":-37515264,"z":0,"angle":1157627904,"subsector":4566992824},"type":"player","health":100,"armor":0,"id":4567120880}}
{"counter":306,"type":"move","frame":{"millis":9943,"tic":348},"actor":{"position":{"x":-5335322,"y":-37515264,"z":0,"angle":1157627904,"subsector":4566992824},"type":"player","health":100,"armor":0,"id":4567120880}}
{"counter":307,"type":"move","frame":{"millis":9943,"tic":348},"actor":{"position":{"x":-5335322,"y":-37515264,"z":0,"angle":1157627904,"subsector":4566992824},"type":"player","health":100,"armor":0,"id":4567120880}}
{"counter":308,"type":"move","frame":{"millis":9943,"tic":348},"actor":{"position":{"x":-6014737,"y":-37622687,"z":0,"angle":1157627904,"subsector":4566992824},"type":"player","health":100,"armor":0,"id":4567120880}}
{"counter":309,"type":"move","frame":{"millis":9943,"tic":348},"actor":{"position":{"x":-13594304,"y":-2797504,"z":0,"angle":3221225472,"subsector":4566993016},"type":"spectre","health":150,"id":4567162232}}
{"counter":310,"type":"move","frame":{"millis":9972,"tic":349},"actor":{"position":{"x":-6014737,"y":-37622687,"z":0,"angle":1157627904,"subsector":4566992824},"type":"player","health":100,"armor":0,"id":4567120880}}
{"counter":311,"type":"move","frame":{"millis":9972,"tic":349},"actor":{"position":{"x":-6014737,"y":-37622687,"z":0,"angle":1157627904,"subsector":4566992824},"type":"player","health":100,"armor":0,"id":4567120880}}
{"counter":312,"type":"move","frame":{"millis":9972,"tic":349},"actor":{"position":{"x":-6733088,"y":-37724484,"z":0,"angle":1157627904,"subsector":4566992824},"type":"player","health":100,"armor":0,"id":4567120880}}
{"counter":313,"type":"move","frame":{"millis":10000,"tic":350},"actor":{"position":{"x":-6733088,"y":-37724484,"z":0,"angle":1157627904,"subsector":4566992824},"type":"player","health":100,"armor":0,"id":4567120880}}
{"counter":314,"type":"move","frame":{"millis":10000,"tic":350},"actor":{"position":{"x":-6733088,"y":-37724484,"z":0,"angle":1157627904,"subsector":4566992824},"type":"player","health":100,"armor":0,"id":4567120880}}
{"counter":315,"type":"move","frame":{"millis":10000,"tic":350},"actor":{"position":{"x":-7487228,"y":-37817117,"z":0,"angle":1157627904,"subsector":4566992824},"type":"player","health":100,"armor":0,"id":4567120880}}
{"counter":316,"type":"move","frame":{"millis":10000,"tic":350},"actor":{"position":{"x":-13594304,"y":-3452864,"z":0,"angle":3221225472,"subsector":4566993016},"type":"spectre","health":150,"id":4567162232}}
{"counter":317,"type":"move","frame":{"millis":10030,"tic":351},"actor":{"position":{"x":-7487228,"y":-37817117,"z":0,"angle":1157627904,"subsector":4566992824},"type":"player","health":100,"armor":0,"id":4567120880}}
{"counter":318,"type":"move","frame":{"millis":10030,"tic":351},"actor":{"position":{"x":-7487228,"y":-37817117,"z":0,"angle":1157627904,"subsector":4566992824},"type":"player","health":100,"armor":0,"id":4567120880}}
{"counter":319,"type":"move","frame":{"millis":10030,"tic":351},"actor":{"position":{"x":-8278329,"y":-37864860,"z":0,"angle":1157627904,"subsector":4566992824},"type":"player","health":100,"armor":0,"id":4567120880}}
{"counter":320,"type":"move","frame":{"millis":10058,"tic":352},"actor":{"position":{"x":-8278329,"y":-37864860,"z":0,"angle":1157627904,"subsector":4566992824},"type":"player","health":100,"armor":0,"id":4567120880}}
{"counter":321,"type":"move","frame":{"millis":10058,"tic":352},"actor":{"position":{"x":-8278329,"y":-37864860,"z":0,"angle":1157627904,"subsector":4566992824},"type":"player","health":100,"armor":0,"id":4567120880}}
{"counter":322,"type":"move","frame":{"millis":10058,"tic":352},"actor":{"position":{"x":-9101417,"y":-37884117,"z":0,"angle":1157627904,"subsector":4566992824},"type":"player","health":100,"armor":0,"id":4567120880}}
{"counter":323,"type":"move","frame":{"millis":10058,"tic":352},"actor":{"position":{"x":-13594304,"y":-4108224,"z":0,"angle":3221225472,"subsector":4566993016},"type":"spectre","health":150,"id":4567162232}}
{"counter":324,"type":"move","frame":{"millis":10086,"tic":353},"actor":{"position":{"x":-9101417,"y":-37884117,"z":0,"angle":1157627904,"subsector":4566992824},"type":"player","health":100,"armor":0,"id":4567120880}}
{"counter":325,"type":"move","frame":{"millis":10086,"tic":353},"actor":{"position":{"x":-9101417,"y":-37884117,"z":0,"angle":1157627904,"subsector":4566992824},"type":"player","health":100,"armor":0,"id":4567120880}}
{"counter":326,"type":"move","frame":{"millis":10086,"tic":353},"actor":{"position":{"x":-9955002,"y":-37865363,"z":0,"angle":1157627904,"subsector":4566992824},"type":"player","health":100,"armor":0,"id":4567120880}}
{"counter":327,"type":"move","frame":{"millis":10115,"tic":354},"actor":{"position":{"x":-9955002,"y":-37865363,"z":0,"angle":1157627904,"subsector":4566992824},"type":"player","health":100,"armor":0,"id":4567120880}}
{"counter":328,"type":"move","frame":{"millis":10115,"tic":354},"actor":{"position":{"x":-9955002,"y":-37865363,"z":0,"angle":1157627904,"subsector":4566992824},"type":"player","health":100,"armor":0,"id":4567120880}}
{"counter":329,"type":"move","frame":{"millis":10115,"tic":354},"actor":{"position":{"x":-10842763,"y":-37759317,"z":0,"angle":1157627904,"subsector":4566992824},"type":"player","health":100,"armor":0,"id":4567120880}}
{"counter":330,"type":"move","frame":{"millis":10115,"tic":354},"actor":{"position":{"x":-13594304,"y":-4763584,"z":0,"angle":3221225472,"subsector":4566993016},"type":"spectre","health":150,"id":4567162232}}
{"counter":331,"type":"move","frame":{"millis":10143,"tic":355},"actor":{"position":{"x":-10842763,"y":-37759317,"z":0,"angle":1157627904,"subsector":4566992824},"type":"player","health":100,"armor":0,"id":4567120880}}
{"counter":332,"type":"move","frame":{"millis":10143,"tic":355},"actor":{"position":{"x":-10842763,"y":-37759317,"z":0,"angle":1157627904,"subsector":4566992824},"type":"player","health":100,"armor":0,"id":4567120880}}
{"counter":333,"type":"move","frame":{"millis":10143,"tic":355},"actor":{"position":{"x":-11759987,"y":-37586357,"z":0,"angle":1157627904,"subsector":4566992824},"type":"player","health":100,"armor":0,"id":4567120880}}
{"counter":334,"type":"move","frame":{"millis":10172,"tic":356},"actor":{"position":{"x":-11759987,"y":-37586357,"z":0,"angle":1157627904,"subsector":4566992824},"type":"player","health":100,"armor":0,"id":4567120880}}
{"counter":335,"type":"move","frame":{"millis":10172,"tic":356},"actor":{"position":{"x":-11759987,"y":-37586357,"z":0,"angle":1157627904,"subsector":4566992824},"type":"player","health":100,"armor":0,"id":4567120880}}
{"counter":336,"type":"move","frame":{"millis":10172,"tic":356},"actor":{"position":{"x":-12705421,"y":-37340561,"z":0,"angle":1157627904,"subsector":4566992824},"type":"player","health":100,"armor":0,"id":4567120880}}
{"counter":337,"type":"move","frame":{"millis":10172,"tic":356},"actor":{"position":{"x":-13594304,"y":-5418944,"z":0,"angle":3221225472,"subsector":4566993000},"type":"spectre","health":150,"id":4567162232}}
{"counter":338,"type":"move","frame":{"millis":10200,"tic":357},"actor":{"position":{"x":-12705421,"y":-37340561,"z":0,"angle":1157627904,"subsector":4566992824},"type":"player","health":100,"armor":0,"id":4567120880}}
{"counter":339,"type":"move","frame":{"millis":10200,"tic":357},"actor":{"position":{"x":-12705421,"y":-37340561,"z":0,"angle":1157627904,"subsector":4566992824},"type":"player","health":100,"armor":0,"id":4567120880}}
{"counter":340,"type":"move","frame":{"millis":10200,"tic":357},"actor":{"position":{"x":-13676420,"y":-37028758,"z":0,"angle":1157627904,"subsector":4566992824},"type":"player","health":100,"armor":0,"id":4567120880}}
{"counter":341,"type":"move","frame":{"millis":10229,"tic":358},"actor":{"position":{"x":-13676420,"y":-37028758,"z":0,"angle":1157627904,"subsector":4566992824},"type":"player","health":100,"armor":0,"id":4567120880}}
{"counter":342,"type":"move","frame":{"millis":10229,"tic":358},"actor":{"position":{"x":-14568962,"y":-36644562,"z":0,"angle":1157627904,"subsector":4566992824},"type":"player","health":100,"armor":0,"id":4567120880}}
{"counter":343,"type":"move","frame":{"millis":10229,"tic":358},"actor":{"position":{"x":-13594304,"y":-6074304,"z":0,"angle":3221225472,"subsector":4566992968},"type":"spectre","health":150,"id":4567162232}}
{"counter":344,"type":"move","frame":{"millis":10258,"tic":359},"actor":{"position":{"x":-14568962,"y":-36644562,"z":0,"angle":1140850688,"subsector":4566992824},"type":"player","health":100,"armor":0,"id":4567120880}}
{"counter":345,"type":"move","frame":{"millis":10259,"tic":359},"actor":{"position":{"x":-15387904,"y":-36194484,"z":0,"angle":1140850688,"subsector":4566992824},"type":"player","health":100,"armor":0,"id":4567120880}}
{"counter":346,"type":"move","frame":{"millis":10286,"tic":360},"actor":{"position":{"x":-15387904,"y":-36194484,"z":0,"angle":1107296256,"subsector":4566992824},"type":"player","health":100,"armor":0,"id":4567120880}}
{"counter":347,"type":"move","frame":{"millis":10287,"tic":360},"actor":{"position":{"x":-16135134,"y":-35684328,"z":0,"angle":1107296256,"subsector":4566992824},"type":"player","health":100,"armor":0,"id":4567120880}}
{"counter":348,"type":"move","frame":{"millis":10287,"tic":360},"actor":{"position":{"x":-14064304,"y":-6544304,"z":0,"angle":3221225472,"subsector":4566992968},"type":"spectre","health":150,"id":4567162232}}
{"counter":349,"type":"move","frame":{"millis":10315,"tic":361},"actor":{"position":{"x":-16135134,"y":-35684328,"z":0,"angle":1107296256,"subsector":4566992824},"type":"player","health":100,"armor":0,"id":4567120880}}
{"counter":350,"type":"move","frame":{"millis":10315,"tic":361},"actor":{"position":{"x":-16817375,"y":-35119727,"z":0,"angle":1107296256,"subsector":4566992824},"type":"player","health":100,"armor":0,"id":4567120880}}
{"counter":351,"type":"move","frame":{"millis":10343,"tic":362},"actor":{"position":{"x":-16817375,"y":-35119727,"z":0,"angle":1090519040,"subsector":4566992824},"type":"player","health":100,"armor":0,"id":4567120880}}
{"counter":352,"type":"move","frame":{"millis":10343,"tic":362},"actor":{"position":{"x":-17438208,"y":-34505691,"z":0,"angle":1090519040,"subsector":4566992824},"type":"player","health":100,"armor":0,"id":4567120880}}
{"counter":353,"type":"move","frame":{"millis":10343,"tic":362},"actor":{"position":{"x":-14534304,"y":-7014304,"z":0,"angle":2684354560,"subsector":4566992968},"type":"spectre","health":150,"id":4567162232}}
{"counter":354,"type":"move","frame":{"millis":10372,"tic":363},"actor":{"position":{"x":-17438208,"y":-34505691,"z":0,"angle":1090519040,"subsector":4566992824},"type":"player","health":100,"armor":0,"id":4567120880}}
{"counter":355,"type":"move","frame":{"millis":10372,"tic":363},"actor":{"position":{"x":-18003390,"y":-33846854,"z":0,"angle":1090519040,"subsector":4566992824},"type":"player","health":100,"armor":0,"id":4567120880}}
{"counter":356,"type":"move","frame":{"millis":10400,"tic":364},"actor":{"position":{"x":-18003390,"y":-33846854,"z":0,"angle":1090519040,"subsector":4566992824},"type":"player","health":100,"armor":0,"id":4567120880}}
{"counter":357,"type":"move","frame":{"millis":10401,"tic":364},"actor":{"position":{"x":-18518139,"y":-33147416,"z":0,"angle":1090519040,"subsector":4566992824},"type":"player","health":100,"armor":0,"id":4567120880}}
{"counter":358,"type":"move","frame":{"millis":10401,"tic":364},"actor":{"position":{"x":-15004304,"y":-7484304,"z":0,"angle":2684354560,"subsector":4566992968},"type":"spectre","health":150,"id":4567162232}}
{"counter":359,"type":"move","frame":{"millis":10430,"tic":365},"actor":{"position":{"x":-18518139,"y":-33147416,"z":0,"angle":1090519040,"subsector":4566992824},"type":"player","health":100,"armor":0,"id":4567120880}}
{"counter":360,"type":"move","frame":{"millis":10430,"tic":365},"actor":{"position":{"x":-18987183,"y":-32411184,"z":0,"angle":1090519040,"subsector":4566992824},"type":"player","health":100,"armor":0,"id":4567120880}}
{"counter":361,"type":"move","frame":{"millis":10458,"tic":366},"actor":{"position":{"x":-18987183,"y":-32411184,"z":0,"angle":1090519040,"subsector":4566992824},"type":"player","health":100,"armor":0,"id":4567120880}}
{"counter":362,"type":"move","frame":{"millis":10458,"tic":366},"actor":{"position":{"x":-19414807,"y":-31641607,"z":0,"angle":1090519040,"subsector":4566992824},"type":"player","health":100,"armor":0,"id":4567120880}}
{"counter":363,"type":"move","frame":{"millis":10458,"tic":366},"actor":{"position":{"x":-15474304,"y":-7954304,"z":0,"angle":2684354560,"subsector":4566992968},"type":"spectre","health":150,"id":4567162232}}
{"counter":364,"type":"move","frame":{"millis":10486,"tic":367},"actor":{"position":{"x":-19414807,"y":-31641607,"z":0,"angle":1090519040,"subsector":4566992824},"type":"player","health":100,"armor":0,"id":4567120880}}
{"counter":365,"type":"move","frame":{"millis":10486,"tic":367},"actor":{"position":{"x":-19804894,"y":-30841811,"z":0,"angle":1090519040,"subsector":4566992792},"type":"player","health":100,"armor":0,"id":4567120880}}
{"counter":366,"type":"move","frame":{"millis":10516,"tic":368},"actor":{"position":{"x":-19804894,"y":-30841811,"z":0,"angle":1090519040,"subsector":4566992792},"type":"player","health":100,"armor":0,"id":4567120880}}
{"counter":367,"type":"move","frame":{"millis":10516,"tic":368},"actor":{"position":{"x":-20160963,"y":-30014629,"z":0,"angle":1090519040,"subsector":4566992792},"type":"player","health":100,"armor":0,"id":4567120880}}
{"counter":368,"type":"move","frame":{"millis":10516,"tic":368},"actor":{"position":{"x":-15944304,"y":-8424304,"z":0,"angle":2684354560,"subsector":4566992968},"type":"spectre","health":150,"id":4567162232}}
{"counter":369,"type":"move","frame":{"millis":10543,"tic":369},"actor":{"position":{"x":-20517032,"y":-29187447,"z":0,"angle":1090519040,"subsector":4566992792},"type":"player","health":100,"armor":0,"id":4567120880}}
{"counter":370,"type":"move","frame":{"millis":10572,"tic":370},"actor":{"position":{"x":-20873101,"y":-28360265,"z":-131072,"angle":1090519040,"subsector":4566992792},"type":"player","health":100,"armor":0,"id":4567120880}}
{"counter":371,"type":"move","frame":{"millis":10572,"tic":370},"actor":{"position":{"x":-16414304,"y":-8894304,"z":0,"angle":2684354560,"subsector":4566992968},"type":"spectre","health":150,"id":4567162232}}
{"counter":372,"type":"move","frame":{"millis":10600,"tic":371},"actor":{"position":{"x":-21229170,"y":-27533083,"z":-327680,"angle":1090519040,"subsector":4566992792},"type":"player","health":100,"armor":0,"id":4567120880}}
{"counter":373,"type":"move","frame":{"millis":10629,"tic":372},"actor":{"position":{"x":-21585239,"y":-26705901,"z":-589824,"angle":1090519040,"subsector":4566992792},"type":"player","health":100,"armor":0,"id":4567120880}}
{"counter":374,"type":"move","frame":{"millis":10629,"tic":372},"actor":{"position":{"x":-16884304,"y":-9364304,"z":0,"angle":2684354560,"subsector":4566992968},"type":"spectre","health":150,"id":4567162232}}
{"counter":375,"type":"move","frame":{"millis":10659,"tic":373},"actor":{"position":{"x":-21941308,"y":-25878719,"z":-917504,"angle":1090519040,"subsector":4566992792},"type":"player","health":100,"armor":0,"id":4567120880}}
{"counter":376,"type":"move","frame":{"millis":10686,"tic":374},"actor":{"position":{"x":-21941308,"y":-25878719,"z":-1048576,"angle":1090519040,"subsector":4566992792},"type":"player","health":100,"armor":0,"id":4567120880}}
{"counter":377,"type":"move","frame":{"millis":10686,"tic":374},"actor":{"position":{"x":-22299929,"y":-24949170,"z":-1048576,"angle":1090519040,"subsector":4566992792},"type":"player","health":100,"armor":0,"id":4567120880}}
{"counter":378,"type":"move","frame":{"millis":10686,"tic":374},"actor":{"position":{"x":-17354304,"y":-9834304,"z":0,"angle":2684354560,"subsector":4566992968},"type":"spectre","health":150,"id":4567162232}}
{"counter":379,"type":"move","frame":{"millis":10716,"tic":375},"actor":{"position":{"x":-22299929,"y":-24949170,"z":-1048576,"angle":1090519040,"subsector":4566992792},"type":"player","health":100,"armor":0,"id":4567120880}}
{"counter":380,"type":"move","frame":{"millis":10716,"tic":375},"actor":{"position":{"x":-22627482,"y":-24004400,"z":-1048576,"angle":1090519040,"subsector":4566992792},"type":"player","health":100,"armor":0,"id":4567120880}}
{"counter":381,"type":"move","frame":{"millis":10743,"tic":376},"actor":{"position":{"x":-22627482,"y":-24004400,"z":-1048576,"angle":1090519040,"subsector":4566992792},"type":"player","health":100,"armor":0,"id":4567120880}}
{"counter":382,"type":"move","frame":{"millis":10743,"tic":376},"actor":{"position":{"x":-22926879,"y":-23045836,"z":-1048576,"angle":1090519040,"subsector":4566992792},"type":"player","health":100,"armor":0,"id":4567120880}}
{"counter":383,"type":"move","frame":{"millis":10743,"tic":376},"actor":{"position":{"x":-17824304,"y":-10304304,"z":0,"angle":2684354560,"subsector":4566992968},"type":"spectre","health":150,"id":4567162232}}
{"counter":384,"type":"move","frame":{"millis":10772,"tic":377},"actor":{"position":{"x":-22926879,"y":-23045836,"z":-1048576,"angle":1090519040,"subsector":4566992792},"type":"player","health":100,"armor":0,"id":4567120880}}
{"counter":385,"type":"move","frame":{"millis":10772,"tic":377},"actor":{"position":{"x":-23200760,"y":-22074771,"z":-1048576,"angle":1090519040,"subsector":4566992792},"type":"player","health":100,"armor":0,"id":4567120880}}
{"counter":386,"type":"move","frame":{"millis":10800,"tic":378},"actor":{"position":{"x":-23200760,"y":-22074771,"z":-1048576,"angle":1090519040,"subsector":4566992792},"type":"player","health":100,"armor":0,"id":4567120880}}
{"counter":387,"type":"move","frame":{"millis":10800,"tic":378},"actor":{"position":{"x":-23451517,"y":-21092377,"z":-1048576,"angle":1090519040,"subsector":4566992792},"type":"player","health":100,"armor":0,"id":4567120880}}
{"counter":388,"type":"move","frame":{"millis":10800,"tic":378},"actor":{"position":{"x":-18294304,"y":-10774304,"z":0,"angle":2684354560,"subsector":4566992968},"type":"spectre","health":150,"id":4567162232}}
{"counter":389,"type":"move","frame":{"millis":10829,"tic":379},"actor":{"position":{"x":-23451517,"y":-21092377,"z":-1048576,"angle":1090519040,"subsector":4566992792},"type":"player","health":100,"armor":0,"id":4567120880}}
{"counter":390,"type":"move","frame":{"millis":10829,"tic":379},"actor":{"position":{"x":-23681318,"y":-20099717,"z":-1048576,"angle":1090519040,"subsector":4566992792},"type":"player","health":100,"armor":0,"id":4567120880}}
{"counter":391,"type":"move","frame":{"millis":10858,"tic":380},"actor":{"position":{"x":-23681318,"y":-20099717,"z":-1048576,"angle":1090519040,"subsector":4566992792},"type":"player","health":100,"armor":0,"id":4567120880}}
{"counter":392,"type":"move","frame":{"millis":10858,"tic":380},"actor":{"position":{"x":-23892128,"y":-19097751,"z":-1048576,"angle":1090519040,"subsector":4566992792},"type":"player","health":100,"armor":0,"id":4567120880}}
{"counter":393,"type":"move","frame":{"millis":10858,"tic":380},"actor":{"position":{"x":-18764304,"y":-11244304,"z":0,"angle":2684354560,"subsector":4566992968},"type":"spectre","health":150,"id":4567162232}}
{"counter":394,"type":"move","frame":{"millis":10886,"tic":381},"actor":{"position":{"x":-23892128,"y":-19097751,"z":-1048576,"angle":1090519040,"subsector":4566992792},"type":"player","health":100,"armor":0,"id":4567120880}}
{"counter":395,"type":"move","frame":{"millis":10886,"tic":381},"actor":{"position":{"x":-24085727,"y":-18087353,"z":-1048576,"angle":1090519040,"subsector":4566992792},"type":"player","health":100,"armor":0,"id":4567120880}}
{"counter":396,"type":"move","frame":{"millis":10915,"tic":382},"actor":{"position":{"x":-24085727,"y":-18087353,"z":-1048576,"angle":1090519040,"subsector":4566992792},"type":"player","health":100,"armor":0,"id":4567120880}}
{"counter":397,"type":"move","frame":{"millis":10915,"tic":382},"actor":{"position":{"x":-24263729,"y":-17069313,"z":-1048576,"angle":1090519040,"subsector":4566992792},"type":"player","health":100,"armor":0,"id":4567120880}}
{"counter":398,"type":"move","frame":{"millis":10915,"tic":382},"actor":{"position":{"x":-19234304,"y":-11714304,"z":0,"angle":2684354560,"subsector":4566992968},"type":"spectre","health":150,"id":4567162232}}
{"counter":399,"type":"move","frame":{"millis":10943,"tic":383},"actor":{"position":{"x":-24263729,"y":-17069313,"z":-1048576,"angle":1090519040,"subsector":4566992792},"type":"player","health":100,"armor":0,"id":4567120880}}
{"counter":400,"type":"move","frame":{"millis":10943,"tic":383},"actor":{"position":{"x":-24427596,"y":-16044349,"z":-1048576,"angle":1090519040,"subsector":4566992792},"type":"player","health":100,"armor":0,"id":4567120880}}
{"counter":401,"type":"move","frame":{"millis":10972,"tic":384},"actor":{"position":{"x":-24427596,"y":-16044349,"z":-1048576,"angle":1090519040,"subsector":4566992792},"type":"player","health":100,"armor":0,"id":4567120880}}
{"counter":402,"type":"move","frame":{"millis":10972,"tic":384},"actor":{"position":{"x":-24578653,"y":-15013109,"z":-1048576,"angle":1090519040,"subsector":4566992792},"type":"player","health":100,"armor":0,"id":4567120880}}
{"counter":403,"type":"move","frame":{"millis":10972,"tic":384},"actor":{"position":{"x":-19704304,"y":-12184304,"z":0,"angle":2684354560,"subsector":4566992968},"type":"spectre","health":150,"id":4567162232}}
{"counter":404,"type":"move","frame":{"millis":11000,"tic":385},"actor":{"position":{"x":-24578653,"y":-15013109,"z":0,"angle":1090519040,"subsector":4566992792},"type":"player","health":100,"armor":0,"id":4567120880}}
{"counter":405,"type":"move","frame":{"millis":11000,"tic":385},"actor":{"position":{"x":-24718101,"y":-13976181,"z":0,"angle":1090519040,"subsector":4566992968},"type":"player","health":100,"armor":0,"id":4567120880}}
{"counter":406,"type":"targeted","frame":{"millis":11000,"tic":385},"actor":{"position":{"x":-6291456,"y":-2097152,"z":0,"angle":2147483648,"subsector":4566993016},"type":"shotgun_soldier","health":30,"id":4567172528},"target":{"position":{"x":-24718101,"y":-13976181,"z":0,"angle":1090519040,"subsector":4566992968},"type":"player","health":100,"armor":0,"id":4567120880}}
{"counter":407,"type":"move","frame":{"millis":11004,"tic":385},"actor":{"position":{"x":-6667456,"y":-2473152,"z":0,"angle":2684354560,"subsector":4566993016},"type":"shotgun_soldier","health":30,"id":4567172528}}
{"counter":408,"type":"move","frame":{"millis":11030,"tic":386},"actor":{"position":{"x":-24718101,"y":-13976181,"z":0,"angle":1107296256,"subsector":4566992968},"type":"player","health":100,"armor":0,"id":4567120880}}
{"counter":409,"type":"move","frame":{"millis":11030,"tic":386},"actor":{"position":{"x":-24849539,"y":-12934193,"z":0,"angle":1107296256,"subsector":4566992968},"type":"player","health":100,"armor":0,"id":4567120880}}
{"counter":410,"type":"move","frame":{"millis":11030,"tic":386},"actor":{"position":{"x":-20174304,"y":-12654304,"z":0,"angle":2684354560,"subsector":4566992968},"type":"spectre","health":150,"id":4567162232}}
{"counter":411,"type":"move","frame":{"millis":11059,"tic":387},"actor":{"position":{"x":-24849539,"y":-12934193,"z":0,"angle":1107296256,"subsector":4566992968},"type":"player","health":100,"armor":0,"id":4567120880}}
{"armor_type":1,"counter":412,"type":"pickup_armor","frame":{"millis":11059,"tic":387},"actor":{"position":{"x":-24849539,"y":-12934193,"z":0,"angle":1107296256,"subsector":4566992968},"type":"player","health":100,"armor":100,"id":4567120880}}
{"counter":413,"type":"move","frame":{"millis":11059,"tic":387},"actor":{"position":{"x":-24973718,"y":-11887619,"z":0,"angle":1107296256,"subsector":4566992968},"type":"player","health":100,"armor":100,"id":4567120880}}
{"counter":414,"type":"move","frame":{"millis":11087,"tic":388},"actor":{"position":{"x":-24973718,"y":-11887619,"z":0,"angle":1107296256,"subsector":4566992968},"type":"player","health":100,"armor":100,"id":4567120880}}
{"counter":415,"type":"move","frame":{"millis":11087,"tic":388},"actor":{"position":{"x":-25087876,"y":-10906434,"z":0,"angle":1107296256,"subsector":4566992968},"type":"player","health":100,"armor":100,"id":4567120880}}
{"counter":416,"type":"move","frame":{"millis":11087,"tic":388},"actor":{"position":{"x":-20644304,"y":-13124304,"z":0,"angle":2684354560,"subsector":4566992968},"type":"spectre","health":150,"id":4567162232}}
{"counter":417,"type":"move","frame":{"millis":11087,"tic":388},"actor":{"position":{"x":-7043456,"y":-2849152,"z":0,"angle":2684354560,"subsector":4566993016},"type":"shotgun_soldier","health":30,"id":4567172528}}
{"counter":418,"type":"move","frame":{"millis":11115,"tic":389},"actor":{"position":{"x":-25087876,"y":-10906434,"z":0,"angle":1107296256,"subsector":4566992968},"type":"player","health":100,"armor":100,"id":4567120880}}
{"counter":419,"type":"move","frame":{"millis":11115,"tic":389},"actor":{"position":{"x":-25191029,"y":-10023373,"z":0,"angle":1107296256,"subsector":4566992968},"type":"player","health":100,"armor":100,"id":4567120880}}
{"counter":420,"type":"targeted","frame":{"millis":11115,"tic":389},"actor":{"position":{"x":25165824,"y":10485760,"z":0,"angle":2147483648,"subsector":4566993048},"type":"imp","health":60,"id":4567172264},"target":{"position":{"x":-25191029,"y":-10023373,"z":0,"angle":1107296256,"subsector":4566992968},"type":"player","health":100,"armor":100,"id":4567120880}}
{"counter":421,"type":"move","frame":{"millis":11120,"tic":389},"actor":{"position":{"x":24789824,"y":10109760,"z":0,"angle":2684354560,"subsector":4566993048},"type":"imp","health":60,"id":4567172264}}
{"counter":422,"type":"move","frame":{"millis":11143,"tic":390},"actor":{"position":{"x":-25191029,"y":-10023373,"z":0,"angle":1090519040,"subsector":4566992968},"type":"player","health":100,"armor":100,"id":4567120880}}
{"counter":423,"type":"move","frame":{"millis":11143,"tic":390},"actor":{"position":{"x":-25282369,"y":-9309088,"z":0,"angle":1090519040,"subsector":4566992968},"type":"player","health":100,"armor":100,"id":4567120880}}
{"counter":424,"type":"move","frame":{"millis":11143,"tic":390},"actor":{"position":{"x":-21114304,"y":-13594304,"z":0,"angle":2684354560,"subsector":4566992968},"type":"spectre","health":150,"id":4567162232}}
{"counter":425,"type":"move","frame":{"millis":11172,"tic":391},"actor":{"position":{"x":-25365146,"y":-8661768,"z":0,"angle":1090519040,"subsector":4566992968},"type":"player","health":100,"armor":100,"id":4567120880}}
{"counter":426,"type":"move","frame":{"millis":11172,"tic":391},"actor":{"position":{"x":-7567744,"y":-2849152,"z":0,"angle":2684354560,"subsector":4566993016},"type":"shotgun_soldier","health":30,"id":4567172528}}
{"counter":427,"type":"move","frame":{"millis":11200,"tic":392},"actor":{"position":{"x":-25365146,"y":-8661768,"z":0,"angle":1073741824,"subsector":4566992968},"type":"player","health":100,"armor":100,"id":4567120880}}
{"counter":428,"type":"move","frame":{"millis":11200,"tic":392},"actor":{"position":{"x":-25424501,"y":-8272214,"z":0,"angle":1073741824,"subsector":4566992968},"type":"player","health":100,"armor":100,"id":4567120880}}
{"counter":429,"type":"move","frame":{"millis":11200,"tic":392},"actor":{"position":{"x":-21584304,"y":-14064304,"z":0,"angle":2684354560,"subsector":4566992968},"type":"spectre","health":150,"id":4567162232}}
{"counter":430,"type":"targeted","frame":{"millis":11200,"tic":392},"actor":{"position":{"x":16777216,"y":4194304,"z":0,"angle":2147483648,"subsector":4566993048},"type":"imp","health":60,"id":4567172000},"target":{"position":{"x":-25424501,"y":-8272214,"z":0,"angle":1073741824,"subsector":4566992968},"type":"player","health":100,"armor":100,"id":4567120880}}
{"counter":431,"type":"move","frame":{"millis":11206,"tic":392},"actor":{"position":{"x":16401216,"y":3818304,"z":0,"angle":2684354560,"subsector":4566993048},"type":"imp","health":60,"id":4567172000}}
{"counter":432,"type":"move","frame":{"millis":11206,"tic":392},"actor":{"position":{"x":24413824,"y":9733760,"z":0,"angle":2684354560,"subsector":4566993048},"type":"imp","health":60,"id":4567172264}}
{"counter":433,"type":"move","frame":{"millis":11230,"tic":393},"actor":{"position":{"x":-25424501,"y":-8272214,"z":0,"angle":1073741824,"subsector":4566992968},"type":"player","health":100,"armor":100,"id":4567120880}}
{"counter":434,"type":"move","frame":{"millis":11230,"tic":393},"actor":{"position":{"x":-25423612,"y":-8374472,"z":0,"angle":1073741824,"subsector":4566992968},"type":"player","health":100,"armor":100,"id":4567120880}}
{"counter":435,"type":"move","frame":{"millis":11258,"tic":394},"actor":{"position":{"x":-25423612,"y":-8374472,"z":0,"angle":1073741824,"subsector":4566992968},"type":"player","health":100,"armor":100,"id":4567120880}}
{"counter":436,"type":"move","frame":{"millis":11258,"tic":394},"actor":{"position":{"x":-25422768,"y":-8569543,"z":0,"angle":1073741824,"subsector":4566992968},"type":"player","health":100,"armor":100,"id":4567120880}}
{"counter":437,"type":"move","frame":{"millis":11258,"tic":394},"actor":{"position":{"x":-22054304,"y":-14534304,"z":0,"angle":2684354560,"subsector":4566992792},"type":"spectre","health":150,"id":4567162232}}
{"counter":438,"type":"move","frame":{"millis":11258,"tic":394},"actor":{"position":{"x":-8092032,"y":-2849152,"z":0,"angle":2147483648,"subsector":4566993016},"type":"shotgun_soldier","health":30,"id":4567172528}}
{"counter":439,"type":"move","frame":{"millis":11286,"tic":395},"actor":{"position":{"x":-25422768,"y":-8569543,"z":0,"angle":1073741824,"subsector":4566992968},"type":"player","health":100,"armor":100,"id":4567120880}}
{"counter":440,"type":"move","frame":{"millis":11286,"tic":395},"actor":{"position":{"x":-25421965,"y":-8848726,"z":0,"angle":1073741824,"subsector":4566992968},"type":"player","health":100,"armor":100,"id":4567120880}}
{"counter":441,"type":"move","frame":{"millis":11286,"tic":395},"actor":{"position":{"x":16025216,"y":3442304,"z":0,"angle":2684354560,"subsector":4566993048},"type":"imp","health":60,"id":4567172000}}
{"counter":442,"type":"move","frame":{"millis":11286,"tic":395},"actor":{"position":{"x":24037824,"y":9357760,"z":0,"angle":2684354560,"subsector":4566993048},"type":"imp","health":60,"id":4567172264}}
{"counter":443,"type":"move","frame":{"millis":11315,"tic":396},"actor":{"position":{"x":-25421965,"y":-8848726,"z":0,"angle":1073741824,"subsector":4566992968},"type":"player","health":100,"armor":100,"id":4567120880}}
{"counter":444,"type":"move","frame":{"millis":11315,"tic":396},"actor":{"position":{"x":-25421199,"y":-9204135,"z":0,"angle":1073741824,"subsector":4566992968},"type":"player","health":100,"armor":100,"id":4567120880}}
{"counter":445,"type":"move","frame":{"millis":11315,"tic":396},"actor":{"position":{"x":-22524304,"y":-15004304,"z":0,"angle":2684354560,"subsector":4566992792},"type":"spectre","health":150,"id":4567162232}}
{"counter":446,"type":"move","frame":{"millis":11343,"tic":397},"actor":{"position":{"x":-25421199,"y":-9204135,"z":0,"angle":1073741824,"subsector":4566992968},"type":"player","health":100,"armor":100,"id":4567120880}}
{"counter":447,"type":"move","frame":{"millis":11343,"tic":397},"actor":{"position":{"x":-25420466,"y":-9628624,"z":0,"angle":1073741824,"subsector":4566992968},"type":"player","health":100,"armor":100,"id":4567120880}}
{"counter":448,"type":"move","frame":{"millis":11343,"tic":397},"actor":{"position":{"x":-8616320,"y":-2849152,"z":0,"angle":2147483648,"subsector":4566993016},"type":"shotgun_soldier","health":30,"id":4567172528}}
{"counter":449,"type":"move","frame":{"millis":11372,"tic":398},"actor":{"position":{"x":-25420466,"y":-9628624,"z":0,"angle":1073741824,"subsector":4566992968},"type":"player","health":100,"armor":100,"id":4567120880}}
{"counter":450,"type":"move","frame":{"millis":11372,"tic":398},"actor":{"position":{"x":-25419763,"y":-10115717,"z":0,"angle":1073741824,"subsector":4566992968},"type":"player","health":100,"armor":100,"id":4567120880}}
{"counter":451,"type":"move","frame":{"millis":11372,"tic":398},"actor":{"position":{"x":-22994304,"y":-14534304,"z":0,"angle":2684354560,"subsector":4566992792},"type":"spectre","health":150,"id":4567162232}}
{"counter":452,"type":"move","frame":{"millis":11372,"tic":398},"actor":{"position":{"x":15649216,"y":3066304,"z":0,"angle":2684354560,"subsector":4566993048},"type":"imp","health":60,"id":4567172000}}
{"counter":453,"type":"move","frame":{"millis":11372,"tic":398},"actor":{"position":{"x":23661824,"y":8981760,"z":0,"angle":2684354560,"subsector":4566993048},"type":"imp","health":60,"id":4567172264}}
{"counter":454,"type":"move","frame":{"millis":11400,"tic":399},"actor":{"position":{"x":-25419763,"y":-10115717,"z":0,"angle":1073741824,"subsector":4566992968},"type":"player","health":100,"armor":100,"id":4567120880}}
{"counter":455,"type":"move","frame":{"millis":11400,"tic":399},"actor":{"position":{"x":-25419087,"y":-10659545,"z":0,"angle":1073741824,"subsector":4566992968},"type":"player","health":100,"armor":100,"id":4567120880}}
{"counter":456,"type":"move","frame":{"millis":11430,"tic":400},"actor":{"position":{"x":-25419087,"y":-10659545,"z":0,"angle":1073741824,"subsector":4566992968},"type":"player","health":100,"armor":100,"id":4567120880}}
{"counter":457,"type":"move","frame":{"millis":11430,"tic":400},"actor":{"position":{"x":-25418436,"y":-11254789,"z":0,"angle":1073741824,"subsector":4566992968},"type":"player","health":100,"armor":100,"id":4567120880}}
{"counter":458,"type":"move","frame":{"millis":11430,"tic":400},"actor":{"position":{"x":-23649664,"y":-14534304,"z":0,"angle":2147483648,"subsector":4566992792},"type":"spectre","health":150,"id":4567162232}}
{"counter":459,"type":"move","frame":{"millis":11430,"tic":400},"actor":{"position":{"x":-9140608,"y":-2849152,"z":0,"angle":2147483648,"subsector":4566993016},"type":"shotgun_soldier","health":30,"id":4567172528}}
{"counter":460,"type":"move","frame":{"millis":11459,"tic":401},"actor":{"position":{"x":-25418436,"y":-11254789,"z":0,"angle":1073741824,"subsector":4566992968},"type":"player","health":100,"armor":100,"id":4567120880}}
{"counter":461,"type":"move","frame":{"millis":11459,"tic":401},"actor":{"position":{"x":-25418436,"y":-11254789,"z":0,"angle":1073741824,"subsector":4566992968},"type":"player","health":100,"armor":100,"id":4567120880}}
{"counter":462,"type":"move","frame":{"millis":11459,"tic":401},"actor":{"position":{"x":-25315410,"y":-11254789,"z":0,"angle":1073741824,"subsector":4566992968},"type":"player","health":100,"armor":100,"id":4567120880}}
{"counter":463,"type":"move","frame":{"millis":11459,"tic":401},"actor":{"position":{"x":15273216,"y":2690304,"z":0,"angle":2684354560,"subsector":4566993048},"type":"imp","health":60,"id":4567172000}}
{"counter":464,"type":"move","frame":{"millis":11459,"tic":401},"actor":{"position":{"x":23285824,"y":8605760,"z":0,"angle":2684354560,"subsector":4566993048},"type":"imp","health":60,"id":4567172264}}
{"counter":465,"type":"move","frame":{"millis":11486,"tic":402},"actor":{"position":{"x":-25315410,"y":-11254789,"z":0,"angle":1073741824,"subsector":4566992968},"type":"player","health":100,"armor":100,"id":4567120880}}
{"counter":466,"type":"move","frame":{"millis":11486,"tic":402},"actor":{"position":{"x":-25315410,"y":-11254789,"z":0,"angle":1073741824,"subsector":4566992968},"type":"player","health":100,"armor":100,"id":4567120880}}
{"counter":467,"type":"move","frame":{"millis":11486,"tic":402},"actor":{"position":{"x":-25119606,"y":-11254789,"z":0,"angle":1073741824,"subsector":4566992968},"type":"player","health":100,"armor":100,"id":4567120880}}
{"counter":468,"type":"move","frame":{"millis":11486,"tic":402},"actor":{"position":{"x":-24305024,"y":-14534304,"z":0,"angle":2147483648,"subsector":4566992792},"type":"spectre","health":150,"id":4567162232}}
{"counter":469,"type":"move","frame":{"millis":11515,"tic":403},"actor":{"position":{"x":-25119606,"y":-11254789,"z":0,"angle":1073741824,"subsector":4566992968},"type":"player","health":100,"armor":100,"id":4567120880}}
{"counter":470,"type":"move","frame":{"millis":11515,"tic":403},"actor":{"position":{"x":-25119606,"y":-11254789,"z":0,"angle":1073741824,"subsector":4566992968},"type":"player","health":100,"armor":100,"id":4567120880}}
{"counter":471,"type":"move","frame":{"millis":11515,"tic":403},"actor":{"position":{"x":-24839722,"y":-11254789,"z":0,"angle":1073741824,"subsector":4566992968},"type":"player","health":100,"armor":100,"id":4567120880}}
{"counter":472,"type":"move","frame":{"millis":11515,"tic":403},"actor":{"position":{"x":-9664896,"y":-2849152,"z":0,"angle":2147483648,"subsector":4566993016},"type":"shotgun_soldier","health":30,"id":4567172528}}
{"counter":473,"type":"move","frame":{"millis":11544,"tic":404},"actor":{"position":{"x":-24839722,"y":-11254789,"z":0,"angle":1073741824,"subsector":4566992968},"type":"player","health":100,"armor":100,"id":4567120880}}
{"counter":474,"type":"move","frame":{"millis":11544,"tic":404},"actor":{"position":{"x":-24839722,"y":-11254789,"z":0,"angle":1073741824,"subsector":4566992968},"type":"player","health":100,"armor":100,"id":4567120880}}
{"counter":475,"type":"move","frame":{"millis":11544,"tic":404},"actor":{"position":{"x":-24483641,"y":-11254789,"z":0,"angle":1073741824,"subsector":4566992968},"type":"player","health":100,"armor":100,"id":4567120880}}
{"counter":476,"type":"move","frame":{"millis":11547,"tic":404},"actor":{"position":{"x":14897216,"y":2314304,"z":0,"angle":2684354560,"subsector":4566993048},"type":"imp","health":60,"id":4567172000}}
{"counter":477,"type":"move","frame":{"millis":11547,"tic":404},"actor":{"position":{"x":22909824,"y":8229760,"z":0,"angle":2684354560,"subsector":4566993048},"type":"imp","health":60,"id":4567172264}}
{"counter":478,"type":"move","frame":{"millis":11573,"tic":405},"actor":{"position":{"x":-24483641,"y":-11254789,"z":0,"angle":1073741824,"subsector":4566992968},"type":"player","health":100,"armor":100,"id":4567120880}}
{"counter":479,"type":"move","frame":{"millis":11573,"tic":405},"actor":{"position":{"x":-24483641,"y":-11254789,"z":0,"angle":1073741824,"subsector":4566992968},"type":"player","health":100,"armor":100,"id":4567120880}}
{"counter":480,"type":"move","frame":{"millis":11573,"tic":405},"actor":{"position":{"x":-24058506,"y":-11254789,"z":0,"angle":1073741824,"subsector":4566992968},"type":"player","health":100,"armor":100,"id":4567120880}}
{"counter":481,"type":"move","frame":{"millis":11600,"tic":406},"actor":{"position":{"x":-24058506,"y":-11254789,"z":0,"angle":1073741824,"subsector":4566992968},"type":"player","health":100,"armor":100,"id":4567120880}}
{"counter":482,"type":"move","frame":{"millis":11600,"tic":406},"actor":{"position":{"x":-24058506,"y":-11254789,"z":0,"angle":1073741824,"subsector":4566992968},"type":"player","health":100,"armor":100,"id":4567120880}}
{"counter":483,"type":"move","frame":{"millis":11600,"tic":406},"actor":{"position":{"x":-23570791,"y":-11254789,"z":0,"angle":1073741824,"subsector":4566992968},"type":"player","health":100,"armor":100,"id":4567120880}}
{"counter":484,"type":"move","frame":{"millis":11600,"tic":406},"actor":{"position":{"x":-10189184,"y":-2849152,"z":0,"angle":2147483648,"subsector":4566993016},"type":"shotgun_soldier","health":30,"id":4567172528}}
{"counter":485,"type":"move","frame":{"millis":11630,"tic":407},"actor":{"position":{"x":-23570791,"y":-11254789,"z":0,"angle":1073741824,"subsector":4566992968},"type":"player","health":100,"armor":100,"id":4567120880}}
{"counter":486,"type":"move","frame":{"millis":11630,"tic":407},"actor":{"position":{"x":-23570791,"y":-11254789,"z":0,"angle":1073741824,"subsector":4566992968},"type":"player","health":100,"armor":100,"id":4567120880}}
{"counter":487,"type":"move","frame":{"millis":11630,"tic":407},"actor":{"position":{"x":-23026363,"y":-11254789,"z":0,"angle":1073741824,"subsector":4566992968},"type":"player","health":100,"armor":100,"id":4567120880}}
{"counter":488,"type":"move","frame":{"millis":11630,"tic":407},"actor":{"position":{"x":14897216,"y":1790016,"z":0,"angle":2684354560,"subsector":4566993048},"type":"imp","health":60,"id":4567172000}}
{"counter":489,"type":"move","frame":{"millis":11633,"tic":407},"actor":{"position":{"x":22533824,"y":7853760,"z":0,"angle":2684354560,"subsector":4566993048},"type":"imp","health":60,"id":4567172264}}
{"counter":490,"type":"move","frame":{"millis":11658,"tic":408},"actor":{"position":{"x":-23026363,"y":-11254789,"z":0,"angle":1073741824,"subsector":4566992968},"type":"player","health":100,"armor":100,"id":4567120880}}
{"counter":491,"type":"move","frame":{"millis":11658,"tic":408},"actor":{"position":{"x":-23026363,"y":-11254789,"z":0,"angle":1073741824,"subsector":4566992968},"type":"player","health":100,"armor":100,"id":4567120880}}
{"counter":492,"type":"move","frame":{"millis":11658,"tic":408},"actor":{"position":{"x":-22430539,"y":-11254789,"z":0,"angle":1073741824,"subsector":4566992968},"type":"player","health":100,"armor":100,"id":4567120880}}
{"counter":493,"type":"move","frame":{"millis":11686,"tic":409},"actor":{"position":{"x":-22430539,"y":-11254789,"z":0,"angle":1073741824,"subsector":4566992968},"type":"player","health":100,"armor":100,"id":4567120880}}
{"counter":494,"type":"move","frame":{"millis":11686,"tic":409},"actor":{"position":{"x":-22430539,"y":-11254789,"z":0,"angle":1073741824,"subsector":4566992968},"type":"player","health":100,"armor":100,"id":4567120880}}
{"counter":495,"type":"move","frame":{"millis":11686,"tic":409},"actor":{"position":{"x":-21808617,"y":-11254789,"z":0,"angle":1073741824,"subsector":4566992968},"type":"player","health":100,"armor":100,"id":4567120880}}
{"counter":496,"type":"attacked","frame":{"millis":11686,"tic":409},"actor":{"position":{"x":-10189184,"y":-2849152,"z":0,"angle":2147483648,"subsector":4566993016},"type":"shotgun_soldier","health":30,"id":4567172528},"target":{"position":{"x":-21808617,"y":-11254789,"z":0,"angle":1073741824,"subsector":4566992968},"type":"player","health":100,"armor":100,"id":4567120880}}
{"counter":497,"type":"move","frame":{"millis":11715,"tic":410},"actor":{"position":{"x":-21808617,"y":-11254789,"z":0,"angle":1073741824,"subsector":4566992968},"type":"player","health":100,"armor":100,"id":4567120880}}
{"counter":498,"type":"move","frame":{"millis":11715,"tic":410},"actor":{"position":{"x":-21808617,"y":-11254789,"z":0,"angle":1073741824,"subsector":4566992968},"type":"player","health":100,"armor":100,"id":4567120880}}
{"counter":499,"type":"move","frame":{"millis":11715,"tic":410},"actor":{"position":{"x":-21142609,"y":-12044346,"z":0,"angle":1073741824,"subsector":4566992968},"type":"player","health":100,"armor":100,"id":4567120880}}
{"counter":500,"type":"move","frame":{"millis":11715,"tic":410},"actor":{"position":{"x":14897216,"y":1265728,"z":0,"angle":3221225472,"subsector":4566993048},"type":"imp","health":60,"id":4567172000}}
{"counter":501,"type":"move","frame":{"millis":11715,"tic":410},"actor":{"position":{"x":22157824,"y":7477760,"z":0,"angle":2684354560,"subsector":4566993048},"type":"imp","health":60,"id":4567172264}}
{"counter":502,"type":"move","frame":{"millis":11744,"tic":411},"actor":{"position":{"x":-21142609,"y":-12044346,"z":0,"angle":1073741824,"subsector":4566992968},"type":"player","health":100,"armor":100,"id":4567120880}}
{"counter":503,"type":"move","frame":{"millis":11744,"tic":411},"actor":{"position":{"x":-21142609,"y":-12044346,"z":0,"angle":1073741824,"subsector":4566992968},"type":"player","health":100,"armor":100,"id":4567120880}}
{"counter":504,"type":"move","frame":{"millis":11744,"tic":411},"actor":{"position":{"x":-20436646,"y":-12751653,"z":0,"angle":1073741824,"subsector":4566992968},"type":"player","health":100,"armor":100,"id":4567120880}}
{"counter":505,"type":"move","frame":{"millis":11772,"tic":412},"actor":{"position":{"x":-20436646,"y":-12751653,"z":0,"angle":1073741824,"subsector":4566992968},"type":"player","health":100,"armor":100,"id":4567120880}}
{"counter":506,"type":"move","frame":{"millis":11772,"tic":412},"actor":{"position":{"x":-20436646,"y":-12751653,"z":0,"angle":1073741824,"subsector":4566992968},"type":"player","health":100,"armor":100,"id":4567120880}}
{"counter":507,"type":"move","frame":{"millis":11773,"tic":412},"actor":{"position":{"x":-19694468,"y":-13398755,"z":0,"angle":1073741824,"subsector":4566992968},"type":"player","health":100,"armor":100,"id":4567120880}}
{"counter":508,"type":"move","frame":{"millis":11800,"tic":413},"actor":{"position":{"x":-19694468,"y":-13398755,"z":0,"angle":1073741824,"subsector":4566992968},"type":"player","health":100,"armor":100,"id":4567120880}}
{"counter":509,"type":"move","frame":{"millis":11800,"tic":413},"actor":{"position":{"x":-19694468,"y":-13398755,"z":0,"angle":1073741824,"subsector":4566992968},"type":"player","health":100,"armor":100,"id":4567120880}}
{"counter":510,"type":"move","frame":{"millis":11800,"tic":413},"actor":{"position":{"x":-18919468,"y":-13997441,"z":0,"angle":1073741824,"subsector":4566992968},"type":"player","health":100,"armor":100,"id":4567120880}}
{"counter":511,"type":"move","frame":{"millis":11800,"tic":413},"actor":{"position":{"x":14897216,"y":741440,"z":0,"angle":3221225472,"subsector":4566993016},"type":"imp","health":60,"id":4567172000}}
{"counter":512,"type":"move","frame":{"millis":11800,"tic":413},"actor":{"position":{"x":21781824,"y":7101760,"z":0,"angle":2684354560,"subsector":4566993048},"type":"imp","health":60,"id":4567172264}}
{"counter":513,"type":"move","frame":{"millis":11829,"tic":414},"actor":{"position":{"x":-18919468,"y":-13997441,"z":0,"angle":1073741824,"subsector":4566992968},"type":"player","health":100,"armor":100,"id":4567120880}}
{"counter":514,"type":"move","frame":{"millis":11829,"tic":414},"actor":{"position":{"x":-18919468,"y":-13997441,"z":0,"angle":1073741824,"subsector":4566992968},"type":"player","health":100,"armor":100,"id":4567120880}}
{"counter":515,"type":"move","frame":{"millis":11829,"tic":414},"actor":{"position":{"x":-18114720,"y":-14560442,"z":0,"angle":1073741824,"subsector":4566992792},"type":"player","health":100,"armor":100,"id":4567120880}}
{"counter":516,"type":"move","frame":{"millis":11859,"tic":415},"actor":{"position":{"x":-18114720,"y":-14560442,"z":0,"angle":1073741824,"subsector":4566992792},"type":"player","health":100,"armor":100,"id":4567120880}}
{"counter":517,"type":"move","frame":{"millis":11859,"tic":415},"actor":{"position":{"x":-18114720,"y":-14560442,"z":0,"angle":1073741824,"subsector":4566992792},"type":"player","health":100,"armor":100,"id":4567120880}}
{"counter":518,"type":"move","frame":{"millis":11859,"tic":415},"actor":{"position":{"x":-17282981,"y":-15173022,"z":0,"angle":1073741824,"subsector":4566992792},"type":"player","health":100,"armor":100,"id":4567120880}}
{"counter":519,"type":"move","frame":{"millis":11886,"tic":416},"actor":{"position":{"x":-17282981,"y":-15173022,"z":0,"angle":1073741824,"subsector":4566992792},"type":"player","health":100,"armor":100,"id":4567120880}}
{"counter":520,"type":"move","frame":{"millis":11886,"tic":416},"actor":{"position":{"x":-17282981,"y":-15173022,"z":0,"angle":1073741824,"subsector":4566992792},"type":"player","health":100,"armor":100,"id":4567120880}}
{"counter":521,"type":"move","frame":{"millis":11886,"tic":416},"actor":{"position":{"x":-16426792,"y":-15801861,"z":0,"angle":1073741824,"subsector":4566992792},"type":"player","health":100,"armor":100,"id":4567120880}}
{"counter":522,"type":"move","frame":{"millis":11886,"tic":416},"actor":{"position":{"x":14897216,"y":217152,"z":0,"angle":3221225472,"subsector":4566993016},"type":"imp","health":60,"id":4567172000}}
{"counter":523,"type":"move","frame":{"millis":11886,"tic":416},"actor":{"position":{"x":21405824,"y":6725760,"z":0,"angle":2684354560,"subsector":4566993048},"type":"imp","health":60,"id":4567172264}}
{"counter":524,"type":"move","frame":{"millis":11915,"tic":417},"actor":{"position":{"x":-15570603,"y":-16430700,"z":0,"angle":1073741824,"subsector":4566992792},"type":"player","health":100,"armor":100,"id":4567120880}}
{"counter":525,"type":"move","frame":{"millis":11943,"tic":418},"actor":{"position":{"x":-14714414,"y":-17059539,"z":-131072,"angle":1073741824,"subsector":4566992792},"type":"player","health":100,"armor":100,"id":4567120880}}
{"counter":526,"type":"move","frame":{"millis":11972,"tic":419},"actor":{"position":{"x":-13858225,"y":-17688378,"z":-327680,"angle":1073741824,"subsector":4566992792},"type":"player","health":100,"armor":100,"id":4567120880}}
{"counter":527,"type":"move","frame":{"millis":11972,"tic":419},"actor":{"position":{"x":14897216,"y":-307136,"z":0,"angle":3221225472,"subsector":4566993016},"type":"imp","health":60,"id":4567172000}}
{"counter":528,"type":"move","frame":{"millis":11972,"tic":419},"actor":{"position":{"x":21029824,"y":6349760,"z":0,"angle":2684354560,"subsector":4566993048},"type":"imp","health":60,"id":4567172264}}
{"damage":8,"counter":529,"type":"hit","frame":{"millis":11975,"tic":419},"actor":{"position":{"x":-10189184,"y":-2849152,"z":0,"angle":3055652687,"subsector":4566993016},"type":"shotgun_soldier","health":30,"id":4567172528},"target":{"position":{"x":-13858225,"y":-17688378,"z":-589824,"angle":1073741824,"subsector":4566992792},"type":"player","health":92,"armor":96,"id":4567120880}}
{"counter":530,"type":"targeted","frame":{"millis":11975,"tic":419},"actor":{"position":{"x":-10189184,"y":-2849152,"z":0,"angle":3055652687,"subsector":4566993016},"type":"shotgun_soldier","health":30,"id":4567172528},"target":{"position":{"x":-13858225,"y":-17688378,"z":-589824,"angle":1073741824,"subsector":4566992792},"type":"player","health":92,"armor":96,"id":4567120880}}
{"counter":531,"type":"move","frame":{"millis":12000,"tic":420},"actor":{"position":{"x":-13025592,"y":-18412656,"z":-589824,"angle":989855744,"subsector":4566992792},"type":"player","health":92,"armor":96,"id":4567120880}}
{"counter":532,"type":"move","frame":{"millis":12029,"tic":421},"actor":{"position":{"x":-12192959,"y":-19136934,"z":-917504,"angle":956301312,"subsector":4566992792},"type":"player","health":92,"armor":96,"id":4567120880}}
{"counter":533,"type":"move","frame":{"millis":12058,"tic":422},"actor":{"position":{"x":-12192959,"y":-19136934,"z":-1048576,"angle":905969664,"subsector":4566992792},"type":"player","health":92,"armor":96,"id":4567120880}}
{"counter":534,"type":"move","frame":{"millis":12058,"tic":422},"actor":{"position":{"x":-11355358,"y":-19841344,"z":-1048576,"angle":905969664,"subsector":4566992792},"type":"player","health":92,"armor":96,"id":4567120880}}
{"counter":535,"type":"move","frame":{"millis":12058,"tic":422},"actor":{"position":{"x":14897216,"y":-831424,"z":0,"angle":3221225472,"subsector":4566992936},"type":"imp","health":60,"id":4567172000}}
{"counter":536,"type":"move","frame":{"millis":12059,"tic":422},"actor":{"position":{"x":20653824,"y":5973760,"z":0,"angle":2684354560,"subsector":4566993048},"type":"imp","health":60,"id":4567172264}}
{"counter":537,"type":"move","frame":{"millis":12086,"tic":423},"actor":{"position":{"x":-11355358,"y":-19841344,"z":-1048576,"angle":855638016,"subsector":4566992792},"type":"player","health":92,"armor":96,"id":4567120880}}
{"counter":538,"type":"move","frame":{"millis":12086,"tic":423},"actor":{"position":{"x":-10589225,"y":-20458323,"z":-1048576,"angle":855638016,"subsector":4566992792},"type":"player","health":92,"armor":96,"id":4567120880}}
{"counter":539,"type":"move","frame":{"millis":12115,"tic":424},"actor":{"position":{"x":-10589225,"y":-20458323,"z":-1048576,"angle":889192448,"subsector":4566992792},"type":"player","health":92,"armor":96,"id":4567120880}}
{"counter":540,"type":"move","frame":{"millis":12115,"tic":424},"actor":{"position":{"x":-9867644,"y":-20918761,"z":-1048576,"angle":889192448,"subsector":4566992792},"type":"player","health":92,"armor":96,"id":4567120880}}
{"counter":541,"type":"move","frame":{"millis":12143,"tic":425},"actor":{"position":{"x":-9213712,"y":-21336033,"z":-1048576,"angle":889192448,"subsector":4566992792},"type":"player","health":92,"armor":96,"id":4567120880}}
{"counter":542,"type":"move","frame":{"millis":12143,"tic":425},"actor":{"position":{"x":14897216,"y":-1355712,"z":0,"angle":3221225472,"subsector":4566992936},"type":"imp","health":60,"id":4567172000}}
{"counter":543,"type":"move","frame":{"millis":12143,"tic":425},"actor":{"position":{"x":20277824,"y":5597760,"z":0,"angle":2684354560,"subsector":4566993048},"type":"imp","health":60,"id":4567172264}}
{"counter":544,"type":"move","frame":{"millis":12172,"tic":426},"actor":{"position":{"x":-9213712,"y":-21336033,"z":-1048576,"angle":905969664,"subsector":4566992792},"type":"player","health":92,"armor":96,"id":4567120880}}
{"counter":545,"type":"move","frame":{"millis":12173,"tic":426},"actor":{"position":{"x":-8596245,"y":-21614846,"z":-1048576,"angle":905969664,"subsector":4566992792},"type":"player","health":92,"armor":96,"id":4567120880}}
{"counter":546,"type":"move","frame":{"millis":12201,"tic":427},"actor":{"position":{"x":-8596245,"y":-21614846,"z":-1048576,"angle":939524096,"subsector":4566992792},"type":"player","health":92,"armor":96,"id":4567120880}}
{"counter":547,"type":"move","frame":{"millis":12201,"tic":427},"actor":{"position":{"x":-8016729,"y":-21767082,"z":-1048576,"angle":939524096,"subsector":4566992792},"type":"player","health":92,"armor":96,"id":4567120880}}
{"counter":548,"type":"move","frame":{"millis":12229,"tic":428},"actor":{"position":{"x":-8016729,"y":-21767082,"z":-1048576,"angle":973078528,"subsector":4566992792},"type":"player","health":92,"armor":96,"id":4567120880}}
{"counter":549,"type":"move","frame":{"millis":12229,"tic":428},"actor":{"position":{"x":-7476558,"y":-21803750,"z":-1048576,"angle":973078528,"subsector":4566992792},"type":"player","health":92,"armor":96,"id":4567120880}}
{"counter":550,"type":"move","frame":{"millis":12229,"tic":428},"actor":{"position":{"x":-24960384,"y":-14534304,"z":0,"angle":3221225472,"subsector":4566992792},"type":"spectre","health":150,"id":4567162232}}
{"counter":551,"type":"move","frame":{"millis":12229,"tic":428},"actor":{"position":{"x":14897216,"y":-1880000,"z":0,"angle":3221225472,"subsector":4566992936},"type":"imp","health":60,"id":4567172000}}
{"counter":552,"type":"move","frame":{"millis":12229,"tic":428},"actor":{"position":{"x":19901824,"y":5221760,"z":0,"angle":2684354560,"subsector":4566993048},"type":"imp","health":60,"id":4567172264}}
{"counter":553,"type":"move","frame":{"millis":12259,"tic":429},"actor":{"position":{"x":-7476558,"y":-21803750,"z":-1048576,"angle":989855744,"subsector":4566992792},"type":"player","health":92,"armor":96,"id":4567120880}}
{"counter":554,"type":"move","frame":{"millis":12259,"tic":429},"actor":{"position":{"x":-6974534,"y":-21735347,"z":-1048576,"angle":989855744,"subsector":4566992792},"type":"player","health":92,"armor":96,"id":4567120880}}
{"counter":555,"type":"move","frame":{"millis":12286,"tic":430},"actor":{"position":{"x":-6974534,"y":-21735347,"z":-1048576,"angle":1006632960,"subsector":4566992792},"type":"player","health":92,"armor":96,"id":4567120880}}
{"counter":556,"type":"move","frame":{"millis":12286,"tic":430},"actor":{"position":{"x":-6509579,"y":-21571448,"z":-1048576,"angle":1006632960,"subsector":4566992792},"type":"player","health":92,"armor":96,"id":4567120880}}
{"counter":557,"type":"move","frame":{"millis":12286,"tic":430},"actor":{"position":{"x":-25615744,"y":-14534304,"z":0,"angle":2684354560,"subsector":4566992792},"type":"spectre","health":150,"id":4567162232}}
{"counter":558,"type":"move","frame":{"millis":12315,"tic":431},"actor":{"position":{"x":-6509579,"y":-21571448,"z":-1048576,"angle":1023410176,"subsector":4566992792},"type":"player","health":92,"armor":96,"id":4567120880}}
{"counter":559,"type":"move","frame":{"millis":12315,"tic":431},"actor":{"position":{"x":-6080721,"y":-21320790,"z":-1048576,"angle":1023410176,"subsector":4566992792},"type":"player","health":92,"armor":96,"id":4567120880}}
{"counter":560,"type":"move","frame":{"millis":12315,"tic":431},"actor":{"position":{"x":14897216,"y":-2404288,"z":0,"angle":3221225472,"subsector":4566992936},"type":"imp","health":60,"id":4567172000}}
{"counter":561,"type":"move","frame":{"millis":12315,"tic":431},"actor":{"position":{"x":19525824,"y":4845760,"z":0,"angle":2684354560,"subsector":4566993048},"type":"imp","health":60,"id":4567172264}}
{"counter":562,"type":"move","frame":{"millis":12343,"tic":432},"actor":{"position":{"x":-6080721,"y":-21320790,"z":-1048576,"angle":1040187392,"subsector":4566992792},"type":"player","health":92,"armor":96,"id":4567120880}}
{"counter":563,"type":"move","frame":{"millis":12343,"tic":432},"actor":{"position":{"x":-5687085,"y":-20991354,"z":-1048576,"angle":1040187392,"subsector":4566992792},"type":"player","health":92,"armor":96,"id":4567120880}}
{"counter":564,"type":"move","frame":{"millis":12343,"tic":432},"actor":{"position":{"x":-26271104,"y":-14534304,"z":0,"angle":2147483648,"subsector":4566992792},"type":"spectre","health":150,"id":4567162232}}
{"counter":565,"type":"move","frame":{"millis":12372,"tic":433},"actor":{"position":{"x":-5687085,"y":-20991354,"z":-1048576,"angle":1040187392,"subsector":4566992792},"type":"player","health":92,"armor":96,"id":4567120880}}
{"counter":566,"type":"move","frame":{"millis":12372,"tic":433},"actor":{"position":{"x":-5325369,"y":-20590525,"z":-1048576,"angle":1040187392,"subsector":4566992792},"type":"player","health":92,"armor":96,"id":4567120880}}
{"counter":567,"type":"move","frame":{"millis":12401,"tic":434},"actor":{"position":{"x":-5325369,"y":-20590525,"z":-1048576,"angle":1040187392,"subsector":4566992792},"type":"player","health":92,"armor":96,"id":4567120880}}
{"damage":4,"counter":568,"type":"hit","frame":{"millis":12401,"tic":434},"target":{"position":{"x":-5325369,"y":-20590525,"z":-1048576,"angle":1040187392,"subsector":4566992792},"type":"player","health":88,"armor":95,"id":4567120880}}
{"counter":569,"type":"move","frame":{"millis":12401,"tic":434},"actor":{"position":{"x":-4992580,"y":-20124996,"z":-1048576,"angle":1040187392,"subsector":4566992792},"type":"player","health":88,"armor":95,"id":4567120880}}
{"counter":570,"type":"move","frame":{"millis":12401,"tic":434},"actor":{"position":{"x":-26926464,"y":-14534304,"z":0,"angle":2147483648,"subsector":4566992792},"type":"spectre","health":150,"id":4567162232}}
{"counter":571,"type":"move","frame":{"millis":12401,"tic":434},"actor":{"position":{"x":14521216,"y":-2780288,"z":0,"angle":3221225472,"subsector":4566992936},"type":"imp","health":60,"id":4567172000}}
{"counter":572,"type":"move","frame":{"millis":12401,"tic":434},"actor":{"position":{"x":19149824,"y":4469760,"z":0,"angle":2684354560,"subsector":4566993048},"type":"imp","health":60,"id":4567172264}}
{"counter":573,"type":"move","frame":{"millis":12429,"tic":435},"actor":{"position":{"x":-4992580,"y":-20124996,"z":-1048576,"angle":1056964608,"subsector":4566992792},"type":"player","health":88,"armor":95,"id":4567120880}}
{"counter":574,"type":"move","frame":{"millis":12429,"tic":435},"actor":{"position":{"x":-4688517,"y":-19600743,"z":-1048576,"angle":1056964608,"subsector":4566992792},"type":"player","health":88,"armor":95,"id":4567120880}}
{"counter":575,"type":"move","frame":{"millis":12459,"tic":436},"actor":{"position":{"x":-4688517,"y":-19600743,"z":-1048576,"angle":1073741824,"subsector":4566992792},"type":"player","health":88,"armor":95,"id":4567120880}}
{"counter":576,"type":"move","frame":{"millis":12459,"tic":436},"actor":{"position":{"x":-4413000,"y":-19023241,"z":-1048576,"angle":1073741824,"subsector":4566992792},"type":"player","health":88,"armor":95,"id":4567120880}}
{"counter":577,"type":"move","frame":{"millis":12459,"tic":436},"actor":{"position":{"x":-27581824,"y":-14534304,"z":0,"angle":2147483648,"subsector":4566992792},"type":"spectre","health":150,"id":4567162232}}
{"counter":578,"type":"move","frame":{"millis":12487,"tic":437},"actor":{"position":{"x":-4413000,"y":-19023241,"z":-1048576,"angle":1140850688,"subsector":4566992792},"type":"player","health":88,"armor":95,"id":4567120880}}
{"counter":579,"type":"move","frame":{"millis":12487,"tic":437},"actor":{"position":{"x":-4173388,"y":-18397979,"z":-1048576,"angle":1140850688,"subsector":4566992792},"type":"player","health":88,"armor":95,"id":4567120880}}
{"counter":580,"type":"move","frame":{"millis":12487,"tic":437},"actor":{"position":{"x":13996928,"y":-2780288,"z":0,"angle":2684354560,"subsector":4566992936},"type":"imp","health":60,"id":4567172000}}
{"counter":581,"type":"move","frame":{"millis":12487,"tic":437},"actor":{"position":{"x":18773824,"y":4093760,"z":0,"angle":2684354560,"subsector":4566993048},"type":"imp","health":60,"id":4567172264}}
{"counter":582,"type":"move","frame":{"millis":12516,"tic":438},"actor":{"position":{"x":-4173388,"y":-18397979,"z":-1048576,"angle":1241513984,"subsector":4566992792},"type":"player","health":88,"armor":95,"id":4567120880}}
{"counter":583,"type":"move","frame":{"millis":12516,"tic":438},"actor":{"position":{"x":-3981159,"y":-17732016,"z":-1048576,"angle":1241513984,"subsector":4566992792},"type":"player","health":88,"armor":95,"id":4567120880}}
{"counter":584,"type":"move","frame":{"millis":12516,"tic":438},"actor":{"position":{"x":-27111824,"y":-15004304,"z":0,"angle":2147483648,"subsector":4566992792},"type":"spectre","health":150,"id":4567162232}}
{"counter":585,"type":"move","frame":{"millis":12544,"tic":439},"actor":{"position":{"x":-3981159,"y":-17732016,"z":-1048576,"angle":1358954496,"subsector":4566992792},"type":"player","health":88,"armor":95,"id":4567120880}}
{"counter":586,"type":"move","frame":{"millis":12544,"tic":439},"actor":{"position":{"x":-3848484,"y":-17034890,"z":-1048576,"angle":1358954496,"subsector":4566992792},"type":"player","health":88,"armor":95,"id":4567120880}}
{"counter":587,"type":"move","frame":{"millis":12544,"tic":439},"actor":{"position":{"x":-9813184,"y":-3225152,"z":0,"angle":2147483648,"subsector":4566993016},"type":"shotgun_soldier","health":30,"id":4567172528}}
{"counter":588,"type":"move","frame":{"millis":12572,"tic":440},"actor":{"position":{"x":-3848484,"y":-17034890,"z":-1048576,"angle":1459617792,"subsector":4566992792},"type":"player","health":88,"armor":95,"id":4567120880}}
{"counter":589,"type":"move","frame":{"millis":12572,"tic":440},"actor":{"position":{"x":-3783064,"y":-16316630,"z":-1048576,"angle":1459617792,"subsector":4566992792},"type":"player","health":88,"armor":95,"id":4567120880}}
{"counter":590,"type":"move","frame":{"millis":12572,"tic":440},"actor":{"position":{"x":-26641824,"y":-15474304,"z":0,"angle":2684354560,"subsector":4566992792},"type":"spectre","health":150,"id":4567162232}}
{"counter":591,"type":"move","frame":{"millis":12572,"tic":440},"actor":{"position":{"x":13472640,"y":-2780288,"z":0,"angle":2147483648,"subsector":4566992936},"type":"imp","health":60,"id":4567172000}}
{"counter":592,"type":"move","frame":{"millis":12572,"tic":440},"actor":{"position":{"x":18397824,"y":3717760,"z":0,"angle":2684354560,"subsector":4566993048},"type":"imp","health":60,"id":4567172264}}
{"counter":593,"type":"move","frame":{"millis":12600,"tic":441},"actor":{"position":{"x":-3783064,"y":-16316630,"z":-1048576,"angle":1509949440,"subsector":4566992792},"type":"player","health":88,"armor":95,"id":4567120880}}
{"counter":594,"type":"move","frame":{"millis":12600,"tic":441},"actor":{"position":{"x":-3784808,"y":-15583482,"z":-1048576,"angle":1509949440,"subsector":4566992792},"type":"player","health":88,"armor":95,"id":4567120880}}
{"counter":595,"type":"move","frame":{"millis":12629,"tic":442},"actor":{"position":{"x":-3784808,"y":-15583482,"z":-1048576,"angle":1543503872,"subsector":4566992792},"type":"player","health":88,"armor":95,"id":4567120880}}
{"counter":596,"type":"move","frame":{"millis":12629,"tic":442},"actor":{"position":{"x":-3851382,"y":-14839936,"z":-1048576,"angle":1543503872,"subsector":4566992792},"type":"player","health":88,"armor":95,"id":4567120880}}
{"counter":597,"type":"move","frame":{"millis":12629,"tic":442},"actor":{"position":{"x":-26171824,"y":-15944304,"z":0,"angle":3221225472,"subsector":4566992792},"type":"spectre","health":150,"id":4567162232}}
{"counter":598,"type":"move","frame":{"millis":12629,"tic":442},"actor":{"position":{"x":-9813184,"y":-3749440,"z":0,"angle":2684354560,"subsector":4566993016},"type":"shotgun_soldier","health":30,"id":4567172528}}
{"counter":599,"type":"move","frame":{"millis":12658,"tic":443},"actor":{"position":{"x":-3851382,"y":-14839936,"z":0,"angle":1593835520,"subsector":4566992792},"type":"player","health":88,"armor":95,"id":4567120880}}
{"counter":600,"type":"move","frame":{"millis":12658,"tic":443},"actor":{"position":{"x":-3971050,"y":-14103826,"z":0,"angle":1593835520,"subsector":4566992968},"type":"player","health":88,"armor":95,"id":4567120880}}
{"counter":601,"type":"move","frame":{"millis":12658,"tic":443},"actor":{"position":{"x":12948352,"y":-2780288,"z":0,"angle":2147483648,"subsector":4566992936},"type":"imp","health":60,"id":4567172000}}
{"counter":602,"type":"move","frame":{"millis":12658,"tic":443},"actor":{"position":{"x":18021824,"y":3341760,"z":0,"angle":2684354560,"subsector":4566993048},"type":"imp","health":60,"id":4567172264}}
{"counter":603,"type":"move","frame":{"millis":12686,"tic":444},"actor":{"position":{"x":-3971050,"y":-14103826,"z":0,"angle":1761607680,"subsector":4566992968},"type":"player","health":88,"armor":95,"id":4567120880}}
{"counter":604,"type":"move","frame":{"millis":12686,"tic":444},"actor":{"position":{"x":-4082962,"y":-13434537,"z":0,"angle":1761607680,"subsector":4566992968},"type":"player","health":88,"armor":95,"id":4567120880}}
{"counter":605,"type":"move","frame":{"millis":12686,"tic":444},"actor":{"position":{"x":-25701824,"y":-16414304,"z":0,"angle":3758096384,"subsector":4566992792},"type":"spectre","health":150,"id":4567162232}}
{"counter":606,"type":"move","frame":{"millis":12715,"tic":445},"actor":{"position":{"x":-4082962,"y":-13434537,"z":0,"angle":1929379840,"subsector":4566992968},"type":"player","health":88,"armor":95,"id":4567120880}}
{"counter":607,"type":"move","frame":{"millis":12715,"tic":445},"actor":{"position":{"x":-4273848,"y":-12798478,"z":0,"angle":1929379840,"subsector":4566992968},"type":"player","health":88,"armor":95,"id":4567120880}}
{"counter":608,"type":"move","frame":{"millis":12715,"tic":445},"actor":{"position":{"x":-9813184,"y":-4273728,"z":0,"angle":3221225472,"subsector":4566993016},"type":"shotgun_soldier","health":30,"id":4567172528}}
{"counter":609,"type":"move","frame":{"millis":12743,"tic":446},"actor":{"position":{"x":-4273848,"y":-12798478,"z":0,"angle":2097152000,"subsector":4566992968},"type":"player","health":88,"armor":95,"id":4567120880}}
{"counter":610,"type":"move","frame":{"millis":12743,"tic":446},"actor":{"position":{"x":-4548964,"y":-12214557,"z":0,"angle":2097152000,"subsector":4566992968},"type":"player","health":88,"armor":95,"id":4567120880}}
{"counter":611,"type":"move","frame":{"millis":12743,"tic":446},"actor":{"position":{"x":-25231824,"y":-16884304,"z":-1048576,"angle":3758096384,"subsector":4566992792},"type":"spectre","health":150,"id":4567162232}}
{"counter":612,"type":"move","frame":{"millis":12743,"tic":446},"actor":{"position":{"x":12424064,"y":-2780288,"z":0,"angle":2147483648,"subsector":4566992936},"type":"imp","health":60,"id":4567172000}}
{"counter":613,"type":"move","frame":{"millis":12743,"tic":446},"actor":{"position":{"x":17645824,"y":2965760,"z":0,"angle":2684354560,"subsector":4566993048},"type":"imp","health":60,"id":4567172264}}
{"counter":614,"type":"move","frame":{"millis":12772,"tic":447},"actor":{"position":{"x":-4548964,"y":-12214557,"z":0,"angle":2214592512,"subsector":4566992968},"type":"player","health":88,"armor":95,"id":4567120880}}
{"counter":615,"type":"move","frame":{"millis":12772,"tic":447},"actor":{"position":{"x":-4900190,"y":-11695454,"z":0,"angle":2214592512,"subsector":4566992968},"type":"player","health":88,"armor":95,"id":4567120880}}
{"counter":616,"type":"move","frame":{"millis":12800,"tic":448},"actor":{"position":{"x":-4900190,"y":-11695454,"z":0,"angle":2315255808,"subsector":4566992968},"type":"player","health":88,"armor":95,"id":4567120880}}
{"counter":617,"type":"move","frame":{"millis":12800,"tic":448},"actor":{"position":{"x":-5317810,"y":-11249936,"z":0,"angle":2315255808,"subsector":4566992968},"type":"player","health":88,"armor":95,"id":4567120880}}
{"counter":618,"type":"move","frame":{"millis":12800,"tic":448},"actor":{"position":{"x":-24761824,"y":-17354304,"z":-1048576,"angle":3758096384,"subsector":4566992792},"type":"spectre","health":150,"id":4567162232}}
{"counter":619,"type":"move","frame":{"millis":12800,"tic":448},"actor":{"position":{"x":-9813184,"y":-4798016,"z":0,"angle":3221225472,"subsector":4566993000},"type":"shotgun_soldier","health":30,"id":4567172528}}
{"counter":620,"type":"move","frame":{"millis":12829,"tic":449},"actor":{"position":{"x":-5317810,"y":-11249936,"z":0,"angle":2315255808,"subsector":4566992968},"type":"player","health":88,"armor":95,"id":4567120880}}
{"counter":621,"type":"move","frame":{"millis":12830,"tic":449},"actor":{"position":{"x":-5795600,"y":-10871105,"z":0,"angle":2315255808,"subsector":4566992968},"type":"player","health":88,"armor":95,"id":4567120880}}
{"counter":622,"type":"move","frame":{"millis":12830,"tic":449},"actor":{"position":{"x":11899776,"y":-2780288,"z":0,"angle":2147483648,"subsector":4566992936},"type":"imp","health":60,"id":4567172000}}
{"counter":623,"type":"move","frame":{"millis":12830,"tic":449},"actor":{"position":{"x":17269824,"y":2589760,"z":0,"angle":2684354560,"subsector":4566993048},"type":"imp","health":60,"id":4567172264}}
{"counter":624,"type":"move","frame":{"millis":12859,"tic":450},"actor":{"position":{"x":-5795600,"y":-10871105,"z":0,"angle":2315255808,"subsector":4566992968},"type":"player","health":88,"armor":95,"id":4567120880}}
{"counter":625,"type":"move","frame":{"millis":12859,"tic":450},"actor":{"position":{"x":-6327919,"y":-10552709,"z":0,"angle":2315255808,"subsector":4566992968},"type":"player","health":88,"armor":95,"id":4567120880}}
{"counter":626,"type":"move","frame":{"millis":12859,"tic":450},"actor":{"position":{"x":-24291824,"y":-17824304,"z":-1048576,"angle":3758096384,"subsector":4566992792},"type":"spectre","health":150,"id":4567162232}}
{"counter":627,"type":"move","frame":{"millis":12887,"tic":451},"actor":{"position":{"x":-6327919,"y":-10552709,"z":0,"angle":2315255808,"subsector":4566992968},"type":"player","health":88,"armor":95,"id":4567120880}}
{"counter":628,"type":"move","frame":{"millis":12887,"tic":451},"actor":{"position":{"x":-6909655,"y":-10289082,"z":0,"angle":2315255808,"subsector":4566992968},"type":"player","health":88,"armor":95,"id":4567120880}}
{"counter":629,"type":"move","frame":{"millis":12887,"tic":451},"actor":{"position":{"x":-9813184,"y":-5322304,"z":0,"angle":3221225472,"subsector":4566993000},"type":"shotgun_soldier","health":30,"id":4567172528}}
{"counter":630,"type":"move","frame":{"millis":12915,"tic":452},"actor":{"position":{"x":-6909655,"y":-10289082,"z":0,"angle":2315255808,"subsector":4566992968},"type":"player","health":88,"armor":95,"id":4567120880}}
{"counter":631,"type":"move","frame":{"millis":12915,"tic":452},"actor":{"position":{"x":-7536175,"y":-10075090,"z":0,"angle":2315255808,"subsector":4566992968},"type":"player","health":88,"armor":95,"id":4567120880}}
{"counter":632,"type":"move","frame":{"millis":12915,"tic":452},"actor":{"position":{"x":-23821824,"y":-18294304,"z":-1048576,"angle":3758096384,"subsector":4566992792},"type":"spectre","health":150,"id":4567162232}}
{"counter":633,"type":"move","frame":{"millis":12915,"tic":452},"actor":{"position":{"x":11375488,"y":-2780288,"z":0,"angle":2147483648,"subsector":4566992936},"type":"imp","health":60,"id":4567172000}}
{"counter":634,"type":"move","frame":{"millis":12915,"tic":452},"actor":{"position":{"x":16893824,"y":2213760,"z":0,"angle":2684354560,"subsector":4566993048},"type":"imp","health":60,"id":4567172264}}
{"counter":635,"type":"move","frame":{"millis":12943,"tic":453},"actor":{"position":{"x":-7536175,"y":-10075090,"z":0,"angle":2298478592,"subsector":4566992968},"type":"player","health":88,"armor":95,"id":4567120880}}
{"counter":636,"type":"move","frame":{"millis":12943,"tic":453},"actor":{"position":{"x":-8203863,"y":-9903634,"z":0,"angle":2298478592,"subsector":4566992968},"type":"player","health":88,"armor":95,"id":4567120880}}
{"counter":637,"type":"move","frame":{"millis":12972,"tic":454},"actor":{"position":{"x":-8203863,"y":-9903634,"z":0,"angle":2298478592,"subsector":4566992968},"type":"player","health":88,"armor":95,"id":4567120880}}
{"counter":638,"type":"move","frame":{"millis":12972,"tic":454},"actor":{"position":{"x":-8908860,"y":-9770726,"z":0,"angle":2298478592,"subsector":4566992968},"type":"player","health":88,"armor":95,"id":4567120880}}
{"counter":639,"type":"move","frame":{"millis":12972,"tic":454},"actor":{"position":{"x":-23351824,"y":-18764304,"z":-1048576,"angle":3758096384,"subsector":4566992792},"type":"spectre","health":150,"id":4567162232}}
{"counter":640,"type":"move","frame":{"millis":12972,"tic":454},"actor":{"position":{"x":-9813184,"y":-5846592,"z":0,"angle":3221225472,"subsector":4566993000},"type":"shotgun_soldier","health":30,"id":4567172528}}
{"counter":641,"type":"move","frame":{"millis":13000,"tic":455},"actor":{"position":{"x":-8908860,"y":-9770726,"z":0,"angle":2248146944,"subsector":4566992968},"type":"player","health":88,"armor":95,"id":4567120880}}
{"counter":642,"type":"move","frame":{"millis":13000,"tic":455},"actor":{"position":{"x":-9649049,"y":-9665342,"z":0,"angle":2248146944,"subsector":4566992968},"type":"player","health":88,"armor":95,"id":4567120880}}
{"counter":643,"type":"move","frame":{"millis":13000,"tic":455},"actor":{"position":{"x":10851200,"y":-2780288,"z":0,"angle":2147483648,"subsector":4566992936},"type":"imp","health":60,"id":4567172000}}
{"counter":644,"type":"move","frame":{"millis":13000,"tic":455},"actor":{"position":{"x":16517824,"y":1837760,"z":0,"angle":2684354560,"subsector":4566993048},"type":"imp","health":60,"id":4567172264}}
{"counter":645,"type":"move","frame":{"millis":13029,"tic":456},"actor":{"position":{"x":-9649049,"y":-9665342,"z":0,"angle":2147483648,"subsector":4566992968},"type":"player","health":88,"armor":95,"id":4567120880}}
{"counter":646,"type":"move","frame":{"millis":13029,"tic":456},"actor":{"position":{"x":-10422245,"y":-9569878,"z":0,"angle":2147483648,"subsector":4566992968},"type":"player","health":88,"armor":95,"id":4567120880}}
{"counter":647,"type":"move","frame":{"millis":13029,"tic":456},"actor":{"position":{"x":-22881824,"y":-19234304,"z":-1048576,"angle":3758096384,"subsector":4566992792},"type":"spectre","health":150,"id":4567162232}}
{"counter":648,"type":"move","frame":{"millis":13058,"tic":457},"actor":{"position":{"x":-10422245,"y":-9569878,"z":0,"angle":1996488704,"subsector":4566992968},"type":"player","health":88,"armor":95,"id":4567120880}}
{"counter":649,"type":"move","frame":{"millis":13058,"tic":457},"actor":{"position":{"x":-11222875,"y":-9460968,"z":0,"angle":1996488704,"subsector":4566992968},"type":"player","health":88,"armor":95,"id":4567120880}}
{"counter":650,"type":"move","frame":{"millis":13059,"tic":457},"actor":{"position":{"x":-9813184,"y":-6370880,"z":0,"angle":3221225472,"subsector":4566992968},"type":"shotgun_soldier","health":30,"id":4567172528}}
{"counter":651,"type":"move","frame":{"millis":13087,"tic":458},"actor":{"position":{"x":-11222875,"y":-9460968,"z":0,"angle":1828716544,"subsector":4566992968},"type":"player","health":88,"armor":95,"id":4567120880}}
{"counter":652,"type":"move","frame":{"millis":13087,"tic":458},"actor":{"position":{"x":-12039929,"y":-9316265,"z":0,"angle":1828716544,"subsector":4566992968},"type":"player","health":88,"armor":95,"id":4567120880}}
{"counter":653,"type":"move","frame":{"millis":13087,"tic":458},"actor":{"position":{"x":-22411824,"y":-19704304,"z":-1048576,"angle":3758096384,"subsector":4566992792},"type":"spectre","health":150,"id":4567162232}}
{"counter":654,"type":"move","frame":{"millis":13087,"tic":458},"actor":{"position":{"x":10326912,"y":-2780288,"z":0,"angle":2147483648,"subsector":4566992936},"type":"imp","health":60,"id":4567172000}}
{"counter":655,"type":"move","frame":{"millis":13087,"tic":458},"actor":{"position":{"x":16141824,"y":1461760,"z":0,"angle":2684354560,"subsector":4566993048},"type":"imp","health":60,"id":4567172264}}
{"counter":656,"type":"move","frame":{"millis":13115,"tic":459},"actor":{"position":{"x":-12039929,"y":-9316265,"z":0,"angle":1694498816,"subsector":4566992968},"type":"player","health":88,"armor":95,"id":4567120880}}
{"health":10,"counter":657,"type":"pickup_health","frame":{"millis":13115,"tic":459},"actor":{"position":{"x":-12039929,"y":-9316265,"z":0,"angle":1694498816,"subsector":4566992968},"type":"player","health":98,"armor":95,"id":4567120880}}
{"counter":658,"type":"move","frame":{"millis":13115,"tic":459},"actor":{"position":{"x":-12861135,"y":-9122160,"z":0,"angle":1694498816,"subsector":4566992968},"type":"player","health":98,"armor":95,"id":4567120880}}
{"counter":659,"type":"move","frame":{"millis":13143,"tic":460},"actor":{"position":{"x":-12861135,"y":-9122160,"z":0,"angle":1509949440,"subsector":4566992968},"type":"player","health":98,"armor":95,"id":4567120880}}
{"counter":660,"type":"move","frame":{"millis":13143,"tic":460},"actor":{"position":{"x":-13666383,"y":-8864028,"z":0,"angle":1509949440,"subsector":4566992968},"type":"player","health":98,"armor":95,"id":4567120880}}
{"counter":661,"type":"move","frame":{"millis":13143,"tic":460},"actor":{"position":{"x":-21941824,"y":-20174304,"z":-1048576,"angle":3758096384,"subsector":4566992792},"type":"spectre","health":150,"id":4567162232}}
{"counter":662,"type":"move","frame":{"millis":13143,"tic":460},"actor":{"position":{"x":-9813184,"y":-6895168,"z":0,"angle":3221225472,"subsector":4566992968},"type":"shotgun_soldier","health":30,"id":4567172528}}
{"counter":663,"type":"move","frame":{"millis":13173,"tic":461},"actor":{"position":{"x":-13666383,"y":-8864028,"z":0,"angle":1325400064,"subsector":4566992968},"type":"player","health":98,"armor":95,"id":4567120880}}
{"counter":664,"type":"move","frame":{"millis":13173,"tic":461},"actor":{"position":{"x":-14433029,"y":-8534573,"z":0,"angle":1325400064,"subsector":4566992968},"type":"player","health":98,"armor":95,"id":4567120880}}
{"counter":665,"type":"move","frame":{"millis":13173,"tic":461},"actor":{"position":{"x":9802624,"y":-2780288,"z":0,"angle":2147483648,"subsector":4566992936},"type":"imp","health":60,"id":4567172000}}
{"counter":666,"type":"move","frame":{"millis":13173,"tic":461},"actor":{"position":{"x":15765824,"y":1085760,"z":0,"angle":2684354560,"subsector":4566993048},"type":"imp","health":60,"id":4567172264}}
{"counter":667,"type":"move","frame":{"millis":13200,"tic":462},"actor":{"position":{"x":-14433029,"y":-8534573,"z":0,"angle":1157627904,"subsector":4566992968},"type":"player","health":98,"armor":95,"id":4567120880}}
{"counter":668,"type":"move","frame":{"millis":13200,"tic":462},"actor":{"position":{"x":-15140376,"y":-8134380,"z":0,"angle":1157627904,"subsector":4566992968},"type":"player","health":98,"armor":95,"id":4567120880}}
{"counter":669,"type":"move","frame":{"millis":13200,"tic":462},"actor":{"position":{"x":-21471824,"y":-20644304,"z":-1048576,"angle":3758096384,"subsector":4566992792},"type":"spectre","health":150,"id":4567162232}}
{"counter":670,"type":"move","frame":{"millis":13229,"tic":463},"actor":{"position":{"x":-15140376,"y":-8134380,"z":0,"angle":1006632960,"subsector":4566992968},"type":"player","health":98,"armor":95,"id":4567120880}}
{"counter":671,"type":"move","frame":{"millis":13229,"tic":463},"actor":{"position":{"x":-15771414,"y":-7669797,"z":0,"angle":1006632960,"subsector":4566992968},"type":"player","health":98,"armor":95,"id":4567120880}}
{"counter":672,"type":"move","frame":{"millis":13229,"tic":463},"actor":{"position":{"x":-9813184,"y":-7419456,"z":0,"angle":3221225472,"subsector":4566992968},"type":"shotgun_soldier","health":30,"id":4567172528}}
{"counter":673,"type":"move","frame":{"millis":13258,"tic":464},"actor":{"position":{"x":-15771414,"y":-7669797,"z":0,"angle":872415232,"subsector":4566992968},"type":"player","health":98,"armor":95,"id":4567120880}}
{"counter":674,"type":"move","frame":{"millis":13258,"tic":464},"actor":{"position":{"x":-16313606,"y":-7150768,"z":0,"angle":872415232,"subsector":4566992968},"type":"player","health":98,"armor":95,"id":4567120880}}
{"counter":675,"type":"move","frame":{"millis":13258,"tic":464},"actor":{"position":{"x":-21001824,"y":-21114304,"z":-1048576,"angle":3758096384,"subsector":4566992792},"type":"spectre","health":150,"id":4567162232}}
{"counter":676,"type":"move","frame":{"millis":13258,"tic":464},"actor":{"position":{"x":9278336,"y":-2780288,"z":0,"angle":2147483648,"subsector":4566992936},"type":"imp","health":60,"id":4567172000}}
{"counter":677,"type":"move","frame":{"millis":13258,"tic":464},"actor":{"position":{"x":15389824,"y":709760,"z":0,"angle":2684354560,"subsector":4566993016},"type":"imp","health":60,"id":4567172264}}
{"counter":678,"type":"move","frame":{"millis":13286,"tic":465},"actor":{"position":{"x":-16313606,"y":-7150768,"z":0,"angle":771751936,"subsector":4566992968},"type":"player","health":98,"armor":95,"id":4567120880}}
{"counter":679,"type":"move","frame":{"millis":13286,"tic":465},"actor":{"position":{"x":-16761223,"y":-6587814,"z":0,"angle":771751936,"subsector":4566992968},"type":"player","health":98,"armor":95,"id":4567120880}}
{"counter":680,"type":"move","frame":{"millis":13315,"tic":466},"actor":{"position":{"x":-16761223,"y":-6587814,"z":0,"angle":687865856,"subsector":4566992968},"type":"player","health":98,"armor":95,"id":4567120880}}
{"counter":681,"type":"move","frame":{"millis":13315,"tic":466},"actor":{"position":{"x":-17112126,"y":-5991105,"z":0,"angle":687865856,"subsector":4566992968},"type":"player","health":98,"armor":95,"id":4567120880}}
{"counter":682,"type":"move","frame":{"millis":13315,"tic":466},"actor":{"position":{"x":-20531824,"y":-21584304,"z":-1048576,"angle":3758096384,"subsector":4566992792},"type":"spectre","health":150,"id":4567162232}}
{"counter":683,"type":"move","frame":{"millis":13315,"tic":466},"actor":{"position":{"x":-9813184,"y":-7943744,"z":0,"angle":3221225472,"subsector":4566992968},"type":"shotgun_soldier","health":30,"id":4567172528}}
{"counter":684,"type":"move","frame":{"millis":13343,"tic":467},"actor":{"position":{"x":-17112126,"y":-5991105,"z":0,"angle":603979776,"subsector":4566992968},"type":"player","health":98,"armor":95,"id":4567120880}}
{"counter":685,"type":"move","frame":{"millis":13343,"tic":467},"actor":{"position":{"x":-17365201,"y":-5371159,"z":0,"angle":603979776,"subsector":4566993016},"type":"player","health":98,"armor":95,"id":4567120880}}
{"counter":686,"type":"move","frame":{"millis":13343,"tic":467},"actor":{"position":{"x":8754048,"y":-2780288,"z":0,"angle":2147483648,"subsector":4566992936},"type":"imp","health":60,"id":4567172000}}
{"counter":687,"type":"move","frame":{"millis":13343,"tic":467},"actor":{"position":{"x":15013824,"y":333760,"z":0,"angle":2684354560,"subsector":4566993016},"type":"imp","health":60,"id":4567172264}}
{"counter":688,"type":"move","frame":{"millis":13372,"tic":468},"actor":{"position":{"x":-17365201,"y":-5371159,"z":0,"angle":520093696,"subsector":4566993016},"type":"player","health":98,"armor":95,"id":4567120880}}
{"counter":689,"type":"move","frame":{"millis":13372,"tic":468},"actor":{"position":{"x":-17520417,"y":-4738698,"z":0,"angle":520093696,"subsector":4566993016},"type":"player","health":98,"armor":95,"id":4567120880}}
{"counter":690,"type":"move","frame":{"millis":13372,"tic":468},"actor":{"position":{"x":-20061824,"y":-22054304,"z":-1048576,"angle":3758096384,"subsector":4566992792},"type":"spectre","health":150,"id":4567162232}}
{"counter":691,"type":"move","frame":{"millis":13400,"tic":469},"actor":{"position":{"x":-17520417,"y":-4738698,"z":0,"angle":436207616,"subsector":4566993016},"type":"player","health":98,"armor":95,"id":4567120880}}
{"counter":692,"type":"move","frame":{"millis":13400,"tic":469},"actor":{"position":{"x":-17578857,"y":-4104502,"z":0,"angle":436207616,"subsector":4566993016},"type":"player","health":98,"armor":95,"id":4567120880}}
{"counter":693,"type":"move","frame":{"millis":13400,"tic":469},"actor":{"position":{"x":-9813184,"y":-8468032,"z":0,"angle":3221225472,"subsector":4566992968},"type":"shotgun_soldier","health":30,"id":4567172528}}
{"counter":694,"type":"move","frame":{"millis":13429,"tic":470},"actor":{"position":{"x":-17578857,"y":-4104502,"z":0,"angle":335544320,"subsector":4566993016},"type":"player","health":98,"armor":95,"id":4567120880}}
{"counter":695,"type":"move","frame":{"millis":13430,"tic":470},"actor":{"position":{"x":-17541530,"y":-3481458,"z":0,"angle":335544320,"subsector":4566993016},"type":"player","health":98,"armor":95,"id":4567120880}}
{"counter":696,"type":"move","frame":{"millis":13430,"tic":470},"actor":{"position":{"x":-19591824,"y":-21584304,"z":-1048576,"angle":3758096384,"subsector":4566992792},"type":"spectre","health":150,"id":4567162232}}
{"counter":697,"type":"move","frame":{"millis":13430,"tic":470},"actor":{"position":{"x":8229760,"y":-2780288,"z":0,"angle":2147483648,"subsector":4566992936},"type":"imp","health":60,"id":4567172000}}
{"counter":698,"type":"move","frame":{"millis":13430,"tic":470},"actor":{"position":{"x":14637824,"y":-42240,"z":0,"angle":2684354560,"subsector":4566993016},"type":"imp","health":60,"id":4567172264}}
{"counter":699,"type":"move","frame":{"millis":13458,"tic":471},"actor":{"position":{"x":-17541530,"y":-3481458,"z":0,"angle":234881024,"subsector":4566993016},"type":"player","health":98,"armor":95,"id":4567120880}}
{"counter":700,"type":"move","frame":{"millis":13458,"tic":471},"actor":{"position":{"x":-17411303,"y":-2882291,"z":0,"angle":234881024,"subsector":4566993016},"type":"player","health":98,"armor":95,"id":4567120880}}
{"counter":701,"type":"move","frame":{"millis":13486,"tic":472},"actor":{"position":{"x":-17411303,"y":-2882291,"z":0,"angle":134217728,"subsector":4566993016},"type":"player","health":98,"armor":95,"id":4567120880}}
{"counter":702,"type":"move","frame":{"millis":13486,"tic":472},"actor":{"position":{"x":-17192862,"y":-2319281,"z":0,"angle":134217728,"subsector":4566993016},"type":"player","health":98,"armor":95,"id":4567120880}}
{"counter":703,"type":"move","frame":{"millis":13486,"tic":472},"actor":{"position":{"x":-19121824,"y":-21114304,"z":-1048576,"angle":0,"subsector":4566992792},"type":"spectre","health":150,"id":4567162232}}
{"counter":704,"type":"move","frame":{"millis":13486,"tic":472},"actor":{"position":{"x":-9813184,"y":-8992320,"z":0,"angle":3221225472,"subsector":4566992968},"type":"shotgun_soldier","health":30,"id":4567172528}}
{"counter":705,"type":"move","frame":{"millis":13515,"tic":473},"actor":{"position":{"x":-17192862,"y":-2319281,"z":0,"angle":33554432,"subsector":4566993016},"type":"player","health":98,"armor":95,"id":4567120880}}
{"counter":706,"type":"move","frame":{"millis":13515,"tic":473},"actor":{"position":{"x":-16892627,"y":-1803992,"z":0,"angle":33554432,"subsector":4566993016},"type":"player","health":98,"armor":95,"id":4567120880}}
{"counter":707,"type":"move","frame":{"millis":13515,"tic":473},"actor":{"position":{"x":7705472,"y":-2780288,"z":0,"angle":2147483648,"subsector":4566992936},"type":"imp","health":60,"id":4567172000}}
{"counter":708,"type":"move","frame":{"millis":13516,"tic":473},"actor":{"position":{"x":14637824,"y":-566528,"z":0,"angle":2684354560,"subsector":4566992936},"type":"imp","health":60,"id":4567172264}}
{"counter":709,"type":"move","frame":{"millis":13543,"tic":474},"actor":{"position":{"x":-16892627,"y":-1803992,"z":0,"angle":4227858432,"subsector":4566993016},"type":"player","health":98,"armor":95,"id":4567120880}}
{"counter":710,"type":"move","frame":{"millis":13543,"tic":474},"actor":{"position":{"x":-16518631,"y":-1347009,"z":0,"angle":4227858432,"subsector":4566993016},"type":"player","health":98,"armor":95,"id":4567120880}}
{"counter":711,"type":"move","frame":{"millis":13543,"tic":474},"actor":{"position":{"x":-18651824,"y":-20644304,"z":-1048576,"angle":536870912,"subsector":4566992792},"type":"spectre","health":150,"id":4567162232}}
{"counter":712,"type":"move","frame":{"millis":13573,"tic":475},"actor":{"position":{"x":-16518631,"y":-1347009,"z":0,"angle":4127195136,"subsector":4566993016},"type":"player","health":98,"armor":95,"id":4567120880}}
{"counter":713,"type":"move","frame":{"millis":13573,"tic":475},"actor":{"position":{"x":-16080358,"y":-957712,"z":0,"angle":4127195136,"subsector":4566993016},"type":"player","health":98,"armor":95,"id":4567120880}}
{"counter":714,"type":"attacked","frame":{"millis":13573,"tic":475},"actor":{"position":{"x":-9813184,"y":-8992320,"z":0,"angle":3221225472,"subsector":4566992968},"type":"shotgun_soldier","health":30,"id":4567172528},"target":{"position":{"x":-16080358,"y":-957712,"z":0,"angle":4127195136,"subsector":4566993016},"type":"player","health":98,"armor":95,"id":4567120880}}
{"counter":715,"type":"move","frame":{"millis":13601,"tic":476},"actor":{"position":{"x":-16080358,"y":-957712,"z":0,"angle":4026531840,"subsector":4566993016},"type":"player","health":98,"armor":95,"id":4567120880}}
{"counter":716,"type":"move","frame":{"millis":13601,"tic":476},"actor":{"position":{"x":-15588556,"y":-644062,"z":0,"angle":4026531840,"subsector":4566993016},"type":"player","health":98,"armor":95,"id":4567120880}}
{"counter":717,"type":"move","frame":{"millis":13601,"tic":476},"actor":{"position":{"x":-18181824,"y":-20174304,"z":-1048576,"angle":536870912,"subsector":4566992792},"type":"spectre","health":150,"id":4567162232}}
{"counter":718,"type":"move","frame":{"millis":13601,"tic":476},"actor":{"position":{"x":7181184,"y":-2780288,"z":0,"angle":2147483648,"subsector":4566992936},"type":"imp","health":60,"id":4567172000}}
{"counter":719,"type":"move","frame":{"millis":13601,"tic":476},"actor":{"position":{"x":14637824,"y":-1090816,"z":0,"angle":3221225472,"subsector":4566992936},"type":"imp","health":60,"id":4567172264}}
{"counter":720,"type":"move","frame":{"millis":13629,"tic":477},"actor":{"position":{"x":-15588556,"y":-644062,"z":0,"angle":3925868544,"subsector":4566993016},"type":"player","health":98,"armor":95,"id":4567120880}}
{"counter":721,"type":"move","frame":{"millis":13629,"tic":477},"actor":{"position":{"x":-15055010,"y":-412427,"z":0,"angle":3925868544,"subsector":4566993016},"type":"player","health":98,"armor":95,"id":4567120880}}
{"counter":722,"type":"move","frame":{"millis":13658,"tic":478},"actor":{"position":{"x":-15055010,"y":-412427,"z":0,"angle":3841982464,"subsector":4566993016},"type":"player","health":98,"armor":95,"id":4567120880}}
{"counter":723,"type":"move","frame":{"millis":13658,"tic":478},"actor":{"position":{"x":-14490734,"y":-265476,"z":0,"angle":3841982464,"subsector":4566993016},"type":"player","health":98,"armor":95,"id":4567120880}}
{"counter":724,"type":"move","frame":{"millis":13658,"tic":478},"actor":{"position":{"x":-17711824,"y":-19704304,"z":-1048576,"angle":536870912,"subsector":4566992792},"type":"spectre","health":150,"id":4567162232}}
{"counter":725,"type":"move","frame":{"millis":13686,"tic":479},"actor":{"position":{"x":-14490734,"y":-265476,"z":0,"angle":3841982464,"subsector":4566993016},"type":"player","health":98,"armor":95,"id":4567120880}}
{"counter":726,"type":"move","frame":{"millis":13686,"tic":479},"actor":{"position":{"x":-13898609,"y":-195270,"z":0,"angle":3841982464,"subsector":4566993016},"type":"player","health":98,"armor":95,"id":4567120880}}
{"counter":727,"type":"move","frame":{"millis":13686,"tic":479},"actor":{"position":{"x":6656896,"y":-2780288,"z":0,"angle":2147483648,"subsector":4566992936},"type":"imp","health":60,"id":4567172000}}
{"counter":728,"type":"move","frame":{"millis":13686,"tic":479},"actor":{"position":{"x":14637824,"y":-1615104,"z":0,"angle":3221225472,"subsector":4566992936},"type":"imp","health":60,"id":4567172264}}
{"counter":729,"type":"move","frame":{"millis":13715,"tic":480},"actor":{"position":{"x":-13898609,"y":-195270,"z":0,"angle":3875536896,"subsector":4566993016},"type":"player","health":98,"armor":95,"id":4567120880}}
{"counter":730,"type":"move","frame":{"millis":13715,"tic":480},"actor":{"position":{"x":-13278254,"y":-190576,"z":0,"angle":3875536896,"subsector":4566993016},"type":"player","health":98,"armor":95,"id":4567120880}}
{"counter":731,"type":"move","frame":{"millis":13716,"tic":480},"actor":{"position":{"x":-17241824,"y":-19234304,"z":-1048576,"angle":536870912,"subsector":4566992792},"type":"spectre","health":150,"id":4567162232}}
{"counter":732,"type":"move","frame":{"millis":13743,"tic":481},"actor":{"position":{"x":-13278254,"y":-190576,"z":0,"angle":3942645760,"subsector":4566993016},"type":"player","health":98,"armor":95,"id":4567120880}}
{"counter":733,"type":"move","frame":{"millis":13743,"tic":481},"actor":{"position":{"x":-12626943,"y":-236761,"z":0,"angle":3942645760,"subsector":4566993016},"type":"player","health":98,"armor":95,"id":4567120880}}
{"counter":734,"type":"move","frame":{"millis":13772,"tic":482},"actor":{"position":{"x":-12626943,"y":-236761,"z":0,"angle":4043309056,"subsector":4566993016},"type":"player","health":98,"armor":95,"id":4567120880}}
{"counter":735,"type":"move","frame":{"millis":13773,"tic":482},"actor":{"position":{"x":-11941142,"y":-315433,"z":0,"angle":4043309056,"subsector":4566993016},"type":"player","health":98,"armor":95,"id":4567120880}}
{"counter":736,"type":"move","frame":{"millis":13773,"tic":482},"actor":{"position":{"x":-16771824,"y":-18764304,"z":-1048576,"angle":536870912,"subsector":4566992792},"type":"spectre","health":150,"id":4567162232}}
{"counter":737,"type":"move","frame":{"millis":13773,"tic":482},"actor":{"position":{"x":6132608,"y":-2780288,"z":0,"angle":2147483648,"subsector":4566992936},"type":"imp","health":60,"id":4567172000}}
{"counter":738,"type":"move","frame":{"millis":13773,"tic":482},"actor":{"position":{"x":14637824,"y":-2139392,"z":0,"angle":3221225472,"subsector":4566992936},"type":"imp","health":60,"id":4567172264}}
{"counter":739,"type":"move","frame":{"millis":13801,"tic":483},"actor":{"position":{"x":-11941142,"y":-315433,"z":0,"angle":4143972352,"subsector":4566993016},"type":"player","health":98,"armor":95,"id":4567120880}}
{"counter":740,"type":"move","frame":{"millis":13801,"tic":483},"actor":{"position":{"x":-11219715,"y":-409127,"z":0,"angle":4143972352,"subsector":4566993016},"type":"player","health":98,"armor":95,"id":4567120880}}
{"counter":741,"type":"move","frame":{"millis":13829,"tic":484},"actor":{"position":{"x":-11219715,"y":-409127,"z":0,"angle":4261412864,"subsector":4566993016},"type":"player","health":98,"armor":95,"id":4567120880}}
{"counter":742,"type":"move","frame":{"millis":13829,"tic":484},"actor":{"position":{"x":-10463644,"y":-499023,"z":0,"angle":4261412864,"subsector":4566993016},"type":"player","health":98,"armor":95,"id":4567120880}}
{"counter":743,"type":"move","frame":{"millis":13829,"tic":484},"actor":{"position":{"x":-16301824,"y":-18294304,"z":-1048576,"angle":536870912,"subsector":4566992792},"type":"spectre","health":150,"id":4567162232}}
{"counter":744,"type":"move","frame":{"millis":13859,"tic":485},"actor":{"position":{"x":-10463644,"y":-499023,"z":0,"angle":67108864,"subsector":4566993016},"type":"player","health":98,"armor":95,"id":4567120880}}
{"counter":745,"type":"move","frame":{"millis":13859,"tic":485},"actor":{"position":{"x":-9676554,"y":-570417,"z":0,"angle":67108864,"subsector":4566993016},"type":"player","health":98,"armor":95,"id":4567120880}}
{"counter":746,"type":"move","frame":{"millis":13859,"tic":485},"actor":{"position":{"x":5756608,"y":-2404288,"z":0,"angle":2147483648,"subsector":4566992936},"type":"imp","health":60,"id":4567172000}}
{"counter":747,"type":"move","frame":{"millis":13859,"tic":485},"actor":{"position":{"x":14637824,"y":-2663680,"z":0,"angle":3221225472,"subsector":4566992936},"type":"imp","health":60,"id":4567172264}}
{"damage":6,"counter":748,"type":"hit","frame":{"millis":13859,"tic":485},"actor":{"position":{"x":-9813184,"y":-8992320,"z":0,"angle":1062728297,"subsector":4566992968},"type":"shotgun_soldier","health":30,"id":4567172528},"target":{"position":{"x":-9676554,"y":-570417,"z":0,"angle":67108864,"subsector":4566993016},"type":"player","health":92,"armor":92,"id":4567120880}}
{"damage":4,"counter":749,"type":"hit","frame":{"millis":13859,"tic":485},"actor":{"position":{"x":-9813184,"y":-8992320,"z":0,"angle":1062728297,"subsector":4566992968},"type":"shotgun_soldier","health":30,"id":4567172528},"target":{"position":{"x":-9676554,"y":-570417,"z":0,"angle":67108864,"subsector":4566993016},"type":"player","health":88,"armor":90,"id":4567120880}}
{"damage":10,"counter":750,"type":"hit","frame":{"millis":13859,"tic":485},"actor":{"position":{"x":-9813184,"y":-8992320,"z":0,"angle":1062728297,"subsector":4566992968},"type":"shotgun_soldier","health":30,"id":4567172528},"target":{"position":{"x":-9676554,"y":-570417,"z":0,"angle":67108864,"subsector":4566993016},"type":"player","health":78,"armor":85,"id":4567120880}}
{"counter":751,"type":"move","frame":{"millis":13886,"tic":486},"actor":{"position":{"x":-9676554,"y":-570417,"z":0,"angle":318767104,"subsector":4566993016},"type":"player","health":78,"armor":85,"id":4567120880}}
{"counter":752,"type":"move","frame":{"millis":13886,"tic":486},"actor":{"position":{"x":-8867756,"y":-343318,"z":0,"angle":318767104,"subsector":4566993016},"type":"player","health":78,"armor":85,"id":4567120880}}
{"counter":753,"type":"move","frame":{"millis":13886,"tic":486},"actor":{"position":{"x":-15831824,"y":-17824304,"z":-1048576,"angle":536870912,"subsector":4566992792},"type":"spectre","health":150,"id":4567162232}}
{"counter":754,"type":"move","frame":{"millis":13916,"tic":487},"actor":{"position":{"x":-8867756,"y":-343318,"z":0,"angle":318767104,"subsector":4566993016},"type":"player","health":78,"armor":85,"id":4567120880}}
{"counter":755,"type":"move","frame":{"millis":13916,"tic":487},"actor":{"position":{"x":-8043335,"y":-91435,"z":0,"angle":318767104,"subsector":4566993016},"type":"player","health":78,"armor":85,"id":4567120880}}
{"counter":756,"type":"move","frame":{"millis":13943,"tic":488},"actor":{"position":{"x":-8043335,"y":-91435,"z":0,"angle":402653184,"subsector":4566993016},"type":"player","health":78,"armor":85,"id":4567120880}}
{"counter":757,"type":"move","frame":{"millis":13943,"tic":488},"actor":{"position":{"x":-7211084,"y":193754,"z":0,"angle":402653184,"subsector":4566993016},"type":"player","health":78,"armor":85,"id":4567120880}}
{"counter":758,"type":"move","frame":{"millis":13943,"tic":488},"actor":{"position":{"x":-15361824,"y":-17354304,"z":-1048576,"angle":536870912,"subsector":4566992792},"type":"spectre","health":150,"id":4567162232}}
{"counter":759,"type":"move","frame":{"millis":13943,"tic":488},"actor":{"position":{"x":5380608,"y":-2028288,"z":0,"angle":1610612736,"subsector":4566992936},"type":"imp","health":60,"id":4567172000}}
{"counter":760,"type":"move","frame":{"millis":13943,"tic":488},"actor":{"position":{"x":14261824,"y":-2287680,"z":0,"angle":3221225472,"subsector":4566992936},"type":"imp","health":60,"id":4567172264}}
{"counter":761,"type":"move","frame":{"millis":13972,"tic":489},"actor":{"position":{"x":-7211084,"y":193754,"z":0,"angle":419430400,"subsector":4566993016},"type":"player","health":78,"armor":85,"id":4567120880}}
{"counter":762,"type":"move","frame":{"millis":13972,"tic":489},"actor":{"position":{"x":-6373161,"y":511199,"z":0,"angle":419430400,"subsector":4566993016},"type":"player","health":78,"armor":85,"id":4567120880}}
{"counter":763,"type":"move","frame":{"millis":14000,"tic":490},"actor":{"position":{"x":-6373161,"y":511199,"z":0,"angle":402653184,"subsector":4566993016},"type":"player","health":78,"armor":85,"id":4567120880}}
{"counter":764,"type":"move","frame":{"millis":14000,"tic":490},"actor":{"position":{"x":-5528674,"y":855804,"z":0,"angle":402653184,"subsector":4566993016},"type":"player","health":78,"armor":85,"id":4567120880}}
{"counter":765,"type":"move","frame":{"millis":14000,"tic":490},"actor":{"position":{"x":-14891824,"y":-16884304,"z":-1048576,"angle":536870912,"subsector":4566992792},"type":"spectre","health":150,"id":4567162232}}
{"counter":766,"type":"move","frame":{"millis":14029,"tic":491},"actor":{"position":{"x":-5528674,"y":855804,"z":0,"angle":369098752,"subsector":4566993016},"type":"player","health":78,"armor":85,"id":4567120880}}
{"counter":767,"type":"move","frame":{"millis":14029,"tic":491},"actor":{"position":{"x":-4733503,"y":1186012,"z":0,"angle":369098752,"subsector":4566993176},"type":"player","health":78,"armor":85,"id":4567120880}}
{"counter":768,"type":"move","frame":{"millis":14029,"tic":491},"actor":{"position":{"x":5004608,"y":-1652288,"z":0,"angle":1610612736,"subsector":4566993016},"type":"imp","health":60,"id":4567172000}}
{"counter":769,"type":"move","frame":{"millis":14029,"tic":491},"actor":{"position":{"x":13885824,"y":-1911680,"z":0,"angle":2684354560,"subsector":4566992936},"type":"imp","health":60,"id":4567172264}}
{"counter":770,"type":"move","frame":{"millis":14058,"tic":492},"actor":{"position":{"x":-4733503,"y":1186012,"z":0,"angle":369098752,"subsector":4566993176},"type":"player","health":78,"armor":85,"id":4567120880}}
{"counter":771,"type":"move","frame":{"millis":14058,"tic":492},"actor":{"position":{"x":-3925070,"y":1537939,"z":0,"angle":369098752,"subsector":4566993176},"type":"player","health":78,"armor":85,"id":4567120880}}
{"counter":772,"type":"move","frame":{"millis":14059,"tic":492},"actor":{"position":{"x":-14421824,"y":-16414304,"z":-1048576,"angle":536870912,"subsector":4566992792},"type":"spectre","health":150,"id":4567162232}}
{"counter":773,"type":"move","frame":{"millis":14087,"tic":493},"actor":{"position":{"x":-3925070,"y":1537939,"z":0,"angle":369098752,"subsector":4566993176},"type":"player","health":78,"armor":85,"id":4567120880}}
{"counter":774,"type":"move","frame":{"millis":14087,"tic":493},"actor":{"position":{"x":-3104618,"y":1909548,"z":0,"angle":369098752,"subsector":4566993176},"type":"player","health":78,"armor":85,"id":4567120880}}
{"counter":775,"type":"move","frame":{"millis":14115,"tic":494},"actor":{"position":{"x":-3104618,"y":1909548,"z":0,"angle":369098752,"subsector":4566993176},"type":"player","health":78,"armor":85,"id":4567120880}}
{"counter":776,"type":"move","frame":{"millis":14115,"tic":494},"actor":{"position":{"x":-2273274,"y":2298994,"z":0,"angle":369098752,"subsector":4566993176},"type":"player","health":78,"armor":85,"id":4567120880}}
{"counter":777,"type":"move","frame":{"millis":14115,"tic":494},"actor":{"position":{"x":-13951824,"y":-15944304,"z":-1048576,"angle":536870912,"subsector":4566992792},"type":"spectre","health":150,"id":4567162232}}
{"counter":778,"type":"move","frame":{"millis":14115,"tic":494},"actor":{"position":{"x":4628608,"y":-1276288,"z":0,"angle":1610612736,"subsector":4566993016},"type":"imp","health":60,"id":4567172000}}
{"counter":779,"type":"move","frame":{"millis":14115,"tic":494},"actor":{"position":{"x":13509824,"y":-1535680,"z":0,"angle":2147483648,"subsector":4566992936},"type":"imp","health":60,"id":4567172264}}
{"counter":780,"type":"move","frame":{"millis":14144,"tic":495},"actor":{"position":{"x":-2273274,"y":2298994,"z":0,"angle":369098752,"subsector":4566993176},"type":"player","health":78,"armor":85,"id":4567120880}}
{"counter":781,"type":"move","frame":{"millis":14144,"tic":495},"actor":{"position":{"x":-1432059,"y":2704605,"z":0,"angle":369098752,"subsector":4566993176},"type":"player","health":78,"armor":85,"id":4567120880}}
{"counter":782,"type":"move","frame":{"millis":14172,"tic":496},"actor":{"position":{"x":-1432059,"y":2704605,"z":0,"angle":369098752,"subsector":4566993176},"type":"player","health":78,"armor":85,"id":4567120880}}
{"counter":783,"type":"move","frame":{"millis":14172,"tic":496},"actor":{"position":{"x":-581898,"y":3124865,"z":0,"angle":369098752,"subsector":4566993176},"type":"player","health":78,"armor":85,"id":4567120880}}
{"counter":784,"type":"move","frame":{"millis":14172,"tic":496},"actor":{"position":{"x":-13481824,"y":-15474304,"z":0,"angle":536870912,"subsector":4566992792},"type":"spectre","health":150,"id":4567162232}}
{"counter":785,"type":"move","frame":{"millis":14200,"tic":497},"actor":{"position":{"x":-581898,"y":3124865,"z":0,"angle":369098752,"subsector":4566993176},"type":"player","health":78,"armor":85,"id":4567120880}}
{"counter":786,"type":"move","frame":{"millis":14200,"tic":497},"actor":{"position":{"x":276370,"y":3558401,"z":0,"angle":369098752,"subsector":4566993176},"type":"player","health":78,"armor":85,"id":4567120880}}
{"counter":787,"type":"move","frame":{"millis":14201,"tic":497},"actor":{"position":{"x":4252608,"y":-900288,"z":0,"angle":1610612736,"subsector":4566993016},"type":"imp","health":60,"id":4567172000}}
{"counter":788,"type":"move","frame":{"millis":14201,"tic":497},"actor":{"position":{"x":13133824,"y":-1159680,"z":0,"angle":1610612736,"subsector":4566992936},"type":"imp","health":60,"id":4567172264}}
{"counter":789,"type":"move","frame":{"millis":14230,"tic":498},"actor":{"position":{"x":276370,"y":3558401,"z":0,"angle":369098752,"subsector":4566993176},"type":"player","health":78,"armor":85,"id":4567120880}}
{"counter":790,"type":"move","frame":{"millis":14230,"tic":498},"actor":{"position":{"x":1141985,"y":4003969,"z":0,"angle":369098752,"subsector":4566993176},"type":"player","health":78,"armor":85,"id":4567120880}}
{"counter":791,"type":"move","frame":{"millis":14230,"tic":498},"actor":{"position":{"x":-13011824,"y":-15004304,"z":0,"angle":536870912,"subsector":4566992792},"type":"spectre","health":150,"id":4567162232}}
{"counter":792,"type":"move","frame":{"millis":14258,"tic":499},"actor":{"position":{"x":1141985,"y":4003969,"z":0,"angle":369098752,"subsector":4566993176},"type":"player","health":78,"armor":85,"id":4567120880}}
{"counter":793,"type":"move","frame":{"millis":14258,"tic":499},"actor":{"position":{"x":2014258,"y":4460441,"z":0,"angle":369098752,"subsector":4566993176},"type":"player","health":78,"armor":85,"id":4567120880}}
{"counter":794,"type":"move","frame":{"millis":14286,"tic":500},"actor":{"position":{"x":2014258,"y":4460441,"z":0,"angle":352321536,"subsector":4566993176},"type":"player","health":78,"armor":85,"id":4567120880}}
{"counter":795,"type":"move","frame":{"millis":14286,"tic":500},"actor":{"position":{"x":2893831,"y":4924624,"z":0,"angle":352321536,"subsector":4566993176},"type":"player","health":78,"armor":85,"id":4567120880}}
{"counter":796,"type":"move","frame":{"millis":14286,"tic":500},"actor":{"position":{"x":-12541824,"y":-14534304,"z":0,"angle":536870912,"subsector":4566992792},"type":"spectre","health":150,"id":4567162232}}
{"counter":797,"type":"move","frame":{"millis":14286,"tic":500},"actor":{"position":{"x":3876608,"y":-524288,"z":0,"angle":1610612736,"subsector":4566993016},"type":"imp","health":60,"id":4567172000}}
{"counter":798,"type":"move","frame":{"millis":14286,"tic":500},"actor":{"position":{"x":12609536,"y":-1159680,"z":0,"angle":1610612736,"subsector":4566992936},"type":"imp","health":60,"id":4567172264}}
{"counter":799,"type":"move","frame":{"millis":14315,"tic":501},"actor":{"position":{"x":2893831,"y":4924624,"z":0,"angle":352321536,"subsector":4566993176},"type":"player","health":78,"armor":85,"id":4567120880}}
{"counter":800,"type":"move","frame":{"millis":14315,"tic":501},"actor":{"position":{"x":3780020,"y":5395795,"z":0,"angle":352321536,"subsector":4566993176},"type":"player","health":78,"armor":85,"id":4567120880}}
{"counter":801,"type":"move","frame":{"millis":14343,"tic":502},"actor":{"position":{"x":3780020,"y":5395795,"z":0,"angle":352321536,"subsector":4566993176},"type":"player","health":78,"armor":85,"id":4567120880}}
{"counter":802,"type":"move","frame":{"millis":14343,"tic":502},"actor":{"position":{"x":4672204,"y":5873299,"z":0,"angle":352321536,"subsector":4566993192},"type":"player","health":78,"armor":85,"id":4567120880}}
{"counter":803,"type":"move","frame":{"millis":14343,"tic":502},"actor":{"position":{"x":-12071824,"y":-14064304,"z":0,"angle":536870912,"subsector":4566992968},"type":"spectre","health":150,"id":4567162232}}
{"counter":804,"type":"move","frame":{"millis":14372,"tic":503},"actor":{"position":{"x":4672204,"y":5873299,"z":0,"angle":402653184,"subsector":4566993192},"type":"player","health":78,"armor":85,"id":4567120880}}
{"counter":805,"type":"move","frame":{"millis":14372,"tic":503},"actor":{"position":{"x":5565865,"y":6362958,"z":0,"angle":402653184,"subsector":4566993192},"type":"player","health":78,"armor":85,"id":4567120880}}
{"counter":806,"type":"targeted","frame":{"millis":14372,"tic":503},"actor":{"position":{"x":58720256,"y":11534336,"z":0,"angle":2147483648,"subsector":4566994424},"type":"spectre","health":150,"id":4567137416},"target":{"position":{"x":5565865,"y":6362958,"z":0,"angle":402653184,"subsector":4566993192},"type":"player","health":78,"armor":85,"id":4567120880}}
{"counter":807,"type":"move","frame":{"millis":14372,"tic":503},"actor":{"position":{"x":58250256,"y":11064336,"z":0,"angle":2684354560,"subsector":4566994424},"type":"spectre","health":150,"id":4567137416}}
{"counter":808,"type":"move","frame":{"millis":14372,"tic":503},"actor":{"position":{"x":3500608,"y":-148288,"z":0,"angle":1610612736,"subsector":4566993016},"type":"imp","health":60,"id":4567172000}}
{"counter":809,"type":"move","frame":{"millis":14372,"tic":503},"actor":{"position":{"x":12085248,"y":-1159680,"z":0,"angle":2147483648,"subsector":4566992936},"type":"imp","health":60,"id":4567172264}}
{"counter":810,"type":"move","frame":{"millis":14400,"tic":504},"actor":{"position":{"x":5565865,"y":6362958,"z":0,"angle":520093696,"subsector":4566993192},"type":"player","health":78,"armor":85,"id":4567120880}}
{"counter":811,"type":"move","frame":{"millis":14400,"tic":504},"actor":{"position":{"x":6449879,"y":6877346,"z":0,"angle":520093696,"subsector":4566993032},"type":"player","health":78,"armor":85,"id":4567120880}}
{"counter":812,"type":"move","frame":{"millis":14400,"tic":504},"actor":{"position":{"x":-11601824,"y":-13594304,"z":0,"angle":536870912,"subsector":4566992968},"type":"spectre","health":150,"id":4567162232}}
{"counter":813,"type":"move","frame":{"millis":14429,"tic":505},"actor":{"position":{"x":6449879,"y":6877346,"z":0,"angle":671088640,"subsector":4566993032},"type":"player","health":78,"armor":85,"id":4567120880}}
{"counter":814,"type":"move","frame":{"millis":14429,"tic":505},"actor":{"position":{"x":7307872,"y":7428674,"z":0,"angle":671088640,"subsector":4566993032},"type":"player","health":78,"armor":85,"id":4567120880}}
{"counter":815,"type":"targeted","frame":{"millis":14429,"tic":505},"actor":{"position":{"x":16777216,"y":39845888,"z":3670016,"angle":3221225472,"subsector":4566993528},"type":"imp","health":60,"id":4567132664},"target":{"position":{"x":7307872,"y":7428674,"z":0,"angle":671088640,"subsector":4566993032},"type":"player","health":78,"armor":85,"id":4567120880}}
{"counter":816,"type":"move","frame":{"millis":14429,"tic":505},"actor":{"position":{"x":16401216,"y":39469888,"z":3670016,"angle":3758096384,"subsector":4566993528},"type":"imp","health":60,"id":4567132664}}
{"counter":817,"type":"move","frame":{"millis":14429,"tic":505},"actor":{"position":{"x":57780256,"y":10594336,"z":0,"angle":2684354560,"subsector":4566994424},"type":"spectre","health":150,"id":4567137416}}
{"counter":818,"type":"move","frame":{"millis":14429,"tic":505},"actor":{"position":{"x":-9437184,"y":-8616320,"z":0,"angle":0,"subsector":4566992968},"type":"shotgun_soldier","health":30,"id":4567172528}}
{"counter":819,"type":"move","frame":{"millis":14458,"tic":506},"actor":{"position":{"x":7307872,"y":7428674,"z":0,"angle":838860800,"subsector":4566993032},"type":"player","health":78,"armor":85,"id":4567120880}}
{"counter":820,"type":"move","frame":{"millis":14458,"tic":506},"actor":{"position":{"x":8119887,"y":8024741,"z":0,"angle":838860800,"subsector":4566993032},"type":"player","health":78,"armor":85,"id":4567120880}}
{"counter":821,"type":"move","frame":{"millis":14458,"tic":506},"actor":{"position":{"x":-11131824,"y":-13124304,"z":0,"angle":536870912,"subsector":4566992968},"type":"spectre","health":150,"id":4567162232}}
{"counter":822,"type":"move","frame":{"millis":14458,"tic":506},"actor":{"position":{"x":3124608,"y":227712,"z":0,"angle":1610612736,"subsector":4566993016},"type":"imp","health":60,"id":4567172000}}
{"counter":823,"type":"move","frame":{"millis":14458,"tic":506},"actor":{"position":{"x":11560960,"y":-1159680,"z":0,"angle":2147483648,"subsector":4566992936},"type":"imp","health":60,"id":4567172264}}
{"counter":824,"type":"move","frame":{"millis":14487,"tic":507},"actor":{"position":{"x":8119887,"y":8024741,"z":0,"angle":1023410176,"subsector":4566993032},"type":"player","health":78,"armor":85,"id":4567120880}}
{"counter":825,"type":"move","frame":{"millis":14487,"tic":507},"actor":{"position":{"x":8863268,"y":8667051,"z":0,"angle":1023410176,"subsector":4566993032},"type":"player","health":78,"armor":85,"id":4567120880}}
{"counter":826,"type":"move","frame":{"millis":14487,"tic":507},"actor":{"position":{"x":57124896,"y":10594336,"z":0,"angle":2684354560,"subsector":4566994424},"type":"spectre","health":150,"id":4567137416}}
{"counter":827,"type":"move","frame":{"millis":14516,"tic":508},"actor":{"position":{"x":8863268,"y":8667051,"z":0,"angle":1224736768,"subsector":4566993032},"type":"player","health":78,"armor":85,"id":4567120880}}
{"counter":828,"type":"move","frame":{"millis":14516,"tic":508},"actor":{"position":{"x":9514483,"y":9349047,"z":0,"angle":1224736768,"subsector":4566993032},"type":"player","health":78,"armor":85,"id":4567120880}}
{"counter":829,"type":"targeted","frame":{"millis":14516,"tic":508},"actor":{"position":{"x":10485760,"y":46137344,"z":3670016,"angle":3221225472,"subsector":4566993688},"type":"soldier","health":20,"id":4567131872},"target":{"position":{"x":9514483,"y":9349047,"z":0,"angle":1224736768,"subsector":4566993032},"type":"player","health":78,"armor":85,"id":4567120880}}
{"counter":830,"type":"move","frame":{"millis":14516,"tic":508},"actor":{"position":{"x":10109760,"y":45761344,"z":3670016,"angle":3758096384,"subsector":4566993688},"type":"soldier","health":20,"id":4567131872}}
{"counter":831,"type":"move","frame":{"millis":14516,"tic":508},"actor":{"position":{"x":16025216,"y":39093888,"z":3670016,"angle":3221225472,"subsector":4566993528},"type":"imp","health":60,"id":4567132664}}
{"counter":832,"type":"move","frame":{"millis":14516,"tic":508},"actor":{"position":{"x":-10661824,"y":-12654304,"z":0,"angle":536870912,"subsector":4566992968},"type":"spectre","health":150,"id":4567162232}}
{"counter":833,"type":"move","frame":{"millis":14516,"tic":508},"actor":{"position":{"x":-9061184,"y":-8240320,"z":0,"angle":536870912,"subsector":4566992968},"type":"shotgun_soldier","health":30,"id":4567172528}}
{"counter":834,"type":"move","frame":{"millis":14543,"tic":509},"actor":{"position":{"x":9514483,"y":9349047,"z":0,"angle":1342177280,"subsector":4566993032},"type":"player","health":78,"armor":85,"id":4567120880}}
{"counter":835,"type":"move","frame":{"millis":14543,"tic":509},"actor":{"position":{"x":10065424,"y":10061694,"z":0,"angle":1342177280,"subsector":4566993032},"type":"player","health":78,"armor":85,"id":4567120880}}
{"counter":836,"type":"move","frame":{"millis":14543,"tic":509},"actor":{"position":{"x":56469536,"y":10594336,"z":0,"angle":2147483648,"subsector":4566994424},"type":"spectre","health":150,"id":4567137416}}
{"counter":837,"type":"move","frame":{"millis":14543,"tic":509},"actor":{"position":{"x":2748608,"y":603712,"z":0,"angle":1610612736,"subsector":4566993016},"type":"imp","health":60,"id":4567172000}}
{"counter":838,"type":"move","frame":{"millis":14543,"tic":509},"actor":{"position":{"x":11036672,"y":-1159680,"z":0,"angle":2147483648,"subsector":4566992936},"type":"imp","health":60,"id":4567172264}}
{"counter":839,"type":"move","frame":{"millis":14572,"tic":510},"actor":{"position":{"x":10065424,"y":10061694,"z":0,"angle":1342177280,"subsector":4566993032},"type":"player","health":78,"armor":85,"id":4567120880}}
{"counter":840,"type":"move","frame":{"millis":14572,"tic":510},"actor":{"position":{"x":10525492,"y":10802119,"z":0,"angle":1342177280,"subsector":4566993032},"type":"player","health":78,"armor":85,"id":4567120880}}
{"counter":841,"type":"move","frame":{"millis":14572,"tic":510},"actor":{"position":{"x":-10191824,"y":-12184304,"z":0,"angle":536870912,"subsector":4566992968},"type":"spectre","health":150,"id":4567162232}}
{"counter":842,"type":"move","frame":{"millis":14601,"tic":511},"actor":{"position":{"x":10525492,"y":10802119,"z":0,"angle":1342177280,"subsector":4566993032},"type":"player","health":78,"armor":85,"id":4567120880}}
{"counter":843,"type":"move","frame":{"millis":14601,"tic":511},"actor":{"position":{"x":10903206,"y":11567718,"z":0,"angle":1342177280,"subsector":4566993032},"type":"player","health":78,"armor":85,"id":4567120880}}
{"counter":844,"type":"move","frame":{"millis":14601,"tic":511},"actor":{"position":{"x":15649216,"y":38717888,"z":3670016,"angle":2684354560,"subsector":4566993528},"type":"imp","health":60,"id":4567132664}}
{"counter":845,"type":"move","frame":{"millis":14601,"tic":511},"actor":{"position":{"x":55814176,"y":10594336,"z":0,"angle":2147483648,"subsector":4566994424},"type":"spectre","health":150,"id":4567137416}}
{"counter":846,"type":"move","frame":{"millis":14601,"tic":511},"actor":{"position":{"x":-8685184,"y":-7864320,"z":0,"angle":536870912,"subsector":4566992968},"type":"shotgun_soldier","health":30,"id":4567172528}}
{"counter":847,"type":"move","frame":{"millis":14629,"tic":512},"actor":{"position":{"x":10903206,"y":11567718,"z":0,"angle":1342177280,"subsector":4566993032},"type":"player","health":78,"armor":85,"id":4567120880}}
{"counter":848,"type":"move","frame":{"millis":14629,"tic":512},"actor":{"position":{"x":11206287,"y":12356131,"z":0,"angle":1342177280,"subsector":4566993032},"type":"player","health":78,"armor":85,"id":4567120880}}
{"counter":849,"type":"move","frame":{"millis":14629,"tic":512},"actor":{"position":{"x":9733760,"y":45385344,"z":3670016,"angle":3221225472,"subsector":4566993688},"type":"soldier","health":20,"id":4567131872}}
{"counter":850,"type":"move","frame":{"millis":14629,"tic":512},"actor":{"position":{"x":-9721824,"y":-11714304,"z":0,"angle":536870912,"subsector":4566992968},"type":"spectre","health":150,"id":4567162232}}
{"counter":851,"type":"move","frame":{"millis":14629,"tic":512},"actor":{"position":{"x":2372608,"y":979712,"z":0,"angle":1610612736,"subsector":4566993016},"type":"imp","health":60,"id":4567172000}}
{"counter":852,"type":"attacked","frame":{"millis":14629,"tic":512},"actor":{"position":{"x":11036672,"y":-1159680,"z":0,"angle":2147483648,"subsector":4566992936},"type":"imp","health":60,"id":4567172264},"target":{"position":{"x":11206287,"y":12356131,"z":0,"angle":1342177280,"subsector":4566993032},"type":"player","health":78,"armor":85,"id":4567120880}}
{"counter":853,"type":"move","frame":{"millis":14658,"tic":513},"actor":{"position":{"x":11206287,"y":12356131,"z":0,"angle":1342177280,"subsector":4566993032},"type":"player","health":78,"armor":85,"id":4567120880}}
{"counter":854,"type":"move","frame":{"millis":14658,"tic":513},"actor":{"position":{"x":11441732,"y":13165219,"z":0,"angle":1342177280,"subsector":4566993032},"type":"player","health":78,"armor":85,"id":4567120880}}
{"counter":855,"type":"move","frame":{"millis":14658,"tic":513},"actor":{"position":{"x":55158816,"y":10594336,"z":0,"angle":2147483648,"subsector":4566994424},"type":"spectre","health":150,"id":4567137416}}
{"counter":856,"type":"move","frame":{"millis":14686,"tic":514},"actor":{"position":{"x":11441732,"y":13165219,"z":0,"angle":1342177280,"subsector":4566993032},"type":"player","health":78,"armor":85,"id":4567120880}}
{"counter":857,"type":"move","frame":{"millis":14686,"tic":514},"actor":{"position":{"x":11615882,"y":13993044,"z":0,"angle":1342177280,"subsector":4566993032},"type":"player","health":78,"armor":85,"id":4567120880}}
{"counter":858,"type":"move","frame":{"millis":14686,"tic":514},"actor":{"position":{"x":15273216,"y":38341888,"z":3670016,"angle":2684354560,"subsector":4566993528},"type":"imp","health":60,"id":4567132664}}
{"counter":859,"type":"move","frame":{"millis":14686,"tic":514},"actor":{"position":{"x":-9251824,"y":-11244304,"z":0,"angle":536870912,"subsector":4566992968},"type":"spectre","health":150,"id":4567162232}}
{"counter":860,"type":"move","frame":{"millis":14687,"tic":514},"actor":{"position":{"x":-8160896,"y":-7864320,"z":0,"angle":536870912,"subsector":4566992968},"type":"shotgun_soldier","health":30,"id":4567172528}}
{"counter":861,"type":"move","frame":{"millis":14715,"tic":515},"actor":{"position":{"x":11615882,"y":13993044,"z":0,"angle":1342177280,"subsector":4566993032},"type":"player","health":78,"armor":85,"id":4567120880}}
{"counter":862,"type":"move","frame":{"millis":14715,"tic":515},"actor":{"position":{"x":11734483,"y":14837849,"z":0,"angle":1342177280,"subsector":4566993032},"type":"player","health":78,"armor":85,"id":4567120880}}
{"counter":863,"type":"move","frame":{"millis":14715,"tic":515},"actor":{"position":{"x":54503456,"y":10594336,"z":0,"angle":2147483648,"subsector":4566994424},"type":"spectre","health":150,"id":4567137416}}
{"counter":864,"type":"move","frame":{"millis":14715,"tic":515},"actor":{"position":{"x":1996608,"y":1355712,"z":0,"angle":1610612736,"subsector":4566993176},"type":"imp","health":60,"id":4567172000}}
{"counter":865,"type":"move","frame":{"millis":14743,"tic":516},"actor":{"position":{"x":11734483,"y":14837849,"z":0,"angle":1342177280,"subsector":4566993032},"type":"player","health":78,"armor":85,"id":4567120880}}
{"counter":866,"type":"move","frame":{"millis":14743,"tic":516},"actor":{"position":{"x":11802743,"y":15698042,"z":0,"angle":1342177280,"subsector":4566993032},"type":"player","health":78,"armor":85,"id":4567120880}}
{"counter":867,"type":"move","frame":{"millis":14743,"tic":516},"actor":{"position":{"x":9357760,"y":45009344,"z":3670016,"angle":2684354560,"subsector":4566993688},"type":"soldier","health":20,"id":4567131872}}
{"counter":868,"type":"move","frame":{"millis":14743,"tic":516},"actor":{"position":{"x":-8596464,"y":-11244304,"z":0,"angle":536870912,"subsector":4566992968},"type":"spectre","health":150,"id":4567162232}}
{"counter":869,"type":"move","frame":{"millis":14773,"tic":517},"actor":{"position":{"x":11802743,"y":15698042,"z":0,"angle":1308622848,"subsector":4566993032},"type":"player","health":78,"armor":85,"id":4567120880}}
{"counter":870,"type":"move","frame":{"millis":14773,"tic":517},"actor":{"position":{"x":11830068,"y":16573991,"z":0,"angle":1308622848,"subsector":4566993032},"type":"player","health":78,"armor":85,"id":4567120880}}
{"counter":871,"type":"move","frame":{"millis":14773,"tic":517},"actor":{"position":{"x":14897216,"y":37965888,"z":3670016,"angle":2684354560,"subsector":4566993528},"type":"imp","health":60,"id":4567132664}}
{"counter":872,"type":"move","frame":{"millis":14773,"tic":517},"actor":{"position":{"x":53848096,"y":10594336,"z":0,"angle":2147483648,"subsector":4566994424},"type":"spectre","health":150,"id":4567137416}}
{"counter":873,"type":"move","frame":{"millis":14773,"tic":517},"actor":{"position":{"x":-8685184,"y":-7864320,"z":0,"angle":0,"subsector":4566992968},"type":"shotgun_soldier","health":30,"id":4567172528}}
{"counter":874,"type":"move","frame":{"millis":14800,"tic":518},"actor":{"position":{"x":11830068,"y":16573991,"z":524288,"angle":1207959552,"subsector":4566993032},"type":"player","health":78,"armor":85,"id":4567120880}}
{"counter":875,"type":"move","frame":{"millis":14800,"tic":518},"actor":{"position":{"x":11834815,"y":17468242,"z":524288,"angle":1207959552,"subsector":4566993096},"type":"player","health":78,"armor":85,"id":4567120880}}
{"counter":876,"type":"move","frame":{"millis":14800,"tic":518},"actor":{"position":{"x":-7941104,"y":-11244304,"z":0,"angle":0,"subsector":4566992968},"type":"spectre","health":150,"id":4567162232}}
{"counter":877,"type":"move","frame":{"millis":14800,"tic":518},"actor":{"position":{"x":1620608,"y":1731712,"z":0,"angle":1610612736,"subsector":4566993176},"type":"imp","health":60,"id":4567172000}}
{"counter":878,"type":"move","frame":{"millis":14829,"tic":519},"actor":{"position":{"x":11834815,"y":17468242,"z":1048576,"angle":1124073472,"subsector":4566993096},"type":"player","health":78,"armor":85,"id":4567120880}}
{"counter":879,"type":"move","frame":{"millis":14829,"tic":519},"actor":{"position":{"x":11831544,"y":18380774,"z":1048576,"angle":1124073472,"subsector":4566993112},"type":"player","health":78,"armor":85,"id":4567120880}}
{"counter":880,"type":"move","frame":{"millis":14829,"tic":519},"actor":{"position":{"x":53192736,"y":10594336,"z":0,"angle":2147483648,"subsector":4566994424},"type":"spectre","health":150,"id":4567137416}}
{"counter":881,"type":"move","frame":{"millis":14858,"tic":520},"actor":{"position":{"x":11831544,"y":18380774,"z":1048576,"angle":1124073472,"subsector":4566993112},"type":"player","health":78,"armor":85,"id":4567120880}}
{"counter":882,"type":"move","frame":{"millis":14858,"tic":520},"actor":{"position":{"x":11821007,"y":19309874,"z":1048576,"angle":1124073472,"subsector":4566993112},"type":"player","health":78,"armor":85,"id":4567120880}}
{"counter":883,"type":"move","frame":{"millis":14858,"tic":520},"actor":{"position":{"x":8981760,"y":44633344,"z":3670016,"angle":2684354560,"subsector":4566993688},"type":"soldier","health":20,"id":4567131872}}
{"counter":884,"type":"move","frame":{"millis":14862,"tic":520},"actor":{"position":{"x":14521216,"y":37589888,"z":3670016,"angle":2684354560,"subsector":4566993496},"type":"imp","health":60,"id":4567132664}}
{"counter":885,"type":"move","frame":{"millis":14862,"tic":520},"actor":{"position":{"x":-7285744,"y":-11244304,"z":0,"angle":0,"subsector":4566992968},"type":"spectre","health":150,"id":4567162232}}
{"counter":886,"type":"move","frame":{"millis":14862,"tic":520},"actor":{"position":{"x":-9209472,"y":-7864320,"z":0,"angle":536870912,"subsector":4566992968},"type":"shotgun_soldier","health":30,"id":4567172528}}
{"counter":887,"type":"move","frame":{"millis":14886,"tic":521},"actor":{"position":{"x":11821007,"y":19309874,"z":1572864,"angle":1056964608,"subsector":4566993112},"type":"player","health":78,"armor":85,"id":4567120880}}
{"counter":888,"type":"move","frame":{"millis":14886,"tic":521},"actor":{"position":{"x":11813930,"y":20254238,"z":1572864,"angle":1056964608,"subsector":4566993128},"type":"player","health":78,"armor":85,"id":4567120880}}
{"counter":889,"type":"move","frame":{"millis":14887,"tic":521},"actor":{"position":{"x":52537376,"y":10594336,"z":0,"angle":2147483648,"subsector":4566994424},"type":"spectre","health":150,"id":4567137416}}
{"counter":890,"type":"move","frame":{"millis":14887,"tic":521},"actor":{"position":{"x":1996608,"y":2107712,"z":0,"angle":1610612736,"subsector":4566993176},"type":"imp","health":60,"id":4567172000}}
{"counter":891,"type":"move","frame":{"millis":14915,"tic":522},"actor":{"position":{"x":11813930,"y":20254238,"z":1572864,"angle":1040187392,"subsector":4566993128},"type":"player","health":78,"armor":85,"id":4567120880}}
{"counter":892,"type":"move","frame":{"millis":14915,"tic":522},"actor":{"position":{"x":11812500,"y":21212345,"z":1572864,"angle":1040187392,"subsector":4566993128},"type":"player","health":78,"armor":85,"id":4567120880}}
{"counter":893,"type":"move","frame":{"millis":14915,"tic":522},"actor":{"position":{"x":-6630384,"y":-11244304,"z":0,"angle":0,"subsector":4566992968},"type":"spectre","health":150,"id":4567162232}}
{"counter":894,"type":"move","frame":{"millis":14943,"tic":523},"actor":{"position":{"x":11812500,"y":21212345,"z":2097152,"angle":1040187392,"subsector":4566993128},"type":"player","health":78,"armor":85,"id":4567120880}}
{"counter":895,"type":"move","frame":{"millis":14943,"tic":523},"actor":{"position":{"x":11816188,"y":22182907,"z":2097152,"angle":1040187392,"subsector":4566993144},"type":"player","health":78,"armor":85,"id":4567120880}}
{"counter":896,"type":"move","frame":{"millis":14943,"tic":523},"actor":{"position":{"x":14145216,"y":37213888,"z":3670016,"angle":2684354560,"subsector":4566993496},"type":"imp","health":60,"id":4567132664}}
{"counter":897,"type":"move","frame":{"millis":14943,"tic":523},"actor":{"position":{"x":51882016,"y":10594336,"z":0,"angle":2147483648,"subsector":4566994424},"type":"spectre","health":150,"id":4567137416}}
{"counter":898,"type":"move","frame":{"millis":14943,"tic":523},"actor":{"position":{"x":-9733760,"y":-7864320,"z":0,"angle":1073741824,"subsector":4566992968},"type":"shotgun_soldier","health":30,"id":4567172528}}
{"counter":899,"type":"move","frame":{"millis":14972,"tic":524},"actor":{"position":{"x":11816188,"y":22182907,"z":2621440,"angle":1040187392,"subsector":4566993144},"type":"player","health":78,"armor":85,"id":4567120880}}
{"counter":900,"type":"move","frame":{"millis":14972,"tic":524},"actor":{"position":{"x":11824514,"y":23164756,"z":2621440,"angle":1040187392,"subsector":4566993464},"type":"player","health":78,"armor":85,"id":4567120880}}
{"counter":901,"type":"move","frame":{"millis":14972,"tic":524},"actor":{"position":{"x":8605760,"y":44257344,"z":3670016,"angle":2684354560,"subsector":4566993688},"type":"soldier","health":20,"id":4567131872}}
{"counter":902,"type":"move","frame":{"millis":14972,"tic":524},"actor":{"position":{"x":-5975024,"y":-11244304,"z":0,"angle":0,"subsector":4566992968},"type":"spectre","health":150,"id":4567162232}}
{"counter":903,"type":"move","frame":{"millis":14972,"tic":524},"actor":{"position":{"x":2372608,"y":2483712,"z":0,"angle":1073741824,"subsector":4566993176},"type":"imp","health":60,"id":4567172000}}
{"counter":904,"type":"move","frame":{"millis":15000,"tic":525},"actor":{"position":{"x":11824514,"y":23164756,"z":2621440,"angle":1040187392,"subsector":4566993464},"type":"player","health":78,"armor":85,"id":4567120880}}
{"counter":905,"type":"move","frame":{"millis":15000,"tic":525},"actor":{"position":{"x":11836744,"y":24150696,"z":2621440,"angle":1040187392,"subsector":4566993464},"type":"player","health":78,"armor":85,"id":4567120880}}
{"counter":906,"type":"move","frame":{"millis":15000,"tic":525},"actor":{"position":{"x":51226656,"y":10594336,"z":0,"angle":2147483648,"subsector":4566994424},"type":"spectre","health":150,"id":4567137416}}
{"counter":907,"type":"move","frame":{"millis":15029,"tic":526},"actor":{"position":{"x":11836744,"y":24150696,"z":3145728,"angle":1040187392,"subsector":4566993464},"type":"player","health":78,"armor":85,"id":4567120880}}
{"counter":908,"type":"move","frame":{"millis":15030,"tic":526},"actor":{"position":{"x":11852412,"y":25138300,"z":3145728,"angle":1040187392,"subsector":4566993480},"type":"player","health":78,"armor":85,"id":4567120880}}
{"counter":909,"type":"move","frame":{"millis":15030,"tic":526},"actor":{"position":{"x":13769216,"y":36837888,"z":3670016,"angle":2684354560,"subsector":4566993496},"type":"imp","health":60,"id":4567132664}}
{"counter":910,"type":"move","frame":{"millis":15030,"tic":526},"actor":{"position":{"x":-5319664,"y":-11244304,"z":0,"angle":0,"subsector":4566992968},"type":"spectre","health":150,"id":4567162232}}
{"counter":911,"type":"move","frame":{"millis":15030,"tic":526},"actor":{"position":{"x":-10258048,"y":-7864320,"z":0,"angle":1610612736,"subsector":4566992968},"type":"shotgun_soldier","health":30,"id":4567172528}}
{"counter":912,"type":"move","frame":{"millis":15058,"tic":527},"actor":{"position":{"x":11852412,"y":25138300,"z":3145728,"angle":1040187392,"subsector":4566993480},"type":"player","health":78,"armor":85,"id":4567120880}}
{"counter":913,"type":"move","frame":{"millis":15058,"tic":527},"actor":{"position":{"x":11871494,"y":26133548,"z":3145728,"angle":1040187392,"subsector":4566993480},"type":"player","health":78,"armor":85,"id":4567120880}}
{"counter":914,"type":"targeted","frame":{"millis":15058,"tic":527},"actor":{"position":{"x":22020096,"y":46137344,"z":3670016,"angle":2684354560,"subsector":4566993768},"type":"soldier","health":20,"id":4567131608},"target":{"position":{"x":11871494,"y":26133548,"z":3670016,"angle":1040187392,"subsector":4566993480},"type":"player","health":78,"armor":85,"id":4567120880}}
{"counter":915,"type":"move","frame":{"millis":15061,"tic":527},"actor":{"position":{"x":21644096,"y":45761344,"z":3670016,"angle":3221225472,"subsector":4566993768},"type":"soldier","health":20,"id":4567131608}}
{"counter":916,"type":"move","frame":{"millis":15061,"tic":527},"actor":{"position":{"x":50571296,"y":10594336,"z":0,"angle":2147483648,"subsector":4566994424},"type":"spectre","health":150,"id":4567137416}}
{"counter":917,"type":"move","frame":{"millis":15061,"tic":527},"actor":{"position":{"x":2748608,"y":2859712,"z":0,"angle":536870912,"subsector":4566993176},"type":"imp","health":60,"id":4567172000}}
{"counter":918,"type":"move","frame":{"millis":15087,"tic":528},"actor":{"position":{"x":11871494,"y":26133548,"z":3670016,"angle":1040187392,"subsector":4566993480},"type":"player","health":78,"armor":85,"id":4567120880}}
{"counter":919,"type":"move","frame":{"millis":15087,"tic":528},"actor":{"position":{"x":11893770,"y":27137768,"z":3670016,"angle":1040187392,"subsector":4566993496},"type":"player","health":78,"armor":85,"id":4567120880}}
{"counter":920,"type":"move","frame":{"millis":15087,"tic":528},"actor":{"position":{"x":8229760,"y":43881344,"z":3670016,"angle":2684354560,"subsector":4566993496},"type":"soldier","health":20,"id":4567131872}}
{"counter":921,"type":"move","frame":{"millis":15087,"tic":528},"actor":{"position":{"x":-4664304,"y":-11244304,"z":0,"angle":0,"subsector":4566992968},"type":"spectre","health":150,"id":4567162232}}
{"counter":922,"type":"move","frame":{"millis":15092,"tic":528},"actor":{"position":{"x":11066447,"y":-177105,"z":2139826,"angle":1053054271,"subsector":4566993016},"type":"imp_fireball","health":1000,"id":4567463216}}
{"counter":923,"type":"move","frame":{"millis":15115,"tic":529},"actor":{"position":{"x":11893770,"y":27137768,"z":3670016,"angle":1040187392,"subsector":4566993496},"type":"player","health":78,"armor":85,"id":4567120880}}
{"counter":924,"type":"move","frame":{"millis":15115,"tic":529},"actor":{"position":{"x":11918942,"y":28150120,"z":3670016,"angle":1040187392,"subsector":4566993496},"type":"player","health":78,"armor":85,"id":4567120880}}
{"counter":925,"type":"move","frame":{"millis":15115,"tic":529},"actor":{"position":{"x":13393216,"y":36461888,"z":3670016,"angle":2684354560,"subsector":4566993496},"type":"imp","health":60,"id":4567132664}}
{"counter":926,"type":"move","frame":{"millis":15115,"tic":529},"actor":{"position":{"x":49915936,"y":10594336,"z":0,"angle":2147483648,"subsector":4566994424},"type":"spectre","health":150,"id":4567137416}}
{"counter":927,"type":"move","frame":{"millis":15115,"tic":529},"actor":{"position":{"x":-10782336,"y":-7864320,"z":0,"angle":2147483648,"subsector":4566992968},"type":"shotgun_soldier","health":30,"id":4567172528}}
{"counter":928,"type":"move","frame":{"millis":15115,"tic":529},"actor":{"position":{"x":11086297,"y":477945,"z":2225175,"angle":1053054271,"subsector":4566993016},"type":"imp_fireball","health":1000,"id":4567463216}}
{"counter":929,"type":"move","frame":{"millis":15144,"tic":530},"actor":{"position":{"x":11918942,"y":28150120,"z":3670016,"angle":1056964608,"subsector":4566993496},"type":"player","health":78,"armor":85,"id":4567120880}}
{"counter":930,"type":"move","frame":{"millis":15144,"tic":530},"actor":{"position":{"x":11939428,"y":28971337,"z":3670016,"angle":1056964608,"subsector":4566993496},"type":"player","health":78,"armor":85,"id":4567120880}}
{"counter":931,"type":"targeted","frame":{"millis":15144,"tic":530},"actor":{"position":{"x":-20971520,"y":81788928,"z":0,"angle":3221225472,"subsector":4566996760},"type":"soldier","health":20,"id":4567138736},"target":{"position":{"x":11939428,"y":28971337,"z":3670016,"angle":1056964608,"subsector":4566993496},"type":"player","health":78,"armor":85,"id":4567120880}}
{"counter":932,"type":"move","frame":{"millis":15147,"tic":530},"actor":{"position":{"x":-20595520,"y":81412928,"z":0,"angle":3758096384,"subsector":4566996760},"type":"soldier","health":20,"id":4567138736}}
{"counter":933,"type":"move","frame":{"millis":15147,"tic":530},"actor":{"position":{"x":-4008944,"y":-11244304,"z":0,"angle":0,"subsector":4566992968},"type":"spectre","health":150,"id":4567162232}}
{"counter":934,"type":"move","frame":{"millis":15147,"tic":530},"actor":{"position":{"x":3124608,"y":3235712,"z":0,"angle":536870912,"subsector":4566993176},"type":"imp","health":60,"id":4567172000}}
{"counter":935,"type":"move","frame":{"millis":15147,"tic":530},"actor":{"position":{"x":11106147,"y":1132995,"z":2310524,"angle":1053054271,"subsector":4566993032},"type":"imp_fireball","health":1000,"id":4567463216}}
{"counter":936,"type":"move","frame":{"millis":15173,"tic":531},"actor":{"position":{"x":11957993,"y":29715564,"z":3670016,"angle":1056964608,"subsector":4566993496},"type":"player","health":78,"armor":85,"id":4567120880}}
{"counter":937,"type":"move","frame":{"millis":15173,"tic":531},"actor":{"position":{"x":21268096,"y":45385344,"z":3670016,"angle":2684354560,"subsector":4566993768},"type":"soldier","health":20,"id":4567131608}}
{"counter":938,"type":"move","frame":{"millis":15173,"tic":531},"actor":{"position":{"x":49260576,"y":10594336,"z":0,"angle":2147483648,"subsector":4566994424},"type":"spectre","health":150,"id":4567137416}}
{"counter":939,"type":"move","frame":{"millis":15173,"tic":531},"actor":{"position":{"x":11125997,"y":1788045,"z":2395873,"angle":1053054271,"subsector":4566993032},"type":"imp_fireball","health":1000,"id":4567463216}}
{"counter":940,"type":"move","frame":{"millis":15201,"tic":532},"actor":{"position":{"x":11974817,"y":30390019,"z":3670016,"angle":1056964608,"subsector":4566993496},"type":"player","health":78,"armor":85,"id":4567120880}}
{"counter":941,"type":"move","frame":{"millis":15201,"tic":532},"actor":{"position":{"x":7853760,"y":43505344,"z":3670016,"angle":2684354560,"subsector":4566993496},"type":"soldier","health":20,"id":4567131872}}
{"counter":942,"type":"move","frame":{"millis":15201,"tic":532},"actor":{"position":{"x":13017216,"y":36085888,"z":3670016,"angle":2684354560,"subsector":4566993496},"type":"imp","health":60,"id":4567132664}}
{"counter":943,"type":"move","frame":{"millis":15201,"tic":532},"actor":{"position":{"x":-3538944,"y":-10774304,"z":0,"angle":0,"subsector":4566992968},"type":"spectre","health":150,"id":4567162232}}
{"counter":944,"type":"move","frame":{"millis":15201,"tic":532},"actor":{"position":{"x":-11306624,"y":-7864320,"z":0,"angle":2147483648,"subsector":4566992968},"type":"shotgun_soldier","health":30,"id":4567172528}}
{"counter":945,"type":"move","frame":{"millis":15201,"tic":532},"actor":{"position":{"x":11145847,"y":2443095,"z":2481222,"angle":1053054271,"subsector":4566993032},"type":"imp_fireball","health":1000,"id":4567463216}}
{"counter":946,"type":"move","frame":{"millis":15230,"tic":533},"actor":{"position":{"x":11974817,"y":30390019,"z":3670016,"angle":1040187392,"subsector":4566993496},"type":"player","health":78,"armor":85,"id":4567120880}}
{"counter":947,"type":"move","frame":{"millis":15230,"tic":533},"actor":{"position":{"x":11985078,"y":30898964,"z":3670016,"angle":1040187392,"subsector":4566993496},"type":"player","health":78,"armor":85,"id":4567120880}}
{"counter":948,"type":"move","frame":{"millis":15230,"tic":533},"actor":{"position":{"x":48790576,"y":11064336,"z":0,"angle":2147483648,"subsector":4566994424},"type":"spectre","health":150,"id":4567137416}}
{"counter":949,"type":"targeted","frame":{"millis":15230,"tic":533},"actor":{"position":{"x":-17825792,"y":78643200,"z":0,"angle":3221225472,"subsector":4566996760},"type":"shotgun_soldier","health":30,"id":4567155368},"target":{"position":{"x":11985078,"y":30898964,"z":3670016,"angle":1040187392,"subsector":4566993496},"type":"player","health":78,"armor":85,"id":4567120880}}
{"counter":950,"type":"move","frame":{"millis":15230,"tic":533},"actor":{"position":{"x":-17825792,"y":79167488,"z":0,"angle":3758096384,"subsector":4566996760},"type":"shotgun_soldier","health":30,"id":4567155368}}
{"counter":951,"type":"move","frame":{"millis":15230,"tic":533},"actor":{"position":{"x":3500608,"y":3611712,"z":0,"angle":536870912,"subsector":4566993176},"type":"imp","health":60,"id":4567172000}}
{"counter":952,"type":"move","frame":{"millis":15230,"tic":533},"actor":{"position":{"x":11165697,"y":3098145,"z":2566571,"angle":1053054271,"subsector":4566993032},"type":"imp_fireball","health":1000,"id":4567463216}}
{"counter":953,"type":"move","frame":{"millis":15258,"tic":534},"actor":{"position":{"x":11985078,"y":30898964,"z":3670016,"angle":1006632960,"subsector":4566993496},"type":"player","health":78,"armor":85,"id":4567120880}}
{"counter":954,"type":"move","frame":{"millis":15259,"tic":534},"actor":{"position":{"x":11984380,"y":31258285,"z":3670016,"angle":1006632960,"subsector":4566993496},"type":"player","health":78,"armor":85,"id":4567120880}}
{"counter":955,"type":"move","frame":{"millis":15259,"tic":534},"actor":{"position":{"x":-20595520,"y":80888640,"z":0,"angle":3758096384,"subsector":4566996760},"type":"soldier","health":20,"id":4567138736}}
{"counter":956,"type":"move","frame":{"millis":15259,"tic":534},"actor":{"position":{"x":-3068944,"y":-10304304,"z":0,"angle":536870912,"subsector":4566992968},"type":"spectre","health":150,"id":4567162232}}
{"counter":957,"type":"move","frame":{"millis":15259,"tic":534},"actor":{"position":{"x":10512384,"y":-1159680,"z":0,"angle":1073741824,"subsector":4566992936},"type":"imp","health":60,"id":4567172264}}
{"counter":958,"type":"move","frame":{"millis":15259,"tic":534},"actor":{"position":{"x":11185547,"y":3753195,"z":2651920,"angle":1053054271,"subsector":4566993032},"type":"imp_fireball","health":1000,"id":4567463216}}
{"counter":959,"type":"move","frame":{"millis":15286,"tic":535},"actor":{"position":{"x":11983747,"y":31583919,"z":3670016,"angle":989855744,"subsector":4566993496},"type":"player","health":78,"armor":85,"id":4567120880}}
{"counter":960,"type":"move","frame":{"millis":15287,"tic":535},"actor":{"position":{"x":20892096,"y":45009344,"z":3670016,"angle":2684354560,"subsector":4566993768},"type":"soldier","health":20,"id":4567131608}}
{"counter":961,"type":"attacked","frame":{"millis":15287,"tic":535},"actor":{"position":{"x":13017216,"y":36085888,"z":3670016,"angle":2684354560,"subsector":4566993496},"type":"imp","health":60,"id":4567132664},"target":{"position":{"x":11983747,"y":31583919,"z":3670016,"angle":989855744,"subsector":4566993496},"type":"player","health":78,"armor":85,"id":4567120880}}
{"counter":962,"type":"move","frame":{"millis":15287,"tic":535},"actor":{"position":{"x":48320576,"y":11534336,"z":0,"angle":1610612736,"subsector":4566994424},"type":"spectre","health":150,"id":4567137416}}
{"counter":963,"type":"move","frame":{"millis":15287,"tic":535},"actor":{"position":{"x":-11830912,"y":-7864320,"z":0,"angle":2147483648,"subsector":4566992968},"type":"shotgun_soldier","health":30,"id":4567172528}}
{"counter":964,"type":"move","frame":{"millis":15287,"tic":535},"actor":{"position":{"x":11205397,"y":4408245,"z":2737269,"angle":1053054271,"subsector":4566993032},"type":"imp_fireball","health":1000,"id":4567463216}}
{"counter":965,"type":"move","frame":{"millis":15315,"tic":536},"actor":{"position":{"x":11983747,"y":31583919,"z":3670016,"angle":956301312,"subsector":4566993496},"type":"player","health":78,"armor":85,"id":4567120880}}
{"counter":966,"type":"move","frame":{"millis":15315,"tic":536},"actor":{"position":{"x":11965705,"y":31778125,"z":3670016,"angle":956301312,"subsector":4566993496},"type":"player","health":78,"armor":85,"id":4567120880}}
{"counter":967,"type":"move","frame":{"millis":15315,"tic":536},"actor":{"position":{"x":7477760,"y":43129344,"z":3670016,"angle":2684354560,"subsector":4566993496},"type":"soldier","health":20,"id":4567131872}}
{"counter":968,"type":"move","frame":{"millis":15315,"tic":536},"actor":{"position":{"x":-17825792,"y":79691776,"z":0,"angle":0,"subsector":4566996760},"type":"shotgun_soldier","health":30,"id":4567155368}}
{"counter":969,"type":"move","frame":{"millis":15315,"tic":536},"actor":{"position":{"x":-3068944,"y":-9648944,"z":0,"angle":536870912,"subsector":4566992968},"type":"spectre","health":150,"id":4567162232}}
{"counter":970,"type":"move","frame":{"millis":15315,"tic":536},"actor":{"position":{"x":3876608,"y":3987712,"z":0,"angle":536870912,"subsector":4566993176},"type":"imp","health":60,"id":4567172000}}
{"counter":971,"type":"move","frame":{"millis":15315,"tic":536},"actor":{"position":{"x":11225247,"y":5063295,"z":2822618,"angle":1053054271,"subsector":4566993032},"type":"imp_fireball","health":1000,"id":4567463216}}
{"counter":972,"type":"move","frame":{"millis":15343,"tic":537},"actor":{"position":{"x":11965705,"y":31778125,"z":3670016,"angle":939524096,"subsector":4566993496},"type":"player","health":78,"armor":85,"id":4567120880}}
{"counter":973,"type":"move","frame":{"millis":15343,"tic":537},"actor":{"position":{"x":11946961,"y":31942071,"z":3670016,"angle":939524096,"subsector":4566993496},"type":"player","health":78,"armor":85,"id":4567120880}}
{"counter":974,"type":"move","frame":{"millis":15343,"tic":537},"actor":{"position":{"x":47850576,"y":12004336,"z":0,"angle":1610612736,"subsector":4566994408},"type":"spectre","health":150,"id":4567137416}}
{"counter":975,"type":"move","frame":{"millis":15343,"tic":537},"actor":{"position":{"x":9988096,"y":-1159680,"z":0,"angle":1610612736,"subsector":4566992936},"type":"imp","health":60,"id":4567172264}}
{"counter":976,"type":"move","frame":{"millis":15343,"tic":537},"actor":{"position":{"x":11245097,"y":5718345,"z":2907967,"angle":1053054271,"subsector":4566993032},"type":"imp_fireball","health":1000,"id":4567463216}}
{"counter":977,"type":"move","frame":{"millis":15372,"tic":538},"actor":{"position":{"x":11946961,"y":31942071,"z":3670016,"angle":939524096,"subsector":4566993496},"type":"player","health":78,"armor":85,"id":4567120880}}
{"counter":978,"type":"move","frame":{"millis":15372,"tic":538},"actor":{"position":{"x":11929575,"y":32088638,"z":3670016,"angle":939524096,"subsector":4566993496},"type":"player","health":78,"armor":85,"id":4567120880}}
{"counter":979,"type":"move","frame":{"millis":15372,"tic":538},"actor":{"position":{"x":-20595520,"y":80364352,"z":0,"angle":3221225472,"subsector":4566996760},"type":"soldier","health":20,"id":4567138736}}
{"counter":980,"type":"move","frame":{"millis":15372,"tic":538},"actor":{"position":{"x":-3538944,"y":-10118944,"z":0,"angle":1073741824,"subsector":4566992968},"type":"spectre","health":150,"id":4567162232}}
{"counter":981,"type":"move","frame":{"millis":15372,"tic":538},"actor":{"position":{"x":-12355200,"y":-7864320,"z":0,"angle":2147483648,"subsector":4566992968},"type":"shotgun_soldier","health":30,"id":4567172528}}
{"counter":982,"type":"move","frame":{"millis":15372,"tic":538},"actor":{"position":{"x":11264947,"y":6373395,"z":2993316,"angle":1053054271,"subsector":4566993032},"type":"imp_fireball","health":1000,"id":4567463216}}
{"counter":983,"type":"move","frame":{"millis":15400,"tic":539},"actor":{"position":{"x":11913818,"y":32221464,"z":3670016,"angle":939524096,"subsector":4566993496},"type":"player","health":78,"armor":85,"id":4567120880}}
{"counter":984,"type":"move","frame":{"millis":15400,"tic":539},"actor":{"position":{"x":20516096,"y":44633344,"z":3670016,"angle":2684354560,"subsector":4566993768},"type":"soldier","health":20,"id":4567131608}}
{"counter":985,"type":"move","frame":{"millis":15400,"tic":539},"actor":{"position":{"x":47380576,"y":12474336,"z":0,"angle":1610612736,"subsector":4566994408},"type":"spectre","health":150,"id":4567137416}}
{"counter":986,"type":"move","frame":{"millis":15400,"tic":539},"actor":{"position":{"x":-17825792,"y":80216064,"z":0,"angle":536870912,"subsector":4566996760},"type":"shotgun_soldier","health":30,"id":4567155368}}
{"counter":987,"type":"move","frame":{"millis":15400,"tic":539},"actor":{"position":{"x":4252608,"y":4363712,"z":0,"angle":536870912,"subsector":4566993192},"type":"imp","health":60,"id":4567172000}}
{"counter":988,"type":"move","frame":{"millis":15400,"tic":539},"actor":{"position":{"x":11284797,"y":7028445,"z":3078665,"angle":1053054271,"subsector":4566993032},"type":"imp_fireball","health":1000,"id":4567463216}}
{"counter":989,"type":"move","frame":{"millis":15430,"tic":540},"actor":{"position":{"x":11913818,"y":32221464,"z":3670016,"angle":939524096,"subsector":4566993496},"type":"player","health":78,"armor":85,"id":4567120880}}
{"counter":990,"type":"move","frame":{"millis":15430,"tic":540},"actor":{"position":{"x":11908709,"y":32388038,"z":3670016,"angle":939524096,"subsector":4566993496},"type":"player","health":78,"armor":85,"id":4567120880}}
{"counter":991,"type":"move","frame":{"millis":15430,"tic":540},"actor":{"position":{"x":7101760,"y":42753344,"z":3670016,"angle":2684354560,"subsector":4566993496},"type":"soldier","health":20,"id":4567131872}}
{"counter":992,"type":"move","frame":{"millis":15430,"tic":540},"actor":{"position":{"x":-4008944,"y":-10588944,"z":0,"angle":1610612736,"subsector":4566992968},"type":"spectre","health":150,"id":4567162232}}
{"counter":993,"type":"move","frame":{"millis":15430,"tic":540},"actor":{"position":{"x":9463808,"y":-1159680,"z":0,"angle":2147483648,"subsector":4566993016},"type":"imp","health":60,"id":4567172264}}
{"counter":994,"type":"move","frame":{"millis":15430,"tic":540},"actor":{"position":{"x":11304647,"y":7683495,"z":3164014,"angle":1053054271,"subsector":4566993032},"type":"imp_fireball","health":1000,"id":4567463216}}
{"counter":995,"type":"move","frame":{"millis":15458,"tic":541},"actor":{"position":{"x":11908709,"y":32388038,"z":3670016,"angle":939524096,"subsector":4566993496},"type":"player","health":78,"armor":85,"id":4567120880}}
{"counter":996,"type":"move","frame":{"millis":15458,"tic":541},"actor":{"position":{"x":11914445,"y":32591223,"z":3670016,"angle":939524096,"subsector":4566993496},"type":"player","health":78,"armor":85,"id":4567120880}}
{"counter":997,"type":"move","frame":{"millis":15458,"tic":541},"actor":{"position":{"x":46725216,"y":12474336,"z":0,"angle":1610612736,"subsector":4566994408},"type":"spectre","health":150,"id":4567137416}}
{"counter":998,"type":"move","frame":{"millis":15459,"tic":541},"actor":{"position":{"x":-12879488,"y":-7864320,"z":0,"angle":2147483648,"subsector":4566992968},"type":"shotgun_soldier","health":30,"id":4567172528}}
{"counter":999,"type":"move","frame":{"millis":15459,"tic":541},"actor":{"position":{"x":11324497,"y":8338545,"z":3249363,"angle":1053054271,"subsector":4566993032},"type":"imp_fireball","health":1000,"id":4567463216}}
{"counter":1000,"type":"move","frame":{"millis":15486,"tic":542},"actor":{"position":{"x":11914445,"y":32591223,"z":3670016,"angle":939524096,"subsector":4566993496},"type":"player","health":78,"armor":85,"id":4567120880}}
{"counter":1001,"type":"move","frame":{"millis":15486,"tic":542},"actor":{"position":{"x":11931605,"y":32835622,"z":3670016,"angle":939524096,"subsector":4566993496},"type":"player","health":78,"armor":85,"id":4567120880}}
{"counter":1002,"type":"move","frame":{"millis":15486,"tic":542},"actor":{"position":{"x":-20595520,"y":79840064,"z":0,"angle":3221225472,"subsector":4566996760},"type":"soldier","health":20,"id":4567138736}}
{"counter":1003,"type":"move","frame":{"millis":15486,"tic":542},"actor":{"position":{"x":-17449792,"y":79840064,"z":0,"angle":1073741824,"subsector":4566996760},"type":"shotgun_soldier","health":30,"id":4567155368}}
{"counter":1004,"type":"move","frame":{"millis":15486,"tic":542},"actor":{"position":{"x":-4478944,"y":-11058944,"z":0,"angle":2147483648,"subsector":4566992968},"type":"spectre","health":150,"id":4567162232}}
{"counter":1005,"type":"move","frame":{"millis":15486,"tic":542},"actor":{"position":{"x":4628608,"y":4739712,"z":0,"angle":536870912,"subsector":4566993192},"type":"imp","health":60,"id":4567172000}}
{"counter":1006,"type":"move","frame":{"millis":15486,"tic":542},"actor":{"position":{"x":11344347,"y":8993595,"z":3334712,"angle":1053054271,"subsector":4566993032},"type":"imp_fireball","health":1000,"id":4567463216}}
{"counter":1007,"type":"move","frame":{"millis":15515,"tic":543},"actor":{"position":{"x":11931605,"y":32835622,"z":3670016,"angle":939524096,"subsector":4566993496},"type":"player","health":78,"armor":85,"id":4567120880}}
{"counter":1008,"type":"move","frame":{"millis":15515,"tic":543},"actor":{"position":{"x":11959916,"y":33121389,"z":3670016,"angle":939524096,"subsector":4566993496},"type":"player","health":78,"armor":85,"id":4567120880}}
{"counter":1009,"type":"move","frame":{"millis":15515,"tic":543},"actor":{"position":{"x":20140096,"y":44257344,"z":3670016,"angle":2684354560,"subsector":4566993768},"type":"soldier","health":20,"id":4567131608}}
{"counter":1010,"type":"move","frame":{"millis":15515,"tic":543},"actor":{"position":{"x":46069856,"y":12474336,"z":0,"angle":2147483648,"subsector":4566994408},"type":"spectre","health":150,"id":4567137416}}
{"counter":1011,"type":"move","frame":{"millis":15515,"tic":543},"actor":{"position":{"x":8939520,"y":-1159680,"z":0,"angle":2147483648,"subsector":4566993016},"type":"imp","health":60,"id":4567172264}}
{"counter":1012,"type":"move","frame":{"millis":15515,"tic":543},"actor":{"position":{"x":11364197,"y":9648645,"z":3420061,"angle":1053054271,"subsector":4566993032},"type":"imp_fireball","health":1000,"id":4567463216}}
{"counter":1013,"type":"move","frame":{"millis":15543,"tic":544},"actor":{"position":{"x":11959916,"y":33121389,"z":3670016,"angle":922746880,"subsector":4566993496},"type":"player","health":78,"armor":85,"id":4567120880}}
{"counter":1014,"type":"move","frame":{"millis":15543,"tic":544},"actor":{"position":{"x":12002593,"y":33456304,"z":3670016,"angle":922746880,"subsector":4566993496},"type":"player","health":78,"armor":85,"id":4567120880}}
{"counter":1015,"type":"move","frame":{"millis":15543,"tic":544},"actor":{"position":{"x":7626048,"y":42753344,"z":3670016,"angle":2684354560,"subsector":4566993496},"type":"soldier","health":20,"id":4567131872}}
{"counter":1016,"type":"move","frame":{"millis":15543,"tic":544},"actor":{"position":{"x":-4948944,"y":-11528944,"z":0,"angle":2684354560,"subsector":4566992968},"type":"spectre","health":150,"id":4567162232}}
{"counter":1017,"type":"move","frame":{"millis":15543,"tic":544},"actor":{"position":{"x":-13403776,"y":-7864320,"z":0,"angle":2147483648,"subsector":4566992968},"type":"shotgun_soldier","health":30,"id":4567172528}}
{"counter":1018,"type":"move","frame":{"millis":15543,"tic":544},"actor":{"position":{"x":11384047,"y":10303695,"z":3505410,"angle":1053054271,"subsector":4566993032},"type":"imp_fireball","health":1000,"id":4567463216}}
{"counter":1019,"type":"move","frame":{"millis":15572,"tic":545},"actor":{"position":{"x":12002593,"y":33456304,"z":3670016,"angle":922746880,"subsector":4566993496},"type":"player","health":78,"armor":85,"id":4567120880}}
{"counter":1020,"type":"move","frame":{"millis":15572,"tic":545},"actor":{"position":{"x":12133195,"y":33456304,"z":3670016,"angle":922746880,"subsector":4566993496},"type":"player","health":78,"armor":85,"id":4567120880}}
{"counter":1021,"type":"move","frame":{"millis":15572,"tic":545},"actor":{"position":{"x":45414496,"y":12474336,"z":0,"angle":2147483648,"subsector":4566994408},"type":"spectre","health":150,"id":4567137416}}
{"counter":1022,"type":"move","frame":{"millis":15572,"tic":545},"actor":{"position":{"x":-17449792,"y":79315776,"z":0,"angle":536870912,"subsector":4566996760},"type":"shotgun_soldier","health":30,"id":4567155368}}
{"counter":1023,"type":"move","frame":{"millis":15573,"tic":545},"actor":{"position":{"x":5004608,"y":5115712,"z":0,"angle":536870912,"subsector":4566993192},"type":"imp","health":60,"id":4567172000}}
{"counter":1024,"type":"move","frame":{"millis":15573,"tic":545},"actor":{"position":{"x":11403897,"y":10958745,"z":3590759,"angle":1053054271,"subsector":4566993032},"type":"imp_fireball","health":1000,"id":4567463216}}
{"counter":1025,"type":"move","frame":{"millis":15600,"tic":546},"actor":{"position":{"x":12133195,"y":33456304,"z":3670016,"angle":922746880,"subsector":4566993496},"type":"player","health":78,"armor":85,"id":4567120880}}
{"counter":1026,"type":"move","frame":{"millis":15600,"tic":546},"actor":{"position":{"x":12133195,"y":33456304,"z":3670016,"angle":922746880,"subsector":4566993496},"type":"player","health":78,"armor":85,"id":4567120880}}
{"counter":1027,"type":"move","frame":{"millis":15600,"tic":546},"actor":{"position":{"x":12350577,"y":33686297,"z":3670016,"angle":922746880,"subsector":4566993496},"type":"player","health":78,"armor":85,"id":4567120880}}
{"counter":1028,"type":"move","frame":{"millis":15600,"tic":546},"actor":{"position":{"x":-20219520,"y":79464064,"z":0,"angle":3221225472,"subsector":4566996760},"type":"soldier","health":20,"id":4567138736}}
{"counter":1029,"type":"move","frame":{"millis":15600,"tic":546},"actor":{"position":{"x":-5418944,"y":-11998944,"z":0,"angle":2684354560,"subsector":4566992968},"type":"spectre","health":150,"id":4567162232}}
{"counter":1030,"type":"move","frame":{"millis":15600,"tic":546},"actor":{"position":{"x":8415232,"y":-1159680,"z":0,"angle":2147483648,"subsector":4566993016},"type":"imp","health":60,"id":4567172264}}
{"counter":1031,"type":"move","frame":{"millis":15600,"tic":546},"actor":{"position":{"x":11423747,"y":11613795,"z":3676108,"angle":1053054271,"subsector":4566993032},"type":"imp_fireball","health":1000,"id":4567463216}}
{"counter":1032,"type":"move","frame":{"millis":15630,"tic":547},"actor":{"position":{"x":12350577,"y":33686297,"z":3670016,"angle":922746880,"subsector":4566993496},"type":"player","health":78,"armor":85,"id":4567120880}}
{"counter":1033,"type":"move","frame":{"millis":15630,"tic":547},"actor":{"position":{"x":12350577,"y":33686297,"z":3670016,"angle":922746880,"subsector":4566993496},"type":"player","health":78,"armor":85,"id":4567120880}}
{"counter":1034,"type":"move","frame":{"millis":15630,"tic":547},"actor":{"position":{"x":12647051,"y":33686297,"z":3670016,"angle":922746880,"subsector":4566993496},"type":"player","health":78,"armor":85,"id":4567120880}}
{"counter":1035,"type":"move","frame":{"millis":15630,"tic":547},"actor":{"position":{"x":19764096,"y":43881344,"z":3670016,"angle":2684354560,"subsector":4566993528},"type":"soldier","health":20,"id":4567131608}}
{"counter":1036,"type":"move","frame":{"millis":15630,"tic":547},"actor":{"position":{"x":44759136,"y":12474336,"z":0,"angle":2147483648,"subsector":4566994408},"type":"spectre","health":150,"id":4567137416}}
{"counter":1037,"type":"move","frame":{"millis":15630,"tic":547},"actor":{"position":{"x":-13928064,"y":-7864320,"z":0,"angle":2147483648,"subsector":4566992968},"type":"shotgun_soldier","health":30,"id":4567172528}}
{"counter":1038,"type":"move","frame":{"millis":15630,"tic":547},"actor":{"position":{"x":11443597,"y":12268845,"z":3761457,"angle":1053054271,"subsector":4566993032},"type":"imp_fireball","health":1000,"id":4567463216}}
{"counter":1039,"type":"move","frame":{"millis":15658,"tic":548},"actor":{"position":{"x":12647051,"y":33686297,"z":3670016,"angle":922746880,"subsector":4566993496},"type":"player","health":78,"armor":85,"id":4567120880}}
{"counter":1040,"type":"move","frame":{"millis":15658,"tic":548},"actor":{"position":{"x":12647051,"y":33686297,"z":3670016,"angle":922746880,"subsector":4566993496},"type":"player","health":78,"armor":85,"id":4567120880}}
{"counter":1041,"type":"move","frame":{"millis":15658,"tic":548},"actor":{"position":{"x":13019233,"y":33686297,"z":3670016,"angle":922746880,"subsector":4566993496},"type":"player","health":78,"armor":85,"id":4567120880}}
{"counter":1042,"type":"move","frame":{"millis":15658,"tic":548},"actor":{"position":{"x":8150336,"y":42753344,"z":3670016,"angle":3221225472,"subsector":4566993496},"type":"soldier","health":20,"id":4567131872}}
{"counter":1043,"type":"move","frame":{"millis":15658,"tic":548},"actor":{"position":{"x":-17073792,"y":78939776,"z":0,"angle":0,"subsector":4566996760},"type":"shotgun_soldier","health":30,"id":4567155368}}
{"counter":1044,"type":"move","frame":{"millis":15658,"tic":548},"actor":{"position":{"x":-5888944,"y":-12468944,"z":0,"angle":2684354560,"subsector":4566992968},"type":"spectre","health":150,"id":4567162232}}
{"counter":1045,"type":"move","frame":{"millis":15658,"tic":548},"actor":{"position":{"x":5380608,"y":5491712,"z":0,"angle":536870912,"subsector":4566993192},"type":"imp","health":60,"id":4567172000}}
{"counter":1046,"type":"move","frame":{"millis":15658,"tic":548},"actor":{"position":{"x":11463447,"y":12923895,"z":3846806,"angle":1053054271,"subsector":4566993032},"type":"imp_fireball","health":1000,"id":4567463216}}
{"counter":1047,"type":"move","frame":{"millis":15686,"tic":549},"actor":{"position":{"x":13019233,"y":33686297,"z":3670016,"angle":922746880,"subsector":4566993496},"type":"player","health":78,"armor":85,"id":4567120880}}
{"counter":1048,"type":"move","frame":{"millis":15686,"tic":549},"actor":{"position":{"x":13019233,"y":33686297,"z":3670016,"angle":922746880,"subsector":4566993496},"type":"player","health":78,"armor":85,"id":4567120880}}
{"counter":1049,"type":"move","frame":{"millis":15686,"tic":549},"actor":{"position":{"x":13455994,"y":33686297,"z":3670016,"angle":922746880,"subsector":4566993496},"type":"player","health":78,"armor":85,"id":4567120880}}
{"counter":1050,"type":"move","frame":{"millis":15686,"tic":549},"actor":{"position":{"x":44103776,"y":12474336,"z":0,"angle":2147483648,"subsector":4566994408},"type":"spectre","health":150,"id":4567137416}}
{"counter":1051,"type":"move","frame":{"millis":15686,"tic":549},"actor":{"position":{"x":8791232,"y":-783680,"z":0,"angle":2147483648,"subsector":4566993016},"type":"imp","health":60,"id":4567172264}}
{"counter":1052,"type":"move","frame":{"millis":15686,"tic":549},"actor":{"position":{"x":11483297,"y":13578945,"z":3932155,"angle":1053054271,"subsector":4566993032},"type":"imp_fireball","health":1000,"id":4567463216}}
{"counter":1053,"type":"move","frame":{"millis":15715,"tic":550},"actor":{"position":{"x":13455994,"y":33686297,"z":3670016,"angle":922746880,"subsector":4566993496},"type":"player","health":78,"armor":85,"id":4567120880}}
{"counter":1054,"type":"move","frame":{"millis":15715,"tic":550},"actor":{"position":{"x":13455994,"y":33686297,"z":3670016,"angle":922746880,"subsector":4566993496},"type":"player","health":78,"armor":85,"id":4567120880}}
{"counter":1055,"type":"move","frame":{"millis":15715,"tic":550},"actor":{"position":{"x":13949040,"y":33686297,"z":3670016,"angle":922746880,"subsector":4566993496},"type":"player","health":78,"armor":85,"id":4567120880}}
{"counter":1056,"type":"targeted","frame":{"millis":15715,"tic":550},"actor":{"position":{"x":-33554432,"y":46137344,"z":0,"angle":3221225472,"subsector":4566993352},"type":"soldier","health":20,"id":4567137944},"target":{"position":{"x":13949040,"y":33686297,"z":3670016,"angle":922746880,"subsector":4566993496},"type":"player","health":78,"armor":85,"id":4567120880}}
{"counter":1057,"type":"move","frame":{"millis":15715,"tic":550},"actor":{"position":{"x":-33178432,"y":45761344,"z":0,"angle":3758096384,"subsector":4566993352},"type":"soldier","health":20,"id":4567137944}}
{"counter":1058,"type":"move","frame":{"millis":15715,"tic":550},"actor":{"position":{"x":-19843520,"y":79088064,"z":0,"angle":3758096384,"subsector":4566996760},"type":"soldier","health":20,"id":4567138736}}
{"counter":1059,"type":"move","frame":{"millis":15715,"tic":550},"actor":{"position":{"x":-6358944,"y":-12938944,"z":0,"angle":2684354560,"subsector":4566992968},"type":"spectre","health":150,"id":4567162232}}
{"counter":1060,"type":"move","frame":{"millis":15715,"tic":550},"actor":{"position":{"x":-14452352,"y":-7864320,"z":0,"angle":2147483648,"subsector":4566992968},"type":"shotgun_soldier","health":30,"id":4567172528}}
{"counter":1061,"type":"move","frame":{"millis":15715,"tic":550},"actor":{"position":{"x":11503147,"y":14233995,"z":4017504,"angle":1053054271,"subsector":4566993032},"type":"imp_fireball","health":1000,"id":4567463216}}
{"counter":1062,"type":"move","frame":{"millis":15743,"tic":551},"actor":{"position":{"x":13949040,"y":33686297,"z":3670016,"angle":922746880,"subsector":4566993496},"type":"player","health":78,"armor":85,"id":4567120880}}
{"counter":1063,"type":"move","frame":{"millis":15743,"tic":551},"actor":{"position":{"x":13949040,"y":33686297,"z":3670016,"angle":922746880,"subsector":4566993496},"type":"player","health":78,"armor":85,"id":4567120880}}
{"counter":1064,"type":"move","frame":{"millis":15743,"tic":551},"actor":{"position":{"x":14495334,"y":33686297,"z":3670016,"angle":922746880,"subsector":4566993496},"type":"player","health":78,"armor":85,"id":4567120880}}
{"counter":1065,"type":"move","frame":{"millis":15743,"tic":551},"actor":{"position":{"x":19388096,"y":43505344,"z":3670016,"angle":2684354560,"subsector":4566993528},"type":"soldier","health":20,"id":4567131608}}
{"damage":4,"counter":1066,"type":"hit","frame":{"millis":15745,"tic":551},"actor":{"position":{"x":13017216,"y":36085888,"z":3670016,"angle":3598485248,"subsector":4566993496},"type":"imp","health":60,"id":4567132664},"target":{"position":{"x":14495334,"y":33686297,"z":3670016,"angle":922746880,"subsector":4566993496},"type":"player","health":74,"armor":83,"id":4567120880}}
{"counter":1067,"type":"move","frame":{"millis":15745,"tic":551},"actor":{"position":{"x":43448416,"y":12474336,"z":0,"angle":2147483648,"subsector":4566994408},"type":"spectre","health":150,"id":4567137416}}
{"counter":1068,"type":"move","frame":{"millis":15745,"tic":551},"actor":{"position":{"x":-16549504,"y":78939776,"z":0,"angle":3758096384,"subsector":4566996760},"type":"shotgun_soldier","health":30,"id":4567155368}}
{"counter":1069,"type":"move","frame":{"millis":15745,"tic":551},"actor":{"position":{"x":5756608,"y":5867712,"z":0,"angle":536870912,"subsector":4566993192},"type":"imp","health":60,"id":4567172000}}
{"counter":1070,"type":"move","frame":{"millis":15745,"tic":551},"actor":{"position":{"x":11522997,"y":14889045,"z":4102853,"angle":1053054271,"subsector":4566993032},"type":"imp_fireball","health":1000,"id":4567463216}}
{"counter":1071,"type":"move","frame":{"millis":15772,"tic":552},"actor":{"position":{"x":14495334,"y":33686297,"z":3670016,"angle":922746880,"subsector":4566993496},"type":"player","health":74,"armor":83,"id":4567120880}}
{"counter":1072,"type":"move","frame":{"millis":15772,"tic":552},"actor":{"position":{"x":14495334,"y":33686297,"z":3670016,"angle":922746880,"subsector":4566993496},"type":"player","health":74,"armor":83,"id":4567120880}}
{"counter":1073,"type":"move","frame":{"millis":15772,"tic":552},"actor":{"position":{"x":15118339,"y":33671698,"z":3670016,"angle":922746880,"subsector":4566993528},"type":"player","health":74,"armor":83,"id":4567120880}}
{"counter":1074,"type":"move","frame":{"millis":15772,"tic":552},"actor":{"position":{"x":8674624,"y":42753344,"z":3670016,"angle":3758096384,"subsector":4566993496},"type":"soldier","health":20,"id":4567131872}}
{"counter":1075,"type":"move","frame":{"millis":15772,"tic":552},"actor":{"position":{"x":-6828944,"y":-13408944,"z":0,"angle":2684354560,"subsector":4566992968},"type":"spectre","health":150,"id":4567162232}}
{"counter":1076,"type":"move","frame":{"millis":15772,"tic":552},"actor":{"position":{"x":9167232,"y":-407680,"z":0,"angle":1610612736,"subsector":4566993016},"type":"imp","health":60,"id":4567172264}}
{"counter":1077,"type":"move","frame":{"millis":15772,"tic":552},"actor":{"position":{"x":11542847,"y":15544095,"z":4188202,"angle":1053054271,"subsector":4566993032},"type":"imp_fireball","health":1000,"id":4567463216}}
{"counter":1078,"type":"move","frame":{"millis":15800,"tic":553},"actor":{"position":{"x":15118339,"y":33671698,"z":3670016,"angle":922746880,"subsector":4566993528},"type":"player","health":74,"armor":83,"id":4567120880}}
{"counter":1079,"type":"move","frame":{"millis":15800,"tic":553},"actor":{"position":{"x":15118339,"y":33671698,"z":3670016,"angle":922746880,"subsector":4566993528},"type":"player","health":74,"armor":83,"id":4567120880}}
{"counter":1080,"type":"move","frame":{"millis":15800,"tic":553},"actor":{"position":{"x":15765285,"y":33744948,"z":3670016,"angle":922746880,"subsector":4566993528},"type":"player","health":74,"armor":83,"id":4567120880}}
{"counter":1081,"type":"move","frame":{"millis":15800,"tic":553},"actor":{"position":{"x":42793056,"y":12474336,"z":0,"angle":2147483648,"subsector":4566994408},"type":"spectre","health":150,"id":4567137416}}
{"counter":1082,"type":"move","frame":{"millis":15800,"tic":553},"actor":{"position":{"x":-14076352,"y":-7488320,"z":0,"angle":2147483648,"subsector":4566992968},"type":"shotgun_soldier","health":30,"id":4567172528}}
{"counter":1083,"type":"move","frame":{"millis":15829,"tic":554},"actor":{"position":{"x":15765285,"y":33744948,"z":3670016,"angle":922746880,"subsector":4566993528},"type":"player","health":74,"armor":83,"id":4567120880}}
{"counter":1084,"type":"move","frame":{"millis":15829,"tic":554},"actor":{"position":{"x":16399540,"y":33800579,"z":3670016,"angle":922746880,"subsector":4566993528},"type":"player","health":74,"armor":83,"id":4567120880}}
{"counter":1085,"type":"move","frame":{"millis":15829,"tic":554},"actor":{"position":{"x":-32802432,"y":45385344,"z":0,"angle":3758096384,"subsector":4566993352},"type":"soldier","health":20,"id":4567137944}}
{"counter":1086,"type":"move","frame":{"millis":15829,"tic":554},"actor":{"position":{"x":-19319232,"y":79088064,"z":0,"angle":3758096384,"subsector":4566996760},"type":"soldier","health":20,"id":4567138736}}
{"counter":1087,"type":"move","frame":{"millis":15829,"tic":554},"actor":{"position":{"x":-16025216,"y":78939776,"z":0,"angle":0,"subsector":4566996760},"type":"shotgun_soldier","health":30,"id":4567155368}}
{"counter":1088,"type":"move","frame":{"millis":15829,"tic":554},"actor":{"position":{"x":-7298944,"y":-13878944,"z":0,"angle":2684354560,"subsector":4566992968},"type":"spectre","health":150,"id":4567162232}}
{"counter":1089,"type":"move","frame":{"millis":15829,"tic":554},"actor":{"position":{"x":6132608,"y":6243712,"z":0,"angle":536870912,"subsector":4566993192},"type":"imp","health":60,"id":4567172000}}
{"counter":1090,"type":"move","frame":{"millis":15858,"tic":555},"actor":{"position":{"x":16399540,"y":33800579,"z":3670016,"angle":956301312,"subsector":4566993528},"type":"player","health":74,"armor":83,"id":4567120880}}
{"counter":1091,"type":"move","frame":{"millis":15858,"tic":555},"actor":{"position":{"x":16991800,"y":33951892,"z":3670016,"angle":956301312,"subsector":4566993528},"type":"player","health":74,"armor":83,"id":4567120880}}
{"counter":1092,"type":"move","frame":{"millis":15858,"tic":555},"actor":{"position":{"x":19012096,"y":43129344,"z":3670016,"angle":2684354560,"subsector":4566993528},"type":"soldier","health":20,"id":4567131608}}
{"counter":1093,"type":"move","frame":{"millis":15858,"tic":555},"actor":{"position":{"x":42137696,"y":12474336,"z":0,"angle":2147483648,"subsector":4566994408},"type":"spectre","health":150,"id":4567137416}}
{"counter":1094,"type":"targeted","frame":{"millis":15858,"tic":555},"actor":{"position":{"x":-30408704,"y":71303168,"z":0,"angle":3221225472,"subsector":4566996712},"type":"shotgun_soldier","health":30,"id":4567155632},"target":{"position":{"x":16991800,"y":33951892,"z":3670016,"angle":956301312,"subsector":4566993528},"type":"player","health":74,"armor":83,"id":4567120880}}
{"counter":1095,"type":"move","frame":{"millis":15858,"tic":555},"actor":{"position":{"x":-30032704,"y":70927168,"z":0,"angle":3758096384,"subsector":4566996712},"type":"shotgun_soldier","health":30,"id":4567155632}}
{"counter":1096,"type":"move","frame":{"millis":15858,"tic":555},"actor":{"position":{"x":9543232,"y":-31680,"z":0,"angle":1073741824,"subsector":4566993016},"type":"imp","health":60,"id":4567172264}}
{"counter":1097,"type":"move","frame":{"millis":15886,"tic":556},"actor":{"position":{"x":16991800,"y":33951892,"z":3670016,"angle":1023410176,"subsector":4566993528},"type":"player","health":74,"armor":83,"id":4567120880}}
{"counter":1098,"type":"move","frame":{"millis":15886,"tic":556},"actor":{"position":{"x":17536028,"y":34191144,"z":3670016,"angle":1023410176,"subsector":4566993528},"type":"player","health":74,"armor":83,"id":4567120880}}
{"counter":1099,"type":"move","frame":{"millis":15886,"tic":556},"actor":{"position":{"x":9198912,"y":42753344,"z":3670016,"angle":0,"subsector":4566993496},"type":"soldier","health":20,"id":4567131872}}
{"counter":1100,"type":"move","frame":{"millis":15886,"tic":556},"actor":{"position":{"x":-7768944,"y":-14348944,"z":0,"angle":2684354560,"subsector":4566992792},"type":"spectre","health":150,"id":4567162232}}
{"counter":1101,"type":"move","frame":{"millis":15886,"tic":556},"actor":{"position":{"x":-13700352,"y":-7112320,"z":0,"angle":1610612736,"subsector":4566992968},"type":"shotgun_soldier","health":30,"id":4567172528}}
{"counter":1102,"type":"move","frame":{"millis":15916,"tic":557},"actor":{"position":{"x":17536028,"y":34191144,"z":3670016,"angle":1124073472,"subsector":4566993528},"type":"player","health":74,"armor":83,"id":4567120880}}
{"counter":1103,"type":"move","frame":{"millis":15916,"tic":557},"actor":{"position":{"x":18021662,"y":34510084,"z":3670016,"angle":1124073472,"subsector":4566993528},"type":"player","health":74,"armor":83,"id":4567120880}}
{"counter":1104,"type":"move","frame":{"millis":15916,"tic":557},"actor":{"position":{"x":13393216,"y":35709888,"z":3670016,"angle":2684354560,"subsector":4566993496},"type":"imp","health":60,"id":4567132664}}
{"counter":1105,"type":"move","frame":{"millis":15916,"tic":557},"actor":{"position":{"x":41482336,"y":12474336,"z":0,"angle":2147483648,"subsector":4566994408},"type":"spectre","health":150,"id":4567137416}}
{"counter":1106,"type":"move","frame":{"millis":15916,"tic":557},"actor":{"position":{"x":-15500928,"y":78939776,"z":0,"angle":0,"subsector":4566996760},"type":"shotgun_soldier","health":30,"id":4567155368}}
{"counter":1107,"type":"move","frame":{"millis":15916,"tic":557},"actor":{"position":{"x":6508608,"y":6619712,"z":0,"angle":536870912,"subsector":4566993032},"type":"imp","health":60,"id":4567172000}}
{"counter":1108,"type":"move","frame":{"millis":15943,"tic":558},"actor":{"position":{"x":18021662,"y":34510084,"z":3670016,"angle":1241513984,"subsector":4566993528},"type":"player","health":74,"armor":83,"id":4567120880}}
{"counter":1109,"type":"move","frame":{"millis":15943,"tic":558},"actor":{"position":{"x":18436848,"y":34898443,"z":3670016,"angle":1241513984,"subsector":4566993528},"type":"player","health":74,"armor":83,"id":4567120880}}
{"counter":1110,"type":"move","frame":{"millis":15943,"tic":558},"actor":{"position":{"x":-32426432,"y":45009344,"z":0,"angle":3758096384,"subsector":4566993352},"type":"soldier","health":20,"id":4567137944}}
{"counter":1111,"type":"move","frame":{"millis":15943,"tic":558},"actor":{"position":{"x":-18794944,"y":79088064,"z":0,"angle":0,"subsector":4566996760},"type":"soldier","health":20,"id":4567138736}}
{"counter":1112,"type":"move","frame":{"millis":15943,"tic":558},"actor":{"position":{"x":-29656704,"y":70551168,"z":0,"angle":3758096384,"subsector":4566996712},"type":"shotgun_soldier","health":30,"id":4567155632}}
{"counter":1113,"type":"move","frame":{"millis":15943,"tic":558},"actor":{"position":{"x":-8238944,"y":-14818944,"z":0,"angle":2684354560,"subsector":4566992792},"type":"spectre","health":150,"id":4567162232}}
{"counter":1114,"type":"move","frame":{"millis":15943,"tic":558},"actor":{"position":{"x":9919232,"y":344320,"z":0,"angle":536870912,"subsector":4566993016},"type":"imp","health":60,"id":4567172264}}
{"counter":1115,"type":"move","frame":{"millis":15972,"tic":559},"actor":{"position":{"x":18436848,"y":34898443,"z":3670016,"angle":1493172224,"subsector":4566993528},"type":"player","health":74,"armor":83,"id":4567120880}}
{"counter":1116,"type":"move","frame":{"millis":15972,"tic":559},"actor":{"position":{"x":18754116,"y":35334089,"z":3670016,"angle":1493172224,"subsector":4566993528},"type":"player","health":74,"armor":83,"id":4567120880}}
{"counter":1117,"type":"move","frame":{"millis":15972,"tic":559},"actor":{"position":{"x":18636096,"y":42753344,"z":3670016,"angle":2684354560,"subsector":4566993528},"type":"soldier","health":20,"id":4567131608}}
{"counter":1118,"type":"move","frame":{"millis":15972,"tic":559},"actor":{"position":{"x":40826976,"y":12474336,"z":0,"angle":2147483648,"subsector":4566994408},"type":"spectre","health":150,"id":4567137416}}
{"counter":1119,"type":"targeted","frame":{"millis":15972,"tic":559},"actor":{"position":{"x":-33554432,"y":62914560,"z":0,"angle":3221225472,"subsector":4566996712},"type":"soldier","health":20,"id":4567138208},"target":{"position":{"x":18754116,"y":35334089,"z":3670016,"angle":1493172224,"subsector":4566993528},"type":"player","health":74,"armor":83,"id":4567120880}}
{"counter":1120,"type":"move","frame":{"millis":15972,"tic":559},"actor":{"position":{"x":-33178432,"y":62538560,"z":0,"angle":3758096384,"subsector":4566996712},"type":"soldier","health":20,"id":4567138208}}
{"counter":1121,"type":"move","frame":{"millis":15972,"tic":559},"actor":{"position":{"x":-13324352,"y":-6736320,"z":0,"angle":1073741824,"subsector":4566992968},"type":"shotgun_soldier","health":30,"id":4567172528}}
{"counter":1122,"type":"move","frame":{"millis":16000,"tic":560},"actor":{"position":{"x":18754116,"y":35334089,"z":3670016,"angle":1593835520,"subsector":4566993528},"type":"player","health":74,"armor":83,"id":4567120880}}
{"counter":1123,"type":"move","frame":{"millis":16000,"tic":560},"actor":{"position":{"x":18971004,"y":35803027,"z":3670016,"angle":1593835520,"subsector":4566993528},"type":"player","health":74,"armor":83,"id":4567120880}}
{"counter":1124,"type":"move","frame":{"millis":16000,"tic":560},"actor":{"position":{"x":9723200,"y":42753344,"z":3670016,"angle":0,"subsector":4566993496},"type":"soldier","health":20,"id":4567131872}}
{"counter":1125,"type":"move","frame":{"millis":16000,"tic":560},"actor":{"position":{"x":13769216,"y":35333888,"z":3670016,"angle":3221225472,"subsector":4566993496},"type":"imp","health":60,"id":4567132664}}
{"counter":1126,"type":"move","frame":{"millis":16000,"tic":560},"actor":{"position":{"x":-14976640,"y":78939776,"z":0,"angle":0,"subsector":4566996760},"type":"shotgun_soldier","health":30,"id":4567155368}}
{"counter":1127,"type":"move","frame":{"millis":16000,"tic":560},"actor":{"position":{"x":-8238944,"y":-14163584,"z":0,"angle":2684354560,"subsector":4566992792},"type":"spectre","health":150,"id":4567162232}}
{"counter":1128,"type":"move","frame":{"millis":16000,"tic":560},"actor":{"position":{"x":6884608,"y":6995712,"z":0,"angle":536870912,"subsector":4566993032},"type":"imp","health":60,"id":4567172000}}
{"counter":1129,"type":"move","frame":{"millis":16030,"tic":561},"actor":{"position":{"x":18971004,"y":35803027,"z":3670016,"angle":1660944384,"subsector":4566993528},"type":"player","health":74,"armor":83,"id":4567120880}}
{"counter":1130,"type":"move","frame":{"millis":16030,"tic":561},"actor":{"position":{"x":19089995,"y":36294856,"z":3670016,"angle":1660944384,"subsector":4566993528},"type":"player","health":74,"armor":83,"id":4567120880}}
{"counter":1131,"type":"move","frame":{"millis":16030,"tic":561},"actor":{"position":{"x":40171616,"y":12474336,"z":0,"angle":2147483648,"subsector":4566994408},"type":"spectre","health":150,"id":4567137416}}
{"counter":1132,"type":"targeted","frame":{"millis":16030,"tic":561},"actor":{"position":{"x":58720256,"y":20971520,"z":0,"angle":2147483648,"subsector":4566994312},"type":"shotgun_soldier","health":30,"id":4567137680},"target":{"position":{"x":19089995,"y":36294856,"z":3670016,"angle":1660944384,"subsector":4566993528},"type":"player","health":74,"armor":83,"id":4567120880}}
{"counter":1133,"type":"move","frame":{"millis":16030,"tic":561},"actor":{"position":{"x":59096256,"y":20595520,"z":0,"angle":2684354560,"subsector":4566994312},"type":"shotgun_soldier","health":30,"id":4567137680}}
{"counter":1134,"type":"move","frame":{"millis":16030,"tic":561},"actor":{"position":{"x":-29280704,"y":70175168,"z":0,"angle":3758096384,"subsector":4566996712},"type":"shotgun_soldier","health":30,"id":4567155632}}
{"counter":1135,"type":"move","frame":{"millis":16030,"tic":561},"actor":{"position":{"x":10295232,"y":720320,"z":0,"angle":536870912,"subsector":4566993016},"type":"imp","health":60,"id":4567172264}}
{"counter":1136,"type":"move","frame":{"millis":16058,"tic":562},"actor":{"position":{"x":19089995,"y":36294856,"z":3670016,"angle":1694498816,"subsector":4566993528},"type":"player","health":74,"armor":83,"id":4567120880}}
{"counter":1137,"type":"move","frame":{"millis":16058,"tic":562},"actor":{"position":{"x":19117080,"y":36803544,"z":3670016,"angle":1694498816,"subsector":4566993528},"type":"player","health":74,"armor":83,"id":4567120880}}
{"counter":1138,"type":"move","frame":{"millis":16058,"tic":562},"actor":{"position":{"x":-32050432,"y":44633344,"z":0,"angle":3758096384,"subsector":4566993352},"type":"soldier","health":20,"id":4567137944}}
{"counter":1139,"type":"move","frame":{"millis":16058,"tic":562},"actor":{"position":{"x":-18270656,"y":79088064,"z":0,"angle":0,"subsector":4566996760},"type":"soldier","health":20,"id":4567138736}}
{"counter":1140,"type":"move","frame":{"millis":16058,"tic":562},"actor":{"position":{"x":-8238944,"y":-13508224,"z":0,"angle":2147483648,"subsector":4566992968},"type":"spectre","health":150,"id":4567162232}}
{"counter":1141,"type":"move","frame":{"millis":16058,"tic":562},"actor":{"position":{"x":-12948352,"y":-6360320,"z":0,"angle":536870912,"subsector":4566992968},"type":"shotgun_soldier","health":30,"id":4567172528}}
{"counter":1142,"type":"move","frame":{"millis":16086,"tic":563},"actor":{"position":{"x":19117080,"y":36803544,"z":3670016,"angle":1744830464,"subsector":4566993528},"type":"player","health":74,"armor":83,"id":4567120880}}
{"counter":1143,"type":"move","frame":{"millis":16087,"tic":563},"actor":{"position":{"x":19056460,"y":37321398,"z":3670016,"angle":1744830464,"subsector":4566993528},"type":"player","health":74,"armor":83,"id":4567120880}}
{"counter":1144,"type":"move","frame":{"millis":16087,"tic":563},"actor":{"position":{"x":18260096,"y":42377344,"z":3670016,"angle":2684354560,"subsector":4566993528},"type":"soldier","health":20,"id":4567131608}}
{"counter":1145,"type":"move","frame":{"millis":16087,"tic":563},"actor":{"position":{"x":14145216,"y":34957888,"z":3670016,"angle":3758096384,"subsector":4566993496},"type":"imp","health":60,"id":4567132664}}
{"counter":1146,"type":"move","frame":{"millis":16087,"tic":563},"actor":{"position":{"x":39516256,"y":12474336,"z":0,"angle":2147483648,"subsector":4566994408},"type":"spectre","health":150,"id":4567137416}}
{"counter":1147,"type":"move","frame":{"millis":16087,"tic":563},"actor":{"position":{"x":-32802432,"y":62162560,"z":0,"angle":3758096384,"subsector":4566996712},"type":"soldier","health":20,"id":4567138208}}
{"counter":1148,"type":"move","frame":{"millis":16087,"tic":563},"actor":{"position":{"x":-14452352,"y":78939776,"z":0,"angle":0,"subsector":4566996760},"type":"shotgun_soldier","health":30,"id":4567155368}}
{"counter":1149,"type":"move","frame":{"millis":16087,"tic":563},"actor":{"position":{"x":7260608,"y":7371712,"z":0,"angle":536870912,"subsector":4566993032},"type":"imp","health":60,"id":4567172000}}
{"counter":1150,"type":"move","frame":{"millis":16116,"tic":564},"actor":{"position":{"x":19056460,"y":37321398,"z":3670016,"angle":1761607680,"subsector":4566993528},"type":"player","health":74,"armor":83,"id":4567120880}}
{"counter":1151,"type":"move","frame":{"millis":16116,"tic":564},"actor":{"position":{"x":18973832,"y":37808223,"z":3670016,"angle":1761607680,"subsector":4566993528},"type":"player","health":74,"armor":83,"id":4567120880}}
{"counter":1152,"type":"move","frame":{"millis":16116,"tic":564},"actor":{"position":{"x":10247488,"y":42753344,"z":3670016,"angle":0,"subsector":4566993496},"type":"soldier","health":20,"id":4567131872}}
{"counter":1153,"type":"move","frame":{"millis":16116,"tic":564},"actor":{"position":{"x":59472256,"y":20219520,"z":0,"angle":3221225472,"subsector":4566994312},"type":"shotgun_soldier","health":30,"id":4567137680}}
{"counter":1154,"type":"move","frame":{"millis":16116,"tic":564},"actor":{"position":{"x":-28904704,"y":69799168,"z":0,"angle":3758096384,"subsector":4566996712},"type":"shotgun_soldier","health":30,"id":4567155632}}
{"counter":1155,"type":"targeted","frame":{"millis":16116,"tic":564},"actor":{"position":{"x":-35651584,"y":41943040,"z":0,"angle":3221225472,"subsector":4566993352},"type":"shotgun_soldier","health":30,"id":4567156160},"target":{"position":{"x":18973832,"y":37808223,"z":3670016,"angle":1761607680,"subsector":4566993528},"type":"player","health":74,"armor":83,"id":4567120880}}
{"counter":1156,"type":"move","frame":{"millis":16116,"tic":564},"actor":{"position":{"x":-35275584,"y":41567040,"z":0,"angle":3758096384,"subsector":4566993352},"type":"shotgun_soldier","health":30,"id":4567156160}}
{"counter":1157,"type":"move","frame":{"millis":16116,"tic":564},"actor":{"position":{"x":-8238944,"y":-12852864,"z":0,"angle":1610612736,"subsector":4566992968},"type":"spectre","health":150,"id":4567162232}}
{"counter":1158,"type":"move","frame":{"millis":16116,"tic":564},"actor":{"position":{"x":10295232,"y":1244608,"z":0,"angle":536870912,"subsector":4566993032},"type":"imp","health":60,"id":4567172264}}
{"counter":1159,"type":"move","frame":{"millis":16143,"tic":565},"actor":{"position":{"x":18973832,"y":37808223,"z":3670016,"angle":1795162112,"subsector":4566993528},"type":"player","health":74,"armor":83,"id":4567120880}}
{"counter":1160,"type":"move","frame":{"millis":16143,"tic":565},"actor":{"position":{"x":18868650,"y":38266556,"z":3670016,"angle":1795162112,"subsector":4566993528},"type":"player","health":74,"armor":83,"id":4567120880}}
{"counter":1161,"type":"move","frame":{"millis":16143,"tic":565},"actor":{"position":{"x":38860896,"y":12474336,"z":0,"angle":2147483648,"subsector":4566994408},"type":"spectre","health":150,"id":4567137416}}
{"counter":1162,"type":"move","frame":{"millis":16143,"tic":565},"actor":{"position":{"x":-12572352,"y":-5984320,"z":0,"angle":536870912,"subsector":4566992968},"type":"shotgun_soldier","health":30,"id":4567172528}}
{"counter":1163,"type":"move","frame":{"millis":16172,"tic":566},"actor":{"position":{"x":18868650,"y":38266556,"z":3670016,"angle":1895825408,"subsector":4566993528},"type":"player","health":74,"armor":83,"id":4567120880}}
{"counter":1164,"type":"move","frame":{"millis":16172,"tic":566},"actor":{"position":{"x":18715997,"y":38704009,"z":3670016,"angle":1895825408,"subsector":4566993528},"type":"player","health":74,"armor":83,"id":4567120880}}
{"counter":1165,"type":"move","frame":{"millis":16172,"tic":566},"actor":{"position":{"x":14521216,"y":34581888,"z":3670016,"angle":3758096384,"subsector":4566993496},"type":"imp","health":60,"id":4567132664}}
{"counter":1166,"type":"move","frame":{"millis":16172,"tic":566},"actor":{"position":{"x":-31674432,"y":44257344,"z":0,"angle":3758096384,"subsector":4566993352},"type":"soldier","health":20,"id":4567137944}}
{"counter":1167,"type":"move","frame":{"millis":16172,"tic":566},"actor":{"position":{"x":-17746368,"y":79088064,"z":0,"angle":0,"subsector":4566996760},"type":"soldier","health":20,"id":4567138736}}
{"counter":1168,"type":"move","frame":{"millis":16172,"tic":566},"actor":{"position":{"x":-13928064,"y":78939776,"z":0,"angle":0,"subsector":4566996760},"type":"shotgun_soldier","health":30,"id":4567155368}}
{"counter":1169,"type":"move","frame":{"millis":16172,"tic":566},"actor":{"position":{"x":-8238944,"y":-12197504,"z":0,"angle":1073741824,"subsector":4566992968},"type":"spectre","health":150,"id":4567162232}}
{"counter":1170,"type":"move","frame":{"millis":16172,"tic":566},"actor":{"position":{"x":7636608,"y":7747712,"z":0,"angle":536870912,"subsector":4566993032},"type":"imp","health":60,"id":4567172000}}
{"counter":1171,"type":"move","frame":{"millis":16200,"tic":567},"actor":{"position":{"x":18715997,"y":38704009,"z":3670016,"angle":1912602624,"subsector":4566993528},"type":"player","health":74,"armor":83,"id":4567120880}}
{"counter":1172,"type":"move","frame":{"millis":16200,"tic":567},"actor":{"position":{"x":18596940,"y":39093558,"z":3670016,"angle":1912602624,"subsector":4566993528},"type":"player","health":74,"armor":83,"id":4567120880}}
{"counter":1173,"type":"move","frame":{"millis":16200,"tic":567},"actor":{"position":{"x":17884096,"y":42001344,"z":3670016,"angle":2684354560,"subsector":4566993528},"type":"soldier","health":20,"id":4567131608}}
{"counter":1174,"type":"move","frame":{"millis":16200,"tic":567},"actor":{"position":{"x":38205536,"y":12474336,"z":0,"angle":2147483648,"subsector":4566994408},"type":"spectre","health":150,"id":4567137416}}
{"counter":1175,"type":"move","frame":{"millis":16200,"tic":567},"actor":{"position":{"x":59848256,"y":19843520,"z":0,"angle":3758096384,"subsector":4566994312},"type":"shotgun_soldier","health":30,"id":4567137680}}
{"counter":1176,"type":"move","frame":{"millis":16200,"tic":567},"actor":{"position":{"x":-32426432,"y":61786560,"z":0,"angle":3758096384,"subsector":4566996712},"type":"soldier","health":20,"id":4567138208}}
{"counter":1177,"type":"move","frame":{"millis":16200,"tic":567},"actor":{"position":{"x":-28904704,"y":69274880,"z":0,"angle":3758096384,"subsector":4566996712},"type":"shotgun_soldier","health":30,"id":4567155632}}
{"counter":1178,"type":"move","frame":{"millis":16200,"tic":567},"actor":{"position":{"x":-34899584,"y":41191040,"z":0,"angle":3758096384,"subsector":4566993352},"type":"shotgun_soldier","health":30,"id":4567156160}}
{"counter":1179,"type":"move","frame":{"millis":16200,"tic":567},"actor":{"position":{"x":10295232,"y":1768896,"z":0,"angle":1073741824,"subsector":4566993032},"type":"imp","health":60,"id":4567172264}}
{"counter":1180,"type":"move","frame":{"millis":16229,"tic":568},"actor":{"position":{"x":18489044,"y":39446586,"z":3670016,"angle":1912602624,"subsector":4566993528},"type":"player","health":74,"armor":83,"id":4567120880}}
{"counter":1181,"type":"move","frame":{"millis":16230,"tic":568},"actor":{"position":{"x":10771776,"y":42753344,"z":3670016,"angle":0,"subsector":4566993496},"type":"soldier","health":20,"id":4567131872}}
{"counter":1182,"type":"move","frame":{"millis":16230,"tic":568},"actor":{"position":{"x":-8238944,"y":-11542144,"z":0,"angle":1073741824,"subsector":4566992968},"type":"spectre","health":150,"id":4567162232}}
{"counter":1183,"type":"move","frame":{"millis":16230,"tic":568},"actor":{"position":{"x":-12196352,"y":-5608320,"z":0,"angle":536870912,"subsector":4566993000},"type":"shotgun_soldier","health":30,"id":4567172528}}
{"counter":1184,"type":"move","frame":{"millis":16259,"tic":569},"actor":{"position":{"x":18391263,"y":39446586,"z":3670016,"angle":1912602624,"subsector":4566993528},"type":"player","health":74,"armor":83,"id":4567120880}}
{"counter":1185,"type":"move","frame":{"millis":16259,"tic":569},"actor":{"position":{"x":14897216,"y":34205888,"z":3670016,"angle":3758096384,"subsector":4566993528},"type":"imp","health":60,"id":4567132664}}
{"counter":1186,"type":"move","frame":{"millis":16259,"tic":569},"actor":{"position":{"x":37550176,"y":12474336,"z":0,"angle":2147483648,"subsector":4566994408},"type":"spectre","health":150,"id":4567137416}}
{"counter":1187,"type":"move","frame":{"millis":16259,"tic":569},"actor":{"position":{"x":-13403776,"y":78939776,"z":0,"angle":0,"subsector":4566996760},"type":"shotgun_soldier","health":30,"id":4567155368}}
{"counter":1188,"type":"move","frame":{"millis":16259,"tic":569},"actor":{"position":{"x":8012608,"y":8123712,"z":0,"angle":536870912,"subsector":4566993032},"type":"imp","health":60,"id":4567172000}}
{"counter":1189,"type":"move","frame":{"millis":16286,"tic":570},"actor":{"position":{"x":18302648,"y":39446586,"z":3670016,"angle":1912602624,"subsector":4566993528},"type":"player","health":74,"armor":83,"id":4567120880}}
{"counter":1190,"type":"move","frame":{"millis":16286,"tic":570},"actor":{"position":{"x":60224256,"y":19467520,"z":0,"angle":3758096384,"subsector":4566994312},"type":"shotgun_soldier","health":30,"id":4567137680}}
{"counter":1191,"type":"move","frame":{"millis":16286,"tic":570},"actor":{"position":{"x":-31298432,"y":43881344,"z":0,"angle":3758096384,"subsector":4566993352},"type":"soldier","health":20,"id":4567137944}}
{"counter":1192,"type":"move","frame":{"millis":16286,"tic":570},"actor":{"position":{"x":-17222080,"y":79088064,"z":0,"angle":0,"subsector":4566996760},"type":"soldier","health":20,"id":4567138736}}
{"counter":1193,"type":"move","frame":{"millis":16286,"tic":570},"actor":{"position":{"x":-28904704,"y":68750592,"z":0,"angle":3221225472,"subsector":4566996712},"type":"shotgun_soldier","health":30,"id":4567155632}}
{"counter":1194,"type":"move","frame":{"millis":16286,"tic":570},"actor":{"position":{"x":-34523584,"y":40815040,"z":0,"angle":3758096384,"subsector":4566993352},"type":"shotgun_soldier","health":30,"id":4567156160}}
{"counter":1195,"type":"move","frame":{"millis":16286,"tic":570},"actor":{"position":{"x":-8238944,"y":-10886784,"z":0,"angle":1073741824,"subsector":4566992968},"type":"spectre","health":150,"id":4567162232}}
{"counter":1196,"type":"move","frame":{"millis":16286,"tic":570},"actor":{"position":{"x":10295232,"y":2293184,"z":0,"angle":1073741824,"subsector":4566993032},"type":"imp","health":60,"id":4567172264}}
{"counter":1197,"type":"move","frame":{"millis":16315,"tic":571},"actor":{"position":{"x":18222340,"y":39446586,"z":3670016,"angle":1912602624,"subsector":4566993528},"type":"player","health":74,"armor":83,"id":4567120880}}
{"counter":1198,"type":"move","frame":{"millis":16315,"tic":571},"actor":{"position":{"x":18408384,"y":42001344,"z":3670016,"angle":2684354560,"subsector":4566993528},"type":"soldier","health":20,"id":4567131608}}
{"counter":1199,"type":"move","frame":{"millis":16315,"tic":571},"actor":{"position":{"x":36894816,"y":12474336,"z":0,"angle":2147483648,"subsector":4566994408},"type":"spectre","health":150,"id":4567137416}}
{"counter":1200,"type":"move","frame":{"millis":16315,"tic":571},"actor":{"position":{"x":-32050432,"y":61410560,"z":0,"angle":3758096384,"subsector":4566996712},"type":"soldier","health":20,"id":4567138208}}
{"counter":1201,"type":"move","frame":{"millis":16315,"tic":571},"actor":{"position":{"x":-11820352,"y":-5232320,"z":0,"angle":536870912,"subsector":4566993000},"type":"shotgun_soldier","health":30,"id":4567172528}}
{"counter":1202,"type":"move","frame":{"millis":16343,"tic":572},"actor":{"position":{"x":18222340,"y":39446586,"z":3670016,"angle":1912602624,"subsector":4566993528},"type":"player","health":74,"armor":83,"id":4567120880}}
{"counter":1203,"type":"move","frame":{"millis":16343,"tic":572},"actor":{"position":{"x":18053133,"y":39446586,"z":3670016,"angle":1912602624,"subsector":4566993528},"type":"player","health":74,"armor":83,"id":4567120880}}
{"counter":1204,"type":"move","frame":{"millis":16343,"tic":572},"actor":{"position":{"x":11296064,"y":42753344,"z":3670016,"angle":0,"subsector":4566993496},"type":"soldier","health":20,"id":4567131872}}
{"counter":1205,"type":"move","frame":{"millis":16343,"tic":572},"actor":{"position":{"x":15273216,"y":33829888,"z":3670016,"angle":3758096384,"subsector":4566993528},"type":"imp","health":60,"id":4567132664}}
{"counter":1206,"type":"move","frame":{"millis":16343,"tic":572},"actor":{"position":{"x":-12879488,"y":78939776,"z":0,"angle":0,"subsector":4566996760},"type":"shotgun_soldier","health":30,"id":4567155368}}
{"counter":1207,"type":"move","frame":{"millis":16343,"tic":572},"actor":{"position":{"x":-8238944,"y":-10231424,"z":0,"angle":1073741824,"subsector":4566992968},"type":"spectre","health":150,"id":4567162232}}
{"counter":1208,"type":"move","frame":{"millis":16343,"tic":572},"actor":{"position":{"x":8388608,"y":8499712,"z":0,"angle":536870912,"subsector":4566993032},"type":"imp","health":60,"id":4567172000}}
{"counter":1209,"type":"move","frame":{"millis":16373,"tic":573},"actor":{"position":{"x":18053133,"y":39446586,"z":3670016,"angle":1912602624,"subsector":4566993528},"type":"player","health":74,"armor":83,"id":4567120880}}
{"counter":1210,"type":"move","frame":{"millis":16373,"tic":573},"actor":{"position":{"x":17803362,"y":39446586,"z":3670016,"angle":1912602624,"subsector":4566993528},"type":"player","health":74,"armor":83,"id":4567120880}}
{"counter":1211,"type":"move","frame":{"millis":16373,"tic":573},"actor":{"position":{"x":36239456,"y":12474336,"z":0,"angle":2147483648,"subsector":4566994408},"type":"spectre","health":150,"id":4567137416}}
{"counter":1212,"type":"move","frame":{"millis":16373,"tic":573},"actor":{"position":{"x":59699968,"y":19467520,"z":0,"angle":3758096384,"subsector":4566994312},"type":"shotgun_soldier","health":30,"id":4567137680}}
{"counter":1213,"type":"move","frame":{"millis":16373,"tic":573},"actor":{"position":{"x":-28904704,"y":68226304,"z":0,"angle":3221225472,"subsector":4566996712},"type":"shotgun_soldier","health":30,"id":4567155632}}
{"counter":1214,"type":"move","frame":{"millis":16373,"tic":573},"actor":{"position":{"x":-34147584,"y":40439040,"z":0,"angle":3758096384,"subsector":4566993352},"type":"shotgun_soldier","health":30,"id":4567156160}}
{"counter":1215,"type":"move","frame":{"millis":16373,"tic":573},"actor":{"position":{"x":10295232,"y":2817472,"z":0,"angle":1073741824,"subsector":4566993032},"type":"imp","health":60,"id":4567172264}}
{"counter":1216,"type":"move","frame":{"millis":16400,"tic":574},"actor":{"position":{"x":17803362,"y":39446586,"z":3670016,"angle":1879048192,"subsector":4566993528},"type":"player","health":74,"armor":83,"id":4567120880}}
{"counter":1217,"type":"move","frame":{"millis":16400,"tic":574},"actor":{"position":{"x":17482388,"y":39446586,"z":3670016,"angle":1879048192,"subsector":4566993528},"type":"player","health":74,"armor":83,"id":4567120880}}
{"counter":1218,"type":"move","frame":{"millis":16400,"tic":574},"actor":{"position":{"x":-30922432,"y":43505344,"z":0,"angle":3758096384,"subsector":4566993352},"type":"soldier","health":20,"id":4567137944}}
{"counter":1219,"type":"move","frame":{"millis":16400,"tic":574},"actor":{"position":{"x":-16697792,"y":79088064,"z":0,"angle":0,"subsector":4566996760},"type":"soldier","health":20,"id":4567138736}}
{"counter":1220,"type":"move","frame":{"millis":16400,"tic":574},"actor":{"position":{"x":-8238944,"y":-9576064,"z":0,"angle":1073741824,"subsector":4566992968},"type":"spectre","health":150,"id":4567162232}}
{"counter":1221,"type":"move","frame":{"millis":16400,"tic":574},"actor":{"position":{"x":-11444352,"y":-4856320,"z":0,"angle":536870912,"subsector":4566993000},"type":"shotgun_soldier","health":30,"id":4567172528}}
{"counter":1222,"type":"move","frame":{"millis":16429,"tic":575},"actor":{"position":{"x":17482388,"y":39446586,"z":3670016,"angle":1845493760,"subsector":4566993528},"type":"player","health":74,"armor":83,"id":4567120880}}
{"counter":1223,"type":"move","frame":{"millis":16429,"tic":575},"actor":{"position":{"x":17098920,"y":39446586,"z":3670016,"angle":1845493760,"subsector":4566993528},"type":"player","health":74,"armor":83,"id":4567120880}}
{"counter":1224,"type":"move","frame":{"millis":16429,"tic":575},"actor":{"position":{"x":18932672,"y":42001344,"z":3670016,"angle":3221225472,"subsector":4566993528},"type":"soldier","health":20,"id":4567131608}}
{"counter":1225,"type":"move","frame":{"millis":16429,"tic":575},"actor":{"position":{"x":15649216,"y":33453888,"z":3670016,"angle":3758096384,"subsector":4566993528},"type":"imp","health":60,"id":4567132664}}
{"counter":1226,"type":"move","frame":{"millis":16429,"tic":575},"actor":{"position":{"x":35584096,"y":12474336,"z":0,"angle":2147483648,"subsector":4566994408},"type":"spectre","health":150,"id":4567137416}}
{"counter":1227,"type":"move","frame":{"millis":16429,"tic":575},"actor":{"position":{"x":-31526144,"y":61410560,"z":0,"angle":3758096384,"subsector":4566996712},"type":"soldier","health":20,"id":4567138208}}
{"counter":1228,"type":"move","frame":{"millis":16429,"tic":575},"actor":{"position":{"x":-12355200,"y":78939776,"z":0,"angle":0,"subsector":4566996760},"type":"shotgun_soldier","health":30,"id":4567155368}}
{"counter":1229,"type":"move","frame":{"millis":16429,"tic":575},"actor":{"position":{"x":8764608,"y":8875712,"z":0,"angle":536870912,"subsector":4566993032},"type":"imp","health":60,"id":4567172000}}
{"counter":1230,"type":"move","frame":{"millis":16458,"tic":576},"actor":{"position":{"x":17098920,"y":39446586,"z":3670016,"angle":1828716544,"subsector":4566993528},"type":"player","health":74,"armor":83,"id":4567120880}}
{"counter":1231,"type":"move","frame":{"millis":16458,"tic":576},"actor":{"position":{"x":16659919,"y":39446586,"z":3670016,"angle":1828716544,"subsector":4566993528},"type":"player","health":74,"armor":83,"id":4567120880}}
{"counter":1232,"type":"move","frame":{"millis":16458,"tic":576},"actor":{"position":{"x":11820352,"y":42753344,"z":3670016,"angle":0,"subsector":4566993496},"type":"soldier","health":20,"id":4567131872}}
{"counter":1233,"type":"move","frame":{"millis":16458,"tic":576},"actor":{"position":{"x":59175680,"y":19467520,"z":0,"angle":3221225472,"subsector":4566994312},"type":"shotgun_soldier","health":30,"id":4567137680}}
{"counter":1234,"type":"targeted","frame":{"millis":16458,"tic":576},"actor":{"position":{"x":-31457280,"y":27262976,"z":0,"angle":0,"subsector":4566993400},"type":"soldier","health":20,"id":4567139528},"target":{"position":{"x":16659919,"y":39446586,"z":3670016,"angle":1828716544,"subsector":4566993528},"type":"player","health":74,"armor":83,"id":4567120880}}
{"counter":1235,"type":"move","frame":{"millis":16458,"tic":576},"actor":{"position":{"x":-31081280,"y":27638976,"z":0,"angle":0,"subsector":4566993400},"type":"soldier","health":20,"id":4567139528}}
{"counter":1236,"type":"move","frame":{"millis":16458,"tic":576},"actor":{"position":{"x":-28904704,"y":67702016,"z":0,"angle":3221225472,"subsector":4566996712},"type":"shotgun_soldier","health":30,"id":4567155632}}
{"counter":1237,"type":"move","frame":{"millis":16458,"tic":576},"actor":{"position":{"x":-33771584,"y":40063040,"z":0,"angle":3758096384,"subsector":4566993352},"type":"shotgun_soldier","health":30,"id":4567156160}}
{"counter":1238,"type":"move","frame":{"millis":16458,"tic":576},"actor":{"position":{"x":-8238944,"y":-8920704,"z":0,"angle":1073741824,"subsector":4566992968},"type":"spectre","health":150,"id":4567162232}}
{"counter":1239,"type":"move","frame":{"millis":16458,"tic":576},"actor":{"position":{"x":10295232,"y":3341760,"z":0,"angle":1073741824,"subsector":4566993032},"type":"imp","health":60,"id":4567172264}}
{"counter":1240,"type":"move","frame":{"millis":16486,"tic":577},"actor":{"position":{"x":16659919,"y":39446586,"z":3670016,"angle":1811939328,"subsector":4566993528},"type":"player","health":74,"armor":83,"id":4567120880}}
{"counter":1241,"type":"move","frame":{"millis":16486,"tic":577},"actor":{"position":{"x":16171747,"y":39791442,"z":3670016,"angle":1811939328,"subsector":4566993528},"type":"player","health":74,"armor":83,"id":4567120880}}
{"counter":1242,"type":"move","frame":{"millis":16486,"tic":577},"actor":{"position":{"x":34928736,"y":12474336,"z":0,"angle":2147483648,"subsector":4566994408},"type":"spectre","health":150,"id":4567137416}}
{"counter":1243,"type":"move","frame":{"millis":16486,"tic":577},"actor":{"position":{"x":-11068352,"y":-4480320,"z":0,"angle":536870912,"subsector":4566993016},"type":"shotgun_soldier","health":30,"id":4567172528}}
{"counter":1244,"type":"move","frame":{"millis":16516,"tic":578},"actor":{"position":{"x":16171747,"y":39791442,"z":3670016,"angle":1778384896,"subsector":4566993528},"type":"player","health":74,"armor":83,"id":4567120880}}
{"counter":1245,"type":"move","frame":{"millis":16516,"tic":578},"actor":{"position":{"x":15641489,"y":40156576,"z":3670016,"angle":1778384896,"subsector":4566993528},"type":"player","health":74,"armor":83,"id":4567120880}}
{"counter":1246,"type":"move","frame":{"millis":16516,"tic":578},"actor":{"position":{"x":16025216,"y":33077888,"z":3670016,"angle":3758096384,"subsector":4566993528},"type":"imp","health":60,"id":4567132664}}
{"counter":1247,"type":"move","frame":{"millis":16516,"tic":578},"actor":{"position":{"x":-30546432,"y":43129344,"z":0,"angle":3758096384,"subsector":4566993352},"type":"soldier","health":20,"id":4567137944}}
{"counter":1248,"type":"move","frame":{"millis":16516,"tic":578},"actor":{"position":{"x":-16173504,"y":79088064,"z":0,"angle":0,"subsector":4566996760},"type":"soldier","health":20,"id":4567138736}}
{"counter":1249,"type":"move","frame":{"millis":16516,"tic":578},"actor":{"position":{"x":-11830912,"y":78939776,"z":0,"angle":0,"subsector":4566996760},"type":"shotgun_soldier","health":30,"id":4567155368}}
{"counter":1250,"type":"move","frame":{"millis":16516,"tic":578},"actor":{"position":{"x":-7583584,"y":-8920704,"z":0,"angle":1073741824,"subsector":4566992968},"type":"spectre","health":150,"id":4567162232}}
{"counter":1251,"type":"move","frame":{"millis":16516,"tic":578},"actor":{"position":{"x":9140608,"y":9251712,"z":0,"angle":536870912,"subsector":4566993032},"type":"imp","health":60,"id":4567172000}}
{"counter":1252,"type":"move","frame":{"millis":16543,"tic":579},"actor":{"position":{"x":15641489,"y":40156576,"z":3670016,"angle":1711276032,"subsector":4566993528},"type":"player","health":74,"armor":83,"id":4567120880}}
{"counter":1253,"type":"move","frame":{"millis":16543,"tic":579},"actor":{"position":{"x":15078671,"y":40548445,"z":3670016,"angle":1711276032,"subsector":4566993528},"type":"player","health":74,"armor":83,"id":4567120880}}
{"counter":1254,"type":"attacked","frame":{"millis":16543,"tic":579},"actor":{"position":{"x":18932672,"y":42001344,"z":3670016,"angle":3758096384,"subsector":4566993528},"type":"soldier","health":20,"id":4567131608},"target":{"position":{"x":15078671,"y":40548445,"z":3670016,"angle":1711276032,"subsector":4566993528},"type":"player","health":74,"armor":83,"id":4567120880}}
{"counter":1255,"type":"move","frame":{"millis":16543,"tic":579},"actor":{"position":{"x":34273376,"y":12474336,"z":0,"angle":2147483648,"subsector":4566994408},"type":"spectre","health":150,"id":4567137416}}
{"counter":1256,"type":"move","frame":{"millis":16543,"tic":579},"actor":{"position":{"x":58651392,"y":19467520,"z":0,"angle":2684354560,"subsector":4566994312},"type":"shotgun_soldier","health":30,"id":4567137680}}
{"counter":1257,"type":"move","frame":{"millis":16543,"tic":579},"actor":{"position":{"x":-31001856,"y":61410560,"z":0,"angle":0,"subsector":4566996712},"type":"soldier","health":20,"id":4567138208}}
{"counter":1258,"type":"move","frame":{"millis":16543,"tic":579},"actor":{"position":{"x":-28904704,"y":67177728,"z":0,"angle":3221225472,"subsector":4566996712},"type":"shotgun_soldier","health":30,"id":4567155632}}
{"counter":1259,"type":"move","frame":{"millis":16543,"tic":579},"actor":{"position":{"x":-33395584,"y":39687040,"z":0,"angle":3758096384,"subsector":4566993352},"type":"shotgun_soldier","health":30,"id":4567156160}}
{"counter":1260,"type":"move","frame":{"millis":16543,"tic":579},"actor":{"position":{"x":10295232,"y":3866048,"z":0,"angle":1073741824,"subsector":4566993032},"type":"imp","health":60,"id":4567172264}}
{"counter":1261,"type":"move","frame":{"millis":16572,"tic":580},"actor":{"position":{"x":15078671,"y":40548445,"z":3670016,"angle":1644167168,"subsector":4566993528},"type":"player","health":74,"armor":83,"id":4567120880}}
{"counter":1262,"type":"move","frame":{"millis":16572,"tic":580},"actor":{"position":{"x":14492718,"y":40972313,"z":3670016,"angle":1644167168,"subsector":4566993496},"type":"player","health":74,"armor":83,"id":4567120880}}
{"counter":1263,"type":"move","frame":{"millis":16572,"tic":580},"actor":{"position":{"x":11820352,"y":42229056,"z":3670016,"angle":0,"subsector":4566993496},"type":"soldier","health":20,"id":4567131872}}
{"counter":1264,"type":"move","frame":{"millis":16572,"tic":580},"actor":{"position":{"x":-30705280,"y":28014976,"z":0,"angle":536870912,"subsector":4566993400},"type":"soldier","health":20,"id":4567139528}}
{"counter":1265,"type":"move","frame":{"millis":16572,"tic":580},"actor":{"position":{"x":-6928224,"y":-8920704,"z":0,"angle":536870912,"subsector":4566992968},"type":"spectre","health":150,"id":4567162232}}
{"counter":1266,"type":"move","frame":{"millis":16572,"tic":580},"actor":{"position":{"x":-10692352,"y":-4104320,"z":0,"angle":536870912,"subsector":4566993016},"type":"shotgun_soldier","health":30,"id":4567172528}}
{"counter":1267,"type":"move","frame":{"millis":16601,"tic":581},"actor":{"position":{"x":14492718,"y":40972313,"z":3670016,"angle":1593835520,"subsector":4566993496},"type":"player","health":74,"armor":83,"id":4567120880}}
{"counter":1268,"type":"move","frame":{"millis":16601,"tic":581},"actor":{"position":{"x":14492718,"y":41430577,"z":3670016,"angle":1593835520,"subsector":4566993496},"type":"player","health":74,"armor":83,"id":4567120880}}
{"counter":1269,"type":"attacked","frame":{"millis":16601,"tic":581},"actor":{"position":{"x":16025216,"y":33077888,"z":3670016,"angle":3758096384,"subsector":4566993528},"type":"imp","health":60,"id":4567132664},"target":{"position":{"x":14492718,"y":41430577,"z":3670016,"angle":1593835520,"subsector":4566993496},"type":"player","health":74,"armor":83,"id":4567120880}}
{"counter":1270,"type":"move","frame":{"millis":16601,"tic":581},"actor":{"position":{"x":33618016,"y":12474336,"z":0,"angle":2147483648,"subsector":4566994408},"type":"spectre","health":150,"id":4567137416}}
{"counter":1271,"type":"move","frame":{"millis":16601,"tic":581},"actor":{"position":{"x":-11306624,"y":78939776,"z":0,"angle":0,"subsector":4566996760},"type":"shotgun_soldier","health":30,"id":4567155368}}
{"counter":1272,"type":"attacked","frame":{"millis":16601,"tic":581},"actor":{"position":{"x":9140608,"y":9251712,"z":0,"angle":536870912,"subsector":4566993032},"type":"imp","health":60,"id":4567172000},"target":{"position":{"x":14492718,"y":41430577,"z":3670016,"angle":1593835520,"subsector":4566993496},"type":"player","health":74,"armor":83,"id":4567120880}}
{"counter":1273,"type":"move","frame":{"millis":16629,"tic":582},"actor":{"position":{"x":14492718,"y":41430577,"z":3670016,"angle":1526726656,"subsector":4566993496},"type":"player","health":74,"armor":83,"id":4567120880}}
{"counter":1274,"type":"move","frame":{"millis":16629,"tic":582},"actor":{"position":{"x":14492718,"y":41926579,"z":3670016,"angle":1526726656,"subsector":4566993496},"type":"player","health":74,"armor":83,"id":4567120880}}
{"counter":1275,"type":"move","frame":{"millis":16629,"tic":582},"actor":{"position":{"x":58127104,"y":19467520,"z":0,"angle":2147483648,"subsector":4566994312},"type":"shotgun_soldier","health":30,"id":4567137680}}
{"counter":1276,"type":"move","frame":{"millis":16629,"tic":582},"actor":{"position":{"x":-30170432,"y":42753344,"z":0,"angle":3758096384,"subsector":4566993352},"type":"soldier","health":20,"id":4567137944}}
{"counter":1277,"type":"move","frame":{"millis":16629,"tic":582},"actor":{"position":{"x":-15649216,"y":79088064,"z":0,"angle":0,"subsector":4566996760},"type":"soldier","health":20,"id":4567138736}}
{"counter":1278,"type":"move","frame":{"millis":16629,"tic":582},"actor":{"position":{"x":-28904704,"y":66653440,"z":0,"angle":3221225472,"subsector":4566996712},"type":"shotgun_soldier","health":30,"id":4567155632}}
{"counter":1279,"type":"move","frame":{"millis":16629,"tic":582},"actor":{"position":{"x":-33019584,"y":39311040,"z":0,"angle":3758096384,"subsector":4566993352},"type":"shotgun_soldier","health":30,"id":4567156160}}
{"counter":1280,"type":"targeted","frame":{"millis":16629,"tic":582},"actor":{"position":{"x":-20971520,"y":25165824,"z":0,"angle":0,"subsector":4566993432},"type":"shotgun_soldier","health":30,"id":4567156424},"target":{"position":{"x":14492718,"y":41926579,"z":3670016,"angle":1526726656,"subsector":4566993496},"type":"player","health":74,"armor":83,"id":4567120880}}
{"counter":1281,"type":"move","frame":{"millis":16629,"tic":582},"actor":{"position":{"x":-20595520,"y":25541824,"z":0,"angle":0,"subsector":4566993432},"type":"shotgun_soldier","health":30,"id":4567156424}}
{"counter":1282,"type":"move","frame":{"millis":16629,"tic":582},"actor":{"position":{"x":-6272864,"y":-8920704,"z":0,"angle":0,"subsector":4566992968},"type":"spectre","health":150,"id":4567162232}}
{"counter":1283,"type":"move","frame":{"millis":16629,"tic":582},"actor":{"position":{"x":10295232,"y":4390336,"z":0,"angle":1073741824,"subsector":4566993032},"type":"imp","health":60,"id":4567172264}}
{"counter":1284,"type":"move","frame":{"millis":16658,"tic":583},"actor":{"position":{"x":14492718,"y":41926579,"z":3670016,"angle":1476395008,"subsector":4566993496},"type":"player","health":74,"armor":83,"id":4567120880}}
{"counter":1285,"type":"move","frame":{"millis":16658,"tic":583},"actor":{"position":{"x":14492718,"y":42461200,"z":3670016,"angle":1476395008,"subsector":4566993496},"type":"player","health":74,"armor":83,"id":4567120880}}
{"counter":1286,"type":"move","frame":{"millis":16658,"tic":583},"actor":{"position":{"x":32962656,"y":12474336,"z":0,"angle":2147483648,"subsector":4566994408},"type":"spectre","health":150,"id":4567137416}}
{"counter":1287,"type":"move","frame":{"millis":16658,"tic":583},"actor":{"position":{"x":-30477568,"y":61410560,"z":0,"angle":0,"subsector":4566996712},"type":"soldier","health":20,"id":4567138208}}
{"counter":1288,"type":"move","frame":{"millis":16658,"tic":583},"actor":{"position":{"x":-10316352,"y":-3728320,"z":0,"angle":536870912,"subsector":4566993016},"type":"shotgun_soldier","health":30,"id":4567172528}}
{"counter":1289,"type":"move","frame":{"millis":16687,"tic":584},"actor":{"position":{"x":14492718,"y":42461200,"z":3670016,"angle":1426063360,"subsector":4566993496},"type":"player","health":74,"armor":83,"id":4567120880}}
{"counter":1290,"type":"move","frame":{"millis":16687,"tic":584},"actor":{"position":{"x":14492718,"y":43034776,"z":3670016,"angle":1426063360,"subsector":4566993496},"type":"player","health":74,"armor":83,"id":4567120880}}
{"counter":1291,"type":"move","frame":{"millis":16687,"tic":584},"actor":{"position":{"x":11820352,"y":41704768,"z":3670016,"angle":3758096384,"subsector":4566993496},"type":"soldier","health":20,"id":4567131872}}
{"counter":1292,"type":"move","frame":{"millis":16687,"tic":584},"actor":{"position":{"x":-30329280,"y":28390976,"z":0,"angle":536870912,"subsector":4566993400},"type":"soldier","health":20,"id":4567139528}}
{"counter":1293,"type":"move","frame":{"millis":16687,"tic":584},"actor":{"position":{"x":-10782336,"y":78939776,"z":0,"angle":0,"subsector":4566996760},"type":"shotgun_soldier","health":30,"id":4567155368}}
{"counter":1294,"type":"move","frame":{"millis":16687,"tic":584},"actor":{"position":{"x":-5802864,"y":-9390704,"z":0,"angle":0,"subsector":4566992968},"type":"spectre","health":150,"id":4567162232}}
{"counter":1295,"type":"move","frame":{"millis":16715,"tic":585},"actor":{"position":{"x":14492718,"y":43034776,"z":3670016,"angle":1342177280,"subsector":4566993496},"type":"player","health":74,"armor":83,"id":4567120880}}
{"counter":1296,"type":"move","frame":{"millis":16715,"tic":585},"actor":{"position":{"x":14492718,"y":43649168,"z":3670016,"angle":1342177280,"subsector":4566993496},"type":"player","health":74,"armor":83,"id":4567120880}}
{"counter":1297,"type":"move","frame":{"millis":16715,"tic":585},"actor":{"position":{"x":32307296,"y":12474336,"z":0,"angle":2147483648,"subsector":4566994408},"type":"spectre","health":150,"id":4567137416}}
{"counter":1298,"type":"move","frame":{"millis":16716,"tic":585},"actor":{"position":{"x":57602816,"y":19467520,"z":0,"angle":2147483648,"subsector":4566994312},"type":"shotgun_soldier","health":30,"id":4567137680}}
{"counter":1299,"type":"move","frame":{"millis":16716,"tic":585},"actor":{"position":{"x":-28904704,"y":66129152,"z":0,"angle":3221225472,"subsector":4566996712},"type":"shotgun_soldier","health":30,"id":4567155632}}
{"counter":1300,"type":"move","frame":{"millis":16716,"tic":585},"actor":{"position":{"x":-32643584,"y":38935040,"z":0,"angle":3758096384,"subsector":4566993352},"type":"shotgun_soldier","health":30,"id":4567156160}}
{"counter":1301,"type":"move","frame":{"millis":16716,"tic":585},"actor":{"position":{"x":-20595520,"y":26066112,"z":0,"angle":536870912,"subsector":4566993432},"type":"shotgun_soldier","health":30,"id":4567156424}}
{"counter":1302,"type":"move","frame":{"millis":16716,"tic":585},"actor":{"position":{"x":10295232,"y":4914624,"z":0,"angle":1073741824,"subsector":4566993032},"type":"imp","health":60,"id":4567172264}}
{"counter":1303,"type":"move","frame":{"millis":16743,"tic":586},"actor":{"position":{"x":14492718,"y":43649168,"z":3670016,"angle":1258291200,"subsector":4566993496},"type":"player","health":74,"armor":83,"id":4567120880}}
{"counter":1304,"type":"move","frame":{"millis":16744,"tic":586},"actor":{"position":{"x":13935680,"y":44304639,"z":3670016,"angle":1258291200,"subsector":4566993688},"type":"player","health":74,"armor":83,"id":4567120880}}
{"counter":1305,"type":"move","frame":{"millis":16744,"tic":586},"actor":{"position":{"x":-29794432,"y":42377344,"z":0,"angle":3758096384,"subsector":4566993352},"type":"soldier","health":20,"id":4567137944}}
{"counter":1306,"type":"move","frame":{"millis":16744,"tic":586},"actor":{"position":{"x":-15124928,"y":79088064,"z":0,"angle":0,"subsector":4566996760},"type":"soldier","health":20,"id":4567138736}}
{"counter":1307,"type":"targeted","frame":{"millis":16744,"tic":586},"actor":{"position":{"x":-17825792,"y":27262976,"z":0,"angle":0,"subsector":4566993432},"type":"shotgun_soldier","health":30,"id":4567139792},"target":{"position":{"x":13935680,"y":44304639,"z":3670016,"angle":1258291200,"subsector":4566993688},"type":"player","health":74,"armor":83,"id":4567120880}}
{"counter":1308,"type":"move","frame":{"millis":16744,"tic":586},"actor":{"position":{"x":-17449792,"y":27638976,"z":0,"angle":0,"subsector":4566993432},"type":"shotgun_soldier","health":30,"id":4567139792}}
{"counter":1309,"type":"move","frame":{"millis":16744,"tic":586},"actor":{"position":{"x":-5332864,"y":-9860704,"z":0,"angle":3758096384,"subsector":4566992968},"type":"spectre","health":150,"id":4567162232}}
{"counter":1310,"type":"move","frame":{"millis":16744,"tic":586},"actor":{"position":{"x":-9940352,"y":-3352320,"z":0,"angle":536870912,"subsector":4566993016},"type":"shotgun_soldier","health":30,"id":4567172528}}
{"counter":1311,"type":"move","frame":{"millis":16772,"tic":587},"actor":{"position":{"x":13935680,"y":44304639,"z":3670016,"angle":1275068416,"subsector":4566993688},"type":"player","health":74,"armor":83,"id":4567120880}}
{"counter":1312,"type":"move","frame":{"millis":16772,"tic":587},"actor":{"position":{"x":13401101,"y":44996637,"z":3670016,"angle":1275068416,"subsector":4566993688},"type":"player","health":74,"armor":83,"id":4567120880}}
{"counter":1313,"type":"move","frame":{"millis":16772,"tic":587},"actor":{"position":{"x":31651936,"y":12474336,"z":0,"angle":2147483648,"subsector":4566994408},"type":"spectre","health":150,"id":4567137416}}
{"counter":1314,"type":"move","frame":{"millis":16772,"tic":587},"actor":{"position":{"x":-29953280,"y":61410560,"z":0,"angle":0,"subsector":4566996712},"type":"soldier","health":20,"id":4567138208}}
{"counter":1315,"type":"move","frame":{"millis":16772,"tic":587},"actor":{"position":{"x":-10258048,"y":78939776,"z":0,"angle":0,"subsector":4566996760},"type":"shotgun_soldier","health":30,"id":4567155368}}
{"counter":1316,"type":"move","frame":{"millis":16800,"tic":588},"actor":{"position":{"x":13401101,"y":44996637,"z":3670016,"angle":1291845632,"subsector":4566993688},"type":"player","health":74,"armor":83,"id":4567120880}}
{"counter":1317,"type":"move","frame":{"millis":16801,"tic":588},"actor":{"position":{"x":12884480,"y":45720978,"z":3670016,"angle":1291845632,"subsector":4566993688},"type":"player","health":74,"armor":83,"id":4567120880}}
{"counter":1318,"type":"move","frame":{"millis":16801,"tic":588},"actor":{"position":{"x":11820352,"y":41180480,"z":3670016,"angle":3221225472,"subsector":4566993496},"type":"soldier","health":20,"id":4567131872}}
{"counter":1319,"type":"move","frame":{"millis":16801,"tic":588},"actor":{"position":{"x":57078528,"y":19467520,"z":0,"angle":2147483648,"subsector":4566994312},"type":"shotgun_soldier","health":30,"id":4567137680}}
{"counter":1320,"type":"move","frame":{"millis":16801,"tic":588},"actor":{"position":{"x":-29953280,"y":28766976,"z":0,"angle":536870912,"subsector":4566993400},"type":"soldier","health":20,"id":4567139528}}
{"counter":1321,"type":"move","frame":{"millis":16801,"tic":588},"actor":{"position":{"x":-28904704,"y":65604864,"z":0,"angle":3221225472,"subsector":4566996712},"type":"shotgun_soldier","health":30,"id":4567155632}}
{"counter":1322,"type":"move","frame":{"millis":16801,"tic":588},"actor":{"position":{"x":-32267584,"y":38559040,"z":0,"angle":3758096384,"subsector":4566993352},"type":"shotgun_soldier","health":30,"id":4567156160}}
{"counter":1323,"type":"move","frame":{"millis":16801,"tic":588},"actor":{"position":{"x":-20595520,"y":26590400,"z":0,"angle":1073741824,"subsector":4566993432},"type":"shotgun_soldier","health":30,"id":4567156424}}
{"counter":1324,"type":"move","frame":{"millis":16801,"tic":588},"actor":{"position":{"x":-4862864,"y":-10330704,"z":0,"angle":3758096384,"subsector":4566992968},"type":"spectre","health":150,"id":4567162232}}
{"counter":1325,"type":"move","frame":{"millis":16801,"tic":588},"actor":{"position":{"x":10295232,"y":5438912,"z":0,"angle":1073741824,"subsector":4566993032},"type":"imp","health":60,"id":4567172264}}
{"counter":1326,"type":"move","frame":{"millis":16829,"tic":589},"actor":{"position":{"x":12884480,"y":45720978,"z":3670016,"angle":1308622848,"subsector":4566993688},"type":"player","health":74,"armor":83,"id":4567120880}}
{"counter":1327,"type":"move","frame":{"millis":16829,"tic":589},"actor":{"position":{"x":12381757,"y":46473812,"z":3670016,"angle":1308622848,"subsector":4566993688},"type":"player","health":74,"armor":83,"id":4567120880}}
{"counter":1328,"type":"move","frame":{"millis":16831,"tic":589},"actor":{"position":{"x":30996576,"y":12474336,"z":0,"angle":2147483648,"subsector":4566994408},"type":"spectre","health":150,"id":4567137416}}
{"counter":1329,"type":"move","frame":{"millis":16831,"tic":589},"actor":{"position":{"x":-17073792,"y":28014976,"z":0,"angle":536870912,"subsector":4566993432},"type":"shotgun_soldier","health":30,"id":4567139792}}
{"counter":1330,"type":"move","frame":{"millis":16831,"tic":589},"actor":{"position":{"x":-9940352,"y":-2828032,"z":0,"angle":536870912,"subsector":4566993016},"type":"shotgun_soldier","health":30,"id":4567172528}}
{"counter":1331,"type":"move","frame":{"millis":16858,"tic":590},"actor":{"position":{"x":12381757,"y":46473812,"z":3670016,"angle":1342177280,"subsector":4566993688},"type":"player","health":74,"armor":83,"id":4567120880}}
{"counter":1332,"type":"move","frame":{"millis":16858,"tic":590},"actor":{"position":{"x":11886942,"y":47250656,"z":3670016,"angle":1342177280,"subsector":4566993688},"type":"player","health":74,"armor":83,"id":4567120880}}
{"counter":1333,"type":"move","frame":{"millis":16858,"tic":590},"actor":{"position":{"x":-29418432,"y":42001344,"z":0,"angle":3758096384,"subsector":4566993352},"type":"soldier","health":20,"id":4567137944}}
{"counter":1334,"type":"move","frame":{"millis":16858,"tic":590},"actor":{"position":{"x":-14600640,"y":79088064,"z":0,"angle":0,"subsector":4566996760},"type":"soldier","health":20,"id":4567138736}}
{"counter":1335,"type":"move","frame":{"millis":16858,"tic":590},"actor":{"position":{"x":-9733760,"y":78939776,"z":0,"angle":0,"subsector":4566996760},"type":"shotgun_soldier","health":30,"id":4567155368}}
{"counter":1336,"type":"move","frame":{"millis":16858,"tic":590},"actor":{"position":{"x":-4392864,"y":-10800704,"z":0,"angle":3758096384,"subsector":4566992968},"type":"spectre","health":150,"id":4567162232}}
{"counter":1337,"type":"move","frame":{"millis":16886,"tic":591},"actor":{"position":{"x":11886942,"y":47250656,"z":3670016,"angle":1409286144,"subsector":4566993688},"type":"player","health":74,"armor":83,"id":4567120880}}
{"counter":1338,"type":"move","frame":{"millis":16886,"tic":591},"actor":{"position":{"x":11390210,"y":48044959,"z":3670016,"angle":1409286144,"subsector":4566993688},"type":"player","health":74,"armor":83,"id":4567120880}}
{"counter":1339,"type":"move","frame":{"millis":16886,"tic":591},"actor":{"position":{"x":30341216,"y":12474336,"z":0,"angle":2147483648,"subsector":4566994408},"type":"spectre","health":150,"id":4567137416}}
{"counter":1340,"type":"move","frame":{"millis":16886,"tic":591},"actor":{"position":{"x":56554240,"y":19467520,"z":0,"angle":2147483648,"subsector":4566994312},"type":"shotgun_soldier","health":30,"id":4567137680}}
{"counter":1341,"type":"move","frame":{"millis":16886,"tic":591},"actor":{"position":{"x":-29428992,"y":61410560,"z":0,"angle":0,"subsector":4566996712},"type":"soldier","health":20,"id":4567138208}}
{"counter":1342,"type":"move","frame":{"millis":16886,"tic":591},"actor":{"position":{"x":-28904704,"y":65080576,"z":0,"angle":3221225472,"subsector":4566996712},"type":"shotgun_soldier","health":30,"id":4567155632}}
{"counter":1343,"type":"move","frame":{"millis":16886,"tic":591},"actor":{"position":{"x":-31891584,"y":38183040,"z":0,"angle":3758096384,"subsector":4566993352},"type":"shotgun_soldier","health":30,"id":4567156160}}
{"counter":1344,"type":"move","frame":{"millis":16886,"tic":591},"actor":{"position":{"x":-20595520,"y":27114688,"z":0,"angle":1073741824,"subsector":4566993432},"type":"shotgun_soldier","health":30,"id":4567156424}}
{"counter":1345,"type":"attacked","frame":{"millis":16886,"tic":591},"actor":{"position":{"x":10295232,"y":5438912,"z":0,"angle":1073741824,"subsector":4566993032},"type":"imp","health":60,"id":4567172264},"target":{"position":{"x":11390210,"y":48044959,"z":3670016,"angle":1409286144,"subsector":4566993688},"type":"player","health":74,"armor":83,"id":4567120880}}
{"counter":1346,"type":"move","frame":{"millis":16916,"tic":592},"actor":{"position":{"x":11390210,"y":48044959,"z":3670016,"angle":1509949440,"subsector":4566993688},"type":"player","health":74,"armor":83,"id":4567120880}}
{"counter":1347,"type":"move","frame":{"millis":16916,"tic":592},"actor":{"position":{"x":10894990,"y":48209578,"z":3670016,"angle":1509949440,"subsector":4566993688},"type":"player","health":74,"armor":83,"id":4567120880}}
{"counter":1348,"type":"move","frame":{"millis":16916,"tic":592},"actor":{"position":{"x":11820352,"y":40656192,"z":3670016,"angle":3221225472,"subsector":4566993496},"type":"soldier","health":20,"id":4567131872}}
{"counter":1349,"type":"move","frame":{"millis":16916,"tic":592},"actor":{"position":{"x":-29577280,"y":29142976,"z":0,"angle":536870912,"subsector":4566993400},"type":"soldier","health":20,"id":4567139528}}
{"counter":1350,"type":"move","frame":{"millis":16916,"tic":592},"actor":{"position":{"x":-16697792,"y":28390976,"z":0,"angle":536870912,"subsector":4566993432},"type":"shotgun_soldier","health":30,"id":4567139792}}
{"counter":1351,"type":"move","frame":{"millis":16916,"tic":592},"actor":{"position":{"x":-3922864,"y":-11270704,"z":0,"angle":3758096384,"subsector":4566992968},"type":"spectre","health":150,"id":4567162232}}
{"counter":1352,"type":"move","frame":{"millis":16916,"tic":592},"actor":{"position":{"x":-9940352,"y":-2303744,"z":0,"angle":1073741824,"subsector":4566993016},"type":"shotgun_soldier","health":30,"id":4567172528}}
{"counter":1353,"type":"move","frame":{"millis":16944,"tic":593},"actor":{"position":{"x":10894990,"y":48209578,"z":3670016,"angle":1526726656,"subsector":4566993688},"type":"player","health":74,"armor":83,"id":4567120880}}
{"counter":1354,"type":"move","frame":{"millis":16944,"tic":593},"actor":{"position":{"x":10491273,"y":48232143,"z":3670016,"angle":1526726656,"subsector":4566993688},"type":"player","health":74,"armor":83,"id":4567120880}}
{"counter":1355,"type":"move","frame":{"millis":16944,"tic":593},"actor":{"position":{"x":29685856,"y":12474336,"z":0,"angle":2147483648,"subsector":4566994408},"type":"spectre","health":150,"id":4567137416}}
{"counter":1356,"type":"move","frame":{"millis":16944,"tic":593},"actor":{"position":{"x":-9209472,"y":78939776,"z":0,"angle":0,"subsector":4566996760},"type":"shotgun_soldier","health":30,"id":4567155368}}
{"counter":1357,"type":"move","frame":{"millis":16972,"tic":594},"actor":{"position":{"x":10491273,"y":48232143,"z":3670016,"angle":1677721600,"subsector":4566993688},"type":"player","health":74,"armor":83,"id":4567120880}}
{"counter":1358,"type":"move","frame":{"millis":16972,"tic":594},"actor":{"position":{"x":10162433,"y":48232673,"z":3670016,"angle":1677721600,"subsector":4566993688},"type":"player","health":74,"armor":83,"id":4567120880}}
{"counter":1359,"type":"move","frame":{"millis":16972,"tic":594},"actor":{"position":{"x":56178240,"y":19843520,"z":0,"angle":2147483648,"subsector":4566994312},"type":"shotgun_soldier","health":30,"id":4567137680}}
{"counter":1360,"type":"move","frame":{"millis":16972,"tic":594},"actor":{"position":{"x":-29042432,"y":41625344,"z":0,"angle":3758096384,"subsector":4566993352},"type":"soldier","health":20,"id":4567137944}}
{"counter":1361,"type":"move","frame":{"millis":16972,"tic":594},"actor":{"position":{"x":-14076352,"y":79088064,"z":0,"angle":0,"subsector":4566996760},"type":"soldier","health":20,"id":4567138736}}
{"counter":1362,"type":"move","frame":{"millis":16972,"tic":594},"actor":{"position":{"x":-28904704,"y":64556288,"z":0,"angle":3221225472,"subsector":4566996712},"type":"shotgun_soldier","health":30,"id":4567155632}}
{"counter":1363,"type":"move","frame":{"millis":16972,"tic":594},"actor":{"position":{"x":-31515584,"y":37807040,"z":0,"angle":3758096384,"subsector":4566993352},"type":"shotgun_soldier","health":30,"id":4567156160}}
{"counter":1364,"type":"move","frame":{"millis":16972,"tic":594},"actor":{"position":{"x":-20595520,"y":27638976,"z":0,"angle":1073741824,"subsector":4566993432},"type":"shotgun_soldier","health":30,"id":4567156424}}
{"counter":1365,"type":"move","frame":{"millis":16972,"tic":594},"actor":{"position":{"x":-3452864,"y":-11740704,"z":0,"angle":3758096384,"subsector":4566992968},"type":"spectre","health":150,"id":4567162232}}
{"counter":1366,"type":"move","frame":{"millis":17000,"tic":595},"actor":{"position":{"x":10162433,"y":48232673,"z":3670016,"angle":1862270976,"subsector":4566993688},"type":"player","health":74,"armor":83,"id":4567120880}}
{"counter":1367,"type":"move","frame":{"millis":17000,"tic":595},"actor":{"position":{"x":9785463,"y":48233425,"z":3670016,"angle":1862270976,"subsector":4566993688},"type":"player","health":74,"armor":83,"id":4567120880}}
{"counter":1368,"type":"move","frame":{"millis":17000,"tic":595},"actor":{"position":{"x":29030496,"y":12474336,"z":0,"angle":2147483648,"subsector":4566993064},"type":"spectre","health":150,"id":4567137416}}
{"counter":1369,"type":"move","frame":{"millis":17000,"tic":595},"actor":{"position":{"x":-28904704,"y":61410560,"z":0,"angle":0,"subsector":4566996712},"type":"soldier","health":20,"id":4567138208}}
{"counter":1370,"type":"move","frame":{"millis":17000,"tic":595},"actor":{"position":{"x":-16321792,"y":28766976,"z":0,"angle":536870912,"subsector":4566993432},"type":"shotgun_soldier","health":30,"id":4567139792}}
{"counter":1371,"type":"move","frame":{"millis":17000,"tic":595},"actor":{"position":{"x":-9940352,"y":-1779456,"z":0,"angle":1073741824,"subsector":4566993016},"type":"shotgun_soldier","health":30,"id":4567172528}}
{"counter":1372,"type":"move","frame":{"millis":17030,"tic":596},"actor":{"position":{"x":9785463,"y":48233425,"z":3670016,"angle":2030043136,"subsector":4566993688},"type":"player","health":74,"armor":83,"id":4567120880}}
{"counter":1373,"type":"move","frame":{"millis":17030,"tic":596},"actor":{"position":{"x":9362961,"y":48234159,"z":3670016,"angle":2030043136,"subsector":4566993688},"type":"player","health":74,"armor":83,"id":4567120880}}
{"counter":1374,"type":"move","frame":{"millis":17030,"tic":596},"actor":{"position":{"x":11820352,"y":40131904,"z":3670016,"angle":3221225472,"subsector":4566993496},"type":"soldier","health":20,"id":4567131872}}
{"counter":1375,"type":"move","frame":{"millis":17030,"tic":596},"actor":{"position":{"x":-29201280,"y":29518976,"z":0,"angle":536870912,"subsector":4566993400},"type":"soldier","health":20,"id":4567139528}}
{"counter":1376,"type":"move","frame":{"millis":17030,"tic":596},"actor":{"position":{"x":-8685184,"y":78939776,"z":0,"angle":0,"subsector":4566996760},"type":"shotgun_soldier","health":30,"id":4567155368}}
{"counter":1377,"type":"move","frame":{"millis":17030,"tic":596},"actor":{"position":{"x":-2982864,"y":-12210704,"z":0,"angle":3758096384,"subsector":4566992968},"type":"spectre","health":150,"id":4567162232}}
{"counter":1378,"type":"move","frame":{"millis":17058,"tic":597},"actor":{"position":{"x":9362961,"y":48234159,"z":3670016,"angle":2181038080,"subsector":4566993688},"type":"player","health":74,"armor":83,"id":4567120880}}
{"counter":1379,"type":"move","frame":{"millis":17058,"tic":597},"actor":{"position":{"x":8894404,"y":48229096,"z":3670016,"angle":2181038080,"subsector":4566993688},"type":"player","health":74,"armor":83,"id":4567120880}}
{"counter":1380,"type":"move","frame":{"millis":17058,"tic":597},"actor":{"position":{"x":28560496,"y":12004336,"z":0,"angle":2147483648,"subsector":4566993064},"type":"spectre","health":150,"id":4567137416}}
{"counter":1381,"type":"move","frame":{"millis":17058,"tic":597},"actor":{"position":{"x":56178240,"y":20367808,"z":0,"angle":1610612736,"subsector":4566994312},"type":"shotgun_soldier","health":30,"id":4567137680}}
{"counter":1382,"type":"move","frame":{"millis":17058,"tic":597},"actor":{"position":{"x":-28904704,"y":64032000,"z":0,"angle":3221225472,"subsector":4566996712},"type":"shotgun_soldier","health":30,"id":4567155632}}
{"counter":1383,"type":"move","frame":{"millis":17058,"tic":597},"actor":{"position":{"x":-31139584,"y":37431040,"z":0,"angle":3758096384,"subsector":4566993352},"type":"shotgun_soldier","health":30,"id":4567156160}}
{"counter":1384,"type":"move","frame":{"millis":17058,"tic":597},"actor":{"position":{"x":-20595520,"y":28163264,"z":0,"angle":1073741824,"subsector":4566993432},"type":"shotgun_soldier","health":30,"id":4567156424}}
{"counter":1385,"type":"move","frame":{"millis":17058,"tic":597},"actor":{"position":{"x":15606626,"y":33967343,"z":5767168,"angle":1374193952,"subsector":4566993528},"type":"imp_fireball","health":1000,"id":4567517728}}
{"counter":1386,"type":"move","frame":{"millis":17058,"tic":597},"actor":{"position":{"x":9134968,"y":10234722,"z":2128253,"angle":1077747043,"subsector":4566993032},"type":"imp_fireball","health":1000,"id":4567517992}}
{"counter":1387,"type":"move","frame":{"millis":17086,"tic":598},"actor":{"position":{"x":8894404,"y":48229096,"z":3670016,"angle":2348810240,"subsector":4566993688},"type":"player","health":74,"armor":83,"id":4567120880}}
{"health":25,"counter":1388,"type":"pickup_health","frame":{"millis":17086,"tic":598},"actor":{"position":{"x":8894404,"y":48229096,"z":3670016,"angle":2348810240,"subsector":4566993688},"type":"player","health":99,"armor":83,"id":4567120880}}
{"counter":1389,"type":"move","frame":{"millis":17086,"tic":598},"actor":{"position":{"x":8371795,"y":48194744,"z":3670016,"angle":2348810240,"subsector":4566993688},"type":"player","health":99,"armor":83,"id":4567120880}}
{"counter":1390,"type":"move","frame":{"millis":17086,"tic":598},"actor":{"position":{"x":-28666432,"y":41249344,"z":0,"angle":3758096384,"subsector":4566993352},"type":"soldier","health":20,"id":4567137944}}
{"counter":1391,"type":"move","frame":{"millis":17086,"tic":598},"actor":{"position":{"x":-13552064,"y":79088064,"z":0,"angle":0,"subsector":4566996760},"type":"soldier","health":20,"id":4567138736}}
{"counter":1392,"type":"move","frame":{"millis":17087,"tic":598},"actor":{"position":{"x":-15945792,"y":29142976,"z":0,"angle":536870912,"subsector":4566993432},"type":"shotgun_soldier","health":30,"id":4567139792}}
{"counter":1393,"type":"move","frame":{"millis":17087,"tic":598},"actor":{"position":{"x":-2512864,"y":-11740704,"z":0,"angle":3758096384,"subsector":4566992968},"type":"spectre","health":150,"id":4567162232}}
{"counter":1394,"type":"move","frame":{"millis":17087,"tic":598},"actor":{"position":{"x":-9940352,"y":-1255168,"z":0,"angle":1073741824,"subsector":4566993016},"type":"shotgun_soldier","health":30,"id":4567172528}}
{"counter":1395,"type":"move","frame":{"millis":17087,"tic":598},"actor":{"position":{"x":15327566,"y":34560313,"z":5767168,"angle":1374193952,"subsector":4566993528},"type":"imp_fireball","health":1000,"id":4567517728}}
{"counter":1396,"type":"move","frame":{"millis":17087,"tic":598},"actor":{"position":{"x":9131208,"y":10890062,"z":2190456,"angle":1077747043,"subsector":4566993032},"type":"imp_fireball","health":1000,"id":4567517992}}
{"counter":1397,"type":"move","frame":{"millis":17115,"tic":599},"actor":{"position":{"x":8371795,"y":48194744,"z":3670016,"angle":2466250752,"subsector":4566993688},"type":"player","health":99,"armor":83,"id":4567120880}}
{"counter":1398,"type":"move","frame":{"millis":17115,"tic":599},"actor":{"position":{"x":7806731,"y":48117537,"z":3670016,"angle":2466250752,"subsector":4566993688},"type":"player","health":99,"armor":83,"id":4567120880}}
{"counter":1399,"type":"move","frame":{"millis":17115,"tic":599},"actor":{"position":{"x":28090496,"y":11534336,"z":0,"angle":2684354560,"subsector":4566993064},"type":"spectre","health":150,"id":4567137416}}
{"counter":1400,"type":"move","frame":{"millis":17115,"tic":599},"actor":{"position":{"x":-29428992,"y":61410560,"z":0,"angle":0,"subsector":4566996712},"type":"soldier","health":20,"id":4567138208}}
{"counter":1401,"type":"move","frame":{"millis":17115,"tic":599},"actor":{"position":{"x":-9209472,"y":78939776,"z":0,"angle":0,"subsector":4566996760},"type":"shotgun_soldier","health":30,"id":4567155368}}
{"counter":1402,"type":"move","frame":{"millis":17115,"tic":599},"actor":{"position":{"x":15048506,"y":35153283,"z":5767168,"angle":1374193952,"subsector":4566993528},"type":"imp_fireball","health":1000,"id":4567517728}}
{"counter":1403,"type":"move","frame":{"millis":17115,"tic":599},"actor":{"position":{"x":9127448,"y":11545402,"z":2252659,"angle":1077747043,"subsector":4566993032},"type":"imp_fireball","health":1000,"id":4567517992}}
{"counter":1404,"type":"move","frame":{"millis":17143,"tic":600},"actor":{"position":{"x":7806731,"y":48117537,"z":3670016,"angle":2566914048,"subsector":4566993688},"type":"player","health":99,"armor":83,"id":4567120880}}
{"counter":1405,"type":"move","frame":{"millis":17143,"tic":600},"actor":{"position":{"x":7210944,"y":47988574,"z":3670016,"angle":2566914048,"subsector":4566993688},"type":"player","health":99,"armor":83,"id":4567120880}}
{"counter":1406,"type":"move","frame":{"millis":17143,"tic":600},"actor":{"position":{"x":11820352,"y":39607616,"z":3670016,"angle":3221225472,"subsector":4566993496},"type":"soldier","health":20,"id":4567131872}}
{"counter":1407,"type":"move","frame":{"millis":17143,"tic":600},"actor":{"position":{"x":56554240,"y":19991808,"z":0,"angle":1073741824,"subsector":4566994312},"type":"shotgun_soldier","health":30,"id":4567137680}}
{"counter":1408,"type":"move","frame":{"millis":17143,"tic":600},"actor":{"position":{"x":-28825280,"y":29894976,"z":0,"angle":536870912,"subsector":4566993400},"type":"soldier","health":20,"id":4567139528}}
{"counter":1409,"type":"move","frame":{"millis":17143,"tic":600},"actor":{"position":{"x":-29428992,"y":64032000,"z":0,"angle":3221225472,"subsector":4566996712},"type":"shotgun_soldier","health":30,"id":4567155632}}
{"counter":1410,"type":"move","frame":{"millis":17143,"tic":600},"actor":{"position":{"x":-30763584,"y":37055040,"z":0,"angle":3758096384,"subsector":4566993352},"type":"shotgun_soldier","health":30,"id":4567156160}}
{"counter":1411,"type":"move","frame":{"millis":17143,"tic":600},"actor":{"position":{"x":-20595520,"y":28687552,"z":0,"angle":1073741824,"subsector":4566993432},"type":"shotgun_soldier","health":30,"id":4567156424}}
{"counter":1412,"type":"move","frame":{"millis":17143,"tic":600},"actor":{"position":{"x":-2512864,"y":-11085344,"z":0,"angle":0,"subsector":4566992968},"type":"spectre","health":150,"id":4567162232}}
{"counter":1413,"type":"move","frame":{"millis":17143,"tic":600},"actor":{"position":{"x":14769446,"y":35746253,"z":5767168,"angle":1374193952,"subsector":4566993528},"type":"imp_fireball","health":1000,"id":4567517728}}
{"counter":1414,"type":"move","frame":{"millis":17143,"tic":600},"actor":{"position":{"x":9123688,"y":12200742,"z":2314862,"angle":1077747043,"subsector":4566993032},"type":"imp_fireball","health":1000,"id":4567517992}}
{"counter":1415,"type":"move","frame":{"millis":17172,"tic":601},"actor":{"position":{"x":7210944,"y":47988574,"z":3670016,"angle":2667577344,"subsector":4566993688},"type":"player","health":99,"armor":83,"id":4567120880}}
{"counter":1416,"type":"move","frame":{"millis":17172,"tic":601},"actor":{"position":{"x":6596877,"y":47801065,"z":3670016,"angle":2667577344,"subsector":4566993688},"type":"player","health":99,"armor":83,"id":4567120880}}
{"counter":1417,"type":"move","frame":{"millis":17172,"tic":601},"actor":{"position":{"x":27620496,"y":11064336,"z":0,"angle":2684354560,"subsector":4566993064},"type":"spectre","health":150,"id":4567137416}}
{"counter":1418,"type":"move","frame":{"millis":17172,"tic":601},"actor":{"position":{"x":-15569792,"y":29518976,"z":0,"angle":536870912,"subsector":4566993432},"type":"shotgun_soldier","health":30,"id":4567139792}}
{"counter":1419,"type":"move","frame":{"millis":17172,"tic":601},"actor":{"position":{"x":-9940352,"y":-730880,"z":0,"angle":1073741824,"subsector":4566993016},"type":"shotgun_soldier","health":30,"id":4567172528}}
{"counter":1420,"type":"move","frame":{"millis":17172,"tic":601},"actor":{"position":{"x":14490386,"y":36339223,"z":5767168,"angle":1374193952,"subsector":4566993496},"type":"imp_fireball","health":1000,"id":4567517728}}
{"counter":1421,"type":"move","frame":{"millis":17172,"tic":601},"actor":{"position":{"x":9119928,"y":12856082,"z":2377065,"angle":1077747043,"subsector":4566993032},"type":"imp_fireball","health":1000,"id":4567517992}}
{"counter":1422,"type":"move","frame":{"millis":17200,"tic":602},"actor":{"position":{"x":6596877,"y":47801065,"z":3670016,"angle":2785017856,"subsector":4566993688},"type":"player","health":99,"armor":83,"id":4567120880}}
{"counter":1423,"type":"move","frame":{"millis":17200,"tic":602},"actor":{"position":{"x":6310510,"y":47556743,"z":3670016,"angle":2785017856,"subsector":4566993688},"type":"player","health":99,"armor":83,"id":4567120880}}
{"counter":1424,"type":"move","frame":{"millis":17200,"tic":602},"actor":{"position":{"x":-28666432,"y":41773632,"z":0,"angle":3758096384,"subsector":4566993352},"type":"soldier","health":20,"id":4567137944}}
{"counter":1425,"type":"move","frame":{"millis":17200,"tic":602},"actor":{"position":{"x":-13027776,"y":79088064,"z":0,"angle":0,"subsector":4566996760},"type":"soldier","health":20,"id":4567138736}}
{"counter":1426,"type":"move","frame":{"millis":17200,"tic":602},"actor":{"position":{"x":-9733760,"y":78939776,"z":0,"angle":536870912,"subsector":4566996760},"type":"shotgun_soldier","health":30,"id":4567155368}}
{"counter":1427,"type":"move","frame":{"millis":17200,"tic":602},"actor":{"position":{"x":-2512864,"y":-10429984,"z":0,"angle":536870912,"subsector":4566992968},"type":"spectre","health":150,"id":4567162232}}
{"counter":1428,"type":"move","frame":{"millis":17200,"tic":602},"actor":{"position":{"x":14211326,"y":36932193,"z":5767168,"angle":1374193952,"subsector":4566993496},"type":"imp_fireball","health":1000,"id":4567517728}}
{"counter":1429,"type":"move","frame":{"millis":17200,"tic":602},"actor":{"position":{"x":9116168,"y":13511422,"z":2439268,"angle":1077747043,"subsector":4566993032},"type":"imp_fireball","health":1000,"id":4567517992}}
{"counter":1430,"type":"move","frame":{"millis":17229,"tic":603},"actor":{"position":{"x":6310510,"y":47556743,"z":3670016,"angle":2936012800,"subsector":4566993688},"type":"player","health":99,"armor":83,"id":4567120880}}
{"counter":1431,"type":"move","frame":{"millis":17229,"tic":603},"actor":{"position":{"x":6292607,"y":47354227,"z":3670016,"angle":2936012800,"subsector":4566993688},"type":"player","health":99,"armor":83,"id":4567120880}}
{"counter":1432,"type":"move","frame":{"millis":17229,"tic":603},"actor":{"position":{"x":16025216,"y":33602176,"z":3670016,"angle":536870912,"subsector":4566993528},"type":"imp","health":60,"id":4567132664}}
{"counter":1433,"type":"move","frame":{"millis":17229,"tic":603},"actor":{"position":{"x":27150496,"y":10594336,"z":0,"angle":2684354560,"subsector":4566993048},"type":"spectre","health":150,"id":4567137416}}
{"counter":1434,"type":"move","frame":{"millis":17230,"tic":603},"actor":{"position":{"x":56930240,"y":19615808,"z":0,"angle":536870912,"subsector":4566994312},"type":"shotgun_soldier","health":30,"id":4567137680}}
{"counter":1435,"type":"move","frame":{"millis":17230,"tic":603},"actor":{"position":{"x":-29953280,"y":61410560,"z":0,"angle":536870912,"subsector":4566996712},"type":"soldier","health":20,"id":4567138208}}
{"counter":1436,"type":"move","frame":{"millis":17230,"tic":603},"actor":{"position":{"x":-29953280,"y":64032000,"z":0,"angle":2684354560,"subsector":4566996712},"type":"shotgun_soldier","health":30,"id":4567155632}}
{"counter":1437,"type":"move","frame":{"millis":17230,"tic":603},"actor":{"position":{"x":-30387584,"y":36679040,"z":0,"angle":3758096384,"subsector":4566993352},"type":"shotgun_soldier","health":30,"id":4567156160}}
{"counter":1438,"type":"move","frame":{"millis":17230,"tic":603},"actor":{"position":{"x":-20595520,"y":29211840,"z":0,"angle":1073741824,"subsector":4566993432},"type":"shotgun_soldier","health":30,"id":4567156424}}
{"counter":1439,"type":"move","frame":{"millis":17230,"tic":603},"actor":{"position":{"x":8764608,"y":9627712,"z":0,"angle":536870912,"subsector":4566993032},"type":"imp","health":60,"id":4567172000}}
{"counter":1440,"type":"move","frame":{"millis":17230,"tic":603},"actor":{"position":{"x":13932266,"y":37525163,"z":5767168,"angle":1374193952,"subsector":4566993496},"type":"imp_fireball","health":1000,"id":4567517728}}
{"counter":1441,"type":"move","frame":{"millis":17230,"tic":603},"actor":{"position":{"x":9112408,"y":14166762,"z":2501471,"angle":1077747043,"subsector":4566993032},"type":"imp_fireball","health":1000,"id":4567517992}}
{"counter":1442,"type":"move","frame":{"millis":17258,"tic":604},"actor":{"position":{"x":6292607,"y":47354227,"z":3670016,"angle":3120562176,"subsector":4566993688},"type":"player","health":99,"armor":83,"id":4567120880}}
{"counter":1443,"type":"move","frame":{"millis":17258,"tic":604},"actor":{"position":{"x":6292607,"y":47238321,"z":3670016,"angle":3120562176,"subsector":4566993688},"type":"player","health":99,"armor":83,"id":4567120880}}
{"counter":1444,"type":"move","frame":{"millis":17258,"tic":604},"actor":{"position":{"x":11820352,"y":39083328,"z":3670016,"angle":3221225472,"subsector":4566993496},"type":"soldier","health":20,"id":4567131872}}
{"counter":1445,"type":"move","frame":{"millis":17258,"tic":604},"actor":{"position":{"x":-28449280,"y":30270976,"z":0,"angle":536870912,"subsector":4566993400},"type":"soldier","health":20,"id":4567139528}}
{"counter":1446,"type":"move","frame":{"millis":17258,"tic":604},"actor":{"position":{"x":-15193792,"y":29894976,"z":0,"angle":536870912,"subsector":4566993432},"type":"shotgun_soldier","health":30,"id":4567139792}}
{"counter":1447,"type":"move","frame":{"millis":17258,"tic":604},"actor":{"position":{"x":-2982864,"y":-9959984,"z":0,"angle":1073741824,"subsector":4566992968},"type":"spectre","health":150,"id":4567162232}}
{"counter":1448,"type":"move","frame":{"millis":17258,"tic":604},"actor":{"position":{"x":-9940352,"y":-206592,"z":0,"angle":1073741824,"subsector":4566993016},"type":"shotgun_soldier","health":30,"id":4567172528}}
{"counter":1449,"type":"move","frame":{"millis":17258,"tic":604},"actor":{"position":{"x":13653206,"y":38118133,"z":5767168,"angle":1374193952,"subsector":4566993496},"type":"imp_fireball","health":1000,"id":4567517728}}
{"counter":1450,"type":"move","frame":{"millis":17258,"tic":604},"actor":{"position":{"x":9108648,"y":14822102,"z":2563674,"angle":1077747043,"subsector":4566993032},"type":"imp_fireball","health":1000,"id":4567517992}}
{"counter":1451,"type":"move","frame":{"millis":17286,"tic":605},"actor":{"position":{"x":6292607,"y":47238321,"z":3670016,"angle":3321888768,"subsector":4566993688},"type":"player","health":99,"armor":83,"id":4567120880}}
{"counter":1452,"type":"move","frame":{"millis":17286,"tic":605},"actor":{"position":{"x":6291527,"y":47165998,"z":3670016,"angle":3321888768,"subsector":4566993688},"type":"player","health":99,"armor":83,"id":4567120880}}
{"counter":1453,"type":"move","frame":{"millis":17286,"tic":605},"actor":{"position":{"x":18556672,"y":42377344,"z":3670016,"angle":1073741824,"subsector":4566993528},"type":"soldier","health":20,"id":4567131608}}
{"counter":1454,"type":"move","frame":{"millis":17287,"tic":605},"actor":{"position":{"x":26680496,"y":10124336,"z":0,"angle":2684354560,"subsector":4566993048},"type":"spectre","health":150,"id":4567137416}}
{"counter":1455,"type":"move","frame":{"millis":17287,"tic":605},"actor":{"position":{"x":-10258048,"y":78939776,"z":0,"angle":1073741824,"subsector":4566996760},"type":"shotgun_soldier","health":30,"id":4567155368}}
{"damage":21,"counter":1456,"type":"hit","frame":{"millis":17287,"tic":605},"actor":{"position":{"x":16025216,"y":33602176,"z":3670016,"angle":536870912,"subsector":4566993528},"type":"imp","health":60,"id":4567132664},"target":{"position":{"x":11820352,"y":39083328,"z":3670016,"angle":3221225472,"subsector":4566993496},"type":"soldier","health":-1,"id":4567131872}}
{"counter":1457,"type":"killed","frame":{"millis":17287,"tic":605},"actor":{"position":{"x":6291527,"y":47165998,"z":3670016,"angle":3321888768,"subsector":4566993688},"type":"player","health":99,"armor":83,"id":4567120880},"target":{"position":{"x":11820352,"y":39083328,"z":3670016,"angle":3221225472,"subsector":4566993496},"type":"soldier","health":-1,"id":4567131872}}
{"counter":1458,"type":"move","frame":{"millis":17287,"tic":605},"actor":{"position":{"x":13653206,"y":38118133,"z":5767168,"angle":1374193952,"subsector":4566993496},"type":"imp_fireball","health":1000,"id":4567517728}}
{"counter":1459,"type":"move","frame":{"millis":17287,"tic":605},"actor":{"position":{"x":9104888,"y":15477442,"z":2625877,"angle":1077747043,"subsector":4566993032},"type":"imp_fireball","health":1000,"id":4567517992}}
{"counter":1460,"type":"move","frame":{"millis":17315,"tic":606},"actor":{"position":{"x":6291527,"y":47165998,"z":3670016,"angle":3623878656,"subsector":4566993688},"type":"player","health":99,"armor":83,"id":4567120880}}
{"counter":1461,"type":"move","frame":{"millis":17315,"tic":606},"actor":{"position":{"x":6291527,"y":47196806,"z":3670016,"angle":3623878656,"subsector":4566993688},"type":"player","health":99,"armor":83,"id":4567120880}}
{"counter":1462,"type":"move","frame":{"millis":17315,"tic":606},"actor":{"position":{"x":11668109,"y":39163429,"z":3670016,"angle":3221225472,"subsector":4566993496},"type":"soldier","health":-1,"id":4567131872}}
{"counter":1463,"type":"move","frame":{"millis":17315,"tic":606},"actor":{"position":{"x":16025216,"y":34126464,"z":3670016,"angle":1073741824,"subsector":4566993528},"type":"imp","health":60,"id":4567132664}}
{"counter":1464,"type":"move","frame":{"millis":17315,"tic":606},"actor":{"position":{"x":57306240,"y":19239808,"z":0,"angle":0,"subsector":4566994312},"type":"shotgun_soldier","health":30,"id":4567137680}}
{"counter":1465,"type":"move","frame":{"millis":17315,"tic":606},"actor":{"position":{"x":-28666432,"y":42297920,"z":0,"angle":0,"subsector":4566993352},"type":"soldier","health":20,"id":4567137944}}
{"counter":1466,"type":"move","frame":{"millis":17315,"tic":606},"actor":{"position":{"x":-13552064,"y":79088064,"z":0,"angle":0,"subsector":4566996760},"type":"soldier","health":20,"id":4567138736}}
{"counter":1467,"type":"move","frame":{"millis":17315,"tic":606},"actor":{"position":{"x":-30477568,"y":64032000,"z":0,"angle":2147483648,"subsector":4566996712},"type":"shotgun_soldier","health":30,"id":4567155632}}
{"counter":1468,"type":"move","frame":{"millis":17315,"tic":606},"actor":{"position":{"x":-30011584,"y":36303040,"z":0,"angle":3758096384,"subsector":4566993352},"type":"shotgun_soldier","health":30,"id":4567156160}}
{"counter":1469,"type":"move","frame":{"millis":17315,"tic":606},"actor":{"position":{"x":-20595520,"y":29736128,"z":0,"angle":1073741824,"subsector":4566993432},"type":"shotgun_soldier","health":30,"id":4567156424}}
{"counter":1470,"type":"move","frame":{"millis":17315,"tic":606},"actor":{"position":{"x":-3452864,"y":-9489984,"z":0,"angle":1610612736,"subsector":4566992968},"type":"spectre","health":150,"id":4567162232}}
{"counter":1471,"type":"move","frame":{"millis":17315,"tic":606},"actor":{"position":{"x":8388608,"y":10003712,"z":0,"angle":1073741824,"subsector":4566993032},"type":"imp","health":60,"id":4567172000}}
{"counter":1472,"type":"move","frame":{"millis":17315,"tic":606},"actor":{"position":{"x":9101128,"y":16132782,"z":2688080,"angle":1077747043,"subsector":4566993032},"type":"imp_fireball","health":1000,"id":4567517992}}
{"counter":1473,"type":"move","frame":{"millis":17344,"tic":607},"actor":{"position":{"x":6291527,"y":47196806,"z":3670016,"angle":3758096384,"subsector":4566993688},"type":"player","health":99,"armor":83,"id":4567120880}}
{"counter":1474,"type":"move","frame":{"millis":17344,"tic":607},"actor":{"position":{"x":6291527,"y":47296750,"z":3670016,"angle":3758096384,"subsector":4566993688},"type":"player","health":99,"armor":83,"id":4567120880}}
{"counter":1475,"type":"move","frame":{"millis":17344,"tic":607},"actor":{"position":{"x":11530138,"y":39236020,"z":3670016,"angle":3221225472,"subsector":4566993496},"type":"soldier","health":-1,"id":4567131872}}
{"counter":1476,"type":"move","frame":{"millis":17344,"tic":607},"actor":{"position":{"x":26210496,"y":9654336,"z":0,"angle":2684354560,"subsector":4566993048},"type":"spectre","health":150,"id":4567137416}}
{"counter":1477,"type":"move","frame":{"millis":17344,"tic":607},"actor":{"position":{"x":-30477568,"y":61410560,"z":0,"angle":1073741824,"subsector":4566996712},"type":"soldier","health":20,"id":4567138208}}
{"counter":1478,"type":"move","frame":{"millis":17344,"tic":607},"actor":{"position":{"x":-14669504,"y":29894976,"z":0,"angle":536870912,"subsector":4566993432},"type":"shotgun_soldier","health":30,"id":4567139792}}
{"counter":1479,"type":"move","frame":{"millis":17344,"tic":607},"actor":{"position":{"x":-9940352,"y":317696,"z":0,"angle":1073741824,"subsector":4566993016},"type":"shotgun_soldier","health":30,"id":4567172528}}
{"counter":1480,"type":"move","frame":{"millis":17344,"tic":607},"actor":{"position":{"x":9097368,"y":16788122,"z":2750283,"angle":1077747043,"subsector":4566993096},"type":"imp_fireball","health":1000,"id":4567517992}}
{"counter":1481,"type":"move","frame":{"millis":17344,"tic":607},"actor":{"position":{"x":10202262,"y":6417542,"z":2124955,"angle":1138631764,"subsector":4566993032},"type":"imp_fireball","health":1000,"id":4567518520}}
{"counter":1482,"type":"move","frame":{"millis":17372,"tic":608},"actor":{"position":{"x":6291527,"y":47296750,"z":3670016,"angle":3825205248,"subsector":4566993688},"type":"player","health":99,"armor":83,"id":4567120880}}
{"counter":1483,"type":"move","frame":{"millis":17372,"tic":608},"actor":{"position":{"x":6291527,"y":47451754,"z":3670016,"angle":3825205248,"subsector":4566993688},"type":"player","health":99,"armor":83,"id":4567120880}}
{"counter":1484,"type":"move","frame":{"millis":17372,"tic":608},"actor":{"position":{"x":11405101,"y":39301805,"z":3670016,"angle":3221225472,"subsector":4566993496},"type":"soldier","health":-1,"id":4567131872}}
{"counter":1485,"type":"move","frame":{"millis":17372,"tic":608},"actor":{"position":{"x":-28073280,"y":30646976,"z":0,"angle":536870912,"subsector":4566993400},"type":"soldier","health":20,"id":4567139528}}
{"counter":1486,"type":"move","frame":{"millis":17372,"tic":608},"actor":{"position":{"x":-10782336,"y":78939776,"z":0,"angle":1610612736,"subsector":4566996760},"type":"shotgun_soldier","health":30,"id":4567155368}}
{"counter":1487,"type":"move","frame":{"millis":17372,"tic":608},"actor":{"position":{"x":-3452864,"y":-10145344,"z":0,"angle":1610612736,"subsector":4566992968},"type":"spectre","health":150,"id":4567162232}}
{"counter":1488,"type":"move","frame":{"millis":17372,"tic":608},"actor":{"position":{"x":9093608,"y":17443462,"z":2812486,"angle":1077747043,"subsector":4566993096},"type":"imp_fireball","health":1000,"id":4567517992}}
{"counter":1489,"type":"move","frame":{"millis":17372,"tic":608},"actor":{"position":{"x":10140282,"y":7069962,"z":2180561,"angle":1138631764,"subsector":4566993032},"type":"imp_fireball","health":1000,"id":4567518520}}
{"counter":1490,"type":"move","frame":{"millis":17400,"tic":609},"actor":{"position":{"x":6291527,"y":47451754,"z":3670016,"angle":3808428032,"subsector":4566993688},"type":"player","health":99,"armor":83,"id":4567120880}}
{"counter":1491,"type":"move","frame":{"millis":17400,"tic":609},"actor":{"position":{"x":6291527,"y":47658396,"z":3670016,"angle":3808428032,"subsector":4566993688},"type":"player","health":99,"armor":83,"id":4567120880}}
{"counter":1492,"type":"move","frame":{"millis":17400,"tic":609},"actor":{"position":{"x":18180672,"y":42753344,"z":3670016,"angle":1610612736,"subsector":4566993528},"type":"soldier","health":20,"id":4567131608}}
{"counter":1493,"type":"move","frame":{"millis":17400,"tic":609},"actor":{"position":{"x":11291786,"y":39361422,"z":3670016,"angle":3221225472,"subsector":4566993496},"type":"soldier","health":-1,"id":4567131872}}
{"counter":1494,"type":"move","frame":{"millis":17405,"tic":609},"actor":{"position":{"x":16025216,"y":34650752,"z":3670016,"angle":1073741824,"subsector":4566993528},"type":"imp","health":60,"id":4567132664}}
{"counter":1495,"type":"move","frame":{"millis":17405,"tic":609},"actor":{"position":{"x":25740496,"y":9184336,"z":0,"angle":2684354560,"subsector":4566993048},"type":"spectre","health":150,"id":4567137416}}
{"counter":1496,"type":"move","frame":{"millis":17405,"tic":609},"actor":{"position":{"x":57682240,"y":18863808,"z":0,"angle":3758096384,"subsector":4566994312},"type":"shotgun_soldier","health":30,"id":4567137680}}
{"counter":1497,"type":"move","frame":{"millis":17405,"tic":609},"actor":{"position":{"x":-31001856,"y":64032000,"z":0,"angle":2147483648,"subsector":4566996712},"type":"shotgun_soldier","health":30,"id":4567155632}}
{"counter":1498,"type":"move","frame":{"millis":17405,"tic":609},"actor":{"position":{"x":-29635584,"y":35927040,"z":0,"angle":3758096384,"subsector":4566993352},"type":"shotgun_soldier","health":30,"id":4567156160}}
{"counter":1499,"type":"move","frame":{"millis":17405,"tic":609},"actor":{"position":{"x":-20219520,"y":30112128,"z":0,"angle":1073741824,"subsector":4566993432},"type":"shotgun_soldier","health":30,"id":4567156424}}
{"counter":1500,"type":"move","frame":{"millis":17405,"tic":609},"actor":{"position":{"x":8012608,"y":10379712,"z":0,"angle":1610612736,"subsector":4566993032},"type":"imp","health":60,"id":4567172000}}
{"counter":1501,"type":"move","frame":{"millis":17405,"tic":609},"actor":{"position":{"x":9089848,"y":18098802,"z":2874689,"angle":1077747043,"subsector":4566993096},"type":"imp_fireball","health":1000,"id":4567517992}}
{"counter":1502,"type":"move","frame":{"millis":17405,"tic":609},"actor":{"position":{"x":10078302,"y":7722382,"z":2236167,"angle":1138631764,"subsector":4566993032},"type":"imp_fireball","health":1000,"id":4567518520}}
{"counter":1503,"type":"move","frame":{"millis":17429,"tic":610},"actor":{"position":{"x":6291527,"y":47658396,"z":3670016,"angle":3791650816,"subsector":4566993688},"type":"player","health":99,"armor":83,"id":4567120880}}
{"counter":1504,"type":"move","frame":{"millis":17429,"tic":610},"actor":{"position":{"x":6291527,"y":47874242,"z":3670016,"angle":3791650816,"subsector":4566993688},"type":"player","health":99,"armor":83,"id":4567120880}}
{"counter":1505,"type":"move","frame":{"millis":17429,"tic":610},"actor":{"position":{"x":11189094,"y":39415449,"z":3670016,"angle":3221225472,"subsector":4566993496},"type":"soldier","health":-1,"id":4567131872}}
{"counter":1506,"type":"move","frame":{"millis":17429,"tic":610},"actor":{"position":{"x":-28666432,"y":42822208,"z":0,"angle":536870912,"subsector":4566993352},"type":"soldier","health":20,"id":4567137944}}
{"counter":1507,"type":"move","frame":{"millis":17429,"tic":610},"actor":{"position":{"x":-14076352,"y":79088064,"z":0,"angle":536870912,"subsector":4566996760},"type":"soldier","health":20,"id":4567138736}}
{"counter":1508,"type":"move","frame":{"millis":17429,"tic":610},"actor":{"position":{"x":-14145216,"y":29894976,"z":0,"angle":0,"subsector":4566993432},"type":"shotgun_soldier","health":30,"id":4567139792}}
{"counter":1509,"type":"move","frame":{"millis":17429,"tic":610},"actor":{"position":{"x":-3452864,"y":-10800704,"z":0,"angle":2147483648,"subsector":4566992968},"type":"spectre","health":150,"id":4567162232}}
{"counter":1510,"type":"move","frame":{"millis":17429,"tic":610},"actor":{"position":{"x":-9940352,"y":841984,"z":0,"angle":1073741824,"subsector":4566993016},"type":"shotgun_soldier","health":30,"id":4567172528}}
{"counter":1511,"type":"move","frame":{"millis":17429,"tic":610},"actor":{"position":{"x":9086088,"y":18754142,"z":2936892,"angle":1077747043,"subsector":4566993112},"type":"imp_fireball","health":1000,"id":4567517992}}
{"counter":1512,"type":"move","frame":{"millis":17429,"tic":610},"actor":{"position":{"x":10016322,"y":8374802,"z":2291773,"angle":1138631764,"subsector":4566993032},"type":"imp_fireball","health":1000,"id":4567518520}}
{"counter":1513,"type":"move","frame":{"millis":17458,"tic":611},"actor":{"position":{"x":6291527,"y":48069852,"z":3670016,"angle":3791650816,"subsector":4566993688},"type":"player","health":99,"armor":83,"id":4567120880}}
{"counter":1514,"type":"move","frame":{"millis":17458,"tic":611},"actor":{"position":{"x":11096029,"y":39464410,"z":3670016,"angle":3221225472,"subsector":4566993496},"type":"soldier","health":-1,"id":4567131872}}
{"counter":1515,"type":"move","frame":{"millis":17458,"tic":611},"actor":{"position":{"x":25270496,"y":8714336,"z":0,"angle":2684354560,"subsector":4566993048},"type":"spectre","health":150,"id":4567137416}}
{"counter":1516,"type":"move","frame":{"millis":17458,"tic":611},"actor":{"position":{"x":-31001856,"y":61410560,"z":0,"angle":1610612736,"subsector":4566996712},"type":"soldier","health":20,"id":4567138208}}
{"counter":1517,"type":"move","frame":{"millis":17458,"tic":611},"actor":{"position":{"x":-11306624,"y":78939776,"z":0,"angle":2147483648,"subsector":4566996760},"type":"shotgun_soldier","health":30,"id":4567155368}}
{"counter":1518,"type":"move","frame":{"millis":17458,"tic":611},"actor":{"position":{"x":9082328,"y":19409482,"z":2999095,"angle":1077747043,"subsector":4566993112},"type":"imp_fireball","health":1000,"id":4567517992}}
{"counter":1519,"type":"move","frame":{"millis":17458,"tic":611},"actor":{"position":{"x":9954342,"y":9027222,"z":2347379,"angle":1138631764,"subsector":4566993032},"type":"imp_fireball","health":1000,"id":4567518520}}
{"counter":1520,"type":"move","frame":{"millis":17486,"tic":612},"actor":{"position":{"x":6291527,"y":48229175,"z":3670016,"angle":3791650816,"subsector":4566993688},"type":"player","health":99,"armor":83,"id":4567120880}}
{"counter":1521,"type":"move","frame":{"millis":17486,"tic":612},"actor":{"position":{"x":11011688,"y":39508780,"z":3670016,"angle":3221225472,"subsector":4566993496},"type":"soldier","health":-1,"id":4567131872}}
{"counter":1522,"type":"move","frame":{"millis":17486,"tic":612},"actor":{"position":{"x":16025216,"y":35175040,"z":3670016,"angle":1073741824,"subsector":4566993528},"type":"imp","health":60,"id":4567132664}}
{"counter":1523,"type":"move","frame":{"millis":17486,"tic":612},"actor":{"position":{"x":58058240,"y":18487808,"z":0,"angle":3758096384,"subsector":4566994312},"type":"shotgun_soldier","health":30,"id":4567137680}}
{"counter":1524,"type":"move","frame":{"millis":17486,"tic":612},"actor":{"position":{"x":-27697280,"y":31022976,"z":0,"angle":536870912,"subsector":4566993400},"type":"soldier","health":20,"id":4567139528}}
{"counter":1525,"type":"move","frame":{"millis":17486,"tic":612},"actor":{"position":{"x":-31526144,"y":64032000,"z":0,"angle":2147483648,"subsector":4566996712},"type":"shotgun_soldier","health":30,"id":4567155632}}
{"counter":1526,"type":"move","frame":{"millis":17486,"tic":612},"actor":{"position":{"x":-29259584,"y":35551040,"z":0,"angle":3758096384,"subsector":4566993416},"type":"shotgun_soldier","health":30,"id":4567156160}}
{"counter":1527,"type":"move","frame":{"millis":17486,"tic":612},"actor":{"position":{"x":-19695232,"y":30112128,"z":0,"angle":536870912,"subsector":4566993432},"type":"shotgun_soldier","health":30,"id":4567156424}}
{"counter":1528,"type":"move","frame":{"millis":17486,"tic":612},"actor":{"position":{"x":-3452864,"y":-11456064,"z":0,"angle":2684354560,"subsector":4566992968},"type":"spectre","health":150,"id":4567162232}}
{"counter":1529,"type":"move","frame":{"millis":17486,"tic":612},"actor":{"position":{"x":7636608,"y":10755712,"z":0,"angle":1610612736,"subsector":4566993032},"type":"imp","health":60,"id":4567172000}}
{"counter":1530,"type":"move","frame":{"millis":17486,"tic":612},"actor":{"position":{"x":9078568,"y":20064822,"z":3061298,"angle":1077747043,"subsector":4566993128},"type":"imp_fireball","health":1000,"id":4567517992}}
{"counter":1531,"type":"move","frame":{"millis":17486,"tic":612},"actor":{"position":{"x":9892362,"y":9679642,"z":2402985,"angle":1138631764,"subsector":4566993032},"type":"imp_fireball","health":1000,"id":4567518520}}
{"counter":1532,"type":"move","frame":{"millis":17515,"tic":613},"actor":{"position":{"x":17804672,"y":43129344,"z":3670016,"angle":1610612736,"subsector":4566993528},"type":"soldier","health":20,"id":4567131608}}
{"counter":1533,"type":"move","frame":{"millis":17515,"tic":613},"actor":{"position":{"x":10935253,"y":39548990,"z":3670016,"angle":3221225472,"subsector":4566993496},"type":"soldier","health":-1,"id":4567131872}}
{"counter":1534,"type":"move","frame":{"millis":17515,"tic":613},"actor":{"position":{"x":24800496,"y":8244336,"z":0,"angle":2684354560,"subsector":4566993048},"type":"spectre","health":150,"id":4567137416}}
{"counter":1535,"type":"move","frame":{"millis":17515,"tic":613},"actor":{"position":{"x":-13620928,"y":29894976,"z":0,"angle":0,"subsector":4566993432},"type":"shotgun_soldier","health":30,"id":4567139792}}
{"counter":1536,"type":"move","frame":{"millis":17515,"tic":613},"actor":{"position":{"x":9919232,"y":5814912,"z":0,"angle":1073741824,"subsector":4566993032},"type":"imp","health":60,"id":4567172264}}
{"counter":1537,"type":"move","frame":{"millis":17515,"tic":613},"actor":{"position":{"x":-9940352,"y":1366272,"z":0,"angle":1073741824,"subsector":4566993176},"type":"shotgun_soldier","health":30,"id":4567172528}}
{"counter":1538,"type":"move","frame":{"millis":17515,"tic":613},"actor":{"position":{"x":9074808,"y":20720162,"z":3123501,"angle":1077747043,"subsector":4566993128},"type":"imp_fireball","health":1000,"id":4567517992}}
{"counter":1539,"type":"move","frame":{"millis":17515,"tic":613},"actor":{"position":{"x":9830382,"y":10332062,"z":2458591,"angle":1138631764,"subsector":4566993032},"type":"imp_fireball","health":1000,"id":4567518520}}
{"counter":1540,"type":"move","frame":{"millis":17543,"tic":614},"actor":{"position":{"x":10865983,"y":39585430,"z":3670016,"angle":3221225472,"subsector":4566993496},"type":"soldier","health":-1,"id":4567131872}}
{"counter":1541,"type":"move","frame":{"millis":17543,"tic":614},"actor":{"position":{"x":-28666432,"y":43346496,"z":0,"angle":1073741824,"subsector":4566993352},"type":"soldier","health":20,"id":4567137944}}
{"counter":1542,"type":"move","frame":{"millis":17543,"tic":614},"actor":{"position":{"x":-14600640,"y":79088064,"z":0,"angle":1073741824,"subsector":4566996760},"type":"soldier","health":20,"id":4567138736}}
{"counter":1543,"type":"move","frame":{"millis":17543,"tic":614},"actor":{"position":{"x":-11830912,"y":78939776,"z":0,"angle":2147483648,"subsector":4566996760},"type":"shotgun_soldier","health":30,"id":4567155368}}
{"counter":1544,"type":"move","frame":{"millis":17543,"tic":614},"actor":{"position":{"x":-3452864,"y":-12111424,"z":0,"angle":3221225472,"subsector":4566992968},"type":"spectre","health":150,"id":4567162232}}
{"counter":1545,"type":"move","frame":{"millis":17543,"tic":614},"actor":{"position":{"x":9071048,"y":21375502,"z":3185704,"angle":1077747043,"subsector":4566993128},"type":"imp_fireball","health":1000,"id":4567517992}}
{"counter":1546,"type":"move","frame":{"millis":17543,"tic":614},"actor":{"position":{"x":9768402,"y":10984482,"z":2514197,"angle":1138631764,"subsector":4566993032},"type":"imp_fireball","health":1000,"id":4567518520}}
{"counter":1547,"type":"move","frame":{"millis":17573,"tic":615},"actor":{"position":{"x":10803207,"y":39618453,"z":3670016,"angle":3221225472,"subsector":4566993496},"type":"soldier","health":-1,"id":4567131872}}
{"counter":1548,"type":"move","frame":{"millis":17573,"tic":615},"actor":{"position":{"x":16025216,"y":35699328,"z":3670016,"angle":1073741824,"subsector":4566993528},"type":"imp","health":60,"id":4567132664}}
{"counter":1549,"type":"move","frame":{"millis":17573,"tic":615},"actor":{"position":{"x":24330496,"y":7774336,"z":0,"angle":2684354560,"subsector":4566993048},"type":"spectre","health":150,"id":4567137416}}
{"counter":1550,"type":"move","frame":{"millis":17573,"tic":615},"actor":{"position":{"x":57533952,"y":18487808,"z":0,"angle":3758096384,"subsector":4566994312},"type":"shotgun_soldier","health":30,"id":4567137680}}
{"counter":1551,"type":"move","frame":{"millis":17573,"tic":615},"actor":{"position":{"x":-31526144,"y":61410560,"z":0,"angle":2147483648,"subsector":4566996712},"type":"soldier","health":20,"id":4567138208}}
{"counter":1552,"type":"move","frame":{"millis":17573,"tic":615},"actor":{"position":{"x":-32050432,"y":64032000,"z":0,"angle":2147483648,"subsector":4566996712},"type":"shotgun_soldier","health":30,"id":4567155632}}
{"counter":1553,"type":"move","frame":{"millis":17573,"tic":615},"actor":{"position":{"x":-28883584,"y":35175040,"z":0,"angle":3758096384,"subsector":4566993416},"type":"shotgun_soldier","health":30,"id":4567156160}}
{"counter":1554,"type":"move","frame":{"millis":17573,"tic":615},"actor":{"position":{"x":-19170944,"y":30112128,"z":0,"angle":0,"subsector":4566993432},"type":"shotgun_soldier","health":30,"id":4567156424}}
{"counter":1555,"type":"move","frame":{"millis":17573,"tic":615},"actor":{"position":{"x":7260608,"y":11131712,"z":0,"angle":1610612736,"subsector":4566993032},"type":"imp","health":60,"id":4567172000}}
{"counter":1556,"type":"move","frame":{"millis":17573,"tic":615},"actor":{"position":{"x":9067288,"y":22030842,"z":3247907,"angle":1077747043,"subsector":4566993144},"type":"imp_fireball","health":1000,"id":4567517992}}
{"counter":1557,"type":"move","frame":{"millis":17573,"tic":615},"actor":{"position":{"x":9706422,"y":11636902,"z":2569803,"angle":1138631764,"subsector":4566993032},"type":"imp_fireball","health":1000,"id":4567518520}}
{"counter":1558,"type":"move","frame":{"millis":17600,"tic":616},"actor":{"position":{"x":10746316,"y":39648380,"z":3670016,"angle":3221225472,"subsector":4566993496},"type":"soldier","health":-1,"id":4567131872}}
{"counter":1559,"type":"move","frame":{"millis":17600,"tic":616},"actor":{"position":{"x":-27321280,"y":31398976,"z":0,"angle":536870912,"subsector":4566993400},"type":"soldier","health":20,"id":4567139528}}
{"counter":1560,"type":"move","frame":{"millis":17600,"tic":616},"actor":{"position":{"x":-13096640,"y":29894976,"z":0,"angle":0,"subsector":4566993432},"type":"shotgun_soldier","health":30,"id":4567139792}}
{"counter":1561,"type":"move","frame":{"millis":17600,"tic":616},"actor":{"position":{"x":-3452864,"y":-12766784,"z":0,"angle":3221225472,"subsector":4566992968},"type":"spectre","health":150,"id":4567162232}}
{"counter":1562,"type":"move","frame":{"millis":17600,"tic":616},"actor":{"position":{"x":9543232,"y":6190912,"z":0,"angle":1610612736,"subsector":4566993032},"type":"imp","health":60,"id":4567172264}}
{"counter":1563,"type":"move","frame":{"millis":17600,"tic":616},"actor":{"position":{"x":-9940352,"y":1890560,"z":0,"angle":1073741824,"subsector":4566993176},"type":"shotgun_soldier","health":30,"id":4567172528}}
{"counter":1564,"type":"move","frame":{"millis":17600,"tic":616},"actor":{"position":{"x":9063528,"y":22686182,"z":3310110,"angle":1077747043,"subsector":4566993144},"type":"imp_fireball","health":1000,"id":4567517992}}
{"counter":1565,"type":"move","frame":{"millis":17600,"tic":616},"actor":{"position":{"x":9644442,"y":12289322,"z":2625409,"angle":1138631764,"subsector":4566993032},"type":"imp_fireball","health":1000,"id":4567518520}}
{"counter":1566,"type":"move","frame":{"millis":17629,"tic":617},"actor":{"position":{"x":6291527,"y":48229175,"z":3670016,"angle":3774873600,"subsector":4566993688},"type":"player","health":99,"armor":83,"id":4567120880}}
{"counter":1567,"type":"move","frame":{"millis":17629,"tic":617},"actor":{"position":{"x":6291527,"y":48234293,"z":3670016,"angle":3774873600,"subsector":4566993688},"type":"player","health":99,"armor":83,"id":4567120880}}
{"counter":1568,"type":"move","frame":{"millis":17629,"tic":617},"actor":{"position":{"x":17428672,"y":43505344,"z":3670016,"angle":1610612736,"subsector":4566993528},"type":"soldier","health":20,"id":4567131608}}
{"counter":1569,"type":"move","frame":{"millis":17629,"tic":617},"actor":{"position":{"x":10694758,"y":39675501,"z":3670016,"angle":3221225472,"subsector":4566993496},"type":"soldier","health":-1,"id":4567131872}}
{"counter":1570,"type":"move","frame":{"millis":17629,"tic":617},"actor":{"position":{"x":23860496,"y":7304336,"z":0,"angle":2684354560,"subsector":4566993048},"type":"spectre","health":150,"id":4567137416}}
{"counter":1571,"type":"move","frame":{"millis":17630,"tic":617},"actor":{"position":{"x":-11306624,"y":78939776,"z":0,"angle":2147483648,"subsector":4566996760},"type":"shotgun_soldier","health":30,"id":4567155368}}
{"counter":1572,"type":"move","frame":{"millis":17630,"tic":617},"actor":{"position":{"x":9059768,"y":23341522,"z":3372313,"angle":1077747043,"subsector":4566993464},"type":"imp_fireball","health":1000,"id":4567517992}}
{"counter":1573,"type":"move","frame":{"millis":17630,"tic":617},"actor":{"position":{"x":9582462,"y":12941742,"z":2681015,"angle":1138631764,"subsector":4566993032},"type":"imp_fireball","health":1000,"id":4567518520}}
{"counter":1574,"type":"move","frame":{"millis":17658,"tic":618},"actor":{"position":{"x":6291527,"y":48234293,"z":3670016,"angle":3741319168,"subsector":4566993688},"type":"player","health":99,"armor":83,"id":4567120880}}
{"counter":1575,"type":"move","frame":{"millis":17658,"tic":618},"actor":{"position":{"x":6291527,"y":48234293,"z":3670016,"angle":3741319168,"subsector":4566993688},"type":"player","health":99,"armor":83,"id":4567120880}}
{"counter":1576,"type":"move","frame":{"millis":17658,"tic":618},"actor":{"position":{"x":10648033,"y":39700079,"z":3670016,"angle":3221225472,"subsector":4566993496},"type":"soldier","health":-1,"id":4567131872}}
{"counter":1577,"type":"move","frame":{"millis":17658,"tic":618},"actor":{"position":{"x":16025216,"y":36223616,"z":3670016,"angle":1073741824,"subsector":4566993528},"type":"imp","health":60,"id":4567132664}}
{"counter":1578,"type":"move","frame":{"millis":17658,"tic":618},"actor":{"position":{"x":57009664,"y":18487808,"z":0,"angle":3221225472,"subsector":4566994312},"type":"shotgun_soldier","health":30,"id":4567137680}}
{"counter":1579,"type":"move","frame":{"millis":17658,"tic":618},"actor":{"position":{"x":-28666432,"y":43870784,"z":0,"angle":1073741824,"subsector":4566993352},"type":"soldier","health":20,"id":4567137944}}
{"counter":1580,"type":"move","frame":{"millis":17658,"tic":618},"actor":{"position":{"x":-15124928,"y":79088064,"z":0,"angle":1610612736,"subsector":4566996760},"type":"soldier","health":20,"id":4567138736}}
{"counter":1581,"type":"move","frame":{"millis":17658,"tic":618},"actor":{"position":{"x":-32574720,"y":64032000,"z":0,"angle":2147483648,"subsector":4566996712},"type":"shotgun_soldier","health":30,"id":4567155632}}
{"counter":1582,"type":"move","frame":{"millis":17658,"tic":618},"actor":{"position":{"x":-28883584,"y":35699328,"z":0,"angle":3758096384,"subsector":4566993352},"type":"shotgun_soldier","health":30,"id":4567156160}}
{"counter":1583,"type":"move","frame":{"millis":17658,"tic":618},"actor":{"position":{"x":-18646656,"y":30112128,"z":0,"angle":0,"subsector":4566993432},"type":"shotgun_soldier","health":30,"id":4567156424}}
{"counter":1584,"type":"move","frame":{"millis":17658,"tic":618},"actor":{"position":{"x":-3452864,"y":-13422144,"z":0,"angle":3221225472,"subsector":4566992968},"type":"spectre","health":150,"id":4567162232}}
{"counter":1585,"type":"move","frame":{"millis":17658,"tic":618},"actor":{"position":{"x":7260608,"y":10607424,"z":0,"angle":1610612736,"subsector":4566993032},"type":"imp","health":60,"id":4567172000}}
{"counter":1586,"type":"move","frame":{"millis":17658,"tic":618},"actor":{"position":{"x":9056008,"y":23996862,"z":3434516,"angle":1077747043,"subsector":4566993464},"type":"imp_fireball","health":1000,"id":4567517992}}
{"counter":1587,"type":"move","frame":{"millis":17658,"tic":618},"actor":{"position":{"x":9520482,"y":13594162,"z":2736621,"angle":1138631764,"subsector":4566993032},"type":"imp_fireball","health":1000,"id":4567518520}}
{"counter":1588,"type":"move","frame":{"millis":17686,"tic":619},"actor":{"position":{"x":6291527,"y":48234293,"z":3670016,"angle":3724541952,"subsector":4566993688},"type":"player","health":99,"armor":83,"id":4567120880}}
{"counter":1589,"type":"move","frame":{"millis":17686,"tic":619},"actor":{"position":{"x":6291527,"y":48234293,"z":3670016,"angle":3724541952,"subsector":4566993688},"type":"player","health":99,"armor":83,"id":4567120880}}
{"counter":1590,"type":"move","frame":{"millis":17686,"tic":619},"actor":{"position":{"x":10605688,"y":39722352,"z":3670016,"angle":3221225472,"subsector":4566993496},"type":"soldier","health":-1,"id":4567131872}}
{"counter":1591,"type":"move","frame":{"millis":17686,"tic":619},"actor":{"position":{"x":23390496,"y":6834336,"z":0,"angle":2684354560,"subsector":4566993048},"type":"spectre","health":150,"id":4567137416}}
{"counter":1592,"type":"move","frame":{"millis":17686,"tic":619},"actor":{"position":{"x":-32050432,"y":61410560,"z":0,"angle":2147483648,"subsector":4566996712},"type":"soldier","health":20,"id":4567138208}}
{"counter":1593,"type":"move","frame":{"millis":17686,"tic":619},"actor":{"position":{"x":-12572352,"y":29894976,"z":0,"angle":0,"subsector":4566993432},"type":"shotgun_soldier","health":30,"id":4567139792}}
{"counter":1594,"type":"move","frame":{"millis":17686,"tic":619},"actor":{"position":{"x":9167232,"y":6566912,"z":0,"angle":1610612736,"subsector":4566993032},"type":"imp","health":60,"id":4567172264}}
{"counter":1595,"type":"move","frame":{"millis":17686,"tic":619},"actor":{"position":{"x":-9940352,"y":2414848,"z":0,"angle":1073741824,"subsector":4566993176},"type":"shotgun_soldier","health":30,"id":4567172528}}
{"counter":1596,"type":"move","frame":{"millis":17686,"tic":619},"actor":{"position":{"x":9052248,"y":24652202,"z":3496719,"angle":1077747043,"subsector":4566993480},"type":"imp_fireball","health":1000,"id":4567517992}}
{"counter":1597,"type":"move","frame":{"millis":17686,"tic":619},"actor":{"position":{"x":9458502,"y":14246582,"z":2792227,"angle":1138631764,"subsector":4566993032},"type":"imp_fireball","health":1000,"id":4567518520}}
{"counter":1598,"type":"move","frame":{"millis":17715,"tic":620},"actor":{"position":{"x":6291527,"y":48234293,"z":3670016,"angle":3724541952,"subsector":4566993688},"type":"player","health":99,"armor":83,"id":4567120880}}
{"counter":1599,"type":"move","frame":{"millis":17715,"tic":620},"actor":{"position":{"x":6291527,"y":48234293,"z":3670016,"angle":3724541952,"subsector":4566993688},"type":"player","health":99,"armor":83,"id":4567120880}}
{"counter":1600,"type":"move","frame":{"millis":17715,"tic":620},"actor":{"position":{"x":10567312,"y":39742536,"z":3670016,"angle":3221225472,"subsector":4566993496},"type":"soldier","health":-1,"id":4567131872}}
{"counter":1601,"type":"move","frame":{"millis":17715,"tic":620},"actor":{"position":{"x":-26796992,"y":31398976,"z":0,"angle":536870912,"subsector":4566993400},"type":"soldier","health":20,"id":4567139528}}
{"counter":1602,"type":"move","frame":{"millis":17716,"tic":620},"actor":{"position":{"x":-10782336,"y":78939776,"z":0,"angle":2684354560,"subsector":4566996760},"type":"shotgun_soldier","health":30,"id":4567155368}}
{"counter":1603,"type":"move","frame":{"millis":17716,"tic":620},"actor":{"position":{"x":-3452864,"y":-14077504,"z":0,"angle":3221225472,"subsector":4566992968},"type":"spectre","health":150,"id":4567162232}}
{"counter":1604,"type":"move","frame":{"millis":17716,"tic":620},"actor":{"position":{"x":9048488,"y":25307542,"z":3558922,"angle":1077747043,"subsector":4566993480},"type":"imp_fireball","health":1000,"id":4567517992}}
{"counter":1605,"type":"move","frame":{"millis":17716,"tic":620},"actor":{"position":{"x":9396522,"y":14899002,"z":2847833,"angle":1138631764,"subsector":4566993032},"type":"imp_fireball","health":1000,"id":4567518520}}
{"counter":1606,"type":"move","frame":{"millis":17743,"tic":621},"actor":{"position":{"x":6291527,"y":48234293,"z":3670016,"angle":3724541952,"subsector":4566993688},"type":"player","health":99,"armor":83,"id":4567120880}}
{"counter":1607,"type":"move","frame":{"millis":17743,"tic":621},"actor":{"position":{"x":6291466,"y":48234359,"z":3670016,"angle":3724541952,"subsector":4566993688},"type":"player","health":99,"armor":83,"id":4567120880}}
{"counter":1608,"type":"move","frame":{"millis":17743,"tic":621},"actor":{"position":{"x":17052672,"y":43881344,"z":3670016,"angle":1610612736,"subsector":4566993528},"type":"soldier","health":20,"id":4567131608}}
{"counter":1609,"type":"move","frame":{"millis":17743,"tic":621},"actor":{"position":{"x":10532533,"y":39760827,"z":3670016,"angle":3221225472,"subsector":4566993496},"type":"soldier","health":-1,"id":4567131872}}
{"counter":1610,"type":"move","frame":{"millis":17743,"tic":621},"actor":{"position":{"x":16025216,"y":36747904,"z":3670016,"angle":1073741824,"subsector":4566993528},"type":"imp","health":60,"id":4567132664}}
{"counter":1611,"type":"move","frame":{"millis":17743,"tic":621},"actor":{"position":{"x":22920496,"y":6364336,"z":0,"angle":2684354560,"subsector":4566993048},"type":"spectre","health":150,"id":4567137416}}
{"counter":1612,"type":"move","frame":{"millis":17743,"tic":621},"actor":{"position":{"x":56485376,"y":18487808,"z":0,"angle":2684354560,"subsector":4566994312},"type":"shotgun_soldier","health":30,"id":4567137680}}
{"counter":1613,"type":"move","frame":{"millis":17743,"tic":621},"actor":{"position":{"x":-33099008,"y":64032000,"z":0,"angle":2147483648,"subsector":4566996712},"type":"shotgun_soldier","health":30,"id":4567155632}}
{"counter":1614,"type":"move","frame":{"millis":17743,"tic":621},"actor":{"position":{"x":-28883584,"y":36223616,"z":0,"angle":0,"subsector":4566993352},"type":"shotgun_soldier","health":30,"id":4567156160}}
{"counter":1615,"type":"move","frame":{"millis":17743,"tic":621},"actor":{"position":{"x":-18122368,"y":30112128,"z":0,"angle":0,"subsector":4566993432},"type":"shotgun_soldier","health":30,"id":4567156424}}
{"counter":1616,"type":"move","frame":{"millis":17743,"tic":621},"actor":{"position":{"x":7260608,"y":10083136,"z":0,"angle":2147483648,"subsector":4566993032},"type":"imp","health":60,"id":4567172000}}
{"counter":1617,"type":"move","frame":{"millis":17743,"tic":621},"actor":{"position":{"x":9044728,"y":25962882,"z":3621125,"angle":1077747043,"subsector":4566993480},"type":"imp_fireball","health":1000,"id":4567517992}}
{"counter":1618,"type":"move","frame":{"millis":17743,"tic":621},"actor":{"position":{"x":9334542,"y":15551422,"z":2903439,"angle":1138631764,"subsector":4566993032},"type":"imp_fireball","health":1000,"id":4567518520}}
{"counter":1619,"type":"move","frame":{"millis":17772,"tic":622},"actor":{"position":{"x":6291466,"y":48234359,"z":3670016,"angle":3724541952,"subsector":4566993688},"type":"player","health":99,"armor":83,"id":4567120880}}
{"counter":1620,"type":"move","frame":{"millis":17772,"tic":622},"actor":{"position":{"x":6291466,"y":48234359,"z":3670016,"angle":3724541952,"subsector":4566993688},"type":"player","health":99,"armor":83,"id":4567120880}}
{"counter":1621,"type":"move","frame":{"millis":17772,"tic":622},"actor":{"position":{"x":10501014,"y":39777403,"z":3670016,"angle":3221225472,"subsector":4566993496},"type":"soldier","health":-1,"id":4567131872}}
{"counter":1622,"type":"move","frame":{"millis":17772,"tic":622},"actor":{"position":{"x":-28666432,"y":44395072,"z":0,"angle":1073741824,"subsector":4566993352},"type":"soldier","health":20,"id":4567137944}}
{"counter":1623,"type":"move","frame":{"millis":17772,"tic":622},"actor":{"position":{"x":-15649216,"y":79088064,"z":0,"angle":2147483648,"subsector":4566996760},"type":"soldier","health":20,"id":4567138736}}
{"counter":1624,"type":"move","frame":{"millis":17772,"tic":622},"actor":{"position":{"x":-12048064,"y":29894976,"z":0,"angle":0,"subsector":4566993432},"type":"shotgun_soldier","health":30,"id":4567139792}}
{"counter":1625,"type":"move","frame":{"millis":17772,"tic":622},"actor":{"position":{"x":-3452864,"y":-14732864,"z":0,"angle":3221225472,"subsector":4566992792},"type":"spectre","health":150,"id":4567162232}}
{"counter":1626,"type":"move","frame":{"millis":17772,"tic":622},"actor":{"position":{"x":8791232,"y":6942912,"z":0,"angle":1610612736,"subsector":4566993032},"type":"imp","health":60,"id":4567172264}}
{"counter":1627,"type":"move","frame":{"millis":17772,"tic":622},"actor":{"position":{"x":-9940352,"y":2939136,"z":0,"angle":1073741824,"subsector":4566993176},"type":"shotgun_soldier","health":30,"id":4567172528}}
{"counter":1628,"type":"move","frame":{"millis":17772,"tic":622},"actor":{"position":{"x":9040968,"y":26618222,"z":3683328,"angle":1077747043,"subsector":4566993496},"type":"imp_fireball","health":1000,"id":4567517992}}
{"counter":1629,"type":"move","frame":{"millis":17772,"tic":622},"actor":{"position":{"x":9272562,"y":16203842,"z":2959045,"angle":1138631764,"subsector":4566993032},"type":"imp_fireball","health":1000,"id":4567518520}}
{"counter":1630,"type":"move","frame":{"millis":17800,"tic":623},"actor":{"position":{"x":6291466,"y":48234359,"z":3670016,"angle":3741319168,"subsector":4566993688},"type":"player","health":99,"armor":83,"id":4567120880}}
{"counter":1631,"type":"move","frame":{"millis":17800,"tic":623},"actor":{"position":{"x":6291466,"y":48234486,"z":3670016,"angle":3741319168,"subsector":4566993688},"type":"player","health":99,"armor":83,"id":4567120880}}
{"counter":1632,"type":"move","frame":{"millis":17800,"tic":623},"actor":{"position":{"x":10472449,"y":39792425,"z":3670016,"angle":3221225472,"subsector":4566993496},"type":"soldier","health":-1,"id":4567131872}}
{"counter":1633,"type":"move","frame":{"millis":17800,"tic":623},"actor":{"position":{"x":22450496,"y":6834336,"z":0,"angle":2684354560,"subsector":4566993048},"type":"spectre","health":150,"id":4567137416}}
{"counter":1634,"type":"move","frame":{"millis":17800,"tic":623},"actor":{"position":{"x":-32574720,"y":61410560,"z":0,"angle":2147483648,"subsector":4566996712},"type":"soldier","health":20,"id":4567138208}}
{"counter":1635,"type":"move","frame":{"millis":17800,"tic":623},"actor":{"position":{"x":-10258048,"y":78939776,"z":0,"angle":3221225472,"subsector":4566996760},"type":"shotgun_soldier","health":30,"id":4567155368}}
{"counter":1636,"type":"move","frame":{"millis":17800,"tic":623},"actor":{"position":{"x":9037208,"y":27273562,"z":3745531,"angle":1077747043,"subsector":4566993496},"type":"imp_fireball","health":1000,"id":4567517992}}
{"counter":1637,"type":"move","frame":{"millis":17800,"tic":623},"actor":{"position":{"x":9210582,"y":16856262,"z":3014651,"angle":1138631764,"subsector":4566993096},"type":"imp_fireball","health":1000,"id":4567518520}}
{"counter":1638,"type":"move","frame":{"millis":17829,"tic":624},"actor":{"position":{"x":10446561,"y":39806038,"z":3670016,"angle":3221225472,"subsector":4566993496},"type":"soldier","health":-1,"id":4567131872}}
{"counter":1639,"type":"move","frame":{"millis":17829,"tic":624},"actor":{"position":{"x":16025216,"y":37272192,"z":3670016,"angle":1073741824,"subsector":4566993528},"type":"imp","health":60,"id":4567132664}}
{"counter":1640,"type":"move","frame":{"millis":17829,"tic":624},"actor":{"position":{"x":55961088,"y":18487808,"z":0,"angle":2147483648,"subsector":4566994312},"type":"shotgun_soldier","health":30,"id":4567137680}}
{"counter":1641,"type":"move","frame":{"millis":17829,"tic":624},"actor":{"position":{"x":-27172992,"y":31774976,"z":0,"angle":0,"subsector":4566993400},"type":"soldier","health":20,"id":4567139528}}
{"counter":1642,"type":"move","frame":{"millis":17829,"tic":624},"actor":{"position":{"x":-33623296,"y":64032000,"z":0,"angle":2147483648,"subsector":4566996712},"type":"shotgun_soldier","health":30,"id":4567155632}}
{"counter":1643,"type":"move","frame":{"millis":17829,"tic":624},"actor":{"position":{"x":-28883584,"y":36747904,"z":0,"angle":536870912,"subsector":4566993352},"type":"shotgun_soldier","health":30,"id":4567156160}}
{"counter":1644,"type":"move","frame":{"millis":17829,"tic":624},"actor":{"position":{"x":-17598080,"y":30112128,"z":0,"angle":0,"subsector":4566993432},"type":"shotgun_soldier","health":30,"id":4567156424}}
{"counter":1645,"type":"move","frame":{"millis":17829,"tic":624},"actor":{"position":{"x":-3452864,"y":-15388224,"z":0,"angle":3221225472,"subsector":4566992792},"type":"spectre","health":150,"id":4567162232}}
{"counter":1646,"type":"move","frame":{"millis":17829,"tic":624},"actor":{"position":{"x":7636608,"y":9707136,"z":0,"angle":2684354560,"subsector":4566993032},"type":"imp","health":60,"id":4567172000}}
{"counter":1647,"type":"move","frame":{"millis":17829,"tic":624},"actor":{"position":{"x":9033448,"y":27928902,"z":3807734,"angle":1077747043,"subsector":4566993496},"type":"imp_fireball","health":1000,"id":4567517992}}
{"counter":1648,"type":"move","frame":{"millis":17829,"tic":624},"actor":{"position":{"x":9148602,"y":17508682,"z":3070257,"angle":1138631764,"subsector":4566993096},"type":"imp_fireball","health":1000,"id":4567518520}}
{"counter":1649,"type":"move","frame":{"millis":17859,"tic":625},"actor":{"position":{"x":6291466,"y":48234486,"z":3670016,"angle":3808428032,"subsector":4566993688},"type":"player","health":99,"armor":83,"id":4567120880}}
{"counter":1650,"type":"move","frame":{"millis":17859,"tic":625},"actor":{"position":{"x":6325593,"y":48205069,"z":3670016,"angle":3808428032,"subsector":4566993688},"type":"player","health":99,"armor":83,"id":4567120880}}
{"counter":1651,"type":"move","frame":{"millis":17859,"tic":625},"actor":{"position":{"x":16676672,"y":44257344,"z":3670016,"angle":1610612736,"subsector":4566993688},"type":"soldier","health":20,"id":4567131608}}
{"counter":1652,"type":"move","frame":{"millis":17859,"tic":625},"actor":{"position":{"x":10423100,"y":39818374,"z":3670016,"angle":3221225472,"subsector":4566993496},"type":"soldier","health":-1,"id":4567131872}}
{"counter":1653,"type":"move","frame":{"millis":17859,"tic":625},"actor":{"position":{"x":21980496,"y":7304336,"z":0,"angle":2147483648,"subsector":4566993048},"type":"spectre","health":150,"id":4567137416}}
{"counter":1654,"type":"move","frame":{"millis":17859,"tic":625},"actor":{"position":{"x":-11523776,"y":29894976,"z":0,"angle":0,"subsector":4566993432},"type":"shotgun_soldier","health":30,"id":4567139792}}
{"counter":1655,"type":"move","frame":{"millis":17859,"tic":625},"actor":{"position":{"x":8266944,"y":6942912,"z":0,"angle":1610612736,"subsector":4566993032},"type":"imp","health":60,"id":4567172264}}
{"counter":1656,"type":"move","frame":{"millis":17859,"tic":625},"actor":{"position":{"x":-9940352,"y":3463424,"z":0,"angle":1073741824,"subsector":4566993176},"type":"shotgun_soldier","health":30,"id":4567172528}}
{"counter":1657,"type":"move","frame":{"millis":17859,"tic":625},"actor":{"position":{"x":9029688,"y":28584242,"z":3869937,"angle":1077747043,"subsector":4566993496},"type":"imp_fireball","health":1000,"id":4567517992}}
{"counter":1658,"type":"move","frame":{"millis":17859,"tic":625},"actor":{"position":{"x":9086622,"y":18161102,"z":3125863,"angle":1138631764,"subsector":4566993096},"type":"imp_fireball","health":1000,"id":4567518520}}
{"counter":1659,"type":"move","frame":{"millis":17886,"tic":626},"actor":{"position":{"x":6325593,"y":48205069,"z":3670016,"angle":3825205248,"subsector":4566993688},"type":"player","health":99,"armor":83,"id":4567120880}}
{"counter":1660,"type":"move","frame":{"millis":17886,"tic":626},"actor":{"position":{"x":6385024,"y":48155033,"z":3670016,"angle":3825205248,"subsector":4566993688},"type":"player","health":99,"armor":83,"id":4567120880}}
{"counter":1661,"type":"move","frame":{"millis":17886,"tic":626},"actor":{"position":{"x":10401838,"y":39829553,"z":3670016,"angle":3221225472,"subsector":4566993496},"type":"soldier","health":-1,"id":4567131872}}
{"counter":1662,"type":"move","frame":{"millis":17886,"tic":626},"actor":{"position":{"x":-28666432,"y":44919360,"z":0,"angle":1073741824,"subsector":4566993352},"type":"soldier","health":20,"id":4567137944}}
{"counter":1663,"type":"move","frame":{"millis":17886,"tic":626},"actor":{"position":{"x":-16173504,"y":79088064,"z":0,"angle":2147483648,"subsector":4566996760},"type":"soldier","health":20,"id":4567138736}}
{"counter":1664,"type":"move","frame":{"millis":17886,"tic":626},"actor":{"position":{"x":-9733760,"y":78939776,"z":0,"angle":3758096384,"subsector":4566996760},"type":"shotgun_soldier","health":30,"id":4567155368}}
{"counter":1665,"type":"move","frame":{"millis":17886,"tic":626},"actor":{"position":{"x":-3452864,"y":-16043584,"z":0,"angle":3221225472,"subsector":4566992792},"type":"spectre","health":150,"id":4567162232}}
{"counter":1666,"type":"move","frame":{"millis":17886,"tic":626},"actor":{"position":{"x":9025928,"y":29239582,"z":3932140,"angle":1077747043,"subsector":4566993496},"type":"imp_fireball","health":1000,"id":4567517992}}
{"counter":1667,"type":"move","frame":{"millis":17886,"tic":626},"actor":{"position":{"x":9024642,"y":18813522,"z":3181469,"angle":1138631764,"subsector":4566993112},"type":"imp_fireball","health":1000,"id":4567518520}}
{"counter":1668,"type":"move","frame":{"millis":17915,"tic":627},"actor":{"position":{"x":6385024,"y":48155033,"z":3670016,"angle":3841982464,"subsector":4566993688},"type":"player","health":99,"armor":83,"id":4567120880}}
{"counter":1669,"type":"move","frame":{"millis":17915,"tic":627},"actor":{"position":{"x":6474413,"y":48081981,"z":3670016,"angle":3841982464,"subsector":4566993688},"type":"player","health":99,"armor":83,"id":4567120880}}
{"counter":1670,"type":"move","frame":{"millis":17915,"tic":627},"actor":{"position":{"x":10382569,"y":39839683,"z":3670016,"angle":3221225472,"subsector":4566993496},"type":"soldier","health":-1,"id":4567131872}}
{"counter":1671,"type":"move","frame":{"millis":17915,"tic":627},"actor":{"position":{"x":16025216,"y":37796480,"z":3670016,"angle":1073741824,"subsector":4566993528},"type":"imp","health":60,"id":4567132664}}
{"counter":1672,"type":"move","frame":{"millis":17915,"tic":627},"actor":{"position":{"x":21510496,"y":7774336,"z":0,"angle":1610612736,"subsector":4566993048},"type":"spectre","health":150,"id":4567137416}}
{"counter":1673,"type":"move","frame":{"millis":17915,"tic":627},"actor":{"position":{"x":55961088,"y":19012096,"z":0,"angle":2147483648,"subsector":4566994312},"type":"shotgun_soldier","health":30,"id":4567137680}}
{"counter":1674,"type":"move","frame":{"millis":17915,"tic":627},"actor":{"position":{"x":-33099008,"y":61410560,"z":0,"angle":2147483648,"subsector":4566996712},"type":"soldier","health":20,"id":4567138208}}
{"counter":1675,"type":"move","frame":{"millis":17915,"tic":627},"actor":{"position":{"x":-34147584,"y":64032000,"z":0,"angle":2147483648,"subsector":4566996712},"type":"shotgun_soldier","health":30,"id":4567155632}}
{"counter":1676,"type":"move","frame":{"millis":17915,"tic":627},"actor":{"position":{"x":-28883584,"y":37272192,"z":0,"angle":1073741824,"subsector":4566993352},"type":"shotgun_soldier","health":30,"id":4567156160}}
{"counter":1677,"type":"move","frame":{"millis":17915,"tic":627},"actor":{"position":{"x":-17073792,"y":30112128,"z":0,"angle":0,"subsector":4566993432},"type":"shotgun_soldier","health":30,"id":4567156424}}
{"counter":1678,"type":"move","frame":{"millis":17915,"tic":627},"actor":{"position":{"x":7636608,"y":10231424,"z":0,"angle":3221225472,"subsector":4566993032},"type":"imp","health":60,"id":4567172000}}
{"counter":1679,"type":"move","frame":{"millis":17915,"tic":627},"actor":{"position":{"x":9022168,"y":29894922,"z":3994343,"angle":1077747043,"subsector":4566993496},"type":"imp_fireball","health":1000,"id":4567517992}}
{"counter":1680,"type":"move","frame":{"millis":17915,"tic":627},"actor":{"position":{"x":8962662,"y":19465942,"z":3237075,"angle":1138631764,"subsector":4566993112},"type":"imp_fireball","health":1000,"id":4567518520}}
{"counter":1681,"type":"move","frame":{"millis":17943,"tic":628},"actor":{"position":{"x":6474413,"y":48081981,"z":3670016,"angle":3858759680,"subsector":4566993688},"type":"player","health":99,"armor":83,"id":4567120880}}
{"counter":1682,"type":"move","frame":{"millis":17943,"tic":628},"actor":{"position":{"x":6575165,"y":48001144,"z":3670016,"angle":3858759680,"subsector":4566993688},"type":"player","health":99,"armor":83,"id":4567120880}}
{"counter":1683,"type":"move","frame":{"millis":17943,"tic":628},"actor":{"position":{"x":10365106,"y":39848863,"z":3670016,"angle":3221225472,"subsector":4566993496},"type":"soldier","health":-1,"id":4567131872}}
{"counter":1684,"type":"move","frame":{"millis":17943,"tic":628},"actor":{"position":{"x":-27548992,"y":32150976,"z":0,"angle":536870912,"subsector":4566993400},"type":"soldier","health":20,"id":4567139528}}
{"counter":1685,"type":"move","frame":{"millis":17943,"tic":628},"actor":{"position":{"x":-10999488,"y":29894976,"z":0,"angle":0,"subsector":4566993432},"type":"shotgun_soldier","health":30,"id":4567139792}}
{"counter":1686,"type":"move","frame":{"millis":17943,"tic":628},"actor":{"position":{"x":-3452864,"y":-16698944,"z":0,"angle":3221225472,"subsector":4566992792},"type":"spectre","health":150,"id":4567162232}}
{"counter":1687,"type":"move","frame":{"millis":17943,"tic":628},"actor":{"position":{"x":7742656,"y":6942912,"z":0,"angle":2147483648,"subsector":4566993032},"type":"imp","health":60,"id":4567172264}}
{"counter":1688,"type":"move","frame":{"millis":17943,"tic":628},"actor":{"position":{"x":-9940352,"y":3987712,"z":0,"angle":1073741824,"subsector":4566993176},"type":"shotgun_soldier","health":30,"id":4567172528}}
{"counter":1689,"type":"move","frame":{"millis":17943,"tic":628},"actor":{"position":{"x":9018408,"y":30550262,"z":4056546,"angle":1077747043,"subsector":4566993496},"type":"imp_fireball","health":1000,"id":4567517992}}
{"counter":1690,"type":"move","frame":{"millis":17943,"tic":628},"actor":{"position":{"x":8900682,"y":20118362,"z":3292681,"angle":1138631764,"subsector":4566993128},"type":"imp_fireball","health":1000,"id":4567518520}}
{"counter":1691,"type":"move","frame":{"millis":17972,"tic":629},"actor":{"position":{"x":6575165,"y":48001144,"z":3670016,"angle":3858759680,"subsector":4566993688},"type":"player","health":99,"armor":83,"id":4567120880}}
{"counter":1692,"type":"move","frame":{"millis":17972,"tic":629},"actor":{"position":{"x":6575165,"y":48001144,"z":3670016,"angle":3858759680,"subsector":4566993688},"type":"player","health":99,"armor":83,"id":4567120880}}
{"counter":1693,"type":"move","frame":{"millis":17972,"tic":629},"actor":{"position":{"x":6729083,"y":48008935,"z":3670016,"angle":3858759680,"subsector":4566993688},"type":"player","health":99,"armor":83,"id":4567120880}}
{"counter":1694,"type":"move","frame":{"millis":17972,"tic":629},"actor":{"position":{"x":16300672,"y":44633344,"z":3670016,"angle":1610612736,"subsector":4566993688},"type":"soldier","health":20,"id":4567131608}}
{"counter":1695,"type":"move","frame":{"millis":17972,"tic":629},"actor":{"position":{"x":10349280,"y":39857182,"z":3670016,"angle":3221225472,"subsector":4566993496},"type":"soldier","health":-1,"id":4567131872}}
{"counter":1696,"type":"move","frame":{"millis":17972,"tic":629},"actor":{"position":{"x":21040496,"y":8244336,"z":0,"angle":1610612736,"subsector":4566993048},"type":"spectre","health":150,"id":4567137416}}
{"counter":1697,"type":"move","frame":{"millis":17972,"tic":629},"actor":{"position":{"x":-9209472,"y":78939776,"z":0,"angle":0,"subsector":4566996760},"type":"shotgun_soldier","health":30,"id":4567155368}}
{"counter":1698,"type":"move","frame":{"millis":17972,"tic":629},"actor":{"position":{"x":9014648,"y":31205602,"z":4118749,"angle":1077747043,"subsector":4566993496},"type":"imp_fireball","health":1000,"id":4567517992}}
{"counter":1699,"type":"move","frame":{"millis":17972,"tic":629},"actor":{"position":{"x":8838702,"y":20770782,"z":3348287,"angle":1138631764,"subsector":4566993128},"type":"imp_fireball","health":1000,"id":4567518520}}
{"counter":1700,"type":"move","frame":{"millis":18001,"tic":630},"actor":{"position":{"x":6729083,"y":48008935,"z":3670016,"angle":3858759680,"subsector":4566993688},"type":"player","health":99,"armor":83,"id":4567120880}}
{"counter":1701,"type":"move","frame":{"millis":18001,"tic":630},"actor":{"position":{"x":6729083,"y":48008935,"z":3670016,"angle":3858759680,"subsector":4566993688},"type":"player","health":99,"armor":83,"id":4567120880}}
{"counter":1702,"type":"move","frame":{"millis":18001,"tic":630},"actor":{"position":{"x":6936119,"y":48093387,"z":3670016,"angle":3858759680,"subsector":4566993688},"type":"player","health":99,"armor":83,"id":4567120880}}
{"counter":1703,"type":"move","frame":{"millis":18001,"tic":630},"actor":{"position":{"x":10334937,"y":39864721,"z":3670016,"angle":3221225472,"subsector":4566993496},"type":"soldier","health":-1,"id":4567131872}}
{"counter":1704,"type":"move","frame":{"millis":18001,"tic":630},"actor":{"position":{"x":15649216,"y":38172480,"z":3670016,"angle":1073741824,"subsector":4566993528},"type":"imp","health":60,"id":4567132664}}
{"counter":1705,"type":"move","frame":{"millis":18001,"tic":630},"actor":{"position":{"x":55961088,"y":19536384,"z":0,"angle":1610612736,"subsector":4566994312},"type":"shotgun_soldier","health":30,"id":4567137680}}
{"counter":1706,"type":"move","frame":{"millis":18001,"tic":630},"actor":{"position":{"x":-28666432,"y":45443648,"z":0,"angle":1073741824,"subsector":4566993352},"type":"soldier","health":20,"id":4567137944}}
{"counter":1707,"type":"move","frame":{"millis":18001,"tic":630},"actor":{"position":{"x":-16697792,"y":79088064,"z":0,"angle":2147483648,"subsector":4566996760},"type":"soldier","health":20,"id":4567138736}}
{"counter":1708,"type":"move","frame":{"millis":18001,"tic":630},"actor":{"position":{"x":-34671872,"y":64032000,"z":0,"angle":2147483648,"subsector":4566996712},"type":"shotgun_soldier","health":30,"id":4567155632}}
{"counter":1709,"type":"move","frame":{"millis":18001,"tic":630},"actor":{"position":{"x":-28883584,"y":37796480,"z":0,"angle":1073741824,"subsector":4566993352},"type":"shotgun_soldier","health":30,"id":4567156160}}
{"counter":1710,"type":"move","frame":{"millis":18001,"tic":630},"actor":{"position":{"x":-16549504,"y":30112128,"z":0,"angle":0,"subsector":4566993432},"type":"shotgun_soldier","health":30,"id":4567156424}}
{"counter":1711,"type":"move","frame":{"millis":18001,"tic":630},"actor":{"position":{"x":-3452864,"y":-17354304,"z":-1048576,"angle":3221225472,"subsector":4566992792},"type":"spectre","health":150,"id":4567162232}}
{"counter":1712,"type":"move","frame":{"millis":18001,"tic":630},"actor":{"position":{"x":7636608,"y":10755712,"z":0,"angle":3758096384,"subsector":4566993032},"type":"imp","health":60,"id":4567172000}}
{"counter":1713,"type":"move","frame":{"millis":18001,"tic":630},"actor":{"position":{"x":9010888,"y":31860942,"z":4180952,"angle":1077747043,"subsector":4566993496},"type":"imp_fireball","health":1000,"id":4567517992}}
{"counter":1714,"type":"move","frame":{"millis":18001,"tic":630},"actor":{"position":{"x":8776722,"y":21423202,"z":3403893,"angle":1138631764,"subsector":4566993128},"type":"imp_fireball","health":1000,"id":4567518520}}
{"counter":1715,"type":"move","frame":{"millis":18030,"tic":631},"actor":{"position":{"x":6936119,"y":48093387,"z":3670016,"angle":3858759680,"subsector":4566993688},"type":"player","health":99,"armor":83,"id":4567120880}}
{"counter":1716,"type":"move","frame":{"millis":18030,"tic":631},"actor":{"position":{"x":6936119,"y":48093387,"z":3670016,"angle":3858759680,"subsector":4566993688},"type":"player","health":99,"armor":83,"id":4567120880}}
{"counter":1717,"type":"move","frame":{"millis":18030,"tic":631},"actor":{"position":{"x":7237365,"y":48213172,"z":3670016,"angle":3858759680,"subsector":4566993688},"type":"player","health":99,"armor":83,"id":4567120880}}
{"counter":1718,"type":"move","frame":{"millis":18030,"tic":631},"actor":{"position":{"x":10321938,"y":39871553,"z":3670016,"angle":3221225472,"subsector":4566993496},"type":"soldier","health":-1,"id":4567131872}}
{"counter":1719,"type":"move","frame":{"millis":18030,"tic":631},"actor":{"position":{"x":20570496,"y":8714336,"z":0,"angle":1610612736,"subsector":4566993048},"type":"spectre","health":150,"id":4567137416}}
{"counter":1720,"type":"move","frame":{"millis":18030,"tic":631},"actor":{"position":{"x":-33623296,"y":61410560,"z":0,"angle":2147483648,"subsector":4566996712},"type":"soldier","health":20,"id":4567138208}}
{"counter":1721,"type":"move","frame":{"millis":18030,"tic":631},"actor":{"position":{"x":-10475200,"y":29894976,"z":0,"angle":0,"subsector":4566993432},"type":"shotgun_soldier","health":30,"id":4567139792}}
{"counter":1722,"type":"move","frame":{"millis":18030,"tic":631},"actor":{"position":{"x":7218368,"y":6942912,"z":0,"angle":2147483648,"subsector":4566993032},"type":"imp","health":60,"id":4567172264}}
{"counter":1723,"type":"move","frame":{"millis":18030,"tic":631},"actor":{"position":{"x":-9564352,"y":4363712,"z":0,"angle":1073741824,"subsector":4566993176},"type":"shotgun_soldier","health":30,"id":4567172528}}
{"counter":1724,"type":"move","frame":{"millis":18030,"tic":631},"actor":{"position":{"x":9007128,"y":32516282,"z":4243155,"angle":1077747043,"subsector":4566993496},"type":"imp_fireball","health":1000,"id":4567517992}}
{"counter":1725,"type":"move","frame":{"millis":18030,"tic":631},"actor":{"position":{"x":8714742,"y":22075622,"z":3459499,"angle":1138631764,"subsector":4566993144},"type":"imp_fireball","health":1000,"id":4567518520}}
{"counter":1726,"type":"move","frame":{"millis":18058,"tic":632},"actor":{"position":{"x":7237365,"y":48213172,"z":3670016,"angle":3858759680,"subsector":4566993688},"type":"player","health":99,"armor":83,"id":4567120880}}
{"counter":1727,"type":"move","frame":{"millis":18058,"tic":632},"actor":{"position":{"x":7237365,"y":48213172,"z":3670016,"angle":3858759680,"subsector":4566993688},"type":"player","health":99,"armor":83,"id":4567120880}}
{"counter":1728,"type":"move","frame":{"millis":18058,"tic":632},"actor":{"position":{"x":7640598,"y":48230616,"z":3670016,"angle":3858759680,"subsector":4566993688},"type":"player","health":99,"armor":83,"id":4567120880}}
{"counter":1729,"type":"move","frame":{"millis":18058,"tic":632},"actor":{"position":{"x":10310157,"y":39877744,"z":3670016,"angle":3221225472,"subsector":4566993496},"type":"soldier","health":-1,"id":4567131872}}
{"counter":1730,"type":"move","frame":{"millis":18058,"tic":632},"actor":{"position":{"x":-27924992,"y":32526976,"z":0,"angle":1073741824,"subsector":4566993400},"type":"soldier","health":20,"id":4567139528}}
{"counter":1731,"type":"move","frame":{"millis":18058,"tic":632},"actor":{"position":{"x":-8685184,"y":78939776,"z":0,"angle":0,"subsector":4566996760},"type":"shotgun_soldier","health":30,"id":4567155368}}
{"counter":1732,"type":"move","frame":{"millis":18058,"tic":632},"actor":{"position":{"x":-3452864,"y":-18009664,"z":-1048576,"angle":3221225472,"subsector":4566992792},"type":"spectre","health":150,"id":4567162232}}
{"counter":1733,"type":"move","frame":{"millis":18058,"tic":632},"actor":{"position":{"x":9003368,"y":33171622,"z":4305358,"angle":1077747043,"subsector":4566993496},"type":"imp_fireball","health":1000,"id":4567517992}}
{"counter":1734,"type":"move","frame":{"millis":18058,"tic":632},"actor":{"position":{"x":8652762,"y":22728042,"z":3515105,"angle":1138631764,"subsector":4566993144},"type":"imp_fireball","health":1000,"id":4567518520}}
{"counter":1735,"type":"move","frame":{"millis":18086,"tic":633},"actor":{"position":{"x":7640598,"y":48230616,"z":3670016,"angle":3858759680,"subsector":4566993688},"type":"player","health":99,"armor":83,"id":4567120880}}
{"counter":1736,"type":"move","frame":{"millis":18086,"tic":633},"actor":{"position":{"x":7640598,"y":48230616,"z":3670016,"angle":3858759680,"subsector":4566993688},"type":"player","health":99,"armor":83,"id":4567120880}}
{"counter":1737,"type":"move","frame":{"millis":18086,"tic":633},"actor":{"position":{"x":8074712,"y":48233817,"z":3670016,"angle":3858759680,"subsector":4566993688},"type":"player","health":99,"armor":83,"id":4567120880}}
{"counter":1738,"type":"move","frame":{"millis":18086,"tic":633},"actor":{"position":{"x":15924672,"y":45009344,"z":3670016,"angle":1610612736,"subsector":4566993688},"type":"soldier","health":20,"id":4567131608}}
{"counter":1739,"type":"move","frame":{"millis":18086,"tic":633},"actor":{"position":{"x":10299480,"y":39883354,"z":3670016,"angle":3221225472,"subsector":4566993496},"type":"soldier","health":-1,"id":4567131872}}
{"counter":1740,"type":"move","frame":{"millis":18086,"tic":633},"actor":{"position":{"x":15273216,"y":38548480,"z":3670016,"angle":1610612736,"subsector":4566993528},"type":"imp","health":60,"id":4567132664}}
{"counter":1741,"type":"move","frame":{"millis":18086,"tic":633},"actor":{"position":{"x":20100496,"y":9184336,"z":0,"angle":1610612736,"subsector":4566993048},"type":"spectre","health":150,"id":4567137416}}
{"counter":1742,"type":"move","frame":{"millis":18086,"tic":633},"actor":{"position":{"x":55961088,"y":20060672,"z":0,"angle":1073741824,"subsector":4566994312},"type":"shotgun_soldier","health":30,"id":4567137680}}
{"counter":1743,"type":"move","frame":{"millis":18086,"tic":633},"actor":{"position":{"x":-35196160,"y":64032000,"z":0,"angle":2147483648,"subsector":4566996712},"type":"shotgun_soldier","health":30,"id":4567155632}}
{"counter":1744,"type":"move","frame":{"millis":18086,"tic":633},"actor":{"position":{"x":-28883584,"y":38320768,"z":0,"angle":1073741824,"subsector":4566993352},"type":"shotgun_soldier","health":30,"id":4567156160}}
{"counter":1745,"type":"move","frame":{"millis":18086,"tic":633},"actor":{"position":{"x":-16025216,"y":30112128,"z":0,"angle":0,"subsector":4566993432},"type":"shotgun_soldier","health":30,"id":4567156424}}
{"counter":1746,"type":"move","frame":{"millis":18086,"tic":633},"actor":{"position":{"x":7636608,"y":11280000,"z":0,"angle":0,"subsector":4566993032},"type":"imp","health":60,"id":4567172000}}
{"counter":1747,"type":"move","frame":{"millis":18087,"tic":633},"actor":{"position":{"x":8999608,"y":33826962,"z":4367561,"angle":1077747043,"subsector":4566993496},"type":"imp_fireball","health":1000,"id":4567517992}}
{"counter":1748,"type":"move","frame":{"millis":18087,"tic":633},"actor":{"position":{"x":8590782,"y":23380462,"z":3570711,"angle":1138631764,"subsector":4566993464},"type":"imp_fireball","health":1000,"id":4567518520}}
{"counter":1749,"type":"move","frame":{"millis":18115,"tic":634},"actor":{"position":{"x":8074712,"y":48233817,"z":3670016,"angle":3858759680,"subsector":4566993688},"type":"player","health":99,"armor":83,"id":4567120880}}
{"counter":1750,"type":"move","frame":{"millis":18115,"tic":634},"actor":{"position":{"x":8074712,"y":48233817,"z":3670016,"angle":3858759680,"subsector":4566993688},"type":"player","health":99,"armor":83,"id":4567120880}}
{"counter":1751,"type":"move","frame":{"millis":18115,"tic":634},"actor":{"position":{"x":8543144,"y":48233817,"z":3670016,"angle":3858759680,"subsector":4566993688},"type":"player","health":99,"armor":83,"id":4567120880}}
{"counter":1752,"type":"move","frame":{"millis":18115,"tic":634},"actor":{"position":{"x":10289803,"y":39888438,"z":3670016,"angle":3221225472,"subsector":4566993496},"type":"soldier","health":-1,"id":4567131872}}
{"counter":1753,"type":"move","frame":{"millis":18115,"tic":634},"actor":{"position":{"x":-28666432,"y":45967936,"z":0,"angle":1073741824,"subsector":4566993352},"type":"soldier","health":20,"id":4567137944}}
{"counter":1754,"type":"move","frame":{"millis":18115,"tic":634},"actor":{"position":{"x":-17222080,"y":79088064,"z":0,"angle":2147483648,"subsector":4566996760},"type":"soldier","health":20,"id":4567138736}}
{"counter":1755,"type":"move","frame":{"millis":18115,"tic":634},"actor":{"position":{"x":-9950912,"y":29894976,"z":0,"angle":0,"subsector":4566993432},"type":"shotgun_soldier","health":30,"id":4567139792}}
{"counter":1756,"type":"move","frame":{"millis":18115,"tic":634},"actor":{"position":{"x":-3452864,"y":-18665024,"z":-1048576,"angle":3221225472,"subsector":4566992792},"type":"spectre","health":150,"id":4567162232}}
{"counter":1757,"type":"move","frame":{"millis":18115,"tic":634},"actor":{"position":{"x":6694080,"y":6942912,"z":0,"angle":2147483648,"subsector":4566993032},"type":"imp","health":60,"id":4567172264}}
{"counter":1758,"type":"move","frame":{"millis":18116,"tic":634},"actor":{"position":{"x":-9188352,"y":4739712,"z":0,"angle":536870912,"subsector":4566993176},"type":"shotgun_soldier","health":30,"id":4567172528}}
{"counter":1759,"type":"move","frame":{"millis":18116,"tic":634},"actor":{"position":{"x":8995848,"y":34482302,"z":4429764,"angle":1077747043,"subsector":4566993496},"type":"imp_fireball","health":1000,"id":4567517992}}
{"counter":1760,"type":"move","frame":{"millis":18116,"tic":634},"actor":{"position":{"x":8528802,"y":24032882,"z":3626317,"angle":1138631764,"subsector":4566993464},"type":"imp_fireball","health":1000,"id":4567518520}}
{"counter":1761,"type":"move","frame":{"millis":18143,"tic":635},"actor":{"position":{"x":8543144,"y":48233817,"z":3670016,"angle":3858759680,"subsector":4566993688},"type":"player","health":99,"armor":83,"id":4567120880}}
{"counter":1762,"type":"move","frame":{"millis":18143,"tic":635},"actor":{"position":{"x":8543144,"y":48233817,"z":3670016,"angle":3858759680,"subsector":4566993688},"type":"player","health":99,"armor":83,"id":4567120880}}
{"counter":1763,"type":"move","frame":{"millis":18143,"tic":635},"actor":{"position":{"x":9089966,"y":48233843,"z":3670016,"angle":3858759680,"subsector":4566993688},"type":"player","health":99,"armor":83,"id":4567120880}}
{"counter":1764,"type":"move","frame":{"millis":18143,"tic":635},"actor":{"position":{"x":10281033,"y":39893045,"z":3670016,"angle":3221225472,"subsector":4566993496},"type":"soldier","health":-1,"id":4567131872}}
{"counter":1765,"type":"move","frame":{"millis":18143,"tic":635},"actor":{"position":{"x":19630496,"y":9654336,"z":0,"angle":1610612736,"subsector":4566993048},"type":"spectre","health":150,"id":4567137416}}
{"counter":1766,"type":"move","frame":{"millis":18143,"tic":635},"actor":{"position":{"x":-34147584,"y":61410560,"z":0,"angle":2147483648,"subsector":4566996712},"type":"soldier","health":20,"id":4567138208}}
{"counter":1767,"type":"move","frame":{"millis":18144,"tic":635},"actor":{"position":{"x":-9209472,"y":78939776,"z":0,"angle":0,"subsector":4566996760},"type":"shotgun_soldier","health":30,"id":4567155368}}
{"counter":1768,"type":"move","frame":{"millis":18144,"tic":635},"actor":{"position":{"x":8992088,"y":35137642,"z":4491967,"angle":1077747043,"subsector":4566993496},"type":"imp_fireball","health":1000,"id":4567517992}}
{"counter":1769,"type":"move","frame":{"millis":18144,"tic":635},"actor":{"position":{"x":8466822,"y":24685302,"z":3681923,"angle":1138631764,"subsector":4566993480},"type":"imp_fireball","health":1000,"id":4567518520}}
{"counter":1770,"type":"move","frame":{"millis":18172,"tic":636},"actor":{"position":{"x":9089966,"y":48233843,"z":3670016,"angle":3858759680,"subsector":4566993688},"type":"player","health":99,"armor":83,"id":4567120880}}
{"counter":1771,"type":"move","frame":{"millis":18172,"tic":636},"actor":{"position":{"x":9089966,"y":48233843,"z":3670016,"angle":3858759680,"subsector":4566993688},"type":"player","health":99,"armor":83,"id":4567120880}}
{"counter":1772,"type":"move","frame":{"millis":18172,"tic":636},"actor":{"position":{"x":9708252,"y":48233945,"z":3670016,"angle":3858759680,"subsector":4566993688},"type":"player","health":99,"armor":83,"id":4567120880}}
{"counter":1773,"type":"move","frame":{"millis":18172,"tic":636},"actor":{"position":{"x":10273085,"y":39897220,"z":3670016,"angle":3221225472,"subsector":4566993496},"type":"soldier","health":-1,"id":4567131872}}
{"counter":1774,"type":"move","frame":{"millis":18172,"tic":636},"actor":{"position":{"x":14897216,"y":38924480,"z":3670016,"angle":1610612736,"subsector":4566993528},"type":"imp","health":60,"id":4567132664}}
{"counter":1775,"type":"move","frame":{"millis":18172,"tic":636},"actor":{"position":{"x":55961088,"y":20584960,"z":0,"angle":1073741824,"subsector":4566994312},"type":"shotgun_soldier","health":30,"id":4567137680}}
{"counter":1776,"type":"move","frame":{"millis":18172,"tic":636},"actor":{"position":{"x":-28300992,"y":32902976,"z":0,"angle":1610612736,"subsector":4566993400},"type":"soldier","health":20,"id":4567139528}}
{"counter":1777,"type":"move","frame":{"millis":18172,"tic":636},"actor":{"position":{"x":-35720448,"y":64032000,"z":0,"angle":2147483648,"subsector":4566996712},"type":"shotgun_soldier","health":30,"id":4567155632}}
{"counter":1778,"type":"move","frame":{"millis":18172,"tic":636},"actor":{"position":{"x":-28883584,"y":38845056,"z":0,"angle":1073741824,"subsector":4566993352},"type":"shotgun_soldier","health":30,"id":4567156160}}
{"counter":1779,"type":"move","frame":{"millis":18172,"tic":636},"actor":{"position":{"x":-15500928,"y":30112128,"z":0,"angle":0,"subsector":4566993432},"type":"shotgun_soldier","health":30,"id":4567156424}}
{"counter":1780,"type":"move","frame":{"millis":18172,"tic":636},"actor":{"position":{"x":-2982864,"y":-18195024,"z":-1048576,"angle":3221225472,"subsector":4566992792},"type":"spectre","health":150,"id":4567162232}}
{"counter":1781,"type":"move","frame":{"millis":18172,"tic":636},"actor":{"position":{"x":7636608,"y":11804288,"z":0,"angle":536870912,"subsector":4566993032},"type":"imp","health":60,"id":4567172000}}
{"counter":1782,"type":"move","frame":{"millis":18172,"tic":636},"actor":{"position":{"x":8988328,"y":35792982,"z":4554170,"angle":1077747043,"subsector":4566993496},"type":"imp_fireball","health":1000,"id":4567517992}}
{"counter":1783,"type":"move","frame":{"millis":18172,"tic":636},"actor":{"position":{"x":8404842,"y":25337722,"z":3737529,"angle":1138631764,"subsector":4566993480},"type":"imp_fireball","health":1000,"id":4567518520}}
{"counter":1784,"type":"move","frame":{"millis":18200,"tic":637},"actor":{"position":{"x":9708252,"y":48233945,"z":3670016,"angle":3858759680,"subsector":4566993688},"type":"player","health":99,"armor":83,"id":4567120880}}
{"counter":1785,"type":"move","frame":{"millis":18200,"tic":637},"actor":{"position":{"x":9708252,"y":48233945,"z":3670016,"angle":3858759680,"subsector":4566993688},"type":"player","health":99,"armor":83,"id":4567120880}}
{"counter":1786,"type":"move","frame":{"millis":18200,"tic":637},"actor":{"position":{"x":10380633,"y":48233945,"z":3670016,"angle":3858759680,"subsector":4566993688},"type":"player","health":99,"armor":83,"id":4567120880}}
{"counter":1787,"type":"attacked","frame":{"millis":18200,"tic":637},"actor":{"position":{"x":15924672,"y":45009344,"z":3670016,"angle":1610612736,"subsector":4566993688},"type":"soldier","health":20,"id":4567131608},"target":{"position":{"x":10380633,"y":48233945,"z":3670016,"angle":3858759680,"subsector":4566993688},"type":"player","health":99,"armor":83,"id":4567120880}}
{"counter":1788,"type":"move","frame":{"millis":18200,"tic":637},"actor":{"position":{"x":10265882,"y":39901003,"z":3670016,"angle":3221225472,"subsector":4566993496},"type":"soldier","health":-1,"id":4567131872}}
{"counter":1789,"type":"move","frame":{"millis":18200,"tic":637},"actor":{"position":{"x":19160496,"y":10124336,"z":0,"angle":1610612736,"subsector":4566993048},"type":"spectre","health":150,"id":4567137416}}
{"counter":1790,"type":"move","frame":{"millis":18200,"tic":637},"actor":{"position":{"x":-9426624,"y":29894976,"z":0,"angle":0,"subsector":4566993432},"type":"shotgun_soldier","health":30,"id":4567139792}}
{"counter":1791,"type":"move","frame":{"millis":18200,"tic":637},"actor":{"position":{"x":6169792,"y":6942912,"z":0,"angle":2147483648,"subsector":4566993192},"type":"imp","health":60,"id":4567172264}}
{"counter":1792,"type":"move","frame":{"millis":18200,"tic":637},"actor":{"position":{"x":-8812352,"y":5115712,"z":0,"angle":536870912,"subsector":4566993176},"type":"shotgun_soldier","health":30,"id":4567172528}}
{"counter":1793,"type":"move","frame":{"millis":18200,"tic":637},"actor":{"position":{"x":8984568,"y":36448322,"z":4616373,"angle":1077747043,"subsector":4566993496},"type":"imp_fireball","health":1000,"id":4567517992}}
{"counter":1794,"type":"move","frame":{"millis":18200,"tic":637},"actor":{"position":{"x":8342862,"y":25990142,"z":3793135,"angle":1138631764,"subsector":4566993480},"type":"imp_fireball","health":1000,"id":4567518520}}
{"counter":1795,"type":"move","frame":{"millis":18230,"tic":638},"actor":{"position":{"x":10380633,"y":48233945,"z":3670016,"angle":3858759680,"subsector":4566993688},"type":"player","health":99,"armor":83,"id":4567120880}}
{"counter":1796,"type":"move","frame":{"millis":18230,"tic":638},"actor":{"position":{"x":10380633,"y":48233945,"z":3670016,"angle":3858759680,"subsector":4566993688},"type":"player","health":99,"armor":83,"id":4567120880}}
{"counter":1797,"type":"move","frame":{"millis":18230,"tic":638},"actor":{"position":{"x":11106508,"y":48233971,"z":3670016,"angle":3858759680,"subsector":4566993688},"type":"player","health":99,"armor":83,"id":4567120880}}
{"counter":1798,"type":"move","frame":{"millis":18230,"tic":638},"actor":{"position":{"x":10259354,"y":39904431,"z":3670016,"angle":3221225472,"subsector":4566993496},"type":"soldier","health":-1,"id":4567131872}}
{"counter":1799,"type":"move","frame":{"millis":18230,"tic":638},"actor":{"position":{"x":-28666432,"y":46492224,"z":0,"angle":1073741824,"subsector":4566993352},"type":"soldier","health":20,"id":4567137944}}
{"counter":1800,"type":"move","frame":{"millis":18230,"tic":638},"actor":{"position":{"x":-17746368,"y":79088064,"z":0,"angle":2147483648,"subsector":4566996760},"type":"soldier","health":20,"id":4567138736}}
{"counter":1801,"type":"move","frame":{"millis":18230,"tic":638},"actor":{"position":{"x":-9733760,"y":78939776,"z":0,"angle":536870912,"subsector":4566996760},"type":"shotgun_soldier","health":30,"id":4567155368}}
{"counter":1802,"type":"move","frame":{"millis":18230,"tic":638},"actor":{"position":{"x":-2512864,"y":-17725024,"z":-1048576,"angle":3758096384,"subsector":4566992792},"type":"spectre","health":150,"id":4567162232}}
{"counter":1803,"type":"move","frame":{"millis":18230,"tic":638},"actor":{"position":{"x":8980808,"y":37103662,"z":4678576,"angle":1077747043,"subsector":4566993496},"type":"imp_fireball","health":1000,"id":4567517992}}
{"counter":1804,"type":"move","frame":{"millis":18230,"tic":638},"actor":{"position":{"x":8280882,"y":26642562,"z":3848741,"angle":1138631764,"subsector":4566993496},"type":"imp_fireball","health":1000,"id":4567518520}}
{"counter":1805,"type":"move","frame":{"millis":18258,"tic":639},"actor":{"position":{"x":11106508,"y":48233971,"z":3670016,"angle":3858759680,"subsector":4566993688},"type":"player","health":99,"armor":83,"id":4567120880}}
{"counter":1806,"type":"move","frame":{"millis":18258,"tic":639},"actor":{"position":{"x":11106508,"y":48233971,"z":3670016,"angle":3858759680,"subsector":4566993688},"type":"player","health":99,"armor":83,"id":4567120880}}
{"counter":1807,"type":"move","frame":{"millis":18258,"tic":639},"actor":{"position":{"x":11881812,"y":48234073,"z":3670016,"angle":3858759680,"subsector":4566993688},"type":"player","health":99,"armor":83,"id":4567120880}}
{"counter":1808,"type":"move","frame":{"millis":18258,"tic":639},"actor":{"position":{"x":10253438,"y":39907537,"z":3670016,"angle":3221225472,"subsector":4566993496},"type":"soldier","health":-1,"id":4567131872}}
{"counter":1809,"type":"move","frame":{"millis":18258,"tic":639},"actor":{"position":{"x":14521216,"y":39300480,"z":3670016,"angle":1610612736,"subsector":4566993496},"type":"imp","health":60,"id":4567132664}}
{"counter":1810,"type":"move","frame":{"millis":18258,"tic":639},"actor":{"position":{"x":18690496,"y":10594336,"z":0,"angle":1610612736,"subsector":4566993048},"type":"spectre","health":150,"id":4567137416}}
{"counter":1811,"type":"move","frame":{"millis":18258,"tic":639},"actor":{"position":{"x":56337088,"y":20208960,"z":0,"angle":1073741824,"subsector":4566994312},"type":"shotgun_soldier","health":30,"id":4567137680}}
{"counter":1812,"type":"move","frame":{"millis":18258,"tic":639},"actor":{"position":{"x":-34671872,"y":61410560,"z":0,"angle":2147483648,"subsector":4566996712},"type":"soldier","health":20,"id":4567138208}}
{"counter":1813,"type":"move","frame":{"millis":18258,"tic":639},"actor":{"position":{"x":-36244736,"y":64032000,"z":0,"angle":2147483648,"subsector":4566996712},"type":"shotgun_soldier","health":30,"id":4567155632}}
{"counter":1814,"type":"move","frame":{"millis":18258,"tic":639},"actor":{"position":{"x":-28883584,"y":39369344,"z":0,"angle":1073741824,"subsector":4566993352},"type":"shotgun_soldier","health":30,"id":4567156160}}
{"counter":1815,"type":"move","frame":{"millis":18258,"tic":639},"actor":{"position":{"x":-14976640,"y":30112128,"z":0,"angle":0,"subsector":4566993432},"type":"shotgun_soldier","health":30,"id":4567156424}}
{"counter":1816,"type":"move","frame":{"millis":18258,"tic":639},"actor":{"position":{"x":7636608,"y":12328576,"z":0,"angle":1073741824,"subsector":4566993032},"type":"imp","health":60,"id":4567172000}}
{"counter":1817,"type":"move","frame":{"millis":18258,"tic":639},"actor":{"position":{"x":8977048,"y":37759002,"z":4740779,"angle":1077747043,"subsector":4566993496},"type":"imp_fireball","health":1000,"id":4567517992}}
{"counter":1818,"type":"move","frame":{"millis":18258,"tic":639},"actor":{"position":{"x":8218902,"y":27294982,"z":3904347,"angle":1138631764,"subsector":4566993496},"type":"imp_fireball","health":1000,"id":4567518520}}
{"counter":1819,"type":"move","frame":{"millis":18287,"tic":640},"actor":{"position":{"x":11881812,"y":48234073,"z":3670016,"angle":3858759680,"subsector":4566993688},"type":"player","health":99,"armor":83,"id":4567120880}}
{"counter":1820,"type":"move","frame":{"millis":18287,"tic":640},"actor":{"position":{"x":11881812,"y":48234073,"z":3670016,"angle":3858759680,"subsector":4566993688},"type":"player","health":99,"armor":83,"id":4567120880}}
{"counter":1821,"type":"move","frame":{"millis":18287,"tic":640},"actor":{"position":{"x":12703948,"y":48234073,"z":3670016,"angle":3858759680,"subsector":4566993688},"type":"player","health":99,"armor":83,"id":4567120880}}
{"counter":1822,"type":"move","frame":{"millis":18287,"tic":640},"actor":{"position":{"x":10248076,"y":39910351,"z":3670016,"angle":3221225472,"subsector":4566993496},"type":"soldier","health":-1,"id":4567131872}}
{"counter":1823,"type":"move","frame":{"millis":18287,"tic":640},"actor":{"position":{"x":-28676992,"y":33278976,"z":0,"angle":1610612736,"subsector":4566993400},"type":"soldier","health":20,"id":4567139528}}
{"counter":1824,"type":"move","frame":{"millis":18287,"tic":640},"actor":{"position":{"x":-8902336,"y":29894976,"z":0,"angle":0,"subsector":4566993432},"type":"shotgun_soldier","health":30,"id":4567139792}}
{"counter":1825,"type":"move","frame":{"millis":18287,"tic":640},"actor":{"position":{"x":-2042864,"y":-17255024,"z":-1048576,"angle":0,"subsector":4566992792},"type":"spectre","health":150,"id":4567162232}}
{"counter":1826,"type":"move","frame":{"millis":18287,"tic":640},"actor":{"position":{"x":5645504,"y":6942912,"z":0,"angle":2147483648,"subsector":4566993192},"type":"imp","health":60,"id":4567172264}}
{"counter":1827,"type":"move","frame":{"millis":18287,"tic":640},"actor":{"position":{"x":-8436352,"y":5491712,"z":0,"angle":536870912,"subsector":4566993176},"type":"shotgun_soldier","health":30,"id":4567172528}}
{"counter":1828,"type":"move","frame":{"millis":18287,"tic":640},"actor":{"position":{"x":8973288,"y":38414342,"z":4802982,"angle":1077747043,"subsector":4566993496},"type":"imp_fireball","health":1000,"id":4567517992}}
{"counter":1829,"type":"move","frame":{"millis":18287,"tic":640},"actor":{"position":{"x":8156922,"y":27947402,"z":3959953,"angle":1138631764,"subsector":4566993496},"type":"imp_fireball","health":1000,"id":4567518520}}
{"counter":1830,"type":"move","frame":{"millis":18316,"tic":641},"actor":{"position":{"x":12703948,"y":48234073,"z":3670016,"angle":3858759680,"subsector":4566993688},"type":"player","health":99,"armor":83,"id":4567120880}}
{"counter":1831,"type":"move","frame":{"millis":18316,"tic":641},"actor":{"position":{"x":12703948,"y":48234073,"z":3670016,"angle":3858759680,"subsector":4566993688},"type":"player","health":99,"armor":83,"id":4567120880}}
{"counter":1832,"type":"move","frame":{"millis":18316,"tic":641},"actor":{"position":{"x":13570896,"y":48234073,"z":3670016,"angle":3858759680,"subsector":4566993688},"type":"player","health":99,"armor":83,"id":4567120880}}
{"counter":1833,"type":"move","frame":{"millis":18316,"tic":641},"actor":{"position":{"x":10243216,"y":39912901,"z":3670016,"angle":3221225472,"subsector":4566993496},"type":"soldier","health":-1,"id":4567131872}}
{"counter":1834,"type":"move","frame":{"millis":18316,"tic":641},"actor":{"position":{"x":18035136,"y":10594336,"z":0,"angle":1610612736,"subsector":4566993048},"type":"spectre","health":150,"id":4567137416}}
{"counter":1835,"type":"move","frame":{"millis":18316,"tic":641},"actor":{"position":{"x":-10258048,"y":78939776,"z":0,"angle":1073741824,"subsector":4566996760},"type":"shotgun_soldier","health":30,"id":4567155368}}
{"counter":1836,"type":"move","frame":{"millis":18316,"tic":641},"actor":{"position":{"x":8969528,"y":39069682,"z":4865185,"angle":1077747043,"subsector":4566993496},"type":"imp_fireball","health":1000,"id":4567517992}}
{"counter":1837,"type":"move","frame":{"millis":18316,"tic":641},"actor":{"position":{"x":8094942,"y":28599822,"z":4015559,"angle":1138631764,"subsector":4566993496},"type":"imp_fireball","health":1000,"id":4567518520}}
{"counter":1838,"type":"move","frame":{"millis":18344,"tic":642},"actor":{"position":{"x":13570896,"y":48234073,"z":3670016,"angle":3858759680,"subsector":4566993688},"type":"player","health":99,"armor":83,"id":4567120880}}
{"counter":1839,"type":"move","frame":{"millis":18344,"tic":642},"actor":{"position":{"x":13570896,"y":48234073,"z":3670016,"angle":3858759680,"subsector":4566993688},"type":"player","health":99,"armor":83,"id":4567120880}}
{"counter":1840,"type":"move","frame":{"millis":18344,"tic":642},"actor":{"position":{"x":14480294,"y":48229048,"z":3670016,"angle":3858759680,"subsector":4566993688},"type":"player","health":99,"armor":83,"id":4567120880}}
{"counter":1841,"type":"move","frame":{"millis":18344,"tic":642},"actor":{"position":{"x":10238811,"y":39915211,"z":3670016,"angle":3221225472,"subsector":4566993496},"type":"soldier","health":-1,"id":4567131872}}
{"counter":1842,"type":"move","frame":{"millis":18344,"tic":642},"actor":{"position":{"x":14521216,"y":39824768,"z":3670016,"angle":1610612736,"subsector":4566993496},"type":"imp","health":60,"id":4567132664}}
{"counter":1843,"type":"move","frame":{"millis":18344,"tic":642},"actor":{"position":{"x":56713088,"y":19832960,"z":0,"angle":536870912,"subsector":4566994312},"type":"shotgun_soldier","health":30,"id":4567137680}}
{"counter":1844,"type":"move","frame":{"millis":18344,"tic":642},"actor":{"position":{"x":-28666432,"y":47016512,"z":0,"angle":1073741824,"subsector":4566993352},"type":"soldier","health":20,"id":4567137944}}
{"counter":1845,"type":"move","frame":{"millis":18344,"tic":642},"actor":{"position":{"x":-18270656,"y":79088064,"z":0,"angle":2147483648,"subsector":4566996760},"type":"soldier","health":20,"id":4567138736}}
{"counter":1846,"type":"move","frame":{"millis":18344,"tic":642},"actor":{"position":{"x":-35868736,"y":64408000,"z":0,"angle":2147483648,"subsector":4566996712},"type":"shotgun_soldier","health":30,"id":4567155632}}
{"counter":1847,"type":"move","frame":{"millis":18344,"tic":642},"actor":{"position":{"x":-28883584,"y":39893632,"z":0,"angle":1073741824,"subsector":4566993352},"type":"shotgun_soldier","health":30,"id":4567156160}}
{"counter":1848,"type":"move","frame":{"millis":18344,"tic":642},"actor":{"position":{"x":-14452352,"y":30112128,"z":0,"angle":0,"subsector":4566993432},"type":"shotgun_soldier","health":30,"id":4567156424}}
{"counter":1849,"type":"move","frame":{"millis":18344,"tic":642},"actor":{"position":{"x":-1572864,"y":-16785024,"z":-1048576,"angle":536870912,"subsector":4566992792},"type":"spectre","health":150,"id":4567162232}}
{"counter":1850,"type":"move","frame":{"millis":18344,"tic":642},"actor":{"position":{"x":7636608,"y":12852864,"z":0,"angle":1073741824,"subsector":4566993032},"type":"imp","health":60,"id":4567172000}}
{"counter":1851,"type":"move","frame":{"millis":18344,"tic":642},"actor":{"position":{"x":8965768,"y":39725022,"z":4927388,"angle":1077747043,"subsector":4566993496},"type":"imp_fireball","health":1000,"id":4567517992}}
{"counter":1852,"type":"move","frame":{"millis":18344,"tic":642},"actor":{"position":{"x":8032962,"y":29252242,"z":4071165,"angle":1138631764,"subsector":4566993496},"type":"imp_fireball","health":1000,"id":4567518520}}
{"counter":1853,"type":"move","frame":{"millis":18372,"tic":643},"actor":{"position":{"x":14480294,"y":48229048,"z":3670016,"angle":3858759680,"subsector":4566993688},"type":"player","health":99,"armor":83,"id":4567120880}}
{"counter":1854,"type":"move","frame":{"millis":18372,"tic":643},"actor":{"position":{"x":14480294,"y":48229048,"z":3670016,"angle":3858759680,"subsector":4566993688},"type":"player","health":99,"armor":83,"id":4567120880}}
{"counter":1855,"type":"move","frame":{"millis":18372,"tic":643},"actor":{"position":{"x":15403775,"y":48186561,"z":3670016,"angle":3858759680,"subsector":4566993688},"type":"player","health":99,"armor":83,"id":4567120880}}
{"counter":1856,"type":"move","frame":{"millis":18372,"tic":643},"actor":{"position":{"x":10234818,"y":39917304,"z":3670016,"angle":3221225472,"subsector":4566993496},"type":"soldier","health":-1,"id":4567131872}}
{"counter":1857,"type":"move","frame":{"millis":18372,"tic":643},"actor":{"position":{"x":17379776,"y":10594336,"z":0,"angle":2147483648,"subsector":4566993048},"type":"spectre","health":150,"id":4567137416}}
{"counter":1858,"type":"move","frame":{"millis":18372,"tic":643},"actor":{"position":{"x":-34295872,"y":61034560,"z":0,"angle":2147483648,"subsector":4566996712},"type":"soldier","health":20,"id":4567138208}}
{"counter":1859,"type":"move","frame":{"millis":18372,"tic":643},"actor":{"position":{"x":-8378048,"y":29894976,"z":0,"angle":0,"subsector":4566993432},"type":"shotgun_soldier","health":30,"id":4567139792}}
{"counter":1860,"type":"move","frame":{"millis":18372,"tic":643},"actor":{"position":{"x":5121216,"y":6942912,"z":0,"angle":2147483648,"subsector":4566993192},"type":"imp","health":60,"id":4567172264}}
{"counter":1861,"type":"move","frame":{"millis":18372,"tic":643},"actor":{"position":{"x":-8060352,"y":5867712,"z":0,"angle":536870912,"subsector":4566993176},"type":"shotgun_soldier","health":30,"id":4567172528}}
{"counter":1862,"type":"move","frame":{"millis":18372,"tic":643},"actor":{"position":{"x":8962008,"y":40380362,"z":4989591,"angle":1077747043,"subsector":4566993496},"type":"imp_fireball","health":1000,"id":4567517992}}
{"counter":1863,"type":"move","frame":{"millis":18372,"tic":643},"actor":{"position":{"x":7970982,"y":29904662,"z":4126771,"angle":1138631764,"subsector":4566993496},"type":"imp_fireball","health":1000,"id":4567518520}}
{"counter":1864,"type":"move","frame":{"millis":18400,"tic":644},"actor":{"position":{"x":15403775,"y":48186561,"z":3670016,"angle":3858759680,"subsector":4566993688},"type":"player","health":99,"armor":83,"id":4567120880}}
{"counter":1865,"type":"move","frame":{"millis":18400,"tic":644},"actor":{"position":{"x":16322949,"y":48087089,"z":3670016,"angle":3858759680,"subsector":4566993688},"type":"player","health":99,"armor":83,"id":4567120880}}
{"counter":1866,"type":"move","frame":{"millis":18400,"tic":644},"actor":{"position":{"x":-29052992,"y":33654976,"z":0,"angle":1610612736,"subsector":4566993400},"type":"soldier","health":20,"id":4567139528}}
{"counter":1867,"type":"move","frame":{"millis":18400,"tic":644},"actor":{"position":{"x":-10782336,"y":78939776,"z":0,"angle":1610612736,"subsector":4566996760},"type":"shotgun_soldier","health":30,"id":4567155368}}
{"counter":1868,"type":"move","frame":{"millis":18400,"tic":644},"actor":{"position":{"x":-1102864,"y":-16315024,"z":-1048576,"angle":536870912,"subsector":4566992792},"type":"spectre","health":150,"id":4567162232}}
{"counter":1869,"type":"move","frame":{"millis":18400,"tic":644},"actor":{"position":{"x":8958248,"y":41035702,"z":5051794,"angle":1077747043,"subsector":4566993496},"type":"imp_fireball","health":1000,"id":4567517992}}
{"counter":1870,"type":"move","frame":{"millis":18400,"tic":644},"actor":{"position":{"x":7909002,"y":30557082,"z":4182377,"angle":1138631764,"subsector":4566993496},"type":"imp_fireball","health":1000,"id":4567518520}}
{"counter":1871,"type":"move","frame":{"millis":18430,"tic":645},"actor":{"position":{"x":16322949,"y":48087089,"z":3670016,"angle":3825205248,"subsector":4566993688},"type":"player","health":99,"armor":83,"id":4567120880}}
{"counter":1872,"type":"move","frame":{"millis":18430,"tic":645},"actor":{"position":{"x":17228795,"y":47937205,"z":3670016,"angle":3825205248,"subsector":4566993688},"type":"player","health":99,"armor":83,"id":4567120880}}
{"counter":1873,"type":"move","frame":{"millis":18430,"tic":645},"actor":{"position":{"x":14521216,"y":40349056,"z":3670016,"angle":1073741824,"subsector":4566993496},"type":"imp","health":60,"id":4567132664}}
{"counter":1874,"type":"move","frame":{"millis":18430,"tic":645},"actor":{"position":{"x":16724416,"y":10594336,"z":0,"angle":2147483648,"subsector":4566993048},"type":"spectre","health":150,"id":4567137416}}
{"counter":1875,"type":"move","frame":{"millis":18430,"tic":645},"actor":{"position":{"x":57089088,"y":19456960,"z":0,"angle":0,"subsector":4566994312},"type":"shotgun_soldier","health":30,"id":4567137680}}
{"counter":1876,"type":"move","frame":{"millis":18430,"tic":645},"actor":{"position":{"x":-35492736,"y":64784000,"z":0,"angle":1610612736,"subsector":4566996712},"type":"shotgun_soldier","health":30,"id":4567155632}}
{"counter":1877,"type":"move","frame":{"millis":18430,"tic":645},"actor":{"position":{"x":-28883584,"y":40417920,"z":0,"angle":1073741824,"subsector":4566993352},"type":"shotgun_soldier","health":30,"id":4567156160}}
{"counter":1878,"type":"move","frame":{"millis":18430,"tic":645},"actor":{"position":{"x":-13928064,"y":30112128,"z":0,"angle":0,"subsector":4566993432},"type":"shotgun_soldier","health":30,"id":4567156424}}
{"counter":1879,"type":"move","frame":{"millis":18430,"tic":645},"actor":{"position":{"x":7636608,"y":13377152,"z":0,"angle":1073741824,"subsector":4566993032},"type":"imp","health":60,"id":4567172000}}
{"counter":1880,"type":"move","frame":{"millis":18430,"tic":645},"actor":{"position":{"x":8954488,"y":41691042,"z":5113997,"angle":1077747043,"subsector":4566993496},"type":"imp_fireball","health":1000,"id":4567517992}}
{"counter":1881,"type":"move","frame":{"millis":18430,"tic":645},"actor":{"position":{"x":7847022,"y":31209502,"z":4237983,"angle":1138631764,"subsector":4566993496},"type":"imp_fireball","health":1000,"id":4567518520}}
{"counter":1882,"type":"move","frame":{"millis":18458,"tic":646},"actor":{"position":{"x":17228795,"y":47937205,"z":3670016,"angle":3774873600,"subsector":4566993688},"type":"player","health":99,"armor":83,"id":4567120880}}
{"counter":1883,"type":"move","frame":{"millis":18458,"tic":646},"actor":{"position":{"x":18094230,"y":47759024,"z":3670016,"angle":3774873600,"subsector":4566993688},"type":"player","health":99,"armor":83,"id":4567120880}}
{"counter":1884,"type":"move","frame":{"millis":18458,"tic":646},"actor":{"position":{"x":-28666432,"y":47540800,"z":0,"angle":1073741824,"subsector":4566993352},"type":"soldier","health":20,"id":4567137944}}
{"counter":1885,"type":"move","frame":{"millis":18458,"tic":646},"actor":{"position":{"x":-18794944,"y":79088064,"z":0,"angle":2147483648,"subsector":4566996760},"type":"soldier","health":20,"id":4567138736}}
{"counter":1886,"type":"move","frame":{"millis":18458,"tic":646},"actor":{"position":{"x":-7853760,"y":29894976,"z":0,"angle":0,"subsector":4566993432},"type":"shotgun_soldier","health":30,"id":4567139792}}
{"counter":1887,"type":"move","frame":{"millis":18458,"tic":646},"actor":{"position":{"x":-632864,"y":-15845024,"z":-1048576,"angle":536870912,"subsector":4566992792},"type":"spectre","health":150,"id":4567162232}}
{"counter":1888,"type":"move","frame":{"millis":18458,"tic":646},"actor":{"position":{"x":4596928,"y":6942912,"z":0,"angle":2147483648,"subsector":4566993192},"type":"imp","health":60,"id":4567172264}}
{"counter":1889,"type":"move","frame":{"millis":18458,"tic":646},"actor":{"position":{"x":-7684352,"y":6243712,"z":0,"angle":536870912,"subsector":4566993176},"type":"shotgun_soldier","health":30,"id":4567172528}}
{"counter":1890,"type":"move","frame":{"millis":18458,"tic":646},"actor":{"position":{"x":8950728,"y":42346382,"z":5176200,"angle":1077747043,"subsector":4566993496},"type":"imp_fireball","health":1000,"id":4567517992}}
{"counter":1891,"type":"move","frame":{"millis":18458,"tic":646},"actor":{"position":{"x":7785042,"y":31861922,"z":4293589,"angle":1138631764,"subsector":4566993496},"type":"imp_fireball","health":1000,"id":4567518520}}
{"counter":1892,"type":"move","frame":{"millis":18486,"tic":647},"actor":{"position":{"x":18094230,"y":47759024,"z":3670016,"angle":3674210304,"subsector":4566993688},"type":"player","health":99,"armor":83,"id":4567120880}}
{"counter":1893,"type":"move","frame":{"millis":18486,"tic":647},"actor":{"position":{"x":18883572,"y":47591090,"z":3670016,"angle":3674210304,"subsector":4566993768},"type":"player","health":99,"armor":83,"id":4567120880}}
{"damage":4,"counter":1894,"type":"hit","frame":{"millis":18486,"tic":647},"actor":{"position":{"x":15924672,"y":45009344,"z":3670016,"angle":490231328,"subsector":4566993688},"type":"soldier","health":20,"id":4567131608},"target":{"position":{"x":18883572,"y":47591090,"z":3670016,"angle":3674210304,"subsector":4566993768},"type":"player","health":95,"armor":81,"id":4567120880}}
{"counter":1895,"type":"move","frame":{"millis":18486,"tic":647},"actor":{"position":{"x":16069056,"y":10594336,"z":0,"angle":2147483648,"subsector":4566993048},"type":"spectre","health":150,"id":4567137416}}
{"counter":1896,"type":"move","frame":{"millis":18486,"tic":647},"actor":{"position":{"x":-33919872,"y":60658560,"z":0,"angle":2684354560,"subsector":4566996712},"type":"soldier","health":20,"id":4567138208}}
{"counter":1897,"type":"move","frame":{"millis":18486,"tic":647},"actor":{"position":{"x":-11306624,"y":78939776,"z":0,"angle":2147483648,"subsector":4566996760},"type":"shotgun_soldier","health":30,"id":4567155368}}
{"counter":1898,"type":"move","frame":{"millis":18486,"tic":647},"actor":{"position":{"x":8946968,"y":43001722,"z":5238403,"angle":1077747043,"subsector":4566993496},"type":"imp_fireball","health":1000,"id":4567517992}}
{"counter":1899,"type":"move","frame":{"millis":18486,"tic":647},"actor":{"position":{"x":7723062,"y":32514342,"z":4349195,"angle":1138631764,"subsector":4566993496},"type":"imp_fireball","health":1000,"id":4567518520}}
{"counter":1900,"type":"move","frame":{"millis":18515,"tic":648},"actor":{"position":{"x":18883572,"y":47591090,"z":3670016,"angle":3439329280,"subsector":4566993768},"type":"player","health":95,"armor":81,"id":4567120880}}
{"counter":1901,"type":"move","frame":{"millis":18515,"tic":648},"actor":{"position":{"x":19626940,"y":47498438,"z":3670016,"angle":3439329280,"subsector":4566993768},"type":"player","health":95,"armor":81,"id":4567120880}}
{"counter":1902,"type":"move","frame":{"millis":18515,"tic":648},"actor":{"position":{"x":14521216,"y":40873344,"z":3670016,"angle":1073741824,"subsector":4566993496},"type":"imp","health":60,"id":4567132664}}
{"counter":1903,"type":"move","frame":{"millis":18515,"tic":648},"actor":{"position":{"x":57465088,"y":19080960,"z":0,"angle":3758096384,"subsector":4566994312},"type":"shotgun_soldier","health":30,"id":4567137680}}
{"counter":1904,"type":"move","frame":{"millis":18515,"tic":648},"actor":{"position":{"x":-29428992,"y":34030976,"z":0,"angle":1610612736,"subsector":4566993400},"type":"soldier","health":20,"id":4567139528}}
{"counter":1905,"type":"move","frame":{"millis":18516,"tic":648},"actor":{"position":{"x":-35116736,"y":65160000,"z":0,"angle":1073741824,"subsector":4566996712},"type":"shotgun_soldier","health":30,"id":4567155632}}
{"counter":1906,"type":"move","frame":{"millis":18516,"tic":648},"actor":{"position":{"x":-28883584,"y":40942208,"z":0,"angle":1073741824,"subsector":4566993352},"type":"shotgun_soldier","health":30,"id":4567156160}}
{"counter":1907,"type":"move","frame":{"millis":18516,"tic":648},"actor":{"position":{"x":-13403776,"y":30112128,"z":0,"angle":0,"subsector":4566993432},"type":"shotgun_soldier","health":30,"id":4567156424}}
{"counter":1908,"type":"move","frame":{"millis":18516,"tic":648},"actor":{"position":{"x":-632864,"y":-15189664,"z":0,"angle":536870912,"subsector":4566992792},"type":"spectre","health":150,"id":4567162232}}
{"counter":1909,"type":"move","frame":{"millis":18516,"tic":648},"actor":{"position":{"x":7636608,"y":13901440,"z":0,"angle":1073741824,"subsector":4566993032},"type":"imp","health":60,"id":4567172000}}
{"counter":1910,"type":"move","frame":{"millis":18516,"tic":648},"actor":{"position":{"x":8943208,"y":43657062,"z":5300606,"angle":1077747043,"subsector":4566993496},"type":"imp_fireball","health":1000,"id":4567517992}}
{"counter":1911,"type":"move","frame":{"millis":18516,"tic":648},"actor":{"position":{"x":7661082,"y":33166762,"z":4404801,"angle":1138631764,"subsector":4566993496},"type":"imp_fireball","health":1000,"id":4567518520}}
{"counter":1912,"type":"move","frame":{"millis":18543,"tic":649},"actor":{"position":{"x":19626940,"y":47498438,"z":3670016,"angle":3305111552,"subsector":4566993768},"type":"player","health":95,"armor":81,"id":4567120880}}
{"counter":1913,"type":"move","frame":{"millis":18543,"tic":649},"actor":{"position":{"x":20296844,"y":47444959,"z":3670016,"angle":3305111552,"subsector":4566993768},"type":"player","health":95,"armor":81,"id":4567120880}}
{"counter":1914,"type":"move","frame":{"millis":18543,"tic":649},"actor":{"position":{"x":15413696,"y":10594336,"z":0,"angle":2147483648,"subsector":4566993048},"type":"spectre","health":150,"id":4567137416}}
{"counter":1915,"type":"move","frame":{"millis":18543,"tic":649},"actor":{"position":{"x":-7329472,"y":29894976,"z":0,"angle":0,"subsector":4566993432},"type":"shotgun_soldier","health":30,"id":4567139792}}
{"counter":1916,"type":"move","frame":{"millis":18543,"tic":649},"actor":{"position":{"x":4072640,"y":6942912,"z":0,"angle":2147483648,"subsector":4566993176},"type":"imp","health":60,"id":4567172264}}
{"counter":1917,"type":"move","frame":{"millis":18543,"tic":649},"actor":{"position":{"x":-7308352,"y":6619712,"z":0,"angle":536870912,"subsector":4566993176},"type":"shotgun_soldier","health":30,"id":4567172528}}
{"counter":1918,"type":"move","frame":{"millis":18543,"tic":649},"actor":{"position":{"x":8939448,"y":44312402,"z":5362809,"angle":1077747043,"subsector":4566993688},"type":"imp_fireball","health":1000,"id":4567517992}}
{"counter":1919,"type":"move","frame":{"millis":18543,"tic":649},"actor":{"position":{"x":7599102,"y":33819182,"z":4460407,"angle":1138631764,"subsector":4566993496},"type":"imp_fireball","health":1000,"id":4567518520}}
{"counter":1920,"type":"move","frame":{"millis":18573,"tic":650},"actor":{"position":{"x":20296844,"y":47444959,"z":3670016,"angle":3170893824,"subsector":4566993768},"type":"player","health":95,"armor":81,"id":4567120880}}
{"counter":1921,"type":"move","frame":{"millis":18573,"tic":650},"actor":{"position":{"x":20906342,"y":47429173,"z":3670016,"angle":3170893824,"subsector":4566993768},"type":"player","health":95,"armor":81,"id":4567120880}}
{"counter":1922,"type":"move","frame":{"millis":18573,"tic":650},"actor":{"position":{"x":-28666432,"y":48065088,"z":0,"angle":1073741824,"subsector":4566993352},"type":"soldier","health":20,"id":4567137944}}
{"counter":1923,"type":"move","frame":{"millis":18573,"tic":650},"actor":{"position":{"x":-19319232,"y":79088064,"z":0,"angle":2147483648,"subsector":4566996760},"type":"soldier","health":20,"id":4567138736}}
{"counter":1924,"type":"move","frame":{"millis":18573,"tic":650},"actor":{"position":{"x":-11830912,"y":78939776,"z":0,"angle":2147483648,"subsector":4566996760},"type":"shotgun_soldier","health":30,"id":4567155368}}
{"counter":1925,"type":"move","frame":{"millis":18573,"tic":650},"actor":{"position":{"x":-632864,"y":-14534304,"z":0,"angle":1073741824,"subsector":4566992792},"type":"spectre","health":150,"id":4567162232}}
{"counter":1926,"type":"move","frame":{"millis":18573,"tic":650},"actor":{"position":{"x":8935688,"y":44967742,"z":5425012,"angle":1077747043,"subsector":4566993688},"type":"imp_fireball","health":1000,"id":4567517992}}
{"counter":1927,"type":"move","frame":{"millis":18573,"tic":650},"actor":{"position":{"x":7537122,"y":34471602,"z":4516013,"angle":1138631764,"subsector":4566993496},"type":"imp_fireball","health":1000,"id":4567518520}}
{"counter":1928,"type":"move","frame":{"millis":18600,"tic":651},"actor":{"position":{"x":20906342,"y":47429173,"z":3670016,"angle":3070230528,"subsector":4566993768},"type":"player","health":95,"armor":81,"id":4567120880}}
{"counter":1929,"type":"move","frame":{"millis":18600,"tic":651},"actor":{"position":{"x":21473480,"y":47480813,"z":3670016,"angle":3070230528,"subsector":4566993768},"type":"player","health":95,"armor":81,"id":4567120880}}
{"counter":1930,"type":"move","frame":{"millis":18600,"tic":651},"actor":{"position":{"x":14521216,"y":41397632,"z":3670016,"angle":1073741824,"subsector":4566993496},"type":"imp","health":60,"id":4567132664}}
{"counter":1931,"type":"move","frame":{"millis":18600,"tic":651},"actor":{"position":{"x":14758336,"y":10594336,"z":0,"angle":2147483648,"subsector":4566993048},"type":"spectre","health":150,"id":4567137416}}
{"counter":1932,"type":"move","frame":{"millis":18600,"tic":651},"actor":{"position":{"x":57841088,"y":18704960,"z":0,"angle":3758096384,"subsector":4566994312},"type":"shotgun_soldier","health":30,"id":4567137680}}
{"counter":1933,"type":"move","frame":{"millis":18600,"tic":651},"actor":{"position":{"x":-33543872,"y":60282560,"z":0,"angle":3221225472,"subsector":4566996712},"type":"soldier","health":20,"id":4567138208}}
{"counter":1934,"type":"move","frame":{"millis":18601,"tic":651},"actor":{"position":{"x":-34740736,"y":65536000,"z":0,"angle":536870912,"subsector":4566996712},"type":"shotgun_soldier","health":30,"id":4567155632}}
{"counter":1935,"type":"move","frame":{"millis":18601,"tic":651},"actor":{"position":{"x":-28883584,"y":41466496,"z":0,"angle":1073741824,"subsector":4566993352},"type":"shotgun_soldier","health":30,"id":4567156160}}
{"counter":1936,"type":"move","frame":{"millis":18601,"tic":651},"actor":{"position":{"x":-12879488,"y":30112128,"z":0,"angle":0,"subsector":4566993432},"type":"shotgun_soldier","health":30,"id":4567156424}}
{"counter":1937,"type":"attacked","frame":{"millis":18601,"tic":651},"actor":{"position":{"x":7636608,"y":13901440,"z":0,"angle":1073741824,"subsector":4566993032},"type":"imp","health":60,"id":4567172000},"target":{"position":{"x":21473480,"y":47480813,"z":3670016,"angle":3070230528,"subsector":4566993768},"type":"player","health":95,"armor":81,"id":4567120880}}
{"counter":1938,"type":"move","frame":{"millis":18601,"tic":651},"actor":{"position":{"x":8931928,"y":45623082,"z":5487215,"angle":1077747043,"subsector":4566993688},"type":"imp_fireball","health":1000,"id":4567517992}}
{"counter":1939,"type":"move","frame":{"millis":18601,"tic":651},"actor":{"position":{"x":7475142,"y":35124022,"z":4571619,"angle":1138631764,"subsector":4566993496},"type":"imp_fireball","health":1000,"id":4567518520}}
{"counter":1940,"type":"move","frame":{"millis":18629,"tic":652},"actor":{"position":{"x":21473480,"y":47480813,"z":3670016,"angle":3019898880,"subsector":4566993768},"type":"player","health":95,"armor":81,"id":4567120880}}
{"counter":1941,"type":"move","frame":{"millis":18629,"tic":652},"actor":{"position":{"x":21989823,"y":47535451,"z":3670016,"angle":3019898880,"subsector":4566993768},"type":"player","health":95,"armor":81,"id":4567120880}}
{"counter":1942,"type":"move","frame":{"millis":18629,"tic":652},"actor":{"position":{"x":-29804992,"y":34406976,"z":0,"angle":1610612736,"subsector":4566993416},"type":"soldier","health":20,"id":4567139528}}
{"counter":1943,"type":"move","frame":{"millis":18629,"tic":652},"actor":{"position":{"x":-6805184,"y":29894976,"z":0,"angle":0,"subsector":4566993432},"type":"shotgun_soldier","health":30,"id":4567139792}}
{"counter":1944,"type":"move","frame":{"millis":18629,"tic":652},"actor":{"position":{"x":-1102864,"y":-15004304,"z":0,"angle":1073741824,"subsector":4566992792},"type":"spectre","health":150,"id":4567162232}}
{"counter":1945,"type":"move","frame":{"millis":18629,"tic":652},"actor":{"position":{"x":3548352,"y":6942912,"z":0,"angle":2147483648,"subsector":4566993176},"type":"imp","health":60,"id":4567172264}}
{"counter":1946,"type":"move","frame":{"millis":18629,"tic":652},"actor":{"position":{"x":-6932352,"y":6995712,"z":0,"angle":536870912,"subsector":4566993176},"type":"shotgun_soldier","health":30,"id":4567172528}}
{"counter":1947,"type":"move","frame":{"millis":18629,"tic":652},"actor":{"position":{"x":8928168,"y":46278422,"z":5549418,"angle":1077747043,"subsector":4566993688},"type":"imp_fireball","health":1000,"id":4567517992}}
{"counter":1948,"type":"move","frame":{"millis":18629,"tic":652},"actor":{"position":{"x":7413162,"y":35776442,"z":4627225,"angle":1138631764,"subsector":4566993496},"type":"imp_fireball","health":1000,"id":4567518520}}
{"counter":1949,"type":"move","frame":{"millis":18658,"tic":653},"actor":{"position":{"x":21989823,"y":47535451,"z":3670016,"angle":3019898880,"subsector":4566993768},"type":"player","health":95,"armor":81,"id":4567120880}}
{"counter":1950,"type":"move","frame":{"millis":18658,"tic":653},"actor":{"position":{"x":22457164,"y":47583005,"z":3670016,"angle":3019898880,"subsector":4566993768},"type":"player","health":95,"armor":81,"id":4567120880}}
{"counter":1951,"type":"move","frame":{"millis":18658,"tic":653},"actor":{"position":{"x":14102976,"y":10594336,"z":0,"angle":2147483648,"subsector":4566993032},"type":"spectre","health":150,"id":4567137416}}
{"counter":1952,"type":"move","frame":{"millis":18658,"tic":653},"actor":{"position":{"x":-12355200,"y":78939776,"z":0,"angle":2147483648,"subsector":4566996760},"type":"shotgun_soldier","health":30,"id":4567155368}}
{"counter":1953,"type":"move","frame":{"millis":18658,"tic":653},"actor":{"position":{"x":8924408,"y":46933762,"z":5611621,"angle":1077747043,"subsector":4566993688},"type":"imp_fireball","health":1000,"id":4567517992}}
{"counter":1954,"type":"move","frame":{"millis":18658,"tic":653},"actor":{"position":{"x":7351182,"y":36428862,"z":4682831,"angle":1138631764,"subsector":4566993496},"type":"imp_fireball","health":1000,"id":4567518520}}
{"counter":1955,"type":"move","frame":{"millis":18686,"tic":654},"actor":{"position":{"x":22457164,"y":47583005,"z":3670016,"angle":3053453312,"subsector":4566993768},"type":"player","health":95,"armor":81,"id":4567120880}}
{"counter":1956,"type":"move","frame":{"millis":18686,"tic":654},"actor":{"position":{"x":22777331,"y":47465854,"z":3670016,"angle":3053453312,"subsector":4566993768},"type":"player","health":95,"armor":81,"id":4567120880}}
{"counter":1957,"type":"move","frame":{"millis":18686,"tic":654},"actor":{"position":{"x":14521216,"y":41921920,"z":3670016,"angle":1073741824,"subsector":4566993496},"type":"imp","health":60,"id":4567132664}}
{"counter":1958,"type":"move","frame":{"millis":18686,"tic":654},"actor":{"position":{"x":58217088,"y":18328960,"z":0,"angle":3758096384,"subsector":4566994312},"type":"shotgun_soldier","health":30,"id":4567137680}}
{"counter":1959,"type":"move","frame":{"millis":18686,"tic":654},"actor":{"position":{"x":-29042432,"y":47689088,"z":0,"angle":1073741824,"subsector":4566993352},"type":"soldier","health":20,"id":4567137944}}
{"counter":1960,"type":"move","frame":{"millis":18686,"tic":654},"actor":{"position":{"x":-19843520,"y":79088064,"z":0,"angle":2147483648,"subsector":4566996760},"type":"soldier","health":20,"id":4567138736}}
{"counter":1961,"type":"move","frame":{"millis":18686,"tic":654},"actor":{"position":{"x":-34364736,"y":65160000,"z":0,"angle":536870912,"subsector":4566996712},"type":"shotgun_soldier","health":30,"id":4567155632}}
{"counter":1962,"type":"move","frame":{"millis":18686,"tic":654},"actor":{"position":{"x":-28883584,"y":41990784,"z":0,"angle":1073741824,"subsector":4566993352},"type":"shotgun_soldier","health":30,"id":4567156160}}
{"counter":1963,"type":"move","frame":{"millis":18686,"tic":654},"actor":{"position":{"x":-12355200,"y":30112128,"z":0,"angle":0,"subsector":4566993432},"type":"shotgun_soldier","health":30,"id":4567156424}}
{"counter":1964,"type":"move","frame":{"millis":18686,"tic":654},"actor":{"position":{"x":-1572864,"y":-15474304,"z":0,"angle":1610612736,"subsector":4566992792},"type":"spectre","health":150,"id":4567162232}}
{"counter":1965,"type":"move","frame":{"millis":18686,"tic":654},"actor":{"position":{"x":8920648,"y":47589102,"z":5673824,"angle":1077747043,"subsector":4566993688},"type":"imp_fireball","health":1000,"id":4567517992}}
{"counter":1966,"type":"move","frame":{"millis":18686,"tic":654},"actor":{"position":{"x":7289202,"y":37081282,"z":4738437,"angle":1138631764,"subsector":4566993496},"type":"imp_fireball","health":1000,"id":4567518520}}
{"counter":1967,"type":"move","frame":{"millis":18715,"tic":655},"actor":{"position":{"x":22777331,"y":47465854,"z":3670016,"angle":3070230528,"subsector":4566993768},"type":"player","health":95,"armor":81,"id":4567120880}}
{"counter":1968,"type":"move","frame":{"millis":18715,"tic":655},"actor":{"position":{"x":22846952,"y":47308227,"z":3670016,"angle":3070230528,"subsector":4566993768},"type":"player","health":95,"armor":81,"id":4567120880}}
{"counter":1969,"type":"move","frame":{"millis":18715,"tic":655},"actor":{"position":{"x":13447616,"y":10594336,"z":0,"angle":2147483648,"subsector":4566993032},"type":"spectre","health":150,"id":4567137416}}
{"counter":1970,"type":"move","frame":{"millis":18715,"tic":655},"actor":{"position":{"x":-33167872,"y":59906560,"z":0,"angle":3758096384,"subsector":4566996712},"type":"soldier","health":20,"id":4567138208}}
{"counter":1971,"type":"move","frame":{"millis":18715,"tic":655},"actor":{"position":{"x":-6280896,"y":29894976,"z":0,"angle":0,"subsector":4566993432},"type":"shotgun_soldier","health":30,"id":4567139792}}
{"counter":1972,"type":"move","frame":{"millis":18715,"tic":655},"actor":{"position":{"x":3024064,"y":6942912,"z":0,"angle":2147483648,"subsector":4566993176},"type":"imp","health":60,"id":4567172264}}
{"counter":1973,"type":"move","frame":{"millis":18715,"tic":655},"actor":{"position":{"x":-6556352,"y":7371712,"z":0,"angle":536870912,"subsector":4566993176},"type":"shotgun_soldier","health":30,"id":4567172528}}
{"counter":1974,"type":"move","frame":{"millis":18715,"tic":655},"actor":{"position":{"x":8916888,"y":48244442,"z":5736027,"angle":1077747043,"subsector":4566993688},"type":"imp_fireball","health":1000,"id":4567517992}}
{"counter":1975,"type":"move","frame":{"millis":18715,"tic":655},"actor":{"position":{"x":7227222,"y":37733702,"z":4794043,"angle":1138631764,"subsector":4566993496},"type":"imp_fireball","health":1000,"id":4567518520}}
{"counter":1976,"type":"move","frame":{"millis":18743,"tic":656},"actor":{"position":{"x":22846952,"y":47308227,"z":3670016,"angle":3087007744,"subsector":4566993768},"type":"player","health":95,"armor":81,"id":4567120880}}
{"counter":1977,"type":"move","frame":{"millis":18743,"tic":656},"actor":{"position":{"x":22894893,"y":47089043,"z":3670016,"angle":3087007744,"subsector":4566993768},"type":"player","health":95,"armor":81,"id":4567120880}}
{"counter":1978,"type":"move","frame":{"millis":18743,"tic":656},"actor":{"position":{"x":-30180992,"y":34782976,"z":0,"angle":1610612736,"subsector":4566993416},"type":"soldier","health":20,"id":4567139528}}
{"counter":1979,"type":"move","frame":{"millis":18743,"tic":656},"actor":{"position":{"x":-12879488,"y":78939776,"z":0,"angle":2147483648,"subsector":4566996760},"type":"shotgun_soldier","health":30,"id":4567155368}}
{"counter":1980,"type":"move","frame":{"millis":18743,"tic":656},"actor":{"position":{"x":-2042864,"y":-15944304,"z":0,"angle":2147483648,"subsector":4566992792},"type":"spectre","health":150,"id":4567162232}}
{"counter":1981,"type":"move","frame":{"millis":18743,"tic":656},"actor":{"position":{"x":8916888,"y":48244442,"z":5798230,"angle":1077747043,"subsector":4566993688},"type":"imp_fireball","health":1000,"id":4567517992}}
{"counter":1982,"type":"move","frame":{"millis":18743,"tic":656},"actor":{"position":{"x":7227222,"y":37733702,"z":4849649,"angle":1138631764,"subsector":4566993496},"type":"imp_fireball","health":1000,"id":4567518520}}
{"counter":1983,"type":"move","frame":{"millis":18772,"tic":657},"actor":{"position":{"x":22894893,"y":47089043,"z":3670016,"angle":3087007744,"subsector":4566993768},"type":"player","health":95,"armor":81,"id":4567120880}}
{"counter":1984,"type":"move","frame":{"millis":18772,"tic":657},"actor":{"position":{"x":22923186,"y":46814073,"z":3670016,"angle":3087007744,"subsector":4566993768},"type":"player","health":95,"armor":81,"id":4567120880}}
{"counter":1985,"type":"move","frame":{"millis":18772,"tic":657},"actor":{"position":{"x":14897216,"y":42297920,"z":3670016,"angle":1073741824,"subsector":4566993528},"type":"imp","health":60,"id":4567132664}}
{"counter":1986,"type":"move","frame":{"millis":18772,"tic":657},"actor":{"position":{"x":12792256,"y":10594336,"z":0,"angle":2147483648,"subsector":4566993032},"type":"spectre","health":150,"id":4567137416}}
{"counter":1987,"type":"move","frame":{"millis":18772,"tic":657},"actor":{"position":{"x":58593088,"y":17952960,"z":0,"angle":3758096384,"subsector":4566994312},"type":"shotgun_soldier","health":30,"id":4567137680}}
{"counter":1988,"type":"move","frame":{"millis":18772,"tic":657},"actor":{"position":{"x":-33988736,"y":64784000,"z":0,"angle":0,"subsector":4566996712},"type":"shotgun_soldier","health":30,"id":4567155632}}
{"counter":1989,"type":"move","frame":{"millis":18772,"tic":657},"actor":{"position":{"x":-28883584,"y":42515072,"z":0,"angle":1073741824,"subsector":4566993352},"type":"shotgun_soldier","health":30,"id":4567156160}}
{"counter":1990,"type":"move","frame":{"millis":18772,"tic":657},"actor":{"position":{"x":-11830912,"y":30112128,"z":0,"angle":0,"subsector":4566993432},"type":"shotgun_soldier","health":30,"id":4567156424}}
{"counter":1991,"type":"move","frame":{"millis":18800,"tic":658},"actor":{"position":{"x":22923186,"y":46814073,"z":3670016,"angle":3087007744,"subsector":4566993768},"type":"player","health":95,"armor":81,"id":4567120880}}
{"counter":1992,"type":"move","frame":{"millis":18800,"tic":658},"actor":{"position":{"x":22928888,"y":46464441,"z":3670016,"angle":3087007744,"subsector":4566993768},"type":"player","health":95,"armor":81,"id":4567120880}}
{"counter":1993,"type":"move","frame":{"millis":18800,"tic":658},"actor":{"position":{"x":-29418432,"y":47313088,"z":0,"angle":1610612736,"subsector":4566993352},"type":"soldier","health":20,"id":4567137944}}
{"counter":1994,"type":"move","frame":{"millis":18800,"tic":658},"actor":{"position":{"x":-20367808,"y":79088064,"z":0,"angle":2147483648,"subsector":4566996760},"type":"soldier","health":20,"id":4567138736}}
{"counter":1995,"type":"move","frame":{"millis":18800,"tic":658},"actor":{"position":{"x":-5756608,"y":29894976,"z":0,"angle":0,"subsector":4566993432},"type":"shotgun_soldier","health":30,"id":4567139792}}
{"counter":1996,"type":"move","frame":{"millis":18800,"tic":658},"actor":{"position":{"x":-2512864,"y":-16414304,"z":0,"angle":2684354560,"subsector":4566992792},"type":"spectre","health":150,"id":4567162232}}
{"counter":1997,"type":"move","frame":{"millis":18800,"tic":658},"actor":{"position":{"x":2499776,"y":6942912,"z":0,"angle":2147483648,"subsector":4566993176},"type":"imp","health":60,"id":4567172264}}
{"counter":1998,"type":"move","frame":{"millis":18800,"tic":658},"actor":{"position":{"x":-6180352,"y":7747712,"z":0,"angle":536870912,"subsector":4566993176},"type":"shotgun_soldier","health":30,"id":4567172528}}
{"counter":1999,"type":"move","frame":{"millis":18829,"tic":659},"actor":{"position":{"x":22928888,"y":46464441,"z":3670016,"angle":3070230528,"subsector":4566993768},"type":"player","health":95,"armor":81,"id":4567120880}}
{"counter":2000,"type":"move","frame":{"millis":18829,"tic":659},"actor":{"position":{"x":22919721,"y":46083638,"z":3670016,"angle":3070230528,"subsector":4566993768},"type":"player","health":95,"armor":81,"id":4567120880}}
{"counter":2001,"type":"move","frame":{"millis":18829,"tic":659},"actor":{"position":{"x":12136896,"y":10594336,"z":0,"angle":2147483648,"subsector":4566993032},"type":"spectre","health":150,"id":4567137416}}
{"counter":2002,"type":"move","frame":{"millis":18829,"tic":659},"actor":{"position":{"x":-32791872,"y":59530560,"z":0,"angle":3758096384,"subsector":4566996712},"type":"soldier","health":20,"id":4567138208}}
{"counter":2003,"type":"move","frame":{"millis":18829,"tic":659},"actor":{"position":{"x":-13403776,"y":78939776,"z":0,"angle":2147483648,"subsector":4566996760},"type":"shotgun_soldier","health":30,"id":4567155368}}
{"counter":2004,"type":"move","frame":{"millis":18858,"tic":660},"actor":{"position":{"x":22919721,"y":46083638,"z":3670016,"angle":3053453312,"subsector":4566993768},"type":"player","health":95,"armor":81,"id":4567120880}}
{"counter":2005,"type":"move","frame":{"millis":18858,"tic":660},"actor":{"position":{"x":22890545,"y":45655088,"z":3670016,"angle":3053453312,"subsector":4566993768},"type":"player","health":95,"armor":81,"id":4567120880}}
{"counter":2006,"type":"move","frame":{"millis":18858,"tic":660},"actor":{"position":{"x":15421504,"y":42297920,"z":3670016,"angle":536870912,"subsector":4566993528},"type":"imp","health":60,"id":4567132664}}
{"counter":2007,"type":"move","frame":{"millis":18858,"tic":660},"actor":{"position":{"x":58068800,"y":17952960,"z":0,"angle":3758096384,"subsector":4566994312},"type":"shotgun_soldier","health":30,"id":4567137680}}
{"counter":2008,"type":"move","frame":{"millis":18858,"tic":660},"actor":{"position":{"x":-30556992,"y":35158976,"z":0,"angle":1610612736,"subsector":4566993416},"type":"soldier","health":20,"id":4567139528}}
{"counter":2009,"type":"move","frame":{"millis":18858,"tic":660},"actor":{"position":{"x":-33612736,"y":64408000,"z":0,"angle":3758096384,"subsector":4566996712},"type":"shotgun_soldier","health":30,"id":4567155632}}
{"counter":2010,"type":"move","frame":{"millis":18858,"tic":660},"actor":{"position":{"x":-28883584,"y":43039360,"z":0,"angle":1073741824,"subsector":4566993352},"type":"shotgun_soldier","health":30,"id":4567156160}}
{"counter":2011,"type":"move","frame":{"millis":18858,"tic":660},"actor":{"position":{"x":-11306624,"y":30112128,"z":0,"angle":0,"subsector":4566993432},"type":"shotgun_soldier","health":30,"id":4567156424}}
{"counter":2012,"type":"move","frame":{"millis":18858,"tic":660},"actor":{"position":{"x":-2982864,"y":-16884304,"z":-1048576,"angle":2684354560,"subsector":4566992792},"type":"spectre","health":150,"id":4567162232}}
{"counter":2013,"type":"move","frame":{"millis":18886,"tic":661},"actor":{"position":{"x":22890545,"y":45655088,"z":3670016,"angle":3036676096,"subsector":4566993768},"type":"player","health":95,"armor":81,"id":4567120880}}
{"counter":2014,"type":"move","frame":{"millis":18886,"tic":661},"actor":{"position":{"x":22836830,"y":45168014,"z":3670016,"angle":3036676096,"subsector":4566993768},"type":"player","health":95,"armor":81,"id":4567120880}}
{"counter":2015,"type":"move","frame":{"millis":18886,"tic":661},"actor":{"position":{"x":11481536,"y":10594336,"z":0,"angle":2147483648,"subsector":4566993032},"type":"spectre","health":150,"id":4567137416}}
{"counter":2016,"type":"move","frame":{"millis":18886,"tic":661},"actor":{"position":{"x":-5232320,"y":29894976,"z":0,"angle":0,"subsector":4566993432},"type":"shotgun_soldier","health":30,"id":4567139792}}
{"counter":2017,"type":"move","frame":{"millis":18886,"tic":661},"actor":{"position":{"x":1975488,"y":6942912,"z":0,"angle":2147483648,"subsector":4566993176},"type":"imp","health":60,"id":4567172264}}
{"counter":2018,"type":"move","frame":{"millis":18886,"tic":661},"actor":{"position":{"x":-5804352,"y":8123712,"z":0,"angle":536870912,"subsector":4566993176},"type":"shotgun_soldier","health":30,"id":4567172528}}
{"counter":2019,"type":"move","frame":{"millis":18915,"tic":662},"actor":{"position":{"x":22836830,"y":45168014,"z":3670016,"angle":3036676096,"subsector":4566993768},"type":"player","health":95,"armor":81,"id":4567120880}}
{"counter":2020,"type":"move","frame":{"millis":18915,"tic":662},"actor":{"position":{"x":22760876,"y":44627903,"z":3670016,"angle":3036676096,"subsector":4566993768},"type":"player","health":95,"armor":81,"id":4567120880}}
{"counter":2021,"type":"move","frame":{"millis":18915,"tic":662},"actor":{"position":{"x":-29042432,"y":46937088,"z":0,"angle":2147483648,"subsector":4566993352},"type":"soldier","health":20,"id":4567137944}}
{"counter":2022,"type":"move","frame":{"millis":18915,"tic":662},"actor":{"position":{"x":-20892096,"y":79088064,"z":0,"angle":2147483648,"subsector":4566996760},"type":"soldier","health":20,"id":4567138736}}
{"counter":2023,"type":"move","frame":{"millis":18915,"tic":662},"actor":{"position":{"x":-13928064,"y":78939776,"z":0,"angle":2147483648,"subsector":4566996760},"type":"shotgun_soldier","health":30,"id":4567155368}}
{"counter":2024,"type":"move","frame":{"millis":18915,"tic":662},"actor":{"position":{"x":-3452864,"y":-17354304,"z":-1048576,"angle":2684354560,"subsector":4566992792},"type":"spectre","health":150,"id":4567162232}}
{"counter":2025,"type":"move","frame":{"millis":18943,"tic":663},"actor":{"position":{"x":22760876,"y":44627903,"z":3670016,"angle":3036676096,"subsector":4566993768},"type":"player","health":95,"armor":81,"id":4567120880}}
{"counter":2026,"type":"move","frame":{"millis":18943,"tic":663},"actor":{"position":{"x":22664768,"y":44039727,"z":3670016,"angle":3036676096,"subsector":4566993528},"type":"player","health":95,"armor":81,"id":4567120880}}
{"counter":2027,"type":"move","frame":{"millis":18943,"tic":663},"actor":{"position":{"x":16448960,"y":45009344,"z":3670016,"angle":536870912,"subsector":4566993688},"type":"soldier","health":20,"id":4567131608}}
{"counter":2028,"type":"move","frame":{"millis":18943,"tic":663},"actor":{"position":{"x":15945792,"y":42297920,"z":3670016,"angle":0,"subsector":4566993528},"type":"imp","health":60,"id":4567132664}}
{"counter":2029,"type":"move","frame":{"millis":18943,"tic":663},"actor":{"position":{"x":11951536,"y":11064336,"z":0,"angle":2147483648,"subsector":4566993032},"type":"spectre","health":150,"id":4567137416}}
{"counter":2030,"type":"move","frame":{"millis":18943,"tic":663},"actor":{"position":{"x":57544512,"y":17952960,"z":0,"angle":3221225472,"subsector":4566994312},"type":"shotgun_soldier","health":30,"id":4567137680}}
{"counter":2031,"type":"move","frame":{"millis":18943,"tic":663},"actor":{"position":{"x":-32415872,"y":59154560,"z":0,"angle":3758096384,"subsector":4566996712},"type":"soldier","health":20,"id":4567138208}}
{"counter":2032,"type":"move","frame":{"millis":18943,"tic":663},"actor":{"position":{"x":-33236736,"y":64032000,"z":0,"angle":3758096384,"subsector":4566996712},"type":"shotgun_soldier","health":30,"id":4567155632}}
{"counter":2033,"type":"move","frame":{"millis":18943,"tic":663},"actor":{"position":{"x":-28883584,"y":43563648,"z":0,"angle":1073741824,"subsector":4566993352},"type":"shotgun_soldier","health":30,"id":4567156160}}
{"counter":2034,"type":"move","frame":{"millis":18943,"tic":663},"actor":{"position":{"x":-10782336,"y":30112128,"z":0,"angle":0,"subsector":4566993432},"type":"shotgun_soldier","health":30,"id":4567156424}}
{"counter":2035,"type":"move","frame":{"millis":18972,"tic":664},"actor":{"position":{"x":22664768,"y":44039727,"z":3670016,"angle":3053453312,"subsector":4566993528},"type":"player","health":95,"armor":81,"id":4567120880}}
{"counter":2036,"type":"move","frame":{"millis":18972,"tic":664},"actor":{"position":{"x":22552827,"y":43407351,"z":3670016,"angle":3053453312,"subsector":4566993528},"type":"player","health":95,"armor":81,"id":4567120880}}
{"counter":2037,"type":"move","frame":{"millis":18972,"tic":664},"actor":{"position":{"x":-30932992,"y":35534976,"z":0,"angle":1610612736,"subsector":4566993416},"type":"soldier","health":20,"id":4567139528}}
{"counter":2038,"type":"move","frame":{"millis":18973,"tic":664},"actor":{"position":{"x":-4708032,"y":29894976,"z":0,"angle":0,"subsector":4566993432},"type":"shotgun_soldier","health":30,"id":4567139792}}
{"counter":2039,"type":"move","frame":{"millis":18973,"tic":664},"actor":{"position":{"x":-3922864,"y":-17824304,"z":-1048576,"angle":2684354560,"subsector":4566992792},"type":"spectre","health":150,"id":4567162232}}
{"counter":2040,"type":"move","frame":{"millis":18973,"tic":664},"actor":{"position":{"x":1451200,"y":6942912,"z":0,"angle":2147483648,"subsector":4566993176},"type":"imp","health":60,"id":4567172264}}
{"counter":2041,"type":"move","frame":{"millis":18973,"tic":664},"actor":{"position":{"x":-5428352,"y":8499712,"z":0,"angle":536870912,"subsector":4566993176},"type":"shotgun_soldier","health":30,"id":4567172528}}
{"counter":2042,"type":"move","frame":{"millis":19000,"tic":665},"actor":{"position":{"x":22552827,"y":43407351,"z":3670016,"angle":3087007744,"subsector":4566993528},"type":"player","health":95,"armor":81,"id":4567120880}}
{"counter":2043,"type":"move","frame":{"millis":19001,"tic":665},"actor":{"position":{"x":22431442,"y":42733820,"z":3670016,"angle":3087007744,"subsector":4566993528},"type":"player","health":95,"armor":81,"id":4567120880}}
{"counter":2044,"type":"move","frame":{"millis":19001,"tic":665},"actor":{"position":{"x":12421536,"y":11534336,"z":0,"angle":1610612736,"subsector":4566993032},"type":"spectre","health":150,"id":4567137416}}
{"counter":2045,"type":"move","frame":{"millis":19001,"tic":665},"actor":{"position":{"x":-14452352,"y":78939776,"z":0,"angle":2147483648,"subsector":4566996760},"type":"shotgun_soldier","health":30,"id":4567155368}}
{"counter":2046,"type":"move","frame":{"millis":19029,"tic":666},"actor":{"position":{"x":22431442,"y":42733820,"z":3670016,"angle":3154116608,"subsector":4566993528},"type":"player","health":95,"armor":81,"id":4567120880}}
{"counter":2047,"type":"move","frame":{"millis":19029,"tic":666},"actor":{"position":{"x":22311439,"y":42021522,"z":3670016,"angle":3154116608,"subsector":4566993528},"type":"player","health":95,"armor":81,"id":4567120880}}
{"counter":2048,"type":"move","frame":{"millis":19029,"tic":666},"actor":{"position":{"x":16470080,"y":42297920,"z":3670016,"angle":0,"subsector":4566993528},"type":"imp","health":60,"id":4567132664}}
{"counter":2049,"type":"move","frame":{"millis":19029,"tic":666},"actor":{"position":{"x":57020224,"y":17952960,"z":0,"angle":2684354560,"subsector":4566994312},"type":"shotgun_soldier","health":30,"id":4567137680}}
{"counter":2050,"type":"move","frame":{"millis":19029,"tic":666},"actor":{"position":{"x":-28666432,"y":46561088,"z":0,"angle":2684354560,"subsector":4566993352},"type":"soldier","health":20,"id":4567137944}}
{"counter":2051,"type":"move","frame":{"millis":19029,"tic":666},"actor":{"position":{"x":-21416384,"y":79088064,"z":0,"angle":2147483648,"subsector":4566996760},"type":"soldier","health":20,"id":4567138736}}
{"counter":2052,"type":"move","frame":{"millis":19029,"tic":666},"actor":{"position":{"x":-32860736,"y":63656000,"z":0,"angle":3758096384,"subsector":4566996712},"type":"shotgun_soldier","health":30,"id":4567155632}}
{"counter":2053,"type":"move","frame":{"millis":19029,"tic":666},"actor":{"position":{"x":-29259584,"y":43187648,"z":0,"angle":1073741824,"subsector":4566993352},"type":"shotgun_soldier","health":30,"id":4567156160}}
{"counter":2054,"type":"move","frame":{"millis":19029,"tic":666},"actor":{"position":{"x":-10258048,"y":30112128,"z":0,"angle":0,"subsector":4566993432},"type":"shotgun_soldier","health":30,"id":4567156424}}
{"counter":2055,"type":"move","frame":{"millis":19029,"tic":666},"actor":{"position":{"x":-3922864,"y":-17168944,"z":-1048576,"angle":2684354560,"subsector":4566992792},"type":"spectre","health":150,"id":4567162232}}
{"counter":2056,"type":"move","frame":{"millis":19058,"tic":667},"actor":{"position":{"x":22311439,"y":42021522,"z":3670016,"angle":3238002688,"subsector":4566993528},"type":"player","health":95,"armor":81,"id":4567120880}}
{"counter":2057,"type":"move","frame":{"millis":19058,"tic":667},"actor":{"position":{"x":22205237,"y":41273633,"z":3670016,"angle":3238002688,"subsector":4566993528},"type":"player","health":95,"armor":81,"id":4567120880}}
{"counter":2058,"type":"move","frame":{"millis":19058,"tic":667},"actor":{"position":{"x":16973248,"y":45009344,"z":3670016,"angle":0,"subsector":4566993688},"type":"soldier","health":20,"id":4567131608}}
{"counter":2059,"type":"move","frame":{"millis":19058,"tic":667},"actor":{"position":{"x":12421536,"y":12189696,"z":0,"angle":1073741824,"subsector":4566993032},"type":"spectre","health":150,"id":4567137416}}
{"counter":2060,"type":"move","frame":{"millis":19058,"tic":667},"actor":{"position":{"x":-32039872,"y":58778560,"z":0,"angle":3758096384,"subsector":4566996712},"type":"soldier","health":20,"id":4567138208}}
{"counter":2061,"type":"move","frame":{"millis":19058,"tic":667},"actor":{"position":{"x":-4183744,"y":29894976,"z":0,"angle":0,"subsector":4566993432},"type":"shotgun_soldier","health":30,"id":4567139792}}
{"counter":2062,"type":"move","frame":{"millis":19058,"tic":667},"actor":{"position":{"x":926912,"y":6942912,"z":0,"angle":2147483648,"subsector":4566993176},"type":"imp","health":60,"id":4567172264}}
{"counter":2063,"type":"move","frame":{"millis":19058,"tic":667},"actor":{"position":{"x":-5052352,"y":8875712,"z":0,"angle":536870912,"subsector":4566993176},"type":"shotgun_soldier","health":30,"id":4567172528}}
{"counter":2064,"type":"move","frame":{"millis":19058,"tic":667},"actor":{"position":{"x":8098338,"y":14769280,"z":2132440,"angle":739413279,"subsector":4566993032},"type":"imp_fireball","health":1000,"id":4567531800}}
{"counter":2065,"type":"move","frame":{"millis":19087,"tic":668},"actor":{"position":{"x":22205237,"y":41273633,"z":3670016,"angle":3288334336,"subsector":4566993528},"type":"player","health":95,"armor":81,"id":4567120880}}
{"weapon_type":1,"counter":2066,"type":"attacked","frame":{"millis":19087,"tic":668},"actor":{"position":{"x":22205237,"y":41273633,"z":3670016,"angle":3288334336,"subsector":4566993528},"type":"player","health":95,"armor":81,"id":4567120880}}
{"counter":2067,"type":"move","frame":{"millis":19087,"tic":668},"actor":{"position":{"x":22107782,"y":40608086,"z":3670016,"angle":3288334336,"subsector":4566993528},"type":"player","health":95,"armor":81,"id":4567120880}}
{"counter":2068,"type":"move","frame":{"millis":19087,"tic":668},"actor":{"position":{"x":-31308992,"y":35910976,"z":0,"angle":1610612736,"subsector":4566993352},"type":"soldier","health":20,"id":4567139528}}
{"counter":2069,"type":"move","frame":{"millis":19087,"tic":668},"actor":{"position":{"x":-14976640,"y":78939776,"z":0,"angle":2147483648,"subsector":4566996760},"type":"shotgun_soldier","health":30,"id":4567155368}}
{"counter":2070,"type":"move","frame":{"millis":19087,"tic":668},"actor":{"position":{"x":-3922864,"y":-16513584,"z":-1048576,"angle":2147483648,"subsector":4566992792},"type":"spectre","health":150,"id":4567162232}}
{"counter":2071,"type":"move","frame":{"millis":19087,"tic":668},"actor":{"position":{"x":8406158,"y":15347840,"z":2203017,"angle":739413279,"subsector":4566993032},"type":"imp_fireball","health":1000,"id":4567531800}}
{"counter":2072,"type":"move","frame":{"millis":19116,"tic":669},"actor":{"position":{"x":22107782,"y":40608086,"z":3670016,"angle":3305111552,"subsector":4566993528},"type":"player","health":95,"armor":81,"id":4567120880}}
{"counter":2073,"type":"move","frame":{"millis":19116,"tic":669},"actor":{"position":{"x":22010913,"y":40074039,"z":3670016,"angle":3305111552,"subsector":4566993528},"type":"player","health":95,"armor":81,"id":4567120880}}
{"counter":2074,"type":"move","frame":{"millis":19116,"tic":669},"actor":{"position":{"x":16994368,"y":42297920,"z":3670016,"angle":0,"subsector":4566993528},"type":"imp","health":60,"id":4567132664}}
{"counter":2075,"type":"move","frame":{"millis":19116,"tic":669},"actor":{"position":{"x":12421536,"y":12845056,"z":0,"angle":1073741824,"subsector":4566993032},"type":"spectre","health":150,"id":4567137416}}
{"counter":2076,"type":"move","frame":{"millis":19116,"tic":669},"actor":{"position":{"x":56495936,"y":17952960,"z":0,"angle":2147483648,"subsector":4566994312},"type":"shotgun_soldier","health":30,"id":4567137680}}
{"counter":2077,"type":"move","frame":{"millis":19116,"tic":669},"actor":{"position":{"x":-32484736,"y":63280000,"z":0,"angle":3758096384,"subsector":4566996712},"type":"shotgun_soldier","health":30,"id":4567155632}}
{"counter":2078,"type":"attacked","frame":{"millis":19116,"tic":669},"actor":{"position":{"x":-29259584,"y":43187648,"z":0,"angle":1610612736,"subsector":4566993352},"type":"shotgun_soldier","health":30,"id":4567156160},"target":{"position":{"x":22010913,"y":40074039,"z":3670016,"angle":3305111552,"subsector":4566993528},"type":"player","health":95,"armor":81,"id":4567120880}}
{"counter":2079,"type":"move","frame":{"millis":19116,"tic":669},"actor":{"position":{"x":-9733760,"y":30112128,"z":0,"angle":0,"subsector":4566993432},"type":"shotgun_soldier","health":30,"id":4567156424}}
{"counter":2080,"type":"move","frame":{"millis":19116,"tic":669},"actor":{"position":{"x":8713978,"y":15926400,"z":2273594,"angle":739413279,"subsector":4566993032},"type":"imp_fireball","health":1000,"id":4567531800}}
{"counter":2081,"type":"move","frame":{"millis":19143,"tic":670},"actor":{"position":{"x":22010913,"y":40074039,"z":3670016,"angle":3305111552,"subsector":4566993528},"type":"player","health":95,"armor":81,"id":4567120880}}
{"counter":2082,"type":"move","frame":{"millis":19144,"tic":670},"actor":{"position":{"x":21910551,"y":39691683,"z":3670016,"angle":3305111552,"subsector":4566993528},"type":"player","health":95,"armor":81,"id":4567120880}}
{"counter":2083,"type":"move","frame":{"millis":19144,"tic":670},"actor":{"position":{"x":-3818304,"y":24493248,"z":0,"angle":2684354560,"subsector":4566993432},"type":"imp","health":60,"id":4567132928}}
{"counter":2084,"type":"move","frame":{"millis":19144,"tic":670},"actor":{"position":{"x":-28666432,"y":46036800,"z":0,"angle":3221225472,"subsector":4566993352},"type":"soldier","health":20,"id":4567137944}}
{"counter":2085,"type":"move","frame":{"millis":19144,"tic":670},"actor":{"position":{"x":-21940672,"y":79088064,"z":0,"angle":2147483648,"subsector":4566996760},"type":"soldier","health":20,"id":4567138736}}
{"counter":2086,"type":"move","frame":{"millis":19144,"tic":670},"actor":{"position":{"x":-3659456,"y":29894976,"z":0,"angle":0,"subsector":4566993432},"type":"shotgun_soldier","health":30,"id":4567139792}}
{"counter":2087,"type":"move","frame":{"millis":19144,"tic":670},"actor":{"position":{"x":-3922864,"y":-15858224,"z":-1048576,"angle":1610612736,"subsector":4566992792},"type":"spectre","health":150,"id":4567162232}}
{"counter":2088,"type":"move","frame":{"millis":19144,"tic":670},"actor":{"position":{"x":1302912,"y":7318912,"z":0,"angle":2147483648,"subsector":4566993176},"type":"imp","health":60,"id":4567172264}}
{"counter":2089,"type":"move","frame":{"millis":19144,"tic":670},"actor":{"position":{"x":-4676352,"y":9251712,"z":0,"angle":536870912,"subsector":4566993176},"type":"shotgun_soldier","health":30,"id":4567172528}}
{"counter":2090,"type":"move","frame":{"millis":19144,"tic":670},"actor":{"position":{"x":9021798,"y":16504960,"z":2344171,"angle":739413279,"subsector":4566993032},"type":"imp_fireball","health":1000,"id":4567531800}}
{"counter":2091,"type":"move","frame":{"millis":19172,"tic":671},"actor":{"position":{"x":21910551,"y":39691683,"z":3670016,"angle":3305111552,"subsector":4566993528},"type":"player","health":95,"armor":81,"id":4567120880}}
{"counter":2092,"type":"move","frame":{"millis":19172,"tic":671},"actor":{"position":{"x":21807023,"y":39446797,"z":3670016,"angle":3305111552,"subsector":4566993528},"type":"player","health":95,"armor":81,"id":4567120880}}
{"counter":2093,"type":"move","frame":{"millis":19172,"tic":671},"actor":{"position":{"x":17497536,"y":45009344,"z":3670016,"angle":0,"subsector":4566993688},"type":"soldier","health":20,"id":4567131608}}
{"counter":2094,"type":"move","frame":{"millis":19172,"tic":671},"actor":{"position":{"x":12421536,"y":13500416,"z":0,"angle":1073741824,"subsector":4566993032},"type":"spectre","health":150,"id":4567137416}}
{"counter":2095,"type":"move","frame":{"millis":19172,"tic":671},"actor":{"position":{"x":-32039872,"y":58254272,"z":0,"angle":3758096384,"subsector":4566993352},"type":"soldier","health":20,"id":4567138208}}
{"counter":2096,"type":"move","frame":{"millis":19172,"tic":671},"actor":{"position":{"x":-15500928,"y":78939776,"z":0,"angle":2147483648,"subsector":4566996760},"type":"shotgun_soldier","health":30,"id":4567155368}}
{"counter":2097,"type":"move","frame":{"millis":19172,"tic":671},"actor":{"position":{"x":9329618,"y":17083520,"z":2414748,"angle":739413279,"subsector":4566993096},"type":"imp_fireball","health":1000,"id":4567531800}}
{"counter":2098,"type":"move","frame":{"millis":19200,"tic":672},"actor":{"position":{"x":21807023,"y":39446797,"z":3670016,"angle":3305111552,"subsector":4566993528},"type":"player","health":95,"armor":81,"id":4567120880}}
{"damage":10,"counter":2099,"type":"hit","frame":{"millis":19200,"tic":672},"actor":{"position":{"x":21807023,"y":39446797,"z":3670016,"angle":3305111552,"subsector":4566993528},"type":"player","health":95,"armor":81,"id":4567120880},"target":{"position":{"x":23068672,"y":27262976,"z":3670016,"angle":0,"subsector":4566993560},"type":"barrel","health":10,"id":4567142696}}
{"counter":2100,"type":"targeted","frame":{"millis":19200,"tic":672},"actor":{"position":{"x":21807023,"y":39446797,"z":3670016,"angle":3305111552,"subsector":4566993528},"type":"player","health":95,"armor":81,"id":4567120880},"target":{"position":{"x":23068672,"y":27262976,"z":3670016,"angle":0,"subsector":4566993560},"type":"barrel","health":10,"id":4567142696}}
{"counter":2101,"type":"move","frame":{"millis":19200,"tic":672},"actor":{"position":{"x":21700626,"y":39326494,"z":3670016,"angle":3305111552,"subsector":4566993528},"type":"player","health":95,"armor":81,"id":4567120880}}
{"counter":2102,"type":"move","frame":{"millis":19200,"tic":672},"actor":{"position":{"x":17518656,"y":42297920,"z":3670016,"angle":0,"subsector":4566993528},"type":"imp","health":60,"id":4567132664}}
{"counter":2103,"type":"move","frame":{"millis":19200,"tic":672},"actor":{"position":{"x":55971648,"y":17952960,"z":0,"angle":2147483648,"subsector":4566994312},"type":"shotgun_soldier","health":30,"id":4567137680}}
{"counter":2104,"type":"move","frame":{"millis":19200,"tic":672},"actor":{"position":{"x":-31684992,"y":36286976,"z":0,"angle":1610612736,"subsector":4566993352},"type":"soldier","health":20,"id":4567139528}}
{"counter":2105,"type":"move","frame":{"millis":19200,"tic":672},"actor":{"position":{"x":23077107,"y":27181492,"z":3670016,"angle":0,"subsector":4566993560},"type":"barrel","health":10,"id":4567142696}}
{"counter":2106,"type":"move","frame":{"millis":19200,"tic":672},"actor":{"position":{"x":-32108736,"y":62904000,"z":0,"angle":3758096384,"subsector":4566996712},"type":"shotgun_soldier","health":30,"id":4567155632}}
{"counter":2107,"type":"move","frame":{"millis":19200,"tic":672},"actor":{"position":{"x":-9209472,"y":30112128,"z":0,"angle":0,"subsector":4566993432},"type":"shotgun_soldier","health":30,"id":4567156424}}
{"counter":2108,"type":"move","frame":{"millis":19200,"tic":672},"actor":{"position":{"x":-3922864,"y":-15202864,"z":0,"angle":1073741824,"subsector":4566992792},"type":"spectre","health":150,"id":4567162232}}
{"counter":2109,"type":"move","frame":{"millis":19200,"tic":672},"actor":{"position":{"x":9637438,"y":17662080,"z":2485325,"angle":739413279,"subsector":4566993096},"type":"imp_fireball","health":1000,"id":4567531800}}
{"counter":2110,"type":"move","frame":{"millis":19229,"tic":673},"actor":{"position":{"x":21700626,"y":39326494,"z":3670016,"angle":3305111552,"subsector":4566993528},"type":"player","health":95,"armor":81,"id":4567120880}}
{"counter":2111,"type":"move","frame":{"millis":19229,"tic":673},"actor":{"position":{"x":21591629,"y":39319094,"z":3670016,"angle":3305111552,"subsector":4566993528},"type":"player","health":95,"armor":81,"id":4567120880}}
{"counter":2112,"type":"move","frame":{"millis":19229,"tic":673},"actor":{"position":{"x":6815744,"y":39845888,"z":3670016,"angle":2684354560,"subsector":4566993496},"type":"imp","health":60,"id":4567132400}}
{"counter":2113,"type":"move","frame":{"millis":19229,"tic":673},"actor":{"position":{"x":-3442304,"y":24869248,"z":0,"angle":3221225472,"subsector":4566993432},"type":"imp","health":60,"id":4567132928}}
{"counter":2114,"type":"move","frame":{"millis":19229,"tic":673},"actor":{"position":{"x":12421536,"y":14155776,"z":0,"angle":1073741824,"subsector":4566993032},"type":"spectre","health":150,"id":4567137416}}
{"counter":2115,"type":"move","frame":{"millis":19230,"tic":673},"actor":{"position":{"x":-3135168,"y":29894976,"z":0,"angle":0,"subsector":4566993432},"type":"shotgun_soldier","health":30,"id":4567139792}}
{"counter":2116,"type":"move","frame":{"millis":19230,"tic":673},"actor":{"position":{"x":23084751,"y":27107647,"z":3670016,"angle":0,"subsector":4566993560},"type":"barrel","health":10,"id":4567142696}}
{"counter":2117,"type":"move","frame":{"millis":19230,"tic":673},"actor":{"position":{"x":8012608,"y":14277440,"z":0,"angle":1073741824,"subsector":4566993032},"type":"imp","health":60,"id":4567172000}}
{"counter":2118,"type":"move","frame":{"millis":19230,"tic":673},"actor":{"position":{"x":1678912,"y":7694912,"z":0,"angle":1610612736,"subsector":4566993176},"type":"imp","health":60,"id":4567172264}}
{"counter":2119,"type":"move","frame":{"millis":19230,"tic":673},"actor":{"position":{"x":-4300352,"y":9627712,"z":0,"angle":536870912,"subsector":4566993176},"type":"shotgun_soldier","health":30,"id":4567172528}}
{"counter":2120,"type":"move","frame":{"millis":19230,"tic":673},"actor":{"position":{"x":9945258,"y":18240640,"z":2555902,"angle":739413279,"subsector":4566993096},"type":"imp_fireball","health":1000,"id":4567531800}}
{"counter":2121,"type":"move","frame":{"millis":19258,"tic":674},"actor":{"position":{"x":21591629,"y":39319094,"z":3670016,"angle":3321888768,"subsector":4566993528},"type":"player","health":95,"armor":81,"id":4567120880}}
{"counter":2122,"type":"move","frame":{"millis":19258,"tic":674},"actor":{"position":{"x":21477787,"y":39413671,"z":3670016,"angle":3321888768,"subsector":4566993528},"type":"player","health":95,"armor":81,"id":4567120880}}
{"counter":2123,"type":"move","frame":{"millis":19258,"tic":674},"actor":{"position":{"x":-29190720,"y":46036800,"z":0,"angle":3221225472,"subsector":4566993352},"type":"soldier","health":20,"id":4567137944}}
{"counter":2124,"type":"move","frame":{"millis":19258,"tic":674},"actor":{"position":{"x":-22464960,"y":79088064,"z":0,"angle":2147483648,"subsector":4566996760},"type":"soldier","health":20,"id":4567138736}}
{"counter":2125,"type":"move","frame":{"millis":19258,"tic":674},"actor":{"position":{"x":23091678,"y":27040724,"z":3670016,"angle":0,"subsector":4566993560},"type":"barrel","health":10,"id":4567142696}}
{"counter":2126,"type":"move","frame":{"millis":19258,"tic":674},"actor":{"position":{"x":-16025216,"y":78939776,"z":0,"angle":2147483648,"subsector":4566996760},"type":"shotgun_soldier","health":30,"id":4567155368}}
{"counter":2127,"type":"move","frame":{"millis":19258,"tic":674},"actor":{"position":{"x":-3452864,"y":-14732864,"z":0,"angle":1073741824,"subsector":4566992792},"type":"spectre","health":150,"id":4567162232}}
{"counter":2128,"type":"move","frame":{"millis":19258,"tic":674},"actor":{"position":{"x":10253078,"y":18819200,"z":2626479,"angle":739413279,"subsector":4566993112},"type":"imp_fireball","health":1000,"id":4567531800}}
{"counter":2129,"type":"move","frame":{"millis":19286,"tic":675},"actor":{"position":{"x":21477787,"y":39413671,"z":3670016,"angle":3338665984,"subsector":4566993528},"type":"player","health":95,"armor":81,"id":4567120880}}
{"counter":2130,"type":"move","frame":{"millis":19286,"tic":675},"actor":{"position":{"x":21357073,"y":39600265,"z":3670016,"angle":3338665984,"subsector":4566993528},"type":"player","health":95,"armor":81,"id":4567120880}}
{"counter":2131,"type":"move","frame":{"millis":19286,"tic":675},"actor":{"position":{"x":18021824,"y":45009344,"z":3670016,"angle":0,"subsector":4566993688},"type":"soldier","health":20,"id":4567131608}}
{"counter":2132,"type":"move","frame":{"millis":19286,"tic":675},"actor":{"position":{"x":18042944,"y":42297920,"z":3670016,"angle":0,"subsector":4566993528},"type":"imp","health":60,"id":4567132664}}
{"counter":2133,"type":"move","frame":{"millis":19286,"tic":675},"actor":{"position":{"x":12421536,"y":14811136,"z":0,"angle":1073741824,"subsector":4566993032},"type":"spectre","health":150,"id":4567137416}}
{"counter":2134,"type":"move","frame":{"millis":19286,"tic":675},"actor":{"position":{"x":55971648,"y":18477248,"z":0,"angle":2147483648,"subsector":4566994312},"type":"shotgun_soldier","health":30,"id":4567137680}}
{"counter":2135,"type":"move","frame":{"millis":19286,"tic":675},"actor":{"position":{"x":-32039872,"y":57729984,"z":0,"angle":3221225472,"subsector":4566993352},"type":"soldier","health":20,"id":4567138208}}
{"counter":2136,"type":"move","frame":{"millis":19286,"tic":675},"actor":{"position":{"x":23097955,"y":26980075,"z":3670016,"angle":0,"subsector":4566993560},"type":"barrel","health":10,"id":4567142696}}
{"counter":2137,"type":"move","frame":{"millis":19286,"tic":675},"actor":{"position":{"x":-31732736,"y":62528000,"z":0,"angle":3758096384,"subsector":4566996712},"type":"shotgun_soldier","health":30,"id":4567155632}}
{"counter":2138,"type":"move","frame":{"millis":19286,"tic":675},"actor":{"position":{"x":-8685184,"y":30112128,"z":0,"angle":0,"subsector":4566993432},"type":"shotgun_soldier","health":30,"id":4567156424}}
{"counter":2139,"type":"move","frame":{"millis":19286,"tic":675},"actor":{"position":{"x":10560898,"y":19397760,"z":2697056,"angle":739413279,"subsector":4566993112},"type":"imp_fireball","health":1000,"id":4567531800}}
{"counter":2140,"type":"move","frame":{"millis":19316,"tic":676},"actor":{"position":{"x":21357073,"y":39600265,"z":3670016,"angle":3355443200,"subsector":4566993528},"type":"player","health":95,"armor":81,"id":4567120880}}
{"counter":2141,"type":"move","frame":{"millis":19316,"tic":676},"actor":{"position":{"x":21237667,"y":39819576,"z":3670016,"angle":3355443200,"subsector":4566993528},"type":"player","health":95,"armor":81,"id":4567120880}}
{"counter":2142,"type":"move","frame":{"millis":19316,"tic":676},"actor":{"position":{"x":7340032,"y":39845888,"z":3670016,"angle":3221225472,"subsector":4566993496},"type":"imp","health":60,"id":4567132400}}
{"counter":2143,"type":"move","frame":{"millis":19316,"tic":676},"actor":{"position":{"x":-3066304,"y":25245248,"z":0,"angle":3758096384,"subsector":4566993432},"type":"imp","health":60,"id":4567132928}}
{"counter":2144,"type":"move","frame":{"millis":19316,"tic":676},"actor":{"position":{"x":-31308992,"y":36662976,"z":0,"angle":1610612736,"subsector":4566993352},"type":"soldier","health":20,"id":4567139528}}
{"counter":2145,"type":"move","frame":{"millis":19316,"tic":676},"actor":{"position":{"x":-2610880,"y":29894976,"z":0,"angle":0,"subsector":4566993432},"type":"shotgun_soldier","health":30,"id":4567139792}}
{"counter":2146,"type":"move","frame":{"millis":19316,"tic":676},"actor":{"position":{"x":23103643,"y":26925111,"z":3670016,"angle":0,"subsector":4566993560},"type":"barrel","health":10,"id":4567142696}}
{"counter":2147,"type":"move","frame":{"millis":19316,"tic":676},"actor":{"position":{"x":-2982864,"y":-14262864,"z":0,"angle":536870912,"subsector":4566992792},"type":"spectre","health":150,"id":4567162232}}
{"counter":2148,"type":"move","frame":{"millis":19316,"tic":676},"actor":{"position":{"x":8388608,"y":14653440,"z":0,"angle":536870912,"subsector":4566993032},"type":"imp","health":60,"id":4567172000}}
{"counter":2149,"type":"move","frame":{"millis":19316,"tic":676},"actor":{"position":{"x":2054912,"y":8070912,"z":0,"angle":1073741824,"subsector":4566993176},"type":"imp","health":60,"id":4567172264}}
{"counter":2150,"type":"move","frame":{"millis":19316,"tic":676},"actor":{"position":{"x":-3924352,"y":10003712,"z":0,"angle":536870912,"subsector":4566993176},"type":"shotgun_soldier","health":30,"id":4567172528}}
{"counter":2151,"type":"move","frame":{"millis":19316,"tic":676},"actor":{"position":{"x":10868718,"y":19976320,"z":2767633,"angle":739413279,"subsector":4566993128},"type":"imp_fireball","health":1000,"id":4567531800}}
{"counter":2152,"type":"move","frame":{"millis":19343,"tic":677},"actor":{"position":{"x":21237667,"y":39819576,"z":3670016,"angle":3355443200,"subsector":4566993528},"type":"player","health":95,"armor":81,"id":4567120880}}
{"counter":2153,"type":"move","frame":{"millis":19343,"tic":677},"actor":{"position":{"x":21130255,"y":40014309,"z":3670016,"angle":3355443200,"subsector":4566993528},"type":"player","health":95,"armor":81,"id":4567120880}}
{"counter":2154,"type":"move","frame":{"millis":19343,"tic":677},"actor":{"position":{"x":12421536,"y":15466496,"z":0,"angle":1073741824,"subsector":4566993032},"type":"spectre","health":150,"id":4567137416}}
{"counter":2155,"type":"move","frame":{"millis":19343,"tic":677},"actor":{"position":{"x":23108797,"y":26875299,"z":3670016,"angle":0,"subsector":4566993560},"type":"barrel","health":10,"id":4567142696}}
{"counter":2156,"type":"move","frame":{"millis":19343,"tic":677},"actor":{"position":{"x":-16549504,"y":78939776,"z":0,"angle":2147483648,"subsector":4566996760},"type":"shotgun_soldier","health":30,"id":4567155368}}
{"counter":2157,"type":"move","frame":{"millis":19343,"tic":677},"actor":{"position":{"x":56623104,"y":24772608,"z":0,"angle":3758096384,"subsector":4566994312},"type":"spectre","health":150,"id":4567166984}}
{"counter":2158,"type":"move","frame":{"millis":19343,"tic":677},"actor":{"position":{"x":11176538,"y":20554880,"z":2838210,"angle":739413279,"subsector":4566993128},"type":"imp_fireball","health":1000,"id":4567531800}}
{"counter":2159,"type":"move","frame":{"millis":19372,"tic":678},"actor":{"position":{"x":21130255,"y":40014309,"z":3670016,"angle":3355443200,"subsector":4566993528},"type":"player","health":95,"armor":81,"id":4567120880}}
{"counter":2160,"type":"move","frame":{"millis":19372,"tic":678},"actor":{"position":{"x":21036915,"y":40170700,"z":3670016,"angle":3355443200,"subsector":4566993528},"type":"player","health":95,"armor":81,"id":4567120880}}
{"counter":2161,"type":"move","frame":{"millis":19372,"tic":678},"actor":{"position":{"x":18567232,"y":42297920,"z":3670016,"angle":0,"subsector":4566993528},"type":"imp","health":60,"id":4567132664}}
{"counter":2162,"type":"move","frame":{"millis":19372,"tic":678},"actor":{"position":{"x":55971648,"y":19001536,"z":0,"angle":1610612736,"subsector":4566994312},"type":"shotgun_soldier","health":30,"id":4567137680}}
{"counter":2163,"type":"move","frame":{"millis":19372,"tic":678},"actor":{"position":{"x":-29715008,"y":46036800,"z":0,"angle":2684354560,"subsector":4566993352},"type":"soldier","health":20,"id":4567137944}}
{"counter":2164,"type":"move","frame":{"millis":19372,"tic":678},"actor":{"position":{"x":-22989248,"y":79088064,"z":0,"angle":2147483648,"subsector":4566996760},"type":"soldier","health":20,"id":4567138736}}
{"counter":2165,"type":"move","frame":{"millis":19372,"tic":678},"actor":{"position":{"x":23108797,"y":26875299,"z":3670016,"angle":0,"subsector":4566993560},"type":"barrel","health":10,"id":4567142696}}
{"counter":2166,"type":"move","frame":{"millis":19372,"tic":678},"actor":{"position":{"x":-31356736,"y":62152000,"z":0,"angle":3758096384,"subsector":4566996712},"type":"shotgun_soldier","health":30,"id":4567155632}}
{"counter":2167,"type":"move","frame":{"millis":19372,"tic":678},"actor":{"position":{"x":-8160896,"y":30112128,"z":0,"angle":0,"subsector":4566993432},"type":"shotgun_soldier","health":30,"id":4567156424}}
{"counter":2168,"type":"move","frame":{"millis":19372,"tic":678},"actor":{"position":{"x":-2512864,"y":-13792864,"z":0,"angle":536870912,"subsector":4566992968},"type":"spectre","health":150,"id":4567162232}}
{"counter":2169,"type":"move","frame":{"millis":19372,"tic":678},"actor":{"position":{"x":11484358,"y":21133440,"z":2908787,"angle":739413279,"subsector":4566993128},"type":"imp_fireball","health":1000,"id":4567531800}}
{"counter":2170,"type":"move","frame":{"millis":19400,"tic":679},"actor":{"position":{"x":21036915,"y":40170700,"z":3670016,"angle":3372220416,"subsector":4566993528},"type":"player","health":95,"armor":81,"id":4567120880}}
{"counter":2171,"type":"move","frame":{"millis":19400,"tic":679},"actor":{"position":{"x":20974798,"y":40212525,"z":3670016,"angle":3372220416,"subsector":4566993528},"type":"player","health":95,"armor":81,"id":4567120880}}
{"counter":2172,"type":"move","frame":{"millis":19400,"tic":679},"actor":{"position":{"x":18546112,"y":45009344,"z":3670016,"angle":0,"subsector":4566993688},"type":"soldier","health":20,"id":4567131608}}
{"counter":2173,"type":"move","frame":{"millis":19400,"tic":679},"actor":{"position":{"x":7864320,"y":39845888,"z":3670016,"angle":3758096384,"subsector":4566993496},"type":"imp","health":60,"id":4567132400}}
{"counter":2174,"type":"move","frame":{"millis":19400,"tic":679},"actor":{"position":{"x":-2690304,"y":25621248,"z":0,"angle":0,"subsector":4566993432},"type":"imp","health":60,"id":4567132928}}
{"counter":2175,"type":"move","frame":{"millis":19400,"tic":679},"actor":{"position":{"x":12421536,"y":16121856,"z":524288,"angle":1073741824,"subsector":4566993032},"type":"spectre","health":150,"id":4567137416}}
{"counter":2176,"type":"move","frame":{"millis":19400,"tic":679},"actor":{"position":{"x":-32039872,"y":57205696,"z":0,"angle":3221225472,"subsector":4566993352},"type":"soldier","health":20,"id":4567138208}}
{"counter":2177,"type":"move","frame":{"millis":19401,"tic":679},"actor":{"position":{"x":-2086592,"y":29894976,"z":0,"angle":0,"subsector":4566993432},"type":"shotgun_soldier","health":30,"id":4567139792}}
{"damage":12,"counter":2178,"type":"hit","frame":{"millis":19401,"tic":679},"actor":{"position":{"x":-29259584,"y":43187648,"z":0,"angle":4254627764,"subsector":4566993352},"type":"shotgun_soldier","health":30,"id":4567156160},"target":{"position":{"x":7864320,"y":39845888,"z":3670016,"angle":3758096384,"subsector":4566993496},"type":"imp","health":48,"id":4567132400}}
{"counter":2179,"type":"targeted","frame":{"millis":19401,"tic":679},"actor":{"position":{"x":-29259584,"y":43187648,"z":0,"angle":4254627764,"subsector":4566993352},"type":"shotgun_soldier","health":30,"id":4567156160},"target":{"position":{"x":7864320,"y":39845888,"z":3670016,"angle":3758096384,"subsector":4566993496},"type":"imp","health":48,"id":4567132400}}
{"counter":2180,"type":"move","frame":{"millis":19401,"tic":679},"actor":{"position":{"x":56623104,"y":25427968,"z":0,"angle":0,"subsector":4566994312},"type":"spectre","health":150,"id":4567166984}}
{"counter":2181,"type":"move","frame":{"millis":19401,"tic":679},"actor":{"position":{"x":8764608,"y":15029440,"z":0,"angle":536870912,"subsector":4566993032},"type":"imp","health":60,"id":4567172000}}
{"counter":2182,"type":"move","frame":{"millis":19401,"tic":679},"actor":{"position":{"x":2430912,"y":8446912,"z":0,"angle":536870912,"subsector":4566993176},"type":"imp","health":60,"id":4567172264}}
{"counter":2183,"type":"move","frame":{"millis":19401,"tic":679},"actor":{"position":{"x":-3548352,"y":10379712,"z":0,"angle":536870912,"subsector":4566993176},"type":"shotgun_soldier","health":30,"id":4567172528}}
{"counter":2184,"type":"move","frame":{"millis":19401,"tic":679},"actor":{"position":{"x":11792178,"y":21712000,"z":2979364,"angle":739413279,"subsector":4566993144},"type":"imp_fireball","health":1000,"id":4567531800}}
{"counter":2185,"type":"move","frame":{"millis":19429,"tic":680},"actor":{"position":{"x":20974798,"y":40212525,"z":3670016,"angle":3372220416,"subsector":4566993528},"type":"player","health":95,"armor":81,"id":4567120880}}
{"counter":2186,"type":"move","frame":{"millis":19429,"tic":680},"actor":{"position":{"x":20933785,"y":40182493,"z":3670016,"angle":3372220416,"subsector":4566993528},"type":"player","health":95,"armor":81,"id":4567120880}}
{"counter":2187,"type":"move","frame":{"millis":19429,"tic":680},"actor":{"position":{"x":7962231,"y":39837116,"z":3670016,"angle":3758096384,"subsector":4566993496},"type":"imp","health":48,"id":4567132400}}
{"counter":2188,"type":"move","frame":{"millis":19429,"tic":680},"actor":{"position":{"x":-30932992,"y":37038976,"z":0,"angle":1073741824,"subsector":4566993352},"type":"soldier","health":20,"id":4567139528}}
{"counter":2189,"type":"move","frame":{"millis":19429,"tic":680},"actor":{"position":{"x":-17073792,"y":78939776,"z":0,"angle":2147483648,"subsector":4566996760},"type":"shotgun_soldier","health":30,"id":4567155368}}
{"counter":2190,"type":"move","frame":{"millis":19429,"tic":680},"actor":{"position":{"x":-2042864,"y":-13322864,"z":0,"angle":536870912,"subsector":4566992968},"type":"spectre","health":150,"id":4567162232}}
{"counter":2191,"type":"move","frame":{"millis":19429,"tic":680},"actor":{"position":{"x":12099998,"y":22290560,"z":3049941,"angle":739413279,"subsector":4566993144},"type":"imp_fireball","health":1000,"id":4567531800}}
{"counter":2192,"type":"move","frame":{"millis":19459,"tic":681},"actor":{"position":{"x":20933785,"y":40182493,"z":3670016,"angle":3372220416,"subsector":4566993528},"type":"player","health":95,"armor":81,"id":4567120880}}
{"counter":2193,"type":"move","frame":{"millis":19459,"tic":681},"actor":{"position":{"x":20933785,"y":40103326,"z":3670016,"angle":3372220416,"subsector":4566993528},"type":"player","health":95,"armor":81,"id":4567120880}}
{"counter":2194,"type":"move","frame":{"millis":19459,"tic":681},"actor":{"position":{"x":8050962,"y":39829166,"z":3670016,"angle":3758096384,"subsector":4566993496},"type":"imp","health":48,"id":4567132400}}
{"counter":2195,"type":"move","frame":{"millis":19461,"tic":681},"actor":{"position":{"x":12421536,"y":16777216,"z":524288,"angle":1073741824,"subsector":4566993032},"type":"spectre","health":150,"id":4567137416}}
{"counter":2196,"type":"move","frame":{"millis":19461,"tic":681},"actor":{"position":{"x":55971648,"y":19525824,"z":0,"angle":1073741824,"subsector":4566994312},"type":"shotgun_soldier","health":30,"id":4567137680}}
{"counter":2197,"type":"move","frame":{"millis":19461,"tic":681},"actor":{"position":{"x":-30980736,"y":61776000,"z":0,"angle":3758096384,"subsector":4566996712},"type":"shotgun_soldier","health":30,"id":4567155632}}
{"counter":2198,"type":"move","frame":{"millis":19461,"tic":681},"actor":{"position":{"x":-7636608,"y":30112128,"z":0,"angle":0,"subsector":4566993432},"type":"shotgun_soldier","health":30,"id":4567156424}}
{"counter":2199,"type":"move","frame":{"millis":19461,"tic":681},"actor":{"position":{"x":56623104,"y":26083328,"z":0,"angle":536870912,"subsector":4566994312},"type":"spectre","health":150,"id":4567166984}}
{"counter":2200,"type":"move","frame":{"millis":19461,"tic":681},"actor":{"position":{"x":12407818,"y":22869120,"z":3120518,"angle":739413279,"subsector":4566993144},"type":"imp_fireball","health":1000,"id":4567531800}}
{"counter":2201,"type":"move","frame":{"millis":19486,"tic":682},"actor":{"position":{"x":20933785,"y":40103326,"z":3670016,"angle":3372220416,"subsector":4566993528},"type":"player","health":95,"armor":81,"id":4567120880}}
{"weapon_type":1,"counter":2202,"type":"attacked","frame":{"millis":19487,"tic":682},"actor":{"position":{"x":20933785,"y":40103326,"z":3670016,"angle":3372220416,"subsector":4566993528},"type":"player","health":95,"armor":81,"id":4567120880}}
{"counter":2203,"type":"move","frame":{"millis":19487,"tic":682},"actor":{"position":{"x":20933785,"y":39997612,"z":3670016,"angle":3372220416,"subsector":4566993528},"type":"player","health":95,"armor":81,"id":4567120880}}
{"counter":2204,"type":"move","frame":{"millis":19487,"tic":682},"actor":{"position":{"x":8131374,"y":39821961,"z":3670016,"angle":3758096384,"subsector":4566993496},"type":"imp","health":48,"id":4567132400}}
{"counter":2205,"type":"move","frame":{"millis":19487,"tic":682},"actor":{"position":{"x":-2314304,"y":25997248,"z":0,"angle":536870912,"subsector":4566993432},"type":"imp","health":60,"id":4567132928}}
{"counter":2206,"type":"move","frame":{"millis":19487,"tic":682},"actor":{"position":{"x":-30239296,"y":46036800,"z":0,"angle":2147483648,"subsector":4566993352},"type":"soldier","health":20,"id":4567137944}}
{"counter":2207,"type":"move","frame":{"millis":19487,"tic":682},"actor":{"position":{"x":-23513536,"y":79088064,"z":0,"angle":2147483648,"subsector":4566996760},"type":"soldier","health":20,"id":4567138736}}
{"counter":2208,"type":"move","frame":{"millis":19487,"tic":682},"actor":{"position":{"x":-1562304,"y":29894976,"z":0,"angle":0,"subsector":4566993432},"type":"shotgun_soldier","health":30,"id":4567139792}}
{"counter":2209,"type":"move","frame":{"millis":19487,"tic":682},"actor":{"position":{"x":-1572864,"y":-12852864,"z":0,"angle":536870912,"subsector":4566992968},"type":"spectre","health":150,"id":4567162232}}
{"counter":2210,"type":"move","frame":{"millis":19487,"tic":682},"actor":{"position":{"x":9140608,"y":15405440,"z":0,"angle":536870912,"subsector":4566993032},"type":"imp","health":60,"id":4567172000}}
{"counter":2211,"type":"move","frame":{"millis":19487,"tic":682},"actor":{"position":{"x":2806912,"y":8822912,"z":0,"angle":536870912,"subsector":4566993176},"type":"imp","health":60,"id":4567172264}}
{"counter":2212,"type":"move","frame":{"millis":19487,"tic":682},"actor":{"position":{"x":-3172352,"y":10755712,"z":0,"angle":536870912,"subsector":4566993176},"type":"shotgun_soldier","health":30,"id":4567172528}}
{"counter":2213,"type":"move","frame":{"millis":19487,"tic":682},"actor":{"position":{"x":12715638,"y":23447680,"z":3191095,"angle":739413279,"subsector":4566993464},"type":"imp_fireball","health":1000,"id":4567531800}}
{"counter":2214,"type":"move","frame":{"millis":19515,"tic":683},"actor":{"position":{"x":20933785,"y":39997612,"z":3670016,"angle":3372220416,"subsector":4566993528},"type":"player","health":95,"armor":81,"id":4567120880}}
{"counter":2215,"type":"move","frame":{"millis":19516,"tic":683},"actor":{"position":{"x":20925172,"y":39877831,"z":3670016,"angle":3372220416,"subsector":4566993528},"type":"player","health":95,"armor":81,"id":4567120880}}
{"counter":2216,"type":"move","frame":{"millis":19516,"tic":683},"actor":{"position":{"x":19070400,"y":45009344,"z":3670016,"angle":0,"subsector":4566993768},"type":"soldier","health":20,"id":4567131608}}
{"counter":2217,"type":"move","frame":{"millis":19516,"tic":683},"actor":{"position":{"x":26886976,"y":33930432,"z":3670016,"angle":0,"subsector":4566993544},"type":"imp","health":60,"id":4567132136}}
{"counter":2218,"type":"move","frame":{"millis":19516,"tic":683},"actor":{"position":{"x":8204247,"y":39815431,"z":3670016,"angle":3758096384,"subsector":4566993496},"type":"imp","health":48,"id":4567132400}}
{"counter":2219,"type":"move","frame":{"millis":19516,"tic":683},"actor":{"position":{"x":8728535,"y":39815431,"z":3670016,"angle":0,"subsector":4566993496},"type":"imp","health":48,"id":4567132400}}
{"counter":2220,"type":"move","frame":{"millis":19516,"tic":683},"actor":{"position":{"x":12421536,"y":17432576,"z":1048576,"angle":1073741824,"subsector":4566993096},"type":"spectre","health":150,"id":4567137416}}
{"counter":2221,"type":"move","frame":{"millis":19516,"tic":683},"actor":{"position":{"x":-32415872,"y":57581696,"z":0,"angle":3221225472,"subsector":4566993352},"type":"soldier","health":20,"id":4567138208}}
{"counter":2222,"type":"move","frame":{"millis":19516,"tic":683},"actor":{"position":{"x":-17598080,"y":78939776,"z":0,"angle":2147483648,"subsector":4566996760},"type":"shotgun_soldier","health":30,"id":4567155368}}
{"counter":2223,"type":"move","frame":{"millis":19516,"tic":683},"actor":{"position":{"x":56623104,"y":26738688,"z":0,"angle":1073741824,"subsector":4566994312},"type":"spectre","health":150,"id":4567166984}}
{"counter":2224,"type":"move","frame":{"millis":19516,"tic":683},"actor":{"position":{"x":13023458,"y":24026240,"z":3261672,"angle":739413279,"subsector":4566993464},"type":"imp_fireball","health":1000,"id":4567531800}}
{"counter":2225,"type":"move","frame":{"millis":19543,"tic":684},"actor":{"position":{"x":20925172,"y":39877831,"z":3670016,"angle":3372220416,"subsector":4566993528},"type":"player","health":95,"armor":81,"id":4567120880}}
{"counter":2226,"type":"move","frame":{"millis":19543,"tic":684},"actor":{"position":{"x":20922759,"y":39745302,"z":3670016,"angle":3372220416,"subsector":4566993528},"type":"player","health":95,"armor":81,"id":4567120880}}
{"counter":2227,"type":"move","frame":{"millis":19543,"tic":684},"actor":{"position":{"x":8794576,"y":39809513,"z":3670016,"angle":0,"subsector":4566993496},"type":"imp","health":48,"id":4567132400}}
{"counter":2228,"type":"move","frame":{"millis":19543,"tic":684},"actor":{"position":{"x":55971648,"y":20050112,"z":0,"angle":1073741824,"subsector":4566994312},"type":"shotgun_soldier","health":30,"id":4567137680}}
{"counter":2229,"type":"move","frame":{"millis":19544,"tic":684},"actor":{"position":{"x":-30556992,"y":37414976,"z":0,"angle":536870912,"subsector":4566993352},"type":"soldier","health":20,"id":4567139528}}
{"counter":2230,"type":"move","frame":{"millis":19544,"tic":684},"actor":{"position":{"x":-30604736,"y":61400000,"z":0,"angle":3758096384,"subsector":4566996712},"type":"shotgun_soldier","health":30,"id":4567155632}}
{"counter":2231,"type":"move","frame":{"millis":19544,"tic":684},"actor":{"position":{"x":-7112320,"y":30112128,"z":0,"angle":0,"subsector":4566993432},"type":"shotgun_soldier","health":30,"id":4567156424}}
{"counter":2232,"type":"move","frame":{"millis":19544,"tic":684},"actor":{"position":{"x":-2042864,"y":-12382864,"z":0,"angle":536870912,"subsector":4566992968},"type":"spectre","health":150,"id":4567162232}}
{"counter":2233,"type":"move","frame":{"millis":19544,"tic":684},"actor":{"position":{"x":13331278,"y":24604800,"z":3332249,"angle":739413279,"subsector":4566993464},"type":"imp_fireball","health":1000,"id":4567531800}}
{"counter":2234,"type":"move","frame":{"millis":19572,"tic":685},"actor":{"position":{"x":20922759,"y":39745302,"z":3670016,"angle":3372220416,"subsector":4566993528},"type":"player","health":95,"armor":81,"id":4567120880}}
{"counter":2235,"type":"move","frame":{"millis":19572,"tic":685},"actor":{"position":{"x":20923718,"y":39611210,"z":3670016,"angle":3372220416,"subsector":4566993528},"type":"player","health":95,"armor":81,"id":4567120880}}
{"counter":2236,"type":"move","frame":{"millis":19572,"tic":685},"actor":{"position":{"x":8854425,"y":39804149,"z":3670016,"angle":0,"subsector":4566993496},"type":"imp","health":48,"id":4567132400}}
{"counter":2237,"type":"move","frame":{"millis":19572,"tic":685},"actor":{"position":{"x":-1938304,"y":26373248,"z":0,"angle":536870912,"subsector":4566993432},"type":"imp","health":60,"id":4567132928}}
{"counter":2238,"type":"move","frame":{"millis":19572,"tic":685},"actor":{"position":{"x":12421536,"y":16777216,"z":1048576,"angle":1073741824,"subsector":4566993032},"type":"spectre","health":150,"id":4567137416}}
{"counter":2239,"type":"move","frame":{"millis":19572,"tic":685},"actor":{"position":{"x":-1038016,"y":29894976,"z":0,"angle":0,"subsector":4566993432},"type":"shotgun_soldier","health":30,"id":4567139792}}
{"counter":2240,"type":"move","frame":{"millis":19572,"tic":685},"actor":{"position":{"x":56623104,"y":27394048,"z":0,"angle":1073741824,"subsector":4566994312},"type":"spectre","health":150,"id":4567166984}}
{"counter":2241,"type":"move","frame":{"millis":19572,"tic":685},"actor":{"position":{"x":9140608,"y":15929728,"z":0,"angle":536870912,"subsector":4566993032},"type":"imp","health":60,"id":4567172000}}
{"counter":2242,"type":"move","frame":{"millis":19572,"tic":685},"actor":{"position":{"x":3182912,"y":9198912,"z":0,"angle":536870912,"subsector":4566993176},"type":"imp","health":60,"id":4567172264}}
{"counter":2243,"type":"move","frame":{"millis":19572,"tic":685},"actor":{"position":{"x":-2796352,"y":11131712,"z":0,"angle":536870912,"subsector":4566993176},"type":"shotgun_soldier","health":30,"id":4567172528}}
{"counter":2244,"type":"move","frame":{"millis":19572,"tic":685},"actor":{"position":{"x":13639098,"y":25183360,"z":3402826,"angle":739413279,"subsector":4566993480},"type":"imp_fireball","health":1000,"id":4567531800}}
{"counter":2245,"type":"move","frame":{"millis":19600,"tic":686},"actor":{"position":{"x":20923718,"y":39611210,"z":3670016,"angle":3372220416,"subsector":4566993528},"type":"player","health":95,"armor":81,"id":4567120880}}
{"counter":2246,"type":"move","frame":{"millis":19600,"tic":686},"actor":{"position":{"x":20925036,"y":39487690,"z":3670016,"angle":3372220416,"subsector":4566993528},"type":"player","health":95,"armor":81,"id":4567120880}}
{"counter":2247,"type":"move","frame":{"millis":19600,"tic":686},"actor":{"position":{"x":26510976,"y":34306432,"z":3670016,"angle":536870912,"subsector":4566993544},"type":"imp","health":60,"id":4567132136}}
{"counter":2248,"type":"move","frame":{"millis":19600,"tic":686},"actor":{"position":{"x":8908663,"y":39799287,"z":3670016,"angle":0,"subsector":4566993496},"type":"imp","health":48,"id":4567132400}}
{"counter":2249,"type":"move","frame":{"millis":19600,"tic":686},"actor":{"position":{"x":9432951,"y":39799287,"z":3670016,"angle":0,"subsector":4566993496},"type":"imp","health":48,"id":4567132400}}
{"counter":2250,"type":"move","frame":{"millis":19600,"tic":686},"actor":{"position":{"x":-30763584,"y":46036800,"z":0,"angle":2147483648,"subsector":4566993352},"type":"soldier","health":20,"id":4567137944}}
{"counter":2251,"type":"move","frame":{"millis":19600,"tic":686},"actor":{"position":{"x":-24037824,"y":79088064,"z":0,"angle":2147483648,"subsector":4566996760},"type":"soldier","health":20,"id":4567138736}}
{"counter":2252,"type":"move","frame":{"millis":19600,"tic":686},"actor":{"position":{"x":-18122368,"y":78939776,"z":0,"angle":2147483648,"subsector":4566996760},"type":"shotgun_soldier","health":30,"id":4567155368}}
{"counter":2253,"type":"move","frame":{"millis":19600,"tic":686},"actor":{"position":{"x":-2512864,"y":-11912864,"z":0,"angle":1073741824,"subsector":4566992968},"type":"spectre","health":150,"id":4567162232}}
{"counter":2254,"type":"move","frame":{"millis":19600,"tic":686},"actor":{"position":{"x":13946918,"y":25761920,"z":3473403,"angle":739413279,"subsector":4566993480},"type":"imp_fireball","health":1000,"id":4567531800}}
{"counter":2255,"type":"move","frame":{"millis":19629,"tic":687},"actor":{"position":{"x":20925036,"y":39487690,"z":3670016,"angle":3372220416,"subsector":4566993528},"type":"player","health":95,"armor":81,"id":4567120880}}
{"counter":2256,"type":"move","frame":{"millis":19629,"tic":687},"actor":{"position":{"x":20925780,"y":39377748,"z":3670016,"angle":3372220416,"subsector":4566993528},"type":"player","health":95,"armor":81,"id":4567120880}}
{"counter":2257,"type":"move","frame":{"millis":19629,"tic":687},"actor":{"position":{"x":19594688,"y":45009344,"z":3670016,"angle":0,"subsector":4566993768},"type":"soldier","health":20,"id":4567131608}}
{"counter":2258,"type":"move","frame":{"millis":19629,"tic":687},"actor":{"position":{"x":9482104,"y":39794880,"z":3670016,"angle":0,"subsector":4566993496},"type":"imp","health":48,"id":4567132400}}
{"counter":2259,"type":"move","frame":{"millis":19629,"tic":687},"actor":{"position":{"x":12421536,"y":16121856,"z":1048576,"angle":1610612736,"subsector":4566993032},"type":"spectre","health":150,"id":4567137416}}
{"counter":2260,"type":"move","frame":{"millis":19629,"tic":687},"actor":{"position":{"x":55971648,"y":20574400,"z":0,"angle":1073741824,"subsector":4566994312},"type":"shotgun_soldier","health":30,"id":4567137680}}
{"counter":2261,"type":"move","frame":{"millis":19629,"tic":687},"actor":{"position":{"x":-32791872,"y":57957696,"z":0,"angle":2684354560,"subsector":4566993352},"type":"soldier","health":20,"id":4567138208}}
{"counter":2262,"type":"move","frame":{"millis":19629,"tic":687},"actor":{"position":{"x":-30080448,"y":61400000,"z":0,"angle":3758096384,"subsector":4566996712},"type":"shotgun_soldier","health":30,"id":4567155632}}
{"counter":2263,"type":"move","frame":{"millis":19629,"tic":687},"actor":{"position":{"x":-6588032,"y":30112128,"z":0,"angle":0,"subsector":4566993432},"type":"shotgun_soldier","health":30,"id":4567156424}}
{"counter":2264,"type":"move","frame":{"millis":19629,"tic":687},"actor":{"position":{"x":57278464,"y":27394048,"z":0,"angle":1073741824,"subsector":4566994312},"type":"spectre","health":150,"id":4567166984}}
{"counter":2265,"type":"move","frame":{"millis":19629,"tic":687},"actor":{"position":{"x":14254738,"y":26340480,"z":3543980,"angle":739413279,"subsector":4566993496},"type":"imp_fireball","health":1000,"id":4567531800}}
{"counter":2266,"type":"move","frame":{"millis":19658,"tic":688},"actor":{"position":{"x":20925780,"y":39377748,"z":3670016,"angle":3372220416,"subsector":4566993528},"type":"player","health":95,"armor":81,"id":4567120880}}
{"counter":2267,"type":"move","frame":{"millis":19658,"tic":688},"actor":{"position":{"x":20921959,"y":39298093,"z":3670016,"angle":3372220416,"subsector":4566993528},"type":"player","health":95,"armor":81,"id":4567120880}}
{"counter":2268,"type":"move","frame":{"millis":19658,"tic":688},"actor":{"position":{"x":9526648,"y":39790886,"z":3670016,"angle":0,"subsector":4566993496},"type":"imp","health":48,"id":4567132400}}
{"counter":2269,"type":"move","frame":{"millis":19658,"tic":688},"actor":{"position":{"x":-1562304,"y":26749248,"z":0,"angle":536870912,"subsector":4566993432},"type":"imp","health":60,"id":4567132928}}
{"counter":2270,"type":"move","frame":{"millis":19658,"tic":688},"actor":{"position":{"x":-30180992,"y":37790976,"z":0,"angle":536870912,"subsector":4566993352},"type":"soldier","health":20,"id":4567139528}}
{"counter":2271,"type":"move","frame":{"millis":19658,"tic":688},"actor":{"position":{"x":-513728,"y":29894976,"z":0,"angle":0,"subsector":4566993432},"type":"shotgun_soldier","health":30,"id":4567139792}}
{"counter":2272,"type":"move","frame":{"millis":19658,"tic":688},"actor":{"position":{"x":-2982864,"y":-11442864,"z":0,"angle":1610612736,"subsector":4566992968},"type":"spectre","health":150,"id":4567162232}}
{"counter":2273,"type":"move","frame":{"millis":19658,"tic":688},"actor":{"position":{"x":9140608,"y":16454016,"z":524288,"angle":1073741824,"subsector":4566993032},"type":"imp","health":60,"id":4567172000}}
{"counter":2274,"type":"move","frame":{"millis":19658,"tic":688},"actor":{"position":{"x":3182912,"y":9723200,"z":0,"angle":536870912,"subsector":4566993176},"type":"imp","health":60,"id":4567172264}}
{"counter":2275,"type":"move","frame":{"millis":19658,"tic":688},"actor":{"position":{"x":-2420352,"y":11507712,"z":0,"angle":536870912,"subsector":4566993176},"type":"shotgun_soldier","health":30,"id":4567172528}}
{"counter":2276,"type":"move","frame":{"millis":19686,"tic":689},"actor":{"position":{"x":20921959,"y":39298093,"z":3670016,"angle":3372220416,"subsector":4566993528},"type":"player","health":95,"armor":81,"id":4567120880}}
{"counter":2277,"type":"move","frame":{"millis":19686,"tic":689},"actor":{"position":{"x":20905011,"y":39285846,"z":3670016,"angle":3372220416,"subsector":4566993528},"type":"player","health":95,"armor":81,"id":4567120880}}
{"counter":2278,"type":"move","frame":{"millis":19686,"tic":689},"actor":{"position":{"x":25986688,"y":34306432,"z":3670016,"angle":1073741824,"subsector":4566993544},"type":"imp","health":60,"id":4567132136}}
{"counter":2279,"type":"move","frame":{"millis":19686,"tic":689},"actor":{"position":{"x":9567016,"y":39787266,"z":3670016,"angle":0,"subsector":4566993496},"type":"imp","health":48,"id":4567132400}}
{"counter":2280,"type":"move","frame":{"millis":19686,"tic":689},"actor":{"position":{"x":10091304,"y":39787266,"z":3670016,"angle":0,"subsector":4566993496},"type":"imp","health":48,"id":4567132400}}
{"counter":2281,"type":"move","frame":{"millis":19686,"tic":689},"actor":{"position":{"x":12421536,"y":15466496,"z":524288,"angle":2147483648,"subsector":4566993032},"type":"spectre","health":150,"id":4567137416}}
{"counter":2282,"type":"move","frame":{"millis":19686,"tic":689},"actor":{"position":{"x":-18646656,"y":78939776,"z":0,"angle":2147483648,"subsector":4566996760},"type":"shotgun_soldier","health":30,"id":4567155368}}
{"counter":2283,"type":"move","frame":{"millis":19686,"tic":689},"actor":{"position":{"x":57933824,"y":27394048,"z":0,"angle":536870912,"subsector":4566994312},"type":"spectre","health":150,"id":4567166984}}
{"counter":2284,"type":"move","frame":{"millis":19715,"tic":690},"actor":{"position":{"x":20905011,"y":39285846,"z":3670016,"angle":3372220416,"subsector":4566993528},"type":"player","health":95,"armor":81,"id":4567120880}}
{"counter":2285,"type":"move","frame":{"millis":19715,"tic":690},"actor":{"position":{"x":20874369,"y":39342681,"z":3670016,"angle":3372220416,"subsector":4566993528},"type":"player","health":95,"armor":81,"id":4567120880}}
{"counter":2286,"type":"move","frame":{"millis":19715,"tic":690},"actor":{"position":{"x":10127887,"y":39783985,"z":3670016,"angle":0,"subsector":4566993496},"type":"imp","health":48,"id":4567132400}}
{"counter":2287,"type":"move","frame":{"millis":19715,"tic":690},"actor":{"position":{"x":55971648,"y":21098688,"z":0,"angle":1073741824,"subsector":4566994312},"type":"shotgun_soldier","health":30,"id":4567137680}}
{"counter":2288,"type":"move","frame":{"millis":19715,"tic":690},"actor":{"position":{"x":-31287872,"y":46036800,"z":0,"angle":2147483648,"subsector":4566993352},"type":"soldier","health":20,"id":4567137944}}
{"counter":2289,"type":"move","frame":{"millis":19715,"tic":690},"actor":{"position":{"x":-24562112,"y":79088064,"z":0,"angle":2147483648,"subsector":4566996696},"type":"soldier","health":20,"id":4567138736}}
{"counter":2290,"type":"move","frame":{"millis":19715,"tic":690},"actor":{"position":{"x":-29556160,"y":61400000,"z":0,"angle":0,"subsector":4566996712},"type":"shotgun_soldier","health":30,"id":4567155632}}
{"counter":2291,"type":"move","frame":{"millis":19715,"tic":690},"actor":{"position":{"x":-6063744,"y":30112128,"z":0,"angle":0,"subsector":4566993432},"type":"shotgun_soldier","health":30,"id":4567156424}}
{"counter":2292,"type":"move","frame":{"millis":19715,"tic":690},"actor":{"position":{"x":-3452864,"y":-10972864,"z":0,"angle":1610612736,"subsector":4566992968},"type":"spectre","health":150,"id":4567162232}}
{"counter":2293,"type":"move","frame":{"millis":19743,"tic":691},"actor":{"position":{"x":20874369,"y":39342681,"z":3670016,"angle":3372220416,"subsector":4566993528},"type":"player","health":95,"armor":81,"id":4567120880}}
{"counter":2294,"type":"move","frame":{"millis":19743,"tic":691},"actor":{"position":{"x":20831766,"y":39460123,"z":3670016,"angle":3372220416,"subsector":4566993528},"type":"player","health":95,"armor":81,"id":4567120880}}
{"counter":2295,"type":"move","frame":{"millis":19743,"tic":691},"actor":{"position":{"x":20118976,"y":45009344,"z":3670016,"angle":0,"subsector":4566993768},"type":"soldier","health":20,"id":4567131608}}
{"counter":2296,"type":"move","frame":{"millis":19743,"tic":691},"actor":{"position":{"x":10161040,"y":39781011,"z":3670016,"angle":0,"subsector":4566993496},"type":"imp","health":48,"id":4567132400}}
{"counter":2297,"type":"move","frame":{"millis":19743,"tic":691},"actor":{"position":{"x":-1186304,"y":27125248,"z":0,"angle":536870912,"subsector":4566993432},"type":"imp","health":60,"id":4567132928}}
{"counter":2298,"type":"move","frame":{"millis":19743,"tic":691},"actor":{"position":{"x":12421536,"y":14811136,"z":524288,"angle":2684354560,"subsector":4566993032},"type":"spectre","health":150,"id":4567137416}}
{"counter":2299,"type":"move","frame":{"millis":19743,"tic":691},"actor":{"position":{"x":-33167872,"y":58333696,"z":0,"angle":2147483648,"subsector":4566993352},"type":"soldier","health":20,"id":4567138208}}
{"counter":2300,"type":"move","frame":{"millis":19743,"tic":691},"actor":{"position":{"x":10560,"y":29894976,"z":0,"angle":0,"subsector":4566993432},"type":"shotgun_soldier","health":30,"id":4567139792}}
{"counter":2301,"type":"move","frame":{"millis":19743,"tic":691},"actor":{"position":{"x":58589184,"y":27394048,"z":0,"angle":0,"subsector":4566994312},"type":"spectre","health":150,"id":4567166984}}
{"counter":2302,"type":"move","frame":{"millis":19743,"tic":691},"actor":{"position":{"x":9140608,"y":16978304,"z":524288,"angle":1073741824,"subsector":4566993096},"type":"imp","health":60,"id":4567172000}}
{"counter":2303,"type":"move","frame":{"millis":19743,"tic":691},"actor":{"position":{"x":3182912,"y":10247488,"z":0,"angle":1073741824,"subsector":4566993176},"type":"imp","health":60,"id":4567172264}}
{"counter":2304,"type":"move","frame":{"millis":19743,"tic":691},"actor":{"position":{"x":-2044352,"y":11883712,"z":0,"angle":536870912,"subsector":4566993176},"type":"shotgun_soldier","health":30,"id":4567172528}}
{"counter":2305,"type":"move","frame":{"millis":19773,"tic":692},"actor":{"position":{"x":20831766,"y":39460123,"z":3670016,"angle":3372220416,"subsector":4566993528},"type":"player","health":95,"armor":81,"id":4567120880}}
{"counter":2306,"type":"move","frame":{"millis":19773,"tic":692},"actor":{"position":{"x":20792707,"y":39568552,"z":3670016,"angle":3372220416,"subsector":4566993528},"type":"player","health":95,"armor":81,"id":4567120880}}
{"counter":2307,"type":"move","frame":{"millis":19773,"tic":692},"actor":{"position":{"x":25462400,"y":34306432,"z":3670016,"angle":1610612736,"subsector":4566993544},"type":"imp","health":60,"id":4567132136}}
{"counter":2308,"type":"move","frame":{"millis":19773,"tic":692},"actor":{"position":{"x":10191084,"y":39778315,"z":3670016,"angle":0,"subsector":4566993496},"type":"imp","health":48,"id":4567132400}}
{"counter":2309,"type":"move","frame":{"millis":19773,"tic":692},"actor":{"position":{"x":10715372,"y":39778315,"z":3670016,"angle":0,"subsector":4566993496},"type":"imp","health":48,"id":4567132400}}
{"counter":2310,"type":"move","frame":{"millis":19773,"tic":692},"actor":{"position":{"x":-29804992,"y":38166976,"z":0,"angle":536870912,"subsector":4566993352},"type":"soldier","health":20,"id":4567139528}}
{"counter":2311,"type":"move","frame":{"millis":19773,"tic":692},"actor":{"position":{"x":-19170944,"y":78939776,"z":0,"angle":2147483648,"subsector":4566996760},"type":"shotgun_soldier","health":30,"id":4567155368}}
{"counter":2312,"type":"move","frame":{"millis":19773,"tic":692},"actor":{"position":{"x":-3922864,"y":-10502864,"z":0,"angle":1610612736,"subsector":4566992968},"type":"spectre","health":150,"id":4567162232}}
{"counter":2313,"type":"move","frame":{"millis":19800,"tic":693},"actor":{"position":{"x":20792707,"y":39568552,"z":3670016,"angle":3372220416,"subsector":4566993528},"type":"player","health":95,"armor":81,"id":4567120880}}
{"counter":2314,"type":"move","frame":{"millis":19800,"tic":693},"actor":{"position":{"x":20757758,"y":39664816,"z":3670016,"angle":3372220416,"subsector":4566993528},"type":"player","health":95,"armor":81,"id":4567120880}}
{"counter":2315,"type":"move","frame":{"millis":19800,"tic":693},"actor":{"position":{"x":10742599,"y":39775871,"z":3670016,"angle":0,"subsector":4566993496},"type":"imp","health":48,"id":4567132400}}
{"counter":2316,"type":"move","frame":{"millis":19800,"tic":693},"actor":{"position":{"x":12421536,"y":14155776,"z":0,"angle":3221225472,"subsector":4566993032},"type":"spectre","health":150,"id":4567137416}}
{"counter":2317,"type":"move","frame":{"millis":19800,"tic":693},"actor":{"position":{"x":55971648,"y":21622976,"z":0,"angle":1073741824,"subsector":4566994312},"type":"shotgun_soldier","health":30,"id":4567137680}}
{"counter":2318,"type":"move","frame":{"millis":19800,"tic":693},"actor":{"position":{"x":-29031872,"y":61400000,"z":0,"angle":0,"subsector":4566996712},"type":"shotgun_soldier","health":30,"id":4567155632}}
{"counter":2319,"type":"move","frame":{"millis":19800,"tic":693},"actor":{"position":{"x":-5539456,"y":30112128,"z":0,"angle":0,"subsector":4566993432},"type":"shotgun_soldier","health":30,"id":4567156424}}
{"counter":2320,"type":"move","frame":{"millis":19800,"tic":693},"actor":{"position":{"x":59244544,"y":27394048,"z":0,"angle":0,"subsector":4566994312},"type":"spectre","health":150,"id":4567166984}}
{"counter":2321,"type":"move","frame":{"millis":19830,"tic":694},"actor":{"position":{"x":20757758,"y":39664816,"z":3670016,"angle":3372220416,"subsector":4566993528},"type":"player","health":95,"armor":81,"id":4567120880}}
{"counter":2322,"type":"move","frame":{"millis":19830,"tic":694},"actor":{"position":{"x":20728781,"y":39740066,"z":3670016,"angle":3372220416,"subsector":4566993528},"type":"player","health":95,"armor":81,"id":4567120880}}
{"counter":2323,"type":"move","frame":{"millis":19830,"tic":694},"actor":{"position":{"x":10767273,"y":39773656,"z":3670016,"angle":0,"subsector":4566993496},"type":"imp","health":48,"id":4567132400}}
{"counter":2324,"type":"move","frame":{"millis":19830,"tic":694},"actor":{"position":{"x":-662016,"y":27125248,"z":0,"angle":536870912,"subsector":4566993432},"type":"imp","health":60,"id":4567132928}}
{"counter":2325,"type":"move","frame":{"millis":19830,"tic":694},"actor":{"position":{"x":-31812160,"y":46036800,"z":0,"angle":2147483648,"subsector":4566993352},"type":"soldier","health":20,"id":4567137944}}
{"counter":2326,"type":"move","frame":{"millis":19830,"tic":694},"actor":{"position":{"x":-25086400,"y":79088064,"z":0,"angle":2147483648,"subsector":4566996696},"type":"soldier","health":20,"id":4567138736}}
{"counter":2327,"type":"move","frame":{"millis":19830,"tic":694},"actor":{"position":{"x":534848,"y":29894976,"z":0,"angle":0,"subsector":4566993432},"type":"shotgun_soldier","health":30,"id":4567139792}}
{"counter":2328,"type":"move","frame":{"millis":19830,"tic":694},"actor":{"position":{"x":-4392864,"y":-10032864,"z":0,"angle":1610612736,"subsector":4566992968},"type":"spectre","health":150,"id":4567162232}}
{"counter":2329,"type":"move","frame":{"millis":19830,"tic":694},"actor":{"position":{"x":9140608,"y":17502592,"z":524288,"angle":1073741824,"subsector":4566993096},"type":"imp","health":60,"id":4567172000}}
{"counter":2330,"type":"move","frame":{"millis":19830,"tic":694},"actor":{"position":{"x":3182912,"y":10771776,"z":0,"angle":1073741824,"subsector":4566993176},"type":"imp","health":60,"id":4567172264}}
{"counter":2331,"type":"move","frame":{"millis":19830,"tic":694},"actor":{"position":{"x":-1668352,"y":12259712,"z":0,"angle":536870912,"subsector":4566993176},"type":"shotgun_soldier","health":30,"id":4567172528}}
{"counter":2332,"type":"move","frame":{"millis":19858,"tic":695},"actor":{"position":{"x":20728781,"y":39740066,"z":3670016,"angle":3372220416,"subsector":4566993528},"type":"player","health":95,"armor":81,"id":4567120880}}
{"counter":2333,"type":"move","frame":{"millis":19859,"tic":695},"actor":{"position":{"x":20704317,"y":39800268,"z":3670016,"angle":3372220416,"subsector":4566993528},"type":"player","health":95,"armor":81,"id":4567120880}}
{"counter":2334,"type":"move","frame":{"millis":19859,"tic":695},"actor":{"position":{"x":20643264,"y":45009344,"z":3670016,"angle":0,"subsector":4566993768},"type":"soldier","health":20,"id":4567131608}}
{"counter":2335,"type":"move","frame":{"millis":19859,"tic":695},"actor":{"position":{"x":24938112,"y":34306432,"z":3670016,"angle":2147483648,"subsector":4566993528},"type":"imp","health":60,"id":4567132136}}
{"counter":2336,"type":"move","frame":{"millis":19859,"tic":695},"actor":{"position":{"x":10789633,"y":39771648,"z":3670016,"angle":0,"subsector":4566993496},"type":"imp","health":48,"id":4567132400}}
{"counter":2337,"type":"move","frame":{"millis":19859,"tic":695},"actor":{"position":{"x":11313921,"y":39771648,"z":3670016,"angle":0,"subsector":4566993496},"type":"imp","health":48,"id":4567132400}}
{"counter":2338,"type":"move","frame":{"millis":19859,"tic":695},"actor":{"position":{"x":12421536,"y":13500416,"z":0,"angle":3221225472,"subsector":4566993032},"type":"spectre","health":150,"id":4567137416}}
{"counter":2339,"type":"move","frame":{"millis":19859,"tic":695},"actor":{"position":{"x":-33543872,"y":58709696,"z":0,"angle":1610612736,"subsector":4566993352},"type":"soldier","health":20,"id":4567138208}}
{"counter":2340,"type":"move","frame":{"millis":19859,"tic":695},"actor":{"position":{"x":-19695232,"y":78939776,"z":0,"angle":2147483648,"subsector":4566996760},"type":"shotgun_soldier","health":30,"id":4567155368}}
{"counter":2341,"type":"move","frame":{"millis":19859,"tic":695},"actor":{"position":{"x":59899904,"y":27394048,"z":0,"angle":0,"subsector":4566994312},"type":"spectre","health":150,"id":4567166984}}
{"counter":2342,"type":"move","frame":{"millis":19886,"tic":696},"actor":{"position":{"x":20704317,"y":39800268,"z":3670016,"angle":3372220416,"subsector":4566993528},"type":"player","health":95,"armor":81,"id":4567120880}}
{"weapon_type":1,"counter":2343,"type":"attacked","frame":{"millis":19886,"tic":696},"actor":{"position":{"x":20704317,"y":39800268,"z":3670016,"angle":3372220416,"subsector":4566993528},"type":"player","health":95,"armor":81,"id":4567120880}}
{"counter":2344,"type":"move","frame":{"millis":19886,"tic":696},"actor":{"position":{"x":20683044,"y":39850829,"z":3670016,"angle":3372220416,"subsector":4566993528},"type":"player","health":95,"armor":81,"id":4567120880}}
{"counter":2345,"type":"move","frame":{"millis":19886,"tic":696},"actor":{"position":{"x":11334184,"y":39769828,"z":3670016,"angle":0,"subsector":4566993496},"type":"imp","health":48,"id":4567132400}}
{"counter":2346,"type":"move","frame":{"millis":19886,"tic":696},"actor":{"position":{"x":55971648,"y":22147264,"z":0,"angle":1073741824,"subsector":4566994312},"type":"shotgun_soldier","health":30,"id":4567137680}}
{"counter":2347,"type":"move","frame":{"millis":19886,"tic":696},"actor":{"position":{"x":-29428992,"y":38542976,"z":0,"angle":536870912,"subsector":4566993352},"type":"soldier","health":20,"id":4567139528}}
{"counter":2348,"type":"move","frame":{"millis":19886,"tic":696},"actor":{"position":{"x":-29407872,"y":61776000,"z":0,"angle":0,"subsector":4566996712},"type":"shotgun_soldier","health":30,"id":4567155632}}
{"counter":2349,"type":"move","frame":{"millis":19886,"tic":696},"actor":{"position":{"x":-5015168,"y":30112128,"z":0,"angle":0,"subsector":4566993432},"type":"shotgun_soldier","health":30,"id":4567156424}}
{"counter":2350,"type":"move","frame":{"millis":19886,"tic":696},"actor":{"position":{"x":-4862864,"y":-9562864,"z":0,"angle":1610612736,"subsector":4566992968},"type":"spectre","health":150,"id":4567162232}}
{"counter":2351,"type":"move","frame":{"millis":19916,"tic":697},"actor":{"position":{"x":20663765,"y":39896649,"z":3670016,"angle":3372220416,"subsector":4566993528},"type":"player","health":95,"armor":81,"id":4567120880}}
{"counter":2352,"type":"move","frame":{"millis":19916,"tic":697},"actor":{"position":{"x":11352547,"y":39768178,"z":3670016,"angle":0,"subsector":4566993496},"type":"imp","health":48,"id":4567132400}}
{"damage":4,"counter":2353,"type":"hit","frame":{"millis":19916,"tic":697},"actor":{"position":{"x":18567232,"y":42297920,"z":3670016,"angle":3711835808,"subsector":4566993528},"type":"imp","health":60,"id":4567132664},"target":{"position":{"x":20663765,"y":39896649,"z":3670016,"angle":3372220416,"subsector":4566993528},"type":"player","health":91,"armor":79,"id":4567120880}}
{"counter":2354,"type":"move","frame":{"millis":19916,"tic":697},"actor":{"position":{"x":-137728,"y":27125248,"z":0,"angle":0,"subsector":4566993432},"type":"imp","health":60,"id":4567132928}}
{"counter":2355,"type":"move","frame":{"millis":19916,"tic":697},"actor":{"position":{"x":12421536,"y":12845056,"z":0,"angle":3221225472,"subsector":4566993032},"type":"spectre","health":150,"id":4567137416}}
{"counter":2356,"type":"move","frame":{"millis":19916,"tic":697},"actor":{"position":{"x":1059136,"y":29894976,"z":0,"angle":0,"subsector":4566993432},"type":"shotgun_soldier","health":30,"id":4567139792}}
{"counter":2357,"type":"move","frame":{"millis":19916,"tic":697},"actor":{"position":{"x":59429904,"y":26924048,"z":0,"angle":0,"subsector":4566994312},"type":"spectre","health":150,"id":4567166984}}
{"counter":2358,"type":"move","frame":{"millis":19916,"tic":697},"actor":{"position":{"x":9140608,"y":18026880,"z":1048576,"angle":1073741824,"subsector":4566993096},"type":"imp","health":60,"id":4567172000}}
{"counter":2359,"type":"move","frame":{"millis":19916,"tic":697},"actor":{"position":{"x":2806912,"y":11147776,"z":0,"angle":1073741824,"subsector":4566993176},"type":"imp","health":60,"id":4567172264}}
{"counter":2360,"type":"move","frame":{"millis":19916,"tic":697},"actor":{"position":{"x":-1292352,"y":12635712,"z":0,"angle":536870912,"subsector":4566993176},"type":"shotgun_soldier","health":30,"id":4567172528}}
{"counter":2361,"type":"move","frame":{"millis":19944,"tic":698},"actor":{"position":{"x":20663765,"y":39896649,"z":3670016,"angle":3372220416,"subsector":4566993528},"type":"player","health":91,"armor":79,"id":4567120880}}
{"counter":2362,"type":"move","frame":{"millis":19944,"tic":698},"actor":{"position":{"x":20677712,"y":39905136,"z":3670016,"angle":3372220416,"subsector":4566993528},"type":"player","health":91,"armor":79,"id":4567120880}}
{"counter":2363,"type":"move","frame":{"millis":19944,"tic":698},"actor":{"position":{"x":24413824,"y":34306432,"z":3670016,"angle":2147483648,"subsector":4566993528},"type":"imp","health":60,"id":4567132136}}
{"counter":2364,"type":"move","frame":{"millis":19944,"tic":698},"actor":{"position":{"x":11369188,"y":39766682,"z":3670016,"angle":0,"subsector":4566993496},"type":"imp","health":48,"id":4567132400}}
{"counter":2365,"type":"move","frame":{"millis":19944,"tic":698},"actor":{"position":{"x":11893476,"y":39766682,"z":3670016,"angle":0,"subsector":4566993496},"type":"imp","health":48,"id":4567132400}}
{"counter":2366,"type":"move","frame":{"millis":19944,"tic":698},"actor":{"position":{"x":-32336448,"y":46036800,"z":0,"angle":2147483648,"subsector":4566993352},"type":"soldier","health":20,"id":4567137944}}
{"counter":2367,"type":"move","frame":{"millis":19944,"tic":698},"actor":{"position":{"x":-25610688,"y":79088064,"z":0,"angle":2147483648,"subsector":4566996696},"type":"soldier","health":20,"id":4567138736}}
{"counter":2368,"type":"move","frame":{"millis":19944,"tic":698},"actor":{"position":{"x":-20219520,"y":78939776,"z":0,"angle":2147483648,"subsector":4566996760},"type":"shotgun_soldier","health":30,"id":4567155368}}
{"counter":2369,"type":"move","frame":{"millis":19944,"tic":698},"actor":{"position":{"x":-5332864,"y":-9092864,"z":0,"angle":1610612736,"subsector":4566992968},"type":"spectre","health":150,"id":4567162232}}
{"counter":2370,"type":"move","frame":{"millis":19972,"tic":699},"actor":{"position":{"x":20677712,"y":39905136,"z":3670016,"angle":3372220416,"subsector":4566993528},"type":"player","health":91,"armor":79,"id":4567120880}}
{"counter":2371,"type":"move","frame":{"millis":19972,"tic":699},"actor":{"position":{"x":20689452,"y":39916823,"z":3670016,"angle":3372220416,"subsector":4566993528},"type":"player","health":91,"armor":79,"id":4567120880}}
{"counter":2372,"type":"move","frame":{"millis":19972,"tic":699},"actor":{"position":{"x":21167552,"y":45009344,"z":3670016,"angle":0,"subsector":4566993768},"type":"soldier","health":20,"id":4567131608}}
{"counter":2373,"type":"move","frame":{"millis":19972,"tic":699},"actor":{"position":{"x":11908556,"y":39765326,"z":3670016,"angle":0,"subsector":4566993496},"type":"imp","health":48,"id":4567132400}}
{"counter":2374,"type":"move","frame":{"millis":19972,"tic":699},"actor":{"position":{"x":12421536,"y":12189696,"z":0,"angle":3221225472,"subsector":4566993032},"type":"spectre","health":150,"id":4567137416}}
{"counter":2375,"type":"move","frame":{"millis":19972,"tic":699},"actor":{"position":{"x":55971648,"y":22671552,"z":0,"angle":1073741824,"subsector":4566994312},"type":"shotgun_soldier","health":30,"id":4567137680}}
{"counter":2376,"type":"move","frame":{"millis":19972,"tic":699},"actor":{"position":{"x":-33919872,"y":59085696,"z":0,"angle":1610612736,"subsector":4566996712},"type":"soldier","health":20,"id":4567138208}}
{"counter":2377,"type":"move","frame":{"millis":19972,"tic":699},"actor":{"position":{"x":-29783872,"y":62152000,"z":0,"angle":536870912,"subsector":4566996712},"type":"shotgun_soldier","health":30,"id":4567155632}}
{"counter":2378,"type":"move","frame":{"millis":19972,"tic":699},"actor":{"position":{"x":-28883584,"y":42811648,"z":0,"angle":3221225472,"subsector":4566993352},"type":"shotgun_soldier","health":30,"id":4567156160}}
{"counter":2379,"type":"move","frame":{"millis":19972,"tic":699},"actor":{"position":{"x":-4490880,"y":30112128,"z":0,"angle":0,"subsector":4566993432},"type":"shotgun_soldier","health":30,"id":4567156424}}
{"counter":2380,"type":"move","frame":{"millis":19972,"tic":699},"actor":{"position":{"x":58959904,"y":26454048,"z":0,"angle":3758096384,"subsector":4566994312},"type":"spectre","health":150,"id":4567166984}}
{"counter":2381,"type":"move","frame":{"millis":20000,"tic":700},"actor":{"position":{"x":20689452,"y":39916823,"z":3670016,"angle":3372220416,"subsector":4566993528},"type":"player","health":91,"armor":79,"id":4567120880}}
{"counter":2382,"type":"move","frame":{"millis":20000,"tic":700},"actor":{"position":{"x":20699192,"y":39931410,"z":3670016,"angle":3372220416,"subsector":4566993528},"type":"player","health":91,"armor":79,"id":4567120880}}
{"counter":2383,"type":"move","frame":{"millis":20000,"tic":700},"actor":{"position":{"x":11922222,"y":39764097,"z":3670016,"angle":0,"subsector":4566993496},"type":"imp","health":48,"id":4567132400}}
{"counter":2384,"type":"move","frame":{"millis":20000,"tic":700},"actor":{"position":{"x":386560,"y":27125248,"z":0,"angle":0,"subsector":4566993432},"type":"imp","health":60,"id":4567132928}}
{"counter":2385,"type":"move","frame":{"millis":20000,"tic":700},"actor":{"position":{"x":-29052992,"y":38918976,"z":0,"angle":536870912,"subsector":4566993352},"type":"soldier","health":20,"id":4567139528}}
{"counter":2386,"type":"move","frame":{"millis":20000,"tic":700},"actor":{"position":{"x":1583424,"y":29894976,"z":0,"angle":0,"subsector":4566993432},"type":"shotgun_soldier","health":30,"id":4567139792}}
{"counter":2387,"type":"move","frame":{"millis":20000,"tic":700},"actor":{"position":{"x":-4677504,"y":-9092864,"z":0,"angle":1610612736,"subsector":4566992968},"type":"spectre","health":150,"id":4567162232}}
{"counter":2388,"type":"move","frame":{"millis":20000,"tic":700},"actor":{"position":{"x":9140608,"y":18551168,"z":1048576,"angle":1073741824,"subsector":4566993112},"type":"imp","health":60,"id":4567172000}}
{"counter":2389,"type":"move","frame":{"millis":20000,"tic":700},"actor":{"position":{"x":2430912,"y":11523776,"z":0,"angle":1610612736,"subsector":4566993176},"type":"imp","health":60,"id":4567172264}}
{"counter":2390,"type":"move","frame":{"millis":20000,"tic":700},"actor":{"position":{"x":-916352,"y":13011712,"z":0,"angle":536870912,"subsector":4566993176},"type":"shotgun_soldier","health":30,"id":4567172528}}
{"counter":2391,"type":"move","frame":{"millis":20029,"tic":701},"actor":{"position":{"x":20699192,"y":39931410,"z":3670016,"angle":3372220416,"subsector":4566993528},"type":"player","health":91,"armor":79,"id":4567120880}}
{"counter":2392,"type":"move","frame":{"millis":20029,"tic":701},"actor":{"position":{"x":20706669,"y":39931410,"z":3670016,"angle":3372220416,"subsector":4566993528},"type":"player","health":91,"armor":79,"id":4567120880}}
{"counter":2393,"type":"move","frame":{"millis":20029,"tic":701},"actor":{"position":{"x":23889536,"y":34306432,"z":3670016,"angle":2147483648,"subsector":4566993528},"type":"imp","health":60,"id":4567132136}}
{"counter":2394,"type":"move","frame":{"millis":20029,"tic":701},"actor":{"position":{"x":11934606,"y":39762983,"z":3670016,"angle":0,"subsector":4566993496},"type":"imp","health":48,"id":4567132400}}
{"counter":2395,"type":"move","frame":{"millis":20029,"tic":701},"actor":{"position":{"x":12458894,"y":39762983,"z":3670016,"angle":0,"subsector":4566993496},"type":"imp","health":48,"id":4567132400}}
{"counter":2396,"type":"move","frame":{"millis":20029,"tic":701},"actor":{"position":{"x":12421536,"y":11534336,"z":0,"angle":3221225472,"subsector":4566993032},"type":"spectre","health":150,"id":4567137416}}
{"counter":2397,"type":"move","frame":{"millis":20029,"tic":701},"actor":{"position":{"x":-20743808,"y":78939776,"z":0,"angle":2147483648,"subsector":4566996760},"type":"shotgun_soldier","health":30,"id":4567155368}}
{"counter":2398,"type":"move","frame":{"millis":20029,"tic":701},"actor":{"position":{"x":58489904,"y":25984048,"z":0,"angle":3221225472,"subsector":4566994312},"type":"spectre","health":150,"id":4567166984}}
{"counter":2399,"type":"move","frame":{"millis":20058,"tic":702},"actor":{"position":{"x":20713445,"y":39931410,"z":3670016,"angle":3372220416,"subsector":4566993528},"type":"player","health":91,"armor":79,"id":4567120880}}
{"counter":2400,"type":"move","frame":{"millis":20058,"tic":702},"actor":{"position":{"x":12470117,"y":39761973,"z":3670016,"angle":0,"subsector":4566993496},"type":"imp","health":48,"id":4567132400}}
{"counter":2401,"type":"move","frame":{"millis":20058,"tic":702},"actor":{"position":{"x":56495936,"y":22671552,"z":0,"angle":1073741824,"subsector":4566994312},"type":"shotgun_soldier","health":30,"id":4567137680}}
{"counter":2402,"type":"move","frame":{"millis":20058,"tic":702},"actor":{"position":{"x":-32860736,"y":46036800,"z":0,"angle":2147483648,"subsector":4566993352},"type":"soldier","health":20,"id":4567137944}}
{"counter":2403,"type":"move","frame":{"millis":20058,"tic":702},"actor":{"position":{"x":-26134976,"y":79088064,"z":0,"angle":2147483648,"subsector":4566996696},"type":"soldier","health":20,"id":4567138736}}
{"counter":2404,"type":"move","frame":{"millis":20058,"tic":702},"actor":{"position":{"x":-30159872,"y":62528000,"z":0,"angle":1073741824,"subsector":4566996712},"type":"shotgun_soldier","health":30,"id":4567155632}}
{"counter":2405,"type":"move","frame":{"millis":20058,"tic":702},"actor":{"position":{"x":-28883584,"y":42287360,"z":0,"angle":3758096384,"subsector":4566993352},"type":"shotgun_soldier","health":30,"id":4567156160}}
{"counter":2406,"type":"move","frame":{"millis":20058,"tic":702},"actor":{"position":{"x":-3966592,"y":30112128,"z":0,"angle":0,"subsector":4566993432},"type":"shotgun_soldier","health":30,"id":4567156424}}
{"counter":2407,"type":"move","frame":{"millis":20058,"tic":702},"actor":{"position":{"x":-4207504,"y":-9562864,"z":0,"angle":1073741824,"subsector":4566992968},"type":"spectre","health":150,"id":4567162232}}
{"counter":2408,"type":"move","frame":{"millis":20086,"tic":703},"actor":{"position":{"x":20713445,"y":39931410,"z":3670016,"angle":3372220416,"subsector":4566993528},"type":"player","health":91,"armor":79,"id":4567120880}}
{"counter":2409,"type":"move","frame":{"millis":20086,"tic":703},"actor":{"position":{"x":20720034,"y":39931410,"z":3670016,"angle":3372220416,"subsector":4566993528},"type":"player","health":91,"armor":79,"id":4567120880}}
{"counter":2410,"type":"move","frame":{"millis":20086,"tic":703},"actor":{"position":{"x":21691840,"y":45009344,"z":3670016,"angle":0,"subsector":4566993768},"type":"soldier","health":20,"id":4567131608}}
{"counter":2411,"type":"move","frame":{"millis":20086,"tic":703},"actor":{"position":{"x":12480287,"y":39761057,"z":3670016,"angle":0,"subsector":4566993496},"type":"imp","health":48,"id":4567132400}}
{"counter":2412,"type":"move","frame":{"millis":20086,"tic":703},"actor":{"position":{"x":910848,"y":27125248,"z":0,"angle":0,"subsector":4566993432},"type":"imp","health":60,"id":4567132928}}
{"counter":2413,"type":"move","frame":{"millis":20086,"tic":703},"actor":{"position":{"x":12421536,"y":10878976,"z":0,"angle":3221225472,"subsector":4566993032},"type":"spectre","health":150,"id":4567137416}}
{"counter":2414,"type":"move","frame":{"millis":20086,"tic":703},"actor":{"position":{"x":-34295872,"y":59461696,"z":0,"angle":1610612736,"subsector":4566996712},"type":"soldier","health":20,"id":4567138208}}
{"counter":2415,"type":"move","frame":{"millis":20086,"tic":703},"actor":{"position":{"x":2107712,"y":29894976,"z":0,"angle":0,"subsector":4566993432},"type":"shotgun_soldier","health":30,"id":4567139792}}
{"counter":2416,"type":"move","frame":{"millis":20086,"tic":703},"actor":{"position":{"x":58019904,"y":26454048,"z":0,"angle":2684354560,"subsector":4566994312},"type":"spectre","health":150,"id":4567166984}}
{"counter":2417,"type":"move","frame":{"millis":20086,"tic":703},"actor":{"position":{"x":9140608,"y":19075456,"z":1048576,"angle":1073741824,"subsector":4566993112},"type":"imp","health":60,"id":4567172000}}
{"counter":2418,"type":"move","frame":{"millis":20086,"tic":703},"actor":{"position":{"x":2054912,"y":11899776,"z":0,"angle":1610612736,"subsector":4566993176},"type":"imp","health":60,"id":4567172264}}
{"counter":2419,"type":"move","frame":{"millis":20086,"tic":703},"actor":{"position":{"x":-916352,"y":13536000,"z":0,"angle":536870912,"subsector":4566993176},"type":"shotgun_soldier","health":30,"id":4567172528}}
{"counter":2420,"type":"move","frame":{"millis":20116,"tic":704},"actor":{"position":{"x":20726005,"y":39931410,"z":3670016,"angle":3372220416,"subsector":4566993528},"type":"player","health":91,"armor":79,"id":4567120880}}
{"counter":2421,"type":"move","frame":{"millis":20116,"tic":704},"actor":{"position":{"x":23365248,"y":34306432,"z":3670016,"angle":2147483648,"subsector":4566993528},"type":"imp","health":60,"id":4567132136}}
{"counter":2422,"type":"move","frame":{"millis":20116,"tic":704},"actor":{"position":{"x":12489503,"y":39760226,"z":3670016,"angle":0,"subsector":4566993496},"type":"imp","health":48,"id":4567132400}}
{"counter":2423,"type":"move","frame":{"millis":20116,"tic":704},"actor":{"position":{"x":13013791,"y":39760226,"z":3670016,"angle":0,"subsector":4566993496},"type":"imp","health":48,"id":4567132400}}
{"counter":2424,"type":"move","frame":{"millis":20116,"tic":704},"actor":{"position":{"x":-28676992,"y":39294976,"z":0,"angle":536870912,"subsector":4566993352},"type":"soldier","health":20,"id":4567139528}}
{"counter":2425,"type":"move","frame":{"millis":20116,"tic":704},"actor":{"position":{"x":-21268096,"y":78939776,"z":0,"angle":2147483648,"subsector":4566996760},"type":"shotgun_soldier","health":30,"id":4567155368}}
{"counter":2426,"type":"move","frame":{"millis":20116,"tic":704},"actor":{"position":{"x":-3737504,"y":-10032864,"z":0,"angle":536870912,"subsector":4566992968},"type":"spectre","health":150,"id":4567162232}}
{"counter":2427,"type":"move","frame":{"millis":20143,"tic":705},"actor":{"position":{"x":20731416,"y":39931410,"z":3670016,"angle":3372220416,"subsector":4566993528},"type":"player","health":91,"armor":79,"id":4567120880}}
{"counter":2428,"type":"move","frame":{"millis":20143,"tic":705},"actor":{"position":{"x":13022143,"y":39759472,"z":3670016,"angle":0,"subsector":4566993496},"type":"imp","health":48,"id":4567132400}}
{"counter":2429,"type":"move","frame":{"millis":20143,"tic":705},"actor":{"position":{"x":12421536,"y":10223616,"z":0,"angle":3221225472,"subsector":4566993032},"type":"spectre","health":150,"id":4567137416}}
{"counter":2430,"type":"move","frame":{"millis":20143,"tic":705},"actor":{"position":{"x":57020224,"y":22671552,"z":0,"angle":536870912,"subsector":4566994312},"type":"shotgun_soldier","health":30,"id":4567137680}}
{"counter":2431,"type":"move","frame":{"millis":20143,"tic":705},"actor":{"position":{"x":-30535872,"y":62904000,"z":0,"angle":1610612736,"subsector":4566996712},"type":"shotgun_soldier","health":30,"id":4567155632}}
{"counter":2432,"type":"move","frame":{"millis":20143,"tic":705},"actor":{"position":{"x":-29259584,"y":42663360,"z":0,"angle":3221225472,"subsector":4566993352},"type":"shotgun_soldier","health":30,"id":4567156160}}
{"counter":2433,"type":"move","frame":{"millis":20143,"tic":705},"actor":{"position":{"x":-3442304,"y":30112128,"z":0,"angle":0,"subsector":4566993432},"type":"shotgun_soldier","health":30,"id":4567156424}}
{"counter":2434,"type":"move","frame":{"millis":20143,"tic":705},"actor":{"position":{"x":57549904,"y":26924048,"z":0,"angle":2147483648,"subsector":4566994312},"type":"spectre","health":150,"id":4567166984}}
{"counter":2435,"type":"move","frame":{"millis":20172,"tic":706},"actor":{"position":{"x":20736319,"y":39931410,"z":3670016,"angle":3372220416,"subsector":4566993528},"type":"player","health":91,"armor":79,"id":4567120880}}
{"counter":2436,"type":"move","frame":{"millis":20172,"tic":706},"actor":{"position":{"x":13029712,"y":39758788,"z":3670016,"angle":0,"subsector":4566993496},"type":"imp","health":48,"id":4567132400}}
{"counter":2437,"type":"move","frame":{"millis":20172,"tic":706},"actor":{"position":{"x":1435136,"y":27125248,"z":0,"angle":0,"subsector":4566993432},"type":"imp","health":60,"id":4567132928}}
{"counter":2438,"type":"move","frame":{"millis":20172,"tic":706},"actor":{"position":{"x":-33385024,"y":46036800,"z":0,"angle":2147483648,"subsector":4566993352},"type":"soldier","health":20,"id":4567137944}}
{"counter":2439,"type":"move","frame":{"millis":20172,"tic":706},"actor":{"position":{"x":-26659264,"y":79088064,"z":0,"angle":2147483648,"subsector":4566996696},"type":"soldier","health":20,"id":4567138736}}
{"counter":2440,"type":"move","frame":{"millis":20172,"tic":706},"actor":{"position":{"x":2632000,"y":29894976,"z":0,"angle":0,"subsector":4566993432},"type":"shotgun_soldier","health":30,"id":4567139792}}
{"counter":2441,"type":"move","frame":{"millis":20172,"tic":706},"actor":{"position":{"x":-3267504,"y":-9562864,"z":0,"angle":0,"subsector":4566992968},"type":"spectre","health":150,"id":4567162232}}
{"counter":2442,"type":"move","frame":{"millis":20172,"tic":706},"actor":{"position":{"x":9140608,"y":19599744,"z":1572864,"angle":1073741824,"subsector":4566993112},"type":"imp","health":60,"id":4567172000}}
{"counter":2443,"type":"move","frame":{"millis":20172,"tic":706},"actor":{"position":{"x":2430912,"y":12275776,"z":0,"angle":1610612736,"subsector":4566993176},"type":"imp","health":60,"id":4567172264}}
{"counter":2444,"type":"move","frame":{"millis":20172,"tic":706},"actor":{"position":{"x":-916352,"y":14060288,"z":0,"angle":1073741824,"subsector":4566993176},"type":"shotgun_soldier","health":30,"id":4567172528}}
{"counter":2445,"type":"move","frame":{"millis":20200,"tic":707},"actor":{"position":{"x":20740762,"y":39931410,"z":3670016,"angle":3372220416,"subsector":4566993528},"type":"player","health":91,"armor":79,"id":4567120880}}
{"counter":2446,"type":"move","frame":{"millis":20200,"tic":707},"actor":{"position":{"x":22216128,"y":45009344,"z":3670016,"angle":0,"subsector":4566993768},"type":"soldier","health":20,"id":4567131608}}
{"counter":2447,"type":"move","frame":{"millis":20200,"tic":707},"actor":{"position":{"x":22840960,"y":34306432,"z":3670016,"angle":2147483648,"subsector":4566993528},"type":"imp","health":60,"id":4567132136}}
{"counter":2448,"type":"move","frame":{"millis":20200,"tic":707},"actor":{"position":{"x":13036571,"y":39758168,"z":3670016,"angle":0,"subsector":4566993496},"type":"imp","health":48,"id":4567132400}}
{"counter":2449,"type":"move","frame":{"millis":20200,"tic":707},"actor":{"position":{"x":13560859,"y":39758168,"z":3670016,"angle":0,"subsector":4566993496},"type":"imp","health":48,"id":4567132400}}
{"counter":2450,"type":"move","frame":{"millis":20200,"tic":707},"actor":{"position":{"x":12421536,"y":9568256,"z":0,"angle":3221225472,"subsector":4566993032},"type":"spectre","health":150,"id":4567137416}}
{"counter":2451,"type":"move","frame":{"millis":20200,"tic":707},"actor":{"position":{"x":-34671872,"y":59837696,"z":0,"angle":1610612736,"subsector":4566996712},"type":"soldier","health":20,"id":4567138208}}
{"counter":2452,"type":"move","frame":{"millis":20200,"tic":707},"actor":{"position":{"x":-21792384,"y":78939776,"z":0,"angle":2147483648,"subsector":4566996760},"type":"shotgun_soldier","health":30,"id":4567155368}}
{"counter":2453,"type":"move","frame":{"millis":20200,"tic":707},"actor":{"position":{"x":57079904,"y":27394048,"z":0,"angle":1610612736,"subsector":4566994312},"type":"spectre","health":150,"id":4567166984}}
{"counter":2454,"type":"move","frame":{"millis":20229,"tic":708},"actor":{"position":{"x":20744788,"y":39931410,"z":3670016,"angle":3372220416,"subsector":4566993528},"type":"player","health":91,"armor":79,"id":4567120880}}
{"counter":2455,"type":"move","frame":{"millis":20229,"tic":708},"actor":{"position":{"x":13567074,"y":39757606,"z":3670016,"angle":0,"subsector":4566993496},"type":"imp","health":48,"id":4567132400}}
{"counter":2456,"type":"move","frame":{"millis":20229,"tic":708},"actor":{"position":{"x":57544512,"y":22671552,"z":0,"angle":0,"subsector":4566994312},"type":"shotgun_soldier","health":30,"id":4567137680}}
{"counter":2457,"type":"move","frame":{"millis":20229,"tic":708},"actor":{"position":{"x":-28676992,"y":38770688,"z":0,"angle":536870912,"subsector":4566993352},"type":"soldier","health":20,"id":4567139528}}
{"counter":2458,"type":"move","frame":{"millis":20229,"tic":708},"actor":{"position":{"x":-30911872,"y":63280000,"z":0,"angle":1610612736,"subsector":4566996712},"type":"shotgun_soldier","health":30,"id":4567155632}}
{"counter":2459,"type":"move","frame":{"millis":20229,"tic":708},"actor":{"position":{"x":-29635584,"y":43039360,"z":0,"angle":2684354560,"subsector":4566993352},"type":"shotgun_soldier","health":30,"id":4567156160}}
{"counter":2460,"type":"move","frame":{"millis":20229,"tic":708},"actor":{"position":{"x":-2918016,"y":30112128,"z":0,"angle":0,"subsector":4566993432},"type":"shotgun_soldier","health":30,"id":4567156424}}
{"counter":2461,"type":"move","frame":{"millis":20229,"tic":708},"actor":{"position":{"x":-2797504,"y":-10032864,"z":0,"angle":536870912,"subsector":4566992968},"type":"spectre","health":150,"id":4567162232}}
{"counter":2462,"type":"move","frame":{"millis":20258,"tic":709},"actor":{"position":{"x":20744788,"y":39931410,"z":3670016,"angle":3372220416,"subsector":4566993528},"type":"player","health":91,"armor":79,"id":4567120880}}
{"counter":2463,"type":"move","frame":{"millis":20258,"tic":709},"actor":{"position":{"x":20747986,"y":39931410,"z":3670016,"angle":3372220416,"subsector":4566993528},"type":"player","health":91,"armor":79,"id":4567120880}}
{"counter":2464,"type":"move","frame":{"millis":20258,"tic":709},"actor":{"position":{"x":13572706,"y":39757096,"z":3670016,"angle":0,"subsector":4566993496},"type":"imp","health":48,"id":4567132400}}
{"counter":2465,"type":"move","frame":{"millis":20258,"tic":709},"actor":{"position":{"x":1959424,"y":27125248,"z":0,"angle":0,"subsector":4566993432},"type":"imp","health":60,"id":4567132928}}
{"counter":2466,"type":"move","frame":{"millis":20258,"tic":709},"actor":{"position":{"x":12421536,"y":8912896,"z":0,"angle":3221225472,"subsector":4566993032},"type":"spectre","health":150,"id":4567137416}}
{"counter":2467,"type":"move","frame":{"millis":20258,"tic":709},"actor":{"position":{"x":2107712,"y":29894976,"z":0,"angle":0,"subsector":4566993432},"type":"shotgun_soldier","health":30,"id":4567139792}}
{"counter":2468,"type":"move","frame":{"millis":20258,"tic":709},"actor":{"position":{"x":57735264,"y":27394048,"z":0,"angle":1610612736,"subsector":4566994312},"type":"spectre","health":150,"id":4567166984}}
{"counter":2469,"type":"move","frame":{"millis":20258,"tic":709},"actor":{"position":{"x":9140608,"y":20124032,"z":1572864,"angle":1073741824,"subsector":4566993128},"type":"imp","health":60,"id":4567172000}}
{"counter":2470,"type":"move","frame":{"millis":20258,"tic":709},"actor":{"position":{"x":2806912,"y":12651776,"z":0,"angle":1073741824,"subsector":4566993176},"type":"imp","health":60,"id":4567172264}}
{"counter":2471,"type":"move","frame":{"millis":20258,"tic":709},"actor":{"position":{"x":-916352,"y":14584576,"z":0,"angle":1073741824,"subsector":4566993176},"type":"shotgun_soldier","health":30,"id":4567172528}}
{"counter":2472,"type":"move","frame":{"millis":20286,"tic":710},"actor":{"position":{"x":20747986,"y":39931410,"z":3670016,"angle":3372220416,"subsector":4566993528},"type":"player","health":91,"armor":79,"id":4567120880}}
{"weapon_type":1,"counter":2473,"type":"attacked","frame":{"millis":20286,"tic":710},"actor":{"position":{"x":20747986,"y":39931410,"z":3670016,"angle":3372220416,"subsector":4566993528},"type":"player","health":91,"armor":79,"id":4567120880}}
{"counter":2474,"type":"move","frame":{"millis":20286,"tic":710},"actor":{"position":{"x":20750434,"y":39931410,"z":3670016,"angle":3372220416,"subsector":4566993528},"type":"player","health":91,"armor":79,"id":4567120880}}
{"counter":2475,"type":"attacked","frame":{"millis":20287,"tic":710},"actor":{"position":{"x":22840960,"y":34306432,"z":3670016,"angle":2147483648,"subsector":4566993528},"type":"imp","health":60,"id":4567132136},"target":{"position":{"x":20750434,"y":39931410,"z":3670016,"angle":3372220416,"subsector":4566993528},"type":"player","health":91,"armor":79,"id":4567120880}}
{"counter":2476,"type":"move","frame":{"millis":20287,"tic":710},"actor":{"position":{"x":13577810,"y":39756633,"z":3670016,"angle":0,"subsector":4566993496},"type":"imp","health":48,"id":4567132400}}
{"counter":2477,"type":"move","frame":{"millis":20287,"tic":710},"actor":{"position":{"x":14102098,"y":39756633,"z":3670016,"angle":0,"subsector":4566993496},"type":"imp","health":48,"id":4567132400}}
{"counter":2478,"type":"move","frame":{"millis":20287,"tic":710},"actor":{"position":{"x":-33909312,"y":46036800,"z":0,"angle":2147483648,"subsector":4566993352},"type":"soldier","health":20,"id":4567137944}}
{"counter":2479,"type":"move","frame":{"millis":20287,"tic":710},"actor":{"position":{"x":-27183552,"y":79088064,"z":0,"angle":2147483648,"subsector":4566996696},"type":"soldier","health":20,"id":4567138736}}
{"counter":2480,"type":"move","frame":{"millis":20287,"tic":710},"actor":{"position":{"x":-22316672,"y":78939776,"z":0,"angle":2147483648,"subsector":4566996760},"type":"shotgun_soldier","health":30,"id":4567155368}}
{"counter":2481,"type":"move","frame":{"millis":20287,"tic":710},"actor":{"position":{"x":-3452864,"y":-10032864,"z":0,"angle":0,"subsector":4566992968},"type":"spectre","health":150,"id":4567162232}}
{"counter":2482,"type":"move","frame":{"millis":20316,"tic":711},"actor":{"position":{"x":20750434,"y":39931410,"z":3670016,"angle":3372220416,"subsector":4566993528},"type":"player","health":91,"armor":79,"id":4567120880}}
{"counter":2483,"type":"move","frame":{"millis":20316,"tic":711},"actor":{"position":{"x":20752202,"y":39931410,"z":3670016,"angle":3372220416,"subsector":4566993528},"type":"player","health":91,"armor":79,"id":4567120880}}
{"counter":2484,"type":"move","frame":{"millis":20316,"tic":711},"actor":{"position":{"x":22740416,"y":45009344,"z":3670016,"angle":0,"subsector":4566993768},"type":"soldier","health":20,"id":4567131608}}
{"counter":2485,"type":"move","frame":{"millis":20316,"tic":711},"actor":{"position":{"x":14106723,"y":39756213,"z":3670016,"angle":0,"subsector":4566993496},"type":"imp","health":48,"id":4567132400}}
{"counter":2486,"type":"move","frame":{"millis":20316,"tic":711},"actor":{"position":{"x":12421536,"y":8257536,"z":0,"angle":3221225472,"subsector":4566993032},"type":"spectre","health":150,"id":4567137416}}
{"counter":2487,"type":"move","frame":{"millis":20316,"tic":711},"actor":{"position":{"x":58068800,"y":22671552,"z":0,"angle":0,"subsector":4566994312},"type":"shotgun_soldier","health":30,"id":4567137680}}
{"counter":2488,"type":"move","frame":{"millis":20316,"tic":711},"actor":{"position":{"x":-35047872,"y":60213696,"z":0,"angle":1610612736,"subsector":4566996712},"type":"soldier","health":20,"id":4567138208}}
{"counter":2489,"type":"move","frame":{"millis":20316,"tic":711},"actor":{"position":{"x":-31287872,"y":63656000,"z":0,"angle":1610612736,"subsector":4566996712},"type":"shotgun_soldier","health":30,"id":4567155632}}
{"counter":2490,"type":"move","frame":{"millis":20316,"tic":711},"actor":{"position":{"x":-30011584,"y":43415360,"z":0,"angle":2147483648,"subsector":4566993352},"type":"shotgun_soldier","health":30,"id":4567156160}}
{"counter":2491,"type":"move","frame":{"millis":20316,"tic":711},"actor":{"position":{"x":-2393728,"y":30112128,"z":0,"angle":0,"subsector":4566993432},"type":"shotgun_soldier","health":30,"id":4567156424}}
{"counter":2492,"type":"move","frame":{"millis":20316,"tic":711},"actor":{"position":{"x":58390624,"y":27394048,"z":0,"angle":1073741824,"subsector":4566994312},"type":"spectre","health":150,"id":4567166984}}
{"counter":2493,"type":"move","frame":{"millis":20343,"tic":712},"actor":{"position":{"x":20752202,"y":39931410,"z":3670016,"angle":3372220416,"subsector":4566993528},"type":"player","health":91,"armor":79,"id":4567120880}}
{"counter":2494,"type":"move","frame":{"millis":20343,"tic":712},"actor":{"position":{"x":20751556,"y":39931410,"z":3670016,"angle":3372220416,"subsector":4566993528},"type":"player","health":91,"armor":79,"id":4567120880}}
{"counter":2495,"type":"move","frame":{"millis":20343,"tic":712},"actor":{"position":{"x":14110914,"y":39755832,"z":3670016,"angle":0,"subsector":4566993496},"type":"imp","health":48,"id":4567132400}}
{"counter":2496,"type":"move","frame":{"millis":20343,"tic":712},"actor":{"position":{"x":2483712,"y":27125248,"z":0,"angle":0,"subsector":4566993432},"type":"imp","health":60,"id":4567132928}}
{"counter":2497,"type":"move","frame":{"millis":20343,"tic":712},"actor":{"position":{"x":-28676992,"y":38246400,"z":0,"angle":0,"subsector":4566993352},"type":"soldier","health":20,"id":4567139528}}
{"counter":2498,"type":"move","frame":{"millis":20343,"tic":712},"actor":{"position":{"x":1583424,"y":29894976,"z":0,"angle":536870912,"subsector":4566993432},"type":"shotgun_soldier","health":30,"id":4567139792}}
{"counter":2499,"type":"move","frame":{"millis":20343,"tic":712},"actor":{"position":{"x":-4108224,"y":-10032864,"z":0,"angle":536870912,"subsector":4566992968},"type":"spectre","health":150,"id":4567162232}}
{"counter":2500,"type":"move","frame":{"millis":20343,"tic":712},"actor":{"position":{"x":9140608,"y":20648320,"z":1572864,"angle":1073741824,"subsector":4566993128},"type":"imp","health":60,"id":4567172000}}
{"counter":2501,"type":"move","frame":{"millis":20343,"tic":712},"actor":{"position":{"x":2806912,"y":13176064,"z":0,"angle":536870912,"subsector":4566993176},"type":"imp","health":60,"id":4567172264}}
{"counter":2502,"type":"move","frame":{"millis":20343,"tic":712},"actor":{"position":{"x":-916352,"y":15108864,"z":0,"angle":1073741824,"subsector":4566993176},"type":"shotgun_soldier","health":30,"id":4567172528}}
{"counter":2503,"type":"move","frame":{"millis":20373,"tic":713},"actor":{"position":{"x":20751556,"y":39931410,"z":3670016,"angle":3388997632,"subsector":4566993528},"type":"player","health":91,"armor":79,"id":4567120880}}
{"counter":2504,"type":"move","frame":{"millis":20373,"tic":713},"actor":{"position":{"x":20749474,"y":39931410,"z":3670016,"angle":3388997632,"subsector":4566993528},"type":"player","health":91,"armor":79,"id":4567120880}}
{"counter":2505,"type":"move","frame":{"millis":20373,"tic":713},"actor":{"position":{"x":14114712,"y":39755486,"z":3670016,"angle":0,"subsector":4566993496},"type":"imp","health":48,"id":4567132400}}
{"counter":2506,"type":"counter_attacked","frame":{"millis":20373,"tic":713},"actor":{"position":{"x":14114712,"y":39755486,"z":3670016,"angle":0,"subsector":4566993496},"type":"imp","health":48,"id":4567132400},"target":{"position":{"x":-30011584,"y":43415360,"z":0,"angle":2147483648,"subsector":4566993352},"type":"shotgun_soldier","health":30,"id":4567156160}}
{"counter":2507,"type":"move","frame":{"millis":20373,"tic":713},"actor":{"position":{"x":12891536,"y":8727536,"z":0,"angle":3221225472,"subsector":4566993032},"type":"spectre","health":150,"id":4567137416}}
{"counter":2508,"type":"move","frame":{"millis":20373,"tic":713},"actor":{"position":{"x":-22840960,"y":78939776,"z":0,"angle":2147483648,"subsector":4566996760},"type":"shotgun_soldier","health":30,"id":4567155368}}
{"counter":2509,"type":"move","frame":{"millis":20373,"tic":713},"actor":{"position":{"x":59045984,"y":27394048,"z":0,"angle":536870912,"subsector":4566994312},"type":"spectre","health":150,"id":4567166984}}
{"counter":2510,"type":"move","frame":{"millis":20400,"tic":714},"actor":{"position":{"x":20749474,"y":39931410,"z":3670016,"angle":3405774848,"subsector":4566993528},"type":"player","health":91,"armor":79,"id":4567120880}}
{"damage":15,"counter":2511,"type":"hit","frame":{"millis":20400,"tic":714},"actor":{"position":{"x":20749474,"y":39931410,"z":3670016,"angle":3405774848,"subsector":4566993528},"type":"player","health":91,"armor":79,"id":4567120880},"target":{"position":{"x":22840960,"y":34306432,"z":3670016,"angle":1316934336,"subsector":4566993528},"type":"imp","health":45,"id":4567132136}}
{"counter":2512,"type":"targeted","frame":{"millis":20400,"tic":714},"actor":{"position":{"x":20749474,"y":39931410,"z":3670016,"angle":3405774848,"subsector":4566993528},"type":"player","health":91,"armor":79,"id":4567120880},"target":{"position":{"x":22840960,"y":34306432,"z":3670016,"angle":1316934336,"subsector":4566993528},"type":"imp","health":45,"id":4567132136}}
{"counter":2513,"type":"move","frame":{"millis":20400,"tic":714},"actor":{"position":{"x":20742117,"y":39931410,"z":3670016,"angle":3405774848,"subsector":4566993528},"type":"player","health":91,"armor":79,"id":4567120880}}
{"counter":2514,"type":"move","frame":{"millis":20400,"tic":714},"actor":{"position":{"x":22883728,"y":34191235,"z":3670016,"angle":1316934336,"subsector":4566993528},"type":"imp","health":45,"id":4567132136}}
{"counter":2515,"type":"move","frame":{"millis":20400,"tic":714},"actor":{"position":{"x":58593088,"y":22671552,"z":0,"angle":0,"subsector":4566994312},"type":"shotgun_soldier","health":30,"id":4567137680}}
{"counter":2516,"type":"move","frame":{"millis":20400,"tic":714},"actor":{"position":{"x":-34433600,"y":46036800,"z":0,"angle":2147483648,"subsector":4566993352},"type":"soldier","health":20,"id":4567137944}}
{"counter":2517,"type":"move","frame":{"millis":20400,"tic":714},"actor":{"position":{"x":-26807552,"y":78712064,"z":0,"angle":2147483648,"subsector":4566996696},"type":"soldier","health":20,"id":4567138736}}
{"counter":2518,"type":"move","frame":{"millis":20400,"tic":714},"actor":{"position":{"x":-31663872,"y":64032000,"z":0,"angle":1610612736,"subsector":4566996712},"type":"shotgun_soldier","health":30,"id":4567155632}}
{"counter":2519,"type":"move","frame":{"millis":20400,"tic":714},"actor":{"position":{"x":-30387584,"y":43791360,"z":0,"angle":1610612736,"subsector":4566993352},"type":"shotgun_soldier","health":30,"id":4567156160}}
{"counter":2520,"type":"move","frame":{"millis":20400,"tic":714},"actor":{"position":{"x":-1869440,"y":30112128,"z":0,"angle":0,"subsector":4566993432},"type":"shotgun_soldier","health":30,"id":4567156424}}
{"counter":2521,"type":"move","frame":{"millis":20400,"tic":714},"actor":{"position":{"x":-4763584,"y":-10032864,"z":0,"angle":1073741824,"subsector":4566992968},"type":"spectre","health":150,"id":4567162232}}
{"counter":2522,"type":"move","frame":{"millis":20429,"tic":715},"actor":{"position":{"x":20742117,"y":39931410,"z":3670016,"angle":3405774848,"subsector":4566993528},"type":"player","health":91,"armor":79,"id":4567120880}}
{"counter":2523,"type":"move","frame":{"millis":20429,"tic":715},"actor":{"position":{"x":20732167,"y":39931410,"z":3670016,"angle":3405774848,"subsector":4566993528},"type":"player","health":91,"armor":79,"id":4567120880}}
{"counter":2524,"type":"move","frame":{"millis":20429,"tic":715},"actor":{"position":{"x":23264704,"y":45009344,"z":3670016,"angle":0,"subsector":4566993768},"type":"soldier","health":20,"id":4567131608}}
{"counter":2525,"type":"move","frame":{"millis":20429,"tic":715},"actor":{"position":{"x":22922486,"y":34086837,"z":3670016,"angle":1316934336,"subsector":4566993528},"type":"imp","health":45,"id":4567132136}}
{"counter":2526,"type":"move","frame":{"millis":20429,"tic":715},"actor":{"position":{"x":2859712,"y":26749248,"z":0,"angle":0,"subsector":4566993432},"type":"imp","health":60,"id":4567132928}}
{"counter":2527,"type":"move","frame":{"millis":20429,"tic":715},"actor":{"position":{"x":13361536,"y":9197536,"z":0,"angle":3758096384,"subsector":4566993032},"type":"spectre","health":150,"id":4567137416}}
{"counter":2528,"type":"move","frame":{"millis":20429,"tic":715},"actor":{"position":{"x":-35423872,"y":60589696,"z":0,"angle":1610612736,"subsector":4566996712},"type":"soldier","health":20,"id":4567138208}}
{"counter":2529,"type":"move","frame":{"millis":20429,"tic":715},"actor":{"position":{"x":1059136,"y":29894976,"z":0,"angle":1073741824,"subsector":4566993432},"type":"shotgun_soldier","health":30,"id":4567139792}}
{"counter":2530,"type":"move","frame":{"millis":20429,"tic":715},"actor":{"position":{"x":59701344,"y":27394048,"z":0,"angle":0,"subsector":4566994312},"type":"spectre","health":150,"id":4567166984}}
{"counter":2531,"type":"move","frame":{"millis":20429,"tic":715},"actor":{"position":{"x":9140608,"y":21172608,"z":2097152,"angle":1073741824,"subsector":4566993128},"type":"imp","health":60,"id":4567172000}}
{"counter":2532,"type":"move","frame":{"millis":20429,"tic":715},"actor":{"position":{"x":2806912,"y":13700352,"z":0,"angle":1073741824,"subsector":4566993176},"type":"imp","health":60,"id":4567172264}}
{"counter":2533,"type":"move","frame":{"millis":20429,"tic":715},"actor":{"position":{"x":-916352,"y":15633152,"z":0,"angle":1073741824,"subsector":4566993176},"type":"shotgun_soldier","health":30,"id":4567172528}}
{"counter":2534,"type":"move","frame":{"millis":20458,"tic":716},"actor":{"position":{"x":20732167,"y":39931410,"z":3670016,"angle":3405774848,"subsector":4566993528},"type":"player","health":91,"armor":79,"id":4567120880}}
{"counter":2535,"type":"move","frame":{"millis":20458,"tic":716},"actor":{"position":{"x":20722055,"y":39931410,"z":3670016,"angle":3405774848,"subsector":4566993528},"type":"player","health":91,"armor":79,"id":4567120880}}
{"counter":2536,"type":"move","frame":{"millis":20458,"tic":716},"actor":{"position":{"x":22957610,"y":33992226,"z":3670016,"angle":1316934336,"subsector":4566993528},"type":"imp","health":45,"id":4567132136}}
{"counter":2537,"type":"move","frame":{"millis":20458,"tic":716},"actor":{"position":{"x":-28676992,"y":37722112,"z":0,"angle":3758096384,"subsector":4566993352},"type":"soldier","health":20,"id":4567139528}}
{"counter":2538,"type":"move","frame":{"millis":20458,"tic":716},"actor":{"position":{"x":-23365248,"y":78939776,"z":0,"angle":2147483648,"subsector":4566996760},"type":"shotgun_soldier","health":30,"id":4567155368}}
{"counter":2539,"type":"move","frame":{"millis":20458,"tic":716},"actor":{"position":{"x":-5418944,"y":-10032864,"z":0,"angle":1610612736,"subsector":4566992968},"type":"spectre","health":150,"id":4567162232}}
{"counter":2540,"type":"move","frame":{"millis":20486,"tic":717},"actor":{"position":{"x":20722055,"y":39931410,"z":3670016,"angle":3405774848,"subsector":4566993528},"type":"player","health":91,"armor":79,"id":4567120880}}
{"counter":2541,"type":"move","frame":{"millis":20486,"tic":717},"actor":{"position":{"x":20708943,"y":39931410,"z":3670016,"angle":3405774848,"subsector":4566993528},"type":"player","health":91,"armor":79,"id":4567120880}}
{"counter":2542,"type":"move","frame":{"millis":20486,"tic":717},"actor":{"position":{"x":22989441,"y":33906484,"z":3670016,"angle":1316934336,"subsector":4566993528},"type":"imp","health":45,"id":4567132136}}
{"counter":2543,"type":"move","frame":{"millis":20486,"tic":717},"actor":{"position":{"x":13831536,"y":9667536,"z":0,"angle":0,"subsector":4566993032},"type":"spectre","health":150,"id":4567137416}}
{"counter":2544,"type":"move","frame":{"millis":20486,"tic":717},"actor":{"position":{"x":59117376,"y":22671552,"z":0,"angle":0,"subsector":4566994312},"type":"shotgun_soldier","health":30,"id":4567137680}}
{"counter":2545,"type":"move","frame":{"millis":20486,"tic":717},"actor":{"position":{"x":-32039872,"y":64408000,"z":0,"angle":1610612736,"subsector":4566996712},"type":"shotgun_soldier","health":30,"id":4567155632}}
{"counter":2546,"type":"move","frame":{"millis":20486,"tic":717},"actor":{"position":{"x":-30763584,"y":44167360,"z":0,"angle":1610612736,"subsector":4566993352},"type":"shotgun_soldier","health":30,"id":4567156160}}
{"counter":2547,"type":"move","frame":{"millis":20486,"tic":717},"actor":{"position":{"x":-1869440,"y":29587840,"z":0,"angle":0,"subsector":4566993432},"type":"shotgun_soldier","health":30,"id":4567156424}}
{"counter":2548,"type":"move","frame":{"millis":20486,"tic":717},"actor":{"position":{"x":59231344,"y":26924048,"z":0,"angle":0,"subsector":4566994312},"type":"spectre","health":150,"id":4567166984}}
{"counter":2549,"type":"move","frame":{"millis":20515,"tic":718},"actor":{"position":{"x":20708943,"y":39931410,"z":3670016,"angle":3405774848,"subsector":4566993528},"type":"player","health":91,"armor":79,"id":4567120880}}
{"counter":2550,"type":"move","frame":{"millis":20515,"tic":718},"actor":{"position":{"x":20708943,"y":39931410,"z":3670016,"angle":3405774848,"subsector":4566993528},"type":"player","health":91,"armor":79,"id":4567120880}}
{"counter":2551,"type":"move","frame":{"millis":20515,"tic":718},"actor":{"position":{"x":20632811,"y":39931410,"z":3670016,"angle":3405774848,"subsector":4566993528},"type":"player","health":91,"armor":79,"id":4567120880}}
{"counter":2552,"type":"move","frame":{"millis":20515,"tic":718},"actor":{"position":{"x":23018287,"y":33828780,"z":3670016,"angle":1316934336,"subsector":4566993528},"type":"imp","health":45,"id":4567132136}}
{"counter":2553,"type":"move","frame":{"millis":20515,"tic":718},"actor":{"position":{"x":2859712,"y":27273536,"z":0,"angle":3758096384,"subsector":4566993432},"type":"imp","health":60,"id":4567132928}}
{"counter":2554,"type":"move","frame":{"millis":20515,"tic":718},"actor":{"position":{"x":-34957888,"y":46036800,"z":0,"angle":2147483648,"subsector":4566993352},"type":"soldier","health":20,"id":4567137944}}
{"counter":2555,"type":"move","frame":{"millis":20515,"tic":718},"actor":{"position":{"x":-26431552,"y":78336064,"z":0,"angle":2684354560,"subsector":4566996696},"type":"soldier","health":20,"id":4567138736}}
{"counter":2556,"type":"move","frame":{"millis":20515,"tic":718},"actor":{"position":{"x":1583424,"y":29894976,"z":0,"angle":1610612736,"subsector":4566993432},"type":"shotgun_soldier","health":30,"id":4567139792}}
{"counter":2557,"type":"move","frame":{"millis":20515,"tic":718},"actor":{"position":{"x":-6074304,"y":-10032864,"z":0,"angle":2147483648,"subsector":4566992968},"type":"spectre","health":150,"id":4567162232}}
{"counter":2558,"type":"move","frame":{"millis":20515,"tic":718},"actor":{"position":{"x":9140608,"y":21696896,"z":2097152,"angle":1073741824,"subsector":4566993144},"type":"imp","health":60,"id":4567172000}}
{"counter":2559,"type":"move","frame":{"millis":20515,"tic":718},"actor":{"position":{"x":2806912,"y":14224640,"z":0,"angle":1073741824,"subsector":4566993176},"type":"imp","health":60,"id":4567172264}}
{"counter":2560,"type":"move","frame":{"millis":20515,"tic":718},"actor":{"position":{"x":-916352,"y":16157440,"z":0,"angle":1073741824,"subsector":4566993176},"type":"shotgun_soldier","health":30,"id":4567172528}}
{"counter":2561,"type":"move","frame":{"millis":20544,"tic":719},"actor":{"position":{"x":20632811,"y":39931410,"z":3670016,"angle":3405774848,"subsector":4566993528},"type":"player","health":91,"armor":79,"id":4567120880}}
{"counter":2562,"type":"move","frame":{"millis":20544,"tic":719},"actor":{"position":{"x":20632811,"y":39931410,"z":3670016,"angle":3405774848,"subsector":4566993528},"type":"player","health":91,"armor":79,"id":4567120880}}
{"counter":2563,"type":"move","frame":{"millis":20544,"tic":719},"actor":{"position":{"x":20499567,"y":39931410,"z":3670016,"angle":3405774848,"subsector":4566993528},"type":"player","health":91,"armor":79,"id":4567120880}}
{"counter":2564,"type":"move","frame":{"millis":20544,"tic":719},"actor":{"position":{"x":23788992,"y":45009344,"z":3670016,"angle":0,"subsector":4566993768},"type":"soldier","health":20,"id":4567131608}}
{"counter":2565,"type":"move","frame":{"millis":20544,"tic":719},"actor":{"position":{"x":23044428,"y":33758360,"z":3670016,"angle":1328300464,"subsector":4566993528},"type":"imp","health":45,"id":4567132136}}
{"damage":12,"counter":2566,"type":"hit","frame":{"millis":20544,"tic":719},"actor":{"position":{"x":18567232,"y":42297920,"z":3670016,"angle":3689238688,"subsector":4566993528},"type":"imp","health":60,"id":4567132664},"target":{"position":{"x":20499567,"y":39931410,"z":3670016,"angle":3405774848,"subsector":4566993528},"type":"player","health":79,"armor":73,"id":4567120880}}
{"counter":2567,"type":"move","frame":{"millis":20544,"tic":719},"actor":{"position":{"x":14301536,"y":10137536,"z":0,"angle":536870912,"subsector":4566993032},"type":"spectre","health":150,"id":4567137416}}
{"counter":2568,"type":"move","frame":{"millis":20544,"tic":719},"actor":{"position":{"x":-35799872,"y":60965696,"z":0,"angle":1610612736,"subsector":4566996712},"type":"soldier","health":20,"id":4567138208}}
{"counter":2569,"type":"move","frame":{"millis":20544,"tic":719},"actor":{"position":{"x":-23741248,"y":79315776,"z":0,"angle":2147483648,"subsector":4566996760},"type":"shotgun_soldier","health":30,"id":4567155368}}
{"counter":2570,"type":"move","frame":{"millis":20544,"tic":719},"actor":{"position":{"x":58761344,"y":26454048,"z":0,"angle":3758096384,"subsector":4566994312},"type":"spectre","health":150,"id":4567166984}}
{"counter":2571,"type":"move","frame":{"millis":20572,"tic":720},"actor":{"position":{"x":20499567,"y":39931410,"z":3670016,"angle":3405774848,"subsector":4566993528},"type":"player","health":79,"armor":73,"id":4567120880}}
{"counter":2572,"type":"move","frame":{"millis":20572,"tic":720},"actor":{"position":{"x":20499567,"y":39931410,"z":3670016,"angle":3405774848,"subsector":4566993528},"type":"player","health":79,"armor":73,"id":4567120880}}
{"counter":2573,"type":"move","frame":{"millis":20572,"tic":720},"actor":{"position":{"x":20393772,"y":39817195,"z":3670016,"angle":3405774848,"subsector":4566993528},"type":"player","health":79,"armor":73,"id":4567120880}}
{"counter":2574,"type":"move","frame":{"millis":20572,"tic":720},"actor":{"position":{"x":23068118,"y":33694541,"z":3670016,"angle":1328300464,"subsector":4566993528},"type":"imp","health":45,"id":4567132136}}
{"counter":2575,"type":"move","frame":{"millis":20572,"tic":720},"actor":{"position":{"x":59641664,"y":22671552,"z":0,"angle":0,"subsector":4566994312},"type":"shotgun_soldier","health":30,"id":4567137680}}
{"counter":2576,"type":"move","frame":{"millis":20572,"tic":720},"actor":{"position":{"x":-28676992,"y":37197824,"z":0,"angle":3221225472,"subsector":4566993352},"type":"soldier","health":20,"id":4567139528}}
{"counter":2577,"type":"move","frame":{"millis":20572,"tic":720},"actor":{"position":{"x":-32415872,"y":64784000,"z":0,"angle":1610612736,"subsector":4566996712},"type":"shotgun_soldier","health":30,"id":4567155632}}
{"counter":2578,"type":"move","frame":{"millis":20572,"tic":720},"actor":{"position":{"x":-31139584,"y":44543360,"z":0,"angle":1610612736,"subsector":4566993352},"type":"shotgun_soldier","health":30,"id":4567156160}}
{"counter":2579,"type":"move","frame":{"millis":20572,"tic":720},"actor":{"position":{"x":-1869440,"y":29063552,"z":0,"angle":3758096384,"subsector":4566993432},"type":"shotgun_soldier","health":30,"id":4567156424}}
{"counter":2580,"type":"move","frame":{"millis":20572,"tic":720},"actor":{"position":{"x":-6729664,"y":-10032864,"z":0,"angle":2147483648,"subsector":4566992968},"type":"spectre","health":150,"id":4567162232}}
{"counter":2581,"type":"move","frame":{"millis":20600,"tic":721},"actor":{"position":{"x":20393772,"y":39817195,"z":3670016,"angle":3405774848,"subsector":4566993528},"type":"player","health":79,"armor":73,"id":4567120880}}
{"counter":2582,"type":"move","frame":{"millis":20600,"tic":721},"actor":{"position":{"x":20393772,"y":39817195,"z":3670016,"angle":3405774848,"subsector":4566993528},"type":"player","health":79,"armor":73,"id":4567120880}}
{"counter":2583,"type":"move","frame":{"millis":20600,"tic":721},"actor":{"position":{"x":20197574,"y":39692258,"z":3670016,"angle":3405774848,"subsector":4566993528},"type":"player","health":79,"armor":73,"id":4567120880}}
{"counter":2584,"type":"move","frame":{"millis":20600,"tic":721},"actor":{"position":{"x":23089587,"y":33636705,"z":3670016,"angle":1328300464,"subsector":4566993528},"type":"imp","health":45,"id":4567132136}}
{"counter":2585,"type":"move","frame":{"millis":20600,"tic":721},"actor":{"position":{"x":2483712,"y":26897536,"z":0,"angle":0,"subsector":4566993432},"type":"imp","health":60,"id":4567132928}}
{"counter":2586,"type":"move","frame":{"millis":20600,"tic":721},"actor":{"position":{"x":14771536,"y":10607536,"z":0,"angle":536870912,"subsector":4566993048},"type":"spectre","health":150,"id":4567137416}}
{"counter":2587,"type":"move","frame":{"millis":20600,"tic":721},"actor":{"position":{"x":2107712,"y":29894976,"z":0,"angle":1073741824,"subsector":4566993432},"type":"shotgun_soldier","health":30,"id":4567139792}}
{"counter":2588,"type":"move","frame":{"millis":20600,"tic":721},"actor":{"position":{"x":58291344,"y":25984048,"z":0,"angle":3221225472,"subsector":4566994312},"type":"spectre","health":150,"id":4567166984}}
{"counter":2589,"type":"move","frame":{"millis":20600,"tic":721},"actor":{"position":{"x":9140608,"y":22221184,"z":2097152,"angle":1073741824,"subsector":4566993144},"type":"imp","health":60,"id":4567172000}}
{"counter":2590,"type":"move","frame":{"millis":20600,"tic":721},"actor":{"position":{"x":2806912,"y":14748928,"z":0,"angle":1073741824,"subsector":4566993176},"type":"imp","health":60,"id":4567172264}}
{"counter":2591,"type":"move","frame":{"millis":20600,"tic":721},"actor":{"position":{"x":-916352,"y":16681728,"z":0,"angle":1073741824,"subsector":4566993176},"type":"shotgun_soldier","health":30,"id":4567172528}}
{"counter":2592,"type":"move","frame":{"millis":20629,"tic":722},"actor":{"position":{"x":20197574,"y":39692258,"z":3670016,"angle":3405774848,"subsector":4566993528},"type":"player","health":79,"armor":73,"id":4567120880}}
{"counter":2593,"type":"move","frame":{"millis":20629,"tic":722},"actor":{"position":{"x":19921089,"y":39551684,"z":3670016,"angle":3405774848,"subsector":4566993528},"type":"player","health":79,"armor":73,"id":4567120880}}
{"counter":2594,"type":"move","frame":{"millis":20629,"tic":722},"actor":{"position":{"x":23109043,"y":33584291,"z":3670016,"angle":1328300464,"subsector":4566993528},"type":"imp","health":45,"id":4567132136}}
{"counter":2595,"type":"move","frame":{"millis":20629,"tic":722},"actor":{"position":{"x":-35482176,"y":46036800,"z":0,"angle":2147483648,"subsector":4566993352},"type":"soldier","health":20,"id":4567137944}}
{"counter":2596,"type":"move","frame":{"millis":20629,"tic":722},"actor":{"position":{"x":-26807552,"y":77960064,"z":0,"angle":3221225472,"subsector":4566996696},"type":"soldier","health":20,"id":4567138736}}
{"counter":2597,"type":"move","frame":{"millis":20629,"tic":722},"actor":{"position":{"x":-24117248,"y":79691776,"z":0,"angle":1610612736,"subsector":4566996760},"type":"shotgun_soldier","health":30,"id":4567155368}}
{"counter":2598,"type":"move","frame":{"millis":20629,"tic":722},"actor":{"position":{"x":-7385024,"y":-10032864,"z":0,"angle":2147483648,"subsector":4566992968},"type":"spectre","health":150,"id":4567162232}}
{"counter":2599,"type":"move","frame":{"millis":20658,"tic":723},"actor":{"position":{"x":19921089,"y":39551684,"z":3670016,"angle":3405774848,"subsector":4566993528},"type":"player","health":79,"armor":73,"id":4567120880}}
{"counter":2600,"type":"move","frame":{"millis":20658,"tic":723},"actor":{"position":{"x":19571844,"y":39396939,"z":3670016,"angle":3405774848,"subsector":4566993528},"type":"player","health":79,"armor":73,"id":4567120880}}
{"counter":2601,"type":"move","frame":{"millis":20658,"tic":723},"actor":{"position":{"x":23412992,"y":44633344,"z":3670016,"angle":0,"subsector":4566993768},"type":"soldier","health":20,"id":4567131608}}
{"counter":2602,"type":"move","frame":{"millis":20658,"tic":723},"actor":{"position":{"x":23126675,"y":33536790,"z":3670016,"angle":1328300464,"subsector":4566993528},"type":"imp","health":45,"id":4567132136}}
{"counter":2603,"type":"move","frame":{"millis":20658,"tic":723},"actor":{"position":{"x":15426896,"y":10607536,"z":0,"angle":536870912,"subsector":4566993048},"type":"spectre","health":150,"id":4567137416}}
{"counter":2604,"type":"move","frame":{"millis":20658,"tic":723},"actor":{"position":{"x":60165952,"y":22671552,"z":0,"angle":0,"subsector":4566994312},"type":"shotgun_soldier","health":30,"id":4567137680}}
{"counter":2605,"type":"move","frame":{"millis":20658,"tic":723},"actor":{"position":{"x":-36175872,"y":61341696,"z":0,"angle":1610612736,"subsector":4566996712},"type":"soldier","health":20,"id":4567138208}}
{"counter":2606,"type":"move","frame":{"millis":20658,"tic":723},"actor":{"position":{"x":-32791872,"y":65160000,"z":0,"angle":1610612736,"subsector":4566996712},"type":"shotgun_soldier","health":30,"id":4567155632}}
{"counter":2607,"type":"move","frame":{"millis":20658,"tic":723},"actor":{"position":{"x":-31515584,"y":44919360,"z":0,"angle":1610612736,"subsector":4566993352},"type":"shotgun_soldier","health":30,"id":4567156160}}
{"counter":2608,"type":"move","frame":{"millis":20658,"tic":723},"actor":{"position":{"x":-1869440,"y":28539264,"z":0,"angle":3221225472,"subsector":4566993432},"type":"shotgun_soldier","health":30,"id":4567156424}}
{"counter":2609,"type":"move","frame":{"millis":20658,"tic":723},"actor":{"position":{"x":57821344,"y":26454048,"z":0,"angle":2684354560,"subsector":4566994312},"type":"spectre","health":150,"id":4567166984}}
{"counter":2610,"type":"move","frame":{"millis":20686,"tic":724},"actor":{"position":{"x":19571844,"y":39396939,"z":3670016,"angle":3405774848,"subsector":4566993528},"type":"player","health":79,"armor":73,"id":4567120880}}
{"counter":2611,"type":"move","frame":{"millis":20686,"tic":724},"actor":{"position":{"x":19571844,"y":39396939,"z":3670016,"angle":3405774848,"subsector":4566993528},"type":"player","health":79,"armor":73,"id":4567120880}}
{"weapon_type":1,"counter":2612,"type":"attacked","frame":{"millis":20686,"tic":724},"actor":{"position":{"x":19571844,"y":39396939,"z":3670016,"angle":3405774848,"subsector":4566993528},"type":"player","health":79,"armor":73,"id":4567120880}}
{"counter":2613,"type":"move","frame":{"millis":20686,"tic":724},"actor":{"position":{"x":19164317,"y":39201721,"z":3670016,"angle":3405774848,"subsector":4566993528},"type":"player","health":79,"armor":73,"id":4567120880}}
{"counter":2614,"type":"move","frame":{"millis":20686,"tic":724},"actor":{"position":{"x":23142654,"y":33493742,"z":3670016,"angle":1328300464,"subsector":4566993528},"type":"imp","health":45,"id":4567132136}}
{"counter":2615,"type":"move","frame":{"millis":20686,"tic":724},"actor":{"position":{"x":2107712,"y":26521536,"z":0,"angle":3758096384,"subsector":4566993432},"type":"imp","health":60,"id":4567132928}}
{"counter":2616,"type":"move","frame":{"millis":20686,"tic":724},"actor":{"position":{"x":-28676992,"y":36673536,"z":0,"angle":3221225472,"subsector":4566993352},"type":"soldier","health":20,"id":4567139528}}
{"counter":2617,"type":"move","frame":{"millis":20686,"tic":724},"actor":{"position":{"x":2632000,"y":29894976,"z":0,"angle":536870912,"subsector":4566993432},"type":"shotgun_soldier","health":30,"id":4567139792}}
{"counter":2618,"type":"move","frame":{"millis":20686,"tic":724},"actor":{"position":{"x":-8040384,"y":-10032864,"z":0,"angle":2147483648,"subsector":4566992968},"type":"spectre","health":150,"id":4567162232}}
{"counter":2619,"type":"move","frame":{"millis":20686,"tic":724},"actor":{"position":{"x":9140608,"y":22745472,"z":2621440,"angle":1073741824,"subsector":4566993144},"type":"imp","health":60,"id":4567172000}}
{"counter":2620,"type":"move","frame":{"millis":20686,"tic":724},"actor":{"position":{"x":2806912,"y":15273216,"z":0,"angle":1073741824,"subsector":4566993176},"type":"imp","health":60,"id":4567172264}}
{"counter":2621,"type":"move","frame":{"millis":20686,"tic":724},"actor":{"position":{"x":-916352,"y":17206016,"z":0,"angle":1073741824,"subsector":4566993176},"type":"shotgun_soldier","health":30,"id":4567172528}}
{"counter":2622,"type":"move","frame":{"millis":20715,"tic":725},"actor":{"position":{"x":19164317,"y":39201721,"z":3670016,"angle":3405774848,"subsector":4566993528},"type":"player","health":79,"armor":73,"id":4567120880}}
{"counter":2623,"type":"move","frame":{"millis":20715,"tic":725},"actor":{"position":{"x":19164317,"y":39201721,"z":3670016,"angle":3405774848,"subsector":4566993528},"type":"player","health":79,"armor":73,"id":4567120880}}
{"counter":2624,"type":"move","frame":{"millis":20715,"tic":725},"actor":{"position":{"x":18708348,"y":38954035,"z":3670016,"angle":3405774848,"subsector":4566993528},"type":"player","health":79,"armor":73,"id":4567120880}}
{"counter":2625,"type":"move","frame":{"millis":20715,"tic":725},"actor":{"position":{"x":23157134,"y":33454729,"z":3670016,"angle":1328300464,"subsector":4566993528},"type":"imp","health":45,"id":4567132136}}
{"counter":2626,"type":"move","frame":{"millis":20715,"tic":725},"actor":{"position":{"x":16082256,"y":10607536,"z":0,"angle":0,"subsector":4566993048},"type":"spectre","health":150,"id":4567137416}}
{"counter":2627,"type":"move","frame":{"millis":20715,"tic":725},"actor":{"position":{"x":-23592960,"y":79691776,"z":0,"angle":1610612736,"subsector":4566996760},"type":"shotgun_soldier","health":30,"id":4567155368}}
{"counter":2628,"type":"move","frame":{"millis":20715,"tic":725},"actor":{"position":{"x":57351344,"y":26924048,"z":0,"angle":2147483648,"subsector":4566994312},"type":"spectre","health":150,"id":4567166984}}
{"counter":2629,"type":"move","frame":{"millis":20743,"tic":726},"actor":{"position":{"x":18708348,"y":38954035,"z":3670016,"angle":3405774848,"subsector":4566993528},"type":"player","health":79,"armor":73,"id":4567120880}}
{"counter":2630,"type":"move","frame":{"millis":20743,"tic":726},"actor":{"position":{"x":18708348,"y":38954035,"z":3670016,"angle":3405774848,"subsector":4566993528},"type":"player","health":79,"armor":73,"id":4567120880}}
{"counter":2631,"type":"move","frame":{"millis":20743,"tic":726},"actor":{"position":{"x":18212855,"y":38643012,"z":3670016,"angle":3405774848,"subsector":4566993528},"type":"player","health":79,"armor":73,"id":4567120880}}
{"counter":2632,"type":"move","frame":{"millis":20743,"tic":726},"actor":{"position":{"x":23170256,"y":33419373,"z":3670016,"angle":1328300464,"subsector":4566993528},"type":"imp","health":45,"id":4567132136}}
{"counter":2633,"type":"move","frame":{"millis":20743,"tic":726},"actor":{"position":{"x":59789952,"y":23047552,"z":0,"angle":0,"subsector":4566994312},"type":"shotgun_soldier","health":30,"id":4567137680}}
{"counter":2634,"type":"move","frame":{"millis":20743,"tic":726},"actor":{"position":{"x":-36006464,"y":46036800,"z":0,"angle":2147483648,"subsector":4566993352},"type":"soldier","health":20,"id":4567137944}}
{"counter":2635,"type":"move","frame":{"millis":20743,"tic":726},"actor":{"position":{"x":-27183552,"y":77584064,"z":0,"angle":2684354560,"subsector":4566996696},"type":"soldier","health":20,"id":4567138736}}
{"counter":2636,"type":"move","frame":{"millis":20743,"tic":726},"actor":{"position":{"x":-33167872,"y":65536000,"z":0,"angle":1610612736,"subsector":4566996712},"type":"shotgun_soldier","health":30,"id":4567155632}}
{"counter":2637,"type":"move","frame":{"millis":20743,"tic":726},"actor":{"position":{"x":-31891584,"y":45295360,"z":0,"angle":1610612736,"subsector":4566993352},"type":"shotgun_soldier","health":30,"id":4567156160}}
{"counter":2638,"type":"move","frame":{"millis":20743,"tic":726},"actor":{"position":{"x":-1869440,"y":28014976,"z":0,"angle":3221225472,"subsector":4566993432},"type":"shotgun_soldier","health":30,"id":4567156424}}
{"counter":2639,"type":"move","frame":{"millis":20743,"tic":726},"actor":{"position":{"x":-8695744,"y":-10032864,"z":0,"angle":2147483648,"subsector":4566992968},"type":"spectre","health":150,"id":4567162232}}
{"counter":2640,"type":"move","frame":{"millis":20743,"tic":726},"actor":{"position":{"x":22493786,"y":34132623,"z":5767168,"angle":1592632832,"subsector":4566993528},"type":"imp_fireball","health":1000,"id":4567542336}}
{"counter":2641,"type":"move","frame":{"millis":20772,"tic":727},"actor":{"position":{"x":18212855,"y":38643012,"z":3670016,"angle":3405774848,"subsector":4566993528},"type":"player","health":79,"armor":73,"id":4567120880}}
{"counter":2642,"type":"move","frame":{"millis":20772,"tic":727},"actor":{"position":{"x":18212855,"y":38643012,"z":3670016,"angle":3405774848,"subsector":4566993528},"type":"player","health":79,"armor":73,"id":4567120880}}
{"counter":2643,"type":"move","frame":{"millis":20772,"tic":727},"actor":{"position":{"x":17692482,"y":38235118,"z":3670016,"angle":3405774848,"subsector":4566993528},"type":"player","health":79,"armor":73,"id":4567120880}}
{"counter":2644,"type":"move","frame":{"millis":20772,"tic":727},"actor":{"position":{"x":23036992,"y":44257344,"z":3670016,"angle":3758096384,"subsector":4566993768},"type":"soldier","health":20,"id":4567131608}}
{"counter":2645,"type":"move","frame":{"millis":20772,"tic":727},"actor":{"position":{"x":23182147,"y":33387331,"z":3670016,"angle":1592632832,"subsector":4566993528},"type":"imp","health":45,"id":4567132136}}
{"counter":2646,"type":"move","frame":{"millis":20772,"tic":727},"actor":{"position":{"x":1731712,"y":26145536,"z":0,"angle":3221225472,"subsector":4566993432},"type":"imp","health":60,"id":4567132928}}
{"counter":2647,"type":"move","frame":{"millis":20772,"tic":727},"actor":{"position":{"x":16737616,"y":10607536,"z":0,"angle":0,"subsector":4566993048},"type":"spectre","health":150,"id":4567137416}}
{"counter":2648,"type":"move","frame":{"millis":20772,"tic":727},"actor":{"position":{"x":-35651584,"y":61341696,"z":0,"angle":1610612736,"subsector":4566996712},"type":"soldier","health":20,"id":4567138208}}
{"counter":2649,"type":"move","frame":{"millis":20772,"tic":727},"actor":{"position":{"x":2256000,"y":29518976,"z":0,"angle":0,"subsector":4566993432},"type":"shotgun_soldier","health":30,"id":4567139792}}
{"counter":2650,"type":"move","frame":{"millis":20772,"tic":727},"actor":{"position":{"x":56881344,"y":27394048,"z":0,"angle":1610612736,"subsector":4566994312},"type":"spectre","health":150,"id":4567166984}}
{"counter":2651,"type":"move","frame":{"millis":20772,"tic":727},"actor":{"position":{"x":9516608,"y":23121472,"z":2621440,"angle":1073741824,"subsector":4566993464},"type":"imp","health":60,"id":4567172000}}
{"counter":2652,"type":"move","frame":{"millis":20772,"tic":727},"actor":{"position":{"x":2806912,"y":15797504,"z":0,"angle":1073741824,"subsector":4566993176},"type":"imp","health":60,"id":4567172264}}
{"counter":2653,"type":"move","frame":{"millis":20772,"tic":727},"actor":{"position":{"x":-916352,"y":17730304,"z":0,"angle":1073741824,"subsector":4566993176},"type":"shotgun_soldier","health":30,"id":4567172528}}
{"counter":2654,"type":"move","frame":{"millis":20772,"tic":727},"actor":{"position":{"x":22042806,"y":34608123,"z":5767168,"angle":1592632832,"subsector":4566993528},"type":"imp_fireball","health":1000,"id":4567542336}}
{"counter":2655,"type":"move","frame":{"millis":20801,"tic":728},"actor":{"position":{"x":17692482,"y":38235118,"z":3670016,"angle":3405774848,"subsector":4566993528},"type":"player","health":79,"armor":73,"id":4567120880}}
{"counter":2656,"type":"move","frame":{"millis":20801,"tic":728},"actor":{"position":{"x":17692482,"y":38235118,"z":3670016,"angle":3405774848,"subsector":4566993528},"type":"player","health":79,"armor":73,"id":4567120880}}
{"counter":2657,"type":"move","frame":{"millis":20801,"tic":728},"actor":{"position":{"x":17148467,"y":37743382,"z":3670016,"angle":3405774848,"subsector":4566993528},"type":"player","health":79,"armor":73,"id":4567120880}}
{"counter":2658,"type":"move","frame":{"millis":20801,"tic":728},"actor":{"position":{"x":23192923,"y":33358292,"z":3670016,"angle":1592632832,"subsector":4566993528},"type":"imp","health":45,"id":4567132136}}
{"counter":2659,"type":"move","frame":{"millis":20801,"tic":728},"actor":{"position":{"x":-28676992,"y":36149248,"z":0,"angle":3221225472,"subsector":4566993352},"type":"soldier","health":20,"id":4567139528}}
{"counter":2660,"type":"move","frame":{"millis":20801,"tic":728},"actor":{"position":{"x":-23068672,"y":79691776,"z":0,"angle":1073741824,"subsector":4566996760},"type":"shotgun_soldier","health":30,"id":4567155368}}
{"counter":2661,"type":"move","frame":{"millis":20801,"tic":728},"actor":{"position":{"x":-9351104,"y":-10032864,"z":0,"angle":2147483648,"subsector":4566992968},"type":"spectre","health":150,"id":4567162232}}
{"counter":2662,"type":"move","frame":{"millis":20801,"tic":728},"actor":{"position":{"x":21591826,"y":35083623,"z":5767168,"angle":1592632832,"subsector":4566993528},"type":"imp_fireball","health":1000,"id":4567542336}}
{"counter":2663,"type":"move","frame":{"millis":20829,"tic":729},"actor":{"position":{"x":17148467,"y":37743382,"z":3670016,"angle":3405774848,"subsector":4566993528},"type":"player","health":79,"armor":73,"id":4567120880}}
{"counter":2664,"type":"move","frame":{"millis":20829,"tic":729},"actor":{"position":{"x":17148467,"y":37743382,"z":3670016,"angle":3405774848,"subsector":4566993528},"type":"player","health":79,"armor":73,"id":4567120880}}
{"counter":2665,"type":"move","frame":{"millis":20829,"tic":729},"actor":{"position":{"x":16646847,"y":37206103,"z":3670016,"angle":3405774848,"subsector":4566993528},"type":"player","health":79,"armor":73,"id":4567120880}}
{"counter":2666,"type":"move","frame":{"millis":20829,"tic":729},"actor":{"position":{"x":23202688,"y":33331975,"z":3670016,"angle":1592632832,"subsector":4566993528},"type":"imp","health":45,"id":4567132136}}
{"counter":2667,"type":"move","frame":{"millis":20829,"tic":729},"actor":{"position":{"x":17392976,"y":10607536,"z":0,"angle":0,"subsector":4566993048},"type":"spectre","health":150,"id":4567137416}}
{"counter":2668,"type":"move","frame":{"millis":20829,"tic":729},"actor":{"position":{"x":59413952,"y":23423552,"z":0,"angle":536870912,"subsector":4566994312},"type":"shotgun_soldier","health":30,"id":4567137680}}
{"counter":2669,"type":"move","frame":{"millis":20829,"tic":729},"actor":{"position":{"x":-33543872,"y":65912000,"z":0,"angle":1610612736,"subsector":4566996712},"type":"shotgun_soldier","health":30,"id":4567155632}}
{"counter":2670,"type":"move","frame":{"millis":20829,"tic":729},"actor":{"position":{"x":-32267584,"y":45671360,"z":0,"angle":1610612736,"subsector":4566993352},"type":"shotgun_soldier","health":30,"id":4567156160}}
{"counter":2671,"type":"move","frame":{"millis":20829,"tic":729},"actor":{"position":{"x":-1869440,"y":27490688,"z":0,"angle":3221225472,"subsector":4566993432},"type":"shotgun_soldier","health":30,"id":4567156424}}
{"counter":2672,"type":"move","frame":{"millis":20829,"tic":729},"actor":{"position":{"x":56881344,"y":26738688,"z":0,"angle":1610612736,"subsector":4566994312},"type":"spectre","health":150,"id":4567166984}}
{"counter":2673,"type":"move","frame":{"millis":20829,"tic":729},"actor":{"position":{"x":21140846,"y":35559123,"z":5767168,"angle":1592632832,"subsector":4566993528},"type":"imp_fireball","health":1000,"id":4567542336}}
{"counter":2674,"type":"move","frame":{"millis":20829,"tic":729},"actor":{"position":{"x":13138662,"y":39872441,"z":5742371,"angle":2065767215,"subsector":4566993496},"type":"imp_fireball","health":1000,"id":4567542864}}
{"counter":2675,"type":"move","frame":{"millis":20858,"tic":730},"actor":{"position":{"x":16646847,"y":37206103,"z":3670016,"angle":3405774848,"subsector":4566993528},"type":"player","health":79,"armor":73,"id":4567120880}}
{"counter":2676,"type":"move","frame":{"millis":20858,"tic":730},"actor":{"position":{"x":16219601,"y":36620513,"z":3670016,"angle":3405774848,"subsector":4566993528},"type":"player","health":79,"armor":73,"id":4567120880}}
{"counter":2677,"type":"move","frame":{"millis":20858,"tic":730},"actor":{"position":{"x":23211537,"y":33308125,"z":3670016,"angle":1592632832,"subsector":4566993528},"type":"imp","health":45,"id":4567132136}}
{"counter":2678,"type":"move","frame":{"millis":20858,"tic":730},"actor":{"position":{"x":2256000,"y":26145536,"z":0,"angle":2684354560,"subsector":4566993432},"type":"imp","health":60,"id":4567132928}}
{"counter":2679,"type":"move","frame":{"millis":20858,"tic":730},"actor":{"position":{"x":-35630464,"y":45660800,"z":0,"angle":2147483648,"subsector":4566993352},"type":"soldier","health":20,"id":4567137944}}
{"counter":2680,"type":"move","frame":{"millis":20858,"tic":730},"actor":{"position":{"x":-27559552,"y":77208064,"z":0,"angle":2684354560,"subsector":4566996696},"type":"soldier","health":20,"id":4567138736}}
{"counter":2681,"type":"move","frame":{"millis":20858,"tic":730},"actor":{"position":{"x":1880000,"y":29142976,"z":0,"angle":3758096384,"subsector":4566993432},"type":"shotgun_soldier","health":30,"id":4567139792}}
{"counter":2682,"type":"move","frame":{"millis":20858,"tic":730},"actor":{"position":{"x":-10006464,"y":-10032864,"z":0,"angle":2147483648,"subsector":4566992968},"type":"spectre","health":150,"id":4567162232}}
{"counter":2683,"type":"move","frame":{"millis":20858,"tic":730},"actor":{"position":{"x":9892608,"y":23497472,"z":2621440,"angle":536870912,"subsector":4566993464},"type":"imp","health":60,"id":4567172000}}
{"counter":2684,"type":"move","frame":{"millis":20858,"tic":730},"actor":{"position":{"x":2806912,"y":16321792,"z":0,"angle":1073741824,"subsector":4566993176},"type":"imp","health":60,"id":4567172264}}
{"counter":2685,"type":"move","frame":{"millis":20858,"tic":730},"actor":{"position":{"x":-916352,"y":18254592,"z":0,"angle":1073741824,"subsector":4566993176},"type":"shotgun_soldier","health":30,"id":4567172528}}
{"counter":2686,"type":"move","frame":{"millis":20858,"tic":730},"actor":{"position":{"x":20689866,"y":36034623,"z":5767168,"angle":1592632832,"subsector":4566993528},"type":"imp_fireball","health":1000,"id":4567542336}}
{"counter":2687,"type":"move","frame":{"millis":20858,"tic":730},"actor":{"position":{"x":12487962,"y":39950411,"z":5692777,"angle":2065767215,"subsector":4566993496},"type":"imp_fireball","health":1000,"id":4567542864}}
{"counter":2688,"type":"move","frame":{"millis":20886,"tic":731},"actor":{"position":{"x":16219601,"y":36620513,"z":3670016,"angle":3422552064,"subsector":4566993528},"type":"player","health":79,"armor":73,"id":4567120880}}
{"counter":2689,"type":"move","frame":{"millis":20886,"tic":731},"actor":{"position":{"x":15851457,"y":36027116,"z":3670016,"angle":3422552064,"subsector":4566993528},"type":"player","health":79,"armor":73,"id":4567120880}}
{"counter":2690,"type":"move","frame":{"millis":20886,"tic":731},"actor":{"position":{"x":22660992,"y":43881344,"z":3670016,"angle":3221225472,"subsector":4566993528},"type":"soldier","health":20,"id":4567131608}}
{"counter":2691,"type":"move","frame":{"millis":20886,"tic":731},"actor":{"position":{"x":23219556,"y":33286510,"z":3670016,"angle":1592632832,"subsector":4566993528},"type":"imp","health":45,"id":4567132136}}
{"counter":2692,"type":"move","frame":{"millis":20886,"tic":731},"actor":{"position":{"x":18048336,"y":10607536,"z":0,"angle":0,"subsector":4566993048},"type":"spectre","health":150,"id":4567137416}}
{"counter":2693,"type":"move","frame":{"millis":20886,"tic":731},"actor":{"position":{"x":-35127296,"y":61341696,"z":0,"angle":1073741824,"subsector":4566996712},"type":"soldier","health":20,"id":4567138208}}
{"counter":2694,"type":"move","frame":{"millis":20886,"tic":731},"actor":{"position":{"x":-22544384,"y":79691776,"z":0,"angle":536870912,"subsector":4566996760},"type":"shotgun_soldier","health":30,"id":4567155368}}
{"counter":2695,"type":"move","frame":{"millis":20886,"tic":731},"actor":{"position":{"x":57536704,"y":26738688,"z":0,"angle":2147483648,"subsector":4566994312},"type":"spectre","health":150,"id":4567166984}}
{"counter":2696,"type":"move","frame":{"millis":20886,"tic":731},"actor":{"position":{"x":20238886,"y":36510123,"z":5767168,"angle":1592632832,"subsector":4566993528},"type":"imp_fireball","health":1000,"id":4567542336}}
{"counter":2697,"type":"move","frame":{"millis":20886,"tic":731},"actor":{"position":{"x":11837262,"y":40028381,"z":5643183,"angle":2065767215,"subsector":4566993496},"type":"imp_fireball","health":1000,"id":4567542864}}
{"counter":2698,"type":"move","frame":{"millis":20915,"tic":732},"actor":{"position":{"x":15851457,"y":36027116,"z":3670016,"angle":3456106496,"subsector":4566993528},"type":"player","health":79,"armor":73,"id":4567120880}}
{"counter":2699,"type":"move","frame":{"millis":20915,"tic":732},"actor":{"position":{"x":15526114,"y":35466213,"z":3670016,"angle":3456106496,"subsector":4566993528},"type":"player","health":79,"armor":73,"id":4567120880}}
{"counter":2700,"type":"move","frame":{"millis":20915,"tic":732},"actor":{"position":{"x":23226823,"y":33266921,"z":3670016,"angle":1592632832,"subsector":4566993528},"type":"imp","health":45,"id":4567132136}}
{"counter":2701,"type":"move","frame":{"millis":20915,"tic":732},"actor":{"position":{"x":22850823,"y":33642921,"z":3670016,"angle":1610612736,"subsector":4566993528},"type":"imp","health":45,"id":4567132136}}
{"counter":2702,"type":"move","frame":{"millis":20916,"tic":732},"actor":{"position":{"x":58889664,"y":23423552,"z":0,"angle":1073741824,"subsector":4566994312},"type":"shotgun_soldier","health":30,"id":4567137680}}
{"counter":2703,"type":"move","frame":{"millis":20916,"tic":732},"actor":{"position":{"x":-28676992,"y":35624960,"z":0,"angle":3221225472,"subsector":4566993416},"type":"soldier","health":20,"id":4567139528}}
{"counter":2704,"type":"move","frame":{"millis":20916,"tic":732},"actor":{"position":{"x":-33919872,"y":66288000,"z":0,"angle":1610612736,"subsector":4566996712},"type":"shotgun_soldier","health":30,"id":4567155632}}
{"counter":2705,"type":"move","frame":{"millis":20916,"tic":732},"actor":{"position":{"x":-32643584,"y":46047360,"z":0,"angle":1610612736,"subsector":4566993352},"type":"shotgun_soldier","health":30,"id":4567156160}}
{"counter":2706,"type":"move","frame":{"millis":20916,"tic":732},"actor":{"position":{"x":-1869440,"y":26966400,"z":0,"angle":3221225472,"subsector":4566993432},"type":"shotgun_soldier","health":30,"id":4567156424}}
{"counter":2707,"type":"move","frame":{"millis":20916,"tic":732},"actor":{"position":{"x":-10661824,"y":-10032864,"z":0,"angle":2147483648,"subsector":4566992968},"type":"spectre","health":150,"id":4567162232}}
{"counter":2708,"type":"move","frame":{"millis":20916,"tic":732},"actor":{"position":{"x":19787906,"y":36985623,"z":5767168,"angle":1592632832,"subsector":4566993528},"type":"imp_fireball","health":1000,"id":4567542336}}
{"counter":2709,"type":"move","frame":{"millis":20916,"tic":732},"actor":{"position":{"x":11186562,"y":40106351,"z":5593589,"angle":2065767215,"subsector":4566993496},"type":"imp_fireball","health":1000,"id":4567542864}}
{"counter":2710,"type":"move","frame":{"millis":20944,"tic":733},"actor":{"position":{"x":15526114,"y":35466213,"z":3670016,"angle":3489660928,"subsector":4566993528},"type":"player","health":79,"armor":73,"id":4567120880}}
{"counter":2711,"type":"move","frame":{"millis":20944,"tic":733},"actor":{"position":{"x":15230486,"y":34959785,"z":3670016,"angle":3489660928,"subsector":4566993528},"type":"player","health":79,"armor":73,"id":4567120880}}
{"counter":2712,"type":"move","frame":{"millis":20944,"tic":733},"actor":{"position":{"x":22857408,"y":33625168,"z":3670016,"angle":1610612736,"subsector":4566993528},"type":"imp","health":45,"id":4567132136}}
{"counter":2713,"type":"move","frame":{"millis":20944,"tic":733},"actor":{"position":{"x":2780288,"y":26145536,"z":0,"angle":3221225472,"subsector":4566993432},"type":"imp","health":60,"id":4567132928}}
{"counter":2714,"type":"move","frame":{"millis":20944,"tic":733},"actor":{"position":{"x":18703696,"y":10607536,"z":0,"angle":0,"subsector":4566993048},"type":"spectre","health":150,"id":4567137416}}
{"counter":2715,"type":"move","frame":{"millis":20944,"tic":733},"actor":{"position":{"x":1504000,"y":28766976,"z":0,"angle":3221225472,"subsector":4566993432},"type":"shotgun_soldier","health":30,"id":4567139792}}
{"counter":2716,"type":"move","frame":{"millis":20944,"tic":733},"actor":{"position":{"x":58192064,"y":26738688,"z":0,"angle":2684354560,"subsector":4566994312},"type":"spectre","health":150,"id":4567166984}}
{"counter":2717,"type":"move","frame":{"millis":20944,"tic":733},"actor":{"position":{"x":10268608,"y":23873472,"z":3145728,"angle":536870912,"subsector":4566993464},"type":"imp","health":60,"id":4567172000}}
{"counter":2718,"type":"move","frame":{"millis":20944,"tic":733},"actor":{"position":{"x":2806912,"y":16846080,"z":0,"angle":1073741824,"subsector":4566993176},"type":"imp","health":60,"id":4567172264}}
{"counter":2719,"type":"move","frame":{"millis":20945,"tic":733},"actor":{"position":{"x":-392064,"y":18254592,"z":0,"angle":1073741824,"subsector":4566993176},"type":"shotgun_soldier","health":30,"id":4567172528}}
{"counter":2720,"type":"move","frame":{"millis":20945,"tic":733},"actor":{"position":{"x":19336926,"y":37461123,"z":5767168,"angle":1592632832,"subsector":4566993528},"type":"imp_fireball","health":1000,"id":4567542336}}
{"counter":2721,"type":"move","frame":{"millis":20945,"tic":733},"actor":{"position":{"x":10535862,"y":40184321,"z":5543995,"angle":2065767215,"subsector":4566993496},"type":"imp_fireball","health":1000,"id":4567542864}}
{"counter":2722,"type":"move","frame":{"millis":20973,"tic":734},"actor":{"position":{"x":15230486,"y":34959785,"z":3670016,"angle":3556769792,"subsector":4566993528},"type":"player","health":79,"armor":73,"id":4567120880}}
{"counter":2723,"type":"move","frame":{"millis":20973,"tic":734},"actor":{"position":{"x":14914268,"y":34591123,"z":3670016,"angle":3556769792,"subsector":4566993528},"type":"player","health":79,"armor":73,"id":4567120880}}
{"counter":2724,"type":"move","frame":{"millis":20973,"tic":734},"actor":{"position":{"x":22863375,"y":33609079,"z":3670016,"angle":1610612736,"subsector":4566993528},"type":"imp","health":45,"id":4567132136}}
{"counter":2725,"type":"move","frame":{"millis":20973,"tic":734},"actor":{"position":{"x":-35630464,"y":45136512,"z":0,"angle":2684354560,"subsector":4566993352},"type":"soldier","health":20,"id":4567137944}}
{"counter":2726,"type":"move","frame":{"millis":20973,"tic":734},"actor":{"position":{"x":-27935552,"y":76832064,"z":0,"angle":2684354560,"subsector":4566996696},"type":"soldier","health":20,"id":4567138736}}
{"counter":2727,"type":"move","frame":{"millis":20973,"tic":734},"actor":{"position":{"x":-22020096,"y":79691776,"z":0,"angle":0,"subsector":4566996760},"type":"shotgun_soldier","health":30,"id":4567155368}}
{"counter":2728,"type":"move","frame":{"millis":20973,"tic":734},"actor":{"position":{"x":-11317184,"y":-10032864,"z":0,"angle":2147483648,"subsector":4566992968},"type":"spectre","health":150,"id":4567162232}}
{"counter":2729,"type":"move","frame":{"millis":20973,"tic":734},"actor":{"position":{"x":18885946,"y":37936623,"z":5767168,"angle":1592632832,"subsector":4566993528},"type":"imp_fireball","health":1000,"id":4567542336}}
{"counter":2730,"type":"move","frame":{"millis":20973,"tic":734},"actor":{"position":{"x":9885162,"y":40262291,"z":5494401,"angle":2065767215,"subsector":4566993496},"type":"imp_fireball","health":1000,"id":4567542864}}
{"counter":2731,"type":"move","frame":{"millis":21000,"tic":735},"actor":{"position":{"x":14914268,"y":34591123,"z":3670016,"angle":3590324224,"subsector":4566993528},"type":"player","health":79,"armor":73,"id":4567120880}}
{"counter":2732,"type":"move","frame":{"millis":21000,"tic":735},"actor":{"position":{"x":14575018,"y":34344833,"z":3670016,"angle":3590324224,"subsector":4566993496},"type":"player","health":79,"armor":73,"id":4567120880}}
{"counter":2733,"type":"move","frame":{"millis":21000,"tic":735},"actor":{"position":{"x":22284992,"y":43505344,"z":3670016,"angle":2684354560,"subsector":4566993528},"type":"soldier","health":20,"id":4567131608}}
{"counter":2734,"type":"move","frame":{"millis":21001,"tic":735},"actor":{"position":{"x":22868782,"y":33594498,"z":3670016,"angle":1610612736,"subsector":4566993528},"type":"imp","health":45,"id":4567132136}}
{"counter":2735,"type":"move","frame":{"millis":21001,"tic":735},"actor":{"position":{"x":22492782,"y":33970498,"z":3670016,"angle":1610612736,"subsector":4566993528},"type":"imp","health":45,"id":4567132136}}
{"counter":2736,"type":"move","frame":{"millis":21001,"tic":735},"actor":{"position":{"x":13738712,"y":40131486,"z":3670016,"angle":1073741824,"subsector":4566993496},"type":"imp","health":48,"id":4567132400}}
{"counter":2737,"type":"move","frame":{"millis":21001,"tic":735},"actor":{"position":{"x":19359056,"y":10607536,"z":0,"angle":0,"subsector":4566993048},"type":"spectre","health":150,"id":4567137416}}
{"counter":2738,"type":"move","frame":{"millis":21001,"tic":735},"actor":{"position":{"x":58365376,"y":23423552,"z":0,"angle":1610612736,"subsector":4566994312},"type":"shotgun_soldier","health":30,"id":4567137680}}
{"counter":2739,"type":"move","frame":{"millis":21001,"tic":735},"actor":{"position":{"x":-34603008,"y":61341696,"z":0,"angle":536870912,"subsector":4566996712},"type":"soldier","health":20,"id":4567138208}}
{"counter":2740,"type":"move","frame":{"millis":21001,"tic":735},"actor":{"position":{"x":-33395584,"y":66288000,"z":0,"angle":1610612736,"subsector":4566996712},"type":"shotgun_soldier","health":30,"id":4567155632}}
{"counter":2741,"type":"move","frame":{"millis":21001,"tic":735},"actor":{"position":{"x":-32119296,"y":46047360,"z":0,"angle":1610612736,"subsector":4566993352},"type":"shotgun_soldier","health":30,"id":4567156160}}
{"counter":2742,"type":"move","frame":{"millis":21001,"tic":735},"actor":{"position":{"x":-1869440,"y":26442112,"z":0,"angle":3221225472,"subsector":4566993432},"type":"shotgun_soldier","health":30,"id":4567156424}}
{"counter":2743,"type":"move","frame":{"millis":21001,"tic":735},"actor":{"position":{"x":58847424,"y":26738688,"z":0,"angle":3221225472,"subsector":4566994312},"type":"spectre","health":150,"id":4567166984}}
{"counter":2744,"type":"move","frame":{"millis":21001,"tic":735},"actor":{"position":{"x":18434966,"y":38412123,"z":5767168,"angle":1592632832,"subsector":4566993528},"type":"imp_fireball","health":1000,"id":4567542336}}
{"counter":2745,"type":"move","frame":{"millis":21001,"tic":735},"actor":{"position":{"x":9234462,"y":40340261,"z":5444807,"angle":2065767215,"subsector":4566993496},"type":"imp_fireball","health":1000,"id":4567542864}}
{"counter":2746,"type":"move","frame":{"millis":21030,"tic":736},"actor":{"position":{"x":14575018,"y":34344833,"z":3670016,"angle":3607101440,"subsector":4566993496},"type":"player","health":79,"armor":73,"id":4567120880}}
{"counter":2747,"type":"move","frame":{"millis":21030,"tic":736},"actor":{"position":{"x":14212756,"y":34208122,"z":3670016,"angle":3607101440,"subsector":4566993496},"type":"player","health":79,"armor":73,"id":4567120880}}
{"counter":2748,"type":"move","frame":{"millis":21030,"tic":736},"actor":{"position":{"x":22497682,"y":33957283,"z":3670016,"angle":1610612736,"subsector":4566993528},"type":"imp","health":45,"id":4567132136}}
{"counter":2749,"type":"move","frame":{"millis":21030,"tic":736},"actor":{"position":{"x":2780288,"y":25621248,"z":0,"angle":3758096384,"subsector":4566993432},"type":"imp","health":60,"id":4567132928}}
{"counter":2750,"type":"move","frame":{"millis":21030,"tic":736},"actor":{"position":{"x":-28676992,"y":35100672,"z":0,"angle":3221225472,"subsector":4566993416},"type":"soldier","health":20,"id":4567139528}}
{"counter":2751,"type":"move","frame":{"millis":21030,"tic":736},"actor":{"position":{"x":2028288,"y":28766976,"z":0,"angle":2684354560,"subsector":4566993432},"type":"shotgun_soldier","health":30,"id":4567139792}}
{"counter":2752,"type":"move","frame":{"millis":21030,"tic":736},"actor":{"position":{"x":-11972544,"y":-10032864,"z":0,"angle":2147483648,"subsector":4566992968},"type":"spectre","health":150,"id":4567162232}}
{"counter":2753,"type":"move","frame":{"millis":21030,"tic":736},"actor":{"position":{"x":10644608,"y":24249472,"z":3145728,"angle":536870912,"subsector":4566993464},"type":"imp","health":60,"id":4567172000}}
{"counter":2754,"type":"move","frame":{"millis":21030,"tic":736},"actor":{"position":{"x":2806912,"y":17370368,"z":0,"angle":1073741824,"subsector":4566993176},"type":"imp","health":60,"id":4567172264}}
{"counter":2755,"type":"move","frame":{"millis":21030,"tic":736},"actor":{"position":{"x":132224,"y":18254592,"z":0,"angle":536870912,"subsector":4566993176},"type":"shotgun_soldier","health":30,"id":4567172528}}
{"counter":2756,"type":"move","frame":{"millis":21030,"tic":736},"actor":{"position":{"x":17983986,"y":38887623,"z":5767168,"angle":1592632832,"subsector":4566993528},"type":"imp_fireball","health":1000,"id":4567542336}}
{"counter":2757,"type":"move","frame":{"millis":21030,"tic":736},"actor":{"position":{"x":8583762,"y":40418231,"z":5395213,"angle":2065767215,"subsector":4566993496},"type":"imp_fireball","health":1000,"id":4567542864}}
{"counter":2758,"type":"move","frame":{"millis":21059,"tic":737},"actor":{"position":{"x":14212756,"y":34208122,"z":3670016,"angle":3623878656,"subsector":4566993496},"type":"player","health":79,"armor":73,"id":4567120880}}
{"counter":2759,"type":"move","frame":{"millis":21059,"tic":737},"actor":{"position":{"x":13834364,"y":34159132,"z":3670016,"angle":3623878656,"subsector":4566993496},"type":"player","health":79,"armor":73,"id":4567120880}}
{"counter":2760,"type":"move","frame":{"millis":21059,"tic":737},"actor":{"position":{"x":22502122,"y":33945306,"z":3670016,"angle":1610612736,"subsector":4566993528},"type":"imp","health":45,"id":4567132136}}
{"counter":2761,"type":"move","frame":{"millis":21059,"tic":737},"actor":{"position":{"x":20014416,"y":10607536,"z":0,"angle":0,"subsector":4566993048},"type":"spectre","health":150,"id":4567137416}}
{"counter":2762,"type":"move","frame":{"millis":21059,"tic":737},"actor":{"position":{"x":-21495808,"y":79691776,"z":0,"angle":0,"subsector":4566996760},"type":"shotgun_soldier","health":30,"id":4567155368}}
{"counter":2763,"type":"move","frame":{"millis":21059,"tic":737},"actor":{"position":{"x":59502784,"y":26738688,"z":0,"angle":3758096384,"subsector":4566994312},"type":"spectre","health":150,"id":4567166984}}
{"counter":2764,"type":"move","frame":{"millis":21059,"tic":737},"actor":{"position":{"x":17533006,"y":39363123,"z":5767168,"angle":1592632832,"subsector":4566993528},"type":"imp_fireball","health":1000,"id":4567542336}}
{"counter":2765,"type":"move","frame":{"millis":21059,"tic":737},"actor":{"position":{"x":7933062,"y":40496201,"z":5345619,"angle":2065767215,"subsector":4566993496},"type":"imp_fireball","health":1000,"id":4567542864}}
{"counter":2766,"type":"move","frame":{"millis":21087,"tic":738},"actor":{"position":{"x":13834364,"y":34159132,"z":3670016,"angle":3657433088,"subsector":4566993496},"type":"player","health":79,"armor":73,"id":4567120880}}
{"weapon_type":1,"counter":2767,"type":"attacked","frame":{"millis":21087,"tic":738},"actor":{"position":{"x":13834364,"y":34159132,"z":3670016,"angle":3657433088,"subsector":4566993496},"type":"player","health":79,"armor":73,"id":4567120880}}
{"counter":2768,"type":"move","frame":{"millis":21087,"tic":738},"actor":{"position":{"x":13430416,"y":34196959,"z":3670016,"angle":3657433088,"subsector":4566993496},"type":"player","health":79,"armor":73,"id":4567120880}}
{"counter":2769,"type":"move","frame":{"millis":21087,"tic":738},"actor":{"position":{"x":22506145,"y":33934451,"z":3670016,"angle":1610612736,"subsector":4566993528},"type":"imp","health":45,"id":4567132136}}
{"counter":2770,"type":"move","frame":{"millis":21087,"tic":738},"actor":{"position":{"x":22130145,"y":34310451,"z":3670016,"angle":1610612736,"subsector":4566993528},"type":"imp","health":45,"id":4567132136}}
{"counter":2771,"type":"move","frame":{"millis":21087,"tic":738},"actor":{"position":{"x":13362712,"y":40507486,"z":3670016,"angle":1610612736,"subsector":4566993496},"type":"imp","health":48,"id":4567132400}}
{"counter":2772,"type":"move","frame":{"millis":21087,"tic":738},"actor":{"position":{"x":57841088,"y":23423552,"z":0,"angle":2147483648,"subsector":4566994312},"type":"shotgun_soldier","health":30,"id":4567137680}}
{"counter":2773,"type":"move","frame":{"millis":21087,"tic":738},"actor":{"position":{"x":-35630464,"y":44612224,"z":0,"angle":3221225472,"subsector":4566993352},"type":"soldier","health":20,"id":4567137944}}
{"counter":2774,"type":"move","frame":{"millis":21087,"tic":738},"actor":{"position":{"x":-28311552,"y":76456064,"z":0,"angle":2684354560,"subsector":4566996696},"type":"soldier","health":20,"id":4567138736}}
{"counter":2775,"type":"move","frame":{"millis":21087,"tic":738},"actor":{"position":{"x":-32871296,"y":66288000,"z":0,"angle":1073741824,"subsector":4566996712},"type":"shotgun_soldier","health":30,"id":4567155632}}
{"counter":2776,"type":"move","frame":{"millis":21087,"tic":738},"actor":{"position":{"x":-31595008,"y":46047360,"z":0,"angle":1073741824,"subsector":4566993352},"type":"shotgun_soldier","health":30,"id":4567156160}}
{"counter":2777,"type":"move","frame":{"millis":21087,"tic":738},"actor":{"position":{"x":-1869440,"y":25917824,"z":0,"angle":3221225472,"subsector":4566993432},"type":"shotgun_soldier","health":30,"id":4567156424}}
{"counter":2778,"type":"move","frame":{"millis":21087,"tic":738},"actor":{"position":{"x":-12627904,"y":-10032864,"z":0,"angle":2147483648,"subsector":4566992968},"type":"spectre","health":150,"id":4567162232}}
{"counter":2779,"type":"move","frame":{"millis":21087,"tic":738},"actor":{"position":{"x":17082026,"y":39838623,"z":5767168,"angle":1592632832,"subsector":4566993528},"type":"imp_fireball","health":1000,"id":4567542336}}
{"counter":2780,"type":"move","frame":{"millis":21087,"tic":738},"actor":{"position":{"x":7282362,"y":40574171,"z":5296025,"angle":2065767215,"subsector":4566993496},"type":"imp_fireball","health":1000,"id":4567542864}}
{"counter":2781,"type":"move","frame":{"millis":21116,"tic":739},"actor":{"position":{"x":13430416,"y":34196959,"z":3670016,"angle":3674210304,"subsector":4566993496},"type":"player","health":79,"armor":73,"id":4567120880}}
{"counter":2782,"type":"move","frame":{"millis":21116,"tic":739},"actor":{"position":{"x":13016435,"y":34292572,"z":3670016,"angle":3674210304,"subsector":4566993496},"type":"player","health":79,"armor":73,"id":4567120880}}
{"counter":2783,"type":"move","frame":{"millis":21116,"tic":739},"actor":{"position":{"x":21908992,"y":43129344,"z":3670016,"angle":2684354560,"subsector":4566993528},"type":"soldier","health":20,"id":4567131608}}
{"counter":2784,"type":"move","frame":{"millis":21116,"tic":739},"actor":{"position":{"x":22133790,"y":34300613,"z":3670016,"angle":1610612736,"subsector":4566993528},"type":"imp","health":45,"id":4567132136}}
{"counter":2785,"type":"move","frame":{"millis":21116,"tic":739},"actor":{"position":{"x":2780288,"y":25096960,"z":0,"angle":3221225472,"subsector":4566993432},"type":"imp","health":60,"id":4567132928}}
{"counter":2786,"type":"move","frame":{"millis":21116,"tic":739},"actor":{"position":{"x":20669776,"y":10607536,"z":0,"angle":0,"subsector":4566993048},"type":"spectre","health":150,"id":4567137416}}
{"counter":2787,"type":"move","frame":{"millis":21116,"tic":739},"actor":{"position":{"x":-34078720,"y":61341696,"z":0,"angle":0,"subsector":4566996712},"type":"soldier","health":20,"id":4567138208}}
{"counter":2788,"type":"move","frame":{"millis":21116,"tic":739},"actor":{"position":{"x":2552576,"y":28766976,"z":0,"angle":3221225472,"subsector":4566993432},"type":"shotgun_soldier","health":30,"id":4567139792}}
{"counter":2789,"type":"move","frame":{"millis":21116,"tic":739},"actor":{"position":{"x":59032784,"y":27208688,"z":0,"angle":0,"subsector":4566994312},"type":"spectre","health":150,"id":4567166984}}
{"counter":2790,"type":"move","frame":{"millis":21116,"tic":739},"actor":{"position":{"x":11020608,"y":24625472,"z":3145728,"angle":536870912,"subsector":4566993464},"type":"imp","health":60,"id":4567172000}}
{"counter":2791,"type":"move","frame":{"millis":21116,"tic":739},"actor":{"position":{"x":2806912,"y":17894656,"z":0,"angle":1073741824,"subsector":4566993176},"type":"imp","health":60,"id":4567172264}}
{"counter":2792,"type":"move","frame":{"millis":21116,"tic":739},"actor":{"position":{"x":-243776,"y":17878592,"z":0,"angle":0,"subsector":4566993176},"type":"shotgun_soldier","health":30,"id":4567172528}}
{"counter":2793,"type":"move","frame":{"millis":21116,"tic":739},"actor":{"position":{"x":16631046,"y":40314123,"z":5767168,"angle":1592632832,"subsector":4566993528},"type":"imp_fireball","health":1000,"id":4567542336}}
{"counter":2794,"type":"move","frame":{"millis":21116,"tic":739},"actor":{"position":{"x":6631662,"y":40652141,"z":5246431,"angle":2065767215,"subsector":4566993496},"type":"imp_fireball","health":1000,"id":4567542864}}
{"counter":2795,"type":"move","frame":{"millis":21145,"tic":740},"actor":{"position":{"x":13016435,"y":34292572,"z":3670016,"angle":3707764736,"subsector":4566993496},"type":"player","health":79,"armor":73,"id":4567120880}}
{"counter":2796,"type":"move","frame":{"millis":21145,"tic":740},"actor":{"position":{"x":12577026,"y":34453633,"z":3670016,"angle":3707764736,"subsector":4566993496},"type":"player","health":79,"armor":73,"id":4567120880}}
{"counter":2797,"type":"move","frame":{"millis":21145,"tic":740},"actor":{"position":{"x":22137093,"y":34291697,"z":3670016,"angle":1610612736,"subsector":4566993528},"type":"imp","health":45,"id":4567132136}}
{"counter":2798,"type":"move","frame":{"millis":21145,"tic":740},"actor":{"position":{"x":-28676992,"y":34576384,"z":0,"angle":3221225472,"subsector":4566993416},"type":"soldier","health":20,"id":4567139528}}
{"counter":2799,"type":"move","frame":{"millis":21145,"tic":740},"actor":{"position":{"x":-20971520,"y":79691776,"z":0,"angle":0,"subsector":4566996760},"type":"shotgun_soldier","health":30,"id":4567155368}}
{"counter":2800,"type":"move","frame":{"millis":21145,"tic":740},"actor":{"position":{"x":-13283264,"y":-10032864,"z":0,"angle":2147483648,"subsector":4566992968},"type":"spectre","health":150,"id":4567162232}}
{"counter":2801,"type":"move","frame":{"millis":21145,"tic":740},"actor":{"position":{"x":16180066,"y":40789623,"z":5767168,"angle":1592632832,"subsector":4566993528},"type":"imp_fireball","health":1000,"id":4567542336}}
{"counter":2802,"type":"move","frame":{"millis":21145,"tic":740},"actor":{"position":{"x":5980962,"y":40730111,"z":5196837,"angle":2065767215,"subsector":4566993496},"type":"imp_fireball","health":1000,"id":4567542864}}
{"counter":2803,"type":"move","frame":{"millis":21173,"tic":741},"actor":{"position":{"x":12577026,"y":34453633,"z":3670016,"angle":3707764736,"subsector":4566993496},"type":"player","health":79,"armor":73,"id":4567120880}}
{"counter":2804,"type":"move","frame":{"millis":21173,"tic":741},"actor":{"position":{"x":12173457,"y":34605795,"z":3670016,"angle":3707764736,"subsector":4566993496},"type":"player","health":79,"armor":73,"id":4567120880}}
{"counter":2805,"type":"move","frame":{"millis":21173,"tic":741},"actor":{"position":{"x":22140086,"y":34283616,"z":3670016,"angle":1610612736,"subsector":4566993528},"type":"imp","health":45,"id":4567132136}}
{"counter":2806,"type":"move","frame":{"millis":21173,"tic":741},"actor":{"position":{"x":21764086,"y":34659616,"z":3670016,"angle":1610612736,"subsector":4566993528},"type":"imp","health":45,"id":4567132136}}
{"counter":2807,"type":"move","frame":{"millis":21173,"tic":741},"actor":{"position":{"x":12986712,"y":40883486,"z":3670016,"angle":1610612736,"subsector":4566993496},"type":"imp","health":48,"id":4567132400}}
{"counter":2808,"type":"move","frame":{"millis":21173,"tic":741},"actor":{"position":{"x":21325136,"y":10607536,"z":0,"angle":0,"subsector":4566993048},"type":"spectre","health":150,"id":4567137416}}
{"counter":2809,"type":"move","frame":{"millis":21173,"tic":741},"actor":{"position":{"x":57316800,"y":23423552,"z":0,"angle":2147483648,"subsector":4566994312},"type":"shotgun_soldier","health":30,"id":4567137680}}
{"counter":2810,"type":"move","frame":{"millis":21173,"tic":741},"actor":{"position":{"x":-32347008,"y":66288000,"z":0,"angle":536870912,"subsector":4566996712},"type":"shotgun_soldier","health":30,"id":4567155632}}
{"counter":2811,"type":"move","frame":{"millis":21173,"tic":741},"actor":{"position":{"x":-31070720,"y":46047360,"z":0,"angle":536870912,"subsector":4566993352},"type":"shotgun_soldier","health":30,"id":4567156160}}
{"counter":2812,"type":"move","frame":{"millis":21173,"tic":741},"actor":{"position":{"x":-1869440,"y":25393536,"z":0,"angle":3221225472,"subsector":4566993432},"type":"shotgun_soldier","health":30,"id":4567156424}}
{"counter":2813,"type":"move","frame":{"millis":21173,"tic":741},"actor":{"position":{"x":58377424,"y":27208688,"z":0,"angle":536870912,"subsector":4566994312},"type":"spectre","health":150,"id":4567166984}}
{"counter":2814,"type":"move","frame":{"millis":21173,"tic":741},"actor":{"position":{"x":15729086,"y":41265123,"z":5767168,"angle":1592632832,"subsector":4566993528},"type":"imp_fireball","health":1000,"id":4567542336}}
{"counter":2815,"type":"move","frame":{"millis":21173,"tic":741},"actor":{"position":{"x":5330262,"y":40808081,"z":5147243,"angle":2065767215,"subsector":4566993496},"type":"imp_fireball","health":1000,"id":4567542864}}
{"counter":2816,"type":"move","frame":{"millis":21173,"tic":741},"actor":{"position":{"x":17938672,"y":41542115,"z":5767168,"angle":2747246783,"subsector":4566993528},"type":"imp_fireball","health":1000,"id":4567575936}}
{"counter":2817,"type":"move","frame":{"millis":21200,"tic":742},"actor":{"position":{"x":12173457,"y":34605795,"z":3670016,"angle":3707764736,"subsector":4566993496},"type":"player","health":79,"armor":73,"id":4567120880}}
{"damage":10,"counter":2818,"type":"hit","frame":{"millis":21200,"tic":742},"actor":{"position":{"x":12173457,"y":34605795,"z":3670016,"angle":3707764736,"subsector":4566993496},"type":"player","health":79,"armor":73,"id":4567120880},"target":{"position":{"x":18874368,"y":27262976,"z":3670016,"angle":0,"subsector":4566993560},"type":"barrel","health":10,"id":4567142432}}
{"counter":2819,"type":"targeted","frame":{"millis":21200,"tic":742},"actor":{"position":{"x":12173457,"y":34605795,"z":3670016,"angle":3707764736,"subsector":4566993496},"type":"player","health":79,"armor":73,"id":4567120880},"target":{"position":{"x":18874368,"y":27262976,"z":3670016,"angle":0,"subsector":4566993560},"type":"barrel","health":10,"id":4567142432}}
{"counter":2820,"type":"move","frame":{"millis":21200,"tic":742},"actor":{"position":{"x":11806383,"y":34745241,"z":3670016,"angle":3707764736,"subsector":4566993496},"type":"player","health":79,"armor":73,"id":4567120880}}
{"counter":2821,"type":"move","frame":{"millis":21200,"tic":742},"actor":{"position":{"x":21766798,"y":34652292,"z":3670016,"angle":1610612736,"subsector":4566993528},"type":"imp","health":45,"id":4567132136}}
{"counter":2822,"type":"move","frame":{"millis":21200,"tic":742},"actor":{"position":{"x":2780288,"y":24572672,"z":0,"angle":3221225472,"subsector":4566993432},"type":"imp","health":60,"id":4567132928}}
{"counter":2823,"type":"move","frame":{"millis":21200,"tic":742},"actor":{"position":{"x":-35630464,"y":44087936,"z":0,"angle":3221225472,"subsector":4566993352},"type":"soldier","health":20,"id":4567137944}}
{"counter":2824,"type":"move","frame":{"millis":21200,"tic":742},"actor":{"position":{"x":-28687552,"y":76080064,"z":0,"angle":2684354560,"subsector":4566996696},"type":"soldier","health":20,"id":4567138736}}
{"counter":2825,"type":"move","frame":{"millis":21200,"tic":742},"actor":{"position":{"x":2552576,"y":29291264,"z":0,"angle":3758096384,"subsector":4566993432},"type":"shotgun_soldier","health":30,"id":4567139792}}
{"counter":2826,"type":"move","frame":{"millis":21200,"tic":742},"actor":{"position":{"x":18929590,"y":27202468,"z":3670016,"angle":0,"subsector":4566993560},"type":"barrel","health":10,"id":4567142432}}
{"counter":2827,"type":"move","frame":{"millis":21200,"tic":742},"actor":{"position":{"x":-12813264,"y":-9562864,"z":0,"angle":2147483648,"subsector":4566992968},"type":"spectre","health":150,"id":4567162232}}
{"counter":2828,"type":"move","frame":{"millis":21200,"tic":742},"actor":{"position":{"x":11396608,"y":25001472,"z":3145728,"angle":536870912,"subsector":4566993480},"type":"imp","health":60,"id":4567172000}}
{"counter":2829,"type":"move","frame":{"millis":21200,"tic":742},"actor":{"position":{"x":2806912,"y":18418944,"z":0,"angle":1073741824,"subsector":4566993176},"type":"imp","health":60,"id":4567172264}}
{"counter":2830,"type":"move","frame":{"millis":21200,"tic":742},"actor":{"position":{"x":-619776,"y":17502592,"z":0,"angle":3758096384,"subsector":4566993176},"type":"shotgun_soldier","health":30,"id":4567172528}}
{"counter":2831,"type":"move","frame":{"millis":21200,"tic":742},"actor":{"position":{"x":15278106,"y":41740623,"z":5767168,"angle":1592632832,"subsector":4566993528},"type":"imp_fireball","health":1000,"id":4567542336}}
{"counter":2832,"type":"move","frame":{"millis":21200,"tic":742},"actor":{"position":{"x":17519632,"y":41038245,"z":5767168,"angle":2747246783,"subsector":4566993528},"type":"imp_fireball","health":1000,"id":4567575936}}
{"counter":2833,"type":"move","frame":{"millis":21229,"tic":743},"actor":{"position":{"x":11473722,"y":34871613,"z":3670016,"angle":3724541952,"subsector":4566993496},"type":"player","health":79,"armor":73,"id":4567120880}}
{"counter":2834,"type":"move","frame":{"millis":21229,"tic":743},"actor":{"position":{"x":21532992,"y":42753344,"z":3670016,"angle":2684354560,"subsector":4566993528},"type":"soldier","health":20,"id":4567131608}}
{"counter":2835,"type":"move","frame":{"millis":21229,"tic":743},"actor":{"position":{"x":21769255,"y":34645654,"z":3670016,"angle":1610612736,"subsector":4566993528},"type":"imp","health":45,"id":4567132136}}
{"counter":2836,"type":"move","frame":{"millis":21229,"tic":743},"actor":{"position":{"x":21980496,"y":10607536,"z":0,"angle":0,"subsector":4566993048},"type":"spectre","health":150,"id":4567137416}}
{"counter":2837,"type":"move","frame":{"millis":21229,"tic":743},"actor":{"position":{"x":-33702720,"y":60965696,"z":0,"angle":0,"subsector":4566996712},"type":"soldier","health":20,"id":4567138208}}
{"counter":2838,"type":"move","frame":{"millis":21229,"tic":743},"actor":{"position":{"x":18979634,"y":27147632,"z":3670016,"angle":0,"subsector":4566993560},"type":"barrel","health":10,"id":4567142432}}
{"counter":2839,"type":"move","frame":{"millis":21229,"tic":743},"actor":{"position":{"x":-20447232,"y":79691776,"z":0,"angle":0,"subsector":4566996760},"type":"shotgun_soldier","health":30,"id":4567155368}}
{"counter":2840,"type":"move","frame":{"millis":21230,"tic":743},"actor":{"position":{"x":57722064,"y":27208688,"z":0,"angle":1073741824,"subsector":4566994312},"type":"spectre","health":150,"id":4567166984}}
{"counter":2841,"type":"move","frame":{"millis":21230,"tic":743},"actor":{"position":{"x":14827126,"y":42216123,"z":5767168,"angle":1592632832,"subsector":4566993528},"type":"imp_fireball","health":1000,"id":4567542336}}
{"counter":2842,"type":"move","frame":{"millis":21230,"tic":743},"actor":{"position":{"x":17100592,"y":40534375,"z":5767168,"angle":2747246783,"subsector":4566993528},"type":"imp_fireball","health":1000,"id":4567575936}}
{"counter":2843,"type":"move","frame":{"millis":21258,"tic":744},"actor":{"position":{"x":11473722,"y":34871613,"z":3670016,"angle":3741319168,"subsector":4566993496},"type":"player","health":79,"armor":73,"id":4567120880}}
{"counter":2844,"type":"move","frame":{"millis":21258,"tic":744},"actor":{"position":{"x":11176485,"y":34981688,"z":3670016,"angle":3741319168,"subsector":4566993496},"type":"player","health":79,"armor":73,"id":4567120880}}
{"counter":2845,"type":"move","frame":{"millis":21259,"tic":744},"actor":{"position":{"x":21771481,"y":34639638,"z":3670016,"angle":1610612736,"subsector":4566993528},"type":"imp","health":45,"id":4567132136}}
{"counter":2846,"type":"move","frame":{"millis":21259,"tic":744},"actor":{"position":{"x":21395481,"y":35015638,"z":3670016,"angle":1610612736,"subsector":4566993528},"type":"imp","health":45,"id":4567132136}}
{"counter":2847,"type":"move","frame":{"millis":21259,"tic":744},"actor":{"position":{"x":12610712,"y":41259486,"z":3670016,"angle":1610612736,"subsector":4566993496},"type":"imp","health":48,"id":4567132400}}
{"counter":2848,"type":"move","frame":{"millis":21259,"tic":744},"actor":{"position":{"x":56792512,"y":23423552,"z":0,"angle":2147483648,"subsector":4566994312},"type":"shotgun_soldier","health":30,"id":4567137680}}
{"counter":2849,"type":"move","frame":{"millis":21259,"tic":744},"actor":{"position":{"x":-28676992,"y":34052096,"z":0,"angle":3221225472,"subsector":4566993400},"type":"soldier","health":20,"id":4567139528}}
{"counter":2850,"type":"move","frame":{"millis":21259,"tic":744},"actor":{"position":{"x":19024986,"y":27097936,"z":3670016,"angle":0,"subsector":4566993560},"type":"barrel","health":10,"id":4567142432}}
{"counter":2851,"type":"move","frame":{"millis":21259,"tic":744},"actor":{"position":{"x":-31822720,"y":66288000,"z":0,"angle":0,"subsector":4566996712},"type":"shotgun_soldier","health":30,"id":4567155632}}
{"counter":2852,"type":"move","frame":{"millis":21259,"tic":744},"actor":{"position":{"x":-30546432,"y":46047360,"z":0,"angle":0,"subsector":4566993352},"type":"shotgun_soldier","health":30,"id":4567156160}}
{"counter":2853,"type":"move","frame":{"millis":21259,"tic":744},"actor":{"position":{"x":-1869440,"y":24869248,"z":0,"angle":3221225472,"subsector":4566993432},"type":"shotgun_soldier","health":30,"id":4567156424}}
{"counter":2854,"type":"move","frame":{"millis":21259,"tic":744},"actor":{"position":{"x":-12343264,"y":-9092864,"z":0,"angle":1610612736,"subsector":4566992968},"type":"spectre","health":150,"id":4567162232}}
{"counter":2855,"type":"move","frame":{"millis":21259,"tic":744},"actor":{"position":{"x":14376146,"y":42691623,"z":5767168,"angle":1592632832,"subsector":4566993496},"type":"imp_fireball","health":1000,"id":4567542336}}
{"counter":2856,"type":"move","frame":{"millis":21259,"tic":744},"actor":{"position":{"x":16681552,"y":40030505,"z":5767168,"angle":2747246783,"subsector":4566993528},"type":"imp_fireball","health":1000,"id":4567575936}}
{"counter":2857,"type":"move","frame":{"millis":21287,"tic":745},"actor":{"position":{"x":11176485,"y":34981688,"z":3670016,"angle":3808428032,"subsector":4566993496},"type":"player","health":79,"armor":73,"id":4567120880}}
{"counter":2858,"type":"move","frame":{"millis":21287,"tic":745},"actor":{"position":{"x":10930381,"y":35061386,"z":3670016,"angle":3808428032,"subsector":4566993496},"type":"player","health":79,"armor":73,"id":4567120880}}
{"counter":2859,"type":"move","frame":{"millis":21287,"tic":745},"actor":{"position":{"x":21397498,"y":35010186,"z":3670016,"angle":1610612736,"subsector":4566993528},"type":"imp","health":45,"id":4567132136}}
{"counter":2860,"type":"move","frame":{"millis":21287,"tic":745},"actor":{"position":{"x":2404288,"y":24948672,"z":0,"angle":3221225472,"subsector":4566993432},"type":"imp","health":60,"id":4567132928}}
{"counter":2861,"type":"move","frame":{"millis":21287,"tic":745},"actor":{"position":{"x":22635856,"y":10607536,"z":0,"angle":0,"subsector":4566993048},"type":"spectre","health":150,"id":4567137416}}
{"counter":2862,"type":"move","frame":{"millis":21287,"tic":745},"actor":{"position":{"x":2552576,"y":29815552,"z":0,"angle":0,"subsector":4566993432},"type":"shotgun_soldier","health":30,"id":4567139792}}
{"counter":2863,"type":"move","frame":{"millis":21287,"tic":745},"actor":{"position":{"x":19066086,"y":27052899,"z":3670016,"angle":0,"subsector":4566993560},"type":"barrel","health":10,"id":4567142432}}
{"counter":2864,"type":"move","frame":{"millis":21287,"tic":745},"actor":{"position":{"x":57066704,"y":27208688,"z":0,"angle":1610612736,"subsector":4566994312},"type":"spectre","health":150,"id":4567166984}}
{"counter":2865,"type":"move","frame":{"millis":21287,"tic":745},"actor":{"position":{"x":11772608,"y":25377472,"z":3670016,"angle":536870912,"subsector":4566993480},"type":"imp","health":60,"id":4567172000}}
{"counter":2866,"type":"move","frame":{"millis":21287,"tic":745},"actor":{"position":{"x":2430912,"y":18042944,"z":0,"angle":1073741824,"subsector":4566993176},"type":"imp","health":60,"id":4567172264}}
{"counter":2867,"type":"move","frame":{"millis":21287,"tic":745},"actor":{"position":{"x":-995776,"y":17126592,"z":0,"angle":3221225472,"subsector":4566993176},"type":"shotgun_soldier","health":30,"id":4567172528}}
{"counter":2868,"type":"move","frame":{"millis":21287,"tic":745},"actor":{"position":{"x":13925166,"y":43167123,"z":5767168,"angle":1592632832,"subsector":4566993496},"type":"imp_fireball","health":1000,"id":4567542336}}
{"counter":2869,"type":"move","frame":{"millis":21287,"tic":745},"actor":{"position":{"x":16262512,"y":39526635,"z":5767168,"angle":2747246783,"subsector":4566993528},"type":"imp_fireball","health":1000,"id":4567575936}}
{"counter":2870,"type":"move","frame":{"millis":21315,"tic":746},"actor":{"position":{"x":10707349,"y":35133612,"z":3670016,"angle":3841982464,"subsector":4566993496},"type":"player","health":79,"armor":73,"id":4567120880}}
{"counter":2871,"type":"move","frame":{"millis":21315,"tic":746},"actor":{"position":{"x":21399325,"y":35005245,"z":3670016,"angle":1610612736,"subsector":4566993528},"type":"imp","health":45,"id":4567132136}}
{"counter":2872,"type":"move","frame":{"millis":21315,"tic":746},"actor":{"position":{"x":-35630464,"y":43563648,"z":0,"angle":3221225472,"subsector":4566993352},"type":"soldier","health":20,"id":4567137944}}
{"counter":2873,"type":"move","frame":{"millis":21315,"tic":746},"actor":{"position":{"x":-29063552,"y":75704064,"z":0,"angle":2684354560,"subsector":4566996696},"type":"soldier","health":20,"id":4567138736}}
{"counter":2874,"type":"move","frame":{"millis":21315,"tic":746},"actor":{"position":{"x":19103332,"y":27012084,"z":3670016,"angle":0,"subsector":4566993560},"type":"barrel","health":10,"id":4567142432}}
{"counter":2875,"type":"move","frame":{"millis":21316,"tic":746},"actor":{"position":{"x":-20071232,"y":79315776,"z":0,"angle":0,"subsector":4566996760},"type":"shotgun_soldier","health":30,"id":4567155368}}
{"counter":2876,"type":"move","frame":{"millis":21316,"tic":746},"actor":{"position":{"x":-11873264,"y":-8622864,"z":0,"angle":1073741824,"subsector":4566992968},"type":"spectre","health":150,"id":4567162232}}
{"counter":2877,"type":"move","frame":{"millis":21316,"tic":746},"actor":{"position":{"x":13474186,"y":43642623,"z":5767168,"angle":1592632832,"subsector":4566993496},"type":"imp_fireball","health":1000,"id":4567542336}}
{"counter":2878,"type":"move","frame":{"millis":21316,"tic":746},"actor":{"position":{"x":15843472,"y":39022765,"z":5767168,"angle":2747246783,"subsector":4566993528},"type":"imp_fireball","health":1000,"id":4567575936}}
{"counter":2879,"type":"move","frame":{"millis":21343,"tic":747},"actor":{"position":{"x":10707349,"y":35133612,"z":3670016,"angle":3875536896,"subsector":4566993496},"type":"player","health":79,"armor":73,"id":4567120880}}
{"counter":2880,"type":"move","frame":{"millis":21343,"tic":747},"actor":{"position":{"x":10495176,"y":35206137,"z":3670016,"angle":3875536896,"subsector":4566993496},"type":"player","health":79,"armor":73,"id":4567120880}}
{"counter":2881,"type":"move","frame":{"millis":21343,"tic":747},"actor":{"position":{"x":21532992,"y":42229056,"z":3670016,"angle":2684354560,"subsector":4566993528},"type":"soldier","health":20,"id":4567131608}}
{"counter":2882,"type":"move","frame":{"millis":21343,"tic":747},"actor":{"position":{"x":21400980,"y":35000767,"z":3670016,"angle":1610612736,"subsector":4566993528},"type":"imp","health":45,"id":4567132136}}
{"counter":2883,"type":"move","frame":{"millis":21343,"tic":747},"actor":{"position":{"x":21024980,"y":35376767,"z":3670016,"angle":1610612736,"subsector":4566993528},"type":"imp","health":45,"id":4567132136}}
{"counter":2884,"type":"move","frame":{"millis":21343,"tic":747},"actor":{"position":{"x":12234712,"y":41635486,"z":3670016,"angle":1610612736,"subsector":4566993496},"type":"imp","health":48,"id":4567132400}}
{"counter":2885,"type":"move","frame":{"millis":21343,"tic":747},"actor":{"position":{"x":18191232,"y":41921920,"z":3670016,"angle":3221225472,"subsector":4566993528},"type":"imp","health":60,"id":4567132664}}
{"counter":2886,"type":"move","frame":{"millis":21343,"tic":747},"actor":{"position":{"x":23291216,"y":10607536,"z":0,"angle":0,"subsector":4566993048},"type":"spectre","health":150,"id":4567137416}}
{"counter":2887,"type":"move","frame":{"millis":21343,"tic":747},"actor":{"position":{"x":56268224,"y":23423552,"z":0,"angle":2147483648,"subsector":4566994312},"type":"shotgun_soldier","health":30,"id":4567137680}}
{"counter":2888,"type":"move","frame":{"millis":21343,"tic":747},"actor":{"position":{"x":-33326720,"y":60589696,"z":0,"angle":3758096384,"subsector":4566996712},"type":"soldier","health":20,"id":4567138208}}
{"counter":2889,"type":"move","frame":{"millis":21343,"tic":747},"actor":{"position":{"x":19137086,"y":26975095,"z":3670016,"angle":0,"subsector":4566993560},"type":"barrel","health":10,"id":4567142432}}
{"counter":2890,"type":"move","frame":{"millis":21343,"tic":747},"actor":{"position":{"x":-31446720,"y":65912000,"z":0,"angle":0,"subsector":4566996712},"type":"shotgun_soldier","health":30,"id":4567155632}}
{"counter":2891,"type":"move","frame":{"millis":21343,"tic":747},"actor":{"position":{"x":-30022144,"y":46047360,"z":0,"angle":0,"subsector":4566993352},"type":"shotgun_soldier","health":30,"id":4567156160}}
{"counter":2892,"type":"move","frame":{"millis":21343,"tic":747},"actor":{"position":{"x":-1869440,"y":24344960,"z":0,"angle":3221225472,"subsector":4566993432},"type":"shotgun_soldier","health":30,"id":4567156424}}
{"counter":2893,"type":"move","frame":{"millis":21343,"tic":747},"actor":{"position":{"x":56596704,"y":26738688,"z":0,"angle":2147483648,"subsector":4566994312},"type":"spectre","health":150,"id":4567166984}}
{"counter":2894,"type":"move","frame":{"millis":21343,"tic":747},"actor":{"position":{"x":13023206,"y":44118123,"z":5767168,"angle":1592632832,"subsector":4566993688},"type":"imp_fireball","health":1000,"id":4567542336}}
{"counter":2895,"type":"move","frame":{"millis":21343,"tic":747},"actor":{"position":{"x":15424432,"y":38518895,"z":5767168,"angle":2747246783,"subsector":4566993528},"type":"imp_fireball","health":1000,"id":4567575936}}
{"counter":2896,"type":"move","frame":{"millis":21372,"tic":748},"actor":{"position":{"x":10495176,"y":35206137,"z":3670016,"angle":3892314112,"subsector":4566993496},"type":"player","health":79,"armor":73,"id":4567120880}}
{"counter":2897,"type":"move","frame":{"millis":21372,"tic":748},"actor":{"position":{"x":10289267,"y":35280959,"z":3670016,"angle":3892314112,"subsector":4566993496},"type":"player","health":79,"armor":73,"id":4567120880}}
{"counter":2898,"type":"move","frame":{"millis":21372,"tic":748},"actor":{"position":{"x":21026479,"y":35372708,"z":3670016,"angle":1610612736,"subsector":4566993528},"type":"imp","health":45,"id":4567132136}}
{"counter":2899,"type":"move","frame":{"millis":21372,"tic":748},"actor":{"position":{"x":2028288,"y":25324672,"z":0,"angle":2684354560,"subsector":4566993432},"type":"imp","health":60,"id":4567132928}}
{"counter":2900,"type":"move","frame":{"millis":21372,"tic":748},"actor":{"position":{"x":-28676992,"y":33527808,"z":0,"angle":3221225472,"subsector":4566993400},"type":"soldier","health":20,"id":4567139528}}
{"counter":2901,"type":"move","frame":{"millis":21372,"tic":748},"actor":{"position":{"x":2176576,"y":29439552,"z":0,"angle":536870912,"subsector":4566993432},"type":"shotgun_soldier","health":30,"id":4567139792}}
{"counter":2902,"type":"move","frame":{"millis":21372,"tic":748},"actor":{"position":{"x":19167675,"y":26941573,"z":3670016,"angle":0,"subsector":4566993560},"type":"barrel","health":10,"id":4567142432}}
{"counter":2903,"type":"move","frame":{"millis":21372,"tic":748},"actor":{"position":{"x":-11403264,"y":-8152864,"z":0,"angle":536870912,"subsector":4566992968},"type":"spectre","health":150,"id":4567162232}}
{"counter":2904,"type":"move","frame":{"millis":21372,"tic":748},"actor":{"position":{"x":12148608,"y":25753472,"z":3670016,"angle":536870912,"subsector":4566993480},"type":"imp","health":60,"id":4567172000}}
{"counter":2905,"type":"move","frame":{"millis":21372,"tic":748},"actor":{"position":{"x":2054912,"y":17666944,"z":0,"angle":1610612736,"subsector":4566993176},"type":"imp","health":60,"id":4567172264}}
{"counter":2906,"type":"move","frame":{"millis":21372,"tic":748},"actor":{"position":{"x":-1371776,"y":16750592,"z":0,"angle":2684354560,"subsector":4566993176},"type":"shotgun_soldier","health":30,"id":4567172528}}
{"counter":2907,"type":"move","frame":{"millis":21372,"tic":748},"actor":{"position":{"x":12572226,"y":44593623,"z":5767168,"angle":1592632832,"subsector":4566993688},"type":"imp_fireball","health":1000,"id":4567542336}}
{"counter":2908,"type":"move","frame":{"millis":21372,"tic":748},"actor":{"position":{"x":15005392,"y":38015025,"z":5767168,"angle":2747246783,"subsector":4566993528},"type":"imp_fireball","health":1000,"id":4567575936}}
{"counter":2909,"type":"move","frame":{"millis":21401,"tic":749},"actor":{"position":{"x":10102661,"y":35348766,"z":3670016,"angle":3892314112,"subsector":4566993496},"type":"player","health":79,"armor":73,"id":4567120880}}
{"counter":2910,"type":"move","frame":{"millis":21401,"tic":749},"actor":{"position":{"x":23946576,"y":10607536,"z":0,"angle":0,"subsector":4566993048},"type":"spectre","health":150,"id":4567137416}}
{"counter":2911,"type":"move","frame":{"millis":21401,"tic":749},"actor":{"position":{"x":19195396,"y":26911193,"z":3670016,"angle":0,"subsector":4566993560},"type":"barrel","health":10,"id":4567142432}}
{"counter":2912,"type":"move","frame":{"millis":21401,"tic":749},"actor":{"position":{"x":-19695232,"y":78939776,"z":0,"angle":3758096384,"subsector":4566996760},"type":"shotgun_soldier","health":30,"id":4567155368}}
{"counter":2913,"type":"move","frame":{"millis":21401,"tic":749},"actor":{"position":{"x":56596704,"y":27394048,"z":0,"angle":2684354560,"subsector":4566994312},"type":"spectre","health":150,"id":4567166984}}
{"counter":2914,"type":"move","frame":{"millis":21401,"tic":749},"actor":{"position":{"x":12121246,"y":45069123,"z":5767168,"angle":1592632832,"subsector":4566993688},"type":"imp_fireball","health":1000,"id":4567542336}}
{"counter":2915,"type":"move","frame":{"millis":21401,"tic":749},"actor":{"position":{"x":14586352,"y":37511155,"z":5767168,"angle":2747246783,"subsector":4566993496},"type":"imp_fireball","health":1000,"id":4567575936}}
{"counter":2916,"type":"move","frame":{"millis":21429,"tic":750},"actor":{"position":{"x":10102661,"y":35348766,"z":3670016,"angle":3892314112,"subsector":4566993496},"type":"player","health":79,"armor":73,"id":4567120880}}
{"counter":2917,"type":"move","frame":{"millis":21429,"tic":750},"actor":{"position":{"x":9931845,"y":35411353,"z":3670016,"angle":3892314112,"subsector":4566993496},"type":"player","health":79,"armor":73,"id":4567120880}}
{"counter":2918,"type":"move","frame":{"millis":21429,"tic":750},"actor":{"position":{"x":20650479,"y":35748708,"z":3670016,"angle":1610612736,"subsector":4566993528},"type":"imp","health":45,"id":4567132136}}
{"counter":2919,"type":"move","frame":{"millis":21429,"tic":750},"actor":{"position":{"x":11858712,"y":42011486,"z":3670016,"angle":1610612736,"subsector":4566993496},"type":"imp","health":48,"id":4567132400}}
{"counter":2920,"type":"move","frame":{"millis":21429,"tic":750},"actor":{"position":{"x":17815232,"y":41545920,"z":3670016,"angle":2684354560,"subsector":4566993528},"type":"imp","health":60,"id":4567132664}}
{"counter":2921,"type":"move","frame":{"millis":21429,"tic":750},"actor":{"position":{"x":55892224,"y":23799552,"z":0,"angle":2147483648,"subsector":4566994312},"type":"shotgun_soldier","health":30,"id":4567137680}}
{"counter":2922,"type":"move","frame":{"millis":21429,"tic":750},"actor":{"position":{"x":-35630464,"y":43039360,"z":0,"angle":3221225472,"subsector":4566993352},"type":"soldier","health":20,"id":4567137944}}
{"counter":2923,"type":"move","frame":{"millis":21429,"tic":750},"actor":{"position":{"x":-29439552,"y":75328064,"z":0,"angle":2684354560,"subsector":4566996696},"type":"soldier","health":20,"id":4567138736}}
{"counter":2924,"type":"move","frame":{"millis":21429,"tic":750},"actor":{"position":{"x":19220518,"y":26883661,"z":3670016,"angle":0,"subsector":4566993560},"type":"barrel","health":10,"id":4567142432}}
{"counter":2925,"type":"move","frame":{"millis":21429,"tic":750},"actor":{"position":{"x":-31070720,"y":65536000,"z":0,"angle":3758096384,"subsector":4566996712},"type":"shotgun_soldier","health":30,"id":4567155632}}
{"counter":2926,"type":"move","frame":{"millis":21429,"tic":750},"actor":{"position":{"x":-29497856,"y":46047360,"z":0,"angle":0,"subsector":4566993352},"type":"shotgun_soldier","health":30,"id":4567156160}}
{"counter":2927,"type":"move","frame":{"millis":21429,"tic":750},"actor":{"position":{"x":-1869440,"y":23820672,"z":0,"angle":3221225472,"subsector":4566993432},"type":"shotgun_soldier","health":30,"id":4567156424}}
{"counter":2928,"type":"move","frame":{"millis":21430,"tic":750},"actor":{"position":{"x":-10933264,"y":-7682864,"z":0,"angle":536870912,"subsector":4566992968},"type":"spectre","health":150,"id":4567162232}}
{"counter":2929,"type":"move","frame":{"millis":21430,"tic":750},"actor":{"position":{"x":11670266,"y":45544623,"z":5767168,"angle":1592632832,"subsector":4566993688},"type":"imp_fireball","health":1000,"id":4567542336}}
{"counter":2930,"type":"move","frame":{"millis":21430,"tic":750},"actor":{"position":{"x":14167312,"y":37007285,"z":5767168,"angle":2747246783,"subsector":4566993496},"type":"imp_fireball","health":1000,"id":4567575936}}
{"counter":2931,"type":"move","frame":{"millis":21459,"tic":751},"actor":{"position":{"x":9931845,"y":35411353,"z":3670016,"angle":3892314112,"subsector":4566993496},"type":"player","health":79,"armor":73,"id":4567120880}}
{"counter":2932,"type":"move","frame":{"millis":21459,"tic":751},"actor":{"position":{"x":9773636,"y":35470346,"z":3670016,"angle":3892314112,"subsector":4566993496},"type":"player","health":79,"armor":73,"id":4567120880}}
{"counter":2933,"type":"move","frame":{"millis":21459,"tic":751},"actor":{"position":{"x":21532992,"y":41704768,"z":3670016,"angle":3221225472,"subsector":4566993528},"type":"soldier","health":20,"id":4567131608}}
{"counter":2934,"type":"move","frame":{"millis":21459,"tic":751},"actor":{"position":{"x":1652288,"y":25700672,"z":0,"angle":2147483648,"subsector":4566993432},"type":"imp","health":60,"id":4567132928}}
{"counter":2935,"type":"move","frame":{"millis":21459,"tic":751},"actor":{"position":{"x":24601936,"y":10607536,"z":0,"angle":0,"subsector":4566993048},"type":"spectre","health":150,"id":4567137416}}
{"counter":2936,"type":"move","frame":{"millis":21459,"tic":751},"actor":{"position":{"x":-32950720,"y":60213696,"z":0,"angle":3758096384,"subsector":4566996712},"type":"soldier","health":20,"id":4567138208}}
{"counter":2937,"type":"move","frame":{"millis":21459,"tic":751},"actor":{"position":{"x":1800576,"y":29063552,"z":0,"angle":1073741824,"subsector":4566993432},"type":"shotgun_soldier","health":30,"id":4567139792}}
{"counter":2938,"type":"move","frame":{"millis":21459,"tic":751},"actor":{"position":{"x":19220518,"y":26883661,"z":3670016,"angle":0,"subsector":4566993560},"type":"barrel","health":10,"id":4567142432}}
{"counter":2939,"type":"move","frame":{"millis":21459,"tic":751},"actor":{"position":{"x":57252064,"y":27394048,"z":0,"angle":2147483648,"subsector":4566994312},"type":"spectre","health":150,"id":4567166984}}
{"counter":2940,"type":"move","frame":{"millis":21459,"tic":751},"actor":{"position":{"x":12524608,"y":26129472,"z":3670016,"angle":536870912,"subsector":4566993480},"type":"imp","health":60,"id":4567172000}}
{"counter":2941,"type":"move","frame":{"millis":21459,"tic":751},"actor":{"position":{"x":1678912,"y":17290944,"z":0,"angle":2147483648,"subsector":4566993176},"type":"imp","health":60,"id":4567172264}}
{"counter":2942,"type":"move","frame":{"millis":21459,"tic":751},"actor":{"position":{"x":-1747776,"y":16374592,"z":0,"angle":2684354560,"subsector":4566993176},"type":"shotgun_soldier","health":30,"id":4567172528}}
{"counter":2943,"type":"move","frame":{"millis":21459,"tic":751},"actor":{"position":{"x":11219286,"y":46020123,"z":5767168,"angle":1592632832,"subsector":4566993688},"type":"imp_fireball","health":1000,"id":4567542336}}
{"counter":2944,"type":"move","frame":{"millis":21459,"tic":751},"actor":{"position":{"x":13748272,"y":36503415,"z":5767168,"angle":2747246783,"subsector":4566993496},"type":"imp_fireball","health":1000,"id":4567575936}}
{"counter":2945,"type":"move","frame":{"millis":21487,"tic":752},"actor":{"position":{"x":9773636,"y":35470346,"z":3670016,"angle":3892314112,"subsector":4566993496},"type":"player","health":79,"armor":73,"id":4567120880}}
{"weapon_type":1,"counter":2946,"type":"attacked","frame":{"millis":21487,"tic":752},"actor":{"position":{"x":9773636,"y":35470346,"z":3670016,"angle":3892314112,"subsector":4566993496},"type":"player","health":79,"armor":73,"id":4567120880}}
{"counter":2947,"type":"move","frame":{"millis":21487,"tic":752},"actor":{"position":{"x":9620039,"y":35530630,"z":3670016,"angle":3892314112,"subsector":4566993496},"type":"player","health":79,"armor":73,"id":4567120880}}
{"counter":2948,"type":"move","frame":{"millis":21487,"tic":752},"actor":{"position":{"x":-28676992,"y":33003520,"z":0,"angle":3221225472,"subsector":4566993400},"type":"soldier","health":20,"id":4567139528}}
{"counter":2949,"type":"move","frame":{"millis":21487,"tic":752},"actor":{"position":{"x":-19170944,"y":78939776,"z":0,"angle":3758096384,"subsector":4566996760},"type":"shotgun_soldier","health":30,"id":4567155368}}
{"counter":2950,"type":"move","frame":{"millis":21487,"tic":752},"actor":{"position":{"x":-10463264,"y":-7212864,"z":0,"angle":536870912,"subsector":4566992968},"type":"spectre","health":150,"id":4567162232}}
{"counter":2951,"type":"move","frame":{"millis":21487,"tic":752},"actor":{"position":{"x":10768306,"y":46495623,"z":5767168,"angle":1592632832,"subsector":4566993688},"type":"imp_fireball","health":1000,"id":4567542336}}
{"counter":2952,"type":"move","frame":{"millis":21487,"tic":752},"actor":{"position":{"x":13329232,"y":35999545,"z":5767168,"angle":2747246783,"subsector":4566993496},"type":"imp_fireball","health":1000,"id":4567575936}}
{"counter":2953,"type":"move","frame":{"millis":21515,"tic":753},"actor":{"position":{"x":9620039,"y":35530630,"z":3670016,"angle":3892314112,"subsector":4566993496},"type":"player","health":79,"armor":73,"id":4567120880}}
{"counter":2954,"type":"move","frame":{"millis":21515,"tic":753},"actor":{"position":{"x":9467214,"y":35594359,"z":3670016,"angle":3892314112,"subsector":4566993496},"type":"player","health":79,"armor":73,"id":4567120880}}
{"counter":2955,"type":"move","frame":{"millis":21515,"tic":753},"actor":{"position":{"x":20126191,"y":35748708,"z":3670016,"angle":1610612736,"subsector":4566993528},"type":"imp","health":45,"id":4567132136}}
{"counter":2956,"type":"move","frame":{"millis":21515,"tic":753},"actor":{"position":{"x":11482712,"y":42387486,"z":3670016,"angle":1610612736,"subsector":4566993496},"type":"imp","health":48,"id":4567132400}}
{"counter":2957,"type":"move","frame":{"millis":21515,"tic":753},"actor":{"position":{"x":17439232,"y":41169920,"z":3670016,"angle":2684354560,"subsector":4566993528},"type":"imp","health":60,"id":4567132664}}
{"counter":2958,"type":"move","frame":{"millis":21515,"tic":753},"actor":{"position":{"x":25257296,"y":10607536,"z":0,"angle":0,"subsector":4566993048},"type":"spectre","health":150,"id":4567137416}}
{"counter":2959,"type":"move","frame":{"millis":21515,"tic":753},"actor":{"position":{"x":55892224,"y":23275264,"z":0,"angle":1610612736,"subsector":4566994312},"type":"shotgun_soldier","health":30,"id":4567137680}}
{"counter":2960,"type":"move","frame":{"millis":21515,"tic":753},"actor":{"position":{"x":-30694720,"y":65160000,"z":0,"angle":3758096384,"subsector":4566996712},"type":"shotgun_soldier","health":30,"id":4567155632}}
{"counter":2961,"type":"move","frame":{"millis":21515,"tic":753},"actor":{"position":{"x":-28973568,"y":46047360,"z":0,"angle":0,"subsector":4566993352},"type":"shotgun_soldier","health":30,"id":4567156160}}
{"counter":2962,"type":"move","frame":{"millis":21520,"tic":753},"actor":{"position":{"x":-1869440,"y":23820672,"z":0,"angle":3221225472,"subsector":4566993432},"type":"shotgun_soldier","health":30,"id":4567156424}}
{"counter":2963,"type":"move","frame":{"millis":21520,"tic":753},"actor":{"position":{"x":57907424,"y":27394048,"z":0,"angle":2684354560,"subsector":4566994312},"type":"spectre","health":150,"id":4567166984}}
{"counter":2964,"type":"move","frame":{"millis":21520,"tic":753},"actor":{"position":{"x":10317326,"y":46971123,"z":5767168,"angle":1592632832,"subsector":4566993688},"type":"imp_fireball","health":1000,"id":4567542336}}
{"counter":2965,"type":"move","frame":{"millis":21520,"tic":753},"actor":{"position":{"x":12910192,"y":35495675,"z":5767168,"angle":2747246783,"subsector":4566993496},"type":"imp_fireball","health":1000,"id":4567575936}}
{"counter":2966,"type":"move","frame":{"millis":21543,"tic":754},"actor":{"position":{"x":9467214,"y":35594359,"z":3670016,"angle":3892314112,"subsector":4566993496},"type":"player","health":79,"armor":73,"id":4567120880}}
{"counter":2967,"type":"move","frame":{"millis":21543,"tic":754},"actor":{"position":{"x":9316793,"y":35660072,"z":3670016,"angle":3892314112,"subsector":4566993496},"type":"player","health":79,"armor":73,"id":4567120880}}
{"counter":2968,"type":"move","frame":{"millis":21543,"tic":754},"actor":{"position":{"x":1276288,"y":26076672,"z":0,"angle":1610612736,"subsector":4566993432},"type":"imp","health":60,"id":4567132928}}
{"counter":2969,"type":"move","frame":{"millis":21543,"tic":754},"actor":{"position":{"x":-35630464,"y":42515072,"z":0,"angle":3221225472,"subsector":4566993352},"type":"soldier","health":20,"id":4567137944}}
{"counter":2970,"type":"move","frame":{"millis":21543,"tic":754},"actor":{"position":{"x":-29815552,"y":74952064,"z":0,"angle":2684354560,"subsector":4566996712},"type":"soldier","health":20,"id":4567138736}}
{"counter":2971,"type":"move","frame":{"millis":21543,"tic":754},"actor":{"position":{"x":2324864,"y":29063552,"z":0,"angle":1610612736,"subsector":4566993432},"type":"shotgun_soldier","health":30,"id":4567139792}}
{"counter":2972,"type":"move","frame":{"millis":21543,"tic":754},"actor":{"position":{"x":-10463264,"y":-6557504,"z":0,"angle":536870912,"subsector":4566992968},"type":"spectre","health":150,"id":4567162232}}
{"counter":2973,"type":"move","frame":{"millis":21543,"tic":754},"actor":{"position":{"x":12900608,"y":26505472,"z":3670016,"angle":536870912,"subsector":4566993496},"type":"imp","health":60,"id":4567172000}}
{"counter":2974,"type":"move","frame":{"millis":21543,"tic":754},"actor":{"position":{"x":1302912,"y":16914944,"z":0,"angle":2684354560,"subsector":4566993176},"type":"imp","health":60,"id":4567172264}}
{"counter":2975,"type":"move","frame":{"millis":21543,"tic":754},"actor":{"position":{"x":-2123776,"y":15998592,"z":0,"angle":2684354560,"subsector":4566993176},"type":"shotgun_soldier","health":30,"id":4567172528}}
{"counter":2976,"type":"move","frame":{"millis":21543,"tic":754},"actor":{"position":{"x":9866346,"y":47446623,"z":5767168,"angle":1592632832,"subsector":4566993688},"type":"imp_fireball","health":1000,"id":4567542336}}
{"counter":2977,"type":"move","frame":{"millis":21543,"tic":754},"actor":{"position":{"x":12491152,"y":34991805,"z":5767168,"angle":2747246783,"subsector":4566993496},"type":"imp_fireball","health":1000,"id":4567575936}}
{"counter":2978,"type":"move","frame":{"millis":21573,"tic":755},"actor":{"position":{"x":9316793,"y":35660072,"z":3670016,"angle":3892314112,"subsector":4566993496},"type":"player","health":79,"armor":73,"id":4567120880}}
{"counter":2979,"type":"move","frame":{"millis":21573,"tic":755},"actor":{"position":{"x":9168550,"y":35727583,"z":3670016,"angle":3892314112,"subsector":4566993496},"type":"player","health":79,"armor":73,"id":4567120880}}
{"counter":2980,"type":"move","frame":{"millis":21573,"tic":755},"actor":{"position":{"x":21532992,"y":41180480,"z":3670016,"angle":3221225472,"subsector":4566993528},"type":"soldier","health":20,"id":4567131608}}
{"counter":2981,"type":"move","frame":{"millis":21573,"tic":755},"actor":{"position":{"x":25912656,"y":10607536,"z":0,"angle":0,"subsector":4566993048},"type":"spectre","health":150,"id":4567137416}}
{"counter":2982,"type":"move","frame":{"millis":21573,"tic":755},"actor":{"position":{"x":-32574720,"y":59837696,"z":0,"angle":3758096384,"subsector":4566996712},"type":"soldier","health":20,"id":4567138208}}
{"counter":2983,"type":"move","frame":{"millis":21573,"tic":755},"actor":{"position":{"x":-18646656,"y":78939776,"z":0,"angle":0,"subsector":4566996760},"type":"shotgun_soldier","health":30,"id":4567155368}}
{"counter":2984,"type":"move","frame":{"millis":21573,"tic":755},"actor":{"position":{"x":58562784,"y":27394048,"z":0,"angle":3221225472,"subsector":4566994312},"type":"spectre","health":150,"id":4567166984}}
{"counter":2985,"type":"move","frame":{"millis":21573,"tic":755},"actor":{"position":{"x":9415366,"y":47922123,"z":5767168,"angle":1592632832,"subsector":4566993688},"type":"imp_fireball","health":1000,"id":4567542336}}
{"counter":2986,"type":"move","frame":{"millis":21573,"tic":755},"actor":{"position":{"x":12072112,"y":34487935,"z":5767168,"angle":2747246783,"subsector":4566993496},"type":"imp_fireball","health":1000,"id":4567575936}}
{"counter":2987,"type":"move","frame":{"millis":21600,"tic":756},"actor":{"position":{"x":9034204,"y":35788764,"z":3670016,"angle":3892314112,"subsector":4566993496},"type":"player","health":79,"armor":73,"id":4567120880}}
{"counter":2988,"type":"move","frame":{"millis":21600,"tic":756},"actor":{"position":{"x":19601903,"y":35748708,"z":3670016,"angle":2147483648,"subsector":4566993528},"type":"imp","health":45,"id":4567132136}}
{"counter":2989,"type":"move","frame":{"millis":21600,"tic":756},"actor":{"position":{"x":11106712,"y":42763486,"z":3670016,"angle":1610612736,"subsector":4566993496},"type":"imp","health":48,"id":4567132400}}
{"counter":2990,"type":"move","frame":{"millis":21600,"tic":756},"actor":{"position":{"x":17063232,"y":40793920,"z":3670016,"angle":2684354560,"subsector":4566993528},"type":"imp","health":60,"id":4567132664}}
{"counter":2991,"type":"move","frame":{"millis":21600,"tic":756},"actor":{"position":{"x":55892224,"y":22750976,"z":0,"angle":2147483648,"subsector":4566994312},"type":"shotgun_soldier","health":30,"id":4567137680}}
{"counter":2992,"type":"move","frame":{"millis":21600,"tic":756},"actor":{"position":{"x":-28676992,"y":32479232,"z":0,"angle":3221225472,"subsector":4566993400},"type":"soldier","health":20,"id":4567139528}}
{"counter":2993,"type":"move","frame":{"millis":21600,"tic":756},"actor":{"position":{"x":-30318720,"y":64784000,"z":0,"angle":3758096384,"subsector":4566996712},"type":"shotgun_soldier","health":30,"id":4567155632}}
{"counter":2994,"type":"move","frame":{"millis":21600,"tic":756},"actor":{"position":{"x":-28597568,"y":45671360,"z":0,"angle":0,"subsector":4566993352},"type":"shotgun_soldier","health":30,"id":4567156160}}
{"counter":2995,"type":"move","frame":{"millis":21600,"tic":756},"actor":{"position":{"x":-1493440,"y":24196672,"z":0,"angle":3221225472,"subsector":4566993432},"type":"shotgun_soldier","health":30,"id":4567156424}}
{"counter":2996,"type":"move","frame":{"millis":21600,"tic":756},"actor":{"position":{"x":-10463264,"y":-5902144,"z":0,"angle":1073741824,"subsector":4566993000},"type":"spectre","health":150,"id":4567162232}}
{"counter":2997,"type":"move","frame":{"millis":21600,"tic":756},"actor":{"position":{"x":8964386,"y":48397623,"z":5767168,"angle":1592632832,"subsector":4566993688},"type":"imp_fireball","health":1000,"id":4567542336}}
{"counter":2998,"type":"move","frame":{"millis":21600,"tic":756},"actor":{"position":{"x":11653072,"y":33984065,"z":5767168,"angle":2747246783,"subsector":4566993496},"type":"imp_fireball","health":1000,"id":4567575936}}
{"counter":2999,"type":"move","frame":{"millis":21630,"tic":757},"actor":{"position":{"x":8912452,"y":35844209,"z":3670016,"angle":3892314112,"subsector":4566993496},"type":"player","health":79,"armor":73,"id":4567120880}}
{"counter":3000,"type":"move","frame":{"millis":21630,"tic":757},"actor":{"position":{"x":1800576,"y":26076672,"z":0,"angle":1610612736,"subsector":4566993432},"type":"imp","health":60,"id":4567132928}}
{"counter":3001,"type":"move","frame":{"millis":21630,"tic":757},"actor":{"position":{"x":26568016,"y":10607536,"z":0,"angle":0,"subsector":4566993048},"type":"spectre","health":150,"id":4567137416}}
{"counter":3002,"type":"move","frame":{"millis":21630,"tic":757},"actor":{"position":{"x":2849152,"y":29063552,"z":0,"angle":1073741824,"subsector":4566993432},"type":"shotgun_soldier","health":30,"id":4567139792}}
{"counter":3003,"type":"move","frame":{"millis":21630,"tic":757},"actor":{"position":{"x":59218144,"y":27394048,"z":0,"angle":3758096384,"subsector":4566994312},"type":"spectre","health":150,"id":4567166984}}
{"counter":3004,"type":"move","frame":{"millis":21630,"tic":757},"actor":{"position":{"x":13276608,"y":26881472,"z":3670016,"angle":536870912,"subsector":4566993496},"type":"imp","health":60,"id":4567172000}}
{"counter":3005,"type":"move","frame":{"millis":21630,"tic":757},"actor":{"position":{"x":926912,"y":16538944,"z":0,"angle":2684354560,"subsector":4566993176},"type":"imp","health":60,"id":4567172264}}
{"counter":3006,"type":"move","frame":{"millis":21630,"tic":757},"actor":{"position":{"x":-2499776,"y":15622592,"z":0,"angle":2684354560,"subsector":4566993176},"type":"shotgun_soldier","health":30,"id":4567172528}}
{"counter":3007,"type":"move","frame":{"millis":21630,"tic":757},"actor":{"position":{"x":8513406,"y":48873123,"z":5767168,"angle":1592632832,"subsector":4566993688},"type":"imp_fireball","health":1000,"id":4567542336}}
{"counter":3008,"type":"move","frame":{"millis":21630,"tic":757},"actor":{"position":{"x":11234032,"y":33480195,"z":5767168,"angle":2747246783,"subsector":4566993496},"type":"imp_fireball","health":1000,"id":4567575936}}
{"counter":3009,"type":"move","frame":{"millis":21659,"tic":758},"actor":{"position":{"x":8802114,"y":35894456,"z":3670016,"angle":3892314112,"subsector":4566993496},"type":"player","health":79,"armor":73,"id":4567120880}}
{"counter":3010,"type":"move","frame":{"millis":21659,"tic":758},"actor":{"position":{"x":-35630464,"y":41990784,"z":0,"angle":3221225472,"subsector":4566993352},"type":"soldier","health":20,"id":4567137944}}
{"counter":3011,"type":"attacked","frame":{"millis":21659,"tic":758},"actor":{"position":{"x":-29815552,"y":74952064,"z":0,"angle":2684354560,"subsector":4566996712},"type":"soldier","health":20,"id":4567138736},"target":{"position":{"x":8802114,"y":35894456,"z":3670016,"angle":3892314112,"subsector":4566993496},"type":"player","health":79,"armor":73,"id":4567120880}}
{"counter":3012,"type":"move","frame":{"millis":21659,"tic":758},"actor":{"position":{"x":-18122368,"y":78939776,"z":0,"angle":0,"subsector":4566996760},"type":"shotgun_soldier","health":30,"id":4567155368}}
{"counter":3013,"type":"move","frame":{"millis":21659,"tic":758},"actor":{"position":{"x":-10463264,"y":-5246784,"z":0,"angle":1073741824,"subsector":4566993000},"type":"spectre","health":150,"id":4567162232}}
{"counter":3014,"type":"move","frame":{"millis":21659,"tic":758},"actor":{"position":{"x":8513406,"y":48873123,"z":5767168,"angle":1592632832,"subsector":4566993688},"type":"imp_fireball","health":1000,"id":4567542336}}
{"counter":3015,"type":"move","frame":{"millis":21659,"tic":758},"actor":{"position":{"x":10814992,"y":32976325,"z":5767168,"angle":2747246783,"subsector":4566993496},"type":"imp_fireball","health":1000,"id":4567575936}}
{"counter":3016,"type":"move","frame":{"millis":21687,"tic":759},"actor":{"position":{"x":8802114,"y":35894456,"z":3670016,"angle":3892314112,"subsector":4566993496},"type":"player","health":79,"armor":73,"id":4567120880}}
{"counter":3017,"type":"move","frame":{"millis":21687,"tic":759},"actor":{"position":{"x":8705526,"y":35937717,"z":3670016,"angle":3892314112,"subsector":4566993496},"type":"player","health":79,"armor":73,"id":4567120880}}
{"counter":3018,"type":"attacked","frame":{"millis":21687,"tic":759},"actor":{"position":{"x":21532992,"y":41180480,"z":3670016,"angle":3221225472,"subsector":4566993528},"type":"soldier","health":20,"id":4567131608},"target":{"position":{"x":8705526,"y":35937717,"z":3670016,"angle":3892314112,"subsector":4566993496},"type":"player","health":79,"armor":73,"id":4567120880}}
{"counter":3019,"type":"attacked","frame":{"millis":21687,"tic":759},"actor":{"position":{"x":19601903,"y":35748708,"z":3670016,"angle":2147483648,"subsector":4566993528},"type":"imp","health":45,"id":4567132136},"target":{"position":{"x":8705526,"y":35937717,"z":3670016,"angle":3892314112,"subsector":4566993496},"type":"player","health":79,"armor":73,"id":4567120880}}
{"counter":3020,"type":"move","frame":{"millis":21687,"tic":759},"actor":{"position":{"x":10730712,"y":43139486,"z":3670016,"angle":1610612736,"subsector":4566993496},"type":"imp","health":48,"id":4567132400}}
{"counter":3021,"type":"move","frame":{"millis":21687,"tic":759},"actor":{"position":{"x":16687232,"y":40417920,"z":3670016,"angle":2684354560,"subsector":4566993528},"type":"imp","health":60,"id":4567132664}}
{"counter":3022,"type":"move","frame":{"millis":21687,"tic":759},"actor":{"position":{"x":27223376,"y":10607536,"z":0,"angle":0,"subsector":4566993048},"type":"spectre","health":150,"id":4567137416}}
{"counter":3023,"type":"move","frame":{"millis":21687,"tic":759},"actor":{"position":{"x":55892224,"y":22226688,"z":0,"angle":2684354560,"subsector":4566994312},"type":"shotgun_soldier","health":30,"id":4567137680}}
{"counter":3024,"type":"move","frame":{"millis":21687,"tic":759},"actor":{"position":{"x":-32198720,"y":59461696,"z":0,"angle":3758096384,"subsector":4566996712},"type":"soldier","health":20,"id":4567138208}}
{"counter":3025,"type":"move","frame":{"millis":21687,"tic":759},"actor":{"position":{"x":-29942720,"y":64408000,"z":0,"angle":3758096384,"subsector":4566996712},"type":"shotgun_soldier","health":30,"id":4567155632}}
{"counter":3026,"type":"move","frame":{"millis":21687,"tic":759},"actor":{"position":{"x":-28597568,"y":45147072,"z":0,"angle":3758096384,"subsector":4566993352},"type":"shotgun_soldier","health":30,"id":4567156160}}
{"counter":3027,"type":"move","frame":{"millis":21687,"tic":759},"actor":{"position":{"x":-1117440,"y":24572672,"z":0,"angle":3758096384,"subsector":4566993432},"type":"shotgun_soldier","health":30,"id":4567156424}}
{"counter":3028,"type":"move","frame":{"millis":21687,"tic":759},"actor":{"position":{"x":59873504,"y":27394048,"z":0,"angle":0,"subsector":4566994312},"type":"spectre","health":150,"id":4567166984}}
{"counter":3029,"type":"move","frame":{"millis":21687,"tic":759},"actor":{"position":{"x":10395952,"y":32472455,"z":5767168,"angle":2747246783,"subsector":4566993496},"type":"imp_fireball","health":1000,"id":4567575936}}
{"counter":3030,"type":"move","frame":{"millis":21715,"tic":760},"actor":{"position":{"x":8705526,"y":35937717,"z":3670016,"angle":3858759680,"subsector":4566993496},"type":"player","health":79,"armor":73,"id":4567120880}}
{"counter":3031,"type":"move","frame":{"millis":21715,"tic":760},"actor":{"position":{"x":8637737,"y":35962289,"z":3670016,"angle":3858759680,"subsector":4566993496},"type":"player","health":79,"armor":73,"id":4567120880}}
{"counter":3032,"type":"move","frame":{"millis":21716,"tic":760},"actor":{"position":{"x":2324864,"y":26076672,"z":0,"angle":1073741824,"subsector":4566993432},"type":"imp","health":60,"id":4567132928}}
{"counter":3033,"type":"move","frame":{"millis":21716,"tic":760},"actor":{"position":{"x":-28676992,"y":31954944,"z":0,"angle":3221225472,"subsector":4566993400},"type":"soldier","health":20,"id":4567139528}}
{"counter":3034,"type":"move","frame":{"millis":21716,"tic":760},"actor":{"position":{"x":2849152,"y":29587840,"z":0,"angle":536870912,"subsector":4566993432},"type":"shotgun_soldier","health":30,"id":4567139792}}
{"counter":3035,"type":"move","frame":{"millis":21716,"tic":760},"actor":{"position":{"x":-10463264,"y":-4591424,"z":0,"angle":1073741824,"subsector":4566993000},"type":"spectre","health":150,"id":4567162232}}
{"counter":3036,"type":"move","frame":{"millis":21716,"tic":760},"actor":{"position":{"x":12900608,"y":27257472,"z":3670016,"angle":536870912,"subsector":4566993496},"type":"imp","health":60,"id":4567172000}}
{"counter":3037,"type":"move","frame":{"millis":21716,"tic":760},"actor":{"position":{"x":550912,"y":16162944,"z":0,"angle":2684354560,"subsector":4566993176},"type":"imp","health":60,"id":4567172264}}
{"counter":3038,"type":"move","frame":{"millis":21716,"tic":760},"actor":{"position":{"x":-2875776,"y":15246592,"z":0,"angle":2684354560,"subsector":4566993176},"type":"shotgun_soldier","health":30,"id":4567172528}}
{"counter":3039,"type":"move","frame":{"millis":21716,"tic":760},"actor":{"position":{"x":9976912,"y":31968585,"z":5767168,"angle":2747246783,"subsector":4566993496},"type":"imp_fireball","health":1000,"id":4567575936}}
{"counter":3040,"type":"move","frame":{"millis":21743,"tic":761},"actor":{"position":{"x":8637737,"y":35962289,"z":3670016,"angle":3858759680,"subsector":4566993496},"type":"player","health":79,"armor":73,"id":4567120880}}
{"counter":3041,"type":"move","frame":{"millis":21743,"tic":761},"actor":{"position":{"x":8589466,"y":35974802,"z":3670016,"angle":3858759680,"subsector":4566993496},"type":"player","health":79,"armor":73,"id":4567120880}}
{"counter":3042,"type":"move","frame":{"millis":21743,"tic":761},"actor":{"position":{"x":27878736,"y":10607536,"z":0,"angle":0,"subsector":4566993064},"type":"spectre","health":150,"id":4567137416}}
{"counter":3043,"type":"move","frame":{"millis":21743,"tic":761},"actor":{"position":{"x":-17598080,"y":78939776,"z":0,"angle":0,"subsector":4566996760},"type":"shotgun_soldier","health":30,"id":4567155368}}
{"counter":3044,"type":"move","frame":{"millis":21743,"tic":761},"actor":{"position":{"x":59403504,"y":26924048,"z":0,"angle":0,"subsector":4566994312},"type":"spectre","health":150,"id":4567166984}}
{"counter":3045,"type":"move","frame":{"millis":21743,"tic":761},"actor":{"position":{"x":9557872,"y":31464715,"z":5767168,"angle":2747246783,"subsector":4566993496},"type":"imp_fireball","health":1000,"id":4567575936}}
{"counter":3046,"type":"move","frame":{"millis":21772,"tic":762},"actor":{"position":{"x":8589466,"y":35974802,"z":3670016,"angle":3858759680,"subsector":4566993496},"type":"player","health":79,"armor":73,"id":4567120880}}
{"counter":3047,"type":"move","frame":{"millis":21772,"tic":762},"actor":{"position":{"x":8562174,"y":35973947,"z":3670016,"angle":3858759680,"subsector":4566993496},"type":"player","health":79,"armor":73,"id":4567120880}}
{"counter":3048,"type":"move","frame":{"millis":21772,"tic":762},"actor":{"position":{"x":10354712,"y":43515486,"z":3670016,"angle":1610612736,"subsector":4566993496},"type":"imp","health":48,"id":4567132400}}
{"counter":3049,"type":"move","frame":{"millis":21772,"tic":762},"actor":{"position":{"x":16311232,"y":40041920,"z":3670016,"angle":2684354560,"subsector":4566993528},"type":"imp","health":60,"id":4567132664}}
{"counter":3050,"type":"move","frame":{"millis":21772,"tic":762},"actor":{"position":{"x":55892224,"y":21702400,"z":0,"angle":3221225472,"subsector":4566994312},"type":"shotgun_soldier","health":30,"id":4567137680}}
{"counter":3051,"type":"move","frame":{"millis":21772,"tic":762},"actor":{"position":{"x":-35254464,"y":41614784,"z":0,"angle":3221225472,"subsector":4566993352},"type":"soldier","health":20,"id":4567137944}}
{"counter":3052,"type":"move","frame":{"millis":21772,"tic":762},"actor":{"position":{"x":-29566720,"y":64032000,"z":0,"angle":3758096384,"subsector":4566996712},"type":"shotgun_soldier","health":30,"id":4567155632}}
{"counter":3053,"type":"move","frame":{"millis":21772,"tic":762},"actor":{"position":{"x":-28597568,"y":44622784,"z":0,"angle":3221225472,"subsector":4566993352},"type":"shotgun_soldier","health":30,"id":4567156160}}
{"counter":3054,"type":"move","frame":{"millis":21772,"tic":762},"actor":{"position":{"x":-741440,"y":24948672,"z":0,"angle":0,"subsector":4566993432},"type":"shotgun_soldier","health":30,"id":4567156424}}
{"counter":3055,"type":"move","frame":{"millis":21772,"tic":762},"actor":{"position":{"x":-10463264,"y":-3936064,"z":0,"angle":1073741824,"subsector":4566993016},"type":"spectre","health":150,"id":4567162232}}
{"counter":3056,"type":"move","frame":{"millis":21772,"tic":762},"actor":{"position":{"x":9138832,"y":30960845,"z":5767168,"angle":2747246783,"subsector":4566993496},"type":"imp_fireball","health":1000,"id":4567575936}}
{"counter":3057,"type":"move","frame":{"millis":21801,"tic":763},"actor":{"position":{"x":8562174,"y":35973947,"z":3670016,"angle":3841982464,"subsector":4566993496},"type":"player","health":79,"armor":73,"id":4567120880}}
{"counter":3058,"type":"move","frame":{"millis":21801,"tic":763},"actor":{"position":{"x":8563280,"y":35953022,"z":3670016,"angle":3841982464,"subsector":4566993496},"type":"player","health":79,"armor":73,"id":4567120880}}
{"counter":3059,"type":"move","frame":{"millis":21801,"tic":763},"actor":{"position":{"x":2849152,"y":26076672,"z":0,"angle":536870912,"subsector":4566993432},"type":"imp","health":60,"id":4567132928}}
{"counter":3060,"type":"move","frame":{"millis":21801,"tic":763},"actor":{"position":{"x":28534096,"y":10607536,"z":0,"angle":0,"subsector":4566993064},"type":"spectre","health":150,"id":4567137416}}
{"counter":3061,"type":"move","frame":{"millis":21801,"tic":763},"actor":{"position":{"x":-32198720,"y":58937408,"z":0,"angle":3758096384,"subsector":4566996712},"type":"soldier","health":20,"id":4567138208}}
{"counter":3062,"type":"move","frame":{"millis":21801,"tic":763},"actor":{"position":{"x":2849152,"y":30112128,"z":0,"angle":1073741824,"subsector":4566993432},"type":"shotgun_soldier","health":30,"id":4567139792}}
{"counter":3063,"type":"move","frame":{"millis":21801,"tic":763},"actor":{"position":{"x":58933504,"y":26454048,"z":0,"angle":3758096384,"subsector":4566994312},"type":"spectre","health":150,"id":4567166984}}
{"counter":3064,"type":"move","frame":{"millis":21801,"tic":763},"actor":{"position":{"x":12524608,"y":27633472,"z":3670016,"angle":1073741824,"subsector":4566993496},"type":"imp","health":60,"id":4567172000}}
{"counter":3065,"type":"move","frame":{"millis":21801,"tic":763},"actor":{"position":{"x":550912,"y":16687232,"z":0,"angle":2684354560,"subsector":4566993176},"type":"imp","health":60,"id":4567172264}}
{"counter":3066,"type":"move","frame":{"millis":21801,"tic":763},"actor":{"position":{"x":-3251776,"y":14870592,"z":0,"angle":2684354560,"subsector":4566993176},"type":"shotgun_soldier","health":30,"id":4567172528}}
{"counter":3067,"type":"move","frame":{"millis":21801,"tic":763},"actor":{"position":{"x":8719792,"y":30456975,"z":5767168,"angle":2747246783,"subsector":4566993496},"type":"imp_fireball","health":1000,"id":4567575936}}
{"counter":3068,"type":"move","frame":{"millis":21829,"tic":764},"actor":{"position":{"x":8563280,"y":35953022,"z":3670016,"angle":3841982464,"subsector":4566993496},"type":"player","health":79,"armor":73,"id":4567120880}}
{"counter":3069,"type":"move","frame":{"millis":21829,"tic":764},"actor":{"position":{"x":8580432,"y":35921464,"z":3670016,"angle":3841982464,"subsector":4566993496},"type":"player","health":79,"armor":73,"id":4567120880}}
{"counter":3070,"type":"move","frame":{"millis":21829,"tic":764},"actor":{"position":{"x":-28676992,"y":31430656,"z":0,"angle":3221225472,"subsector":4566993400},"type":"soldier","health":20,"id":4567139528}}
{"counter":3071,"type":"move","frame":{"millis":21829,"tic":764},"actor":{"position":{"x":-17073792,"y":78939776,"z":0,"angle":0,"subsector":4566996760},"type":"shotgun_soldier","health":30,"id":4567155368}}
{"counter":3072,"type":"move","frame":{"millis":21829,"tic":764},"actor":{"position":{"x":-10463264,"y":-3280704,"z":0,"angle":1073741824,"subsector":4566993016},"type":"spectre","health":150,"id":4567162232}}
{"counter":3073,"type":"move","frame":{"millis":21829,"tic":764},"actor":{"position":{"x":8300752,"y":29953105,"z":5767168,"angle":2747246783,"subsector":4566993496},"type":"imp_fireball","health":1000,"id":4567575936}}
{"counter":3074,"type":"move","frame":{"millis":21858,"tic":765},"actor":{"position":{"x":8580432,"y":35921464,"z":3670016,"angle":3841982464,"subsector":4566993496},"type":"player","health":79,"armor":73,"id":4567120880}}
{"counter":3075,"type":"move","frame":{"millis":21858,"tic":765},"actor":{"position":{"x":8600821,"y":35889085,"z":3670016,"angle":3841982464,"subsector":4566993496},"type":"player","health":79,"armor":73,"id":4567120880}}
{"counter":3076,"type":"move","frame":{"millis":21858,"tic":765},"actor":{"position":{"x":9978712,"y":43891486,"z":3670016,"angle":1610612736,"subsector":4566993496},"type":"imp","health":48,"id":4567132400}}
{"counter":3077,"type":"move","frame":{"millis":21858,"tic":765},"actor":{"position":{"x":15935232,"y":39665920,"z":3670016,"angle":2684354560,"subsector":4566993528},"type":"imp","health":60,"id":4567132664}}
{"counter":3078,"type":"move","frame":{"millis":21858,"tic":765},"actor":{"position":{"x":29189456,"y":10607536,"z":0,"angle":0,"subsector":4566993064},"type":"spectre","health":150,"id":4567137416}}
{"counter":3079,"type":"move","frame":{"millis":21858,"tic":765},"actor":{"position":{"x":55892224,"y":21178112,"z":0,"angle":3221225472,"subsector":4566994312},"type":"shotgun_soldier","health":30,"id":4567137680}}
{"counter":3080,"type":"move","frame":{"millis":21858,"tic":765},"actor":{"position":{"x":-29190720,"y":63656000,"z":0,"angle":3758096384,"subsector":4566996712},"type":"shotgun_soldier","health":30,"id":4567155632}}
{"counter":3081,"type":"move","frame":{"millis":21858,"tic":765},"actor":{"position":{"x":-28597568,"y":44098496,"z":0,"angle":3221225472,"subsector":4566993352},"type":"shotgun_soldier","health":30,"id":4567156160}}
{"counter":3082,"type":"move","frame":{"millis":21858,"tic":765},"actor":{"position":{"x":-365440,"y":25324672,"z":0,"angle":536870912,"subsector":4566993432},"type":"shotgun_soldier","health":30,"id":4567156424}}
{"counter":3083,"type":"move","frame":{"millis":21858,"tic":765},"actor":{"position":{"x":58463504,"y":25984048,"z":0,"angle":3221225472,"subsector":4566994312},"type":"spectre","health":150,"id":4567166984}}
{"counter":3084,"type":"move","frame":{"millis":21858,"tic":765},"actor":{"position":{"x":7881712,"y":29449235,"z":5767168,"angle":2747246783,"subsector":4566993496},"type":"imp_fireball","health":1000,"id":4567575936}}
{"weapon_type":1,"counter":3085,"type":"attacked","frame":{"millis":21887,"tic":766},"actor":{"position":{"x":8600821,"y":35889085,"z":3670016,"angle":3841982464,"subsector":4566993496},"type":"player","health":79,"armor":73,"id":4567120880}}
{"counter":3086,"type":"move","frame":{"millis":21887,"tic":766},"actor":{"position":{"x":8619298,"y":35859741,"z":3670016,"angle":3841982464,"subsector":4566993496},"type":"player","health":79,"armor":73,"id":4567120880}}
{"counter":3087,"type":"move","frame":{"millis":21887,"tic":766},"actor":{"position":{"x":2849152,"y":26600960,"z":0,"angle":0,"subsector":4566993432},"type":"imp","health":60,"id":4567132928}}
{"counter":3088,"type":"move","frame":{"millis":21887,"tic":766},"actor":{"position":{"x":-34878464,"y":41238784,"z":0,"angle":3758096384,"subsector":4566993352},"type":"soldier","health":20,"id":4567137944}}
{"counter":3089,"type":"move","frame":{"millis":21887,"tic":766},"actor":{"position":{"x":2473152,"y":29736128,"z":0,"angle":1073741824,"subsector":4566993432},"type":"shotgun_soldier","health":30,"id":4567139792}}
{"counter":3090,"type":"move","frame":{"millis":21887,"tic":766},"actor":{"position":{"x":-10463264,"y":-2625344,"z":0,"angle":1073741824,"subsector":4566993016},"type":"spectre","health":150,"id":4567162232}}
{"counter":3091,"type":"move","frame":{"millis":21887,"tic":766},"actor":{"position":{"x":12148608,"y":28009472,"z":3670016,"angle":1610612736,"subsector":4566993496},"type":"imp","health":60,"id":4567172000}}
{"counter":3092,"type":"move","frame":{"millis":21887,"tic":766},"actor":{"position":{"x":550912,"y":17211520,"z":0,"angle":2147483648,"subsector":4566993176},"type":"imp","health":60,"id":4567172264}}
{"counter":3093,"type":"move","frame":{"millis":21887,"tic":766},"actor":{"position":{"x":-3627776,"y":14494592,"z":0,"angle":2684354560,"subsector":4566993176},"type":"shotgun_soldier","health":30,"id":4567172528}}
{"counter":3094,"type":"move","frame":{"millis":21887,"tic":766},"actor":{"position":{"x":7462672,"y":28945365,"z":5767168,"angle":2747246783,"subsector":4566993496},"type":"imp_fireball","health":1000,"id":4567575936}}
{"counter":3095,"type":"move","frame":{"millis":21915,"tic":767},"actor":{"position":{"x":8636042,"y":35833148,"z":3670016,"angle":3841982464,"subsector":4566993496},"type":"player","health":79,"armor":73,"id":4567120880}}
{"counter":3096,"type":"move","frame":{"millis":21915,"tic":767},"actor":{"position":{"x":29844816,"y":10607536,"z":0,"angle":0,"subsector":4566994408},"type":"spectre","health":150,"id":4567137416}}
{"counter":3097,"type":"move","frame":{"millis":21915,"tic":767},"actor":{"position":{"x":-32198720,"y":58413120,"z":0,"angle":3221225472,"subsector":4566993352},"type":"soldier","health":20,"id":4567138208}}
{"counter":3098,"type":"move","frame":{"millis":21915,"tic":767},"actor":{"position":{"x":-16549504,"y":78939776,"z":0,"angle":0,"subsector":4566996760},"type":"shotgun_soldier","health":30,"id":4567155368}}
{"counter":3099,"type":"move","frame":{"millis":21915,"tic":767},"actor":{"position":{"x":57993504,"y":25514048,"z":0,"angle":2684354560,"subsector":4566994312},"type":"spectre","health":150,"id":4567166984}}
{"counter":3100,"type":"move","frame":{"millis":21915,"tic":767},"actor":{"position":{"x":7043632,"y":28441495,"z":5767168,"angle":2747246783,"subsector":4566993496},"type":"imp_fireball","health":1000,"id":4567575936}}
{"counter":3101,"type":"move","frame":{"millis":21943,"tic":768},"actor":{"position":{"x":8651216,"y":35809048,"z":3670016,"angle":3841982464,"subsector":4566993496},"type":"player","health":79,"armor":73,"id":4567120880}}
{"counter":3102,"type":"move","frame":{"millis":21943,"tic":768},"actor":{"position":{"x":9602712,"y":44267486,"z":3670016,"angle":1610612736,"subsector":4566993688},"type":"imp","health":48,"id":4567132400}}
{"counter":3103,"type":"move","frame":{"millis":21943,"tic":768},"actor":{"position":{"x":15559232,"y":39289920,"z":3670016,"angle":2684354560,"subsector":4566993528},"type":"imp","health":60,"id":4567132664}}
{"counter":3104,"type":"move","frame":{"millis":21943,"tic":768},"actor":{"position":{"x":55892224,"y":20653824,"z":0,"angle":3221225472,"subsector":4566994312},"type":"shotgun_soldier","health":30,"id":4567137680}}
{"damage":8,"counter":3105,"type":"hit","frame":{"millis":21943,"tic":768},"actor":{"position":{"x":-29815552,"y":74952064,"z":0,"angle":3752035360,"subsector":4566996712},"type":"soldier","health":20,"id":4567138736},"target":{"position":{"x":8651216,"y":35809048,"z":3670016,"angle":3841982464,"subsector":4566993496},"type":"player","health":71,"armor":69,"id":4567120880}}
{"counter":3106,"type":"move","frame":{"millis":21943,"tic":768},"actor":{"position":{"x":-28676992,"y":30906368,"z":0,"angle":3221225472,"subsector":4566993400},"type":"soldier","health":20,"id":4567139528}}
{"counter":3107,"type":"move","frame":{"millis":21943,"tic":768},"actor":{"position":{"x":-28814720,"y":63280000,"z":0,"angle":3758096384,"subsector":4566996712},"type":"shotgun_soldier","health":30,"id":4567155632}}
{"counter":3108,"type":"attacked","frame":{"millis":21943,"tic":768},"actor":{"position":{"x":-28597568,"y":44098496,"z":0,"angle":3221225472,"subsector":4566993352},"type":"shotgun_soldier","health":30,"id":4567156160},"target":{"position":{"x":8651216,"y":35809048,"z":3670016,"angle":3841982464,"subsector":4566993496},"type":"player","health":71,"armor":69,"id":4567120880}}
{"counter":3109,"type":"move","frame":{"millis":21943,"tic":768},"actor":{"position":{"x":10560,"y":25700672,"z":0,"angle":536870912,"subsector":4566993432},"type":"shotgun_soldier","health":30,"id":4567156424}}
{"counter":3110,"type":"move","frame":{"millis":21943,"tic":768},"actor":{"position":{"x":-10463264,"y":-1969984,"z":0,"angle":1073741824,"subsector":4566993016},"type":"spectre","health":150,"id":4567162232}}
{"counter":3111,"type":"move","frame":{"millis":21943,"tic":768},"actor":{"position":{"x":6624592,"y":27937625,"z":5767168,"angle":2747246783,"subsector":4566993496},"type":"imp_fireball","health":1000,"id":4567575936}}
{"counter":3112,"type":"move","frame":{"millis":21972,"tic":769},"actor":{"position":{"x":8733862,"y":35717086,"z":3670016,"angle":3841982464,"subsector":4566993496},"type":"player","health":71,"armor":69,"id":4567120880}}
{"damage":15,"counter":3113,"type":"hit","frame":{"millis":21972,"tic":769},"actor":{"position":{"x":21532992,"y":41180480,"z":3670016,"angle":2423205568,"subsector":4566993528},"type":"soldier","health":20,"id":4567131608},"target":{"position":{"x":15559232,"y":39289920,"z":3670016,"angle":2684354560,"subsector":4566993528},"type":"imp","health":45,"id":4567132664}}
{"counter":3114,"type":"targeted","frame":{"millis":21972,"tic":769},"actor":{"position":{"x":21532992,"y":41180480,"z":3670016,"angle":2423205568,"subsector":4566993528},"type":"soldier","health":20,"id":4567131608},"target":{"position":{"x":15559232,"y":39289920,"z":3670016,"angle":2684354560,"subsector":4566993528},"type":"imp","health":45,"id":4567132664}}
{"counter":3115,"type":"move","frame":{"millis":21972,"tic":769},"actor":{"position":{"x":15442076,"y":39252855,"z":3670016,"angle":2684354560,"subsector":4566993528},"type":"imp","health":45,"id":4567132664}}
{"counter":3116,"type":"move","frame":{"millis":21972,"tic":769},"actor":{"position":{"x":2849152,"y":26076672,"z":0,"angle":536870912,"subsector":4566993432},"type":"imp","health":60,"id":4567132928}}
{"counter":3117,"type":"move","frame":{"millis":21972,"tic":769},"actor":{"position":{"x":29374816,"y":11077536,"z":0,"angle":0,"subsector":4566994408},"type":"spectre","health":150,"id":4567137416}}
{"counter":3118,"type":"move","frame":{"millis":21972,"tic":769},"actor":{"position":{"x":2097152,"y":29360128,"z":0,"angle":1610612736,"subsector":4566993432},"type":"shotgun_soldier","health":30,"id":4567139792}}
{"counter":3119,"type":"move","frame":{"millis":21972,"tic":769},"actor":{"position":{"x":57523504,"y":25044048,"z":0,"angle":2684354560,"subsector":4566994312},"type":"spectre","health":150,"id":4567166984}}
{"counter":3120,"type":"move","frame":{"millis":21972,"tic":769},"actor":{"position":{"x":11772608,"y":28385472,"z":3670016,"angle":1610612736,"subsector":4566993496},"type":"imp","health":60,"id":4567172000}}
{"counter":3121,"type":"move","frame":{"millis":21972,"tic":769},"actor":{"position":{"x":550912,"y":17735808,"z":0,"angle":1610612736,"subsector":4566993176},"type":"imp","health":60,"id":4567172264}}
{"counter":3122,"type":"move","frame":{"millis":21972,"tic":769},"actor":{"position":{"x":-4003776,"y":14118592,"z":0,"angle":2684354560,"subsector":4566993176},"type":"shotgun_soldier","health":30,"id":4567172528}}
{"counter":3123,"type":"move","frame":{"millis":21972,"tic":769},"actor":{"position":{"x":6205552,"y":27433755,"z":5767168,"angle":2747246783,"subsector":4566993496},"type":"imp_fireball","health":1000,"id":4567575936}}
{"damage":5,"counter":3124,"type":"hit","frame":{"millis":22000,"tic":770},"actor":{"position":{"x":8733862,"y":35717086,"z":3670016,"angle":3841982464,"subsector":4566993496},"type":"player","health":71,"armor":69,"id":4567120880},"target":{"position":{"x":19220518,"y":26883661,"z":3670016,"angle":0,"subsector":4566993560},"type":"barrel","health":5,"id":4567142432}}
{"counter":3125,"type":"move","frame":{"millis":22000,"tic":770},"actor":{"position":{"x":8808759,"y":35633745,"z":3670016,"angle":3841982464,"subsector":4566993496},"type":"player","health":71,"armor":69,"id":4567120880}}
{"counter":3126,"type":"move","frame":{"millis":22000,"tic":770},"actor":{"position":{"x":15335903,"y":39219264,"z":3670016,"angle":2684354560,"subsector":4566993528},"type":"imp","health":45,"id":4567132664}}
{"counter":3127,"type":"move","frame":{"millis":22000,"tic":770},"actor":{"position":{"x":-34502464,"y":40862784,"z":0,"angle":3758096384,"subsector":4566993352},"type":"soldier","health":20,"id":4567137944}}
{"counter":3128,"type":"move","frame":{"millis":22000,"tic":770},"actor":{"position":{"x":19220518,"y":26883661,"z":3670016,"angle":0,"subsector":4566993560},"type":"barrel","health":5,"id":4567142432}}
{"counter":3129,"type":"move","frame":{"millis":22000,"tic":770},"actor":{"position":{"x":-16025216,"y":78939776,"z":0,"angle":0,"subsector":4566996760},"type":"shotgun_soldier","health":30,"id":4567155368}}
{"counter":3130,"type":"move","frame":{"millis":22000,"tic":770},"actor":{"position":{"x":-10463264,"y":-1314624,"z":0,"angle":1073741824,"subsector":4566993016},"type":"spectre","health":150,"id":4567162232}}
{"counter":3131,"type":"move","frame":{"millis":22000,"tic":770},"actor":{"position":{"x":5786512,"y":26929885,"z":5767168,"angle":2747246783,"subsector":4566993496},"type":"imp_fireball","health":1000,"id":4567575936}}
{"counter":3132,"type":"move","frame":{"millis":22029,"tic":771},"actor":{"position":{"x":8808759,"y":35633745,"z":3670016,"angle":3841982464,"subsector":4566993496},"type":"player","health":71,"armor":69,"id":4567120880}}
{"counter":3133,"type":"move","frame":{"millis":22029,"tic":771},"actor":{"position":{"x":8878249,"y":35556957,"z":3670016,"angle":3841982464,"subsector":4566993496},"type":"player","health":71,"armor":69,"id":4567120880}}
{"counter":3134,"type":"move","frame":{"millis":22029,"tic":771},"actor":{"position":{"x":9226712,"y":44643486,"z":3670016,"angle":1610612736,"subsector":4566993688},"type":"imp","health":48,"id":4567132400}}
{"counter":3135,"type":"move","frame":{"millis":22029,"tic":771},"actor":{"position":{"x":15239683,"y":39188822,"z":3670016,"angle":2684354560,"subsector":4566993528},"type":"imp","health":45,"id":4567132664}}
{"counter":3136,"type":"move","frame":{"millis":22029,"tic":771},"actor":{"position":{"x":28904816,"y":11547536,"z":0,"angle":536870912,"subsector":4566993064},"type":"spectre","health":150,"id":4567137416}}
{"counter":3137,"type":"move","frame":{"millis":22029,"tic":771},"actor":{"position":{"x":55892224,"y":20129536,"z":0,"angle":3221225472,"subsector":4566994312},"type":"shotgun_soldier","health":30,"id":4567137680}}
{"counter":3138,"type":"move","frame":{"millis":22029,"tic":771},"actor":{"position":{"x":-32198720,"y":57888832,"z":0,"angle":3221225472,"subsector":4566993352},"type":"soldier","health":20,"id":4567138208}}
{"counter":3139,"type":"move","frame":{"millis":22029,"tic":771},"actor":{"position":{"x":-28814720,"y":62755712,"z":0,"angle":3758096384,"subsector":4566996712},"type":"shotgun_soldier","health":30,"id":4567155632}}
{"counter":3140,"type":"move","frame":{"millis":22029,"tic":771},"actor":{"position":{"x":10560,"y":26224960,"z":0,"angle":536870912,"subsector":4566993432},"type":"shotgun_soldier","health":30,"id":4567156424}}
{"counter":3141,"type":"move","frame":{"millis":22029,"tic":771},"actor":{"position":{"x":57053504,"y":24574048,"z":0,"angle":2684354560,"subsector":4566994312},"type":"spectre","health":150,"id":4567166984}}
{"counter":3142,"type":"move","frame":{"millis":22029,"tic":771},"actor":{"position":{"x":5786512,"y":26929885,"z":5767168,"angle":2747246783,"subsector":4566993496},"type":"imp_fireball","health":1000,"id":4567575936}}
{"counter":3143,"type":"move","frame":{"millis":22058,"tic":772},"actor":{"position":{"x":8878249,"y":35556957,"z":3670016,"angle":3841982464,"subsector":4566993496},"type":"player","health":71,"armor":69,"id":4567120880}}
{"counter":3144,"type":"move","frame":{"millis":22058,"tic":772},"actor":{"position":{"x":8960604,"y":35472254,"z":3670016,"angle":3841982464,"subsector":4566993496},"type":"player","health":71,"armor":69,"id":4567120880}}
{"counter":3145,"type":"move","frame":{"millis":22058,"tic":772},"actor":{"position":{"x":15152483,"y":39161233,"z":3670016,"angle":2684354560,"subsector":4566993528},"type":"imp","health":45,"id":4567132664}}
{"counter":3146,"type":"move","frame":{"millis":22058,"tic":772},"actor":{"position":{"x":14776483,"y":38785233,"z":3670016,"angle":2684354560,"subsector":4566993528},"type":"imp","health":45,"id":4567132664}}
{"counter":3147,"type":"move","frame":{"millis":22058,"tic":772},"actor":{"position":{"x":2849152,"y":25552384,"z":0,"angle":0,"subsector":4566993432},"type":"imp","health":60,"id":4567132928}}
{"counter":3148,"type":"move","frame":{"millis":22058,"tic":772},"actor":{"position":{"x":-28676992,"y":30382080,"z":0,"angle":3221225472,"subsector":4566993400},"type":"soldier","health":20,"id":4567139528}}
{"counter":3149,"type":"move","frame":{"millis":22058,"tic":772},"actor":{"position":{"x":1721152,"y":28984128,"z":0,"angle":2147483648,"subsector":4566993432},"type":"shotgun_soldier","health":30,"id":4567139792}}
{"counter":3150,"type":"move","frame":{"millis":22058,"tic":772},"actor":{"position":{"x":-10463264,"y":-659264,"z":0,"angle":1073741824,"subsector":4566993016},"type":"spectre","health":150,"id":4567162232}}
{"counter":3151,"type":"move","frame":{"millis":22058,"tic":772},"actor":{"position":{"x":11396608,"y":28761472,"z":3670016,"angle":1610612736,"subsector":4566993496},"type":"imp","health":60,"id":4567172000}}
{"counter":3152,"type":"move","frame":{"millis":22058,"tic":772},"actor":{"position":{"x":550912,"y":18260096,"z":0,"angle":1073741824,"subsector":4566993176},"type":"imp","health":60,"id":4567172264}}
{"counter":3153,"type":"move","frame":{"millis":22058,"tic":772},"actor":{"position":{"x":-4379776,"y":13742592,"z":0,"angle":2684354560,"subsector":4566993176},"type":"shotgun_soldier","health":30,"id":4567172528}}
{"counter":3154,"type":"move","frame":{"millis":22086,"tic":773},"actor":{"position":{"x":8960604,"y":35472254,"z":3670016,"angle":3841982464,"subsector":4566993496},"type":"player","health":71,"armor":69,"id":4567120880}}
{"counter":3155,"type":"move","frame":{"millis":22086,"tic":773},"actor":{"position":{"x":9048158,"y":35385416,"z":3670016,"angle":3841982464,"subsector":4566993496},"type":"player","health":71,"armor":69,"id":4567120880}}
{"counter":3156,"type":"move","frame":{"millis":22086,"tic":773},"actor":{"position":{"x":14697458,"y":38760230,"z":3670016,"angle":2684354560,"subsector":4566993528},"type":"imp","health":45,"id":4567132664}}
{"counter":3157,"type":"move","frame":{"millis":22086,"tic":773},"actor":{"position":{"x":28434816,"y":12017536,"z":0,"angle":1073741824,"subsector":4566993064},"type":"spectre","health":150,"id":4567137416}}
{"counter":3158,"type":"move","frame":{"millis":22086,"tic":773},"actor":{"position":{"x":-15500928,"y":78939776,"z":0,"angle":0,"subsector":4566996760},"type":"shotgun_soldier","health":30,"id":4567155368}}
{"counter":3159,"type":"move","frame":{"millis":22086,"tic":773},"actor":{"position":{"x":56583504,"y":24104048,"z":0,"angle":2684354560,"subsector":4566994312},"type":"spectre","health":150,"id":4567166984}}
{"counter":3160,"type":"move","frame":{"millis":22115,"tic":774},"actor":{"position":{"x":9127503,"y":35306719,"z":3670016,"angle":3841982464,"subsector":4566993496},"type":"player","health":71,"armor":69,"id":4567120880}}
{"counter":3161,"type":"move","frame":{"millis":22115,"tic":774},"actor":{"position":{"x":8850712,"y":45019486,"z":3670016,"angle":1610612736,"subsector":4566993688},"type":"imp","health":48,"id":4567132400}}
{"counter":3162,"type":"move","frame":{"millis":22115,"tic":774},"actor":{"position":{"x":14625841,"y":38737571,"z":3670016,"angle":2684354560,"subsector":4566993496},"type":"imp","health":45,"id":4567132664}}
{"counter":3163,"type":"move","frame":{"millis":22115,"tic":774},"actor":{"position":{"x":55892224,"y":19605248,"z":0,"angle":3221225472,"subsector":4566994312},"type":"shotgun_soldier","health":30,"id":4567137680}}
{"counter":3164,"type":"move","frame":{"millis":22115,"tic":774},"actor":{"position":{"x":-34126464,"y":40486784,"z":0,"angle":3758096384,"subsector":4566993352},"type":"soldier","health":20,"id":4567137944}}
{"counter":3165,"type":"move","frame":{"millis":22115,"tic":774},"actor":{"position":{"x":-28814720,"y":62231424,"z":0,"angle":3221225472,"subsector":4566996712},"type":"shotgun_soldier","health":30,"id":4567155632}}
{"counter":3166,"type":"move","frame":{"millis":22115,"tic":774},"actor":{"position":{"x":-513728,"y":26224960,"z":0,"angle":1073741824,"subsector":4566993432},"type":"shotgun_soldier","health":30,"id":4567156424}}
{"counter":3167,"type":"move","frame":{"millis":22115,"tic":774},"actor":{"position":{"x":-10463264,"y":-3904,"z":0,"angle":1073741824,"subsector":4566993016},"type":"spectre","health":150,"id":4567162232}}
{"counter":3168,"type":"move","frame":{"millis":22144,"tic":775},"actor":{"position":{"x":9127503,"y":35306719,"z":3670016,"angle":3858759680,"subsector":4566993496},"type":"player","health":71,"armor":69,"id":4567120880}}
{"counter":3169,"type":"move","frame":{"millis":22144,"tic":775},"actor":{"position":{"x":9219153,"y":35220766,"z":3670016,"angle":3858759680,"subsector":4566993496},"type":"player","health":71,"armor":69,"id":4567120880}}
{"counter":3170,"type":"move","frame":{"millis":22144,"tic":775},"actor":{"position":{"x":14560938,"y":38717036,"z":3670016,"angle":2684354560,"subsector":4566993496},"type":"imp","health":45,"id":4567132664}}
{"counter":3171,"type":"move","frame":{"millis":22144,"tic":775},"actor":{"position":{"x":14184938,"y":38341036,"z":3670016,"angle":2684354560,"subsector":4566993496},"type":"imp","health":45,"id":4567132664}}
{"counter":3172,"type":"move","frame":{"millis":22144,"tic":775},"actor":{"position":{"x":2849152,"y":25028096,"z":0,"angle":3758096384,"subsector":4566993432},"type":"imp","health":60,"id":4567132928}}
{"counter":3173,"type":"move","frame":{"millis":22144,"tic":775},"actor":{"position":{"x":27779456,"y":12017536,"z":0,"angle":1610612736,"subsector":4566993064},"type":"spectre","health":150,"id":4567137416}}
{"counter":3174,"type":"move","frame":{"millis":22144,"tic":775},"actor":{"position":{"x":-32198720,"y":57364544,"z":0,"angle":3221225472,"subsector":4566993352},"type":"soldier","health":20,"id":4567138208}}
{"counter":3175,"type":"move","frame":{"millis":22144,"tic":775},"actor":{"position":{"x":1721152,"y":29508416,"z":0,"angle":2684354560,"subsector":4566993432},"type":"shotgun_soldier","health":30,"id":4567139792}}
{"counter":3176,"type":"move","frame":{"millis":22144,"tic":775},"actor":{"position":{"x":56583504,"y":24759408,"z":0,"angle":2684354560,"subsector":4566994312},"type":"spectre","health":150,"id":4567166984}}
{"counter":3177,"type":"move","frame":{"millis":22144,"tic":775},"actor":{"position":{"x":11020608,"y":29137472,"z":3670016,"angle":1610612736,"subsector":4566993496},"type":"imp","health":60,"id":4567172000}}
{"counter":3178,"type":"move","frame":{"millis":22144,"tic":775},"actor":{"position":{"x":1075200,"y":18260096,"z":0,"angle":1073741824,"subsector":4566993176},"type":"imp","health":60,"id":4567172264}}
{"counter":3179,"type":"move","frame":{"millis":22144,"tic":775},"actor":{"position":{"x":-4379776,"y":14266880,"z":0,"angle":2684354560,"subsector":4566993176},"type":"shotgun_soldier","health":30,"id":4567172528}}
{"counter":3180,"type":"move","frame":{"millis":22144,"tic":775},"actor":{"position":{"x":18620153,"y":35698593,"z":5767168,"angle":2182166156,"subsector":4566993528},"type":"imp_fireball","health":1000,"id":4567591488}}
{"counter":3181,"type":"move","frame":{"millis":22172,"tic":776},"actor":{"position":{"x":9219153,"y":35220766,"z":3670016,"angle":3875536896,"subsector":4566993496},"type":"player","health":71,"armor":69,"id":4567120880}}
{"counter":3182,"type":"move","frame":{"millis":22172,"tic":776},"actor":{"position":{"x":9339056,"y":35116941,"z":3670016,"angle":3875536896,"subsector":4566993496},"type":"player","health":71,"armor":69,"id":4567120880}}
{"counter":3183,"type":"move","frame":{"millis":22172,"tic":776},"actor":{"position":{"x":14126119,"y":38322426,"z":3670016,"angle":2684354560,"subsector":4566993496},"type":"imp","health":45,"id":4567132664}}
{"counter":3184,"type":"move","frame":{"millis":22172,"tic":776},"actor":{"position":{"x":-28676992,"y":29857792,"z":0,"angle":3221225472,"subsector":4566993400},"type":"soldier","health":20,"id":4567139528}}
{"counter":3185,"type":"move","frame":{"millis":22172,"tic":776},"actor":{"position":{"x":-14976640,"y":78939776,"z":0,"angle":0,"subsector":4566996760},"type":"shotgun_soldier","health":30,"id":4567155368}}
{"counter":3186,"type":"move","frame":{"millis":22172,"tic":776},"actor":{"position":{"x":-10463264,"y":651456,"z":0,"angle":1073741824,"subsector":4566993016},"type":"spectre","health":150,"id":4567162232}}
{"counter":3187,"type":"move","frame":{"millis":22172,"tic":776},"actor":{"position":{"x":17965653,"y":35665183,"z":5767168,"angle":2182166156,"subsector":4566993528},"type":"imp_fireball","health":1000,"id":4567591488}}
{"counter":3188,"type":"move","frame":{"millis":22200,"tic":777},"actor":{"position":{"x":9339056,"y":35116941,"z":3670016,"angle":3892314112,"subsector":4566993496},"type":"player","health":71,"armor":69,"id":4567120880}}
{"counter":3189,"type":"move","frame":{"millis":22200,"tic":777},"actor":{"position":{"x":9478377,"y":35002380,"z":3670016,"angle":3892314112,"subsector":4566993496},"type":"player","health":71,"armor":69,"id":4567120880}}
{"counter":3190,"type":"move","frame":{"millis":22200,"tic":777},"actor":{"position":{"x":8474712,"y":45395486,"z":3670016,"angle":1610612736,"subsector":4566993688},"type":"imp","health":48,"id":4567132400}}
{"counter":3191,"type":"move","frame":{"millis":22200,"tic":777},"actor":{"position":{"x":14072814,"y":38305560,"z":3670016,"angle":2684354560,"subsector":4566993496},"type":"imp","health":45,"id":4567132664}}
{"counter":3192,"type":"move","frame":{"millis":22200,"tic":777},"actor":{"position":{"x":27124096,"y":12017536,"z":0,"angle":2147483648,"subsector":4566993048},"type":"spectre","health":150,"id":4567137416}}
{"counter":3193,"type":"move","frame":{"millis":22200,"tic":777},"actor":{"position":{"x":55892224,"y":19080960,"z":0,"angle":3221225472,"subsector":4566994312},"type":"shotgun_soldier","health":30,"id":4567137680}}
{"counter":3194,"type":"move","frame":{"millis":22200,"tic":777},"actor":{"position":{"x":-28814720,"y":61707136,"z":0,"angle":3221225472,"subsector":4566996712},"type":"shotgun_soldier","health":30,"id":4567155632}}
{"counter":3195,"type":"move","frame":{"millis":22200,"tic":777},"actor":{"position":{"x":-1038016,"y":26224960,"z":0,"angle":1610612736,"subsector":4566993432},"type":"shotgun_soldier","health":30,"id":4567156424}}
{"counter":3196,"type":"move","frame":{"millis":22200,"tic":777},"actor":{"position":{"x":56583504,"y":25414768,"z":0,"angle":2147483648,"subsector":4566994312},"type":"spectre","health":150,"id":4567166984}}
{"counter":3197,"type":"move","frame":{"millis":22200,"tic":777},"actor":{"position":{"x":17311153,"y":35631773,"z":5767168,"angle":2182166156,"subsector":4566993528},"type":"imp_fireball","health":1000,"id":4567591488}}
{"counter":3198,"type":"move","frame":{"millis":22229,"tic":778},"actor":{"position":{"x":9478377,"y":35002380,"z":3670016,"angle":3892314112,"subsector":4566993496},"type":"player","health":71,"armor":69,"id":4567120880}}
{"counter":3199,"type":"move","frame":{"millis":22229,"tic":778},"actor":{"position":{"x":9608042,"y":34896284,"z":3670016,"angle":3892314112,"subsector":4566993496},"type":"player","health":71,"armor":69,"id":4567120880}}
{"counter":3200,"type":"move","frame":{"millis":22229,"tic":778},"actor":{"position":{"x":14024506,"y":38290275,"z":3670016,"angle":2684354560,"subsector":4566993496},"type":"imp","health":45,"id":4567132664}}
{"counter":3201,"type":"move","frame":{"millis":22229,"tic":778},"actor":{"position":{"x":13648506,"y":37914275,"z":3670016,"angle":2684354560,"subsector":4566993496},"type":"imp","health":45,"id":4567132664}}
{"counter":3202,"type":"move","frame":{"millis":22229,"tic":778},"actor":{"position":{"x":2849152,"y":24503808,"z":0,"angle":3221225472,"subsector":4566993432},"type":"imp","health":60,"id":4567132928}}
{"counter":3203,"type":"move","frame":{"millis":22229,"tic":778},"actor":{"position":{"x":-33750464,"y":40110784,"z":0,"angle":3758096384,"subsector":4566993352},"type":"soldier","health":20,"id":4567137944}}
{"counter":3204,"type":"move","frame":{"millis":22229,"tic":778},"actor":{"position":{"x":2097152,"y":29884416,"z":0,"angle":2147483648,"subsector":4566993432},"type":"shotgun_soldier","health":30,"id":4567139792}}
{"damage":12,"counter":3205,"type":"hit","frame":{"millis":22229,"tic":778},"actor":{"position":{"x":-28597568,"y":44098496,"z":0,"angle":4133489920,"subsector":4566993352},"type":"shotgun_soldier","health":30,"id":4567156160},"target":{"position":{"x":13648506,"y":37914275,"z":3670016,"angle":2684354560,"subsector":4566993496},"type":"imp","health":33,"id":4567132664}}
{"counter":3206,"type":"move","frame":{"millis":22229,"tic":778},"actor":{"position":{"x":-10463264,"y":1306816,"z":0,"angle":1073741824,"subsector":4566993176},"type":"spectre","health":150,"id":4567162232}}
{"counter":3207,"type":"move","frame":{"millis":22229,"tic":778},"actor":{"position":{"x":10644608,"y":29513472,"z":3670016,"angle":1610612736,"subsector":4566993496},"type":"imp","health":60,"id":4567172000}}
{"counter":3208,"type":"move","frame":{"millis":22229,"tic":778},"actor":{"position":{"x":1599488,"y":18260096,"z":0,"angle":536870912,"subsector":4566993176},"type":"imp","health":60,"id":4567172264}}
{"counter":3209,"type":"move","frame":{"millis":22229,"tic":778},"actor":{"position":{"x":-4379776,"y":14791168,"z":0,"angle":2147483648,"subsector":4566993176},"type":"shotgun_soldier","health":30,"id":4567172528}}
{"counter":3210,"type":"move","frame":{"millis":22229,"tic":778},"actor":{"position":{"x":16656653,"y":35598363,"z":5767168,"angle":2182166156,"subsector":4566993528},"type":"imp_fireball","health":1000,"id":4567591488}}
{"counter":3211,"type":"move","frame":{"millis":22258,"tic":779},"actor":{"position":{"x":9608042,"y":34896284,"z":3670016,"angle":3892314112,"subsector":4566993496},"type":"player","health":71,"armor":69,"id":4567120880}}
{"counter":3212,"type":"move","frame":{"millis":22258,"tic":779},"actor":{"position":{"x":9723846,"y":34801271,"z":3670016,"angle":3892314112,"subsector":4566993496},"type":"player","health":71,"armor":69,"id":4567120880}}
{"counter":3213,"type":"move","frame":{"millis":22258,"tic":779},"actor":{"position":{"x":13701992,"y":37886185,"z":3670016,"angle":2684354560,"subsector":4566993496},"type":"imp","health":33,"id":4567132664}}
{"counter":3214,"type":"move","frame":{"millis":22258,"tic":779},"actor":{"position":{"x":26468736,"y":12017536,"z":0,"angle":2147483648,"subsector":4566993048},"type":"spectre","health":150,"id":4567137416}}
{"counter":3215,"type":"move","frame":{"millis":22258,"tic":779},"actor":{"position":{"x":-32723008,"y":57364544,"z":0,"angle":3221225472,"subsector":4566993352},"type":"soldier","health":20,"id":4567138208}}
{"counter":3216,"type":"move","frame":{"millis":22258,"tic":779},"actor":{"position":{"x":-14452352,"y":78939776,"z":0,"angle":0,"subsector":4566996760},"type":"shotgun_soldier","health":30,"id":4567155368}}
{"counter":3217,"type":"move","frame":{"millis":22258,"tic":779},"actor":{"position":{"x":56583504,"y":26070128,"z":0,"angle":1610612736,"subsector":4566994312},"type":"spectre","health":150,"id":4567166984}}
{"counter":3218,"type":"move","frame":{"millis":22258,"tic":779},"actor":{"position":{"x":16002153,"y":35564953,"z":5767168,"angle":2182166156,"subsector":4566993528},"type":"imp_fireball","health":1000,"id":4567591488}}
{"counter":3219,"type":"move","frame":{"millis":22286,"tic":780},"actor":{"position":{"x":9723846,"y":34801271,"z":3670016,"angle":3892314112,"subsector":4566993496},"type":"player","health":71,"armor":69,"id":4567120880}}
{"weapon_type":1,"counter":3220,"type":"attacked","frame":{"millis":22286,"tic":780},"actor":{"position":{"x":9723846,"y":34801271,"z":3670016,"angle":3892314112,"subsector":4566993496},"type":"player","health":71,"armor":69,"id":4567120880}}
{"counter":3221,"type":"move","frame":{"millis":22286,"tic":780},"actor":{"position":{"x":9827089,"y":34716302,"z":3670016,"angle":3892314112,"subsector":4566993496},"type":"player","health":71,"armor":69,"id":4567120880}}
{"counter":3222,"type":"move","frame":{"millis":22286,"tic":780},"actor":{"position":{"x":8098712,"y":45019486,"z":3670016,"angle":1610612736,"subsector":4566993688},"type":"imp","health":48,"id":4567132400}}
{"counter":3223,"type":"move","frame":{"millis":22286,"tic":780},"actor":{"position":{"x":13750463,"y":37860728,"z":3670016,"angle":2684354560,"subsector":4566993496},"type":"imp","health":33,"id":4567132664}}
{"counter":3224,"type":"move","frame":{"millis":22286,"tic":780},"actor":{"position":{"x":55892224,"y":18556672,"z":0,"angle":3221225472,"subsector":4566994312},"type":"shotgun_soldier","health":30,"id":4567137680}}
{"counter":3225,"type":"move","frame":{"millis":22286,"tic":780},"actor":{"position":{"x":-28300992,"y":30233792,"z":0,"angle":3221225472,"subsector":4566993400},"type":"soldier","health":20,"id":4567139528}}
{"counter":3226,"type":"move","frame":{"millis":22286,"tic":780},"actor":{"position":{"x":-29190720,"y":62083136,"z":0,"angle":3221225472,"subsector":4566996712},"type":"shotgun_soldier","health":30,"id":4567155632}}
{"counter":3227,"type":"move","frame":{"millis":22286,"tic":780},"actor":{"position":{"x":-1562304,"y":26224960,"z":0,"angle":2147483648,"subsector":4566993432},"type":"shotgun_soldier","health":30,"id":4567156424}}
{"counter":3228,"type":"move","frame":{"millis":22286,"tic":780},"actor":{"position":{"x":-9993264,"y":1776816,"z":0,"angle":1073741824,"subsector":4566993176},"type":"spectre","health":150,"id":4567162232}}
{"counter":3229,"type":"move","frame":{"millis":22286,"tic":780},"actor":{"position":{"x":15347653,"y":35531543,"z":5767168,"angle":2182166156,"subsector":4566993528},"type":"imp_fireball","health":1000,"id":4567591488}}
{"counter":3230,"type":"move","frame":{"millis":22315,"tic":781},"actor":{"position":{"x":9827089,"y":34716302,"z":3670016,"angle":3892314112,"subsector":4566993496},"type":"player","health":71,"armor":69,"id":4567120880}}
{"counter":3231,"type":"move","frame":{"millis":22315,"tic":781},"actor":{"position":{"x":9910432,"y":34646120,"z":3670016,"angle":3892314112,"subsector":4566993496},"type":"player","health":71,"armor":69,"id":4567120880}}
{"counter":3232,"type":"move","frame":{"millis":22315,"tic":781},"actor":{"position":{"x":19225903,"y":35372708,"z":3670016,"angle":2147483648,"subsector":4566993528},"type":"imp","health":45,"id":4567132136}}
{"counter":3233,"type":"move","frame":{"millis":22315,"tic":781},"actor":{"position":{"x":13794389,"y":37837657,"z":3670016,"angle":2684354560,"subsector":4566993496},"type":"imp","health":33,"id":4567132664}}
{"counter":3234,"type":"move","frame":{"millis":22316,"tic":781},"actor":{"position":{"x":13418389,"y":37461657,"z":3670016,"angle":2684354560,"subsector":4566993496},"type":"imp","health":33,"id":4567132664}}
{"counter":3235,"type":"move","frame":{"millis":22316,"tic":781},"actor":{"position":{"x":2473152,"y":24879808,"z":0,"angle":3221225472,"subsector":4566993432},"type":"imp","health":60,"id":4567132928}}
{"counter":3236,"type":"move","frame":{"millis":22316,"tic":781},"actor":{"position":{"x":25998736,"y":11547536,"z":0,"angle":2147483648,"subsector":4566993048},"type":"spectre","health":150,"id":4567137416}}
{"counter":3237,"type":"move","frame":{"millis":22316,"tic":781},"actor":{"position":{"x":2621440,"y":29884416,"z":0,"angle":1610612736,"subsector":4566993432},"type":"shotgun_soldier","health":30,"id":4567139792}}
{"counter":3238,"type":"move","frame":{"millis":22316,"tic":781},"actor":{"position":{"x":56583504,"y":26725488,"z":0,"angle":1073741824,"subsector":4566994312},"type":"spectre","health":150,"id":4567166984}}
{"counter":3239,"type":"move","frame":{"millis":22316,"tic":781},"actor":{"position":{"x":10268608,"y":29889472,"z":3670016,"angle":1610612736,"subsector":4566993496},"type":"imp","health":60,"id":4567172000}}
{"counter":3240,"type":"move","frame":{"millis":22316,"tic":781},"actor":{"position":{"x":2123776,"y":18260096,"z":0,"angle":0,"subsector":4566993176},"type":"imp","health":60,"id":4567172264}}
{"counter":3241,"type":"move","frame":{"millis":22316,"tic":781},"actor":{"position":{"x":-4379776,"y":15315456,"z":0,"angle":1610612736,"subsector":4566993176},"type":"shotgun_soldier","health":30,"id":4567172528}}
{"counter":3242,"type":"move","frame":{"millis":22316,"tic":781},"actor":{"position":{"x":14693153,"y":35498133,"z":5767168,"angle":2182166156,"subsector":4566993528},"type":"imp_fireball","health":1000,"id":4567591488}}
{"counter":3243,"type":"move","frame":{"millis":22343,"tic":782},"actor":{"position":{"x":9910432,"y":34646120,"z":3670016,"angle":3892314112,"subsector":4566993496},"type":"player","health":71,"armor":69,"id":4567120880}}
{"counter":3244,"type":"move","frame":{"millis":22343,"tic":782},"actor":{"position":{"x":9984257,"y":34583654,"z":3670016,"angle":3892314112,"subsector":4566993496},"type":"player","health":71,"armor":69,"id":4567120880}}
{"counter":3245,"type":"move","frame":{"millis":22343,"tic":782},"actor":{"position":{"x":13458196,"y":37440748,"z":3670016,"angle":2684354560,"subsector":4566993496},"type":"imp","health":33,"id":4567132664}}
{"counter":3246,"type":"move","frame":{"millis":22343,"tic":782},"actor":{"position":{"x":-33374464,"y":39734784,"z":0,"angle":3758096384,"subsector":4566993352},"type":"soldier","health":20,"id":4567137944}}
{"counter":3247,"type":"move","frame":{"millis":22343,"tic":782},"actor":{"position":{"x":-13928064,"y":78939776,"z":0,"angle":0,"subsector":4566996760},"type":"shotgun_soldier","health":30,"id":4567155368}}
{"counter":3248,"type":"move","frame":{"millis":22343,"tic":782},"actor":{"position":{"x":-9523264,"y":2246816,"z":0,"angle":536870912,"subsector":4566993176},"type":"spectre","health":150,"id":4567162232}}
{"counter":3249,"type":"move","frame":{"millis":22343,"tic":782},"actor":{"position":{"x":14038653,"y":35464723,"z":5767168,"angle":2182166156,"subsector":4566993496},"type":"imp_fireball","health":1000,"id":4567591488}}
{"counter":3250,"type":"move","frame":{"millis":22373,"tic":783},"actor":{"position":{"x":9984257,"y":34583654,"z":3670016,"angle":3892314112,"subsector":4566993496},"type":"player","health":71,"armor":69,"id":4567120880}}
{"counter":3251,"type":"move","frame":{"millis":22373,"tic":783},"actor":{"position":{"x":10052863,"y":34525906,"z":3670016,"angle":3892314112,"subsector":4566993496},"type":"player","health":71,"armor":69,"id":4567120880}}
{"counter":3252,"type":"move","frame":{"millis":22373,"tic":783},"actor":{"position":{"x":7722712,"y":44643486,"z":3670016,"angle":2147483648,"subsector":4566993688},"type":"imp","health":48,"id":4567132400}}
{"counter":3253,"type":"move","frame":{"millis":22373,"tic":783},"actor":{"position":{"x":13494271,"y":37421799,"z":3670016,"angle":2684354560,"subsector":4566993496},"type":"imp","health":33,"id":4567132664}}
{"counter":3254,"type":"move","frame":{"millis":22373,"tic":783},"actor":{"position":{"x":25528736,"y":11077536,"z":0,"angle":2684354560,"subsector":4566993048},"type":"spectre","health":150,"id":4567137416}}
{"counter":3255,"type":"move","frame":{"millis":22373,"tic":783},"actor":{"position":{"x":55892224,"y":18032384,"z":0,"angle":3221225472,"subsector":4566994312},"type":"shotgun_soldier","health":30,"id":4567137680}}
{"counter":3256,"type":"move","frame":{"millis":22373,"tic":783},"actor":{"position":{"x":-33247296,"y":57364544,"z":0,"angle":2684354560,"subsector":4566993352},"type":"soldier","health":20,"id":4567138208}}
{"counter":3257,"type":"move","frame":{"millis":22373,"tic":783},"actor":{"position":{"x":-29566720,"y":62459136,"z":0,"angle":2684354560,"subsector":4566996712},"type":"shotgun_soldier","health":30,"id":4567155632}}
{"counter":3258,"type":"move","frame":{"millis":22373,"tic":783},"actor":{"position":{"x":-2086592,"y":26224960,"z":0,"angle":2147483648,"subsector":4566993432},"type":"shotgun_soldier","health":30,"id":4567156424}}
{"counter":3259,"type":"move","frame":{"millis":22373,"tic":783},"actor":{"position":{"x":56583504,"y":27380848,"z":0,"angle":1073741824,"subsector":4566994312},"type":"spectre","health":150,"id":4567166984}}
{"counter":3260,"type":"move","frame":{"millis":22373,"tic":783},"actor":{"position":{"x":13384153,"y":35431313,"z":5767168,"angle":2182166156,"subsector":4566993496},"type":"imp_fireball","health":1000,"id":4567591488}}
{"damage":15,"counter":3261,"type":"hit","frame":{"millis":22400,"tic":784},"actor":{"position":{"x":10052863,"y":34525906,"z":3670016,"angle":3892314112,"subsector":4566993496},"type":"player","health":71,"armor":69,"id":4567120880},"target":{"position":{"x":19220518,"y":26883661,"z":3670016,"angle":0,"subsector":4566993560},"type":"barrel","health":-10,"id":4567142432}}
{"counter":3262,"type":"killed","frame":{"millis":22400,"tic":784},"actor":{"position":{"x":10052863,"y":34525906,"z":3670016,"angle":3892314112,"subsector":4566993496},"type":"player","health":71,"armor":69,"id":4567120880},"target":{"position":{"x":19220518,"y":26883661,"z":3670016,"angle":0,"subsector":4566993560},"type":"barrel","health":-10,"id":4567142432}}
{"counter":3263,"type":"move","frame":{"millis":22400,"tic":784},"actor":{"position":{"x":10115037,"y":34473571,"z":3670016,"angle":3892314112,"subsector":4566993496},"type":"player","health":71,"armor":69,"id":4567120880}}
{"counter":3264,"type":"move","frame":{"millis":22400,"tic":784},"actor":{"position":{"x":18849903,"y":34996708,"z":3670016,"angle":2684354560,"subsector":4566993528},"type":"imp","health":45,"id":4567132136}}
{"counter":3265,"type":"move","frame":{"millis":22401,"tic":784},"actor":{"position":{"x":13526963,"y":37404626,"z":3670016,"angle":2684354560,"subsector":4566993496},"type":"imp","health":33,"id":4567132664}}
{"counter":3266,"type":"move","frame":{"millis":22401,"tic":784},"actor":{"position":{"x":13150963,"y":37028626,"z":3670016,"angle":2684354560,"subsector":4566993496},"type":"imp","health":33,"id":4567132664}}
{"counter":3267,"type":"move","frame":{"millis":22401,"tic":784},"actor":{"position":{"x":2097152,"y":25255808,"z":0,"angle":2684354560,"subsector":4566993432},"type":"imp","health":60,"id":4567132928}}
{"counter":3268,"type":"move","frame":{"millis":22401,"tic":784},"actor":{"position":{"x":-29439552,"y":74576064,"z":0,"angle":2684354560,"subsector":4566996712},"type":"soldier","health":20,"id":4567138736}}
{"counter":3269,"type":"move","frame":{"millis":22401,"tic":784},"actor":{"position":{"x":-27924992,"y":30609792,"z":0,"angle":3758096384,"subsector":4566993400},"type":"soldier","health":20,"id":4567139528}}
{"counter":3270,"type":"move","frame":{"millis":22401,"tic":784},"actor":{"position":{"x":2245440,"y":29508416,"z":0,"angle":1073741824,"subsector":4566993432},"type":"shotgun_soldier","health":30,"id":4567139792}}
{"counter":3271,"type":"move","frame":{"millis":22401,"tic":784},"actor":{"position":{"x":19220518,"y":26883661,"z":3670016,"angle":0,"subsector":4566993560},"type":"barrel","health":-10,"id":4567142432}}
{"counter":3272,"type":"move","frame":{"millis":22401,"tic":784},"actor":{"position":{"x":-9053264,"y":2716816,"z":0,"angle":536870912,"subsector":4566993176},"type":"spectre","health":150,"id":4567162232}}
{"counter":3273,"type":"move","frame":{"millis":22401,"tic":784},"actor":{"position":{"x":9892608,"y":30265472,"z":3670016,"angle":1610612736,"subsector":4566993496},"type":"imp","health":60,"id":4567172000}}
{"counter":3274,"type":"move","frame":{"millis":22401,"tic":784},"actor":{"position":{"x":2648064,"y":18260096,"z":0,"angle":0,"subsector":4566993176},"type":"imp","health":60,"id":4567172264}}
{"counter":3275,"type":"move","frame":{"millis":22401,"tic":784},"actor":{"position":{"x":-4379776,"y":15839744,"z":0,"angle":1073741824,"subsector":4566993176},"type":"shotgun_soldier","health":30,"id":4567172528}}
{"counter":3276,"type":"move","frame":{"millis":22401,"tic":784},"actor":{"position":{"x":13384153,"y":35431313,"z":5767168,"angle":2182166156,"subsector":4566993496},"type":"imp_fireball","health":1000,"id":4567591488}}
{"counter":3277,"type":"move","frame":{"millis":22430,"tic":785},"actor":{"position":{"x":10115037,"y":34473571,"z":3670016,"angle":3892314112,"subsector":4566993496},"type":"player","health":71,"armor":69,"id":4567120880}}
{"counter":3278,"type":"move","frame":{"millis":22430,"tic":785},"actor":{"position":{"x":10176491,"y":34422730,"z":3670016,"angle":3892314112,"subsector":4566993496},"type":"player","health":71,"armor":69,"id":4567120880}}
{"counter":3279,"type":"move","frame":{"millis":22430,"tic":785},"actor":{"position":{"x":21156992,"y":40804480,"z":3670016,"angle":2684354560,"subsector":4566993528},"type":"soldier","health":20,"id":4567131608}}
{"counter":3280,"type":"move","frame":{"millis":22430,"tic":785},"actor":{"position":{"x":13180590,"y":37013062,"z":3670016,"angle":2684354560,"subsector":4566993496},"type":"imp","health":33,"id":4567132664}}
{"counter":3281,"type":"move","frame":{"millis":22430,"tic":785},"actor":{"position":{"x":25058736,"y":10607536,"z":0,"angle":2684354560,"subsector":4566993048},"type":"spectre","health":150,"id":4567137416}}
{"counter":3282,"type":"move","frame":{"millis":22430,"tic":785},"actor":{"position":{"x":-13403776,"y":78939776,"z":0,"angle":0,"subsector":4566996760},"type":"shotgun_soldier","health":30,"id":4567155368}}
{"counter":3283,"type":"move","frame":{"millis":22430,"tic":785},"actor":{"position":{"x":57238864,"y":27380848,"z":0,"angle":1073741824,"subsector":4566994312},"type":"spectre","health":150,"id":4567166984}}
{"counter":3284,"type":"move","frame":{"millis":22458,"tic":786},"actor":{"position":{"x":10176491,"y":34422730,"z":3670016,"angle":3875536896,"subsector":4566993496},"type":"player","health":71,"armor":69,"id":4567120880}}
{"counter":3285,"type":"move","frame":{"millis":22458,"tic":786},"actor":{"position":{"x":10275728,"y":34346011,"z":3670016,"angle":3875536896,"subsector":4566993496},"type":"player","health":71,"armor":69,"id":4567120880}}
{"counter":3286,"type":"move","frame":{"millis":22458,"tic":786},"actor":{"position":{"x":7346712,"y":44267486,"z":3670016,"angle":2684354560,"subsector":4566993688},"type":"imp","health":48,"id":4567132400}}
{"counter":3287,"type":"move","frame":{"millis":22458,"tic":786},"actor":{"position":{"x":13207439,"y":36998957,"z":3670016,"angle":2684354560,"subsector":4566993496},"type":"imp","health":33,"id":4567132664}}
{"counter":3288,"type":"move","frame":{"millis":22458,"tic":786},"actor":{"position":{"x":55892224,"y":17508096,"z":0,"angle":3221225472,"subsector":4566994312},"type":"shotgun_soldier","health":30,"id":4567137680}}
{"counter":3289,"type":"move","frame":{"millis":22458,"tic":786},"actor":{"position":{"x":-32998464,"y":39358784,"z":0,"angle":3758096384,"subsector":4566993352},"type":"soldier","health":20,"id":4567137944}}
{"counter":3290,"type":"move","frame":{"millis":22458,"tic":786},"actor":{"position":{"x":-29942720,"y":62835136,"z":0,"angle":2147483648,"subsector":4566996712},"type":"shotgun_soldier","health":30,"id":4567155632}}
{"counter":3291,"type":"move","frame":{"millis":22458,"tic":786},"actor":{"position":{"x":-2610880,"y":26224960,"z":0,"angle":2147483648,"subsector":4566993432},"type":"shotgun_soldier","health":30,"id":4567156424}}
{"counter":3292,"type":"move","frame":{"millis":22458,"tic":786},"actor":{"position":{"x":-8583264,"y":3186816,"z":0,"angle":536870912,"subsector":4566993176},"type":"spectre","health":150,"id":4567162232}}
{"counter":3293,"type":"move","frame":{"millis":22486,"tic":787},"actor":{"position":{"x":10275728,"y":34346011,"z":3670016,"angle":3875536896,"subsector":4566993496},"type":"player","health":71,"armor":69,"id":4567120880}}
{"counter":3294,"type":"move","frame":{"millis":22487,"tic":787},"actor":{"position":{"x":10392458,"y":34257626,"z":3670016,"angle":3875536896,"subsector":4566993496},"type":"player","health":71,"armor":69,"id":4567120880}}
{"counter":3295,"type":"move","frame":{"millis":22487,"tic":787},"actor":{"position":{"x":18473903,"y":34620708,"z":3670016,"angle":2684354560,"subsector":4566993528},"type":"imp","health":45,"id":4567132136}}
{"counter":3296,"type":"move","frame":{"millis":22487,"tic":787},"actor":{"position":{"x":13231770,"y":36986174,"z":3670016,"angle":2684354560,"subsector":4566993496},"type":"imp","health":33,"id":4567132664}}
{"counter":3297,"type":"counter_attacked","frame":{"millis":22487,"tic":787},"actor":{"position":{"x":13231770,"y":36986174,"z":3670016,"angle":2684354560,"subsector":4566993496},"type":"imp","health":33,"id":4567132664},"target":{"position":{"x":21156992,"y":40804480,"z":3670016,"angle":2684354560,"subsector":4566993528},"type":"soldier","health":20,"id":4567131608}}
{"counter":3298,"type":"move","frame":{"millis":22487,"tic":787},"actor":{"position":{"x":1721152,"y":25631808,"z":0,"angle":2147483648,"subsector":4566993432},"type":"imp","health":60,"id":4567132928}}
{"counter":3299,"type":"move","frame":{"millis":22487,"tic":787},"actor":{"position":{"x":24588736,"y":10137536,"z":0,"angle":2684354560,"subsector":4566993048},"type":"spectre","health":150,"id":4567137416}}
{"counter":3300,"type":"move","frame":{"millis":22487,"tic":787},"actor":{"position":{"x":-33771584,"y":57364544,"z":0,"angle":2147483648,"subsector":4566993352},"type":"soldier","health":20,"id":4567138208}}
{"counter":3301,"type":"move","frame":{"millis":22487,"tic":787},"actor":{"position":{"x":1869440,"y":29132416,"z":0,"angle":1610612736,"subsector":4566993432},"type":"shotgun_soldier","health":30,"id":4567139792}}
{"counter":3302,"type":"move","frame":{"millis":22487,"tic":787},"actor":{"position":{"x":57894224,"y":27380848,"z":0,"angle":536870912,"subsector":4566994312},"type":"spectre","health":150,"id":4567166984}}
{"counter":3303,"type":"move","frame":{"millis":22487,"tic":787},"actor":{"position":{"x":9516608,"y":30641472,"z":3670016,"angle":1610612736,"subsector":4566993496},"type":"imp","health":60,"id":4567172000}}
{"counter":3304,"type":"move","frame":{"millis":22487,"tic":787},"actor":{"position":{"x":2648064,"y":17735808,"z":0,"angle":0,"subsector":4566993176},"type":"imp","health":60,"id":4567172264}}
{"counter":3305,"type":"move","frame":{"millis":22487,"tic":787},"actor":{"position":{"x":-4379776,"y":16364032,"z":0,"angle":1073741824,"subsector":4566993176},"type":"shotgun_soldier","health":30,"id":4567172528}}
{"counter":3306,"type":"move","frame":{"millis":22515,"tic":788},"actor":{"position":{"x":10392458,"y":34257626,"z":3670016,"angle":3875536896,"subsector":4566993496},"type":"player","health":71,"armor":69,"id":4567120880}}
{"counter":3307,"type":"move","frame":{"millis":22515,"tic":788},"actor":{"position":{"x":10504943,"y":34172812,"z":3670016,"angle":3875536896,"subsector":4566993496},"type":"player","health":71,"armor":69,"id":4567120880}}
{"counter":3308,"type":"move","frame":{"millis":22515,"tic":788},"actor":{"position":{"x":13253819,"y":36974589,"z":3670016,"angle":306711616,"subsector":4566993496},"type":"imp","health":33,"id":4567132664}}
{"counter":3309,"type":"move","frame":{"millis":22515,"tic":788},"actor":{"position":{"x":-29063552,"y":74200064,"z":0,"angle":3221225472,"subsector":4566996712},"type":"soldier","health":20,"id":4567138736}}
{"counter":3310,"type":"move","frame":{"millis":22515,"tic":788},"actor":{"position":{"x":-27548992,"y":30985792,"z":0,"angle":0,"subsector":4566993400},"type":"soldier","health":20,"id":4567139528}}
{"counter":3311,"type":"move","frame":{"millis":22521,"tic":788},"actor":{"position":{"x":-12879488,"y":78939776,"z":0,"angle":0,"subsector":4566996760},"type":"shotgun_soldier","health":30,"id":4567155368}}
{"counter":3312,"type":"move","frame":{"millis":22521,"tic":788},"actor":{"position":{"x":-8113264,"y":3656816,"z":0,"angle":536870912,"subsector":4566993176},"type":"spectre","health":150,"id":4567162232}}
{"counter":3313,"type":"move","frame":{"millis":22543,"tic":789},"actor":{"position":{"x":10504943,"y":34172812,"z":3670016,"angle":3875536896,"subsector":4566993496},"type":"player","health":71,"armor":69,"id":4567120880}}
{"counter":3314,"type":"move","frame":{"millis":22543,"tic":789},"actor":{"position":{"x":10523139,"y":34154878,"z":3670016,"angle":3875536896,"subsector":4566993496},"type":"player","health":71,"armor":69,"id":4567120880}}
{"counter":3315,"type":"move","frame":{"millis":22543,"tic":789},"actor":{"position":{"x":20780992,"y":40428480,"z":3670016,"angle":2684354560,"subsector":4566993528},"type":"soldier","health":20,"id":4567131608}}
{"counter":3316,"type":"move","frame":{"millis":22543,"tic":789},"actor":{"position":{"x":6970712,"y":43891486,"z":3670016,"angle":2684354560,"subsector":4566993496},"type":"imp","health":48,"id":4567132400}}
{"counter":3317,"type":"move","frame":{"millis":22543,"tic":789},"actor":{"position":{"x":13273800,"y":36964090,"z":3670016,"angle":306711616,"subsector":4566993496},"type":"imp","health":33,"id":4567132664}}
{"counter":3318,"type":"move","frame":{"millis":22543,"tic":789},"actor":{"position":{"x":24118736,"y":9667536,"z":0,"angle":2684354560,"subsector":4566993048},"type":"spectre","health":150,"id":4567137416}}
{"counter":3319,"type":"move","frame":{"millis":22543,"tic":789},"actor":{"position":{"x":55892224,"y":16983808,"z":0,"angle":3221225472,"subsector":4566994312},"type":"shotgun_soldier","health":30,"id":4567137680}}
{"counter":3320,"type":"move","frame":{"millis":22544,"tic":789},"actor":{"position":{"x":-30318720,"y":63211136,"z":0,"angle":1610612736,"subsector":4566996712},"type":"shotgun_soldier","health":30,"id":4567155632}}
{"counter":3321,"type":"move","frame":{"millis":22544,"tic":789},"actor":{"position":{"x":-3135168,"y":26224960,"z":0,"angle":2147483648,"subsector":4566993432},"type":"shotgun_soldier","health":30,"id":4567156424}}
{"counter":3322,"type":"move","frame":{"millis":22544,"tic":789},"actor":{"position":{"x":58549584,"y":27380848,"z":0,"angle":0,"subsector":4566994312},"type":"spectre","health":150,"id":4567166984}}
{"counter":3323,"type":"move","frame":{"millis":22573,"tic":790},"actor":{"position":{"x":10539629,"y":34138625,"z":3670016,"angle":3875536896,"subsector":4566993496},"type":"player","health":71,"armor":69,"id":4567120880}}
{"counter":3324,"type":"move","frame":{"millis":22573,"tic":790},"actor":{"position":{"x":18097903,"y":34244708,"z":3670016,"angle":2684354560,"subsector":4566993528},"type":"imp","health":45,"id":4567132136}}
{"counter":3325,"type":"move","frame":{"millis":22573,"tic":790},"actor":{"position":{"x":13291907,"y":36954575,"z":3670016,"angle":306711616,"subsector":4566993496},"type":"imp","health":33,"id":4567132664}}
{"counter":3326,"type":"move","frame":{"millis":22573,"tic":790},"actor":{"position":{"x":1345152,"y":26007808,"z":0,"angle":1610612736,"subsector":4566993432},"type":"imp","health":60,"id":4567132928}}
{"counter":3327,"type":"move","frame":{"millis":22573,"tic":790},"actor":{"position":{"x":-32622464,"y":38982784,"z":0,"angle":3758096384,"subsector":4566993352},"type":"soldier","health":20,"id":4567137944}}
{"counter":3328,"type":"move","frame":{"millis":22573,"tic":790},"actor":{"position":{"x":1493440,"y":28756416,"z":0,"angle":2147483648,"subsector":4566993432},"type":"shotgun_soldier","health":30,"id":4567139792}}
{"counter":3329,"type":"move","frame":{"millis":22573,"tic":790},"actor":{"position":{"x":-7643264,"y":4126816,"z":0,"angle":536870912,"subsector":4566993176},"type":"spectre","health":150,"id":4567162232}}
{"counter":3330,"type":"move","frame":{"millis":22573,"tic":790},"actor":{"position":{"x":9140608,"y":31017472,"z":3670016,"angle":1610612736,"subsector":4566993496},"type":"imp","health":60,"id":4567172000}}
{"counter":3331,"type":"move","frame":{"millis":22573,"tic":790},"actor":{"position":{"x":2648064,"y":17211520,"z":0,"angle":3758096384,"subsector":4566993176},"type":"imp","health":60,"id":4567172264}}
{"counter":3332,"type":"move","frame":{"millis":22573,"tic":790},"actor":{"position":{"x":-4379776,"y":16888320,"z":0,"angle":1073741824,"subsector":4566993176},"type":"shotgun_soldier","health":30,"id":4567172528}}
{"counter":3333,"type":"move","frame":{"millis":22600,"tic":791},"actor":{"position":{"x":10554573,"y":34123895,"z":3670016,"angle":3875536896,"subsector":4566993496},"type":"player","health":71,"armor":69,"id":4567120880}}
{"counter":3334,"type":"move","frame":{"millis":22600,"tic":791},"actor":{"position":{"x":13308316,"y":36945952,"z":3670016,"angle":306711616,"subsector":4566993496},"type":"imp","health":33,"id":4567132664}}
{"counter":3335,"type":"move","frame":{"millis":22600,"tic":791},"actor":{"position":{"x":23648736,"y":9197536,"z":0,"angle":2684354560,"subsector":4566993048},"type":"spectre","health":150,"id":4567137416}}
{"counter":3336,"type":"move","frame":{"millis":22600,"tic":791},"actor":{"position":{"x":-34295872,"y":57364544,"z":0,"angle":2147483648,"subsector":4566993352},"type":"soldier","health":20,"id":4567138208}}
{"counter":3337,"type":"move","frame":{"millis":22600,"tic":791},"actor":{"position":{"x":-12355200,"y":78939776,"z":0,"angle":0,"subsector":4566996760},"type":"shotgun_soldier","health":30,"id":4567155368}}
{"counter":3338,"type":"move","frame":{"millis":22600,"tic":791},"actor":{"position":{"x":59204944,"y":27380848,"z":0,"angle":0,"subsector":4566994312},"type":"spectre","health":150,"id":4567166984}}
{"counter":3339,"type":"move","frame":{"millis":22629,"tic":792},"actor":{"position":{"x":10568116,"y":34110545,"z":3670016,"angle":3875536896,"subsector":4566993496},"type":"player","health":71,"armor":69,"id":4567120880}}
{"counter":3340,"type":"move","frame":{"millis":22629,"tic":792},"actor":{"position":{"x":6594712,"y":43515486,"z":3670016,"angle":2684354560,"subsector":4566993496},"type":"imp","health":48,"id":4567132400}}
{"counter":3341,"type":"move","frame":{"millis":22629,"tic":792},"actor":{"position":{"x":13323186,"y":36938137,"z":3670016,"angle":306711616,"subsector":4566993496},"type":"imp","health":33,"id":4567132664}}
{"counter":3342,"type":"move","frame":{"millis":22629,"tic":792},"actor":{"position":{"x":55892224,"y":16459520,"z":0,"angle":3221225472,"subsector":4566994312},"type":"shotgun_soldier","health":30,"id":4567137680}}
{"counter":3343,"type":"move","frame":{"millis":22629,"tic":792},"actor":{"position":{"x":-28687552,"y":73824064,"z":0,"angle":3758096384,"subsector":4566996712},"type":"soldier","health":20,"id":4567138736}}
{"counter":3344,"type":"move","frame":{"millis":22629,"tic":792},"actor":{"position":{"x":-27172992,"y":31361792,"z":0,"angle":536870912,"subsector":4566993400},"type":"soldier","health":20,"id":4567139528}}
{"counter":3345,"type":"move","frame":{"millis":22629,"tic":792},"actor":{"position":{"x":-30694720,"y":63587136,"z":0,"angle":1610612736,"subsector":4566996712},"type":"shotgun_soldier","health":30,"id":4567155632}}
{"counter":3346,"type":"move","frame":{"millis":22629,"tic":792},"actor":{"position":{"x":-3659456,"y":26224960,"z":0,"angle":2147483648,"subsector":4566993432},"type":"shotgun_soldier","health":30,"id":4567156424}}
{"counter":3347,"type":"move","frame":{"millis":22629,"tic":792},"actor":{"position":{"x":-7173264,"y":4596816,"z":0,"angle":536870912,"subsector":4566993176},"type":"spectre","health":150,"id":4567162232}}
{"counter":3348,"type":"move","frame":{"millis":22658,"tic":793},"actor":{"position":{"x":10568116,"y":34110545,"z":3670016,"angle":3875536896,"subsector":4566993496},"type":"player","health":71,"armor":69,"id":4567120880}}
{"counter":3349,"type":"move","frame":{"millis":22658,"tic":793},"actor":{"position":{"x":10563640,"y":34110231,"z":3670016,"angle":3875536896,"subsector":4566993496},"type":"player","health":71,"armor":69,"id":4567120880}}
{"counter":3350,"type":"move","frame":{"millis":22658,"tic":793},"actor":{"position":{"x":20404992,"y":40052480,"z":3670016,"angle":2684354560,"subsector":4566993528},"type":"soldier","health":20,"id":4567131608}}
{"counter":3351,"type":"move","frame":{"millis":22658,"tic":793},"actor":{"position":{"x":17721903,"y":33868708,"z":3670016,"angle":2684354560,"subsector":4566993528},"type":"imp","health":45,"id":4567132136}}
{"counter":3352,"type":"move","frame":{"millis":22658,"tic":793},"actor":{"position":{"x":13336661,"y":36931054,"z":3670016,"angle":306711616,"subsector":4566993496},"type":"imp","health":33,"id":4567132664}}
{"counter":3353,"type":"move","frame":{"millis":22658,"tic":793},"actor":{"position":{"x":1869440,"y":26007808,"z":0,"angle":1610612736,"subsector":4566993432},"type":"imp","health":60,"id":4567132928}}
{"counter":3354,"type":"move","frame":{"millis":22658,"tic":793},"actor":{"position":{"x":23178736,"y":8727536,"z":0,"angle":2684354560,"subsector":4566993048},"type":"spectre","health":150,"id":4567137416}}
{"counter":3355,"type":"move","frame":{"millis":22658,"tic":793},"actor":{"position":{"x":2017728,"y":28756416,"z":0,"angle":2684354560,"subsector":4566993432},"type":"shotgun_soldier","health":30,"id":4567139792}}
{"counter":3356,"type":"move","frame":{"millis":22658,"tic":793},"actor":{"position":{"x":59860304,"y":27380848,"z":0,"angle":0,"subsector":4566994312},"type":"spectre","health":150,"id":4567166984}}
{"counter":3357,"type":"move","frame":{"millis":22658,"tic":793},"actor":{"position":{"x":2648064,"y":16687232,"z":0,"angle":3221225472,"subsector":4566993176},"type":"imp","health":60,"id":4567172264}}
{"counter":3358,"type":"move","frame":{"millis":22658,"tic":793},"actor":{"position":{"x":-4379776,"y":17412608,"z":0,"angle":1073741824,"subsector":4566993176},"type":"shotgun_soldier","health":30,"id":4567172528}}
{"counter":3359,"type":"move","frame":{"millis":22686,"tic":794},"actor":{"position":{"x":10563640,"y":34110231,"z":3670016,"angle":3875536896,"subsector":4566993496},"type":"player","health":71,"armor":69,"id":4567120880}}
{"weapon_type":1,"counter":3360,"type":"attacked","frame":{"millis":22686,"tic":794},"actor":{"position":{"x":10563640,"y":34110231,"z":3670016,"angle":3875536896,"subsector":4566993496},"type":"player","health":71,"armor":69,"id":4567120880}}
{"counter":3361,"type":"move","frame":{"millis":22686,"tic":794},"actor":{"position":{"x":10557908,"y":34111124,"z":3670016,"angle":3875536896,"subsector":4566993496},"type":"player","health":71,"armor":69,"id":4567120880}}
{"counter":3362,"type":"move","frame":{"millis":22686,"tic":794},"actor":{"position":{"x":13348872,"y":36924635,"z":3670016,"angle":306711616,"subsector":4566993496},"type":"imp","health":33,"id":4567132664}}
{"counter":3363,"type":"move","frame":{"millis":22686,"tic":794},"actor":{"position":{"x":-32246464,"y":38606784,"z":0,"angle":3758096384,"subsector":4566993352},"type":"soldier","health":20,"id":4567137944}}
{"counter":3364,"type":"move","frame":{"millis":22686,"tic":794},"actor":{"position":{"x":-11830912,"y":78939776,"z":0,"angle":0,"subsector":4566996760},"type":"shotgun_soldier","health":30,"id":4567155368}}
{"counter":3365,"type":"move","frame":{"millis":22686,"tic":794},"actor":{"position":{"x":-6703264,"y":5066816,"z":0,"angle":536870912,"subsector":4566993176},"type":"spectre","health":150,"id":4567162232}}
{"counter":3366,"type":"move","frame":{"millis":22715,"tic":795},"actor":{"position":{"x":10557908,"y":34111124,"z":3670016,"angle":3875536896,"subsector":4566993496},"type":"player","health":71,"armor":69,"id":4567120880}}
{"counter":3367,"type":"move","frame":{"millis":22715,"tic":795},"actor":{"position":{"x":10554387,"y":34110754,"z":3670016,"angle":3875536896,"subsector":4566993496},"type":"player","health":71,"armor":69,"id":4567120880}}
{"counter":3368,"type":"move","frame":{"millis":22715,"tic":795},"actor":{"position":{"x":7119000,"y":43515486,"z":3670016,"angle":2684354560,"subsector":4566993496},"type":"imp","health":48,"id":4567132400}}
{"counter":3369,"type":"move","frame":{"millis":22715,"tic":795},"actor":{"position":{"x":13359938,"y":36918817,"z":3670016,"angle":306711616,"subsector":4566993496},"type":"imp","health":33,"id":4567132664}}
{"counter":3370,"type":"move","frame":{"millis":22715,"tic":795},"actor":{"position":{"x":22708736,"y":8257536,"z":0,"angle":2684354560,"subsector":4566993048},"type":"spectre","health":150,"id":4567137416}}
{"counter":3371,"type":"enter_subsector","frame":{"millis":22715,"tic":795},"actor":{"position":{"x":55892224,"y":15935232,"z":0,"angle":3221225472,"subsector":4566994456},"type":"shotgun_soldier","health":30,"id":4567137680}}
{"counter":3372,"type":"move","frame":{"millis":22715,"tic":795},"actor":{"position":{"x":55892224,"y":15935232,"z":0,"angle":3221225472,"subsector":4566994456},"type":"shotgun_soldier","health":30,"id":4567137680}}
{"counter":3373,"type":"move","frame":{"millis":22715,"tic":795},"actor":{"position":{"x":-34820160,"y":57364544,"z":0,"angle":2147483648,"subsector":4566993352},"type":"soldier","health":20,"id":4567138208}}
{"counter":3374,"type":"move","frame":{"millis":22715,"tic":795},"actor":{"position":{"x":-31070720,"y":63963136,"z":0,"angle":1610612736,"subsector":4566996712},"type":"shotgun_soldier","health":30,"id":4567155632}}
{"counter":3375,"type":"move","frame":{"millis":22715,"tic":795},"actor":{"position":{"x":-4183744,"y":26224960,"z":0,"angle":2147483648,"subsector":4566993432},"type":"shotgun_soldier","health":30,"id":4567156424}}
{"counter":3376,"type":"move","frame":{"millis":22715,"tic":795},"actor":{"position":{"x":59860304,"y":26725488,"z":0,"angle":0,"subsector":4566994312},"type":"spectre","health":150,"id":4567166984}}
{"counter":3377,"type":"move","frame":{"millis":22743,"tic":796},"actor":{"position":{"x":10554387,"y":34110754,"z":3670016,"angle":3875536896,"subsector":4566993496},"type":"player","health":71,"armor":69,"id":4567120880}}
{"counter":3378,"type":"move","frame":{"millis":22743,"tic":796},"actor":{"position":{"x":10557895,"y":34105703,"z":3670016,"angle":3875536896,"subsector":4566993496},"type":"player","health":71,"armor":69,"id":4567120880}}
{"counter":3379,"type":"move","frame":{"millis":22743,"tic":796},"actor":{"position":{"x":17345903,"y":33492708,"z":3670016,"angle":2684354560,"subsector":4566993528},"type":"imp","health":45,"id":4567132136}}
{"counter":3380,"type":"move","frame":{"millis":22743,"tic":796},"actor":{"position":{"x":13369966,"y":36913544,"z":3670016,"angle":285821696,"subsector":4566993496},"type":"imp","health":33,"id":4567132664}}
{"counter":3381,"type":"move","frame":{"millis":22743,"tic":796},"actor":{"position":{"x":2393728,"y":26007808,"z":0,"angle":1073741824,"subsector":4566993432},"type":"imp","health":60,"id":4567132928}}
{"counter":3382,"type":"move","frame":{"millis":22743,"tic":796},"actor":{"position":{"x":-28687552,"y":73299776,"z":0,"angle":3758096384,"subsector":4566996712},"type":"soldier","health":20,"id":4567138736}}
{"counter":3383,"type":"move","frame":{"millis":22743,"tic":796},"actor":{"position":{"x":-27172992,"y":31886080,"z":0,"angle":536870912,"subsector":4566993400},"type":"soldier","health":20,"id":4567139528}}
{"counter":3384,"type":"move","frame":{"millis":22743,"tic":796},"actor":{"position":{"x":2542016,"y":28756416,"z":0,"angle":3221225472,"subsector":4566993432},"type":"shotgun_soldier","health":30,"id":4567139792}}
{"counter":3385,"type":"move","frame":{"millis":22743,"tic":796},"actor":{"position":{"x":-6233264,"y":5536816,"z":0,"angle":536870912,"subsector":4566993176},"type":"spectre","health":150,"id":4567162232}}
{"counter":3386,"type":"move","frame":{"millis":22743,"tic":796},"actor":{"position":{"x":2648064,"y":16162944,"z":0,"angle":3221225472,"subsector":4566993176},"type":"imp","health":60,"id":4567172264}}
{"counter":3387,"type":"move","frame":{"millis":22743,"tic":796},"actor":{"position":{"x":-4379776,"y":17936896,"z":0,"angle":1073741824,"subsector":4566993176},"type":"shotgun_soldier","health":30,"id":4567172528}}
{"counter":3388,"type":"move","frame":{"millis":22772,"tic":797},"actor":{"position":{"x":10557895,"y":34105703,"z":3670016,"angle":3875536896,"subsector":4566993496},"type":"player","health":71,"armor":69,"id":4567120880}}
{"counter":3389,"type":"move","frame":{"millis":22772,"tic":797},"actor":{"position":{"x":10587871,"y":34082267,"z":3670016,"angle":3875536896,"subsector":4566993496},"type":"player","health":71,"armor":69,"id":4567120880}}
{"counter":3390,"type":"move","frame":{"millis":22772,"tic":797},"actor":{"position":{"x":20028992,"y":39676480,"z":3670016,"angle":2684354560,"subsector":4566993528},"type":"soldier","health":20,"id":4567131608}}
{"counter":3391,"type":"move","frame":{"millis":22772,"tic":797},"actor":{"position":{"x":13379053,"y":36908765,"z":3670016,"angle":285821696,"subsector":4566993496},"type":"imp","health":33,"id":4567132664}}
{"counter":3392,"type":"move","frame":{"millis":22772,"tic":797},"actor":{"position":{"x":22238736,"y":7787536,"z":0,"angle":2684354560,"subsector":4566993048},"type":"spectre","health":150,"id":4567137416}}
{"counter":3393,"type":"move","frame":{"millis":22772,"tic":797},"actor":{"position":{"x":-11306624,"y":78939776,"z":0,"angle":0,"subsector":4566996760},"type":"shotgun_soldier","health":30,"id":4567155368}}
{"counter":3394,"type":"move","frame":{"millis":22772,"tic":797},"actor":{"position":{"x":59860304,"y":26070128,"z":0,"angle":3758096384,"subsector":4566994312},"type":"spectre","health":150,"id":4567166984}}
{"counter":3395,"type":"move","frame":{"millis":22800,"tic":798},"actor":{"position":{"x":10587871,"y":34082267,"z":3670016,"angle":3875536896,"subsector":4566993496},"type":"player","health":71,"armor":69,"id":4567120880}}
{"counter":3396,"type":"move","frame":{"millis":22800,"tic":798},"actor":{"position":{"x":10661931,"y":34028027,"z":3670016,"angle":3875536896,"subsector":4566993496},"type":"player","health":71,"armor":69,"id":4567120880}}
{"counter":3397,"type":"move","frame":{"millis":22801,"tic":798},"actor":{"position":{"x":7643288,"y":43515486,"z":3670016,"angle":3221225472,"subsector":4566993496},"type":"imp","health":48,"id":4567132400}}
{"counter":3398,"type":"move","frame":{"millis":22801,"tic":798},"actor":{"position":{"x":13387288,"y":36904434,"z":3670016,"angle":285821696,"subsector":4566993496},"type":"imp","health":33,"id":4567132664}}
{"counter":3399,"type":"move","frame":{"millis":22801,"tic":798},"actor":{"position":{"x":55892224,"y":15410944,"z":0,"angle":3221225472,"subsector":4566994456},"type":"shotgun_soldier","health":30,"id":4567137680}}
{"counter":3400,"type":"move","frame":{"millis":22801,"tic":798},"actor":{"position":{"x":-31870464,"y":38230784,"z":0,"angle":3758096384,"subsector":4566993352},"type":"soldier","health":20,"id":4567137944}}
{"damage":10,"counter":3401,"type":"hit","frame":{"millis":22801,"tic":798},"actor":{"position":{"x":10661931,"y":34028027,"z":3670016,"angle":3875536896,"subsector":4566993496},"type":"player","health":61,"armor":65,"id":4567120880},"target":{"position":{"x":10661931,"y":34028027,"z":3670016,"angle":3875536896,"subsector":4566993496},"type":"player","health":61,"armor":65,"id":4567120880}}
{"damage":48,"counter":3402,"type":"hit","frame":{"millis":22801,"tic":798},"actor":{"position":{"x":10661931,"y":34028027,"z":3670016,"angle":3875536896,"subsector":4566993496},"type":"player","health":61,"armor":65,"id":4567120880},"target":{"position":{"x":17345903,"y":33492708,"z":3670016,"angle":2684354560,"subsector":4566993528},"type":"imp","health":-3,"id":4567132136}}
{"counter":3403,"type":"killed","frame":{"millis":22801,"tic":798},"actor":{"position":{"x":10661931,"y":34028027,"z":3670016,"angle":3875536896,"subsector":4566993496},"type":"player","health":61,"armor":65,"id":4567120880},"target":{"position":{"x":17345903,"y":33492708,"z":3670016,"angle":2684354560,"subsector":4566993528},"type":"imp","health":-3,"id":4567132136}}
{"damage":79,"counter":3404,"type":"hit","frame":{"millis":22801,"tic":798},"actor":{"position":{"x":10661931,"y":34028027,"z":3670016,"angle":3875536896,"subsector":4566993496},"type":"player","health":61,"armor":65,"id":4567120880},"target":{"position":{"x":23108797,"y":26875299,"z":3670016,"angle":0,"subsector":4566993560},"type":"barrel","health":-69,"id":4567142696}}
{"counter":3405,"type":"killed","frame":{"millis":22801,"tic":798},"actor":{"position":{"x":10661931,"y":34028027,"z":3670016,"angle":3875536896,"subsector":4566993496},"type":"player","health":61,"armor":65,"id":4567120880},"target":{"position":{"x":23108797,"y":26875299,"z":3670016,"angle":0,"subsector":4566993560},"type":"barrel","health":-69,"id":4567142696}}
{"counter":3406,"type":"move","frame":{"millis":22801,"tic":798},"actor":{"position":{"x":23755955,"y":26874064,"z":3670016,"angle":0,"subsector":4566993560},"type":"barrel","health":-69,"id":4567142696}}
{"counter":3407,"type":"move","frame":{"millis":22801,"tic":798},"actor":{"position":{"x":-31446720,"y":64339136,"z":0,"angle":1610612736,"subsector":4566996712},"type":"shotgun_soldier","health":30,"id":4567155632}}
{"counter":3408,"type":"move","frame":{"millis":22801,"tic":798},"actor":{"position":{"x":-28597568,"y":43574208,"z":0,"angle":3221225472,"subsector":4566993352},"type":"shotgun_soldier","health":30,"id":4567156160}}
{"counter":3409,"type":"move","frame":{"millis":22801,"tic":798},"actor":{"position":{"x":-4708032,"y":26224960,"z":0,"angle":2147483648,"subsector":4566993432},"type":"shotgun_soldier","health":30,"id":4567156424}}
{"counter":3410,"type":"move","frame":{"millis":22801,"tic":798},"actor":{"position":{"x":-5763264,"y":6006816,"z":0,"angle":536870912,"subsector":4566993176},"type":"spectre","health":150,"id":4567162232}}
{"counter":3411,"type":"move","frame":{"millis":22829,"tic":799},"actor":{"position":{"x":10661931,"y":34028027,"z":3670016,"angle":3875536896,"subsector":4566993496},"type":"player","health":61,"armor":65,"id":4567120880}}
{"counter":3412,"type":"move","frame":{"millis":22829,"tic":799},"actor":{"position":{"x":10652704,"y":34044089,"z":3670016,"angle":3875536896,"subsector":4566993496},"type":"player","health":61,"armor":65,"id":4567120880}}
{"counter":3413,"type":"move","frame":{"millis":22829,"tic":799},"actor":{"position":{"x":17238851,"y":33871068,"z":3670016,"angle":2684354560,"subsector":4566993528},"type":"imp","health":-3,"id":4567132136}}
{"counter":3414,"type":"move","frame":{"millis":22829,"tic":799},"actor":{"position":{"x":13394750,"y":36900509,"z":3670016,"angle":285821696,"subsector":4566993496},"type":"imp","health":33,"id":4567132664}}
{"counter":3415,"type":"move","frame":{"millis":22829,"tic":799},"actor":{"position":{"x":2017728,"y":25631808,"z":0,"angle":536870912,"subsector":4566993432},"type":"imp","health":60,"id":4567132928}}
{"counter":3416,"type":"move","frame":{"millis":22829,"tic":799},"actor":{"position":{"x":21768736,"y":7317536,"z":0,"angle":2684354560,"subsector":4566993048},"type":"spectre","health":150,"id":4567137416}}
{"counter":3417,"type":"move","frame":{"millis":22829,"tic":799},"actor":{"position":{"x":-35344448,"y":57364544,"z":0,"angle":2147483648,"subsector":4566993352},"type":"soldier","health":20,"id":4567138208}}
{"counter":3418,"type":"move","frame":{"millis":22829,"tic":799},"actor":{"position":{"x":2542016,"y":29280704,"z":0,"angle":3758096384,"subsector":4566993432},"type":"shotgun_soldier","health":30,"id":4567139792}}
{"counter":3419,"type":"move","frame":{"millis":22829,"tic":799},"actor":{"position":{"x":24342441,"y":26872944,"z":3670016,"angle":0,"subsector":4566993560},"type":"barrel","health":-69,"id":4567142696}}
{"counter":3420,"type":"move","frame":{"millis":22829,"tic":799},"actor":{"position":{"x":59860304,"y":25414768,"z":0,"angle":3221225472,"subsector":4566994312},"type":"spectre","health":150,"id":4567166984}}
{"counter":3421,"type":"move","frame":{"millis":22829,"tic":799},"actor":{"position":{"x":2648064,"y":15638656,"z":0,"angle":3221225472,"subsector":4566993176},"type":"imp","health":60,"id":4567172264}}
{"counter":3422,"type":"move","frame":{"millis":22829,"tic":799},"actor":{"position":{"x":-4379776,"y":18461184,"z":0,"angle":1073741824,"subsector":4566993176},"type":"shotgun_soldier","health":30,"id":4567172528}}
{"counter":3423,"type":"move","frame":{"millis":22859,"tic":800},"actor":{"position":{"x":10652704,"y":34044089,"z":3670016,"angle":3875536896,"subsector":4566993496},"type":"player","health":61,"armor":65,"id":4567120880}}
{"counter":3424,"type":"move","frame":{"millis":22859,"tic":800},"actor":{"position":{"x":10651041,"y":34053930,"z":3670016,"angle":3875536896,"subsector":4566993496},"type":"player","health":61,"armor":65,"id":4567120880}}
{"counter":3425,"type":"move","frame":{"millis":22859,"tic":800},"actor":{"position":{"x":17141835,"y":34213956,"z":3670016,"angle":2684354560,"subsector":4566993528},"type":"imp","health":-3,"id":4567132136}}
{"counter":3426,"type":"move","frame":{"millis":22859,"tic":800},"actor":{"position":{"x":13401512,"y":36896951,"z":3670016,"angle":285821696,"subsector":4566993496},"type":"imp","health":33,"id":4567132664}}
{"counter":3427,"type":"move","frame":{"millis":22859,"tic":800},"actor":{"position":{"x":-28687552,"y":72775488,"z":0,"angle":3221225472,"subsector":4566996712},"type":"soldier","health":20,"id":4567138736}}
{"counter":3428,"type":"move","frame":{"millis":22859,"tic":800},"actor":{"position":{"x":-27548992,"y":32262080,"z":0,"angle":1073741824,"subsector":4566993400},"type":"soldier","health":20,"id":4567139528}}
{"counter":3429,"type":"move","frame":{"millis":22859,"tic":800},"actor":{"position":{"x":24873943,"y":26871929,"z":3670016,"angle":0,"subsector":4566993560},"type":"barrel","health":-69,"id":4567142696}}
{"counter":3430,"type":"move","frame":{"millis":22859,"tic":800},"actor":{"position":{"x":-10782336,"y":78939776,"z":0,"angle":0,"subsector":4566996760},"type":"shotgun_soldier","health":30,"id":4567155368}}
{"counter":3431,"type":"move","frame":{"millis":22859,"tic":800},"actor":{"position":{"x":-5293264,"y":6476816,"z":0,"angle":536870912,"subsector":4566993176},"type":"spectre","health":150,"id":4567162232}}
{"counter":3432,"type":"move","frame":{"millis":22886,"tic":801},"actor":{"position":{"x":10651041,"y":34053930,"z":3670016,"angle":3875536896,"subsector":4566993496},"type":"player","health":61,"armor":65,"id":4567120880}}
{"counter":3433,"type":"move","frame":{"millis":22886,"tic":801},"actor":{"position":{"x":10651207,"y":34061669,"z":3670016,"angle":3875536896,"subsector":4566993496},"type":"player","health":61,"armor":65,"id":4567120880}}
{"counter":3434,"type":"move","frame":{"millis":22886,"tic":801},"actor":{"position":{"x":19652992,"y":39300480,"z":3670016,"angle":2684354560,"subsector":4566993528},"type":"soldier","health":20,"id":4567131608}}
{"counter":3435,"type":"move","frame":{"millis":22886,"tic":801},"actor":{"position":{"x":17053914,"y":34524698,"z":3670016,"angle":2684354560,"subsector":4566993528},"type":"imp","health":-3,"id":4567132136}}
{"counter":3436,"type":"move","frame":{"millis":22886,"tic":801},"actor":{"position":{"x":8167576,"y":43515486,"z":3670016,"angle":3758096384,"subsector":4566993496},"type":"imp","health":48,"id":4567132400}}
{"counter":3437,"type":"move","frame":{"millis":22886,"tic":801},"actor":{"position":{"x":13407640,"y":36893726,"z":3670016,"angle":285821696,"subsector":4566993496},"type":"imp","health":33,"id":4567132664}}
{"counter":3438,"type":"move","frame":{"millis":22886,"tic":801},"actor":{"position":{"x":21298736,"y":6847536,"z":0,"angle":2684354560,"subsector":4566993048},"type":"spectre","health":150,"id":4567137416}}
{"counter":3439,"type":"move","frame":{"millis":22886,"tic":801},"actor":{"position":{"x":55892224,"y":14886656,"z":0,"angle":3221225472,"subsector":4566994456},"type":"shotgun_soldier","health":30,"id":4567137680}}
{"counter":3440,"type":"move","frame":{"millis":22886,"tic":801},"actor":{"position":{"x":25355616,"y":26871009,"z":3670016,"angle":0,"subsector":4566993560},"type":"barrel","health":-69,"id":4567142696}}
{"counter":3441,"type":"move","frame":{"millis":22886,"tic":801},"actor":{"position":{"x":-31822720,"y":64715136,"z":0,"angle":1610612736,"subsector":4566996712},"type":"shotgun_soldier","health":30,"id":4567155632}}
{"counter":3442,"type":"move","frame":{"millis":22886,"tic":801},"actor":{"position":{"x":-28597568,"y":43049920,"z":0,"angle":3221225472,"subsector":4566993352},"type":"shotgun_soldier","health":30,"id":4567156160}}
{"counter":3443,"type":"move","frame":{"millis":22886,"tic":801},"actor":{"position":{"x":-5232320,"y":26224960,"z":0,"angle":2147483648,"subsector":4566993432},"type":"shotgun_soldier","health":30,"id":4567156424}}
{"counter":3444,"type":"move","frame":{"millis":22886,"tic":801},"actor":{"position":{"x":59860304,"y":24759408,"z":0,"angle":3221225472,"subsector":4566994312},"type":"spectre","health":150,"id":4567166984}}
{"counter":3445,"type":"move","frame":{"millis":22915,"tic":802},"actor":{"position":{"x":10651357,"y":34068682,"z":3670016,"angle":3875536896,"subsector":4566993496},"type":"player","health":61,"armor":65,"id":4567120880}}
{"counter":3446,"type":"move","frame":{"millis":22915,"tic":802},"actor":{"position":{"x":16974235,"y":34806307,"z":3670016,"angle":2684354560,"subsector":4566993528},"type":"imp","health":-3,"id":4567132136}}
{"counter":3447,"type":"move","frame":{"millis":22915,"tic":802},"actor":{"position":{"x":13413193,"y":36890803,"z":3670016,"angle":285821696,"subsector":4566993496},"type":"imp","health":33,"id":4567132664}}
{"counter":3448,"type":"move","frame":{"millis":22915,"tic":802},"actor":{"position":{"x":1641728,"y":25255808,"z":0,"angle":1073741824,"subsector":4566993432},"type":"imp","health":60,"id":4567132928}}
{"counter":3449,"type":"move","frame":{"millis":22915,"tic":802},"actor":{"position":{"x":-31494464,"y":37854784,"z":0,"angle":3758096384,"subsector":4566993352},"type":"soldier","health":20,"id":4567137944}}
{"counter":3450,"type":"move","frame":{"millis":22915,"tic":802},"actor":{"position":{"x":2542016,"y":29804992,"z":0,"angle":0,"subsector":4566993432},"type":"shotgun_soldier","health":30,"id":4567139792}}
{"counter":3451,"type":"move","frame":{"millis":22915,"tic":802},"actor":{"position":{"x":25792132,"y":26870175,"z":3670016,"angle":0,"subsector":4566993560},"type":"barrel","health":-69,"id":4567142696}}
{"counter":3452,"type":"move","frame":{"millis":22915,"tic":802},"actor":{"position":{"x":-4823264,"y":6946816,"z":0,"angle":536870912,"subsector":4566993176},"type":"spectre","health":150,"id":4567162232}}
{"counter":3453,"type":"move","frame":{"millis":22915,"tic":802},"actor":{"position":{"x":2648064,"y":15114368,"z":0,"angle":3221225472,"subsector":4566993176},"type":"imp","health":60,"id":4567172264}}
{"counter":3454,"type":"move","frame":{"millis":22915,"tic":802},"actor":{"position":{"x":-4379776,"y":18985472,"z":0,"angle":1073741824,"subsector":4566993176},"type":"shotgun_soldier","health":30,"id":4567172528}}
{"counter":3455,"type":"move","frame":{"millis":22944,"tic":803},"actor":{"position":{"x":10651492,"y":34075037,"z":3670016,"angle":3875536896,"subsector":4566993496},"type":"player","health":61,"armor":65,"id":4567120880}}
{"counter":3456,"type":"move","frame":{"millis":22944,"tic":803},"actor":{"position":{"x":16902025,"y":35061515,"z":3670016,"angle":2684354560,"subsector":4566993528},"type":"imp","health":-3,"id":4567132136}}
{"counter":3457,"type":"move","frame":{"millis":22944,"tic":803},"actor":{"position":{"x":13418225,"y":36888154,"z":3670016,"angle":285821696,"subsector":4566993496},"type":"imp","health":33,"id":4567132664}}
{"counter":3458,"type":"move","frame":{"millis":22944,"tic":803},"actor":{"position":{"x":20828736,"y":6377536,"z":0,"angle":2684354560,"subsector":4566993048},"type":"spectre","health":150,"id":4567137416}}
{"counter":3459,"type":"move","frame":{"millis":22944,"tic":803},"actor":{"position":{"x":-35868736,"y":57364544,"z":0,"angle":2147483648,"subsector":4566993352},"type":"soldier","health":20,"id":4567138208}}
{"counter":3460,"type":"move","frame":{"millis":22944,"tic":803},"actor":{"position":{"x":25792132,"y":26870175,"z":3670016,"angle":0,"subsector":4566993560},"type":"barrel","health":-69,"id":4567142696}}
{"counter":3461,"type":"move","frame":{"millis":22944,"tic":803},"actor":{"position":{"x":-10258048,"y":78939776,"z":0,"angle":0,"subsector":4566996760},"type":"shotgun_soldier","health":30,"id":4567155368}}
{"counter":3462,"type":"move","frame":{"millis":22944,"tic":803},"actor":{"position":{"x":59860304,"y":24104048,"z":0,"angle":3221225472,"subsector":4566994312},"type":"spectre","health":150,"id":4567166984}}
{"counter":3463,"type":"move","frame":{"millis":22944,"tic":803},"actor":{"position":{"x":14334980,"y":37242994,"z":5767168,"angle":252238912,"subsector":4566993496},"type":"imp_fireball","health":1000,"id":4567611712}}
{"counter":3464,"type":"move","frame":{"millis":22972,"tic":804},"actor":{"position":{"x":10651614,"y":34080796,"z":3670016,"angle":3875536896,"subsector":4566993496},"type":"player","health":61,"armor":65,"id":4567120880}}
{"counter":3465,"type":"move","frame":{"millis":22973,"tic":804},"actor":{"position":{"x":16836584,"y":35292797,"z":3670016,"angle":2684354560,"subsector":4566993528},"type":"imp","health":-3,"id":4567132136}}
{"counter":3466,"type":"move","frame":{"millis":22973,"tic":804},"actor":{"position":{"x":8691864,"y":43515486,"z":3670016,"angle":0,"subsector":4566993496},"type":"imp","health":48,"id":4567132400}}
{"counter":3467,"type":"move","frame":{"millis":22973,"tic":804},"actor":{"position":{"x":13422785,"y":36885753,"z":3670016,"angle":252238912,"subsector":4566993496},"type":"imp","health":33,"id":4567132664}}
{"counter":3468,"type":"move","frame":{"millis":22973,"tic":804},"actor":{"position":{"x":55892224,"y":14362368,"z":0,"angle":3221225472,"subsector":4566994408},"type":"shotgun_soldier","health":30,"id":4567137680}}
{"counter":3469,"type":"move","frame":{"millis":22973,"tic":804},"actor":{"position":{"x":-28687552,"y":72251200,"z":0,"angle":3221225472,"subsector":4566996712},"type":"soldier","health":20,"id":4567138736}}
{"counter":3470,"type":"move","frame":{"millis":22973,"tic":804},"actor":{"position":{"x":-27924992,"y":32638080,"z":0,"angle":1610612736,"subsector":4566993400},"type":"soldier","health":20,"id":4567139528}}
{"counter":3471,"type":"move","frame":{"millis":22973,"tic":804},"actor":{"position":{"x":-32198720,"y":65091136,"z":0,"angle":1610612736,"subsector":4566996712},"type":"shotgun_soldier","health":30,"id":4567155632}}
{"counter":3472,"type":"move","frame":{"millis":22973,"tic":804},"actor":{"position":{"x":-28597568,"y":42525632,"z":0,"angle":3221225472,"subsector":4566993352},"type":"shotgun_soldier","health":30,"id":4567156160}}
{"counter":3473,"type":"move","frame":{"millis":22973,"tic":804},"actor":{"position":{"x":-5756608,"y":26224960,"z":0,"angle":2147483648,"subsector":4566993432},"type":"shotgun_soldier","health":30,"id":4567156424}}
{"counter":3474,"type":"move","frame":{"millis":22973,"tic":804},"actor":{"position":{"x":-4353264,"y":7416816,"z":0,"angle":536870912,"subsector":4566993176},"type":"spectre","health":150,"id":4567162232}}
{"counter":3475,"type":"move","frame":{"millis":22973,"tic":804},"actor":{"position":{"x":14946150,"y":37479554,"z":5767168,"angle":252238912,"subsector":4566993528},"type":"imp_fireball","health":1000,"id":4567611712}}
{"counter":3476,"type":"move","frame":{"millis":23000,"tic":805},"actor":{"position":{"x":10651724,"y":34086015,"z":3670016,"angle":3875536896,"subsector":4566993496},"type":"player","health":61,"armor":65,"id":4567120880}}
{"counter":3477,"type":"move","frame":{"millis":23000,"tic":805},"actor":{"position":{"x":19276992,"y":38924480,"z":3670016,"angle":2684354560,"subsector":4566993528},"type":"soldier","health":20,"id":4567131608}}
{"counter":3478,"type":"move","frame":{"millis":23000,"tic":805},"actor":{"position":{"x":16777278,"y":35502396,"z":3670016,"angle":2684354560,"subsector":4566993528},"type":"imp","health":-3,"id":4567132136}}
{"counter":3479,"type":"move","frame":{"millis":23003,"tic":805},"actor":{"position":{"x":13426917,"y":36883577,"z":3670016,"angle":252238912,"subsector":4566993496},"type":"imp","health":33,"id":4567132664}}
{"counter":3480,"type":"move","frame":{"millis":23003,"tic":805},"actor":{"position":{"x":1265728,"y":24879808,"z":0,"angle":1610612736,"subsector":4566993432},"type":"imp","health":60,"id":4567132928}}
{"counter":3481,"type":"move","frame":{"millis":23003,"tic":805},"actor":{"position":{"x":20358736,"y":6847536,"z":0,"angle":2684354560,"subsector":4566993048},"type":"spectre","health":150,"id":4567137416}}
{"counter":3482,"type":"move","frame":{"millis":23003,"tic":805},"actor":{"position":{"x":2166016,"y":29428992,"z":0,"angle":536870912,"subsector":4566993432},"type":"shotgun_soldier","health":30,"id":4567139792}}
{"counter":3483,"type":"move","frame":{"millis":23003,"tic":805},"actor":{"position":{"x":59860304,"y":23448688,"z":0,"angle":3221225472,"subsector":4566994312},"type":"spectre","health":150,"id":4567166984}}
{"counter":3484,"type":"move","frame":{"millis":23003,"tic":805},"actor":{"position":{"x":2648064,"y":14590080,"z":0,"angle":3221225472,"subsector":4566993176},"type":"imp","health":60,"id":4567172264}}
{"counter":3485,"type":"move","frame":{"millis":23003,"tic":805},"actor":{"position":{"x":-4379776,"y":19509760,"z":0,"angle":1073741824,"subsector":4566993176},"type":"shotgun_soldier","health":30,"id":4567172528}}
{"counter":3486,"type":"move","frame":{"millis":23003,"tic":805},"actor":{"position":{"x":15557320,"y":37716114,"z":5767168,"angle":252238912,"subsector":4566993528},"type":"imp_fireball","health":1000,"id":4567611712}}
{"counter":3487,"type":"move","frame":{"millis":23029,"tic":806},"actor":{"position":{"x":10651724,"y":34086015,"z":3670016,"angle":3875536896,"subsector":4566993496},"type":"player","health":61,"armor":65,"id":4567120880}}
{"counter":3488,"type":"move","frame":{"millis":23030,"tic":806},"actor":{"position":{"x":10646798,"y":34094279,"z":3670016,"angle":3875536896,"subsector":4566993496},"type":"player","health":61,"armor":65,"id":4567120880}}
{"counter":3489,"type":"move","frame":{"millis":23030,"tic":806},"actor":{"position":{"x":16723531,"y":35692345,"z":3670016,"angle":2684354560,"subsector":4566993528},"type":"imp","health":-3,"id":4567132136}}
{"counter":3490,"type":"move","frame":{"millis":23030,"tic":806},"actor":{"position":{"x":13430661,"y":36881605,"z":3670016,"angle":252238912,"subsector":4566993496},"type":"imp","health":33,"id":4567132664}}
{"counter":3491,"type":"move","frame":{"millis":23030,"tic":806},"actor":{"position":{"x":-31118464,"y":37478784,"z":0,"angle":3758096384,"subsector":4566993352},"type":"soldier","health":20,"id":4567137944}}
{"counter":3492,"type":"move","frame":{"millis":23030,"tic":806},"actor":{"position":{"x":-9733760,"y":78939776,"z":0,"angle":0,"subsector":4566996760},"type":"shotgun_soldier","health":30,"id":4567155368}}
{"counter":3493,"type":"move","frame":{"millis":23030,"tic":806},"actor":{"position":{"x":-3883264,"y":7886816,"z":0,"angle":536870912,"subsector":4566993176},"type":"spectre","health":150,"id":4567162232}}
{"counter":3494,"type":"move","frame":{"millis":23030,"tic":806},"actor":{"position":{"x":16168490,"y":37952674,"z":5767168,"angle":252238912,"subsector":4566993528},"type":"imp_fireball","health":1000,"id":4567611712}}
{"counter":3495,"type":"move","frame":{"millis":23058,"tic":807},"actor":{"position":{"x":10646798,"y":34094279,"z":3670016,"angle":3875536896,"subsector":4566993496},"type":"player","health":61,"armor":65,"id":4567120880}}
{"counter":3496,"type":"move","frame":{"millis":23058,"tic":807},"actor":{"position":{"x":10558590,"y":34160697,"z":3670016,"angle":3875536896,"subsector":4566993496},"type":"player","health":61,"armor":65,"id":4567120880}}
{"counter":3497,"type":"move","frame":{"millis":23058,"tic":807},"actor":{"position":{"x":16674822,"y":35864486,"z":3670016,"angle":2684354560,"subsector":4566993528},"type":"imp","health":-3,"id":4567132136}}
{"counter":3498,"type":"move","frame":{"millis":23058,"tic":807},"actor":{"position":{"x":9216152,"y":43515486,"z":3670016,"angle":0,"subsector":4566993496},"type":"imp","health":48,"id":4567132400}}
{"counter":3499,"type":"move","frame":{"millis":23058,"tic":807},"actor":{"position":{"x":19888736,"y":7317536,"z":0,"angle":2147483648,"subsector":4566993048},"type":"spectre","health":150,"id":4567137416}}
{"counter":3500,"type":"move","frame":{"millis":23058,"tic":807},"actor":{"position":{"x":55892224,"y":13838080,"z":0,"angle":3221225472,"subsector":4566994408},"type":"shotgun_soldier","health":30,"id":4567137680}}
{"counter":3501,"type":"move","frame":{"millis":23058,"tic":807},"actor":{"position":{"x":-36393024,"y":57364544,"z":0,"angle":2147483648,"subsector":4566993352},"type":"soldier","health":20,"id":4567138208}}
{"counter":3502,"type":"move","frame":{"millis":23058,"tic":807},"actor":{"position":{"x":-32574720,"y":65467136,"z":0,"angle":1610612736,"subsector":4566996712},"type":"shotgun_soldier","health":30,"id":4567155632}}
{"counter":3503,"type":"move","frame":{"millis":23058,"tic":807},"actor":{"position":{"x":-28597568,"y":42001344,"z":0,"angle":3221225472,"subsector":4566993352},"type":"shotgun_soldier","health":30,"id":4567156160}}
{"counter":3504,"type":"move","frame":{"millis":23058,"tic":807},"actor":{"position":{"x":-5380608,"y":26600960,"z":0,"angle":2147483648,"subsector":4566993432},"type":"shotgun_soldier","health":30,"id":4567156424}}
{"counter":3505,"type":"move","frame":{"millis":23058,"tic":807},"actor":{"position":{"x":59860304,"y":22793328,"z":0,"angle":3221225472,"subsector":4566994312},"type":"spectre","health":150,"id":4567166984}}
{"counter":3506,"type":"move","frame":{"millis":23058,"tic":807},"actor":{"position":{"x":16779660,"y":38189234,"z":5767168,"angle":252238912,"subsector":4566993528},"type":"imp_fireball","health":1000,"id":4567611712}}
{"counter":3507,"type":"move","frame":{"millis":23087,"tic":808},"actor":{"position":{"x":10558590,"y":34160697,"z":3670016,"angle":3875536896,"subsector":4566993496},"type":"player","health":61,"armor":65,"id":4567120880}}
{"counter":3508,"type":"move","frame":{"millis":23087,"tic":808},"actor":{"position":{"x":10394908,"y":34279817,"z":3670016,"angle":3875536896,"subsector":4566993496},"type":"player","health":61,"armor":65,"id":4567120880}}
{"counter":3509,"type":"move","frame":{"millis":23087,"tic":808},"actor":{"position":{"x":16630679,"y":36020488,"z":3670016,"angle":2684354560,"subsector":4566993528},"type":"imp","health":-3,"id":4567132136}}
{"counter":3510,"type":"move","frame":{"millis":23087,"tic":808},"actor":{"position":{"x":889728,"y":24503808,"z":0,"angle":2147483648,"subsector":4566993432},"type":"imp","health":60,"id":4567132928}}
{"counter":3511,"type":"move","frame":{"millis":23087,"tic":808},"actor":{"position":{"x":-28687552,"y":71726912,"z":0,"angle":3221225472,"subsector":4566996712},"type":"soldier","health":20,"id":4567138736}}
{"counter":3512,"type":"move","frame":{"millis":23087,"tic":808},"actor":{"position":{"x":-28300992,"y":33014080,"z":0,"angle":1610612736,"subsector":4566993400},"type":"soldier","health":20,"id":4567139528}}
{"counter":3513,"type":"move","frame":{"millis":23087,"tic":808},"actor":{"position":{"x":1790016,"y":29052992,"z":0,"angle":1073741824,"subsector":4566993432},"type":"shotgun_soldier","health":30,"id":4567139792}}
{"counter":3514,"type":"move","frame":{"millis":23087,"tic":808},"actor":{"position":{"x":-3413264,"y":8356816,"z":0,"angle":536870912,"subsector":4566993176},"type":"spectre","health":150,"id":4567162232}}
{"counter":3515,"type":"move","frame":{"millis":23087,"tic":808},"actor":{"position":{"x":2648064,"y":14065792,"z":0,"angle":3221225472,"subsector":4566993176},"type":"imp","health":60,"id":4567172264}}
{"counter":3516,"type":"move","frame":{"millis":23087,"tic":808},"actor":{"position":{"x":-4379776,"y":20034048,"z":0,"angle":1073741824,"subsector":4566993224},"type":"shotgun_soldier","health":30,"id":4567172528}}
{"counter":3517,"type":"move","frame":{"millis":23087,"tic":808},"actor":{"position":{"x":17390830,"y":38425794,"z":5767168,"angle":252238912,"subsector":4566993528},"type":"imp_fireball","health":1000,"id":4567611712}}
{"counter":3518,"type":"move","frame":{"millis":23115,"tic":809},"actor":{"position":{"x":10394908,"y":34279817,"z":3670016,"angle":3875536896,"subsector":4566993496},"type":"player","health":61,"armor":65,"id":4567120880}}
{"counter":3519,"type":"move","frame":{"millis":23115,"tic":809},"actor":{"position":{"x":10162828,"y":34446698,"z":3670016,"angle":3875536896,"subsector":4566993496},"type":"player","health":61,"armor":65,"id":4567120880}}
{"counter":3520,"type":"move","frame":{"millis":23115,"tic":809},"actor":{"position":{"x":19276992,"y":38400192,"z":3670016,"angle":2684354560,"subsector":4566993528},"type":"soldier","health":20,"id":4567131608}}
{"counter":3521,"type":"move","frame":{"millis":23115,"tic":809},"actor":{"position":{"x":16590674,"y":36161864,"z":3670016,"angle":2684354560,"subsector":4566993528},"type":"imp","health":-3,"id":4567132136}}
{"counter":3522,"type":"move","frame":{"millis":23115,"tic":809},"actor":{"position":{"x":13430661,"y":37405893,"z":3670016,"angle":3758096384,"subsector":4566993496},"type":"imp","health":33,"id":4567132664}}
{"counter":3523,"type":"move","frame":{"millis":23115,"tic":809},"actor":{"position":{"x":19418736,"y":7787536,"z":0,"angle":1610612736,"subsector":4566993048},"type":"spectre","health":150,"id":4567137416}}
{"counter":3524,"type":"move","frame":{"millis":23115,"tic":809},"actor":{"position":{"x":-9209472,"y":78939776,"z":0,"angle":0,"subsector":4566996760},"type":"shotgun_soldier","health":30,"id":4567155368}}
{"counter":3525,"type":"move","frame":{"millis":23115,"tic":809},"actor":{"position":{"x":59860304,"y":22137968,"z":0,"angle":3221225472,"subsector":4566994312},"type":"spectre","health":150,"id":4567166984}}
{"damage":24,"counter":3526,"type":"hit","frame":{"millis":23115,"tic":809},"actor":{"position":{"x":13430661,"y":37405893,"z":3670016,"angle":3758096384,"subsector":4566993496},"type":"imp","health":33,"id":4567132664},"target":{"position":{"x":19276992,"y":38400192,"z":3670016,"angle":2684354560,"subsector":4566993528},"type":"soldier","health":-4,"id":4567131608}}
{"counter":3527,"type":"killed","frame":{"millis":23115,"tic":809},"actor":{"position":{"x":10162828,"y":34446698,"z":3670016,"angle":3875536896,"subsector":4566993496},"type":"player","health":61,"armor":65,"id":4567120880},"target":{"position":{"x":19276992,"y":38400192,"z":3670016,"angle":2684354560,"subsector":4566993528},"type":"soldier","health":-4,"id":4567131608}}
{"counter":3528,"type":"move","frame":{"millis":23115,"tic":809},"actor":{"position":{"x":17390830,"y":38425794,"z":5767168,"angle":252238912,"subsector":4566993528},"type":"imp_fireball","health":1000,"id":4567611712}}
{"counter":3529,"type":"move","frame":{"millis":23115,"tic":809},"actor":{"position":{"x":9421273,"y":31959592,"z":5767168,"angle":875860207,"subsector":4566993496},"type":"imp_fireball","health":1000,"id":4567619152}}
{"counter":3530,"type":"move","frame":{"millis":23143,"tic":810},"actor":{"position":{"x":10162828,"y":34446698,"z":3670016,"angle":3875536896,"subsector":4566993496},"type":"player","health":61,"armor":65,"id":4567120880}}
{"counter":3531,"type":"move","frame":{"millis":23143,"tic":810},"actor":{"position":{"x":9885511,"y":34645076,"z":3670016,"angle":3875536896,"subsector":4566993496},"type":"player","health":61,"armor":65,"id":4567120880}}
{"counter":3532,"type":"move","frame":{"millis":23143,"tic":810},"actor":{"position":{"x":19473582,"y":38397555,"z":3670016,"angle":2684354560,"subsector":4566993528},"type":"soldier","health":-4,"id":4567131608}}
{"counter":3533,"type":"move","frame":{"millis":23143,"tic":810},"actor":{"position":{"x":16554419,"y":36289986,"z":3670016,"angle":2684354560,"subsector":4566993528},"type":"imp","health":-3,"id":4567132136}}
{"counter":3534,"type":"move","frame":{"millis":23143,"tic":810},"actor":{"position":{"x":9740440,"y":43515486,"z":3670016,"angle":0,"subsector":4566993496},"type":"imp","health":48,"id":4567132400}}
{"counter":3535,"type":"move","frame":{"millis":23143,"tic":810},"actor":{"position":{"x":55892224,"y":13313792,"z":0,"angle":3221225472,"subsector":4566994424},"type":"shotgun_soldier","health":30,"id":4567137680}}
{"counter":3536,"type":"move","frame":{"millis":23143,"tic":810},"actor":{"position":{"x":-30742464,"y":37102784,"z":0,"angle":3758096384,"subsector":4566993352},"type":"soldier","health":20,"id":4567137944}}
{"counter":3537,"type":"move","frame":{"millis":23143,"tic":810},"actor":{"position":{"x":-32950720,"y":65843136,"z":0,"angle":1610612736,"subsector":4566996712},"type":"shotgun_soldier","health":30,"id":4567155632}}
{"counter":3538,"type":"move","frame":{"millis":23143,"tic":810},"actor":{"position":{"x":-28597568,"y":41477056,"z":0,"angle":3221225472,"subsector":4566993352},"type":"shotgun_soldier","health":30,"id":4567156160}}
{"counter":3539,"type":"move","frame":{"millis":23143,"tic":810},"actor":{"position":{"x":-5004608,"y":26976960,"z":0,"angle":1610612736,"subsector":4566993432},"type":"shotgun_soldier","health":30,"id":4567156424}}
{"counter":3540,"type":"move","frame":{"millis":23143,"tic":810},"actor":{"position":{"x":-2943264,"y":8826816,"z":0,"angle":536870912,"subsector":4566993176},"type":"spectre","health":150,"id":4567162232}}
{"counter":3541,"type":"move","frame":{"millis":23143,"tic":810},"actor":{"position":{"x":9608383,"y":32587672,"z":5767168,"angle":875860207,"subsector":4566993496},"type":"imp_fireball","health":1000,"id":4567619152}}
{"counter":3542,"type":"move","frame":{"millis":23172,"tic":811},"actor":{"position":{"x":9885511,"y":34645076,"z":3670016,"angle":3875536896,"subsector":4566993496},"type":"player","health":61,"armor":65,"id":4567120880}}
{"counter":3543,"type":"move","frame":{"millis":23173,"tic":811},"actor":{"position":{"x":9614093,"y":34838999,"z":3670016,"angle":3875536896,"subsector":4566993496},"type":"player","health":61,"armor":65,"id":4567120880}}
{"counter":3544,"type":"move","frame":{"millis":23173,"tic":811},"actor":{"position":{"x":19651741,"y":38395165,"z":3670016,"angle":2684354560,"subsector":4566993528},"type":"soldier","health":-4,"id":4567131608}}
{"counter":3545,"type":"move","frame":{"millis":23176,"tic":811},"actor":{"position":{"x":16521562,"y":36406096,"z":3670016,"angle":2684354560,"subsector":4566993528},"type":"imp","health":-3,"id":4567132136}}
{"counter":3546,"type":"move","frame":{"millis":23176,"tic":811},"actor":{"position":{"x":889728,"y":25028096,"z":0,"angle":2684354560,"subsector":4566993432},"type":"imp","health":60,"id":4567132928}}
{"counter":3547,"type":"move","frame":{"millis":23176,"tic":811},"actor":{"position":{"x":18948736,"y":8257536,"z":0,"angle":1610612736,"subsector":4566993048},"type":"spectre","health":150,"id":4567137416}}
{"counter":3548,"type":"move","frame":{"millis":23176,"tic":811},"actor":{"position":{"x":-36917312,"y":57364544,"z":0,"angle":2147483648,"subsector":4566993352},"type":"soldier","health":20,"id":4567138208}}
{"counter":3549,"type":"move","frame":{"millis":23176,"tic":811},"actor":{"position":{"x":1414016,"y":28676992,"z":0,"angle":1610612736,"subsector":4566993432},"type":"shotgun_soldier","health":30,"id":4567139792}}
{"counter":3550,"type":"move","frame":{"millis":23176,"tic":811},"actor":{"position":{"x":59860304,"y":21482608,"z":0,"angle":3221225472,"subsector":4566994312},"type":"spectre","health":150,"id":4567166984}}
{"counter":3551,"type":"move","frame":{"millis":23176,"tic":811},"actor":{"position":{"x":2648064,"y":13541504,"z":0,"angle":3221225472,"subsector":4566993176},"type":"imp","health":60,"id":4567172264}}
{"counter":3552,"type":"move","frame":{"millis":23176,"tic":811},"actor":{"position":{"x":-4379776,"y":20558336,"z":0,"angle":1073741824,"subsector":4566993224},"type":"shotgun_soldier","health":30,"id":4567172528}}
{"counter":3553,"type":"move","frame":{"millis":23177,"tic":811},"actor":{"position":{"x":9795493,"y":33215752,"z":5767168,"angle":875860207,"subsector":4566993496},"type":"imp_fireball","health":1000,"id":4567619152}}
{"counter":3554,"type":"move","frame":{"millis":23200,"tic":812},"actor":{"position":{"x":9614093,"y":34838999,"z":3670016,"angle":3875536896,"subsector":4566993496},"type":"player","health":61,"armor":65,"id":4567120880}}
{"counter":3555,"type":"move","frame":{"millis":23200,"tic":812},"actor":{"position":{"x":9451862,"y":34955811,"z":3670016,"angle":3875536896,"subsector":4566993496},"type":"player","health":61,"armor":65,"id":4567120880}}
{"counter":3556,"type":"move","frame":{"millis":23200,"tic":812},"actor":{"position":{"x":19813197,"y":38392999,"z":3670016,"angle":2684354560,"subsector":4566993528},"type":"soldier","health":-4,"id":4567131608}}
{"counter":3557,"type":"move","frame":{"millis":23200,"tic":812},"actor":{"position":{"x":16491785,"y":36511320,"z":3670016,"angle":2684354560,"subsector":4566993528},"type":"imp","health":-3,"id":4567132136}}
{"counter":3558,"type":"targeted","frame":{"millis":23200,"tic":812},"actor":{"position":{"x":13430661,"y":37405893,"z":3670016,"angle":0,"subsector":4566993496},"type":"imp","health":33,"id":4567132664},"target":{"position":{"x":9451862,"y":34955811,"z":3670016,"angle":3875536896,"subsector":4566993496},"type":"player","health":61,"armor":65,"id":4567120880}}
{"counter":3559,"type":"move","frame":{"millis":23200,"tic":812},"actor":{"position":{"x":-28687552,"y":71202624,"z":0,"angle":3221225472,"subsector":4566996712},"type":"soldier","health":20,"id":4567138736}}
{"counter":3560,"type":"move","frame":{"millis":23200,"tic":812},"actor":{"position":{"x":-28676992,"y":33390080,"z":0,"angle":1610612736,"subsector":4566993400},"type":"soldier","health":20,"id":4567139528}}
{"counter":3561,"type":"move","frame":{"millis":23200,"tic":812},"actor":{"position":{"x":-8685184,"y":78939776,"z":0,"angle":0,"subsector":4566996760},"type":"shotgun_soldier","health":30,"id":4567155368}}
{"counter":3562,"type":"move","frame":{"millis":23200,"tic":812},"actor":{"position":{"x":-2473264,"y":9296816,"z":0,"angle":536870912,"subsector":4566993176},"type":"spectre","health":150,"id":4567162232}}
{"damage":16,"counter":3563,"type":"hit","frame":{"millis":23200,"tic":812},"actor":{"position":{"x":9140608,"y":31017472,"z":3670016,"angle":875860207,"subsector":4566993496},"type":"imp","health":60,"id":4567172000},"target":{"position":{"x":9451862,"y":34955811,"z":3670016,"angle":3875536896,"subsector":4566993496},"type":"player","health":45,"armor":57,"id":4567120880}}
{"counter":3564,"type":"move","frame":{"millis":23200,"tic":812},"actor":{"position":{"x":9795493,"y":33215752,"z":5767168,"angle":875860207,"subsector":4566993496},"type":"imp_fireball","health":1000,"id":4567619152}}
{"counter":3565,"type":"move","frame":{"millis":23229,"tic":813},"actor":{"position":{"x":9451862,"y":34955811,"z":3670016,"angle":3875536896,"subsector":4566993496},"type":"player","health":45,"armor":57,"id":4567120880}}
{"counter":3566,"type":"move","frame":{"millis":23229,"tic":813},"actor":{"position":{"x":9350596,"y":35195644,"z":3670016,"angle":3875536896,"subsector":4566993496},"type":"player","health":45,"armor":57,"id":4567120880}}
{"counter":3567,"type":"move","frame":{"millis":23229,"tic":813},"actor":{"position":{"x":19959516,"y":38391036,"z":3670016,"angle":2684354560,"subsector":4566993528},"type":"soldier","health":-4,"id":4567131608}}
{"counter":3568,"type":"move","frame":{"millis":23229,"tic":813},"actor":{"position":{"x":16464799,"y":36606679,"z":3670016,"angle":2684354560,"subsector":4566993528},"type":"imp","health":-3,"id":4567132136}}
{"counter":3569,"type":"move","frame":{"millis":23229,"tic":813},"actor":{"position":{"x":10264728,"y":43515486,"z":3670016,"angle":0,"subsector":4566993496},"type":"imp","health":48,"id":4567132400}}
{"counter":3570,"type":"move","frame":{"millis":23229,"tic":813},"actor":{"position":{"x":18478736,"y":8727536,"z":0,"angle":1610612736,"subsector":4566993048},"type":"spectre","health":150,"id":4567137416}}
{"counter":3571,"type":"move","frame":{"millis":23229,"tic":813},"actor":{"position":{"x":55367936,"y":13313792,"z":0,"angle":3221225472,"subsector":4566994424},"type":"shotgun_soldier","health":30,"id":4567137680}}
{"counter":3572,"type":"move","frame":{"millis":23229,"tic":813},"actor":{"position":{"x":-32426432,"y":65843136,"z":0,"angle":1610612736,"subsector":4566996712},"type":"shotgun_soldier","health":30,"id":4567155632}}
{"counter":3573,"type":"move","frame":{"millis":23229,"tic":813},"actor":{"position":{"x":-28597568,"y":40952768,"z":0,"angle":3221225472,"subsector":4566993352},"type":"shotgun_soldier","health":30,"id":4567156160}}
{"counter":3574,"type":"move","frame":{"millis":23229,"tic":813},"actor":{"position":{"x":-4628608,"y":27352960,"z":0,"angle":1073741824,"subsector":4566993432},"type":"shotgun_soldier","health":30,"id":4567156424}}
{"counter":3575,"type":"move","frame":{"millis":23229,"tic":813},"actor":{"position":{"x":59860304,"y":20827248,"z":0,"angle":3221225472,"subsector":4566994312},"type":"spectre","health":150,"id":4567166984}}
{"counter":3576,"type":"move","frame":{"millis":23258,"tic":814},"actor":{"position":{"x":9350596,"y":35195644,"z":3670016,"angle":3875536896,"subsector":4566993496},"type":"player","health":45,"armor":57,"id":4567120880}}
{"counter":3577,"type":"move","frame":{"millis":23258,"tic":814},"actor":{"position":{"x":9342565,"y":35354062,"z":3670016,"angle":3875536896,"subsector":4566993496},"type":"player","health":45,"armor":57,"id":4567120880}}
{"counter":3578,"type":"move","frame":{"millis":23258,"tic":814},"actor":{"position":{"x":20092117,"y":38389257,"z":3670016,"angle":2684354560,"subsector":4566993528},"type":"soldier","health":-4,"id":4567131608}}
{"counter":3579,"type":"move","frame":{"millis":23258,"tic":814},"actor":{"position":{"x":16440342,"y":36693098,"z":3670016,"angle":2684354560,"subsector":4566993528},"type":"imp","health":-3,"id":4567132136}}
{"counter":3580,"type":"move","frame":{"millis":23258,"tic":814},"actor":{"position":{"x":1265728,"y":25404096,"z":0,"angle":2147483648,"subsector":4566993432},"type":"imp","health":60,"id":4567132928}}
{"counter":3581,"type":"move","frame":{"millis":23258,"tic":814},"actor":{"position":{"x":-30366464,"y":36726784,"z":0,"angle":3758096384,"subsector":4566993352},"type":"soldier","health":20,"id":4567137944}}
{"counter":3582,"type":"move","frame":{"millis":23258,"tic":814},"actor":{"position":{"x":1038016,"y":28300992,"z":0,"angle":2147483648,"subsector":4566993432},"type":"shotgun_soldier","health":30,"id":4567139792}}
{"counter":3583,"type":"move","frame":{"millis":23258,"tic":814},"actor":{"position":{"x":-2003264,"y":9766816,"z":0,"angle":536870912,"subsector":4566993176},"type":"spectre","health":150,"id":4567162232}}
{"counter":3584,"type":"move","frame":{"millis":23258,"tic":814},"actor":{"position":{"x":2648064,"y":13017216,"z":0,"angle":3221225472,"subsector":4566993176},"type":"imp","health":60,"id":4567172264}}
{"counter":3585,"type":"enter_subsector","frame":{"millis":23258,"tic":814},"actor":{"position":{"x":-4379776,"y":21082624,"z":0,"angle":1073741824,"subsector":4566993256},"type":"shotgun_soldier","health":30,"id":4567172528}}
{"counter":3586,"type":"move","frame":{"millis":23258,"tic":814},"actor":{"position":{"x":-4379776,"y":21082624,"z":0,"angle":1073741824,"subsector":4566993256},"type":"shotgun_soldier","health":30,"id":4567172528}}
{"counter":3587,"type":"move","frame":{"millis":23286,"tic":815},"actor":{"position":{"x":9342565,"y":35354062,"z":3670016,"angle":3875536896,"subsector":4566993496},"type":"player","health":45,"armor":57,"id":4567120880}}
{"counter":3588,"type":"move","frame":{"millis":23286,"tic":815},"actor":{"position":{"x":9419028,"y":35438698,"z":3670016,"angle":3875536896,"subsector":4566993496},"type":"player","health":45,"armor":57,"id":4567120880}}
{"counter":3589,"type":"move","frame":{"millis":23286,"tic":815},"actor":{"position":{"x":20212286,"y":38387644,"z":3670016,"angle":2684354560,"subsector":4566993528},"type":"soldier","health":-4,"id":4567131608}}
{"counter":3590,"type":"move","frame":{"millis":23286,"tic":815},"actor":{"position":{"x":16418177,"y":36771415,"z":3670016,"angle":2684354560,"subsector":4566993528},"type":"imp","health":-3,"id":4567132136}}
{"counter":3591,"type":"move","frame":{"millis":23286,"tic":815},"actor":{"position":{"x":13430661,"y":37930181,"z":3670016,"angle":536870912,"subsector":4566993496},"type":"imp","health":33,"id":4567132664}}
{"counter":3592,"type":"move","frame":{"millis":23286,"tic":815},"actor":{"position":{"x":18008736,"y":9197536,"z":0,"angle":1610612736,"subsector":4566993048},"type":"spectre","health":150,"id":4567137416}}
{"counter":3593,"type":"move","frame":{"millis":23286,"tic":815},"actor":{"position":{"x":-37441600,"y":57364544,"z":0,"angle":2147483648,"subsector":4566993352},"type":"soldier","health":20,"id":4567138208}}
{"counter":3594,"type":"move","frame":{"millis":23286,"tic":815},"actor":{"position":{"x":-9209472,"y":78939776,"z":0,"angle":0,"subsector":4566996760},"type":"shotgun_soldier","health":30,"id":4567155368}}
{"counter":3595,"type":"move","frame":{"millis":23286,"tic":815},"actor":{"position":{"x":59860304,"y":20171888,"z":0,"angle":3221225472,"subsector":4566994312},"type":"spectre","health":150,"id":4567166984}}
{"counter":3596,"type":"move","frame":{"millis":23286,"tic":815},"actor":{"position":{"x":8764608,"y":31393472,"z":3670016,"angle":1073741824,"subsector":4566993496},"type":"imp","health":60,"id":4567172000}}
{"counter":3597,"type":"move","frame":{"millis":23315,"tic":816},"actor":{"position":{"x":9419028,"y":35438698,"z":3670016,"angle":3875536896,"subsector":4566993496},"type":"player","health":45,"armor":57,"id":4567120880}}
{"counter":3598,"type":"move","frame":{"millis":23315,"tic":816},"actor":{"position":{"x":9572064,"y":35456469,"z":3670016,"angle":3875536896,"subsector":4566993496},"type":"player","health":45,"armor":57,"id":4567120880}}
{"counter":3599,"type":"move","frame":{"millis":23315,"tic":816},"actor":{"position":{"x":20321189,"y":38386182,"z":3670016,"angle":2684354560,"subsector":4566993528},"type":"soldier","health":-4,"id":4567131608}}
{"counter":3600,"type":"move","frame":{"millis":23315,"tic":816},"actor":{"position":{"x":16398089,"y":36842389,"z":3670016,"angle":2684354560,"subsector":4566993528},"type":"imp","health":-3,"id":4567132136}}
{"counter":3601,"type":"move","frame":{"millis":23315,"tic":816},"actor":{"position":{"x":10789016,"y":43515486,"z":3670016,"angle":0,"subsector":4566993496},"type":"imp","health":48,"id":4567132400}}
{"counter":3602,"type":"move","frame":{"millis":23315,"tic":816},"actor":{"position":{"x":54843648,"y":13313792,"z":0,"angle":2684354560,"subsector":4566994408},"type":"shotgun_soldier","health":30,"id":4567137680}}
{"counter":3603,"type":"move","frame":{"millis":23315,"tic":816},"actor":{"position":{"x":-28687552,"y":70678336,"z":0,"angle":3221225472,"subsector":4566996712},"type":"soldier","health":20,"id":4567138736}}
{"counter":3604,"type":"move","frame":{"millis":23315,"tic":816},"actor":{"position":{"x":-29052992,"y":33766080,"z":0,"angle":1610612736,"subsector":4566993400},"type":"soldier","health":20,"id":4567139528}}
{"counter":3605,"type":"move","frame":{"millis":23315,"tic":816},"actor":{"position":{"x":-31902144,"y":65843136,"z":0,"angle":1073741824,"subsector":4566996712},"type":"shotgun_soldier","health":30,"id":4567155632}}
{"counter":3606,"type":"move","frame":{"millis":23315,"tic":816},"actor":{"position":{"x":-28597568,"y":40428480,"z":0,"angle":3221225472,"subsector":4566993352},"type":"shotgun_soldier","health":30,"id":4567156160}}
{"counter":3607,"type":"move","frame":{"millis":23315,"tic":816},"actor":{"position":{"x":-4252608,"y":27728960,"z":0,"angle":536870912,"subsector":4566993432},"type":"shotgun_soldier","health":30,"id":4567156424}}
{"counter":3608,"type":"move","frame":{"millis":23315,"tic":816},"actor":{"position":{"x":-1533264,"y":10236816,"z":0,"angle":536870912,"subsector":4566993176},"type":"spectre","health":150,"id":4567162232}}
{"counter":3609,"type":"move","frame":{"millis":23343,"tic":817},"actor":{"position":{"x":9572064,"y":35456469,"z":3670016,"angle":3875536896,"subsector":4566993496},"type":"player","health":45,"armor":57,"id":4567120880}}
{"counter":3610,"type":"move","frame":{"millis":23343,"tic":817},"actor":{"position":{"x":9794494,"y":35413643,"z":3670016,"angle":3875536896,"subsector":4566993496},"type":"player","health":45,"armor":57,"id":4567120880}}
{"counter":3611,"type":"move","frame":{"millis":23343,"tic":817},"actor":{"position":{"x":20419882,"y":38384857,"z":3670016,"angle":2684354560,"subsector":4566993528},"type":"soldier","health":-4,"id":4567131608}}
{"counter":3612,"type":"move","frame":{"millis":23343,"tic":817},"actor":{"position":{"x":16379884,"y":36906709,"z":3670016,"angle":2684354560,"subsector":4566993528},"type":"imp","health":-3,"id":4567132136}}
{"counter":3613,"type":"move","frame":{"millis":23343,"tic":817},"actor":{"position":{"x":1790016,"y":25404096,"z":0,"angle":1610612736,"subsector":4566993432},"type":"imp","health":60,"id":4567132928}}
{"counter":3614,"type":"move","frame":{"millis":23343,"tic":817},"actor":{"position":{"x":17538736,"y":9667536,"z":0,"angle":1610612736,"subsector":4566993048},"type":"spectre","health":150,"id":4567137416}}
{"counter":3615,"type":"move","frame":{"millis":23343,"tic":817},"actor":{"position":{"x":1562304,"y":28300992,"z":0,"angle":2684354560,"subsector":4566993432},"type":"shotgun_soldier","health":30,"id":4567139792}}
{"counter":3616,"type":"move","frame":{"millis":23344,"tic":817},"actor":{"position":{"x":59860304,"y":19516528,"z":0,"angle":3221225472,"subsector":4566994312},"type":"spectre","health":150,"id":4567166984}}
{"counter":3617,"type":"move","frame":{"millis":23344,"tic":817},"actor":{"position":{"x":2648064,"y":12492928,"z":0,"angle":3221225472,"subsector":4566993176},"type":"imp","health":60,"id":4567172264}}
{"counter":3618,"type":"move","frame":{"millis":23344,"tic":817},"actor":{"position":{"x":-4003776,"y":21458624,"z":0,"angle":1073741824,"subsector":4566993256},"type":"shotgun_soldier","health":30,"id":4567172528}}
{"counter":3619,"type":"move","frame":{"millis":23372,"tic":818},"actor":{"position":{"x":9794494,"y":35413643,"z":3670016,"angle":3875536896,"subsector":4566993496},"type":"player","health":45,"armor":57,"id":4567120880}}
{"counter":3620,"type":"move","frame":{"millis":23373,"tic":818},"actor":{"position":{"x":10079813,"y":35315901,"z":3670016,"angle":3875536896,"subsector":4566993496},"type":"player","health":45,"armor":57,"id":4567120880}}
{"counter":3621,"type":"move","frame":{"millis":23373,"tic":818},"actor":{"position":{"x":20509322,"y":38383656,"z":3670016,"angle":2684354560,"subsector":4566993528},"type":"soldier","health":-4,"id":4567131608}}
{"counter":3622,"type":"move","frame":{"millis":23373,"tic":818},"actor":{"position":{"x":16363385,"y":36964999,"z":3670016,"angle":2684354560,"subsector":4566993528},"type":"imp","health":-3,"id":4567132136}}
{"counter":3623,"type":"move","frame":{"millis":23373,"tic":818},"actor":{"position":{"x":13430661,"y":38454469,"z":3670016,"angle":1073741824,"subsector":4566993496},"type":"imp","health":33,"id":4567132664}}
{"counter":3624,"type":"move","frame":{"millis":23373,"tic":818},"actor":{"position":{"x":-29842176,"y":36726784,"z":0,"angle":3758096384,"subsector":4566993352},"type":"soldier","health":20,"id":4567137944}}
{"counter":3625,"type":"move","frame":{"millis":23373,"tic":818},"actor":{"position":{"x":-9733760,"y":78939776,"z":0,"angle":536870912,"subsector":4566996760},"type":"shotgun_soldier","health":30,"id":4567155368}}
{"counter":3626,"type":"move","frame":{"millis":23373,"tic":818},"actor":{"position":{"x":-1063264,"y":10706816,"z":0,"angle":536870912,"subsector":4566993176},"type":"spectre","health":150,"id":4567162232}}
{"counter":3627,"type":"move","frame":{"millis":23373,"tic":818},"actor":{"position":{"x":8388608,"y":31769472,"z":3670016,"angle":1610612736,"subsector":4566993496},"type":"imp","health":60,"id":4567172000}}
{"counter":3628,"type":"move","frame":{"millis":23400,"tic":819},"actor":{"position":{"x":10079813,"y":35315901,"z":3670016,"angle":3875536896,"subsector":4566993496},"type":"player","health":45,"armor":57,"id":4567120880}}
{"counter":3629,"type":"move","frame":{"millis":23400,"tic":819},"actor":{"position":{"x":10422125,"y":35168392,"z":3670016,"angle":3875536896,"subsector":4566993496},"type":"player","health":45,"armor":57,"id":4567120880}}
{"counter":3630,"type":"move","frame":{"millis":23400,"tic":819},"actor":{"position":{"x":20590377,"y":38382567,"z":3670016,"angle":2684354560,"subsector":4566993528},"type":"soldier","health":-4,"id":4567131608}}
{"counter":3631,"type":"move","frame":{"millis":23400,"tic":819},"actor":{"position":{"x":16348432,"y":37017824,"z":3670016,"angle":2684354560,"subsector":4566993528},"type":"imp","health":-3,"id":4567132136}}
{"counter":3632,"type":"move","frame":{"millis":23400,"tic":819},"actor":{"position":{"x":11313304,"y":43515486,"z":3670016,"angle":0,"subsector":4566993496},"type":"imp","health":48,"id":4567132400}}
{"counter":3633,"type":"move","frame":{"millis":23400,"tic":819},"actor":{"position":{"x":17068736,"y":10137536,"z":0,"angle":1610612736,"subsector":4566993048},"type":"spectre","health":150,"id":4567137416}}
{"counter":3634,"type":"move","frame":{"millis":23400,"tic":819},"actor":{"position":{"x":54319360,"y":13313792,"z":0,"angle":2147483648,"subsector":4566994408},"type":"shotgun_soldier","health":30,"id":4567137680}}
{"counter":3635,"type":"move","frame":{"millis":23400,"tic":819},"actor":{"position":{"x":-37965888,"y":57364544,"z":0,"angle":2147483648,"subsector":4566991144},"type":"soldier","health":20,"id":4567138208}}
{"counter":3636,"type":"move","frame":{"millis":23400,"tic":819},"actor":{"position":{"x":-31377856,"y":65843136,"z":0,"angle":536870912,"subsector":4566996712},"type":"shotgun_soldier","health":30,"id":4567155632}}
{"counter":3637,"type":"move","frame":{"millis":23400,"tic":819},"actor":{"position":{"x":-28597568,"y":39904192,"z":0,"angle":3221225472,"subsector":4566993352},"type":"shotgun_soldier","health":30,"id":4567156160}}
{"counter":3638,"type":"move","frame":{"millis":23400,"tic":819},"actor":{"position":{"x":-3876608,"y":28104960,"z":0,"angle":536870912,"subsector":4566993432},"type":"shotgun_soldier","health":30,"id":4567156424}}
{"counter":3639,"type":"move","frame":{"millis":23400,"tic":819},"actor":{"position":{"x":59860304,"y":18861168,"z":0,"angle":3221225472,"subsector":4566994312},"type":"spectre","health":150,"id":4567166984}}
{"counter":3640,"type":"move","frame":{"millis":23429,"tic":820},"actor":{"position":{"x":10422125,"y":35168392,"z":3670016,"angle":3875536896,"subsector":4566993496},"type":"player","health":45,"armor":57,"id":4567120880}}
{"counter":3641,"type":"move","frame":{"millis":23429,"tic":820},"actor":{"position":{"x":10816087,"y":34975781,"z":3670016,"angle":3875536896,"subsector":4566993496},"type":"player","health":45,"armor":57,"id":4567120880}}
{"counter":3642,"type":"move","frame":{"millis":23429,"tic":820},"actor":{"position":{"x":20663833,"y":38381580,"z":3670016,"angle":2684354560,"subsector":4566993528},"type":"soldier","health":-4,"id":4567131608}}
{"counter":3643,"type":"move","frame":{"millis":23429,"tic":820},"actor":{"position":{"x":16334880,"y":37065696,"z":3670016,"angle":2684354560,"subsector":4566993528},"type":"imp","health":-3,"id":4567132136}}
{"counter":3644,"type":"move","frame":{"millis":23429,"tic":820},"actor":{"position":{"x":2314304,"y":25404096,"z":0,"angle":1073741824,"subsector":4566993432},"type":"imp","health":60,"id":4567132928}}
{"counter":3645,"type":"move","frame":{"millis":23429,"tic":820},"actor":{"position":{"x":-28687552,"y":70154048,"z":0,"angle":3221225472,"subsector":4566996712},"type":"soldier","health":20,"id":4567138736}}
{"counter":3646,"type":"move","frame":{"millis":23429,"tic":820},"actor":{"position":{"x":-29052992,"y":33241792,"z":0,"angle":1610612736,"subsector":4566993400},"type":"soldier","health":20,"id":4567139528}}
{"counter":3647,"type":"move","frame":{"millis":23429,"tic":820},"actor":{"position":{"x":2086592,"y":28300992,"z":0,"angle":3221225472,"subsector":4566993432},"type":"shotgun_soldier","health":30,"id":4567139792}}
{"counter":3648,"type":"move","frame":{"millis":23429,"tic":820},"actor":{"position":{"x":-1063264,"y":11362176,"z":0,"angle":536870912,"subsector":4566993176},"type":"spectre","health":150,"id":4567162232}}
{"counter":3649,"type":"move","frame":{"millis":23429,"tic":820},"actor":{"position":{"x":2648064,"y":11968640,"z":0,"angle":3221225472,"subsector":4566993176},"type":"imp","health":60,"id":4567172264}}
{"counter":3650,"type":"move","frame":{"millis":23429,"tic":820},"actor":{"position":{"x":-3627776,"y":21834624,"z":0,"angle":536870912,"subsector":4566993256},"type":"shotgun_soldier","health":30,"id":4567172528}}
{"counter":3651,"type":"move","frame":{"millis":23458,"tic":821},"actor":{"position":{"x":10816087,"y":34975781,"z":3670016,"angle":3875536896,"subsector":4566993496},"type":"player","health":45,"armor":57,"id":4567120880}}
{"counter":3652,"type":"move","frame":{"millis":23458,"tic":821},"actor":{"position":{"x":11256857,"y":34742297,"z":3670016,"angle":3875536896,"subsector":4566993496},"type":"player","health":45,"armor":57,"id":4567120880}}
{"counter":3653,"type":"move","frame":{"millis":23458,"tic":821},"actor":{"position":{"x":20730402,"y":38380685,"z":3670016,"angle":2684354560,"subsector":4566993528},"type":"soldier","health":-4,"id":4567131608}}
{"counter":3654,"type":"move","frame":{"millis":23458,"tic":821},"actor":{"position":{"x":16322598,"y":37109080,"z":3670016,"angle":2684354560,"subsector":4566993528},"type":"imp","health":-3,"id":4567132136}}
{"counter":3655,"type":"move","frame":{"millis":23458,"tic":821},"actor":{"position":{"x":13430661,"y":38978757,"z":3670016,"angle":1073741824,"subsector":4566993496},"type":"imp","health":33,"id":4567132664}}
{"counter":3656,"type":"move","frame":{"millis":23458,"tic":821},"actor":{"position":{"x":16598736,"y":10607536,"z":0,"angle":1610612736,"subsector":4566993048},"type":"spectre","health":150,"id":4567137416}}
{"counter":3657,"type":"move","frame":{"millis":23458,"tic":821},"actor":{"position":{"x":-10258048,"y":78939776,"z":0,"angle":1073741824,"subsector":4566996760},"type":"shotgun_soldier","health":30,"id":4567155368}}
{"counter":3658,"type":"move","frame":{"millis":23458,"tic":821},"actor":{"position":{"x":59860304,"y":18205808,"z":0,"angle":3221225472,"subsector":4566994312},"type":"spectre","health":150,"id":4567166984}}
{"counter":3659,"type":"move","frame":{"millis":23458,"tic":821},"actor":{"position":{"x":8012608,"y":32145472,"z":3670016,"angle":1610612736,"subsector":4566993496},"type":"imp","health":60,"id":4567172000}}
{"counter":3660,"type":"move","frame":{"millis":23486,"tic":822},"actor":{"position":{"x":11256857,"y":34742297,"z":3670016,"angle":3875536896,"subsector":4566993496},"type":"player","health":45,"armor":57,"id":4567120880}}
{"counter":3661,"type":"move","frame":{"millis":23486,"tic":822},"actor":{"position":{"x":11740046,"y":34471772,"z":3670016,"angle":3875536896,"subsector":4566993496},"type":"player","health":45,"armor":57,"id":4567120880}}
{"counter":3662,"type":"move","frame":{"millis":23486,"tic":822},"actor":{"position":{"x":20790730,"y":38379873,"z":3670016,"angle":2684354560,"subsector":4566993528},"type":"soldier","health":-4,"id":4567131608}}
{"counter":3663,"type":"move","frame":{"millis":23486,"tic":822},"actor":{"position":{"x":16311467,"y":37148396,"z":3670016,"angle":2684354560,"subsector":4566993528},"type":"imp","health":-3,"id":4567132136}}
{"counter":3664,"type":"move","frame":{"millis":23486,"tic":822},"actor":{"position":{"x":11837592,"y":43515486,"z":3670016,"angle":0,"subsector":4566993496},"type":"imp","health":48,"id":4567132400}}
{"counter":3665,"type":"move","frame":{"millis":23486,"tic":822},"actor":{"position":{"x":53795072,"y":13313792,"z":0,"angle":2147483648,"subsector":4566994408},"type":"shotgun_soldier","health":30,"id":4567137680}}
{"counter":3666,"type":"move","frame":{"millis":23486,"tic":822},"actor":{"position":{"x":-29317888,"y":36726784,"z":0,"angle":0,"subsector":4566993352},"type":"soldier","health":20,"id":4567137944}}
{"counter":3667,"type":"move","frame":{"millis":23486,"tic":822},"actor":{"position":{"x":-30853568,"y":65843136,"z":0,"angle":0,"subsector":4566996712},"type":"shotgun_soldier","health":30,"id":4567155632}}
{"counter":3668,"type":"move","frame":{"millis":23486,"tic":822},"actor":{"position":{"x":-28597568,"y":39379904,"z":0,"angle":3221225472,"subsector":4566993352},"type":"shotgun_soldier","health":30,"id":4567156160}}
{"counter":3669,"type":"move","frame":{"millis":23486,"tic":822},"actor":{"position":{"x":-3500608,"y":28480960,"z":0,"angle":536870912,"subsector":4566993432},"type":"shotgun_soldier","health":30,"id":4567156424}}
{"counter":3670,"type":"move","frame":{"millis":23486,"tic":822},"actor":{"position":{"x":-1063264,"y":12017536,"z":0,"angle":1073741824,"subsector":4566993176},"type":"spectre","health":150,"id":4567162232}}
{"counter":3671,"type":"move","frame":{"millis":23515,"tic":823},"actor":{"position":{"x":11740046,"y":34471772,"z":3670016,"angle":3875536896,"subsector":4566993496},"type":"player","health":45,"armor":57,"id":4567120880}}
{"counter":3672,"type":"move","frame":{"millis":23515,"tic":823},"actor":{"position":{"x":12261678,"y":34167678,"z":3670016,"angle":3875536896,"subsector":4566993496},"type":"player","health":45,"armor":57,"id":4567120880}}
{"counter":3673,"type":"move","frame":{"millis":23515,"tic":823},"actor":{"position":{"x":20845402,"y":38379137,"z":3670016,"angle":2684354560,"subsector":4566993528},"type":"soldier","health":-4,"id":4567131608}}
{"counter":3674,"type":"move","frame":{"millis":23515,"tic":823},"actor":{"position":{"x":16301379,"y":37184026,"z":3670016,"angle":2684354560,"subsector":4566993528},"type":"imp","health":-3,"id":4567132136}}
{"counter":3675,"type":"move","frame":{"millis":23515,"tic":823},"actor":{"position":{"x":2838592,"y":25404096,"z":0,"angle":536870912,"subsector":4566993432},"type":"imp","health":60,"id":4567132928}}
{"counter":3676,"type":"move","frame":{"millis":23515,"tic":823},"actor":{"position":{"x":15943376,"y":10607536,"z":0,"angle":1610612736,"subsector":4566993048},"type":"spectre","health":150,"id":4567137416}}
{"counter":3677,"type":"move","frame":{"millis":23515,"tic":823},"actor":{"position":{"x":-38490176,"y":57364544,"z":0,"angle":2147483648,"subsector":4566991144},"type":"soldier","health":20,"id":4567138208}}
{"counter":3678,"type":"move","frame":{"millis":23515,"tic":823},"actor":{"position":{"x":2610880,"y":28300992,"z":0,"angle":3758096384,"subsector":4566993432},"type":"shotgun_soldier","health":30,"id":4567139792}}
{"counter":3679,"type":"move","frame":{"millis":23515,"tic":823},"actor":{"position":{"x":59860304,"y":17550448,"z":0,"angle":3221225472,"subsector":4566994312},"type":"spectre","health":150,"id":4567166984}}
{"counter":3680,"type":"move","frame":{"millis":23515,"tic":823},"actor":{"position":{"x":2648064,"y":11444352,"z":0,"angle":3221225472,"subsector":4566993176},"type":"imp","health":60,"id":4567172264}}
{"counter":3681,"type":"enter_subsector","frame":{"millis":23515,"tic":823},"actor":{"position":{"x":-3251776,"y":22210624,"z":0,"angle":536870912,"subsector":4566993240},"type":"shotgun_soldier","health":30,"id":4567172528}}
{"counter":3682,"type":"move","frame":{"millis":23515,"tic":823},"actor":{"position":{"x":-3251776,"y":22210624,"z":0,"angle":536870912,"subsector":4566993240},"type":"shotgun_soldier","health":30,"id":4567172528}}
{"counter":3683,"type":"move","frame":{"millis":23543,"tic":824},"actor":{"position":{"x":12261678,"y":34167678,"z":3670016,"angle":3875536896,"subsector":4566993496},"type":"player","health":45,"armor":57,"id":4567120880}}
{"counter":3684,"type":"move","frame":{"millis":23543,"tic":824},"actor":{"position":{"x":12818149,"y":33833162,"z":3670016,"angle":3875536896,"subsector":4566993496},"type":"player","health":45,"armor":57,"id":4567120880}}
{"counter":3685,"type":"move","frame":{"millis":23543,"tic":824},"actor":{"position":{"x":20894948,"y":38378470,"z":3670016,"angle":2684354560,"subsector":4566993528},"type":"soldier","health":-4,"id":4567131608}}
{"counter":3686,"type":"move","frame":{"millis":23543,"tic":824},"actor":{"position":{"x":16292236,"y":37216315,"z":3670016,"angle":2684354560,"subsector":4566993528},"type":"imp","health":-3,"id":4567132136}}
{"counter":3687,"type":"move","frame":{"millis":23543,"tic":824},"actor":{"position":{"x":13430661,"y":39503045,"z":3670016,"angle":1073741824,"subsector":4566993496},"type":"imp","health":33,"id":4567132664}}
{"counter":3688,"type":"move","frame":{"millis":23543,"tic":824},"actor":{"position":{"x":-28687552,"y":69629760,"z":0,"angle":3221225472,"subsector":4566996712},"type":"soldier","health":20,"id":4567138736}}
{"counter":3689,"type":"move","frame":{"millis":23543,"tic":824},"actor":{"position":{"x":-28528704,"y":33241792,"z":0,"angle":2147483648,"subsector":4566993400},"type":"soldier","health":20,"id":4567139528}}
{"counter":3690,"type":"move","frame":{"millis":23543,"tic":824},"actor":{"position":{"x":-10782336,"y":78939776,"z":0,"angle":1610612736,"subsector":4566996760},"type":"shotgun_soldier","health":30,"id":4567155368}}
{"counter":3691,"type":"move","frame":{"millis":23543,"tic":824},"actor":{"position":{"x":-1063264,"y":12672896,"z":0,"angle":1073741824,"subsector":4566993176},"type":"spectre","health":150,"id":4567162232}}
{"counter":3692,"type":"move","frame":{"millis":23543,"tic":824},"actor":{"position":{"x":7636608,"y":32521472,"z":3670016,"angle":1610612736,"subsector":4566993496},"type":"imp","health":60,"id":4567172000}}
{"counter":3693,"type":"move","frame":{"millis":23573,"tic":825},"actor":{"position":{"x":12818149,"y":33833162,"z":3670016,"angle":3875536896,"subsector":4566993496},"type":"player","health":45,"armor":57,"id":4567120880}}
{"counter":3694,"type":"move","frame":{"millis":23573,"tic":825},"actor":{"position":{"x":13406192,"y":33471076,"z":3670016,"angle":3875536896,"subsector":4566993496},"type":"player","health":45,"armor":57,"id":4567120880}}
{"counter":3695,"type":"move","frame":{"millis":23573,"tic":825},"actor":{"position":{"x":20939849,"y":38377865,"z":3670016,"angle":2684354560,"subsector":4566993528},"type":"soldier","health":-4,"id":4567131608}}
{"counter":3696,"type":"move","frame":{"millis":23573,"tic":825},"actor":{"position":{"x":16283950,"y":37245576,"z":3670016,"angle":2684354560,"subsector":4566993528},"type":"imp","health":-3,"id":4567132136}}
{"counter":3697,"type":"move","frame":{"millis":23573,"tic":825},"actor":{"position":{"x":12361880,"y":43515486,"z":3670016,"angle":0,"subsector":4566993496},"type":"imp","health":48,"id":4567132400}}
{"counter":3698,"type":"move","frame":{"millis":23573,"tic":825},"actor":{"position":{"x":15288016,"y":10607536,"z":0,"angle":2147483648,"subsector":4566993048},"type":"spectre","health":150,"id":4567137416}}
{"counter":3699,"type":"move","frame":{"millis":23573,"tic":825},"actor":{"position":{"x":53270784,"y":13313792,"z":0,"angle":2147483648,"subsector":4566994408},"type":"shotgun_soldier","health":30,"id":4567137680}}
{"counter":3700,"type":"move","frame":{"millis":23573,"tic":825},"actor":{"position":{"x":-30329280,"y":65843136,"z":0,"angle":0,"subsector":4566996712},"type":"shotgun_soldier","health":30,"id":4567155632}}
{"counter":3701,"type":"move","frame":{"millis":23573,"tic":825},"actor":{"position":{"x":-28973568,"y":39755904,"z":0,"angle":3221225472,"subsector":4566993352},"type":"shotgun_soldier","health":30,"id":4567156160}}
{"counter":3702,"type":"move","frame":{"millis":23573,"tic":825},"actor":{"position":{"x":-3124608,"y":28856960,"z":0,"angle":536870912,"subsector":4566993432},"type":"shotgun_soldier","health":30,"id":4567156424}}
{"counter":3703,"type":"move","frame":{"millis":23573,"tic":825},"actor":{"position":{"x":59860304,"y":16895088,"z":0,"angle":3221225472,"subsector":4566994312},"type":"spectre","health":150,"id":4567166984}}
{"counter":3704,"type":"move","frame":{"millis":23600,"tic":826},"actor":{"position":{"x":13406192,"y":33471076,"z":3670016,"angle":3858759680,"subsector":4566993496},"type":"player","health":45,"armor":57,"id":4567120880}}
{"counter":3705,"type":"move","frame":{"millis":23600,"tic":826},"actor":{"position":{"x":14021375,"y":33081967,"z":3670016,"angle":3858759680,"subsector":4566993496},"type":"player","health":45,"armor":57,"id":4567120880}}
{"counter":3706,"type":"move","frame":{"millis":23600,"tic":826},"actor":{"position":{"x":20980540,"y":38377316,"z":3670016,"angle":2684354560,"subsector":4566993528},"type":"soldier","health":-4,"id":4567131608}}
{"counter":3707,"type":"move","frame":{"millis":23600,"tic":826},"actor":{"position":{"x":16276440,"y":37272093,"z":3670016,"angle":2684354560,"subsector":4566993528},"type":"imp","health":-3,"id":4567132136}}
{"counter":3708,"type":"move","frame":{"millis":23600,"tic":826},"actor":{"position":{"x":2838592,"y":24879808,"z":0,"angle":0,"subsector":4566993432},"type":"imp","health":60,"id":4567132928}}
{"counter":3709,"type":"move","frame":{"millis":23600,"tic":826},"actor":{"position":{"x":-28793600,"y":36726784,"z":0,"angle":0,"subsector":4566993352},"type":"soldier","health":20,"id":4567137944}}
{"counter":3710,"type":"move","frame":{"millis":23600,"tic":826},"actor":{"position":{"x":2610880,"y":28825280,"z":0,"angle":0,"subsector":4566993432},"type":"shotgun_soldier","health":30,"id":4567139792}}
{"counter":3711,"type":"move","frame":{"millis":23600,"tic":826},"actor":{"position":{"x":-1063264,"y":13328256,"z":0,"angle":1073741824,"subsector":4566993176},"type":"spectre","health":150,"id":4567162232}}
{"counter":3712,"type":"move","frame":{"millis":23600,"tic":826},"actor":{"position":{"x":2648064,"y":10920064,"z":0,"angle":3221225472,"subsector":4566993176},"type":"imp","health":60,"id":4567172264}}
{"counter":3713,"type":"move","frame":{"millis":23600,"tic":826},"actor":{"position":{"x":-2875776,"y":22586624,"z":0,"angle":536870912,"subsector":4566993240},"type":"shotgun_soldier","health":30,"id":4567172528}}
{"counter":3714,"type":"move","frame":{"millis":23629,"tic":827},"actor":{"position":{"x":14021375,"y":33081967,"z":3670016,"angle":3825205248,"subsector":4566993496},"type":"player","health":45,"armor":57,"id":4567120880}}
{"counter":3715,"type":"move","frame":{"millis":23629,"tic":827},"actor":{"position":{"x":14658063,"y":32664404,"z":3670016,"angle":3825205248,"subsector":4566993496},"type":"player","health":45,"armor":57,"id":4567120880}}
{"counter":3716,"type":"move","frame":{"millis":23629,"tic":827},"actor":{"position":{"x":21017416,"y":38376818,"z":3670016,"angle":2684354560,"subsector":4566993528},"type":"soldier","health":-4,"id":4567131608}}
{"counter":3717,"type":"move","frame":{"millis":23629,"tic":827},"actor":{"position":{"x":16269634,"y":37296124,"z":3670016,"angle":2684354560,"subsector":4566993528},"type":"imp","health":-3,"id":4567132136}}
{"counter":3718,"type":"move","frame":{"millis":23629,"tic":827},"actor":{"position":{"x":13430661,"y":40027333,"z":3670016,"angle":1073741824,"subsector":4566993496},"type":"imp","health":33,"id":4567132664}}
{"counter":3719,"type":"move","frame":{"millis":23629,"tic":827},"actor":{"position":{"x":14632656,"y":10607536,"z":0,"angle":2147483648,"subsector":4566993032},"type":"spectre","health":150,"id":4567137416}}
{"counter":3720,"type":"move","frame":{"millis":23630,"tic":827},"actor":{"position":{"x":-39014464,"y":57364544,"z":0,"angle":2147483648,"subsector":4566991144},"type":"soldier","health":20,"id":4567138208}}
{"counter":3721,"type":"move","frame":{"millis":23630,"tic":827},"actor":{"position":{"x":-11306624,"y":78939776,"z":0,"angle":2147483648,"subsector":4566996760},"type":"shotgun_soldier","health":30,"id":4567155368}}
{"counter":3722,"type":"move","frame":{"millis":23630,"tic":827},"actor":{"position":{"x":59390304,"y":17365088,"z":0,"angle":3221225472,"subsector":4566994312},"type":"spectre","health":150,"id":4567166984}}
{"counter":3723,"type":"attacked","frame":{"millis":23630,"tic":827},"actor":{"position":{"x":7636608,"y":32521472,"z":3670016,"angle":1610612736,"subsector":4566993496},"type":"imp","health":60,"id":4567172000},"target":{"position":{"x":14658063,"y":32664404,"z":3670016,"angle":3825205248,"subsector":4566993496},"type":"player","health":45,"armor":57,"id":4567120880}}
{"counter":3724,"type":"move","frame":{"millis":23658,"tic":828},"actor":{"position":{"x":14658063,"y":32664404,"z":3670016,"angle":3774873600,"subsector":4566993496},"type":"player","health":45,"armor":57,"id":4567120880}}
{"counter":3725,"type":"move","frame":{"millis":23658,"tic":828},"actor":{"position":{"x":15309250,"y":32215407,"z":3670016,"angle":3774873600,"subsector":4566993528},"type":"player","health":45,"armor":57,"id":4567120880}}
{"counter":3726,"type":"move","frame":{"millis":23658,"tic":828},"actor":{"position":{"x":21050834,"y":38376366,"z":3670016,"angle":2684354560,"subsector":4566993528},"type":"soldier","health":-4,"id":4567131608}}
{"counter":3727,"type":"move","frame":{"millis":23658,"tic":828},"actor":{"position":{"x":16263466,"y":37317902,"z":3670016,"angle":2684354560,"subsector":4566993528},"type":"imp","health":-3,"id":4567132136}}
{"counter":3728,"type":"move","frame":{"millis":23658,"tic":828},"actor":{"position":{"x":12886168,"y":43515486,"z":3670016,"angle":0,"subsector":4566993496},"type":"imp","health":48,"id":4567132400}}
{"counter":3729,"type":"move","frame":{"millis":23658,"tic":828},"actor":{"position":{"x":52746496,"y":13313792,"z":0,"angle":2147483648,"subsector":4566994408},"type":"shotgun_soldier","health":30,"id":4567137680}}
{"counter":3730,"type":"move","frame":{"millis":23658,"tic":828},"actor":{"position":{"x":-28687552,"y":69105472,"z":0,"angle":3221225472,"subsector":4566996712},"type":"soldier","health":20,"id":4567138736}}
{"counter":3731,"type":"move","frame":{"millis":23658,"tic":828},"actor":{"position":{"x":-28152704,"y":32865792,"z":0,"angle":2684354560,"subsector":4566993400},"type":"soldier","health":20,"id":4567139528}}
{"counter":3732,"type":"move","frame":{"millis":23658,"tic":828},"actor":{"position":{"x":-29804992,"y":65843136,"z":0,"angle":0,"subsector":4566996712},"type":"shotgun_soldier","health":30,"id":4567155632}}
{"counter":3733,"type":"move","frame":{"millis":23658,"tic":828},"actor":{"position":{"x":-29349568,"y":40131904,"z":0,"angle":2684354560,"subsector":4566993352},"type":"shotgun_soldier","health":30,"id":4567156160}}
{"counter":3734,"type":"move","frame":{"millis":23658,"tic":828},"actor":{"position":{"x":-2748608,"y":29232960,"z":0,"angle":536870912,"subsector":4566993432},"type":"shotgun_soldier","health":30,"id":4567156424}}
{"counter":3735,"type":"move","frame":{"millis":23658,"tic":828},"actor":{"position":{"x":-1063264,"y":13983616,"z":0,"angle":1073741824,"subsector":4566993176},"type":"spectre","health":150,"id":4567162232}}
{"counter":3736,"type":"move","frame":{"millis":23687,"tic":829},"actor":{"position":{"x":15309250,"y":32215407,"z":3670016,"angle":3741319168,"subsector":4566993528},"type":"player","health":45,"armor":57,"id":4567120880}}
{"counter":3737,"type":"move","frame":{"millis":23687,"tic":829},"actor":{"position":{"x":15970023,"y":31734368,"z":3670016,"angle":3741319168,"subsector":4566993528},"type":"player","health":45,"armor":57,"id":4567120880}}
{"counter":3738,"type":"move","frame":{"millis":23687,"tic":829},"actor":{"position":{"x":21081119,"y":38375956,"z":3670016,"angle":2684354560,"subsector":4566993528},"type":"soldier","health":-4,"id":4567131608}}
{"counter":3739,"type":"move","frame":{"millis":23687,"tic":829},"actor":{"position":{"x":16257876,"y":37337638,"z":3670016,"angle":2684354560,"subsector":4566993528},"type":"imp","health":-3,"id":4567132136}}
{"counter":3740,"type":"move","frame":{"millis":23687,"tic":829},"actor":{"position":{"x":2462592,"y":25255808,"z":0,"angle":3758096384,"subsector":4566993432},"type":"imp","health":60,"id":4567132928}}
{"counter":3741,"type":"move","frame":{"millis":23687,"tic":829},"actor":{"position":{"x":13977296,"y":10607536,"z":0,"angle":2147483648,"subsector":4566993032},"type":"spectre","health":150,"id":4567137416}}
{"counter":3742,"type":"move","frame":{"millis":23687,"tic":829},"actor":{"position":{"x":2610880,"y":29349568,"z":0,"angle":536870912,"subsector":4566993432},"type":"shotgun_soldier","health":30,"id":4567139792}}
{"counter":3743,"type":"move","frame":{"millis":23687,"tic":829},"actor":{"position":{"x":58920304,"y":17835088,"z":0,"angle":2684354560,"subsector":4566994312},"type":"spectre","health":150,"id":4567166984}}
{"counter":3744,"type":"move","frame":{"millis":23687,"tic":829},"actor":{"position":{"x":2648064,"y":10395776,"z":0,"angle":3221225472,"subsector":4566993176},"type":"imp","health":60,"id":4567172264}}
{"counter":3745,"type":"move","frame":{"millis":23687,"tic":829},"actor":{"position":{"x":-2499776,"y":22962624,"z":0,"angle":536870912,"subsector":4566993240},"type":"shotgun_soldier","health":30,"id":4567172528}}
{"counter":3746,"type":"move","frame":{"millis":23716,"tic":830},"actor":{"position":{"x":15970023,"y":31734368,"z":3670016,"angle":3724541952,"subsector":4566993528},"type":"player","health":45,"armor":57,"id":4567120880}}
{"counter":3747,"type":"move","frame":{"millis":23716,"tic":830},"actor":{"position":{"x":16637643,"y":31222579,"z":3670016,"angle":3724541952,"subsector":4566993560},"type":"player","health":45,"armor":57,"id":4567120880}}
{"counter":3748,"type":"move","frame":{"millis":23716,"tic":830},"actor":{"position":{"x":21108564,"y":38375584,"z":3670016,"angle":2684354560,"subsector":4566993528},"type":"soldier","health":-4,"id":4567131608}}
{"counter":3749,"type":"move","frame":{"millis":23716,"tic":830},"actor":{"position":{"x":16252810,"y":37355523,"z":3670016,"angle":2684354560,"subsector":4566993528},"type":"imp","health":-3,"id":4567132136}}
{"counter":3750,"type":"move","frame":{"millis":23716,"tic":830},"actor":{"position":{"x":13430661,"y":40551621,"z":3670016,"angle":1073741824,"subsector":4566993496},"type":"imp","health":33,"id":4567132664}}
{"counter":3751,"type":"move","frame":{"millis":23716,"tic":830},"actor":{"position":{"x":-28793600,"y":36202496,"z":0,"angle":0,"subsector":4566993352},"type":"soldier","health":20,"id":4567137944}}
{"counter":3752,"type":"move","frame":{"millis":23716,"tic":830},"actor":{"position":{"x":-11830912,"y":78939776,"z":0,"angle":2147483648,"subsector":4566996760},"type":"shotgun_soldier","health":30,"id":4567155368}}
{"counter":3753,"type":"move","frame":{"millis":23716,"tic":830},"actor":{"position":{"x":-1063264,"y":14638976,"z":0,"angle":1073741824,"subsector":4566993176},"type":"spectre","health":150,"id":4567162232}}
{"counter":3754,"type":"move","frame":{"millis":23743,"tic":831},"actor":{"position":{"x":16637643,"y":31222579,"z":3670016,"angle":3640655872,"subsector":4566993560},"type":"player","health":45,"armor":57,"id":4567120880}}
{"counter":3755,"type":"move","frame":{"millis":23743,"tic":831},"actor":{"position":{"x":17301666,"y":30675073,"z":3670016,"angle":3640655872,"subsector":4566993560},"type":"player","health":45,"armor":57,"id":4567120880}}
{"counter":3756,"type":"move","frame":{"millis":23743,"tic":831},"actor":{"position":{"x":21133436,"y":38375246,"z":3670016,"angle":2684354560,"subsector":4566993528},"type":"soldier","health":-4,"id":4567131608}}
{"counter":3757,"type":"move","frame":{"millis":23743,"tic":831},"actor":{"position":{"x":16248218,"y":37371731,"z":3670016,"angle":2684354560,"subsector":4566993528},"type":"imp","health":-3,"id":4567132136}}
{"counter":3758,"type":"move","frame":{"millis":23744,"tic":831},"actor":{"position":{"x":13410456,"y":43515486,"z":3670016,"angle":0,"subsector":4566993496},"type":"imp","health":48,"id":4567132400}}
{"counter":3759,"type":"move","frame":{"millis":23744,"tic":831},"actor":{"position":{"x":13321936,"y":10607536,"z":0,"angle":2147483648,"subsector":4566993032},"type":"spectre","health":150,"id":4567137416}}
{"counter":3760,"type":"move","frame":{"millis":23744,"tic":831},"actor":{"position":{"x":52222208,"y":13313792,"z":0,"angle":2147483648,"subsector":4566994408},"type":"shotgun_soldier","health":30,"id":4567137680}}
{"counter":3761,"type":"move","frame":{"millis":23744,"tic":831},"actor":{"position":{"x":-39538752,"y":57364544,"z":0,"angle":2147483648,"subsector":4566991144},"type":"soldier","health":20,"id":4567138208}}
{"counter":3762,"type":"move","frame":{"millis":23744,"tic":831},"actor":{"position":{"x":-29280704,"y":65843136,"z":0,"angle":0,"subsector":4566996712},"type":"shotgun_soldier","health":30,"id":4567155632}}
{"counter":3763,"type":"move","frame":{"millis":23744,"tic":831},"actor":{"position":{"x":-29725568,"y":40507904,"z":0,"angle":2147483648,"subsector":4566993352},"type":"shotgun_soldier","health":30,"id":4567156160}}
{"counter":3764,"type":"move","frame":{"millis":23744,"tic":831},"actor":{"position":{"x":-2372608,"y":29608960,"z":0,"angle":536870912,"subsector":4566993432},"type":"shotgun_soldier","health":30,"id":4567156424}}
{"counter":3765,"type":"move","frame":{"millis":23744,"tic":831},"actor":{"position":{"x":58450304,"y":18305088,"z":0,"angle":2147483648,"subsector":4566994312},"type":"spectre","health":150,"id":4567166984}}
{"counter":3766,"type":"move","frame":{"millis":23773,"tic":832},"actor":{"position":{"x":17301666,"y":30675073,"z":3670016,"angle":3556769792,"subsector":4566993560},"type":"player","health":45,"armor":57,"id":4567120880}}
{"counter":3767,"type":"move","frame":{"millis":23773,"tic":832},"actor":{"position":{"x":17951740,"y":30088605,"z":3670016,"angle":3556769792,"subsector":4566993560},"type":"player","health":45,"armor":57,"id":4567120880}}
{"counter":3768,"type":"move","frame":{"millis":23773,"tic":832},"actor":{"position":{"x":21155976,"y":38374939,"z":3670016,"angle":2684354560,"subsector":4566993528},"type":"soldier","health":-4,"id":4567131608}}
{"counter":3769,"type":"move","frame":{"millis":23773,"tic":832},"actor":{"position":{"x":16244056,"y":37386419,"z":3670016,"angle":2684354560,"subsector":4566993528},"type":"imp","health":-3,"id":4567132136}}
{"counter":3770,"type":"move","frame":{"millis":23773,"tic":832},"actor":{"position":{"x":2086592,"y":25631808,"z":0,"angle":0,"subsector":4566993432},"type":"imp","health":60,"id":4567132928}}
{"counter":3771,"type":"move","frame":{"millis":23773,"tic":832},"actor":{"position":{"x":-28687552,"y":68581184,"z":0,"angle":3221225472,"subsector":4566996712},"type":"soldier","health":20,"id":4567138736}}
{"counter":3772,"type":"move","frame":{"millis":23773,"tic":832},"actor":{"position":{"x":-27776704,"y":32489792,"z":0,"angle":3221225472,"subsector":4566993400},"type":"soldier","health":20,"id":4567139528}}
{"counter":3773,"type":"move","frame":{"millis":23773,"tic":832},"actor":{"position":{"x":2610880,"y":29873856,"z":0,"angle":1073741824,"subsector":4566993432},"type":"shotgun_soldier","health":30,"id":4567139792}}
{"counter":3774,"type":"move","frame":{"millis":23773,"tic":832},"actor":{"position":{"x":-1063264,"y":15294336,"z":0,"angle":1073741824,"subsector":4566993176},"type":"spectre","health":150,"id":4567162232}}
{"counter":3775,"type":"move","frame":{"millis":23773,"tic":832},"actor":{"position":{"x":2648064,"y":9871488,"z":0,"angle":3221225472,"subsector":4566993176},"type":"imp","health":60,"id":4567172264}}
{"counter":3776,"type":"move","frame":{"millis":23773,"tic":832},"actor":{"position":{"x":-2123776,"y":23338624,"z":0,"angle":536870912,"subsector":4566993432},"type":"shotgun_soldier","health":30,"id":4567172528}}
{"counter":3777,"type":"move","frame":{"millis":23800,"tic":833},"actor":{"position":{"x":17951740,"y":30088605,"z":3670016,"angle":3472883712,"subsector":4566993560},"type":"player","health":45,"armor":57,"id":4567120880}}
{"counter":3778,"type":"move","frame":{"millis":23800,"tic":833},"actor":{"position":{"x":18577758,"y":29461594,"z":3670016,"angle":3472883712,"subsector":4566993560},"type":"player","health":45,"armor":57,"id":4567120880}}
{"counter":3779,"type":"move","frame":{"millis":23801,"tic":833},"actor":{"position":{"x":21176402,"y":38374660,"z":3670016,"angle":2684354560,"subsector":4566993528},"type":"soldier","health":-4,"id":4567131608}}
{"counter":3780,"type":"move","frame":{"millis":23801,"tic":833},"actor":{"position":{"x":16240284,"y":37399730,"z":3670016,"angle":2684354560,"subsector":4566993528},"type":"imp","health":-3,"id":4567132136}}
{"counter":3781,"type":"move","frame":{"millis":23801,"tic":833},"actor":{"position":{"x":13806661,"y":40175621,"z":3670016,"angle":1073741824,"subsector":4566993496},"type":"imp","health":33,"id":4567132664}}
{"counter":3782,"type":"move","frame":{"millis":23801,"tic":833},"actor":{"position":{"x":12666576,"y":10607536,"z":0,"angle":2147483648,"subsector":4566993032},"type":"spectre","health":150,"id":4567137416}}
{"counter":3783,"type":"move","frame":{"millis":23801,"tic":833},"actor":{"position":{"x":-12355200,"y":78939776,"z":0,"angle":2147483648,"subsector":4566996760},"type":"shotgun_soldier","health":30,"id":4567155368}}
{"counter":3784,"type":"move","frame":{"millis":23801,"tic":833},"actor":{"position":{"x":57980304,"y":18775088,"z":0,"angle":1610612736,"subsector":4566994312},"type":"spectre","health":150,"id":4567166984}}
{"counter":3785,"type":"move","frame":{"millis":23830,"tic":834},"actor":{"position":{"x":18577758,"y":29461594,"z":3670016,"angle":3405774848,"subsector":4566993560},"type":"player","health":45,"armor":57,"id":4567120880}}
{"counter":3786,"type":"move","frame":{"millis":23830,"tic":834},"actor":{"position":{"x":19172434,"y":28794685,"z":3670016,"angle":3405774848,"subsector":4566993560},"type":"player","health":45,"armor":57,"id":4567120880}}
{"counter":3787,"type":"move","frame":{"millis":23830,"tic":834},"actor":{"position":{"x":21194913,"y":38374407,"z":3670016,"angle":2684354560,"subsector":4566993528},"type":"soldier","health":-4,"id":4567131608}}
{"counter":3788,"type":"move","frame":{"millis":23830,"tic":834},"actor":{"position":{"x":16236865,"y":37411793,"z":3670016,"angle":2684354560,"subsector":4566993528},"type":"imp","health":-3,"id":4567132136}}
{"counter":3789,"type":"move","frame":{"millis":23830,"tic":834},"actor":{"position":{"x":13934744,"y":43515486,"z":3670016,"angle":0,"subsector":4566993496},"type":"imp","health":48,"id":4567132400}}
{"counter":3790,"type":"move","frame":{"millis":23830,"tic":834},"actor":{"position":{"x":51697920,"y":13313792,"z":0,"angle":2147483648,"subsector":4566994408},"type":"shotgun_soldier","health":30,"id":4567137680}}
{"counter":3791,"type":"move","frame":{"millis":23830,"tic":834},"actor":{"position":{"x":-28793600,"y":35678208,"z":0,"angle":3758096384,"subsector":4566993352},"type":"soldier","health":20,"id":4567137944}}
{"counter":3792,"type":"move","frame":{"millis":23830,"tic":834},"actor":{"position":{"x":-28756416,"y":65843136,"z":0,"angle":0,"subsector":4566996712},"type":"shotgun_soldier","health":30,"id":4567155632}}
{"counter":3793,"type":"move","frame":{"millis":23830,"tic":834},"actor":{"position":{"x":-30101568,"y":40883904,"z":0,"angle":1610612736,"subsector":4566993352},"type":"shotgun_soldier","health":30,"id":4567156160}}
{"counter":3794,"type":"move","frame":{"millis":23830,"tic":834},"actor":{"position":{"x":-1996608,"y":29984960,"z":0,"angle":536870912,"subsector":4566993432},"type":"shotgun_soldier","health":30,"id":4567156424}}
{"counter":3795,"type":"move","frame":{"millis":23830,"tic":834},"actor":{"position":{"x":-1063264,"y":15949696,"z":0,"angle":1073741824,"subsector":4566993176},"type":"spectre","health":150,"id":4567162232}}
{"counter":3796,"type":"move","frame":{"millis":23858,"tic":835},"actor":{"position":{"x":19172434,"y":28794685,"z":3670016,"angle":3288334336,"subsector":4566993560},"type":"player","health":45,"armor":57,"id":4567120880}}
{"counter":3797,"type":"move","frame":{"millis":23858,"tic":835},"actor":{"position":{"x":19721434,"y":28088396,"z":3670016,"angle":3288334336,"subsector":4566993560},"type":"player","health":45,"armor":57,"id":4567120880}}
{"counter":3798,"type":"move","frame":{"millis":23858,"tic":835},"actor":{"position":{"x":21211688,"y":38374177,"z":3670016,"angle":2684354560,"subsector":4566993528},"type":"soldier","health":-4,"id":4567131608}}
{"counter":3799,"type":"move","frame":{"millis":23858,"tic":835},"actor":{"position":{"x":16233766,"y":37422725,"z":3670016,"angle":2684354560,"subsector":4566993528},"type":"imp","health":-3,"id":4567132136}}
{"counter":3800,"type":"move","frame":{"millis":23858,"tic":835},"actor":{"position":{"x":1710592,"y":26007808,"z":0,"angle":536870912,"subsector":4566993432},"type":"imp","health":60,"id":4567132928}}
{"counter":3801,"type":"move","frame":{"millis":23858,"tic":835},"actor":{"position":{"x":12011216,"y":10607536,"z":0,"angle":2147483648,"subsector":4566993032},"type":"spectre","health":150,"id":4567137416}}
{"counter":3802,"type":"move","frame":{"millis":23858,"tic":835},"actor":{"position":{"x":-40063040,"y":57364544,"z":0,"angle":2147483648,"subsector":4566991144},"type":"soldier","health":20,"id":4567138208}}
{"counter":3803,"type":"move","frame":{"millis":23858,"tic":835},"actor":{"position":{"x":2234880,"y":29497856,"z":0,"angle":1073741824,"subsector":4566993432},"type":"shotgun_soldier","health":30,"id":4567139792}}
{"counter":3804,"type":"move","frame":{"millis":23858,"tic":835},"actor":{"position":{"x":57510304,"y":19245088,"z":0,"angle":1610612736,"subsector":4566994312},"type":"spectre","health":150,"id":4567166984}}
{"counter":3805,"type":"move","frame":{"millis":23858,"tic":835},"actor":{"position":{"x":2648064,"y":9347200,"z":0,"angle":3221225472,"subsector":4566993176},"type":"imp","health":60,"id":4567172264}}
{"counter":3806,"type":"move","frame":{"millis":23858,"tic":835},"actor":{"position":{"x":-1747776,"y":23714624,"z":0,"angle":536870912,"subsector":4566993432},"type":"shotgun_soldier","health":30,"id":4567172528}}
{"counter":3807,"type":"move","frame":{"millis":23886,"tic":836},"actor":{"position":{"x":19721434,"y":28088396,"z":3670016,"angle":3170893824,"subsector":4566993560},"type":"player","health":45,"armor":57,"id":4567120880}}
{"counter":3808,"type":"move","frame":{"millis":23886,"tic":836},"actor":{"position":{"x":20211471,"y":27346196,"z":3670016,"angle":3170893824,"subsector":4566993560},"type":"player","health":45,"armor":57,"id":4567120880}}
{"counter":3809,"type":"move","frame":{"millis":23886,"tic":836},"actor":{"position":{"x":21226890,"y":38373968,"z":3670016,"angle":2684354560,"subsector":4566993528},"type":"soldier","health":-4,"id":4567131608}}
{"counter":3810,"type":"move","frame":{"millis":23886,"tic":836},"actor":{"position":{"x":16230957,"y":37432632,"z":3670016,"angle":2684354560,"subsector":4566993528},"type":"imp","health":-3,"id":4567132136}}
{"counter":3811,"type":"move","frame":{"millis":23886,"tic":836},"actor":{"position":{"x":14182661,"y":39799621,"z":3670016,"angle":536870912,"subsector":4566993496},"type":"imp","health":33,"id":4567132664}}
{"counter":3812,"type":"move","frame":{"millis":23886,"tic":836},"actor":{"position":{"x":-29211840,"y":68581184,"z":0,"angle":3221225472,"subsector":4566996712},"type":"soldier","health":20,"id":4567138736}}
{"counter":3813,"type":"move","frame":{"millis":23886,"tic":836},"actor":{"position":{"x":-27400704,"y":32113792,"z":0,"angle":3758096384,"subsector":4566993400},"type":"soldier","health":20,"id":4567139528}}
{"counter":3814,"type":"move","frame":{"millis":23887,"tic":836},"actor":{"position":{"x":-12879488,"y":78939776,"z":0,"angle":2147483648,"subsector":4566996760},"type":"shotgun_soldier","health":30,"id":4567155368}}
{"counter":3815,"type":"move","frame":{"millis":23887,"tic":836},"actor":{"position":{"x":-593264,"y":16419696,"z":0,"angle":1073741824,"subsector":4566993176},"type":"spectre","health":150,"id":4567162232}}
{"counter":3816,"type":"move","frame":{"millis":23916,"tic":837},"actor":{"position":{"x":20211471,"y":27346196,"z":3670016,"angle":3103784960,"subsector":4566993560},"type":"player","health":45,"armor":57,"id":4567120880}}
{"counter":3817,"type":"move","frame":{"millis":23916,"tic":837},"actor":{"position":{"x":20647103,"y":27283008,"z":3670016,"angle":3103784960,"subsector":4566993560},"type":"player","health":45,"armor":57,"id":4567120880}}
{"counter":3818,"type":"move","frame":{"millis":23916,"tic":837},"actor":{"position":{"x":21240666,"y":38373778,"z":3670016,"angle":2684354560,"subsector":4566993528},"type":"soldier","health":-4,"id":4567131608}}
{"counter":3819,"type":"move","frame":{"millis":23916,"tic":837},"actor":{"position":{"x":16230957,"y":37432632,"z":3670016,"angle":2684354560,"subsector":4566993528},"type":"imp","health":-3,"id":4567132136}}
{"counter":3820,"type":"attacked","frame":{"millis":23916,"tic":837},"actor":{"position":{"x":13934744,"y":43515486,"z":3670016,"angle":0,"subsector":4566993496},"type":"imp","health":48,"id":4567132400},"target":{"position":{"x":-30101568,"y":40883904,"z":0,"angle":1610612736,"subsector":4566993352},"type":"shotgun_soldier","health":30,"id":4567156160}}
{"counter":3821,"type":"move","frame":{"millis":23916,"tic":837},"actor":{"position":{"x":12481216,"y":11077536,"z":0,"angle":2147483648,"subsector":4566993032},"type":"spectre","health":150,"id":4567137416}}
{"counter":3822,"type":"move","frame":{"millis":23916,"tic":837},"actor":{"position":{"x":51173632,"y":13313792,"z":0,"angle":2147483648,"subsector":4566994408},"type":"shotgun_soldier","health":30,"id":4567137680}}
{"counter":3823,"type":"move","frame":{"millis":23916,"tic":837},"actor":{"position":{"x":-28756416,"y":65318848,"z":0,"angle":0,"subsector":4566996712},"type":"shotgun_soldier","health":30,"id":4567155632}}
{"counter":3824,"type":"move","frame":{"millis":23916,"tic":837},"actor":{"position":{"x":-30477568,"y":41259904,"z":0,"angle":1610612736,"subsector":4566993352},"type":"shotgun_soldier","health":30,"id":4567156160}}
{"counter":3825,"type":"move","frame":{"millis":23916,"tic":837},"actor":{"position":{"x":-1620608,"y":29608960,"z":0,"angle":536870912,"subsector":4566993432},"type":"shotgun_soldier","health":30,"id":4567156424}}
{"counter":3826,"type":"move","frame":{"millis":23916,"tic":837},"actor":{"position":{"x":57040304,"y":19715088,"z":0,"angle":1610612736,"subsector":4566994312},"type":"spectre","health":150,"id":4567166984}}
{"counter":3827,"type":"move","frame":{"millis":23943,"tic":838},"actor":{"position":{"x":20647103,"y":27283008,"z":3670016,"angle":3087007744,"subsector":4566993560},"type":"player","health":45,"armor":57,"id":4567120880}}
{"counter":3828,"type":"move","frame":{"millis":23943,"tic":838},"actor":{"position":{"x":21021617,"y":27383447,"z":3670016,"angle":3087007744,"subsector":4566993560},"type":"player","health":45,"armor":57,"id":4567120880}}
{"counter":3829,"type":"move","frame":{"millis":23943,"tic":838},"actor":{"position":{"x":21253150,"y":38373605,"z":3670016,"angle":2684354560,"subsector":4566993528},"type":"soldier","health":-4,"id":4567131608}}
{"counter":3830,"type":"move","frame":{"millis":23943,"tic":838},"actor":{"position":{"x":2086592,"y":26383808,"z":0,"angle":1073741824,"subsector":4566993432},"type":"imp","health":60,"id":4567132928}}
{"counter":3831,"type":"move","frame":{"millis":23943,"tic":838},"actor":{"position":{"x":-28793600,"y":35153920,"z":0,"angle":3221225472,"subsector":4566993416},"type":"soldier","health":20,"id":4567137944}}
{"counter":3832,"type":"move","frame":{"millis":23943,"tic":838},"actor":{"position":{"x":1858880,"y":29121856,"z":0,"angle":1610612736,"subsector":4566993432},"type":"shotgun_soldier","health":30,"id":4567139792}}
{"counter":3833,"type":"move","frame":{"millis":23943,"tic":838},"actor":{"position":{"x":-123264,"y":16889696,"z":0,"angle":536870912,"subsector":4566993176},"type":"spectre","health":150,"id":4567162232}}
{"counter":3834,"type":"move","frame":{"millis":23943,"tic":838},"actor":{"position":{"x":2648064,"y":8822912,"z":0,"angle":3221225472,"subsector":4566993176},"type":"imp","health":60,"id":4567172264}}
{"counter":3835,"type":"move","frame":{"millis":23943,"tic":838},"actor":{"position":{"x":-1371776,"y":24090624,"z":0,"angle":536870912,"subsector":4566993432},"type":"shotgun_soldier","health":30,"id":4567172528}}
{"counter":3836,"type":"move","frame":{"millis":23973,"tic":839},"actor":{"position":{"x":21021617,"y":27383447,"z":3670016,"angle":3070230528,"subsector":4566993560},"type":"player","health":45,"armor":57,"id":4567120880}}
{"counter":3837,"type":"move","frame":{"millis":23973,"tic":839},"actor":{"position":{"x":21383416,"y":27574389,"z":3670016,"angle":3070230528,"subsector":4566993560},"type":"player","health":45,"armor":57,"id":4567120880}}
{"counter":3838,"type":"move","frame":{"millis":23973,"tic":839},"actor":{"position":{"x":21264463,"y":38373448,"z":3670016,"angle":2684354560,"subsector":4566993528},"type":"soldier","health":-4,"id":4567131608}}
{"counter":3839,"type":"move","frame":{"millis":23973,"tic":839},"actor":{"position":{"x":14558661,"y":39423621,"z":3670016,"angle":0,"subsector":4566993496},"type":"imp","health":33,"id":4567132664}}
{"counter":3840,"type":"move","frame":{"millis":23973,"tic":839},"actor":{"position":{"x":12481216,"y":11732896,"z":0,"angle":1610612736,"subsector":4566993032},"type":"spectre","health":150,"id":4567137416}}
{"counter":3841,"type":"move","frame":{"millis":23973,"tic":839},"actor":{"position":{"x":-39687040,"y":56988544,"z":0,"angle":2147483648,"subsector":4566991144},"type":"soldier","health":20,"id":4567138208}}
{"counter":3842,"type":"move","frame":{"millis":23973,"tic":839},"actor":{"position":{"x":-13403776,"y":78939776,"z":0,"angle":2147483648,"subsector":4566996760},"type":"shotgun_soldier","health":30,"id":4567155368}}
{"counter":3843,"type":"move","frame":{"millis":23973,"tic":839},"actor":{"position":{"x":56570304,"y":20185088,"z":0,"angle":1610612736,"subsector":4566994312},"type":"spectre","health":150,"id":4567166984}}
{"counter":3844,"type":"move","frame":{"millis":24000,"tic":840},"actor":{"position":{"x":21383416,"y":27574389,"z":3670016,"angle":3053453312,"subsector":4566993560},"type":"player","health":45,"armor":57,"id":4567120880}}
{"counter":3845,"type":"move","frame":{"millis":24000,"tic":840},"actor":{"position":{"x":21736138,"y":27846770,"z":3670016,"angle":3053453312,"subsector":4566993560},"type":"player","health":45,"armor":57,"id":4567120880}}
{"counter":3846,"type":"move","frame":{"millis":24001,"tic":840},"actor":{"position":{"x":21274715,"y":38373305,"z":3670016,"angle":2684354560,"subsector":4566993528},"type":"soldier","health":-4,"id":4567131608}}
{"counter":3847,"type":"move","frame":{"millis":24001,"tic":840},"actor":{"position":{"x":50649344,"y":13313792,"z":0,"angle":2147483648,"subsector":4566994408},"type":"shotgun_soldier","health":30,"id":4567137680}}
{"counter":3848,"type":"move","frame":{"millis":24001,"tic":840},"actor":{"position":{"x":-29736128,"y":68581184,"z":0,"angle":2684354560,"subsector":4566996712},"type":"soldier","health":20,"id":4567138736}}
{"counter":3849,"type":"move","frame":{"millis":24001,"tic":840},"actor":{"position":{"x":-27024704,"y":31737792,"z":0,"angle":3758096384,"subsector":4566993400},"type":"soldier","health":20,"id":4567139528}}
{"counter":3850,"type":"move","frame":{"millis":24001,"tic":840},"actor":{"position":{"x":-28756416,"y":64794560,"z":0,"angle":3758096384,"subsector":4566996712},"type":"shotgun_soldier","health":30,"id":4567155632}}
{"counter":3851,"type":"move","frame":{"millis":24001,"tic":840},"actor":{"position":{"x":-30853568,"y":41635904,"z":0,"angle":1610612736,"subsector":4566993352},"type":"shotgun_soldier","health":30,"id":4567156160}}
{"counter":3852,"type":"move","frame":{"millis":24001,"tic":840},"actor":{"position":{"x":-1244608,"y":29232960,"z":0,"angle":0,"subsector":4566993432},"type":"shotgun_soldier","health":30,"id":4567156424}}
{"counter":3853,"type":"move","frame":{"millis":24001,"tic":840},"actor":{"position":{"x":346736,"y":17359696,"z":0,"angle":536870912,"subsector":4566993176},"type":"spectre","health":150,"id":4567162232}}
{"counter":3854,"type":"move","frame":{"millis":24029,"tic":841},"actor":{"position":{"x":21736138,"y":27846770,"z":3670016,"angle":3036676096,"subsector":4566993560},"type":"player","health":45,"armor":57,"id":4567120880}}
{"counter":3855,"type":"move","frame":{"millis":24029,"tic":841},"actor":{"position":{"x":22083065,"y":28192315,"z":3670016,"angle":3036676096,"subsector":4566993560},"type":"player","health":45,"armor":57,"id":4567120880}}
{"counter":3856,"type":"move","frame":{"millis":24029,"tic":841},"actor":{"position":{"x":21284005,"y":38373175,"z":3670016,"angle":2684354560,"subsector":4566993528},"type":"soldier","health":-4,"id":4567131608}}
{"counter":3857,"type":"move","frame":{"millis":24029,"tic":841},"actor":{"position":{"x":2610880,"y":26383808,"z":0,"angle":536870912,"subsector":4566993432},"type":"imp","health":60,"id":4567132928}}
{"counter":3858,"type":"move","frame":{"millis":24029,"tic":841},"actor":{"position":{"x":12481216,"y":12388256,"z":0,"angle":1073741824,"subsector":4566993032},"type":"spectre","health":150,"id":4567137416}}
{"counter":3859,"type":"move","frame":{"millis":24029,"tic":841},"actor":{"position":{"x":2383168,"y":29121856,"z":0,"angle":2147483648,"subsector":4566993432},"type":"shotgun_soldier","health":30,"id":4567139792}}
{"counter":3860,"type":"move","frame":{"millis":24029,"tic":841},"actor":{"position":{"x":56570304,"y":20840448,"z":0,"angle":1610612736,"subsector":4566994312},"type":"spectre","health":150,"id":4567166984}}
{"counter":3861,"type":"move","frame":{"millis":24030,"tic":841},"actor":{"position":{"x":2648064,"y":8298624,"z":0,"angle":3221225472,"subsector":4566993176},"type":"imp","health":60,"id":4567172264}}
{"counter":3862,"type":"move","frame":{"millis":24030,"tic":841},"actor":{"position":{"x":-995776,"y":24466624,"z":0,"angle":536870912,"subsector":4566993432},"type":"shotgun_soldier","health":30,"id":4567172528}}
{"counter":3863,"type":"move","frame":{"millis":24059,"tic":842},"actor":{"position":{"x":22083065,"y":28192315,"z":3670016,"angle":3019898880,"subsector":4566993560},"type":"player","health":45,"armor":57,"id":4567120880}}
{"counter":3864,"type":"move","frame":{"millis":24059,"tic":842},"actor":{"position":{"x":22427154,"y":28603466,"z":3670016,"angle":3019898880,"subsector":4566993560},"type":"player","health":45,"armor":57,"id":4567120880}}
{"counter":3865,"type":"move","frame":{"millis":24059,"tic":842},"actor":{"position":{"x":21292424,"y":38373057,"z":3670016,"angle":2684354560,"subsector":4566993528},"type":"soldier","health":-4,"id":4567131608}}
{"counter":3866,"type":"move","frame":{"millis":24059,"tic":842},"actor":{"position":{"x":14934661,"y":39047621,"z":3670016,"angle":3758096384,"subsector":4566993528},"type":"imp","health":33,"id":4567132664}}
{"counter":3867,"type":"move","frame":{"millis":24059,"tic":842},"actor":{"position":{"x":-28793600,"y":34629632,"z":0,"angle":3221225472,"subsector":4566993416},"type":"soldier","health":20,"id":4567137944}}
{"counter":3868,"type":"move","frame":{"millis":24059,"tic":842},"actor":{"position":{"x":-13928064,"y":78939776,"z":0,"angle":2147483648,"subsector":4566996760},"type":"shotgun_soldier","health":30,"id":4567155368}}
{"counter":3869,"type":"move","frame":{"millis":24059,"tic":842},"actor":{"position":{"x":816736,"y":17829696,"z":0,"angle":536870912,"subsector":4566993176},"type":"spectre","health":150,"id":4567162232}}
{"counter":3870,"type":"move","frame":{"millis":24087,"tic":843},"actor":{"position":{"x":22427154,"y":28603466,"z":3670016,"angle":3003121664,"subsector":4566993560},"type":"player","health":45,"armor":57,"id":4567120880}}
{"counter":3871,"type":"move","frame":{"millis":24087,"tic":843},"actor":{"position":{"x":22771066,"y":29073314,"z":3670016,"angle":3003121664,"subsector":4566993560},"type":"player","health":45,"armor":57,"id":4567120880}}
{"counter":3872,"type":"move","frame":{"millis":24087,"tic":843},"actor":{"position":{"x":21300053,"y":38372950,"z":3670016,"angle":2684354560,"subsector":4566993528},"type":"soldier","health":-4,"id":4567131608}}
{"counter":3873,"type":"move","frame":{"millis":24087,"tic":843},"actor":{"position":{"x":12481216,"y":13043616,"z":0,"angle":1073741824,"subsector":4566993032},"type":"spectre","health":150,"id":4567137416}}
{"counter":3874,"type":"move","frame":{"millis":24087,"tic":843},"actor":{"position":{"x":50125056,"y":13313792,"z":0,"angle":2147483648,"subsector":4566994408},"type":"shotgun_soldier","health":30,"id":4567137680}}
{"counter":3875,"type":"move","frame":{"millis":24087,"tic":843},"actor":{"position":{"x":-39311040,"y":56612544,"z":0,"angle":2684354560,"subsector":4566991144},"type":"soldier","health":20,"id":4567138208}}
{"counter":3876,"type":"move","frame":{"millis":24087,"tic":843},"actor":{"position":{"x":-28756416,"y":64270272,"z":0,"angle":3221225472,"subsector":4566996712},"type":"shotgun_soldier","health":30,"id":4567155632}}
{"counter":3877,"type":"move","frame":{"millis":24087,"tic":843},"actor":{"position":{"x":-31229568,"y":42011904,"z":0,"angle":1610612736,"subsector":4566993352},"type":"shotgun_soldier","health":30,"id":4567156160}}
{"counter":3878,"type":"move","frame":{"millis":24087,"tic":843},"actor":{"position":{"x":-868608,"y":28856960,"z":0,"angle":3758096384,"subsector":4566993432},"type":"shotgun_soldier","health":30,"id":4567156424}}
{"counter":3879,"type":"move","frame":{"millis":24087,"tic":843},"actor":{"position":{"x":56570304,"y":21495808,"z":0,"angle":1073741824,"subsector":4566994312},"type":"spectre","health":150,"id":4567166984}}
{"counter":3880,"type":"move","frame":{"millis":24087,"tic":843},"actor":{"position":{"x":8595168,"y":32303522,"z":5767168,"angle":4142033344,"subsector":4566993496},"type":"imp_fireball","health":1000,"id":4567630784}}
{"counter":3881,"type":"move","frame":{"millis":24116,"tic":844},"actor":{"position":{"x":22771066,"y":29073314,"z":3670016,"angle":2969567232,"subsector":4566993560},"type":"player","health":45,"armor":57,"id":4567120880}}
{"counter":3882,"type":"move","frame":{"millis":24116,"tic":844},"actor":{"position":{"x":23119551,"y":29594664,"z":3670016,"angle":2969567232,"subsector":4566993560},"type":"player","health":45,"armor":57,"id":4567120880}}
{"counter":3883,"type":"move","frame":{"millis":24116,"tic":844},"actor":{"position":{"x":21306966,"y":38372853,"z":3670016,"angle":2684354560,"subsector":4566993528},"type":"soldier","health":-4,"id":4567131608}}
{"counter":3884,"type":"move","frame":{"millis":24116,"tic":844},"actor":{"position":{"x":2610880,"y":25859520,"z":0,"angle":0,"subsector":4566993432},"type":"imp","health":60,"id":4567132928}}
{"counter":3885,"type":"move","frame":{"millis":24116,"tic":844},"actor":{"position":{"x":-30260416,"y":68581184,"z":0,"angle":2147483648,"subsector":4566996712},"type":"soldier","health":20,"id":4567138736}}
{"counter":3886,"type":"move","frame":{"millis":24116,"tic":844},"actor":{"position":{"x":-26648704,"y":31361792,"z":0,"angle":3758096384,"subsector":4566993400},"type":"soldier","health":20,"id":4567139528}}
{"counter":3887,"type":"move","frame":{"millis":24116,"tic":844},"actor":{"position":{"x":2759168,"y":28745856,"z":0,"angle":2684354560,"subsector":4566993432},"type":"shotgun_soldier","health":30,"id":4567139792}}
{"counter":3888,"type":"move","frame":{"millis":24116,"tic":844},"actor":{"position":{"x":1472096,"y":17829696,"z":0,"angle":536870912,"subsector":4566993176},"type":"spectre","health":150,"id":4567162232}}
{"counter":3889,"type":"move","frame":{"millis":24116,"tic":844},"actor":{"position":{"x":2648064,"y":7774336,"z":0,"angle":3221225472,"subsector":4566993176},"type":"imp","health":60,"id":4567172264}}
{"counter":3890,"type":"move","frame":{"millis":24116,"tic":844},"actor":{"position":{"x":-619776,"y":24842624,"z":0,"angle":536870912,"subsector":4566993432},"type":"shotgun_soldier","health":30,"id":4567172528}}
{"counter":3891,"type":"move","frame":{"millis":24116,"tic":844},"actor":{"position":{"x":9234208,"y":32158222,"z":5767168,"angle":4142033344,"subsector":4566993496},"type":"imp_fireball","health":1000,"id":4567630784}}
{"counter":3892,"type":"move","frame":{"millis":24143,"tic":845},"actor":{"position":{"x":23119551,"y":29594664,"z":3670016,"angle":2952790016,"subsector":4566993560},"type":"player","health":45,"armor":57,"id":4567120880}}
{"counter":3893,"type":"move","frame":{"millis":24143,"tic":845},"actor":{"position":{"x":23474515,"y":30161755,"z":3670016,"angle":2952790016,"subsector":4566993560},"type":"player","health":45,"armor":57,"id":4567120880}}
{"counter":3894,"type":"move","frame":{"millis":24143,"tic":845},"actor":{"position":{"x":21313230,"y":38372765,"z":3670016,"angle":2684354560,"subsector":4566993528},"type":"soldier","health":-4,"id":4567131608}}
{"counter":3895,"type":"move","frame":{"millis":24143,"tic":845},"actor":{"position":{"x":15310661,"y":38671621,"z":3670016,"angle":3758096384,"subsector":4566993528},"type":"imp","health":33,"id":4567132664}}
{"counter":3896,"type":"move","frame":{"millis":24143,"tic":845},"actor":{"position":{"x":12481216,"y":13698976,"z":0,"angle":1073741824,"subsector":4566993032},"type":"spectre","health":150,"id":4567137416}}
{"counter":3897,"type":"move","frame":{"millis":24143,"tic":845},"actor":{"position":{"x":-14452352,"y":78939776,"z":0,"angle":2147483648,"subsector":4566996760},"type":"shotgun_soldier","health":30,"id":4567155368}}
{"counter":3898,"type":"move","frame":{"millis":24143,"tic":845},"actor":{"position":{"x":56570304,"y":22151168,"z":0,"angle":1073741824,"subsector":4566994312},"type":"spectre","health":150,"id":4567166984}}
{"counter":3899,"type":"move","frame":{"millis":24143,"tic":845},"actor":{"position":{"x":9873248,"y":32012922,"z":5767168,"angle":4142033344,"subsector":4566993496},"type":"imp_fireball","health":1000,"id":4567630784}}
{"counter":3900,"type":"move","frame":{"millis":24172,"tic":846},"actor":{"position":{"x":23474515,"y":30161755,"z":3670016,"angle":2919235584,"subsector":4566993560},"type":"player","health":45,"armor":57,"id":4567120880}}
{"counter":3901,"type":"move","frame":{"millis":24172,"tic":846},"actor":{"position":{"x":23831197,"y":30749748,"z":3670016,"angle":2919235584,"subsector":4566993560},"type":"player","health":45,"armor":57,"id":4567120880}}
{"counter":3902,"type":"move","frame":{"millis":24172,"tic":846},"actor":{"position":{"x":21318906,"y":38372685,"z":3670016,"angle":2684354560,"subsector":4566993528},"type":"soldier","health":-4,"id":4567131608}}
{"counter":3903,"type":"move","frame":{"millis":24172,"tic":846},"actor":{"position":{"x":49600768,"y":13313792,"z":0,"angle":2147483648,"subsector":4566994408},"type":"shotgun_soldier","health":30,"id":4567137680}}
{"counter":3904,"type":"move","frame":{"millis":24172,"tic":846},"actor":{"position":{"x":-28793600,"y":34105344,"z":0,"angle":3221225472,"subsector":4566993400},"type":"soldier","health":20,"id":4567137944}}
{"counter":3905,"type":"move","frame":{"millis":24172,"tic":846},"actor":{"position":{"x":-28756416,"y":63745984,"z":0,"angle":3221225472,"subsector":4566996712},"type":"shotgun_soldier","health":30,"id":4567155632}}
{"counter":3906,"type":"move","frame":{"millis":24172,"tic":846},"actor":{"position":{"x":-31605568,"y":42387904,"z":0,"angle":1610612736,"subsector":4566993352},"type":"shotgun_soldier","health":30,"id":4567156160}}
{"counter":3907,"type":"move","frame":{"millis":24173,"tic":846},"actor":{"position":{"x":-492608,"y":28480960,"z":0,"angle":3758096384,"subsector":4566993432},"type":"shotgun_soldier","health":30,"id":4567156424}}
{"counter":3908,"type":"move","frame":{"millis":24173,"tic":846},"actor":{"position":{"x":2127456,"y":17829696,"z":0,"angle":0,"subsector":4566993176},"type":"spectre","health":150,"id":4567162232}}
{"counter":3909,"type":"move","frame":{"millis":24173,"tic":846},"actor":{"position":{"x":10512288,"y":31867622,"z":5767168,"angle":4142033344,"subsector":4566993496},"type":"imp_fireball","health":1000,"id":4567630784}}
{"counter":3910,"type":"move","frame":{"millis":24201,"tic":847},"actor":{"position":{"x":23831197,"y":30749748,"z":3670016,"angle":2902458368,"subsector":4566993560},"type":"player","health":45,"armor":57,"id":4567120880}}
{"counter":3911,"type":"move","frame":{"millis":24201,"tic":847},"actor":{"position":{"x":24180202,"y":31333846,"z":3670016,"angle":2902458368,"subsector":4566993560},"type":"player","health":45,"armor":57,"id":4567120880}}
{"counter":3912,"type":"move","frame":{"millis":24201,"tic":847},"actor":{"position":{"x":21324049,"y":38372612,"z":3670016,"angle":2684354560,"subsector":4566993528},"type":"soldier","health":-4,"id":4567131608}}
{"counter":3913,"type":"move","frame":{"millis":24201,"tic":847},"actor":{"position":{"x":2610880,"y":25335232,"z":0,"angle":3758096384,"subsector":4566993432},"type":"imp","health":60,"id":4567132928}}
{"counter":3914,"type":"move","frame":{"millis":24201,"tic":847},"actor":{"position":{"x":12481216,"y":14354336,"z":0,"angle":1073741824,"subsector":4566993032},"type":"spectre","health":150,"id":4567137416}}
{"counter":3915,"type":"move","frame":{"millis":24201,"tic":847},"actor":{"position":{"x":-38935040,"y":56236544,"z":0,"angle":3221225472,"subsector":4566991144},"type":"soldier","health":20,"id":4567138208}}
{"counter":3916,"type":"move","frame":{"millis":24201,"tic":847},"actor":{"position":{"x":2759168,"y":29270144,"z":0,"angle":3221225472,"subsector":4566993432},"type":"shotgun_soldier","health":30,"id":4567139792}}
{"counter":3917,"type":"move","frame":{"millis":24201,"tic":847},"actor":{"position":{"x":56570304,"y":22806528,"z":0,"angle":1073741824,"subsector":4566994312},"type":"spectre","health":150,"id":4567166984}}
{"counter":3918,"type":"move","frame":{"millis":24201,"tic":847},"actor":{"position":{"x":2648064,"y":7250048,"z":0,"angle":3221225472,"subsector":4566993176},"type":"imp","health":60,"id":4567172264}}
{"counter":3919,"type":"move","frame":{"millis":24201,"tic":847},"actor":{"position":{"x":-243776,"y":25218624,"z":0,"angle":536870912,"subsector":4566993432},"type":"shotgun_soldier","health":30,"id":4567172528}}
{"counter":3920,"type":"move","frame":{"millis":24201,"tic":847},"actor":{"position":{"x":11151328,"y":31722322,"z":5767168,"angle":4142033344,"subsector":4566993496},"type":"imp_fireball","health":1000,"id":4567630784}}
{"counter":3921,"type":"move","frame":{"millis":24230,"tic":848},"actor":{"position":{"x":24180202,"y":31333846,"z":3670016,"angle":2868903936,"subsector":4566993560},"type":"player","health":45,"armor":57,"id":4567120880}}
{"counter":3922,"type":"move","frame":{"millis":24230,"tic":848},"actor":{"position":{"x":24483373,"y":31840013,"z":3670016,"angle":2868903936,"subsector":4566993528},"type":"player","health":45,"armor":57,"id":4567120880}}
{"counter":3923,"type":"move","frame":{"millis":24230,"tic":848},"actor":{"position":{"x":21328709,"y":38372545,"z":3670016,"angle":2684354560,"subsector":4566993528},"type":"soldier","health":-4,"id":4567131608}}
{"counter":3924,"type":"move","frame":{"millis":24230,"tic":848},"actor":{"position":{"x":15686661,"y":38295621,"z":3670016,"angle":3758096384,"subsector":4566993528},"type":"imp","health":33,"id":4567132664}}
{"counter":3925,"type":"move","frame":{"millis":24230,"tic":848},"actor":{"position":{"x":-30784704,"y":68581184,"z":0,"angle":2147483648,"subsector":4566996712},"type":"soldier","health":20,"id":4567138736}}
{"counter":3926,"type":"move","frame":{"millis":24230,"tic":848},"actor":{"position":{"x":-26272704,"y":30985792,"z":0,"angle":3758096384,"subsector":4566993400},"type":"soldier","health":20,"id":4567139528}}
{"counter":3927,"type":"move","frame":{"millis":24230,"tic":848},"actor":{"position":{"x":-14976640,"y":78939776,"z":0,"angle":2147483648,"subsector":4566996760},"type":"shotgun_soldier","health":30,"id":4567155368}}
{"counter":3928,"type":"move","frame":{"millis":24230,"tic":848},"actor":{"position":{"x":1657456,"y":17359696,"z":0,"angle":0,"subsector":4566993176},"type":"spectre","health":150,"id":4567162232}}
{"counter":3929,"type":"move","frame":{"millis":24230,"tic":848},"actor":{"position":{"x":11790368,"y":31577022,"z":5767168,"angle":4142033344,"subsector":4566993496},"type":"imp_fireball","health":1000,"id":4567630784}}
{"counter":3930,"type":"move","frame":{"millis":24259,"tic":849},"actor":{"position":{"x":24483373,"y":31840013,"z":3670016,"angle":2868903936,"subsector":4566993528},"type":"player","health":45,"armor":57,"id":4567120880}}
{"counter":3931,"type":"move","frame":{"millis":24259,"tic":849},"actor":{"position":{"x":24707683,"y":32209610,"z":3670016,"angle":2868903936,"subsector":4566993528},"type":"player","health":45,"armor":57,"id":4567120880}}
{"counter":3932,"type":"move","frame":{"millis":24259,"tic":849},"actor":{"position":{"x":21332932,"y":38372484,"z":3670016,"angle":2684354560,"subsector":4566993528},"type":"soldier","health":-4,"id":4567131608}}
{"counter":3933,"type":"move","frame":{"millis":24259,"tic":849},"actor":{"position":{"x":12481216,"y":15009696,"z":0,"angle":1073741824,"subsector":4566993032},"type":"spectre","health":150,"id":4567137416}}
{"counter":3934,"type":"move","frame":{"millis":24259,"tic":849},"actor":{"position":{"x":49076480,"y":13313792,"z":0,"angle":2147483648,"subsector":4566994408},"type":"shotgun_soldier","health":30,"id":4567137680}}
{"counter":3935,"type":"move","frame":{"millis":24259,"tic":849},"actor":{"position":{"x":-28756416,"y":63221696,"z":0,"angle":3221225472,"subsector":4566996712},"type":"shotgun_soldier","health":30,"id":4567155632}}
{"counter":3936,"type":"move","frame":{"millis":24259,"tic":849},"actor":{"position":{"x":-31981568,"y":42763904,"z":0,"angle":1610612736,"subsector":4566993352},"type":"shotgun_soldier","health":30,"id":4567156160}}
{"counter":3937,"type":"move","frame":{"millis":24259,"tic":849},"actor":{"position":{"x":-116608,"y":28104960,"z":0,"angle":3758096384,"subsector":4566993432},"type":"shotgun_soldier","health":30,"id":4567156424}}
{"counter":3938,"type":"move","frame":{"millis":24259,"tic":849},"actor":{"position":{"x":56570304,"y":23461888,"z":0,"angle":1073741824,"subsector":4566994312},"type":"spectre","health":150,"id":4567166984}}
{"counter":3939,"type":"move","frame":{"millis":24259,"tic":849},"actor":{"position":{"x":8160896,"y":32521472,"z":3670016,"angle":0,"subsector":4566993496},"type":"imp","health":60,"id":4567172000}}
{"counter":3940,"type":"move","frame":{"millis":24259,"tic":849},"actor":{"position":{"x":12429408,"y":31431722,"z":5767168,"angle":4142033344,"subsector":4566993496},"type":"imp_fireball","health":1000,"id":4567630784}}
{"counter":3941,"type":"move","frame":{"millis":24287,"tic":850},"actor":{"position":{"x":24707683,"y":32209610,"z":3670016,"angle":2868903936,"subsector":4566993528},"type":"player","health":45,"armor":57,"id":4567120880}}
{"counter":3942,"type":"move","frame":{"millis":24287,"tic":850},"actor":{"position":{"x":24860525,"y":32455441,"z":3670016,"angle":2868903936,"subsector":4566993528},"type":"player","health":45,"armor":57,"id":4567120880}}
{"counter":3943,"type":"move","frame":{"millis":24287,"tic":850},"actor":{"position":{"x":21336759,"y":38372428,"z":3670016,"angle":2684354560,"subsector":4566993528},"type":"soldier","health":-4,"id":4567131608}}
{"counter":3944,"type":"move","frame":{"millis":24287,"tic":850},"actor":{"position":{"x":2610880,"y":24810944,"z":0,"angle":3221225472,"subsector":4566993432},"type":"imp","health":60,"id":4567132928}}
{"counter":3945,"type":"move","frame":{"millis":24287,"tic":850},"actor":{"position":{"x":-29169600,"y":33729344,"z":0,"angle":3221225472,"subsector":4566993400},"type":"soldier","health":20,"id":4567137944}}
{"counter":3946,"type":"move","frame":{"millis":24287,"tic":850},"actor":{"position":{"x":2759168,"y":29794432,"z":0,"angle":3758096384,"subsector":4566993432},"type":"shotgun_soldier","health":30,"id":4567139792}}
{"counter":3947,"type":"move","frame":{"millis":24287,"tic":850},"actor":{"position":{"x":1187456,"y":16889696,"z":0,"angle":3758096384,"subsector":4566993176},"type":"spectre","health":150,"id":4567162232}}
{"counter":3948,"type":"move","frame":{"millis":24287,"tic":850},"actor":{"position":{"x":2648064,"y":6725760,"z":0,"angle":3221225472,"subsector":4566993176},"type":"imp","health":60,"id":4567172264}}
{"counter":3949,"type":"move","frame":{"millis":24287,"tic":850},"actor":{"position":{"x":-768064,"y":25218624,"z":0,"angle":536870912,"subsector":4566993432},"type":"shotgun_soldier","health":30,"id":4567172528}}
{"counter":3950,"type":"move","frame":{"millis":24287,"tic":850},"actor":{"position":{"x":13068448,"y":31286422,"z":5767168,"angle":4142033344,"subsector":4566993496},"type":"imp_fireball","health":1000,"id":4567630784}}
{"counter":3951,"type":"move","frame":{"millis":24316,"tic":851},"actor":{"position":{"x":24860525,"y":32455441,"z":3670016,"angle":2868903936,"subsector":4566993528},"type":"player","health":45,"armor":57,"id":4567120880}}
{"counter":3952,"type":"move","frame":{"millis":24316,"tic":851},"actor":{"position":{"x":24948600,"y":32589109,"z":3670016,"angle":2868903936,"subsector":4566993528},"type":"player","health":45,"armor":57,"id":4567120880}}
{"counter":3953,"type":"move","frame":{"millis":24316,"tic":851},"actor":{"position":{"x":16062661,"y":37919621,"z":3670016,"angle":3758096384,"subsector":4566993528},"type":"imp","health":33,"id":4567132664}}
{"counter":3954,"type":"move","frame":{"millis":24316,"tic":851},"actor":{"position":{"x":12481216,"y":15665056,"z":524288,"angle":1073741824,"subsector":4566993032},"type":"spectre","health":150,"id":4567137416}}
{"counter":3955,"type":"move","frame":{"millis":24316,"tic":851},"actor":{"position":{"x":-38559040,"y":55860544,"z":0,"angle":3758096384,"subsector":4566991144},"type":"soldier","health":20,"id":4567138208}}
{"counter":3956,"type":"move","frame":{"millis":24316,"tic":851},"actor":{"position":{"x":-15500928,"y":78939776,"z":0,"angle":2147483648,"subsector":4566996760},"type":"shotgun_soldier","health":30,"id":4567155368}}
{"counter":3957,"type":"move","frame":{"millis":24316,"tic":851},"actor":{"position":{"x":56570304,"y":24117248,"z":0,"angle":1073741824,"subsector":4566994312},"type":"spectre","health":150,"id":4567166984}}
{"counter":3958,"type":"move","frame":{"millis":24316,"tic":851},"actor":{"position":{"x":13707488,"y":31141122,"z":5767168,"angle":4142033344,"subsector":4566993496},"type":"imp_fireball","health":1000,"id":4567630784}}
{"counter":3959,"type":"move","frame":{"millis":24343,"tic":852},"actor":{"position":{"x":24948600,"y":32589109,"z":3670016,"angle":2868903936,"subsector":4566993528},"type":"player","health":45,"armor":57,"id":4567120880}}
{"counter":3960,"type":"move","frame":{"millis":24343,"tic":852},"actor":{"position":{"x":24977979,"y":32621129,"z":3670016,"angle":2868903936,"subsector":4566993528},"type":"player","health":45,"armor":57,"id":4567120880}}
{"counter":3961,"type":"move","frame":{"millis":24343,"tic":852},"actor":{"position":{"x":48552192,"y":13313792,"z":0,"angle":2147483648,"subsector":4566994408},"type":"shotgun_soldier","health":30,"id":4567137680}}
{"counter":3962,"type":"move","frame":{"millis":24343,"tic":852},"actor":{"position":{"x":-31308992,"y":68581184,"z":0,"angle":2147483648,"subsector":4566996712},"type":"soldier","health":20,"id":4567138736}}
{"counter":3963,"type":"move","frame":{"millis":24343,"tic":852},"actor":{"position":{"x":-25896704,"y":30609792,"z":0,"angle":3758096384,"subsector":4566993400},"type":"soldier","health":20,"id":4567139528}}
{"counter":3964,"type":"move","frame":{"millis":24343,"tic":852},"actor":{"position":{"x":-28756416,"y":62697408,"z":0,"angle":3221225472,"subsector":4566996712},"type":"shotgun_soldier","health":30,"id":4567155632}}
{"counter":3965,"type":"move","frame":{"millis":24343,"tic":852},"actor":{"position":{"x":-31981568,"y":42239616,"z":0,"angle":1610612736,"subsector":4566993352},"type":"shotgun_soldier","health":30,"id":4567156160}}
{"counter":3966,"type":"move","frame":{"millis":24343,"tic":852},"actor":{"position":{"x":-116608,"y":28629248,"z":0,"angle":3758096384,"subsector":4566993432},"type":"shotgun_soldier","health":30,"id":4567156424}}
{"counter":3967,"type":"move","frame":{"millis":24343,"tic":852},"actor":{"position":{"x":717456,"y":16419696,"z":0,"angle":3221225472,"subsector":4566993176},"type":"spectre","health":150,"id":4567162232}}
{"counter":3968,"type":"move","frame":{"millis":24343,"tic":852},"actor":{"position":{"x":8685184,"y":32521472,"z":3670016,"angle":0,"subsector":4566993496},"type":"imp","health":60,"id":4567172000}}
{"counter":3969,"type":"move","frame":{"millis":24343,"tic":852},"actor":{"position":{"x":14346528,"y":30995822,"z":5767168,"angle":4142033344,"subsector":4566993496},"type":"imp_fireball","health":1000,"id":4567630784}}
{"counter":3970,"type":"move","frame":{"millis":24373,"tic":853},"actor":{"position":{"x":24977979,"y":32621129,"z":3670016,"angle":2868903936,"subsector":4566993528},"type":"player","health":45,"armor":57,"id":4567120880}}
{"counter":3971,"type":"move","frame":{"millis":24373,"tic":853},"actor":{"position":{"x":24954165,"y":32561031,"z":3670016,"angle":2868903936,"subsector":4566993528},"type":"player","health":45,"armor":57,"id":4567120880}}
{"counter":3972,"type":"move","frame":{"millis":24373,"tic":853},"actor":{"position":{"x":2234880,"y":25186944,"z":0,"angle":3221225472,"subsector":4566993432},"type":"imp","health":60,"id":4567132928}}
{"counter":3973,"type":"move","frame":{"millis":24373,"tic":853},"actor":{"position":{"x":12481216,"y":16320416,"z":524288,"angle":1073741824,"subsector":4566993032},"type":"spectre","health":150,"id":4567137416}}
{"counter":3974,"type":"move","frame":{"millis":24373,"tic":853},"actor":{"position":{"x":2759168,"y":29270144,"z":0,"angle":0,"subsector":4566993432},"type":"shotgun_soldier","health":30,"id":4567139792}}
{"counter":3975,"type":"move","frame":{"millis":24373,"tic":853},"actor":{"position":{"x":56570304,"y":24772608,"z":0,"angle":1073741824,"subsector":4566994312},"type":"spectre","health":150,"id":4567166984}}
{"counter":3976,"type":"move","frame":{"millis":24373,"tic":853},"actor":{"position":{"x":2648064,"y":6201472,"z":0,"angle":3221225472,"subsector":4566993176},"type":"imp","health":60,"id":4567172264}}
{"counter":3977,"type":"move","frame":{"millis":24373,"tic":853},"actor":{"position":{"x":-392064,"y":25594624,"z":0,"angle":1073741824,"subsector":4566993432},"type":"shotgun_soldier","health":30,"id":4567172528}}
{"counter":3978,"type":"move","frame":{"millis":24373,"tic":853},"actor":{"position":{"x":14985568,"y":30850522,"z":5767168,"angle":4142033344,"subsector":4566993560},"type":"imp_fireball","health":1000,"id":4567630784}}
{"counter":3979,"type":"move","frame":{"millis":24373,"tic":853},"actor":{"position":{"x":12952079,"y":43488726,"z":5741323,"angle":2166170230,"subsector":4566993496},"type":"imp_fireball","health":1000,"id":4567631048}}
{"counter":3980,"type":"move","frame":{"millis":24401,"tic":854},"actor":{"position":{"x":24954165,"y":32561031,"z":3670016,"angle":2868903936,"subsector":4566993528},"type":"player","health":45,"armor":57,"id":4567120880}}
{"counter":3981,"type":"move","frame":{"millis":24401,"tic":854},"actor":{"position":{"x":24882145,"y":32417451,"z":3670016,"angle":2868903936,"subsector":4566993528},"type":"player","health":45,"armor":57,"id":4567120880}}
{"counter":3982,"type":"move","frame":{"millis":24401,"tic":854},"actor":{"position":{"x":16438661,"y":37543621,"z":3670016,"angle":3758096384,"subsector":4566993528},"type":"imp","health":33,"id":4567132664}}
{"counter":3983,"type":"move","frame":{"millis":24401,"tic":854},"actor":{"position":{"x":-29545600,"y":33353344,"z":0,"angle":2684354560,"subsector":4566993400},"type":"soldier","health":20,"id":4567137944}}
{"counter":3984,"type":"move","frame":{"millis":24401,"tic":854},"actor":{"position":{"x":-16025216,"y":78939776,"z":0,"angle":2147483648,"subsector":4566996760},"type":"shotgun_soldier","health":30,"id":4567155368}}
{"counter":3985,"type":"move","frame":{"millis":24401,"tic":854},"actor":{"position":{"x":247456,"y":15949696,"z":0,"angle":2684354560,"subsector":4566993176},"type":"spectre","health":150,"id":4567162232}}
{"counter":3986,"type":"move","frame":{"millis":24401,"tic":854},"actor":{"position":{"x":15624608,"y":30705222,"z":5767168,"angle":4142033344,"subsector":4566993560},"type":"imp_fireball","health":1000,"id":4567630784}}
{"counter":3987,"type":"move","frame":{"millis":24401,"tic":854},"actor":{"position":{"x":12296969,"y":43470886,"z":5689633,"angle":2166170230,"subsector":4566993496},"type":"imp_fireball","health":1000,"id":4567631048}}
{"counter":3988,"type":"move","frame":{"millis":24433,"tic":855},"actor":{"position":{"x":24882145,"y":32417451,"z":3670016,"angle":2885681152,"subsector":4566993528},"type":"player","health":45,"armor":57,"id":4567120880}}
{"counter":3989,"type":"move","frame":{"millis":24433,"tic":855},"actor":{"position":{"x":24768640,"y":32197004,"z":3670016,"angle":2885681152,"subsector":4566993528},"type":"player","health":45,"armor":57,"id":4567120880}}
{"counter":3990,"type":"move","frame":{"millis":24433,"tic":855},"actor":{"position":{"x":12481216,"y":16975776,"z":524288,"angle":1073741824,"subsector":4566993096},"type":"spectre","health":150,"id":4567137416}}
{"counter":3991,"type":"move","frame":{"millis":24433,"tic":855},"actor":{"position":{"x":48027904,"y":13313792,"z":0,"angle":2147483648,"subsector":4566994408},"type":"shotgun_soldier","health":30,"id":4567137680}}
{"counter":3992,"type":"move","frame":{"millis":24433,"tic":855},"actor":{"position":{"x":-38183040,"y":55484544,"z":0,"angle":3758096384,"subsector":4566991144},"type":"soldier","health":20,"id":4567138208}}
{"counter":3993,"type":"move","frame":{"millis":24433,"tic":855},"actor":{"position":{"x":-28756416,"y":62173120,"z":0,"angle":3221225472,"subsector":4566996712},"type":"shotgun_soldier","health":30,"id":4567155632}}
{"counter":3994,"type":"move","frame":{"millis":24433,"tic":855},"actor":{"position":{"x":-28984128,"y":58344256,"z":0,"angle":3758096384,"subsector":4566993352},"type":"shotgun_soldier","health":30,"id":4567155896}}
{"counter":3995,"type":"move","frame":{"millis":24433,"tic":855},"actor":{"position":{"x":-31981568,"y":41715328,"z":0,"angle":2147483648,"subsector":4566993352},"type":"shotgun_soldier","health":30,"id":4567156160}}
{"counter":3996,"type":"move","frame":{"millis":24433,"tic":855},"actor":{"position":{"x":-116608,"y":29153536,"z":0,"angle":0,"subsector":4566993432},"type":"shotgun_soldier","health":30,"id":4567156424}}
{"counter":3997,"type":"move","frame":{"millis":24433,"tic":855},"actor":{"position":{"x":56570304,"y":25427968,"z":0,"angle":1073741824,"subsector":4566994312},"type":"spectre","health":150,"id":4567166984}}
{"counter":3998,"type":"move","frame":{"millis":24433,"tic":855},"actor":{"position":{"x":9209472,"y":32521472,"z":3670016,"angle":0,"subsector":4566993496},"type":"imp","health":60,"id":4567172000}}
{"counter":3999,"type":"move","frame":{"millis":24433,"tic":855},"actor":{"position":{"x":16263648,"y":30559922,"z":5767168,"angle":4142033344,"subsector":4566993560},"type":"imp_fireball","health":1000,"id":4567630784}}
{"counter":4000,"type":"move","frame":{"millis":24433,"tic":855},"actor":{"position":{"x":11641859,"y":43453046,"z":5637943,"angle":2166170230,"subsector":4566993496},"type":"imp_fireball","health":1000,"id":4567631048}}
{"counter":4001,"type":"move","frame":{"millis":24458,"tic":856},"actor":{"position":{"x":24768640,"y":32197004,"z":3670016,"angle":2885681152,"subsector":4566993528},"type":"player","health":45,"armor":57,"id":4567120880}}
{"counter":4002,"type":"move","frame":{"millis":24458,"tic":856},"actor":{"position":{"x":24617540,"y":31906896,"z":3670016,"angle":2885681152,"subsector":4566993528},"type":"player","health":45,"armor":57,"id":4567120880}}
{"counter":4003,"type":"move","frame":{"millis":24458,"tic":856},"actor":{"position":{"x":2610880,"y":25562944,"z":0,"angle":2684354560,"subsector":4566993432},"type":"imp","health":60,"id":4567132928}}
{"counter":4004,"type":"move","frame":{"millis":24458,"tic":856},"actor":{"position":{"x":-31833280,"y":68581184,"z":0,"angle":2147483648,"subsector":4566996712},"type":"soldier","health":20,"id":4567138736}}
{"counter":4005,"type":"move","frame":{"millis":24458,"tic":856},"actor":{"position":{"x":-25520704,"y":30233792,"z":0,"angle":3758096384,"subsector":4566993400},"type":"soldier","health":20,"id":4567139528}}
{"counter":4006,"type":"move","frame":{"millis":24458,"tic":856},"actor":{"position":{"x":2759168,"y":28745856,"z":0,"angle":3758096384,"subsector":4566993432},"type":"shotgun_soldier","health":30,"id":4567139792}}
{"counter":4007,"type":"move","frame":{"millis":24458,"tic":856},"actor":{"position":{"x":-222544,"y":15479696,"z":0,"angle":2684354560,"subsector":4566993176},"type":"spectre","health":150,"id":4567162232}}
{"counter":4008,"type":"move","frame":{"millis":24458,"tic":856},"actor":{"position":{"x":2648064,"y":5677184,"z":0,"angle":3221225472,"subsector":4566993176},"type":"imp","health":60,"id":4567172264}}
{"counter":4009,"type":"move","frame":{"millis":24458,"tic":856},"actor":{"position":{"x":-16064,"y":25970624,"z":0,"angle":536870912,"subsector":4566993432},"type":"shotgun_soldier","health":30,"id":4567172528}}
{"counter":4010,"type":"move","frame":{"millis":24458,"tic":856},"actor":{"position":{"x":16902688,"y":30414622,"z":5767168,"angle":4142033344,"subsector":4566993560},"type":"imp_fireball","health":1000,"id":4567630784}}
{"counter":4011,"type":"move","frame":{"millis":24458,"tic":856},"actor":{"position":{"x":10986749,"y":43435206,"z":5586253,"angle":2166170230,"subsector":4566993496},"type":"imp_fireball","health":1000,"id":4567631048}}
{"counter":4012,"type":"move","frame":{"millis":24486,"tic":857},"actor":{"position":{"x":24617540,"y":31906896,"z":3670016,"angle":2902458368,"subsector":4566993528},"type":"player","health":45,"armor":57,"id":4567120880}}
{"counter":4013,"type":"move","frame":{"millis":24487,"tic":857},"actor":{"position":{"x":24434600,"y":31552502,"z":3670016,"angle":2902458368,"subsector":4566993528},"type":"player","health":45,"armor":57,"id":4567120880}}
{"counter":4014,"type":"move","frame":{"millis":24487,"tic":857},"actor":{"position":{"x":16814661,"y":37167621,"z":3670016,"angle":3758096384,"subsector":4566993528},"type":"imp","health":33,"id":4567132664}}
{"counter":4015,"type":"move","frame":{"millis":24487,"tic":857},"actor":{"position":{"x":12481216,"y":17631136,"z":1048576,"angle":1073741824,"subsector":4566993096},"type":"spectre","health":150,"id":4567137416}}
{"counter":4016,"type":"move","frame":{"millis":24487,"tic":857},"actor":{"position":{"x":-16549504,"y":78939776,"z":0,"angle":2147483648,"subsector":4566996760},"type":"shotgun_soldier","health":30,"id":4567155368}}
{"counter":4017,"type":"move","frame":{"millis":24487,"tic":857},"actor":{"position":{"x":56570304,"y":26083328,"z":0,"angle":1073741824,"subsector":4566994312},"type":"spectre","health":150,"id":4567166984}}
{"counter":4018,"type":"move","frame":{"millis":24487,"tic":857},"actor":{"position":{"x":17541728,"y":30269322,"z":5767168,"angle":4142033344,"subsector":4566993560},"type":"imp_fireball","health":1000,"id":4567630784}}
{"counter":4019,"type":"move","frame":{"millis":24487,"tic":857},"actor":{"position":{"x":10331639,"y":43417366,"z":5534563,"angle":2166170230,"subsector":4566993496},"type":"imp_fireball","health":1000,"id":4567631048}}
{"counter":4020,"type":"move","frame":{"millis":24516,"tic":858},"actor":{"position":{"x":24434600,"y":31552502,"z":3670016,"angle":2919235584,"subsector":4566993528},"type":"player","health":45,"armor":57,"id":4567120880}}
{"counter":4021,"type":"move","frame":{"millis":24516,"tic":858},"actor":{"position":{"x":24225064,"y":31138747,"z":3670016,"angle":2919235584,"subsector":4566993560},"type":"player","health":45,"armor":57,"id":4567120880}}
{"counter":4022,"type":"move","frame":{"millis":24516,"tic":858},"actor":{"position":{"x":47503616,"y":13313792,"z":0,"angle":2147483648,"subsector":4566994408},"type":"shotgun_soldier","health":30,"id":4567137680}}
{"counter":4023,"type":"move","frame":{"millis":24516,"tic":858},"actor":{"position":{"x":-29169600,"y":32977344,"z":0,"angle":2684354560,"subsector":4566993400},"type":"soldier","health":20,"id":4567137944}}
{"counter":4024,"type":"move","frame":{"millis":24516,"tic":858},"actor":{"position":{"x":-28756416,"y":61648832,"z":0,"angle":3221225472,"subsector":4566996712},"type":"shotgun_soldier","health":30,"id":4567155632}}
{"counter":4025,"type":"move","frame":{"millis":24516,"tic":858},"actor":{"position":{"x":-28608128,"y":57968256,"z":0,"angle":3758096384,"subsector":4566993352},"type":"shotgun_soldier","health":30,"id":4567155896}}
{"counter":4026,"type":"move","frame":{"millis":24516,"tic":858},"actor":{"position":{"x":-31981568,"y":41191040,"z":0,"angle":2684354560,"subsector":4566993352},"type":"shotgun_soldier","health":30,"id":4567156160}}
{"counter":4027,"type":"move","frame":{"millis":24516,"tic":858},"actor":{"position":{"x":-116608,"y":29677824,"z":0,"angle":536870912,"subsector":4566993432},"type":"shotgun_soldier","health":30,"id":4567156424}}
{"counter":4028,"type":"move","frame":{"millis":24516,"tic":858},"actor":{"position":{"x":-692544,"y":15009696,"z":0,"angle":2684354560,"subsector":4566993176},"type":"spectre","health":150,"id":4567162232}}
{"counter":4029,"type":"move","frame":{"millis":24516,"tic":858},"actor":{"position":{"x":9733760,"y":32521472,"z":3670016,"angle":0,"subsector":4566993496},"type":"imp","health":60,"id":4567172000}}
{"counter":4030,"type":"move","frame":{"millis":24516,"tic":858},"actor":{"position":{"x":18180768,"y":30124022,"z":5767168,"angle":4142033344,"subsector":4566993560},"type":"imp_fireball","health":1000,"id":4567630784}}
{"counter":4031,"type":"move","frame":{"millis":24516,"tic":858},"actor":{"position":{"x":9676529,"y":43399526,"z":5482873,"angle":2166170230,"subsector":4566993496},"type":"imp_fireball","health":1000,"id":4567631048}}
{"counter":4032,"type":"move","frame":{"millis":24543,"tic":859},"actor":{"position":{"x":24225064,"y":31138747,"z":3670016,"angle":2936012800,"subsector":4566993560},"type":"player","health":45,"armor":57,"id":4567120880}}
{"counter":4033,"type":"move","frame":{"millis":24543,"tic":859},"actor":{"position":{"x":23993712,"y":30670151,"z":3670016,"angle":2936012800,"subsector":4566993560},"type":"player","health":45,"armor":57,"id":4567120880}}
{"counter":4034,"type":"move","frame":{"millis":24543,"tic":859},"actor":{"position":{"x":13558744,"y":43139486,"z":3670016,"angle":2684354560,"subsector":4566993496},"type":"imp","health":48,"id":4567132400}}
{"counter":4035,"type":"move","frame":{"millis":24543,"tic":859},"actor":{"position":{"x":2610880,"y":26087232,"z":0,"angle":3221225472,"subsector":4566993432},"type":"imp","health":60,"id":4567132928}}
{"counter":4036,"type":"move","frame":{"millis":24543,"tic":859},"actor":{"position":{"x":11825856,"y":17631136,"z":1048576,"angle":1073741824,"subsector":4566993096},"type":"spectre","health":150,"id":4567137416}}
{"counter":4037,"type":"move","frame":{"millis":24543,"tic":859},"actor":{"position":{"x":-37807040,"y":55108544,"z":0,"angle":3758096384,"subsector":4566991144},"type":"soldier","health":20,"id":4567138208}}
{"counter":4038,"type":"move","frame":{"millis":24543,"tic":859},"actor":{"position":{"x":2759168,"y":29270144,"z":0,"angle":3221225472,"subsector":4566993432},"type":"shotgun_soldier","health":30,"id":4567139792}}
{"counter":4039,"type":"move","frame":{"millis":24543,"tic":859},"actor":{"position":{"x":56570304,"y":26738688,"z":0,"angle":1073741824,"subsector":4566994312},"type":"spectre","health":150,"id":4567166984}}
{"counter":4040,"type":"move","frame":{"millis":24543,"tic":859},"actor":{"position":{"x":3024064,"y":6053184,"z":0,"angle":3221225472,"subsector":4566993176},"type":"imp","health":60,"id":4567172264}}
{"counter":4041,"type":"move","frame":{"millis":24543,"tic":859},"actor":{"position":{"x":-16064,"y":26494912,"z":0,"angle":536870912,"subsector":4566993432},"type":"shotgun_soldier","health":30,"id":4567172528}}
{"counter":4042,"type":"move","frame":{"millis":24543,"tic":859},"actor":{"position":{"x":18819808,"y":29978722,"z":5767168,"angle":4142033344,"subsector":4566993560},"type":"imp_fireball","health":1000,"id":4567630784}}
{"counter":4043,"type":"move","frame":{"millis":24543,"tic":859},"actor":{"position":{"x":9021419,"y":43381686,"z":5431183,"angle":2166170230,"subsector":4566993496},"type":"imp_fireball","health":1000,"id":4567631048}}
{"counter":4044,"type":"move","frame":{"millis":24573,"tic":860},"actor":{"position":{"x":23993712,"y":30670151,"z":3670016,"angle":2936012800,"subsector":4566993560},"type":"player","health":45,"armor":57,"id":4567120880}}
{"counter":4045,"type":"move","frame":{"millis":24573,"tic":860},"actor":{"position":{"x":23742589,"y":30151855,"z":3670016,"angle":2936012800,"subsector":4566993560},"type":"player","health":45,"armor":57,"id":4567120880}}
{"counter":4046,"type":"move","frame":{"millis":24573,"tic":860},"actor":{"position":{"x":17190661,"y":36791621,"z":3670016,"angle":3758096384,"subsector":4566993528},"type":"imp","health":33,"id":4567132664}}
{"counter":4047,"type":"move","frame":{"millis":24573,"tic":860},"actor":{"position":{"x":-32357568,"y":68581184,"z":0,"angle":2147483648,"subsector":4566996712},"type":"soldier","health":20,"id":4567138736}}
{"counter":4048,"type":"move","frame":{"millis":24573,"tic":860},"actor":{"position":{"x":-25144704,"y":29857792,"z":0,"angle":3758096384,"subsector":4566993400},"type":"soldier","health":20,"id":4567139528}}
{"counter":4049,"type":"move","frame":{"millis":24573,"tic":860},"actor":{"position":{"x":-17073792,"y":78939776,"z":0,"angle":2147483648,"subsector":4566996760},"type":"shotgun_soldier","health":30,"id":4567155368}}
{"counter":4050,"type":"move","frame":{"millis":24573,"tic":860},"actor":{"position":{"x":-1162544,"y":14539696,"z":0,"angle":2684354560,"subsector":4566993176},"type":"spectre","health":150,"id":4567162232}}
{"counter":4051,"type":"move","frame":{"millis":24573,"tic":860},"actor":{"position":{"x":19458848,"y":29833422,"z":5767168,"angle":4142033344,"subsector":4566993560},"type":"imp_fireball","health":1000,"id":4567630784}}
{"counter":4052,"type":"move","frame":{"millis":24573,"tic":860},"actor":{"position":{"x":8366309,"y":43363846,"z":5379493,"angle":2166170230,"subsector":4566993496},"type":"imp_fireball","health":1000,"id":4567631048}}
{"counter":4053,"type":"move","frame":{"millis":24601,"tic":861},"actor":{"position":{"x":23742589,"y":30151855,"z":3670016,"angle":2936012800,"subsector":4566993560},"type":"player","health":45,"armor":57,"id":4567120880}}
{"counter":4054,"type":"move","frame":{"millis":24601,"tic":861},"actor":{"position":{"x":23473548,"y":29588519,"z":3670016,"angle":2936012800,"subsector":4566993560},"type":"player","health":45,"armor":57,"id":4567120880}}
{"counter":4055,"type":"move","frame":{"millis":24601,"tic":861},"actor":{"position":{"x":11170496,"y":17631136,"z":1048576,"angle":1610612736,"subsector":4566993096},"type":"spectre","health":150,"id":4567137416}}
{"counter":4056,"type":"move","frame":{"millis":24601,"tic":861},"actor":{"position":{"x":46979328,"y":13313792,"z":0,"angle":2147483648,"subsector":4566994408},"type":"shotgun_soldier","health":30,"id":4567137680}}
{"counter":4057,"type":"move","frame":{"millis":24601,"tic":861},"actor":{"position":{"x":-28756416,"y":61124544,"z":0,"angle":3221225472,"subsector":4566996712},"type":"shotgun_soldier","health":30,"id":4567155632}}
{"counter":4058,"type":"move","frame":{"millis":24601,"tic":861},"actor":{"position":{"x":-28232128,"y":57592256,"z":0,"angle":3758096384,"subsector":4566993352},"type":"shotgun_soldier","health":30,"id":4567155896}}
{"counter":4059,"type":"move","frame":{"millis":24601,"tic":861},"actor":{"position":{"x":-31981568,"y":40666752,"z":0,"angle":3221225472,"subsector":4566993352},"type":"shotgun_soldier","health":30,"id":4567156160}}
{"counter":4060,"type":"move","frame":{"millis":24601,"tic":861},"actor":{"position":{"x":-492608,"y":30053824,"z":0,"angle":1073741824,"subsector":4566993432},"type":"shotgun_soldier","health":30,"id":4567156424}}
{"counter":4061,"type":"move","frame":{"millis":24601,"tic":861},"actor":{"position":{"x":56570304,"y":27394048,"z":0,"angle":1073741824,"subsector":4566994312},"type":"spectre","health":150,"id":4567166984}}
{"counter":4062,"type":"move","frame":{"millis":24601,"tic":861},"actor":{"position":{"x":10258048,"y":32521472,"z":3670016,"angle":0,"subsector":4566993496},"type":"imp","health":60,"id":4567172000}}
{"counter":4063,"type":"move","frame":{"millis":24601,"tic":861},"actor":{"position":{"x":20097888,"y":29688122,"z":5767168,"angle":4142033344,"subsector":4566993560},"type":"imp_fireball","health":1000,"id":4567630784}}
{"counter":4064,"type":"move","frame":{"millis":24601,"tic":861},"actor":{"position":{"x":7711199,"y":43346006,"z":5327803,"angle":2166170230,"subsector":4566993496},"type":"imp_fireball","health":1000,"id":4567631048}}
{"counter":4065,"type":"move","frame":{"millis":24630,"tic":862},"actor":{"position":{"x":23473548,"y":29588519,"z":3670016,"angle":2936012800,"subsector":4566993560},"type":"player","health":45,"armor":57,"id":4567120880}}
{"counter":4066,"type":"move","frame":{"millis":24630,"tic":862},"actor":{"position":{"x":23188269,"y":28984365,"z":3670016,"angle":2936012800,"subsector":4566993560},"type":"player","health":45,"armor":57,"id":4567120880}}
{"counter":4067,"type":"move","frame":{"millis":24630,"tic":862},"actor":{"position":{"x":13182744,"y":42763486,"z":3670016,"angle":2684354560,"subsector":4566993496},"type":"imp","health":48,"id":4567132400}}
{"counter":4068,"type":"move","frame":{"millis":24630,"tic":862},"actor":{"position":{"x":2610880,"y":26611520,"z":0,"angle":3758096384,"subsector":4566993432},"type":"imp","health":60,"id":4567132928}}
{"counter":4069,"type":"move","frame":{"millis":24630,"tic":862},"actor":{"position":{"x":-28793600,"y":32601344,"z":0,"angle":3221225472,"subsector":4566993400},"type":"soldier","health":20,"id":4567137944}}
{"counter":4070,"type":"move","frame":{"millis":24630,"tic":862},"actor":{"position":{"x":2759168,"y":29794432,"z":0,"angle":3758096384,"subsector":4566993432},"type":"shotgun_soldier","health":30,"id":4567139792}}
{"counter":4071,"type":"move","frame":{"millis":24630,"tic":862},"actor":{"position":{"x":-1632544,"y":14069696,"z":0,"angle":2684354560,"subsector":4566993176},"type":"spectre","health":150,"id":4567162232}}
{"counter":4072,"type":"move","frame":{"millis":24630,"tic":862},"actor":{"position":{"x":3400064,"y":6429184,"z":0,"angle":3758096384,"subsector":4566993176},"type":"imp","health":60,"id":4567172264}}
{"counter":4073,"type":"move","frame":{"millis":24630,"tic":862},"actor":{"position":{"x":-16064,"y":27019200,"z":0,"angle":1073741824,"subsector":4566993432},"type":"shotgun_soldier","health":30,"id":4567172528}}
{"counter":4074,"type":"move","frame":{"millis":24630,"tic":862},"actor":{"position":{"x":20736928,"y":29542822,"z":5767168,"angle":4142033344,"subsector":4566993560},"type":"imp_fireball","health":1000,"id":4567630784}}
{"counter":4075,"type":"move","frame":{"millis":24630,"tic":862},"actor":{"position":{"x":7056089,"y":43328166,"z":5276113,"angle":2166170230,"subsector":4566993496},"type":"imp_fireball","health":1000,"id":4567631048}}
{"counter":4076,"type":"move","frame":{"millis":24659,"tic":863},"actor":{"position":{"x":23188269,"y":28984365,"z":3670016,"angle":2936012800,"subsector":4566993560},"type":"player","health":45,"armor":57,"id":4567120880}}
{"counter":4077,"type":"move","frame":{"millis":24659,"tic":863},"actor":{"position":{"x":22888274,"y":28343220,"z":3670016,"angle":2936012800,"subsector":4566993560},"type":"player","health":45,"armor":57,"id":4567120880}}
{"counter":4078,"type":"move","frame":{"millis":24659,"tic":863},"actor":{"position":{"x":17566661,"y":36415621,"z":3670016,"angle":3758096384,"subsector":4566993528},"type":"imp","health":33,"id":4567132664}}
{"counter":4079,"type":"move","frame":{"millis":24659,"tic":863},"actor":{"position":{"x":10515136,"y":17631136,"z":1048576,"angle":2147483648,"subsector":4566993096},"type":"spectre","health":150,"id":4567137416}}
{"counter":4080,"type":"move","frame":{"millis":24659,"tic":863},"actor":{"position":{"x":-37431040,"y":54732544,"z":0,"angle":3758096384,"subsector":4566993352},"type":"soldier","health":20,"id":4567138208}}
{"counter":4081,"type":"move","frame":{"millis":24659,"tic":863},"actor":{"position":{"x":-17598080,"y":78939776,"z":0,"angle":2147483648,"subsector":4566996760},"type":"shotgun_soldier","health":30,"id":4567155368}}
{"counter":4082,"type":"move","frame":{"millis":24659,"tic":863},"actor":{"position":{"x":57225664,"y":27394048,"z":0,"angle":1073741824,"subsector":4566994312},"type":"spectre","health":150,"id":4567166984}}
{"counter":4083,"type":"move","frame":{"millis":24659,"tic":863},"actor":{"position":{"x":21375968,"y":29397522,"z":5767168,"angle":4142033344,"subsector":4566993560},"type":"imp_fireball","health":1000,"id":4567630784}}
{"counter":4084,"type":"move","frame":{"millis":24659,"tic":863},"actor":{"position":{"x":6400979,"y":43310326,"z":5224423,"angle":2166170230,"subsector":4566993496},"type":"imp_fireball","health":1000,"id":4567631048}}
{"counter":4085,"type":"move","frame":{"millis":24686,"tic":864},"actor":{"position":{"x":22888274,"y":28343220,"z":3670016,"angle":2936012800,"subsector":4566993560},"type":"player","health":45,"armor":57,"id":4567120880}}
{"counter":4086,"type":"move","frame":{"millis":24686,"tic":864},"actor":{"position":{"x":22574943,"y":27668552,"z":3670016,"angle":2936012800,"subsector":4566993560},"type":"player","health":45,"armor":57,"id":4567120880}}
{"counter":4087,"type":"move","frame":{"millis":24686,"tic":864},"actor":{"position":{"x":46455040,"y":13313792,"z":0,"angle":2147483648,"subsector":4566994408},"type":"shotgun_soldier","health":30,"id":4567137680}}
{"counter":4088,"type":"move","frame":{"millis":24686,"tic":864},"actor":{"position":{"x":-32881856,"y":68581184,"z":0,"angle":2147483648,"subsector":4566996712},"type":"soldier","health":20,"id":4567138736}}
{"counter":4089,"type":"move","frame":{"millis":24686,"tic":864},"actor":{"position":{"x":-24768704,"y":29481792,"z":0,"angle":3758096384,"subsector":4566993400},"type":"soldier","health":20,"id":4567139528}}
{"counter":4090,"type":"move","frame":{"millis":24686,"tic":864},"actor":{"position":{"x":-28756416,"y":60600256,"z":0,"angle":3221225472,"subsector":4566996712},"type":"shotgun_soldier","health":30,"id":4567155632}}
{"counter":4091,"type":"move","frame":{"millis":24686,"tic":864},"actor":{"position":{"x":-27856128,"y":57216256,"z":0,"angle":3758096384,"subsector":4566993352},"type":"shotgun_soldier","health":30,"id":4567155896}}
{"counter":4092,"type":"move","frame":{"millis":24686,"tic":864},"actor":{"position":{"x":-31981568,"y":40142464,"z":0,"angle":3221225472,"subsector":4566993352},"type":"shotgun_soldier","health":30,"id":4567156160}}
{"counter":4093,"type":"move","frame":{"millis":24686,"tic":864},"actor":{"position":{"x":31680,"y":30053824,"z":0,"angle":1610612736,"subsector":4566993432},"type":"shotgun_soldier","health":30,"id":4567156424}}
{"counter":4094,"type":"move","frame":{"millis":24686,"tic":864},"actor":{"position":{"x":-2102544,"y":13599696,"z":0,"angle":2684354560,"subsector":4566993176},"type":"spectre","health":150,"id":4567162232}}
{"counter":4095,"type":"move","frame":{"millis":24686,"tic":864},"actor":{"position":{"x":10782336,"y":32521472,"z":3670016,"angle":0,"subsector":4566993496},"type":"imp","health":60,"id":4567172000}}
{"counter":4096,"type":"move","frame":{"millis":24686,"tic":864},"actor":{"position":{"x":22015008,"y":29252222,"z":5767168,"angle":4142033344,"subsector":4566993560},"type":"imp_fireball","health":1000,"id":4567630784}}
{"counter":4097,"type":"move","frame":{"millis":24686,"tic":864},"actor":{"position":{"x":5745869,"y":43292486,"z":5172733,"angle":2166170230,"subsector":4566993496},"type":"imp_fireball","health":1000,"id":4567631048}}
{"counter":4098,"type":"move","frame":{"millis":24715,"tic":865},"actor":{"position":{"x":22574943,"y":27668552,"z":3670016,"angle":2936012800,"subsector":4566993560},"type":"player","health":45,"armor":57,"id":4567120880}}
{"counter":4099,"type":"move","frame":{"millis":24715,"tic":865},"actor":{"position":{"x":22249526,"y":26963504,"z":3670016,"angle":2936012800,"subsector":4566993560},"type":"player","health":45,"armor":57,"id":4567120880}}
{"counter":4100,"type":"move","frame":{"millis":24715,"tic":865},"actor":{"position":{"x":12806744,"y":42387486,"z":3670016,"angle":2684354560,"subsector":4566993496},"type":"imp","health":48,"id":4567132400}}
{"counter":4101,"type":"move","frame":{"millis":24715,"tic":865},"actor":{"position":{"x":2610880,"y":27135808,"z":0,"angle":0,"subsector":4566993432},"type":"imp","health":60,"id":4567132928}}
{"counter":4102,"type":"move","frame":{"millis":24715,"tic":865},"actor":{"position":{"x":9859776,"y":17631136,"z":1048576,"angle":2147483648,"subsector":4566993096},"type":"spectre","health":150,"id":4567137416}}
{"counter":4103,"type":"move","frame":{"millis":24715,"tic":865},"actor":{"position":{"x":57881024,"y":27394048,"z":0,"angle":536870912,"subsector":4566994312},"type":"spectre","health":150,"id":4567166984}}
{"counter":4104,"type":"move","frame":{"millis":24715,"tic":865},"actor":{"position":{"x":3776064,"y":6805184,"z":0,"angle":0,"subsector":4566993176},"type":"imp","health":60,"id":4567172264}}
{"counter":4105,"type":"move","frame":{"millis":24715,"tic":865},"actor":{"position":{"x":-392064,"y":26643200,"z":0,"angle":1073741824,"subsector":4566993432},"type":"shotgun_soldier","health":30,"id":4567172528}}
{"counter":4106,"type":"move","frame":{"millis":24715,"tic":865},"actor":{"position":{"x":22654048,"y":29106922,"z":5767168,"angle":4142033344,"subsector":4566993560},"type":"imp_fireball","health":1000,"id":4567630784}}
{"counter":4107,"type":"move","frame":{"millis":24715,"tic":865},"actor":{"position":{"x":5090759,"y":43274646,"z":5121043,"angle":2166170230,"subsector":4566993512},"type":"imp_fireball","health":1000,"id":4567631048}}
{"counter":4108,"type":"move","frame":{"millis":24744,"tic":866},"actor":{"position":{"x":22249526,"y":26963504,"z":3670016,"angle":2936012800,"subsector":4566993560},"type":"player","health":45,"armor":57,"id":4567120880}}
{"counter":4109,"type":"move","frame":{"millis":24744,"tic":866},"actor":{"position":{"x":21913156,"y":26230924,"z":3670016,"angle":2936012800,"subsector":4566993560},"type":"player","health":45,"armor":57,"id":4567120880}}
{"counter":4110,"type":"move","frame":{"millis":24744,"tic":866},"actor":{"position":{"x":17942661,"y":36039621,"z":3670016,"angle":3758096384,"subsector":4566993528},"type":"imp","health":33,"id":4567132664}}
{"counter":4111,"type":"move","frame":{"millis":24744,"tic":866},"actor":{"position":{"x":-28417600,"y":32225344,"z":0,"angle":3758096384,"subsector":4566993400},"type":"soldier","health":20,"id":4567137944}}
{"counter":4112,"type":"move","frame":{"millis":24744,"tic":866},"actor":{"position":{"x":-18122368,"y":78939776,"z":0,"angle":2147483648,"subsector":4566996760},"type":"shotgun_soldier","health":30,"id":4567155368}}
{"counter":4113,"type":"move","frame":{"millis":24744,"tic":866},"actor":{"position":{"x":-1447184,"y":13599696,"z":0,"angle":2684354560,"subsector":4566993176},"type":"spectre","health":150,"id":4567162232}}
{"counter":4114,"type":"move","frame":{"millis":24744,"tic":866},"actor":{"position":{"x":23293088,"y":28961622,"z":5767168,"angle":4142033344,"subsector":4566993560},"type":"imp_fireball","health":1000,"id":4567630784}}
{"counter":4115,"type":"move","frame":{"millis":24773,"tic":867},"actor":{"position":{"x":21913156,"y":26230924,"z":3670016,"angle":2952790016,"subsector":4566993560},"type":"player","health":45,"armor":57,"id":4567120880}}
{"counter":4116,"type":"enter_subsector","frame":{"millis":24773,"tic":867},"actor":{"position":{"x":21569170,"y":25472404,"z":3670016,"angle":2952790016,"subsector":4566993592},"type":"player","health":45,"armor":57,"id":4567120880}}
{"counter":4117,"type":"move","frame":{"millis":24773,"tic":867},"actor":{"position":{"x":21569170,"y":25472404,"z":3670016,"angle":2952790016,"subsector":4566993592},"type":"player","health":45,"armor":57,"id":4567120880}}
{"counter":4118,"type":"move","frame":{"millis":24773,"tic":867},"actor":{"position":{"x":9204416,"y":17631136,"z":1048576,"angle":2147483648,"subsector":4566993096},"type":"spectre","health":150,"id":4567137416}}
{"counter":4119,"type":"move","frame":{"millis":24773,"tic":867},"actor":{"position":{"x":45930752,"y":13313792,"z":0,"angle":2147483648,"subsector":4566994408},"type":"shotgun_soldier","health":30,"id":4567137680}}
{"counter":4120,"type":"move","frame":{"millis":24773,"tic":867},"actor":{"position":{"x":-37055040,"y":54356544,"z":0,"angle":3758096384,"subsector":4566993352},"type":"soldier","health":20,"id":4567138208}}
{"counter":4121,"type":"move","frame":{"millis":24773,"tic":867},"actor":{"position":{"x":-28756416,"y":60075968,"z":0,"angle":3221225472,"subsector":4566996712},"type":"shotgun_soldier","health":30,"id":4567155632}}
{"counter":4122,"type":"move","frame":{"millis":24773,"tic":867},"actor":{"position":{"x":-27480128,"y":56840256,"z":0,"angle":3758096384,"subsector":4566993352},"type":"shotgun_soldier","health":30,"id":4567155896}}
{"counter":4123,"type":"move","frame":{"millis":24773,"tic":867},"actor":{"position":{"x":-31981568,"y":39618176,"z":0,"angle":3221225472,"subsector":4566993352},"type":"shotgun_soldier","health":30,"id":4567156160}}
{"counter":4124,"type":"move","frame":{"millis":24773,"tic":867},"actor":{"position":{"x":-344320,"y":29677824,"z":0,"angle":1073741824,"subsector":4566993432},"type":"shotgun_soldier","health":30,"id":4567156424}}
{"counter":4125,"type":"move","frame":{"millis":24773,"tic":867},"actor":{"position":{"x":58536384,"y":27394048,"z":0,"angle":0,"subsector":4566994312},"type":"spectre","health":150,"id":4567166984}}
{"counter":4126,"type":"move","frame":{"millis":24773,"tic":867},"actor":{"position":{"x":11306624,"y":32521472,"z":3670016,"angle":0,"subsector":4566993496},"type":"imp","health":60,"id":4567172000}}
{"counter":4127,"type":"move","frame":{"millis":24773,"tic":867},"actor":{"position":{"x":23932128,"y":28816322,"z":5767168,"angle":4142033344,"subsector":4566993560},"type":"imp_fireball","health":1000,"id":4567630784}}
{"counter":4128,"type":"move","frame":{"millis":24801,"tic":868},"actor":{"position":{"x":21569170,"y":25472404,"z":3670016,"angle":2986344448,"subsector":4566993592},"type":"player","health":45,"armor":57,"id":4567120880}}
{"weapon_type":2,"counter":4129,"type":"pickup_weapon","frame":{"millis":24801,"tic":868},"actor":{"position":{"x":21569170,"y":25472404,"z":3670016,"angle":2986344448,"subsector":4566993592},"type":"player","health":45,"armor":57,"id":4567120880}}
{"counter":4130,"type":"enter_subsector","frame":{"millis":24803,"tic":868},"actor":{"position":{"x":21222972,"y":24688568,"z":3670016,"angle":2986344448,"subsector":4566993576},"type":"player","health":45,"armor":57,"id":4567120880}}
{"counter":4131,"type":"move","frame":{"millis":24803,"tic":868},"actor":{"position":{"x":21222972,"y":24688568,"z":3670016,"angle":2986344448,"subsector":4566993576},"type":"player","health":45,"armor":57,"id":4567120880}}
{"counter":4132,"type":"move","frame":{"millis":24803,"tic":868},"actor":{"position":{"x":12430744,"y":42011486,"z":3670016,"angle":2684354560,"subsector":4566993496},"type":"imp","health":48,"id":4567132400}}
{"counter":4133,"type":"move","frame":{"millis":24803,"tic":868},"actor":{"position":{"x":2234880,"y":26759808,"z":0,"angle":536870912,"subsector":4566993432},"type":"imp","health":60,"id":4567132928}}
{"counter":4134,"type":"move","frame":{"millis":24803,"tic":868},"actor":{"position":{"x":-33406144,"y":68581184,"z":0,"angle":2147483648,"subsector":4566996712},"type":"soldier","health":20,"id":4567138736}}
{"counter":4135,"type":"move","frame":{"millis":24803,"tic":868},"actor":{"position":{"x":-24392704,"y":29105792,"z":0,"angle":3758096384,"subsector":4566993432},"type":"soldier","health":20,"id":4567139528}}
{"counter":4136,"type":"move","frame":{"millis":24803,"tic":868},"actor":{"position":{"x":2383168,"y":29418432,"z":0,"angle":0,"subsector":4566993432},"type":"shotgun_soldier","health":30,"id":4567139792}}
{"counter":4137,"type":"move","frame":{"millis":24803,"tic":868},"actor":{"position":{"x":-791824,"y":13599696,"z":0,"angle":3221225472,"subsector":4566993176},"type":"spectre","health":150,"id":4567162232}}
{"counter":4138,"type":"move","frame":{"millis":24803,"tic":868},"actor":{"position":{"x":4152064,"y":7181184,"z":0,"angle":536870912,"subsector":4566993176},"type":"imp","health":60,"id":4567172264}}
{"counter":4139,"type":"move","frame":{"millis":24803,"tic":868},"actor":{"position":{"x":-768064,"y":26267200,"z":0,"angle":1610612736,"subsector":4566993432},"type":"shotgun_soldier","health":30,"id":4567172528}}
{"counter":4140,"type":"move","frame":{"millis":24803,"tic":868},"actor":{"position":{"x":24571168,"y":28671022,"z":5767168,"angle":4142033344,"subsector":4566993560},"type":"imp_fireball","health":1000,"id":4567630784}}
{"counter":4141,"type":"move","frame":{"millis":24829,"tic":869},"actor":{"position":{"x":21222972,"y":24688568,"z":3670016,"angle":3036676096,"subsector":4566993576},"type":"player","health":45,"armor":57,"id":4567120880}}
{"counter":4142,"type":"move","frame":{"millis":24829,"tic":869},"actor":{"position":{"x":20881956,"y":23879516,"z":3670016,"angle":3036676096,"subsector":4566993576},"type":"player","health":45,"armor":57,"id":4567120880}}
{"counter":4143,"type":"move","frame":{"millis":24829,"tic":869},"actor":{"position":{"x":18318661,"y":35663621,"z":3670016,"angle":3758096384,"subsector":4566993528},"type":"imp","health":33,"id":4567132664}}
{"counter":4144,"type":"move","frame":{"millis":24829,"tic":869},"actor":{"position":{"x":8549056,"y":17631136,"z":1048576,"angle":2147483648,"subsector":4566993096},"type":"spectre","health":150,"id":4567137416}}
{"counter":4145,"type":"move","frame":{"millis":24830,"tic":869},"actor":{"position":{"x":-18646656,"y":78939776,"z":0,"angle":2147483648,"subsector":4566996760},"type":"shotgun_soldier","health":30,"id":4567155368}}
{"counter":4146,"type":"move","frame":{"millis":24830,"tic":869},"actor":{"position":{"x":58066384,"y":26924048,"z":0,"angle":0,"subsector":4566994312},"type":"spectre","health":150,"id":4567166984}}
{"counter":4147,"type":"move","frame":{"millis":24830,"tic":869},"actor":{"position":{"x":25210208,"y":28525722,"z":5767168,"angle":4142033344,"subsector":4566993560},"type":"imp_fireball","health":1000,"id":4567630784}}
{"counter":4148,"type":"move","frame":{"millis":24858,"tic":870},"actor":{"position":{"x":20881956,"y":23879516,"z":3670016,"angle":3137339392,"subsector":4566993576},"type":"player","health":45,"armor":57,"id":4567120880}}
{"counter":4149,"type":"move","frame":{"millis":24858,"tic":870},"actor":{"position":{"x":20560414,"y":23044677,"z":3670016,"angle":3137339392,"subsector":4566993160},"type":"player","health":45,"armor":57,"id":4567120880}}
{"counter":4150,"type":"move","frame":{"millis":24858,"tic":870},"actor":{"position":{"x":45406464,"y":13313792,"z":0,"angle":2147483648,"subsector":4566994408},"type":"shotgun_soldier","health":30,"id":4567137680}}
{"counter":4151,"type":"move","frame":{"millis":24858,"tic":870},"actor":{"position":{"x":-28041600,"y":31849344,"z":0,"angle":3758096384,"subsector":4566993400},"type":"soldier","health":20,"id":4567137944}}
{"counter":4152,"type":"move","frame":{"millis":24858,"tic":870},"actor":{"position":{"x":-28380416,"y":59699968,"z":0,"angle":3221225472,"subsector":4566996712},"type":"shotgun_soldier","health":30,"id":4567155632}}
{"counter":4153,"type":"move","frame":{"millis":24858,"tic":870},"actor":{"position":{"x":-27104128,"y":56464256,"z":0,"angle":3758096384,"subsector":4566993384},"type":"shotgun_soldier","health":30,"id":4567155896}}
{"counter":4154,"type":"move","frame":{"millis":24858,"tic":870},"actor":{"position":{"x":-31981568,"y":39093888,"z":0,"angle":3221225472,"subsector":4566993352},"type":"shotgun_soldier","health":30,"id":4567156160}}
{"counter":4155,"type":"move","frame":{"millis":24858,"tic":870},"actor":{"position":{"x":-720320,"y":29301824,"z":0,"angle":1610612736,"subsector":4566993432},"type":"shotgun_soldier","health":30,"id":4567156424}}
{"counter":4156,"type":"move","frame":{"millis":24858,"tic":870},"actor":{"position":{"x":-321824,"y":14069696,"z":0,"angle":3758096384,"subsector":4566993176},"type":"spectre","health":150,"id":4567162232}}
{"counter":4157,"type":"attacked","frame":{"millis":24858,"tic":870},"actor":{"position":{"x":11306624,"y":32521472,"z":3670016,"angle":0,"subsector":4566993496},"type":"imp","health":60,"id":4567172000},"target":{"position":{"x":20560414,"y":23044677,"z":3670016,"angle":3137339392,"subsector":4566993160},"type":"player","health":45,"armor":57,"id":4567120880}}
{"counter":4158,"type":"move","frame":{"millis":24858,"tic":870},"actor":{"position":{"x":25849248,"y":28380422,"z":5767168,"angle":4142033344,"subsector":4566993560},"type":"imp_fireball","health":1000,"id":4567630784}}
{"counter":4159,"type":"move","frame":{"millis":24886,"tic":871},"actor":{"position":{"x":20560414,"y":23044677,"z":3670016,"angle":3271557120,"subsector":4566993160},"type":"player","health":45,"armor":57,"id":4567120880}}
{"counter":4160,"type":"move","frame":{"millis":24886,"tic":871},"actor":{"position":{"x":20276587,"y":22185985,"z":3670016,"angle":3271557120,"subsector":4566993160},"type":"player","health":45,"armor":57,"id":4567120880}}
{"counter":4161,"type":"move","frame":{"millis":24886,"tic":871},"actor":{"position":{"x":12054744,"y":41635486,"z":3670016,"angle":2684354560,"subsector":4566993496},"type":"imp","health":48,"id":4567132400}}
{"counter":4162,"type":"move","frame":{"millis":24886,"tic":871},"actor":{"position":{"x":1858880,"y":26383808,"z":0,"angle":1073741824,"subsector":4566993432},"type":"imp","health":60,"id":4567132928}}
{"counter":4163,"type":"move","frame":{"millis":24886,"tic":871},"actor":{"position":{"x":9019056,"y":17161136,"z":1048576,"angle":2147483648,"subsector":4566993096},"type":"spectre","health":150,"id":4567137416}}
{"counter":4164,"type":"move","frame":{"millis":24886,"tic":871},"actor":{"position":{"x":-36679040,"y":53980544,"z":0,"angle":3758096384,"subsector":4566993352},"type":"soldier","health":20,"id":4567138208}}
{"counter":4165,"type":"move","frame":{"millis":24886,"tic":871},"actor":{"position":{"x":2007168,"y":29042432,"z":0,"angle":3758096384,"subsector":4566993432},"type":"shotgun_soldier","health":30,"id":4567139792}}
{"counter":4166,"type":"move","frame":{"millis":24886,"tic":871},"actor":{"position":{"x":57596384,"y":26454048,"z":0,"angle":3758096384,"subsector":4566994312},"type":"spectre","health":150,"id":4567166984}}
{"counter":4167,"type":"move","frame":{"millis":24886,"tic":871},"actor":{"position":{"x":4528064,"y":7557184,"z":0,"angle":536870912,"subsector":4566993192},"type":"imp","health":60,"id":4567172264}}
{"counter":4168,"type":"move","frame":{"millis":24886,"tic":871},"actor":{"position":{"x":-768064,"y":25742912,"z":0,"angle":2147483648,"subsector":4566993432},"type":"shotgun_soldier","health":30,"id":4567172528}}
{"counter":4169,"type":"move","frame":{"millis":24886,"tic":871},"actor":{"position":{"x":26488288,"y":28235122,"z":5767168,"angle":4142033344,"subsector":4566993560},"type":"imp_fireball","health":1000,"id":4567630784}}
{"counter":4170,"type":"move","frame":{"millis":24915,"tic":872},"actor":{"position":{"x":20276587,"y":22185985,"z":3670016,"angle":3506438144,"subsector":4566993160},"type":"player","health":45,"armor":57,"id":4567120880}}
{"counter":4171,"type":"move","frame":{"millis":24915,"tic":872},"actor":{"position":{"x":20060899,"y":21314196,"z":3670016,"angle":3506438144,"subsector":4566993160},"type":"player","health":45,"armor":57,"id":4567120880}}
{"counter":4172,"type":"move","frame":{"millis":24915,"tic":872},"actor":{"position":{"x":18694661,"y":35287621,"z":3670016,"angle":3758096384,"subsector":4566993528},"type":"imp","health":33,"id":4567132664}}
{"counter":4173,"type":"move","frame":{"millis":24915,"tic":872},"actor":{"position":{"x":-33930432,"y":68581184,"z":0,"angle":2147483648,"subsector":4566996712},"type":"soldier","health":20,"id":4567138736}}
{"counter":4174,"type":"move","frame":{"millis":24915,"tic":872},"actor":{"position":{"x":-24016704,"y":28729792,"z":0,"angle":3758096384,"subsector":4566993432},"type":"soldier","health":20,"id":4567139528}}
{"counter":4175,"type":"move","frame":{"millis":24915,"tic":872},"actor":{"position":{"x":-19170944,"y":78939776,"z":0,"angle":2147483648,"subsector":4566996760},"type":"shotgun_soldier","health":30,"id":4567155368}}
{"counter":4176,"type":"move","frame":{"millis":24915,"tic":872},"actor":{"position":{"x":148176,"y":14539696,"z":0,"angle":0,"subsector":4566993176},"type":"spectre","health":150,"id":4567162232}}
{"counter":4177,"type":"move","frame":{"millis":24915,"tic":872},"actor":{"position":{"x":26488288,"y":28235122,"z":5767168,"angle":4142033344,"subsector":4566993560},"type":"imp_fireball","health":1000,"id":4567630784}}
{"counter":4178,"type":"move","frame":{"millis":24943,"tic":873},"actor":{"position":{"x":20060899,"y":21314196,"z":3670016,"angle":3791650816,"subsector":4566993160},"type":"player","health":45,"armor":57,"id":4567120880}}
{"armor":58,"counter":4179,"type":"armor_bonus","frame":{"millis":24943,"tic":873},"actor":{"position":{"x":20060899,"y":21314196,"z":3670016,"angle":3791650816,"subsector":4566993160},"type":"player","health":45,"armor":58,"id":4567120880}}
{"counter":4180,"type":"move","frame":{"millis":24943,"tic":873},"actor":{"position":{"x":19883646,"y":20507640,"z":3670016,"angle":3791650816,"subsector":4566993160},"type":"player","health":45,"armor":58,"id":4567120880}}
{"counter":4181,"type":"move","frame":{"millis":24943,"tic":873},"actor":{"position":{"x":9489056,"y":16691136,"z":1048576,"angle":2684354560,"subsector":4566993032},"type":"spectre","health":150,"id":4567137416}}
{"counter":4182,"type":"move","frame":{"millis":24943,"tic":873},"actor":{"position":{"x":44882176,"y":13313792,"z":0,"angle":2147483648,"subsector":4566994408},"type":"shotgun_soldier","health":30,"id":4567137680}}
{"counter":4183,"type":"move","frame":{"millis":24944,"tic":873},"actor":{"position":{"x":-28004416,"y":59323968,"z":0,"angle":3758096384,"subsector":4566996712},"type":"shotgun_soldier","health":30,"id":4567155632}}
{"counter":4184,"type":"move","frame":{"millis":24944,"tic":873},"actor":{"position":{"x":-26728128,"y":56088256,"z":0,"angle":3758096384,"subsector":4566993384},"type":"shotgun_soldier","health":30,"id":4567155896}}
{"counter":4185,"type":"move","frame":{"millis":24944,"tic":873},"actor":{"position":{"x":-31981568,"y":38569600,"z":0,"angle":3221225472,"subsector":4566993352},"type":"shotgun_soldier","health":30,"id":4567156160}}
{"counter":4186,"type":"move","frame":{"millis":24944,"tic":873},"actor":{"position":{"x":-1096320,"y":28925824,"z":0,"angle":2147483648,"subsector":4566993432},"type":"shotgun_soldier","health":30,"id":4567156424}}
{"counter":4187,"type":"move","frame":{"millis":24944,"tic":873},"actor":{"position":{"x":57126384,"y":25984048,"z":0,"angle":3221225472,"subsector":4566994312},"type":"spectre","health":150,"id":4567166984}}
{"counter":4188,"type":"move","frame":{"millis":24972,"tic":874},"actor":{"position":{"x":19883646,"y":20507640,"z":3670016,"angle":4043309056,"subsector":4566993160},"type":"player","health":45,"armor":58,"id":4567120880}}
{"counter":4189,"type":"move","frame":{"millis":24972,"tic":874},"actor":{"position":{"x":19765052,"y":19760499,"z":3670016,"angle":4043309056,"subsector":4566993160},"type":"player","health":45,"armor":58,"id":4567120880}}
{"counter":4190,"type":"move","frame":{"millis":24972,"tic":874},"actor":{"position":{"x":11678744,"y":41259486,"z":3670016,"angle":2684354560,"subsector":4566993496},"type":"imp","health":48,"id":4567132400}}
{"counter":4191,"type":"move","frame":{"millis":24972,"tic":874},"actor":{"position":{"x":2234880,"y":26007808,"z":0,"angle":1610612736,"subsector":4566993432},"type":"imp","health":60,"id":4567132928}}
{"counter":4192,"type":"move","frame":{"millis":24972,"tic":874},"actor":{"position":{"x":-27665600,"y":31473344,"z":0,"angle":3758096384,"subsector":4566993400},"type":"soldier","health":20,"id":4567137944}}
{"counter":4193,"type":"move","frame":{"millis":24972,"tic":874},"actor":{"position":{"x":1631168,"y":28666432,"z":0,"angle":3221225472,"subsector":4566993432},"type":"shotgun_soldier","health":30,"id":4567139792}}
{"counter":4194,"type":"move","frame":{"millis":24972,"tic":874},"actor":{"position":{"x":618176,"y":15009696,"z":0,"angle":536870912,"subsector":4566993176},"type":"spectre","health":150,"id":4567162232}}
{"counter":4195,"type":"move","frame":{"millis":24972,"tic":874},"actor":{"position":{"x":4904064,"y":7933184,"z":0,"angle":536870912,"subsector":4566993192},"type":"imp","health":60,"id":4567172264}}
{"counter":4196,"type":"move","frame":{"millis":24972,"tic":874},"actor":{"position":{"x":-768064,"y":25218624,"z":0,"angle":2684354560,"subsector":4566993432},"type":"shotgun_soldier","health":30,"id":4567172528}}
{"counter":4197,"type":"move","frame":{"millis":25000,"tic":875},"actor":{"position":{"x":19765052,"y":19760499,"z":3670016,"angle":4278190080,"subsector":4566993160},"type":"player","health":45,"armor":58,"id":4567120880}}
{"counter":4198,"type":"move","frame":{"millis":25000,"tic":875},"actor":{"position":{"x":19747660,"y":19081225,"z":3670016,"angle":4278190080,"subsector":4566993160},"type":"player","health":45,"armor":58,"id":4567120880}}
{"counter":4199,"type":"move","frame":{"millis":25000,"tic":875},"actor":{"position":{"x":19070661,"y":34911621,"z":3670016,"angle":3758096384,"subsector":4566993528},"type":"imp","health":33,"id":4567132664}}
{"counter":4200,"type":"move","frame":{"millis":25000,"tic":875},"actor":{"position":{"x":9959056,"y":16221136,"z":1048576,"angle":3221225472,"subsector":4566993032},"type":"spectre","health":150,"id":4567137416}}
{"counter":4201,"type":"move","frame":{"millis":25000,"tic":875},"actor":{"position":{"x":-36303040,"y":53604544,"z":0,"angle":3758096384,"subsector":4566993352},"type":"soldier","health":20,"id":4567138208}}
{"counter":4202,"type":"move","frame":{"millis":25000,"tic":875},"actor":{"position":{"x":-19695232,"y":78939776,"z":0,"angle":2147483648,"subsector":4566996760},"type":"shotgun_soldier","health":30,"id":4567155368}}
{"counter":4203,"type":"move","frame":{"millis":25000,"tic":875},"actor":{"position":{"x":56656384,"y":25514048,"z":0,"angle":2684354560,"subsector":4566994312},"type":"spectre","health":150,"id":4567166984}}
{"counter":4204,"type":"move","frame":{"millis":25030,"tic":876},"actor":{"position":{"x":19747660,"y":19081225,"z":3670016,"angle":184549376,"subsector":4566993160},"type":"player","health":45,"armor":58,"id":4567120880}}
{"counter":4205,"type":"move","frame":{"millis":25030,"tic":876},"actor":{"position":{"x":19830577,"y":18492980,"z":3670016,"angle":184549376,"subsector":4566993160},"type":"player","health":45,"armor":58,"id":4567120880}}
{"counter":4206,"type":"move","frame":{"millis":25030,"tic":876},"actor":{"position":{"x":44357888,"y":13313792,"z":0,"angle":2147483648,"subsector":4566994408},"type":"shotgun_soldier","health":30,"id":4567137680}}
{"counter":4207,"type":"move","frame":{"millis":25030,"tic":876},"actor":{"position":{"x":-34454720,"y":68581184,"z":0,"angle":2147483648,"subsector":4566996712},"type":"soldier","health":20,"id":4567138736}}
{"counter":4208,"type":"move","frame":{"millis":25030,"tic":876},"actor":{"position":{"x":-23640704,"y":28353792,"z":0,"angle":3758096384,"subsector":4566993432},"type":"soldier","health":20,"id":4567139528}}
{"counter":4209,"type":"move","frame":{"millis":25030,"tic":876},"actor":{"position":{"x":-27628416,"y":58947968,"z":0,"angle":3758096384,"subsector":4566996712},"type":"shotgun_soldier","health":30,"id":4567155632}}
{"counter":4210,"type":"move","frame":{"millis":25030,"tic":876},"actor":{"position":{"x":-26352128,"y":55712256,"z":0,"angle":3758096384,"subsector":4566993384},"type":"shotgun_soldier","health":30,"id":4567155896}}
{"counter":4211,"type":"move","frame":{"millis":25030,"tic":876},"actor":{"position":{"x":-31981568,"y":38045312,"z":0,"angle":3221225472,"subsector":4566993352},"type":"shotgun_soldier","health":30,"id":4567156160}}
{"counter":4212,"type":"move","frame":{"millis":25030,"tic":876},"actor":{"position":{"x":-1472320,"y":28549824,"z":0,"angle":2684354560,"subsector":4566993432},"type":"shotgun_soldier","health":30,"id":4567156424}}
{"counter":4213,"type":"move","frame":{"millis":25030,"tic":876},"actor":{"position":{"x":1088176,"y":15479696,"z":0,"angle":536870912,"subsector":4566993176},"type":"spectre","health":150,"id":4567162232}}
{"counter":4214,"type":"move","frame":{"millis":25058,"tic":877},"actor":{"position":{"x":19830577,"y":18492980,"z":3670016,"angle":369098752,"subsector":4566993160},"type":"player","health":45,"armor":58,"id":4567120880}}
{"counter":4215,"type":"move","frame":{"millis":25058,"tic":877},"actor":{"position":{"x":19993530,"y":18012558,"z":3670016,"angle":369098752,"subsector":4566993160},"type":"player","health":45,"armor":58,"id":4567120880}}
{"counter":4216,"type":"move","frame":{"millis":25058,"tic":877},"actor":{"position":{"x":11302744,"y":40883486,"z":3670016,"angle":2684354560,"subsector":4566993496},"type":"imp","health":48,"id":4567132400}}
{"counter":4217,"type":"move","frame":{"millis":25058,"tic":877},"actor":{"position":{"x":2610880,"y":25631808,"z":0,"angle":2147483648,"subsector":4566993432},"type":"imp","health":60,"id":4567132928}}
{"counter":4218,"type":"move","frame":{"millis":25058,"tic":877},"actor":{"position":{"x":10429056,"y":15751136,"z":524288,"angle":3758096384,"subsector":4566993032},"type":"spectre","health":150,"id":4567137416}}
{"counter":4219,"type":"move","frame":{"millis":25058,"tic":877},"actor":{"position":{"x":1255168,"y":28290432,"z":0,"angle":2684354560,"subsector":4566993432},"type":"shotgun_soldier","health":30,"id":4567139792}}
{"counter":4220,"type":"move","frame":{"millis":25058,"tic":877},"actor":{"position":{"x":56656384,"y":24858688,"z":0,"angle":2684354560,"subsector":4566994312},"type":"spectre","health":150,"id":4567166984}}
{"counter":4221,"type":"move","frame":{"millis":25058,"tic":877},"actor":{"position":{"x":5280064,"y":8309184,"z":0,"angle":536870912,"subsector":4566993192},"type":"imp","health":60,"id":4567172264}}
{"counter":4222,"type":"move","frame":{"millis":25058,"tic":877},"actor":{"position":{"x":-768064,"y":24694336,"z":0,"angle":3221225472,"subsector":4566993432},"type":"shotgun_soldier","health":30,"id":4567172528}}
{"counter":4223,"type":"move","frame":{"millis":25086,"tic":878},"actor":{"position":{"x":19993530,"y":18012558,"z":3670016,"angle":452984832,"subsector":4566993160},"type":"player","health":45,"armor":58,"id":4567120880}}
{"counter":4224,"type":"move","frame":{"millis":25087,"tic":878},"actor":{"position":{"x":20211642,"y":17837653,"z":3670016,"angle":452984832,"subsector":4566993160},"type":"player","health":45,"armor":58,"id":4567120880}}
{"counter":4225,"type":"move","frame":{"millis":25087,"tic":878},"actor":{"position":{"x":19446661,"y":34535621,"z":3670016,"angle":3758096384,"subsector":4566993528},"type":"imp","health":33,"id":4567132664}}
{"counter":4226,"type":"move","frame":{"millis":25087,"tic":878},"actor":{"position":{"x":-27289600,"y":31097344,"z":0,"angle":3758096384,"subsector":4566993400},"type":"soldier","health":20,"id":4567137944}}
{"counter":4227,"type":"move","frame":{"millis":25087,"tic":878},"actor":{"position":{"x":-20219520,"y":78939776,"z":0,"angle":2147483648,"subsector":4566996760},"type":"shotgun_soldier","health":30,"id":4567155368}}
{"counter":4228,"type":"move","frame":{"millis":25087,"tic":878},"actor":{"position":{"x":1558176,"y":15949696,"z":0,"angle":536870912,"subsector":4566993176},"type":"spectre","health":150,"id":4567162232}}
{"counter":4229,"type":"move","frame":{"millis":25116,"tic":879},"actor":{"position":{"x":20211642,"y":17837653,"z":3670016,"angle":536870912,"subsector":4566993160},"type":"player","health":45,"armor":58,"id":4567120880}}
{"counter":4230,"type":"move","frame":{"millis":25116,"tic":879},"actor":{"position":{"x":20386486,"y":17910087,"z":3670016,"angle":536870912,"subsector":4566993160},"type":"player","health":45,"armor":58,"id":4567120880}}
{"counter":4231,"type":"move","frame":{"millis":25116,"tic":879},"actor":{"position":{"x":10899056,"y":15281136,"z":524288,"angle":3758096384,"subsector":4566993032},"type":"spectre","health":150,"id":4567137416}}
{"counter":4232,"type":"move","frame":{"millis":25116,"tic":879},"actor":{"position":{"x":43833600,"y":13313792,"z":0,"angle":2147483648,"subsector":4566994408},"type":"shotgun_soldier","health":30,"id":4567137680}}
{"counter":4233,"type":"move","frame":{"millis":25116,"tic":879},"actor":{"position":{"x":-36303040,"y":53080256,"z":0,"angle":3758096384,"subsector":4566993352},"type":"soldier","health":20,"id":4567138208}}
{"counter":4234,"type":"move","frame":{"millis":25116,"tic":879},"actor":{"position":{"x":-27252416,"y":58571968,"z":0,"angle":3758096384,"subsector":4566993384},"type":"shotgun_soldier","health":30,"id":4567155632}}
{"counter":4235,"type":"move","frame":{"millis":25116,"tic":879},"actor":{"position":{"x":-25976128,"y":55336256,"z":0,"angle":3758096384,"subsector":4566993384},"type":"shotgun_soldier","health":30,"id":4567155896}}
{"counter":4236,"type":"move","frame":{"millis":25116,"tic":879},"actor":{"position":{"x":-31605568,"y":37669312,"z":0,"angle":3221225472,"subsector":4566993352},"type":"shotgun_soldier","health":30,"id":4567156160}}
{"counter":4237,"type":"move","frame":{"millis":25116,"tic":879},"actor":{"position":{"x":-1848320,"y":28173824,"z":0,"angle":2684354560,"subsector":4566993432},"type":"shotgun_soldier","health":30,"id":4567156424}}
{"counter":4238,"type":"move","frame":{"millis":25116,"tic":879},"actor":{"position":{"x":56656384,"y":24203328,"z":0,"angle":3221225472,"subsector":4566994312},"type":"spectre","health":150,"id":4567166984}}
{"counter":4239,"type":"move","frame":{"millis":25144,"tic":880},"actor":{"position":{"x":20386486,"y":17910087,"z":3670016,"angle":620756992,"subsector":4566993160},"type":"player","health":45,"armor":58,"id":4567120880}}
{"counter":4240,"type":"move","frame":{"millis":25144,"tic":880},"actor":{"position":{"x":20607906,"y":18056480,"z":3670016,"angle":620756992,"subsector":4566993160},"type":"player","health":45,"armor":58,"id":4567120880}}
{"counter":4241,"type":"move","frame":{"millis":25144,"tic":880},"actor":{"position":{"x":10926744,"y":40507486,"z":3670016,"angle":2684354560,"subsector":4566993496},"type":"imp","health":48,"id":4567132400}}
{"counter":4242,"type":"move","frame":{"millis":25144,"tic":880},"actor":{"position":{"x":2610880,"y":25107520,"z":0,"angle":2684354560,"subsector":4566993432},"type":"imp","health":60,"id":4567132928}}
{"counter":4243,"type":"move","frame":{"millis":25144,"tic":880},"actor":{"position":{"x":-34078720,"y":68205184,"z":0,"angle":2147483648,"subsector":4566996712},"type":"soldier","health":20,"id":4567138736}}
{"counter":4244,"type":"move","frame":{"millis":25144,"tic":880},"actor":{"position":{"x":-23264704,"y":27977792,"z":0,"angle":3758096384,"subsector":4566993432},"type":"soldier","health":20,"id":4567139528}}
{"counter":4245,"type":"move","frame":{"millis":25144,"tic":880},"actor":{"position":{"x":879168,"y":27914432,"z":0,"angle":2684354560,"subsector":4566993432},"type":"shotgun_soldier","health":30,"id":4567139792}}
{"counter":4246,"type":"move","frame":{"millis":25144,"tic":880},"actor":{"position":{"x":2028176,"y":16419696,"z":0,"angle":536870912,"subsector":4566993176},"type":"spectre","health":150,"id":4567162232}}
{"counter":4247,"type":"move","frame":{"millis":25144,"tic":880},"actor":{"position":{"x":5656064,"y":8685184,"z":0,"angle":536870912,"subsector":4566993192},"type":"imp","health":60,"id":4567172264}}
{"counter":4248,"type":"move","frame":{"millis":25144,"tic":880},"actor":{"position":{"x":-243776,"y":24694336,"z":0,"angle":3221225472,"subsector":4566993432},"type":"shotgun_soldier","health":30,"id":4567172528}}
{"counter":4249,"type":"move","frame":{"millis":25172,"tic":881},"actor":{"position":{"x":20607906,"y":18056480,"z":3670016,"angle":704643072,"subsector":4566993160},"type":"player","health":45,"armor":58,"id":4567120880}}
{"health":46,"counter":4250,"type":"health_bonus","frame":{"millis":25172,"tic":881},"actor":{"position":{"x":20607906,"y":18056480,"z":3670016,"angle":704643072,"subsector":4566993160},"type":"player","health":46,"armor":58,"id":4567120880}}
{"counter":4251,"type":"move","frame":{"millis":25172,"tic":881},"actor":{"position":{"x":20861176,"y":18276999,"z":3670016,"angle":704643072,"subsector":4566993160},"type":"player","health":46,"armor":58,"id":4567120880}}
{"counter":4252,"type":"move","frame":{"millis":25172,"tic":881},"actor":{"position":{"x":19822661,"y":34159621,"z":3670016,"angle":3758096384,"subsector":4566993528},"type":"imp","health":33,"id":4567132664}}
{"counter":4253,"type":"move","frame":{"millis":25172,"tic":881},"actor":{"position":{"x":11369056,"y":14811136,"z":524288,"angle":3758096384,"subsector":4566993032},"type":"spectre","health":150,"id":4567137416}}
{"counter":4254,"type":"move","frame":{"millis":25173,"tic":881},"actor":{"position":{"x":-20743808,"y":78939776,"z":0,"angle":2147483648,"subsector":4566996760},"type":"shotgun_soldier","health":30,"id":4567155368}}
{"counter":4255,"type":"move","frame":{"millis":25173,"tic":881},"actor":{"position":{"x":56656384,"y":23547968,"z":0,"angle":3221225472,"subsector":4566994312},"type":"spectre","health":150,"id":4567166984}}
{"counter":4256,"type":"move","frame":{"millis":25200,"tic":882},"actor":{"position":{"x":20861176,"y":18276999,"z":3670016,"angle":788529152,"subsector":4566993160},"type":"player","health":46,"armor":58,"id":4567120880}}
{"counter":4257,"type":"move","frame":{"millis":25200,"tic":882},"actor":{"position":{"x":21132160,"y":18570473,"z":3670016,"angle":788529152,"subsector":4566993160},"type":"player","health":46,"armor":58,"id":4567120880}}
{"counter":4258,"type":"move","frame":{"millis":25200,"tic":882},"actor":{"position":{"x":43309312,"y":13313792,"z":0,"angle":2147483648,"subsector":4566994408},"type":"shotgun_soldier","health":30,"id":4567137680}}
{"counter":4259,"type":"move","frame":{"millis":25200,"tic":882},"actor":{"position":{"x":-26913600,"y":30721344,"z":0,"angle":3758096384,"subsector":4566993400},"type":"soldier","health":20,"id":4567137944}}
{"counter":4260,"type":"move","frame":{"millis":25200,"tic":882},"actor":{"position":{"x":-26876416,"y":58195968,"z":0,"angle":3758096384,"subsector":4566993384},"type":"shotgun_soldier","health":30,"id":4567155632}}
{"counter":4261,"type":"move","frame":{"millis":25200,"tic":882},"actor":{"position":{"x":-25600128,"y":54960256,"z":0,"angle":3758096384,"subsector":4566993384},"type":"shotgun_soldier","health":30,"id":4567155896}}
{"counter":4262,"type":"move","frame":{"millis":25200,"tic":882},"actor":{"position":{"x":-31229568,"y":37293312,"z":0,"angle":3758096384,"subsector":4566993352},"type":"shotgun_soldier","health":30,"id":4567156160}}
{"counter":4263,"type":"move","frame":{"millis":25200,"tic":882},"actor":{"position":{"x":-2224320,"y":27797824,"z":0,"angle":2684354560,"subsector":4566993432},"type":"shotgun_soldier","health":30,"id":4567156424}}
{"counter":4264,"type":"move","frame":{"millis":25200,"tic":882},"actor":{"position":{"x":2028176,"y":17075056,"z":0,"angle":536870912,"subsector":4566993176},"type":"spectre","health":150,"id":4567162232}}
{"counter":4265,"type":"move","frame":{"millis":25229,"tic":883},"actor":{"position":{"x":21132160,"y":18570473,"z":3670016,"angle":872415232,"subsector":4566993160},"type":"player","health":46,"armor":58,"id":4567120880}}
{"counter":4266,"type":"move","frame":{"millis":25229,"tic":883},"actor":{"position":{"x":21407426,"y":18934434,"z":3670016,"angle":872415232,"subsector":4566993160},"type":"player","health":46,"armor":58,"id":4567120880}}
{"counter":4267,"type":"move","frame":{"millis":25229,"tic":883},"actor":{"position":{"x":10550744,"y":40131486,"z":3670016,"angle":2684354560,"subsector":4566993496},"type":"imp","health":48,"id":4567132400}}
{"counter":4268,"type":"move","frame":{"millis":25230,"tic":883},"actor":{"position":{"x":2610880,"y":24583232,"z":0,"angle":3221225472,"subsector":4566993432},"type":"imp","health":60,"id":4567132928}}
{"counter":4269,"type":"move","frame":{"millis":25230,"tic":883},"actor":{"position":{"x":11839056,"y":14341136,"z":0,"angle":3758096384,"subsector":4566993032},"type":"spectre","health":150,"id":4567137416}}
{"counter":4270,"type":"move","frame":{"millis":25230,"tic":883},"actor":{"position":{"x":-36303040,"y":52555968,"z":0,"angle":3221225472,"subsector":4566993352},"type":"soldier","health":20,"id":4567138208}}
{"counter":4271,"type":"move","frame":{"millis":25230,"tic":883},"actor":{"position":{"x":1255168,"y":27538432,"z":0,"angle":2684354560,"subsector":4566993432},"type":"shotgun_soldier","health":30,"id":4567139792}}
{"counter":4272,"type":"move","frame":{"millis":25230,"tic":883},"actor":{"position":{"x":56656384,"y":22892608,"z":0,"angle":3221225472,"subsector":4566994312},"type":"spectre","health":150,"id":4567166984}}
{"counter":4273,"type":"move","frame":{"millis":25230,"tic":883},"actor":{"position":{"x":6032064,"y":9061184,"z":0,"angle":536870912,"subsector":4566993192},"type":"imp","health":60,"id":4567172264}}
{"counter":4274,"type":"move","frame":{"millis":25230,"tic":883},"actor":{"position":{"x":-768064,"y":24694336,"z":0,"angle":3758096384,"subsector":4566993432},"type":"shotgun_soldier","health":30,"id":4567172528}}
{"counter":4275,"type":"move","frame":{"millis":25258,"tic":884},"actor":{"position":{"x":21407426,"y":18934434,"z":3670016,"angle":956301312,"subsector":4566993160},"type":"player","health":46,"armor":58,"id":4567120880}}
{"counter":4276,"type":"move","frame":{"millis":25258,"tic":884},"actor":{"position":{"x":21674352,"y":19365171,"z":3670016,"angle":956301312,"subsector":4566993160},"type":"player","health":46,"armor":58,"id":4567120880}}
{"counter":4277,"type":"move","frame":{"millis":25258,"tic":884},"actor":{"position":{"x":20198661,"y":33783621,"z":3670016,"angle":3758096384,"subsector":4566993528},"type":"imp","health":33,"id":4567132664}}
{"counter":4278,"type":"move","frame":{"millis":25258,"tic":884},"actor":{"position":{"x":-33702720,"y":67829184,"z":0,"angle":2684354560,"subsector":4566996712},"type":"soldier","health":20,"id":4567138736}}
{"counter":4279,"type":"move","frame":{"millis":25258,"tic":884},"actor":{"position":{"x":-22888704,"y":27601792,"z":0,"angle":3758096384,"subsector":4566993432},"type":"soldier","health":20,"id":4567139528}}
{"counter":4280,"type":"move","frame":{"millis":25258,"tic":884},"actor":{"position":{"x":-21268096,"y":78939776,"z":0,"angle":2147483648,"subsector":4566996760},"type":"shotgun_soldier","health":30,"id":4567155368}}
{"counter":4281,"type":"move","frame":{"millis":25258,"tic":884},"actor":{"position":{"x":2028176,"y":17730416,"z":0,"angle":1073741824,"subsector":4566993176},"type":"spectre","health":150,"id":4567162232}}
{"counter":4282,"type":"move","frame":{"millis":25286,"tic":885},"actor":{"position":{"x":21674352,"y":19365171,"z":3670016,"angle":1040187392,"subsector":4566993160},"type":"player","health":46,"armor":58,"id":4567120880}}
{"counter":4283,"type":"move","frame":{"millis":25286,"tic":885},"actor":{"position":{"x":21921237,"y":19857804,"z":3670016,"angle":1040187392,"subsector":4566993160},"type":"player","health":46,"armor":58,"id":4567120880}}
{"counter":4284,"type":"move","frame":{"millis":25286,"tic":885},"actor":{"position":{"x":12309056,"y":13871136,"z":0,"angle":3758096384,"subsector":4566993032},"type":"spectre","health":150,"id":4567137416}}
{"counter":4285,"type":"move","frame":{"millis":25286,"tic":885},"actor":{"position":{"x":42785024,"y":13313792,"z":0,"angle":2147483648,"subsector":4566994408},"type":"shotgun_soldier","health":30,"id":4567137680}}
{"counter":4286,"type":"move","frame":{"millis":25286,"tic":885},"actor":{"position":{"x":-26500416,"y":57819968,"z":0,"angle":3758096384,"subsector":4566993384},"type":"shotgun_soldier","health":30,"id":4567155632}}
{"counter":4287,"type":"move","frame":{"millis":25286,"tic":885},"actor":{"position":{"x":-25224128,"y":54584256,"z":0,"angle":3758096384,"subsector":4566993384},"type":"shotgun_soldier","health":30,"id":4567155896}}
{"counter":4288,"type":"move","frame":{"millis":25286,"tic":885},"actor":{"position":{"x":-30853568,"y":36917312,"z":0,"angle":3758096384,"subsector":4566993352},"type":"shotgun_soldier","health":30,"id":4567156160}}
{"counter":4289,"type":"move","frame":{"millis":25286,"tic":885},"actor":{"position":{"x":-2600320,"y":27421824,"z":0,"angle":2684354560,"subsector":4566993432},"type":"shotgun_soldier","health":30,"id":4567156424}}
{"counter":4290,"type":"move","frame":{"millis":25286,"tic":885},"actor":{"position":{"x":56656384,"y":22237248,"z":0,"angle":3221225472,"subsector":4566994312},"type":"spectre","health":150,"id":4567166984}}
{"counter":4291,"type":"move","frame":{"millis":25317,"tic":886},"actor":{"position":{"x":21921237,"y":19857804,"z":3670016,"angle":1124073472,"subsector":4566993160},"type":"player","health":46,"armor":58,"id":4567120880}}
{"counter":4292,"type":"move","frame":{"millis":25317,"tic":886},"actor":{"position":{"x":22137404,"y":20406370,"z":3670016,"angle":1124073472,"subsector":4566993160},"type":"player","health":46,"armor":58,"id":4567120880}}
{"counter":4293,"type":"move","frame":{"millis":25317,"tic":886},"actor":{"position":{"x":10174744,"y":39755486,"z":3670016,"angle":2684354560,"subsector":4566993496},"type":"imp","health":48,"id":4567132400}}
{"counter":4294,"type":"move","frame":{"millis":25317,"tic":886},"actor":{"position":{"x":2086592,"y":24583232,"z":0,"angle":3221225472,"subsector":4566993432},"type":"imp","health":60,"id":4567132928}}
{"counter":4295,"type":"move","frame":{"millis":25317,"tic":886},"actor":{"position":{"x":-26537600,"y":30345344,"z":0,"angle":3758096384,"subsector":4566993400},"type":"soldier","health":20,"id":4567137944}}
{"counter":4296,"type":"move","frame":{"millis":25317,"tic":886},"actor":{"position":{"x":1779456,"y":27538432,"z":0,"angle":3221225472,"subsector":4566993432},"type":"shotgun_soldier","health":30,"id":4567139792}}
{"counter":4297,"type":"move","frame":{"millis":25317,"tic":886},"actor":{"position":{"x":1558176,"y":17260416,"z":0,"angle":1073741824,"subsector":4566993176},"type":"spectre","health":150,"id":4567162232}}
{"counter":4298,"type":"move","frame":{"millis":25317,"tic":886},"actor":{"position":{"x":6408064,"y":9437184,"z":0,"angle":536870912,"subsector":4566993032},"type":"imp","health":60,"id":4567172264}}
{"counter":4299,"type":"move","frame":{"millis":25317,"tic":886},"actor":{"position":{"x":-1292352,"y":24694336,"z":0,"angle":3221225472,"subsector":4566993432},"type":"shotgun_soldier","health":30,"id":4567172528}}
{"counter":4300,"type":"move","frame":{"millis":25317,"tic":886},"actor":{"position":{"x":11961464,"y":31788302,"z":5767168,"angle":3719710464,"subsector":4566993496},"type":"imp_fireball","health":1000,"id":4567637240}}
{"counter":4301,"type":"move","frame":{"millis":25343,"tic":887},"actor":{"position":{"x":22137404,"y":20406370,"z":3670016,"angle":1207959552,"subsector":4566993160},"type":"player","health":46,"armor":58,"id":4567120880}}
{"counter":4302,"type":"move","frame":{"millis":25343,"tic":887},"actor":{"position":{"x":22313289,"y":21003930,"z":3670016,"angle":1207959552,"subsector":4566993160},"type":"player","health":46,"armor":58,"id":4567120880}}
{"counter":4303,"type":"move","frame":{"millis":25343,"tic":887},"actor":{"position":{"x":20574661,"y":33407621,"z":3670016,"angle":3758096384,"subsector":4566993528},"type":"imp","health":33,"id":4567132664}}
{"counter":4304,"type":"move","frame":{"millis":25343,"tic":887},"actor":{"position":{"x":12309056,"y":14526496,"z":0,"angle":3758096384,"subsector":4566993032},"type":"spectre","health":150,"id":4567137416}}
{"counter":4305,"type":"move","frame":{"millis":25343,"tic":887},"actor":{"position":{"x":-36303040,"y":52031680,"z":0,"angle":3221225472,"subsector":4566993352},"type":"soldier","health":20,"id":4567138208}}
{"counter":4306,"type":"move","frame":{"millis":25343,"tic":887},"actor":{"position":{"x":-21792384,"y":78939776,"z":0,"angle":2147483648,"subsector":4566996760},"type":"shotgun_soldier","health":30,"id":4567155368}}
{"counter":4307,"type":"move","frame":{"millis":25343,"tic":887},"actor":{"position":{"x":56656384,"y":21581888,"z":0,"angle":3221225472,"subsector":4566994312},"type":"spectre","health":150,"id":4567166984}}
{"counter":4308,"type":"move","frame":{"millis":25343,"tic":887},"actor":{"position":{"x":12398024,"y":31299522,"z":5767168,"angle":3719710464,"subsector":4566993496},"type":"imp_fireball","health":1000,"id":4567637240}}
{"counter":4309,"type":"move","frame":{"millis":25372,"tic":888},"actor":{"position":{"x":22313289,"y":21003930,"z":3670016,"angle":1207959552,"subsector":4566993160},"type":"player","health":46,"armor":58,"id":4567120880}}
{"counter":4310,"type":"move","frame":{"millis":25372,"tic":888},"actor":{"position":{"x":22452668,"y":21645891,"z":3670016,"angle":1207959552,"subsector":4566993160},"type":"player","health":46,"armor":58,"id":4567120880}}
{"counter":4311,"type":"move","frame":{"millis":25372,"tic":888},"actor":{"position":{"x":42260736,"y":13313792,"z":0,"angle":2147483648,"subsector":4566994408},"type":"shotgun_soldier","health":30,"id":4567137680}}
{"counter":4312,"type":"move","frame":{"millis":25372,"tic":888},"actor":{"position":{"x":-33326720,"y":67453184,"z":0,"angle":3221225472,"subsector":4566996712},"type":"soldier","health":20,"id":4567138736}}
{"counter":4313,"type":"move","frame":{"millis":25372,"tic":888},"actor":{"position":{"x":-22512704,"y":27225792,"z":0,"angle":3758096384,"subsector":4566993432},"type":"soldier","health":20,"id":4567139528}}
{"counter":4314,"type":"move","frame":{"millis":25372,"tic":888},"actor":{"position":{"x":-26124416,"y":57443968,"z":0,"angle":3758096384,"subsector":4566993384},"type":"shotgun_soldier","health":30,"id":4567155632}}
{"counter":4315,"type":"move","frame":{"millis":25372,"tic":888},"actor":{"position":{"x":-24848128,"y":54208256,"z":0,"angle":3758096384,"subsector":4566993384},"type":"shotgun_soldier","health":30,"id":4567155896}}
{"counter":4316,"type":"move","frame":{"millis":25372,"tic":888},"actor":{"position":{"x":-30477568,"y":36541312,"z":0,"angle":3758096384,"subsector":4566993352},"type":"shotgun_soldier","health":30,"id":4567156160}}
{"counter":4317,"type":"move","frame":{"millis":25372,"tic":888},"actor":{"position":{"x":-2076032,"y":27421824,"z":0,"angle":2684354560,"subsector":4566993432},"type":"shotgun_soldier","health":30,"id":4567156424}}
{"counter":4318,"type":"move","frame":{"millis":25372,"tic":888},"actor":{"position":{"x":1088176,"y":16790416,"z":0,"angle":1610612736,"subsector":4566993176},"type":"spectre","health":150,"id":4567162232}}
{"counter":4319,"type":"move","frame":{"millis":25372,"tic":888},"actor":{"position":{"x":12834584,"y":30810742,"z":5767168,"angle":3719710464,"subsector":4566993496},"type":"imp_fireball","health":1000,"id":4567637240}}
{"counter":4320,"type":"move","frame":{"millis":25400,"tic":889},"actor":{"position":{"x":22452668,"y":21645891,"z":3670016,"angle":1224736768,"subsector":4566993160},"type":"player","health":46,"armor":58,"id":4567120880}}
{"counter":4321,"type":"move","frame":{"millis":25400,"tic":889},"actor":{"position":{"x":22556506,"y":22327571,"z":3670016,"angle":1224736768,"subsector":4566993160},"type":"player","health":46,"armor":58,"id":4567120880}}
{"counter":4322,"type":"move","frame":{"millis":25400,"tic":889},"actor":{"position":{"x":9798744,"y":39379486,"z":3670016,"angle":2684354560,"subsector":4566993496},"type":"imp","health":48,"id":4567132400}}
{"counter":4323,"type":"move","frame":{"millis":25400,"tic":889},"actor":{"position":{"x":1562304,"y":24583232,"z":0,"angle":2684354560,"subsector":4566993432},"type":"imp","health":60,"id":4567132928}}
{"counter":4324,"type":"move","frame":{"millis":25400,"tic":889},"actor":{"position":{"x":12309056,"y":15181856,"z":0,"angle":0,"subsector":4566993032},"type":"spectre","health":150,"id":4567137416}}
{"counter":4325,"type":"move","frame":{"millis":25400,"tic":889},"actor":{"position":{"x":2303744,"y":27538432,"z":0,"angle":3758096384,"subsector":4566993432},"type":"shotgun_soldier","health":30,"id":4567139792}}
{"counter":4326,"type":"move","frame":{"millis":25400,"tic":889},"actor":{"position":{"x":56656384,"y":20926528,"z":0,"angle":3221225472,"subsector":4566994312},"type":"spectre","health":150,"id":4567166984}}
{"counter":4327,"type":"move","frame":{"millis":25400,"tic":889},"actor":{"position":{"x":6932352,"y":9437184,"z":0,"angle":536870912,"subsector":4566993032},"type":"imp","health":60,"id":4567172264}}
{"counter":4328,"type":"move","frame":{"millis":25400,"tic":889},"actor":{"position":{"x":-1816640,"y":24694336,"z":0,"angle":2684354560,"subsector":4566993432},"type":"shotgun_soldier","health":30,"id":4567172528}}
{"counter":4329,"type":"move","frame":{"millis":25400,"tic":889},"actor":{"position":{"x":13271144,"y":30321962,"z":5767168,"angle":3719710464,"subsector":4566993496},"type":"imp_fireball","health":1000,"id":4567637240}}
{"counter":4330,"type":"move","frame":{"millis":25429,"tic":890},"actor":{"position":{"x":22556506,"y":22327571,"z":3670016,"angle":1258291200,"subsector":4566993160},"type":"player","health":46,"armor":58,"id":4567120880}}
{"counter":4331,"type":"move","frame":{"millis":25429,"tic":890},"actor":{"position":{"x":22635293,"y":23000603,"z":3670016,"angle":1258291200,"subsector":4566993160},"type":"player","health":46,"armor":58,"id":4567120880}}
{"counter":4332,"type":"move","frame":{"millis":25429,"tic":890},"actor":{"position":{"x":20950661,"y":33031621,"z":3670016,"angle":3758096384,"subsector":4566993528},"type":"imp","health":33,"id":4567132664}}
{"counter":4333,"type":"move","frame":{"millis":25429,"tic":890},"actor":{"position":{"x":-26161600,"y":29969344,"z":0,"angle":3758096384,"subsector":4566993400},"type":"soldier","health":20,"id":4567137944}}
{"counter":4334,"type":"move","frame":{"millis":25429,"tic":890},"actor":{"position":{"x":-22316672,"y":78939776,"z":0,"angle":2147483648,"subsector":4566996760},"type":"shotgun_soldier","health":30,"id":4567155368}}
{"counter":4335,"type":"move","frame":{"millis":25429,"tic":890},"actor":{"position":{"x":618176,"y":16320416,"z":0,"angle":2147483648,"subsector":4566993176},"type":"spectre","health":150,"id":4567162232}}
{"counter":4336,"type":"move","frame":{"millis":25429,"tic":890},"actor":{"position":{"x":13707704,"y":29833182,"z":5767168,"angle":3719710464,"subsector":4566993496},"type":"imp_fireball","health":1000,"id":4567637240}}
{"counter":4337,"type":"move","frame":{"millis":25458,"tic":891},"actor":{"position":{"x":22635293,"y":23000603,"z":3670016,"angle":1342177280,"subsector":4566993160},"type":"player","health":46,"armor":58,"id":4567120880}}
{"counter":4338,"type":"move","frame":{"millis":25458,"tic":891},"actor":{"position":{"x":22704339,"y":23616213,"z":3670016,"angle":1342177280,"subsector":4566993576},"type":"player","health":46,"armor":58,"id":4567120880}}
{"counter":4339,"type":"move","frame":{"millis":25459,"tic":891},"actor":{"position":{"x":12309056,"y":15837216,"z":524288,"angle":536870912,"subsector":4566993032},"type":"spectre","health":150,"id":4567137416}}
{"counter":4340,"type":"move","frame":{"millis":25459,"tic":891},"actor":{"position":{"x":41736448,"y":13313792,"z":0,"angle":2147483648,"subsector":4566994408},"type":"shotgun_soldier","health":30,"id":4567137680}}
{"counter":4341,"type":"move","frame":{"millis":25459,"tic":891},"actor":{"position":{"x":-36303040,"y":51507392,"z":0,"angle":3221225472,"subsector":4566993352},"type":"soldier","health":20,"id":4567138208}}
{"counter":4342,"type":"move","frame":{"millis":25459,"tic":891},"actor":{"position":{"x":-25748416,"y":57067968,"z":0,"angle":3758096384,"subsector":4566993384},"type":"shotgun_soldier","health":30,"id":4567155632}}
{"counter":4343,"type":"move","frame":{"millis":25459,"tic":891},"actor":{"position":{"x":-24472128,"y":53832256,"z":0,"angle":3758096384,"subsector":4566993384},"type":"shotgun_soldier","health":30,"id":4567155896}}
{"counter":4344,"type":"move","frame":{"millis":25459,"tic":891},"actor":{"position":{"x":-30101568,"y":36165312,"z":0,"angle":3758096384,"subsector":4566993352},"type":"shotgun_soldier","health":30,"id":4567156160}}
{"counter":4345,"type":"move","frame":{"millis":25459,"tic":891},"actor":{"position":{"x":-1551744,"y":27421824,"z":0,"angle":3221225472,"subsector":4566993432},"type":"shotgun_soldier","health":30,"id":4567156424}}
{"counter":4346,"type":"move","frame":{"millis":25459,"tic":891},"actor":{"position":{"x":56656384,"y":20271168,"z":0,"angle":3221225472,"subsector":4566994312},"type":"spectre","health":150,"id":4567166984}}
{"counter":4347,"type":"move","frame":{"millis":25459,"tic":891},"actor":{"position":{"x":14144264,"y":29344402,"z":5767168,"angle":3719710464,"subsector":4566993496},"type":"imp_fireball","health":1000,"id":4567637240}}
{"counter":4348,"type":"move","frame":{"millis":25486,"tic":892},"actor":{"position":{"x":22766911,"y":24174109,"z":3670016,"angle":1358954496,"subsector":4566993576},"type":"player","health":46,"armor":58,"id":4567120880}}
{"counter":4349,"type":"move","frame":{"millis":25486,"tic":892},"actor":{"position":{"x":9422744,"y":39003486,"z":3670016,"angle":2684354560,"subsector":4566993496},"type":"imp","health":48,"id":4567132400}}
{"counter":4350,"type":"move","frame":{"millis":25486,"tic":892},"actor":{"position":{"x":1038016,"y":24583232,"z":0,"angle":2147483648,"subsector":4566993432},"type":"imp","health":60,"id":4567132928}}
{"counter":4351,"type":"move","frame":{"millis":25486,"tic":892},"actor":{"position":{"x":-32950720,"y":67077184,"z":0,"angle":3758096384,"subsector":4566996712},"type":"soldier","health":20,"id":4567138736}}
{"counter":4352,"type":"move","frame":{"millis":25486,"tic":892},"actor":{"position":{"x":-22136704,"y":26849792,"z":0,"angle":3758096384,"subsector":4566993432},"type":"soldier","health":20,"id":4567139528}}
{"counter":4353,"type":"move","frame":{"millis":25486,"tic":892},"actor":{"position":{"x":2828032,"y":27538432,"z":0,"angle":0,"subsector":4566993432},"type":"shotgun_soldier","health":30,"id":4567139792}}
{"counter":4354,"type":"move","frame":{"millis":25487,"tic":892},"actor":{"position":{"x":148176,"y":15850416,"z":0,"angle":2684354560,"subsector":4566993176},"type":"spectre","health":150,"id":4567162232}}
{"counter":4355,"type":"move","frame":{"millis":25487,"tic":892},"actor":{"position":{"x":11682624,"y":32145472,"z":3670016,"angle":3758096384,"subsector":4566993496},"type":"imp","health":60,"id":4567172000}}
{"counter":4356,"type":"move","frame":{"millis":25487,"tic":892},"actor":{"position":{"x":7456640,"y":9437184,"z":0,"angle":0,"subsector":4566993032},"type":"imp","health":60,"id":4567172264}}
{"counter":4357,"type":"move","frame":{"millis":25487,"tic":892},"actor":{"position":{"x":-2340928,"y":24694336,"z":0,"angle":2147483648,"subsector":4566993432},"type":"shotgun_soldier","health":30,"id":4567172528}}
{"counter":4358,"type":"move","frame":{"millis":25487,"tic":892},"actor":{"position":{"x":14580824,"y":28855622,"z":5767168,"angle":3719710464,"subsector":4566993496},"type":"imp_fireball","health":1000,"id":4567637240}}
{"counter":4359,"type":"move","frame":{"millis":25515,"tic":893},"actor":{"position":{"x":22766911,"y":24174109,"z":3670016,"angle":1358954496,"subsector":4566993576},"type":"player","health":46,"armor":58,"id":4567120880}}
{"counter":4360,"type":"move","frame":{"millis":25515,"tic":893},"actor":{"position":{"x":22766911,"y":24174109,"z":3670016,"angle":1358954496,"subsector":4566993576},"type":"player","health":46,"armor":58,"id":4567120880}}
{"counter":4361,"type":"move","frame":{"millis":25515,"tic":893},"actor":{"position":{"x":22868072,"y":24609806,"z":3670016,"angle":1358954496,"subsector":4566993576},"type":"player","health":46,"armor":58,"id":4567120880}}
{"counter":4362,"type":"move","frame":{"millis":25515,"tic":893},"actor":{"position":{"x":21326661,"y":32655621,"z":3670016,"angle":3758096384,"subsector":4566993528},"type":"imp","health":33,"id":4567132664}}
{"counter":4363,"type":"move","frame":{"millis":25515,"tic":893},"actor":{"position":{"x":12309056,"y":16492576,"z":524288,"angle":1073741824,"subsector":4566993032},"type":"spectre","health":150,"id":4567137416}}
{"counter":4364,"type":"move","frame":{"millis":25515,"tic":893},"actor":{"position":{"x":-22840960,"y":78939776,"z":0,"angle":2147483648,"subsector":4566996760},"type":"shotgun_soldier","health":30,"id":4567155368}}
{"counter":4365,"type":"move","frame":{"millis":25515,"tic":893},"actor":{"position":{"x":56656384,"y":19615808,"z":0,"angle":3221225472,"subsector":4566994312},"type":"spectre","health":150,"id":4567166984}}
{"counter":4366,"type":"move","frame":{"millis":25515,"tic":893},"actor":{"position":{"x":15017384,"y":28366842,"z":5767168,"angle":3719710464,"subsector":4566993560},"type":"imp_fireball","health":1000,"id":4567637240}}
{"counter":4367,"type":"move","frame":{"millis":25543,"tic":894},"actor":{"position":{"x":22868072,"y":24609806,"z":3670016,"angle":1358954496,"subsector":4566993576},"type":"player","health":46,"armor":58,"id":4567120880}}
{"counter":4368,"type":"move","frame":{"millis":25543,"tic":894},"actor":{"position":{"x":22868072,"y":24609806,"z":3670016,"angle":1358954496,"subsector":4566993576},"type":"player","health":46,"armor":58,"id":4567120880}}
{"counter":4369,"type":"move","frame":{"millis":25543,"tic":894},"actor":{"position":{"x":23094878,"y":24952588,"z":3670016,"angle":1358954496,"subsector":4566993576},"type":"player","health":46,"armor":58,"id":4567120880}}
{"counter":4370,"type":"move","frame":{"millis":25543,"tic":894},"actor":{"position":{"x":41212160,"y":13313792,"z":0,"angle":2147483648,"subsector":4566994408},"type":"shotgun_soldier","health":30,"id":4567137680}}
{"counter":4371,"type":"move","frame":{"millis":25543,"tic":894},"actor":{"position":{"x":-25785600,"y":29593344,"z":0,"angle":3758096384,"subsector":4566993400},"type":"soldier","health":20,"id":4567137944}}
{"counter":4372,"type":"move","frame":{"millis":25543,"tic":894},"actor":{"position":{"x":-25372416,"y":56691968,"z":0,"angle":3758096384,"subsector":4566993384},"type":"shotgun_soldier","health":30,"id":4567155632}}
{"counter":4373,"type":"move","frame":{"millis":25543,"tic":894},"actor":{"position":{"x":-24096128,"y":53456256,"z":0,"angle":3758096384,"subsector":4566993384},"type":"shotgun_soldier","health":30,"id":4567155896}}
{"counter":4374,"type":"move","frame":{"millis":25543,"tic":894},"actor":{"position":{"x":-29725568,"y":35789312,"z":0,"angle":3758096384,"subsector":4566993352},"type":"shotgun_soldier","health":30,"id":4567156160}}
{"counter":4375,"type":"move","frame":{"millis":25543,"tic":894},"actor":{"position":{"x":-1027456,"y":27421824,"z":0,"angle":3758096384,"subsector":4566993432},"type":"shotgun_soldier","health":30,"id":4567156424}}
{"counter":4376,"type":"move","frame":{"millis":25543,"tic":894},"actor":{"position":{"x":-321824,"y":15380416,"z":0,"angle":2684354560,"subsector":4566993176},"type":"spectre","health":150,"id":4567162232}}
{"counter":4377,"type":"move","frame":{"millis":25543,"tic":894},"actor":{"position":{"x":15453944,"y":27878062,"z":5767168,"angle":3719710464,"subsector":4566993560},"type":"imp_fireball","health":1000,"id":4567637240}}
{"counter":4378,"type":"move","frame":{"millis":25573,"tic":895},"actor":{"position":{"x":23094878,"y":24952588,"z":3670016,"angle":1358954496,"subsector":4566993576},"type":"player","health":46,"armor":58,"id":4567120880}}
{"counter":4379,"type":"move","frame":{"millis":25573,"tic":895},"actor":{"position":{"x":23094878,"y":24952588,"z":3670016,"angle":1358954496,"subsector":4566993576},"type":"player","health":46,"armor":58,"id":4567120880}}
{"counter":4380,"type":"enter_subsector","frame":{"millis":25573,"tic":895},"actor":{"position":{"x":23435549,"y":25211166,"z":3670016,"angle":1358954496,"subsector":4566993592},"type":"player","health":46,"armor":58,"id":4567120880}}
{"counter":4381,"type":"move","frame":{"millis":25573,"tic":895},"actor":{"position":{"x":23435549,"y":25211166,"z":3670016,"angle":1358954496,"subsector":4566993592},"type":"player","health":46,"armor":58,"id":4567120880}}
{"counter":4382,"type":"move","frame":{"millis":25573,"tic":895},"actor":{"position":{"x":9046744,"y":38627486,"z":3670016,"angle":2684354560,"subsector":4566993496},"type":"imp","health":48,"id":4567132400}}
{"counter":4383,"type":"move","frame":{"millis":25573,"tic":895},"actor":{"position":{"x":513728,"y":24583232,"z":0,"angle":2147483648,"subsector":4566993432},"type":"imp","health":60,"id":4567132928}}
{"counter":4384,"type":"move","frame":{"millis":25573,"tic":895},"actor":{"position":{"x":12309056,"y":17147936,"z":1048576,"angle":1073741824,"subsector":4566993096},"type":"spectre","health":150,"id":4567137416}}
{"counter":4385,"type":"move","frame":{"millis":25573,"tic":895},"actor":{"position":{"x":-36303040,"y":50983104,"z":0,"angle":3221225472,"subsector":4566993352},"type":"soldier","health":20,"id":4567138208}}
{"counter":4386,"type":"move","frame":{"millis":25573,"tic":895},"actor":{"position":{"x":2828032,"y":28062720,"z":0,"angle":0,"subsector":4566993432},"type":"shotgun_soldier","health":30,"id":4567139792}}
{"counter":4387,"type":"move","frame":{"millis":25573,"tic":895},"actor":{"position":{"x":56656384,"y":18960448,"z":0,"angle":3221225472,"subsector":4566994312},"type":"spectre","health":150,"id":4567166984}}
{"counter":4388,"type":"attacked","frame":{"millis":25573,"tic":895},"actor":{"position":{"x":11682624,"y":32145472,"z":3670016,"angle":3758096384,"subsector":4566993496},"type":"imp","health":60,"id":4567172000},"target":{"position":{"x":23435549,"y":25211166,"z":3670016,"angle":1358954496,"subsector":4566993592},"type":"player","health":46,"armor":58,"id":4567120880}}
{"counter":4389,"type":"move","frame":{"millis":25573,"tic":895},"actor":{"position":{"x":7980928,"y":9437184,"z":0,"angle":0,"subsector":4566993032},"type":"imp","health":60,"id":4567172264}}
{"counter":4390,"type":"move","frame":{"millis":25573,"tic":895},"actor":{"position":{"x":-2865216,"y":24694336,"z":0,"angle":2147483648,"subsector":4566993432},"type":"shotgun_soldier","health":30,"id":4567172528}}
{"counter":4391,"type":"move","frame":{"millis":25573,"tic":895},"actor":{"position":{"x":15890504,"y":27389282,"z":5767168,"angle":3719710464,"subsector":4566993560},"type":"imp_fireball","health":1000,"id":4567637240}}
{"counter":4392,"type":"move","frame":{"millis":25600,"tic":896},"actor":{"position":{"x":23435549,"y":25211166,"z":3670016,"angle":1358954496,"subsector":4566993592},"type":"player","health":46,"armor":58,"id":4567120880}}
{"counter":4393,"type":"move","frame":{"millis":25600,"tic":896},"actor":{"position":{"x":23435549,"y":25211166,"z":3670016,"angle":1358954496,"subsector":4566993592},"type":"player","health":46,"armor":58,"id":4567120880}}
{"counter":4394,"type":"move","frame":{"millis":25600,"tic":896},"actor":{"position":{"x":23864460,"y":25427130,"z":3670016,"angle":1358954496,"subsector":4566993592},"type":"player","health":46,"armor":58,"id":4567120880}}
{"counter":4395,"type":"move","frame":{"millis":25600,"tic":896},"actor":{"position":{"x":21702661,"y":32279621,"z":3670016,"angle":3758096384,"subsector":4566993528},"type":"imp","health":33,"id":4567132664}}
{"counter":4396,"type":"move","frame":{"millis":25600,"tic":896},"actor":{"position":{"x":-32574720,"y":66701184,"z":0,"angle":3758096384,"subsector":4566996712},"type":"soldier","health":20,"id":4567138736}}
{"counter":4397,"type":"move","frame":{"millis":25600,"tic":896},"actor":{"position":{"x":-21760704,"y":26473792,"z":0,"angle":3758096384,"subsector":4566993432},"type":"soldier","health":20,"id":4567139528}}
{"counter":4398,"type":"move","frame":{"millis":25600,"tic":896},"actor":{"position":{"x":-23365248,"y":78939776,"z":0,"angle":2147483648,"subsector":4566996760},"type":"shotgun_soldier","health":30,"id":4567155368}}
{"counter":4399,"type":"move","frame":{"millis":25600,"tic":896},"actor":{"position":{"x":-791824,"y":14910416,"z":0,"angle":2684354560,"subsector":4566993176},"type":"spectre","health":150,"id":4567162232}}
{"counter":4400,"type":"move","frame":{"millis":25600,"tic":896},"actor":{"position":{"x":16327064,"y":26900502,"z":5767168,"angle":3719710464,"subsector":4566993560},"type":"imp_fireball","health":1000,"id":4567637240}}
{"counter":4401,"type":"move","frame":{"millis":25629,"tic":897},"actor":{"position":{"x":23864460,"y":25427130,"z":3670016,"angle":1358954496,"subsector":4566993592},"type":"player","health":46,"armor":58,"id":4567120880}}
{"counter":4402,"type":"move","frame":{"millis":25629,"tic":897},"actor":{"position":{"x":23864460,"y":25427130,"z":3670016,"angle":1358954496,"subsector":4566993592},"type":"player","health":46,"armor":58,"id":4567120880}}
{"counter":4403,"type":"move","frame":{"millis":25629,"tic":897},"actor":{"position":{"x":24101114,"y":25591678,"z":3670016,"angle":1358954496,"subsector":4566993592},"type":"player","health":46,"armor":58,"id":4567120880}}
{"counter":4404,"type":"move","frame":{"millis":25630,"tic":897},"actor":{"position":{"x":12309056,"y":17803296,"z":1048576,"angle":1073741824,"subsector":4566993096},"type":"spectre","health":150,"id":4567137416}}
{"counter":4405,"type":"move","frame":{"millis":25630,"tic":897},"actor":{"position":{"x":40687872,"y":13313792,"z":0,"angle":2147483648,"subsector":4566994408},"type":"shotgun_soldier","health":30,"id":4567137680}}
{"counter":4406,"type":"move","frame":{"millis":25630,"tic":897},"actor":{"position":{"x":-24996416,"y":56315968,"z":0,"angle":3758096384,"subsector":4566993384},"type":"shotgun_soldier","health":30,"id":4567155632}}
{"counter":4407,"type":"move","frame":{"millis":25630,"tic":897},"actor":{"position":{"x":-23720128,"y":53080256,"z":0,"angle":3758096384,"subsector":4566993384},"type":"shotgun_soldier","health":30,"id":4567155896}}
{"counter":4408,"type":"move","frame":{"millis":25630,"tic":897},"actor":{"position":{"x":-29349568,"y":35413312,"z":0,"angle":3758096384,"subsector":4566993416},"type":"shotgun_soldier","health":30,"id":4567156160}}
{"counter":4409,"type":"move","frame":{"millis":25630,"tic":897},"actor":{"position":{"x":-503168,"y":27421824,"z":0,"angle":0,"subsector":4566993432},"type":"shotgun_soldier","health":30,"id":4567156424}}
{"counter":4410,"type":"move","frame":{"millis":25630,"tic":897},"actor":{"position":{"x":56656384,"y":18305088,"z":0,"angle":3221225472,"subsector":4566994312},"type":"spectre","health":150,"id":4567166984}}
{"counter":4411,"type":"move","frame":{"millis":25630,"tic":897},"actor":{"position":{"x":16327064,"y":26900502,"z":5767168,"angle":3719710464,"subsector":4566993560},"type":"imp_fireball","health":1000,"id":4567637240}}
{"counter":4412,"type":"move","frame":{"millis":25658,"tic":898},"actor":{"position":{"x":24101114,"y":25591678,"z":3670016,"angle":1358954496,"subsector":4566993592},"type":"player","health":46,"armor":58,"id":4567120880}}
{"counter":4413,"type":"move","frame":{"millis":25658,"tic":898},"actor":{"position":{"x":24101114,"y":25591678,"z":3670016,"angle":1358954496,"subsector":4566993592},"type":"player","health":46,"armor":58,"id":4567120880}}
{"counter":4414,"type":"move","frame":{"millis":25658,"tic":898},"actor":{"position":{"x":24113381,"y":25642187,"z":3670016,"angle":1358954496,"subsector":4566993592},"type":"player","health":46,"armor":58,"id":4567120880}}
{"counter":4415,"type":"move","frame":{"millis":25658,"tic":898},"actor":{"position":{"x":8670744,"y":38251486,"z":3670016,"angle":2684354560,"subsector":4566993496},"type":"imp","health":48,"id":4567132400}}
{"counter":4416,"type":"move","frame":{"millis":25658,"tic":898},"actor":{"position":{"x":-10560,"y":24583232,"z":0,"angle":2147483648,"subsector":4566993432},"type":"imp","health":60,"id":4567132928}}
{"counter":4417,"type":"move","frame":{"millis":25658,"tic":898},"actor":{"position":{"x":-25409600,"y":29217344,"z":0,"angle":3758096384,"subsector":4566993400},"type":"soldier","health":20,"id":4567137944}}
{"counter":4418,"type":"move","frame":{"millis":25658,"tic":898},"actor":{"position":{"x":2828032,"y":28587008,"z":0,"angle":536870912,"subsector":4566993432},"type":"shotgun_soldier","health":30,"id":4567139792}}
{"counter":4419,"type":"move","frame":{"millis":25658,"tic":898},"actor":{"position":{"x":-1261824,"y":14440416,"z":0,"angle":2684354560,"subsector":4566993176},"type":"spectre","health":150,"id":4567162232}}
{"counter":4420,"type":"move","frame":{"millis":25658,"tic":898},"actor":{"position":{"x":8505216,"y":9437184,"z":0,"angle":0,"subsector":4566993032},"type":"imp","health":60,"id":4567172264}}
{"counter":4421,"type":"move","frame":{"millis":25658,"tic":898},"actor":{"position":{"x":-3389504,"y":24694336,"z":0,"angle":2147483648,"subsector":4566993432},"type":"shotgun_soldier","health":30,"id":4567172528}}
{"counter":4422,"type":"move","frame":{"millis":25687,"tic":899},"actor":{"position":{"x":24113381,"y":25642187,"z":3670016,"angle":1358954496,"subsector":4566993592},"type":"player","health":46,"armor":58,"id":4567120880}}
{"counter":4423,"type":"move","frame":{"millis":25687,"tic":899},"actor":{"position":{"x":24113381,"y":25642187,"z":3670016,"angle":1358954496,"subsector":4566993592},"type":"player","health":46,"armor":58,"id":4567120880}}
{"counter":4424,"type":"move","frame":{"millis":25687,"tic":899},"actor":{"position":{"x":24113381,"y":25631511,"z":3670016,"angle":1358954496,"subsector":4566993592},"type":"player","health":46,"armor":58,"id":4567120880}}
{"counter":4425,"type":"move","frame":{"millis":25687,"tic":899},"actor":{"position":{"x":22078661,"y":31903621,"z":3670016,"angle":3758096384,"subsector":4566993528},"type":"imp","health":33,"id":4567132664}}
{"counter":4426,"type":"move","frame":{"millis":25687,"tic":899},"actor":{"position":{"x":11839056,"y":17333296,"z":1048576,"angle":1073741824,"subsector":4566993096},"type":"spectre","health":150,"id":4567137416}}
{"counter":4427,"type":"move","frame":{"millis":25687,"tic":899},"actor":{"position":{"x":-36303040,"y":50458816,"z":0,"angle":3221225472,"subsector":4566993352},"type":"soldier","health":20,"id":4567138208}}
{"counter":4428,"type":"move","frame":{"millis":25687,"tic":899},"actor":{"position":{"x":-23889536,"y":78939776,"z":0,"angle":2147483648,"subsector":4566996760},"type":"shotgun_soldier","health":30,"id":4567155368}}
{"counter":4429,"type":"move","frame":{"millis":25687,"tic":899},"actor":{"position":{"x":56656384,"y":17649728,"z":0,"angle":3221225472,"subsector":4566994312},"type":"spectre","health":150,"id":4567166984}}
{"counter":4430,"type":"move","frame":{"millis":25715,"tic":900},"actor":{"position":{"x":24113381,"y":25631511,"z":3670016,"angle":1358954496,"subsector":4566993592},"type":"player","health":46,"armor":58,"id":4567120880}}
{"counter":4431,"type":"move","frame":{"millis":25715,"tic":900},"actor":{"position":{"x":24113381,"y":25631511,"z":3670016,"angle":1358954496,"subsector":4566993592},"type":"player","health":46,"armor":58,"id":4567120880}}
{"counter":4432,"type":"move","frame":{"millis":25715,"tic":900},"actor":{"position":{"x":24114764,"y":25577773,"z":3670016,"angle":1358954496,"subsector":4566993592},"type":"player","health":46,"armor":58,"id":4567120880}}
{"counter":4433,"type":"move","frame":{"millis":25715,"tic":900},"actor":{"position":{"x":40163584,"y":13313792,"z":0,"angle":2147483648,"subsector":4566994408},"type":"shotgun_soldier","health":30,"id":4567137680}}
{"counter":4434,"type":"move","frame":{"millis":25715,"tic":900},"actor":{"position":{"x":-32198720,"y":66325184,"z":0,"angle":3758096384,"subsector":4566996712},"type":"soldier","health":20,"id":4567138736}}
{"counter":4435,"type":"move","frame":{"millis":25715,"tic":900},"actor":{"position":{"x":-21384704,"y":26097792,"z":0,"angle":3758096384,"subsector":4566993432},"type":"soldier","health":20,"id":4567139528}}
{"counter":4436,"type":"move","frame":{"millis":25715,"tic":900},"actor":{"position":{"x":-24620416,"y":55939968,"z":0,"angle":3758096384,"subsector":4566993384},"type":"shotgun_soldier","health":30,"id":4567155632}}
{"counter":4437,"type":"move","frame":{"millis":25715,"tic":900},"actor":{"position":{"x":-23344128,"y":52704256,"z":0,"angle":3758096384,"subsector":4566993384},"type":"shotgun_soldier","health":30,"id":4567155896}}
{"counter":4438,"type":"move","frame":{"millis":25715,"tic":900},"actor":{"position":{"x":-28973568,"y":35037312,"z":0,"angle":3758096384,"subsector":4566993416},"type":"shotgun_soldier","health":30,"id":4567156160}}
{"counter":4439,"type":"move","frame":{"millis":25715,"tic":900},"actor":{"position":{"x":21120,"y":27421824,"z":0,"angle":0,"subsector":4566993432},"type":"shotgun_soldier","health":30,"id":4567156424}}
{"counter":4440,"type":"move","frame":{"millis":25715,"tic":900},"actor":{"position":{"x":-1731824,"y":13970416,"z":0,"angle":2684354560,"subsector":4566993176},"type":"spectre","health":150,"id":4567162232}}
{"counter":4441,"type":"move","frame":{"millis":25743,"tic":901},"actor":{"position":{"x":24114764,"y":25577773,"z":3670016,"angle":1358954496,"subsector":4566993592},"type":"player","health":46,"armor":58,"id":4567120880}}
{"counter":4442,"type":"move","frame":{"millis":25743,"tic":901},"actor":{"position":{"x":24114764,"y":25577773,"z":3670016,"angle":1358954496,"subsector":4566993592},"type":"player","health":46,"armor":58,"id":4567120880}}
{"counter":4443,"type":"move","frame":{"millis":25743,"tic":901},"actor":{"position":{"x":24114764,"y":25474343,"z":3670016,"angle":1358954496,"subsector":4566993592},"type":"player","health":46,"armor":58,"id":4567120880}}
{"counter":4444,"type":"move","frame":{"millis":25743,"tic":901},"actor":{"position":{"x":8294744,"y":37875486,"z":3670016,"angle":2684354560,"subsector":4566993496},"type":"imp","health":48,"id":4567132400}}
{"counter":4445,"type":"move","frame":{"millis":25743,"tic":901},"actor":{"position":{"x":-534848,"y":24583232,"z":0,"angle":2147483648,"subsector":4566993432},"type":"imp","health":60,"id":4567132928}}
{"counter":4446,"type":"move","frame":{"millis":25743,"tic":901},"actor":{"position":{"x":11369056,"y":16863296,"z":1048576,"angle":1610612736,"subsector":4566993096},"type":"spectre","health":150,"id":4567137416}}
{"counter":4447,"type":"move","frame":{"millis":25743,"tic":901},"actor":{"position":{"x":2828032,"y":29111296,"z":0,"angle":1073741824,"subsector":4566993432},"type":"shotgun_soldier","health":30,"id":4567139792}}
{"counter":4448,"type":"move","frame":{"millis":25743,"tic":901},"actor":{"position":{"x":56656384,"y":16994368,"z":0,"angle":3221225472,"subsector":4566994312},"type":"spectre","health":150,"id":4567166984}}
{"counter":4449,"type":"move","frame":{"millis":25743,"tic":901},"actor":{"position":{"x":9029504,"y":9437184,"z":0,"angle":0,"subsector":4566993032},"type":"imp","health":60,"id":4567172264}}
{"counter":4450,"type":"move","frame":{"millis":25743,"tic":901},"actor":{"position":{"x":-3913792,"y":24694336,"z":0,"angle":2147483648,"subsector":4566993432},"type":"shotgun_soldier","health":30,"id":4567172528}}
{"counter":4451,"type":"move","frame":{"millis":25772,"tic":902},"actor":{"position":{"x":24114764,"y":25474343,"z":3670016,"angle":1358954496,"subsector":4566993592},"type":"player","health":46,"armor":58,"id":4567120880}}
{"counter":4452,"type":"move","frame":{"millis":25772,"tic":902},"actor":{"position":{"x":24114764,"y":25474343,"z":3670016,"angle":1358954496,"subsector":4566993592},"type":"player","health":46,"armor":58,"id":4567120880}}
{"counter":4453,"type":"move","frame":{"millis":25772,"tic":902},"actor":{"position":{"x":24114764,"y":25307240,"z":3670016,"angle":1358954496,"subsector":4566993592},"type":"player","health":46,"armor":58,"id":4567120880}}
{"counter":4454,"type":"move","frame":{"millis":25772,"tic":902},"actor":{"position":{"x":22454661,"y":31527621,"z":3670016,"angle":3758096384,"subsector":4566993528},"type":"imp","health":33,"id":4567132664}}
{"counter":4455,"type":"move","frame":{"millis":25772,"tic":902},"actor":{"position":{"x":-25033600,"y":28841344,"z":0,"angle":3758096384,"subsector":4566993400},"type":"soldier","health":20,"id":4567137944}}
{"counter":4456,"type":"move","frame":{"millis":25772,"tic":902},"actor":{"position":{"x":-24413824,"y":78939776,"z":0,"angle":2147483648,"subsector":4566996760},"type":"shotgun_soldier","health":30,"id":4567155368}}
{"counter":4457,"type":"move","frame":{"millis":25772,"tic":902},"actor":{"position":{"x":-2201824,"y":13500416,"z":0,"angle":2684354560,"subsector":4566993176},"type":"spectre","health":150,"id":4567162232}}
{"counter":4458,"type":"move","frame":{"millis":25800,"tic":903},"actor":{"position":{"x":24114764,"y":25307240,"z":3670016,"angle":1358954496,"subsector":4566993592},"type":"player","health":46,"armor":58,"id":4567120880}}
{"counter":4459,"type":"move","frame":{"millis":25800,"tic":903},"actor":{"position":{"x":24114764,"y":25307240,"z":3670016,"angle":1358954496,"subsector":4566993592},"type":"player","health":46,"armor":58,"id":4567120880}}
{"counter":4460,"type":"enter_subsector","frame":{"millis":25800,"tic":903},"actor":{"position":{"x":24115183,"y":25116986,"z":3670016,"angle":1358954496,"subsector":4566993576},"type":"player","health":46,"armor":58,"id":4567120880}}
{"counter":4461,"type":"move","frame":{"millis":25800,"tic":903},"actor":{"position":{"x":24115183,"y":25116986,"z":3670016,"angle":1358954496,"subsector":4566993576},"type":"player","health":46,"armor":58,"id":4567120880}}
{"counter":4462,"type":"move","frame":{"millis":25800,"tic":903},"actor":{"position":{"x":10899056,"y":16393296,"z":1048576,"angle":2147483648,"subsector":4566993032},"type":"spectre","health":150,"id":4567137416}}
{"counter":4463,"type":"move","frame":{"millis":25800,"tic":903},"actor":{"position":{"x":39639296,"y":13313792,"z":0,"angle":2147483648,"subsector":4566994408},"type":"shotgun_soldier","health":30,"id":4567137680}}
{"counter":4464,"type":"move","frame":{"millis":25800,"tic":903},"actor":{"position":{"x":-36303040,"y":49934528,"z":0,"angle":3221225472,"subsector":4566993352},"type":"soldier","health":20,"id":4567138208}}
{"counter":4465,"type":"move","frame":{"millis":25800,"tic":903},"actor":{"position":{"x":-24244416,"y":55563968,"z":0,"angle":3758096384,"subsector":4566993384},"type":"shotgun_soldier","health":30,"id":4567155632}}
{"counter":4466,"type":"move","frame":{"millis":25800,"tic":903},"actor":{"position":{"x":-22968128,"y":52328256,"z":0,"angle":3758096384,"subsector":4566993384},"type":"shotgun_soldier","health":30,"id":4567155896}}
{"counter":4467,"type":"move","frame":{"millis":25800,"tic":903},"actor":{"position":{"x":-28597568,"y":34661312,"z":0,"angle":3758096384,"subsector":4566993416},"type":"shotgun_soldier","health":30,"id":4567156160}}
{"counter":4468,"type":"move","frame":{"millis":25800,"tic":903},"actor":{"position":{"x":-354880,"y":27797824,"z":0,"angle":0,"subsector":4566993432},"type":"shotgun_soldier","health":30,"id":4567156424}}
{"counter":4469,"type":"move","frame":{"millis":25800,"tic":903},"actor":{"position":{"x":56656384,"y":16339008,"z":0,"angle":3221225472,"subsector":4566994312},"type":"spectre","health":150,"id":4567166984}}
{"counter":4470,"type":"move","frame":{"millis":25829,"tic":904},"actor":{"position":{"x":24115183,"y":25116986,"z":3670016,"angle":1358954496,"subsector":4566993576},"type":"player","health":46,"armor":58,"id":4567120880}}
{"counter":4471,"type":"move","frame":{"millis":25829,"tic":904},"actor":{"position":{"x":24115183,"y":25116986,"z":3670016,"angle":1358954496,"subsector":4566993576},"type":"player","health":46,"armor":58,"id":4567120880}}
{"counter":4472,"type":"move","frame":{"millis":25829,"tic":904},"actor":{"position":{"x":24116086,"y":24929982,"z":3670016,"angle":1358954496,"subsector":4566993576},"type":"player","health":46,"armor":58,"id":4567120880}}
{"counter":4473,"type":"move","frame":{"millis":25829,"tic":904},"actor":{"position":{"x":7918744,"y":37499486,"z":3670016,"angle":2684354560,"subsector":4566993496},"type":"imp","health":48,"id":4567132400}}
{"counter":4474,"type":"move","frame":{"millis":25829,"tic":904},"actor":{"position":{"x":-1059136,"y":24583232,"z":0,"angle":2147483648,"subsector":4566993432},"type":"imp","health":60,"id":4567132928}}
{"counter":4475,"type":"move","frame":{"millis":25829,"tic":904},"actor":{"position":{"x":-31822720,"y":65949184,"z":0,"angle":3758096384,"subsector":4566996712},"type":"soldier","health":20,"id":4567138736}}
{"counter":4476,"type":"move","frame":{"millis":25829,"tic":904},"actor":{"position":{"x":-21008704,"y":25721792,"z":0,"angle":3758096384,"subsector":4566993432},"type":"soldier","health":20,"id":4567139528}}
{"counter":4477,"type":"move","frame":{"millis":25829,"tic":904},"actor":{"position":{"x":2828032,"y":29635584,"z":0,"angle":1073741824,"subsector":4566993432},"type":"shotgun_soldier","health":30,"id":4567139792}}
{"counter":4478,"type":"move","frame":{"millis":25829,"tic":904},"actor":{"position":{"x":-2671824,"y":13030416,"z":0,"angle":2684354560,"subsector":4566993176},"type":"spectre","health":150,"id":4567162232}}
{"counter":4479,"type":"move","frame":{"millis":25829,"tic":904},"actor":{"position":{"x":9553792,"y":9437184,"z":0,"angle":0,"subsector":4566993032},"type":"imp","health":60,"id":4567172264}}
{"counter":4480,"type":"move","frame":{"millis":25829,"tic":904},"actor":{"position":{"x":-4438080,"y":24694336,"z":0,"angle":2147483648,"subsector":4566993432},"type":"shotgun_soldier","health":30,"id":4567172528}}
{"counter":4481,"type":"move","frame":{"millis":25858,"tic":905},"actor":{"position":{"x":24116086,"y":24929982,"z":3670016,"angle":1358954496,"subsector":4566993576},"type":"player","health":46,"armor":58,"id":4567120880}}
{"counter":4482,"type":"move","frame":{"millis":25858,"tic":905},"actor":{"position":{"x":24116086,"y":24929982,"z":3670016,"angle":1358954496,"subsector":4566993576},"type":"player","health":46,"armor":58,"id":4567120880}}
{"counter":4483,"type":"move","frame":{"millis":25858,"tic":905},"actor":{"position":{"x":24116239,"y":24758089,"z":3670016,"angle":1358954496,"subsector":4566993576},"type":"player","health":46,"armor":58,"id":4567120880}}
{"counter":4484,"type":"move","frame":{"millis":25858,"tic":905},"actor":{"position":{"x":22830661,"y":31151621,"z":3670016,"angle":3758096384,"subsector":4566993560},"type":"imp","health":33,"id":4567132664}}
{"counter":4485,"type":"move","frame":{"millis":25858,"tic":905},"actor":{"position":{"x":10429056,"y":15923296,"z":1048576,"angle":2684354560,"subsector":4566993032},"type":"spectre","health":150,"id":4567137416}}
{"counter":4486,"type":"move","frame":{"millis":25858,"tic":905},"actor":{"position":{"x":-24938112,"y":78939776,"z":0,"angle":2147483648,"subsector":4566996696},"type":"shotgun_soldier","health":30,"id":4567155368}}
{"counter":4487,"type":"enter_subsector","frame":{"millis":25858,"tic":905},"actor":{"position":{"x":56656384,"y":15683648,"z":0,"angle":3221225472,"subsector":4566994456},"type":"spectre","health":150,"id":4567166984}}
{"counter":4488,"type":"move","frame":{"millis":25858,"tic":905},"actor":{"position":{"x":56656384,"y":15683648,"z":0,"angle":3221225472,"subsector":4566994456},"type":"spectre","health":150,"id":4567166984}}
{"counter":4489,"type":"move","frame":{"millis":25886,"tic":906},"actor":{"position":{"x":24116239,"y":24758089,"z":3670016,"angle":1358954496,"subsector":4566993576},"type":"player","health":46,"armor":58,"id":4567120880}}
{"counter":4490,"type":"move","frame":{"millis":25886,"tic":906},"actor":{"position":{"x":24116239,"y":24758089,"z":3670016,"angle":1358954496,"subsector":4566993576},"type":"player","health":46,"armor":58,"id":4567120880}}
{"counter":4491,"type":"move","frame":{"millis":25886,"tic":906},"actor":{"position":{"x":24047162,"y":24536697,"z":3670016,"angle":1358954496,"subsector":4566993576},"type":"player","health":46,"armor":58,"id":4567120880}}
{"counter":4492,"type":"move","frame":{"millis":25886,"tic":906},"actor":{"position":{"x":39115008,"y":13313792,"z":0,"angle":2147483648,"subsector":4566994408},"type":"shotgun_soldier","health":30,"id":4567137680}}
{"counter":4493,"type":"move","frame":{"millis":25886,"tic":906},"actor":{"position":{"x":-24657600,"y":28465344,"z":0,"angle":3758096384,"subsector":4566993432},"type":"soldier","health":20,"id":4567137944}}
{"counter":4494,"type":"move","frame":{"millis":25886,"tic":906},"actor":{"position":{"x":-23868416,"y":55187968,"z":0,"angle":3758096384,"subsector":4566993384},"type":"shotgun_soldier","health":30,"id":4567155632}}
{"counter":4495,"type":"move","frame":{"millis":25886,"tic":906},"actor":{"position":{"x":-23492416,"y":52328256,"z":0,"angle":3758096384,"subsector":4566993384},"type":"shotgun_soldier","health":30,"id":4567155896}}
{"counter":4496,"type":"move","frame":{"millis":25886,"tic":906},"actor":{"position":{"x":-28597568,"y":34137024,"z":0,"angle":3758096384,"subsector":4566993400},"type":"shotgun_soldier","health":30,"id":4567156160}}
{"counter":4497,"type":"move","frame":{"millis":25886,"tic":906},"actor":{"position":{"x":169408,"y":27797824,"z":0,"angle":536870912,"subsector":4566993432},"type":"shotgun_soldier","health":30,"id":4567156424}}
{"counter":4498,"type":"move","frame":{"millis":25886,"tic":906},"actor":{"position":{"x":-3141824,"y":12560416,"z":0,"angle":2684354560,"subsector":4566993176},"type":"spectre","health":150,"id":4567162232}}
{"counter":4499,"type":"move","frame":{"millis":25915,"tic":907},"actor":{"position":{"x":24047162,"y":24536697,"z":3670016,"angle":1358954496,"subsector":4566993576},"type":"player","health":46,"armor":58,"id":4567120880}}
{"counter":4500,"type":"move","frame":{"millis":25915,"tic":907},"actor":{"position":{"x":24047162,"y":24536697,"z":3670016,"angle":1358954496,"subsector":4566993576},"type":"player","health":46,"armor":58,"id":4567120880}}
{"counter":4501,"type":"move","frame":{"millis":25915,"tic":907},"actor":{"position":{"x":23924235,"y":24300330,"z":3670016,"angle":1358954496,"subsector":4566993576},"type":"player","health":46,"armor":58,"id":4567120880}}
{"counter":4502,"type":"move","frame":{"millis":25915,"tic":907},"actor":{"position":{"x":7542744,"y":37123486,"z":3670016,"angle":2684354560,"subsector":4566993496},"type":"imp","health":48,"id":4567132400}}
{"counter":4503,"type":"move","frame":{"millis":25915,"tic":907},"actor":{"position":{"x":-1583424,"y":24583232,"z":0,"angle":2147483648,"subsector":4566993432},"type":"imp","health":60,"id":4567132928}}
{"counter":4504,"type":"move","frame":{"millis":25915,"tic":907},"actor":{"position":{"x":9959056,"y":15453296,"z":524288,"angle":2684354560,"subsector":4566993032},"type":"spectre","health":150,"id":4567137416}}
{"counter":4505,"type":"move","frame":{"millis":25915,"tic":907},"actor":{"position":{"x":-36303040,"y":49410240,"z":0,"angle":3221225472,"subsector":4566993352},"type":"soldier","health":20,"id":4567138208}}
{"counter":4506,"type":"move","frame":{"millis":25915,"tic":907},"actor":{"position":{"x":2828032,"y":29111296,"z":0,"angle":1073741824,"subsector":4566993432},"type":"shotgun_soldier","health":30,"id":4567139792}}
{"counter":4507,"type":"move","frame":{"millis":25915,"tic":907},"actor":{"position":{"x":56656384,"y":15028288,"z":0,"angle":3221225472,"subsector":4566994456},"type":"spectre","health":150,"id":4567166984}}
{"counter":4508,"type":"move","frame":{"millis":25915,"tic":907},"actor":{"position":{"x":9929792,"y":9813184,"z":0,"angle":0,"subsector":4566993032},"type":"imp","health":60,"id":4567172264}}
{"counter":4509,"type":"move","frame":{"millis":25915,"tic":907},"actor":{"position":{"x":-4962368,"y":24694336,"z":0,"angle":2147483648,"subsector":4566993432},"type":"shotgun_soldier","health":30,"id":4567172528}}
{"counter":4510,"type":"move","frame":{"millis":25943,"tic":908},"actor":{"position":{"x":23924235,"y":24300330,"z":3670016,"angle":1358954496,"subsector":4566993576},"type":"player","health":46,"armor":58,"id":4567120880}}
{"counter":4511,"type":"move","frame":{"millis":25943,"tic":908},"actor":{"position":{"x":23924235,"y":24300330,"z":3670016,"angle":1358954496,"subsector":4566993576},"type":"player","health":46,"armor":58,"id":4567120880}}
{"counter":4512,"type":"move","frame":{"millis":25943,"tic":908},"actor":{"position":{"x":23732126,"y":24045830,"z":3670016,"angle":1358954496,"subsector":4566993576},"type":"player","health":46,"armor":58,"id":4567120880}}
{"counter":4513,"type":"move","frame":{"millis":25943,"tic":908},"actor":{"position":{"x":23206661,"y":30775621,"z":3670016,"angle":3758096384,"subsector":4566993560},"type":"imp","health":33,"id":4567132664}}
{"counter":4514,"type":"move","frame":{"millis":25943,"tic":908},"actor":{"position":{"x":-31446720,"y":65573184,"z":0,"angle":3758096384,"subsector":4566996712},"type":"soldier","health":20,"id":4567138736}}
{"counter":4515,"type":"move","frame":{"millis":25943,"tic":908},"actor":{"position":{"x":-20632704,"y":25345792,"z":0,"angle":3758096384,"subsector":4566993432},"type":"soldier","health":20,"id":4567139528}}
{"counter":4516,"type":"move","frame":{"millis":25943,"tic":908},"actor":{"position":{"x":-25462400,"y":78939776,"z":0,"angle":2147483648,"subsector":4566996696},"type":"shotgun_soldier","health":30,"id":4567155368}}
{"counter":4517,"type":"move","frame":{"millis":25943,"tic":908},"actor":{"position":{"x":-3611824,"y":12090416,"z":0,"angle":2684354560,"subsector":4566993176},"type":"spectre","health":150,"id":4567162232}}
{"counter":4518,"type":"move","frame":{"millis":25972,"tic":909},"actor":{"position":{"x":23732126,"y":24045830,"z":3670016,"angle":1358954496,"subsector":4566993576},"type":"player","health":46,"armor":58,"id":4567120880}}
{"counter":4519,"type":"move","frame":{"millis":25972,"tic":909},"actor":{"position":{"x":23513099,"y":23795254,"z":3670016,"angle":1358954496,"subsector":4566993576},"type":"player","health":46,"armor":58,"id":4567120880}}
{"counter":4520,"type":"move","frame":{"millis":25972,"tic":909},"actor":{"position":{"x":9489056,"y":14983296,"z":524288,"angle":2684354560,"subsector":4566993032},"type":"spectre","health":150,"id":4567137416}}
{"counter":4521,"type":"move","frame":{"millis":25972,"tic":909},"actor":{"position":{"x":38590720,"y":13313792,"z":0,"angle":2147483648,"subsector":4566994408},"type":"shotgun_soldier","health":30,"id":4567137680}}
{"counter":4522,"type":"move","frame":{"millis":25972,"tic":909},"actor":{"position":{"x":-23344128,"y":55187968,"z":0,"angle":3758096384,"subsector":4566993384},"type":"shotgun_soldier","health":30,"id":4567155632}}
{"counter":4523,"type":"move","frame":{"millis":25972,"tic":909},"actor":{"position":{"x":-24016704,"y":52328256,"z":0,"angle":3221225472,"subsector":4566993384},"type":"shotgun_soldier","health":30,"id":4567155896}}
{"counter":4524,"type":"move","frame":{"millis":25972,"tic":909},"actor":{"position":{"x":-28597568,"y":33612736,"z":0,"angle":3221225472,"subsector":4566993400},"type":"shotgun_soldier","health":30,"id":4567156160}}
{"counter":4525,"type":"move","frame":{"millis":25972,"tic":909},"actor":{"position":{"x":169408,"y":27273536,"z":0,"angle":0,"subsector":4566993432},"type":"shotgun_soldier","health":30,"id":4567156424}}
{"counter":4526,"type":"move","frame":{"millis":25972,"tic":909},"actor":{"position":{"x":56656384,"y":14372928,"z":0,"angle":3221225472,"subsector":4566994408},"type":"spectre","health":150,"id":4567166984}}
{"counter":4527,"type":"move","frame":{"millis":26000,"tic":910},"actor":{"position":{"x":23513099,"y":23795254,"z":3670016,"angle":1358954496,"subsector":4566993576},"type":"player","health":46,"armor":58,"id":4567120880}}
{"counter":4528,"type":"move","frame":{"millis":26000,"tic":910},"actor":{"position":{"x":23513099,"y":23795254,"z":3670016,"angle":1358954496,"subsector":4566993576},"type":"player","health":46,"armor":58,"id":4567120880}}
{"counter":4529,"type":"move","frame":{"millis":26000,"tic":910},"actor":{"position":{"x":23267222,"y":23614360,"z":3670016,"angle":1358954496,"subsector":4566993576},"type":"player","health":46,"armor":58,"id":4567120880}}
{"counter":4530,"type":"move","frame":{"millis":26000,"tic":910},"actor":{"position":{"x":7166744,"y":36747486,"z":3670016,"angle":2684354560,"subsector":4566993496},"type":"imp","health":48,"id":4567132400}}
{"counter":4531,"type":"move","frame":{"millis":26000,"tic":910},"actor":{"position":{"x":-2107712,"y":24583232,"z":0,"angle":2147483648,"subsector":4566993432},"type":"imp","health":60,"id":4567132928}}
{"counter":4532,"type":"move","frame":{"millis":26000,"tic":910},"actor":{"position":{"x":-24281600,"y":28089344,"z":0,"angle":3758096384,"subsector":4566993432},"type":"soldier","health":20,"id":4567137944}}
{"counter":4533,"type":"move","frame":{"millis":26001,"tic":910},"actor":{"position":{"x":2828032,"y":28587008,"z":0,"angle":1610612736,"subsector":4566993432},"type":"shotgun_soldier","health":30,"id":4567139792}}
{"counter":4534,"type":"move","frame":{"millis":26001,"tic":910},"actor":{"position":{"x":-4081824,"y":11620416,"z":0,"angle":2684354560,"subsector":4566993176},"type":"spectre","health":150,"id":4567162232}}
{"counter":4535,"type":"move","frame":{"millis":26001,"tic":910},"actor":{"position":{"x":10305792,"y":10189184,"z":0,"angle":536870912,"subsector":4566993032},"type":"imp","health":60,"id":4567172264}}
{"counter":4536,"type":"move","frame":{"millis":26001,"tic":910},"actor":{"position":{"x":-5486656,"y":24694336,"z":0,"angle":2147483648,"subsector":4566993432},"type":"shotgun_soldier","health":30,"id":4567172528}}
{"counter":4537,"type":"move","frame":{"millis":26029,"tic":911},"actor":{"position":{"x":23267222,"y":23614360,"z":3670016,"angle":1358954496,"subsector":4566993576},"type":"player","health":46,"armor":58,"id":4567120880}}
{"counter":4538,"type":"move","frame":{"millis":26029,"tic":911},"actor":{"position":{"x":23267222,"y":23614360,"z":3670016,"angle":1358954496,"subsector":4566993576},"type":"player","health":46,"armor":58,"id":4567120880}}
{"counter":4539,"type":"move","frame":{"millis":26029,"tic":911},"actor":{"position":{"x":23021582,"y":23552328,"z":3670016,"angle":1358954496,"subsector":4566993576},"type":"player","health":46,"armor":58,"id":4567120880}}
{"counter":4540,"type":"move","frame":{"millis":26029,"tic":911},"actor":{"position":{"x":23582661,"y":30399621,"z":3670016,"angle":3758096384,"subsector":4566993560},"type":"imp","health":33,"id":4567132664}}
{"counter":4541,"type":"move","frame":{"millis":26029,"tic":911},"actor":{"position":{"x":10144416,"y":14983296,"z":524288,"angle":2684354560,"subsector":4566993032},"type":"spectre","health":150,"id":4567137416}}
{"counter":4542,"type":"move","frame":{"millis":26029,"tic":911},"actor":{"position":{"x":-36303040,"y":48885952,"z":0,"angle":3221225472,"subsector":4566993352},"type":"soldier","health":20,"id":4567138208}}
{"counter":4543,"type":"move","frame":{"millis":26029,"tic":911},"actor":{"position":{"x":-25986688,"y":78939776,"z":0,"angle":2147483648,"subsector":4566996696},"type":"shotgun_soldier","health":30,"id":4567155368}}
{"counter":4544,"type":"move","frame":{"millis":26029,"tic":911},"actor":{"position":{"x":56656384,"y":13717568,"z":0,"angle":3221225472,"subsector":4566994408},"type":"spectre","health":150,"id":4567166984}}
{"counter":4545,"type":"move","frame":{"millis":26029,"tic":911},"actor":{"position":{"x":12466089,"y":31551742,"z":5767168,"angle":3851687264,"subsector":4566993496},"type":"imp_fireball","health":1000,"id":4567637504}}
{"counter":4546,"type":"move","frame":{"millis":26058,"tic":912},"actor":{"position":{"x":23021582,"y":23552328,"z":3670016,"angle":1358954496,"subsector":4566993576},"type":"player","health":46,"armor":58,"id":4567120880}}
{"counter":4547,"type":"move","frame":{"millis":26058,"tic":912},"actor":{"position":{"x":23021582,"y":23552328,"z":3670016,"angle":1358954496,"subsector":4566993576},"type":"player","health":46,"armor":58,"id":4567120880}}
{"counter":4548,"type":"move","frame":{"millis":26058,"tic":912},"actor":{"position":{"x":22851036,"y":23631240,"z":3670016,"angle":1358954496,"subsector":4566993576},"type":"player","health":46,"armor":58,"id":4567120880}}
{"counter":4549,"type":"move","frame":{"millis":26058,"tic":912},"actor":{"position":{"x":38066432,"y":13313792,"z":0,"angle":2147483648,"subsector":4566994408},"type":"shotgun_soldier","health":30,"id":4567137680}}
{"counter":4550,"type":"move","frame":{"millis":26058,"tic":912},"actor":{"position":{"x":-31070720,"y":65197184,"z":0,"angle":3758096384,"subsector":4566996712},"type":"soldier","health":20,"id":4567138736}}
{"counter":4551,"type":"move","frame":{"millis":26058,"tic":912},"actor":{"position":{"x":-20256704,"y":24969792,"z":0,"angle":3758096384,"subsector":4566993432},"type":"soldier","health":20,"id":4567139528}}
{"counter":4552,"type":"move","frame":{"millis":26058,"tic":912},"actor":{"position":{"x":-22819840,"y":55187968,"z":0,"angle":0,"subsector":4566993384},"type":"shotgun_soldier","health":30,"id":4567155632}}
{"counter":4553,"type":"move","frame":{"millis":26058,"tic":912},"actor":{"position":{"x":-24540992,"y":52328256,"z":0,"angle":2684354560,"subsector":4566993384},"type":"shotgun_soldier","health":30,"id":4567155896}}
{"counter":4554,"type":"move","frame":{"millis":26058,"tic":912},"actor":{"position":{"x":-28597568,"y":33088448,"z":0,"angle":3221225472,"subsector":4566993400},"type":"shotgun_soldier","health":30,"id":4567156160}}
{"counter":4555,"type":"move","frame":{"millis":26058,"tic":912},"actor":{"position":{"x":-354880,"y":27273536,"z":0,"angle":3758096384,"subsector":4566993432},"type":"shotgun_soldier","health":30,"id":4567156424}}
{"counter":4556,"type":"move","frame":{"millis":26058,"tic":912},"actor":{"position":{"x":-4081824,"y":12275776,"z":0,"angle":2684354560,"subsector":4566993176},"type":"spectre","health":150,"id":4567162232}}
{"counter":4557,"type":"move","frame":{"millis":26058,"tic":912},"actor":{"position":{"x":12988399,"y":31155922,"z":5767168,"angle":3851687264,"subsector":4566993496},"type":"imp_fireball","health":1000,"id":4567637504}}
{"counter":4558,"type":"move","frame":{"millis":26086,"tic":913},"actor":{"position":{"x":22851036,"y":23631240,"z":3670016,"angle":1275068416,"subsector":4566993576},"type":"player","health":46,"armor":58,"id":4567120880}}
{"weapon_type":2,"counter":4559,"type":"attacked","frame":{"millis":26086,"tic":913},"actor":{"position":{"x":22851036,"y":23631240,"z":3670016,"angle":1275068416,"subsector":4566993576},"type":"player","health":46,"armor":58,"id":4567120880}}
{"counter":4560,"type":"move","frame":{"millis":26086,"tic":913},"actor":{"position":{"x":22695287,"y":23706673,"z":3670016,"angle":1275068416,"subsector":4566993576},"type":"player","health":46,"armor":58,"id":4567120880}}
{"counter":4561,"type":"move","frame":{"millis":26086,"tic":913},"actor":{"position":{"x":6790744,"y":36371486,"z":3670016,"angle":2684354560,"subsector":4566993496},"type":"imp","health":48,"id":4567132400}}
{"counter":4562,"type":"move","frame":{"millis":26086,"tic":913},"actor":{"position":{"x":-1731712,"y":24207232,"z":0,"angle":2147483648,"subsector":4566993432},"type":"imp","health":60,"id":4567132928}}
{"counter":4563,"type":"move","frame":{"millis":26086,"tic":913},"actor":{"position":{"x":10799776,"y":14983296,"z":524288,"angle":3221225472,"subsector":4566993032},"type":"spectre","health":150,"id":4567137416}}
{"counter":4564,"type":"move","frame":{"millis":26086,"tic":913},"actor":{"position":{"x":2828032,"y":28062720,"z":0,"angle":2147483648,"subsector":4566993432},"type":"shotgun_soldier","health":30,"id":4567139792}}
{"counter":4565,"type":"move","frame":{"millis":26086,"tic":913},"actor":{"position":{"x":56656384,"y":13062208,"z":0,"angle":3221225472,"subsector":4566994424},"type":"spectre","health":150,"id":4567166984}}
{"counter":4566,"type":"move","frame":{"millis":26086,"tic":913},"actor":{"position":{"x":10681792,"y":10565184,"z":0,"angle":536870912,"subsector":4566993032},"type":"imp","health":60,"id":4567172264}}
{"counter":4567,"type":"move","frame":{"millis":26086,"tic":913},"actor":{"position":{"x":-6010944,"y":24694336,"z":0,"angle":2147483648,"subsector":4566993432},"type":"shotgun_soldier","health":30,"id":4567172528}}
{"counter":4568,"type":"move","frame":{"millis":26086,"tic":913},"actor":{"position":{"x":13510709,"y":30760102,"z":5767168,"angle":3851687264,"subsector":4566993496},"type":"imp_fireball","health":1000,"id":4567637504}}
{"counter":4569,"type":"move","frame":{"millis":26115,"tic":914},"actor":{"position":{"x":22695287,"y":23706673,"z":3670016,"angle":1157627904,"subsector":4566993576},"type":"player","health":46,"armor":58,"id":4567120880}}
{"counter":4570,"type":"move","frame":{"millis":26115,"tic":914},"actor":{"position":{"x":22560928,"y":23720156,"z":3670016,"angle":1157627904,"subsector":4566993576},"type":"player","health":46,"armor":58,"id":4567120880}}
{"counter":4571,"type":"attacked","frame":{"millis":26115,"tic":914},"actor":{"position":{"x":23582661,"y":30399621,"z":3670016,"angle":3758096384,"subsector":4566993560},"type":"imp","health":33,"id":4567132664},"target":{"position":{"x":22560928,"y":23720156,"z":3670016,"angle":1157627904,"subsector":4566993576},"type":"player","health":46,"armor":58,"id":4567120880}}
{"counter":4572,"type":"move","frame":{"millis":26115,"tic":914},"actor":{"position":{"x":-23905600,"y":27713344,"z":0,"angle":3758096384,"subsector":4566993432},"type":"soldier","health":20,"id":4567137944}}
{"counter":4573,"type":"move","frame":{"millis":26115,"tic":914},"actor":{"position":{"x":-26510976,"y":78939776,"z":0,"angle":2147483648,"subsector":4566996696},"type":"shotgun_soldier","health":30,"id":4567155368}}
{"counter":4574,"type":"move","frame":{"millis":26116,"tic":914},"actor":{"position":{"x":-4081824,"y":12931136,"z":0,"angle":2147483648,"subsector":4566993176},"type":"spectre","health":150,"id":4567162232}}
{"counter":4575,"type":"move","frame":{"millis":26116,"tic":914},"actor":{"position":{"x":14033019,"y":30364282,"z":5767168,"angle":3851687264,"subsector":4566993496},"type":"imp_fireball","health":1000,"id":4567637504}}
{"counter":4576,"type":"move","frame":{"millis":26143,"tic":915},"actor":{"position":{"x":22560928,"y":23720156,"z":3670016,"angle":1140850688,"subsector":4566993576},"type":"player","health":46,"armor":58,"id":4567120880}}
{"counter":4577,"type":"move","frame":{"millis":26143,"tic":915},"actor":{"position":{"x":22445613,"y":23667157,"z":3670016,"angle":1140850688,"subsector":4566993576},"type":"player","health":46,"armor":58,"id":4567120880}}
{"counter":4578,"type":"move","frame":{"millis":26143,"tic":915},"actor":{"position":{"x":11455136,"y":14983296,"z":524288,"angle":3758096384,"subsector":4566993032},"type":"spectre","health":150,"id":4567137416}}
{"counter":4579,"type":"move","frame":{"millis":26143,"tic":915},"actor":{"position":{"x":37542144,"y":13313792,"z":0,"angle":2147483648,"subsector":4566994408},"type":"shotgun_soldier","health":30,"id":4567137680}}
{"counter":4580,"type":"move","frame":{"millis":26143,"tic":915},"actor":{"position":{"x":-36303040,"y":48361664,"z":0,"angle":3221225472,"subsector":4566993352},"type":"soldier","health":20,"id":4567138208}}
{"counter":4581,"type":"move","frame":{"millis":26143,"tic":915},"actor":{"position":{"x":-22295552,"y":55187968,"z":0,"angle":0,"subsector":4566993384},"type":"shotgun_soldier","health":30,"id":4567155632}}
{"counter":4582,"type":"move","frame":{"millis":26143,"tic":915},"actor":{"position":{"x":-25065280,"y":52328256,"z":0,"angle":2147483648,"subsector":4566993384},"type":"shotgun_soldier","health":30,"id":4567155896}}
{"counter":4583,"type":"move","frame":{"millis":26143,"tic":915},"actor":{"position":{"x":-28597568,"y":32564160,"z":0,"angle":3221225472,"subsector":4566993400},"type":"shotgun_soldier","health":30,"id":4567156160}}
{"counter":4584,"type":"move","frame":{"millis":26143,"tic":915},"actor":{"position":{"x":-879168,"y":27273536,"z":0,"angle":3221225472,"subsector":4566993432},"type":"shotgun_soldier","health":30,"id":4567156424}}
{"counter":4585,"type":"move","frame":{"millis":26143,"tic":915},"actor":{"position":{"x":56656384,"y":12406848,"z":0,"angle":3221225472,"subsector":4566994424},"type":"spectre","health":150,"id":4567166984}}
{"counter":4586,"type":"move","frame":{"millis":26143,"tic":915},"actor":{"position":{"x":14555329,"y":29968462,"z":5767168,"angle":3851687264,"subsector":4566993496},"type":"imp_fireball","health":1000,"id":4567637504}}
{"counter":4587,"type":"move","frame":{"millis":26172,"tic":916},"actor":{"position":{"x":22445613,"y":23667157,"z":3670016,"angle":1124073472,"subsector":4566993576},"type":"player","health":46,"armor":58,"id":4567120880}}
{"damage":15,"counter":4588,"type":"hit","frame":{"millis":26172,"tic":916},"actor":{"position":{"x":22445613,"y":23667157,"z":3670016,"angle":1124073472,"subsector":4566993576},"type":"player","health":46,"armor":58,"id":4567120880},"target":{"position":{"x":23582661,"y":30399621,"z":3670016,"angle":3117556983,"subsector":4566993560},"type":"imp","health":18,"id":4567132664}}
{"counter":4589,"type":"targeted","frame":{"millis":26172,"tic":916},"actor":{"position":{"x":22445613,"y":23667157,"z":3670016,"angle":1124073472,"subsector":4566993576},"type":"player","health":46,"armor":58,"id":4567120880},"target":{"position":{"x":23582661,"y":30399621,"z":3670016,"angle":3117556983,"subsector":4566993560},"type":"imp","health":18,"id":4567132664}}
{"damage":10,"counter":4590,"type":"hit","frame":{"millis":26172,"tic":916},"actor":{"position":{"x":22445613,"y":23667157,"z":3670016,"angle":1124073472,"subsector":4566993576},"type":"player","health":46,"armor":58,"id":4567120880},"target":{"position":{"x":23582661,"y":30399621,"z":3670016,"angle":3117556983,"subsector":4566993560},"type":"imp","health":8,"id":4567132664}}
{"counter":4591,"type":"move","frame":{"millis":26172,"tic":916},"actor":{"position":{"x":22347468,"y":23533346,"z":3670016,"angle":1124073472,"subsector":4566993576},"type":"player","health":46,"armor":58,"id":4567120880}}
{"counter":4592,"type":"move","frame":{"millis":26172,"tic":916},"actor":{"position":{"x":6790744,"y":35847198,"z":3670016,"angle":2684354560,"subsector":4566993496},"type":"imp","health":48,"id":4567132400}}
{"counter":4593,"type":"move","frame":{"millis":26172,"tic":916},"actor":{"position":{"x":23616666,"y":30601576,"z":3670016,"angle":3117556983,"subsector":4566993560},"type":"imp","health":8,"id":4567132664}}
{"counter":4594,"type":"move","frame":{"millis":26172,"tic":916},"actor":{"position":{"x":-1355712,"y":23831232,"z":0,"angle":2684354560,"subsector":4566993432},"type":"imp","health":60,"id":4567132928}}
{"counter":4595,"type":"move","frame":{"millis":26172,"tic":916},"actor":{"position":{"x":-30694720,"y":64821184,"z":0,"angle":3758096384,"subsector":4566996712},"type":"soldier","health":20,"id":4567138736}}
{"counter":4596,"type":"move","frame":{"millis":26172,"tic":916},"actor":{"position":{"x":-19880704,"y":24593792,"z":0,"angle":3758096384,"subsector":4566993432},"type":"soldier","health":20,"id":4567139528}}
{"counter":4597,"type":"move","frame":{"millis":26172,"tic":916},"actor":{"position":{"x":2828032,"y":27538432,"z":0,"angle":2684354560,"subsector":4566993432},"type":"shotgun_soldier","health":30,"id":4567139792}}
{"counter":4598,"type":"move","frame":{"millis":26172,"tic":916},"actor":{"position":{"x":-4081824,"y":13586496,"z":0,"angle":1610612736,"subsector":4566993176},"type":"spectre","health":150,"id":4567162232}}
{"counter":4599,"type":"move","frame":{"millis":26172,"tic":916},"actor":{"position":{"x":11057792,"y":10941184,"z":0,"angle":536870912,"subsector":4566993032},"type":"imp","health":60,"id":4567172264}}
{"counter":4600,"type":"move","frame":{"millis":26172,"tic":916},"actor":{"position":{"x":-6535232,"y":24694336,"z":0,"angle":2147483648,"subsector":4566993432},"type":"shotgun_soldier","health":30,"id":4567172528}}
{"counter":4601,"type":"move","frame":{"millis":26172,"tic":916},"actor":{"position":{"x":15077639,"y":29572642,"z":5767168,"angle":3851687264,"subsector":4566993560},"type":"imp_fireball","health":1000,"id":4567637504}}
{"counter":4602,"type":"move","frame":{"millis":26200,"tic":917},"actor":{"position":{"x":22347468,"y":23533346,"z":3670016,"angle":1090519040,"subsector":4566993576},"type":"player","health":46,"armor":58,"id":4567120880}}
{"counter":4603,"type":"move","frame":{"millis":26200,"tic":917},"actor":{"position":{"x":22261075,"y":23309711,"z":3670016,"angle":1090519040,"subsector":4566993576},"type":"player","health":46,"armor":58,"id":4567120880}}
{"counter":4604,"type":"move","frame":{"millis":26200,"tic":917},"actor":{"position":{"x":23647483,"y":30784597,"z":3670016,"angle":3117556983,"subsector":4566993560},"type":"imp","health":8,"id":4567132664}}
{"counter":4605,"type":"move","frame":{"millis":26200,"tic":917},"actor":{"position":{"x":12110496,"y":14983296,"z":524288,"angle":0,"subsector":4566993032},"type":"spectre","health":150,"id":4567137416}}
{"counter":4606,"type":"move","frame":{"millis":26200,"tic":917},"actor":{"position":{"x":-27035264,"y":78939776,"z":0,"angle":2147483648,"subsector":4566996696},"type":"shotgun_soldier","health":30,"id":4567155368}}
{"counter":4607,"type":"move","frame":{"millis":26200,"tic":917},"actor":{"position":{"x":56656384,"y":11751488,"z":0,"angle":3221225472,"subsector":4566994424},"type":"spectre","health":150,"id":4567166984}}
{"counter":4608,"type":"move","frame":{"millis":26200,"tic":917},"actor":{"position":{"x":12058624,"y":31769472,"z":3670016,"angle":3758096384,"subsector":4566993496},"type":"imp","health":60,"id":4567172000}}
{"counter":4609,"type":"move","frame":{"millis":26200,"tic":917},"actor":{"position":{"x":15599949,"y":29176822,"z":5767168,"angle":3851687264,"subsector":4566993560},"type":"imp_fireball","health":1000,"id":4567637504}}
{"counter":4610,"type":"move","frame":{"millis":26229,"tic":918},"actor":{"position":{"x":22261075,"y":23309711,"z":3670016,"angle":1073741824,"subsector":4566993576},"type":"player","health":46,"armor":58,"id":4567120880}}
{"counter":4611,"type":"move","frame":{"millis":26229,"tic":918},"actor":{"position":{"x":22182820,"y":23004642,"z":3670016,"angle":1073741824,"subsector":4566993160},"type":"player","health":46,"armor":58,"id":4567120880}}
{"counter":4612,"type":"move","frame":{"millis":26229,"tic":918},"actor":{"position":{"x":23675410,"y":30950459,"z":3670016,"angle":3117556983,"subsector":4566993560},"type":"imp","health":8,"id":4567132664}}
{"counter":4613,"type":"move","frame":{"millis":26229,"tic":918},"actor":{"position":{"x":37017856,"y":13313792,"z":0,"angle":2147483648,"subsector":4566994408},"type":"shotgun_soldier","health":30,"id":4567137680}}
{"counter":4614,"type":"move","frame":{"millis":26229,"tic":918},"actor":{"position":{"x":-23529600,"y":27337344,"z":0,"angle":3758096384,"subsector":4566993432},"type":"soldier","health":20,"id":4567137944}}
{"counter":4615,"type":"move","frame":{"millis":26229,"tic":918},"actor":{"position":{"x":-21771264,"y":55187968,"z":0,"angle":0,"subsector":4566993384},"type":"shotgun_soldier","health":30,"id":4567155632}}
{"counter":4616,"type":"move","frame":{"millis":26229,"tic":918},"actor":{"position":{"x":-25589568,"y":52328256,"z":0,"angle":2147483648,"subsector":4566993384},"type":"shotgun_soldier","health":30,"id":4567155896}}
{"counter":4617,"type":"move","frame":{"millis":26229,"tic":918},"actor":{"position":{"x":-28597568,"y":32039872,"z":0,"angle":3221225472,"subsector":4566993400},"type":"shotgun_soldier","health":30,"id":4567156160}}
{"counter":4618,"type":"move","frame":{"millis":26229,"tic":918},"actor":{"position":{"x":-1403456,"y":27273536,"z":0,"angle":2684354560,"subsector":4566993432},"type":"shotgun_soldier","health":30,"id":4567156424}}
{"counter":4619,"type":"move","frame":{"millis":26229,"tic":918},"actor":{"position":{"x":-4081824,"y":14241856,"z":0,"angle":1073741824,"subsector":4566993176},"type":"spectre","health":150,"id":4567162232}}
{"counter":4620,"type":"move","frame":{"millis":26229,"tic":918},"actor":{"position":{"x":16122259,"y":28781002,"z":5767168,"angle":3851687264,"subsector":4566993560},"type":"imp_fireball","health":1000,"id":4567637504}}
{"counter":4621,"type":"move","frame":{"millis":26259,"tic":919},"actor":{"position":{"x":22182820,"y":23004642,"z":3670016,"angle":1056964608,"subsector":4566993160},"type":"player","health":46,"armor":58,"id":4567120880}}
{"counter":4622,"type":"move","frame":{"millis":26259,"tic":919},"actor":{"position":{"x":22109427,"y":22625804,"z":3670016,"angle":1056964608,"subsector":4566993160},"type":"player","health":46,"armor":58,"id":4567120880}}
{"counter":4623,"type":"move","frame":{"millis":26259,"tic":919},"actor":{"position":{"x":6790744,"y":35322910,"z":3670016,"angle":3221225472,"subsector":4566993496},"type":"imp","health":48,"id":4567132400}}
{"counter":4624,"type":"move","frame":{"millis":26259,"tic":919},"actor":{"position":{"x":23700718,"y":31100771,"z":3670016,"angle":3117556983,"subsector":4566993560},"type":"imp","health":8,"id":4567132664}}
{"counter":4625,"type":"move","frame":{"millis":26259,"tic":919},"actor":{"position":{"x":23324718,"y":30724771,"z":3670016,"angle":3221225472,"subsector":4566993560},"type":"imp","health":8,"id":4567132664}}
{"counter":4626,"type":"move","frame":{"millis":26259,"tic":919},"actor":{"position":{"x":-1355712,"y":23306944,"z":0,"angle":3221225472,"subsector":4566993432},"type":"imp","health":60,"id":4567132928}}
{"counter":4627,"type":"move","frame":{"millis":26259,"tic":919},"actor":{"position":{"x":12580496,"y":15453296,"z":524288,"angle":0,"subsector":4566993032},"type":"spectre","health":150,"id":4567137416}}
{"counter":4628,"type":"move","frame":{"millis":26259,"tic":919},"actor":{"position":{"x":-36303040,"y":47837376,"z":0,"angle":3221225472,"subsector":4566993352},"type":"soldier","health":20,"id":4567138208}}
{"counter":4629,"type":"move","frame":{"millis":26259,"tic":919},"actor":{"position":{"x":2828032,"y":27014144,"z":0,"angle":3221225472,"subsector":4566993432},"type":"shotgun_soldier","health":30,"id":4567139792}}
{"counter":4630,"type":"move","frame":{"millis":26259,"tic":919},"actor":{"position":{"x":56186384,"y":12221488,"z":0,"angle":3221225472,"subsector":4566994424},"type":"spectre","health":150,"id":4567166984}}
{"counter":4631,"type":"move","frame":{"millis":26259,"tic":919},"actor":{"position":{"x":11433792,"y":11317184,"z":0,"angle":536870912,"subsector":4566993032},"type":"imp","health":60,"id":4567172264}}
{"counter":4632,"type":"move","frame":{"millis":26259,"tic":919},"actor":{"position":{"x":-7059520,"y":24694336,"z":0,"angle":2147483648,"subsector":4566993432},"type":"shotgun_soldier","health":30,"id":4567172528}}
{"counter":4633,"type":"move","frame":{"millis":26259,"tic":919},"actor":{"position":{"x":16644569,"y":28385182,"z":5767168,"angle":3851687264,"subsector":4566993560},"type":"imp_fireball","health":1000,"id":4567637504}}
{"counter":4634,"type":"move","frame":{"millis":26286,"tic":920},"actor":{"position":{"x":22109427,"y":22625804,"z":3670016,"angle":1040187392,"subsector":4566993160},"type":"player","health":46,"armor":58,"id":4567120880}}
{"counter":4635,"type":"move","frame":{"millis":26286,"tic":920},"actor":{"position":{"x":22037929,"y":22180203,"z":3670016,"angle":1040187392,"subsector":4566993160},"type":"player","health":46,"armor":58,"id":4567120880}}
{"counter":4636,"type":"move","frame":{"millis":26286,"tic":920},"actor":{"position":{"x":23347653,"y":30860991,"z":3670016,"angle":3221225472,"subsector":4566993560},"type":"imp","health":8,"id":4567132664}}
{"counter":4637,"type":"move","frame":{"millis":26286,"tic":920},"actor":{"position":{"x":-30318720,"y":64445184,"z":0,"angle":3758096384,"subsector":4566996712},"type":"soldier","health":20,"id":4567138736}}
{"counter":4638,"type":"move","frame":{"millis":26286,"tic":920},"actor":{"position":{"x":-19356416,"y":24593792,"z":0,"angle":3758096384,"subsector":4566993432},"type":"soldier","health":20,"id":4567139528}}
{"counter":4639,"type":"move","frame":{"millis":26286,"tic":920},"actor":{"position":{"x":-27559552,"y":78939776,"z":0,"angle":2147483648,"subsector":4566996696},"type":"shotgun_soldier","health":30,"id":4567155368}}
{"counter":4640,"type":"move","frame":{"millis":26286,"tic":920},"actor":{"position":{"x":-4081824,"y":14897216,"z":0,"angle":1073741824,"subsector":4566993176},"type":"spectre","health":150,"id":4567162232}}
{"counter":4641,"type":"move","frame":{"millis":26286,"tic":920},"actor":{"position":{"x":12434624,"y":31393472,"z":3670016,"angle":3758096384,"subsector":4566993496},"type":"imp","health":60,"id":4567172000}}
{"counter":4642,"type":"move","frame":{"millis":26286,"tic":920},"actor":{"position":{"x":17166879,"y":27989362,"z":5767168,"angle":3851687264,"subsector":4566993560},"type":"imp_fireball","health":1000,"id":4567637504}}
{"counter":4643,"type":"move","frame":{"millis":26316,"tic":921},"actor":{"position":{"x":22037929,"y":22180203,"z":3670016,"angle":1040187392,"subsector":4566993160},"type":"player","health":46,"armor":58,"id":4567120880}}
{"counter":4644,"type":"move","frame":{"millis":26316,"tic":921},"actor":{"position":{"x":21969145,"y":21694554,"z":3670016,"angle":1040187392,"subsector":4566993160},"type":"player","health":46,"armor":58,"id":4567120880}}
{"counter":4645,"type":"move","frame":{"millis":26316,"tic":921},"actor":{"position":{"x":23368437,"y":30984440,"z":3670016,"angle":3221225472,"subsector":4566993560},"type":"imp","health":8,"id":4567132664}}
{"counter":4646,"type":"move","frame":{"millis":26316,"tic":921},"actor":{"position":{"x":12580496,"y":16108656,"z":524288,"angle":536870912,"subsector":4566993032},"type":"spectre","health":150,"id":4567137416}}
{"counter":4647,"type":"move","frame":{"millis":26316,"tic":921},"actor":{"position":{"x":36493568,"y":13313792,"z":0,"angle":2147483648,"subsector":4566994408},"type":"shotgun_soldier","health":30,"id":4567137680}}
{"counter":4648,"type":"move","frame":{"millis":26316,"tic":921},"actor":{"position":{"x":-21246976,"y":55187968,"z":0,"angle":0,"subsector":4566993384},"type":"shotgun_soldier","health":30,"id":4567155632}}
{"counter":4649,"type":"move","frame":{"millis":26316,"tic":921},"actor":{"position":{"x":-25213568,"y":51952256,"z":0,"angle":2147483648,"subsector":4566993384},"type":"shotgun_soldier","health":30,"id":4567155896}}
{"counter":4650,"type":"move","frame":{"millis":26316,"tic":921},"actor":{"position":{"x":-28597568,"y":31515584,"z":0,"angle":3221225472,"subsector":4566993400},"type":"shotgun_soldier","health":30,"id":4567156160}}
{"counter":4651,"type":"move","frame":{"millis":26316,"tic":921},"actor":{"position":{"x":-1927744,"y":27273536,"z":0,"angle":2147483648,"subsector":4566993432},"type":"shotgun_soldier","health":30,"id":4567156424}}
{"counter":4652,"type":"move","frame":{"millis":26316,"tic":921},"actor":{"position":{"x":55716384,"y":12691488,"z":0,"angle":2684354560,"subsector":4566994424},"type":"spectre","health":150,"id":4567166984}}
{"counter":4653,"type":"move","frame":{"millis":26317,"tic":921},"actor":{"position":{"x":17689189,"y":27593542,"z":5767168,"angle":3851687264,"subsector":4566993560},"type":"imp_fireball","health":1000,"id":4567637504}}
{"counter":4654,"type":"move","frame":{"millis":26343,"tic":922},"actor":{"position":{"x":21969145,"y":21694554,"z":3670016,"angle":1040187392,"subsector":4566993160},"type":"player","health":46,"armor":58,"id":4567120880}}
{"counter":4655,"type":"move","frame":{"millis":26343,"tic":922},"actor":{"position":{"x":21903619,"y":21188976,"z":3670016,"angle":1040187392,"subsector":4566993160},"type":"player","health":46,"armor":58,"id":4567120880}}
{"counter":4656,"type":"move","frame":{"millis":26343,"tic":922},"actor":{"position":{"x":6790744,"y":34798622,"z":3670016,"angle":3221225472,"subsector":4566993496},"type":"imp","health":48,"id":4567132400}}
{"counter":4657,"type":"move","frame":{"millis":26343,"tic":922},"actor":{"position":{"x":23387272,"y":31096315,"z":3670016,"angle":3221225472,"subsector":4566993560},"type":"imp","health":8,"id":4567132664}}
{"counter":4658,"type":"move","frame":{"millis":26343,"tic":922},"actor":{"position":{"x":23011272,"y":30720315,"z":3670016,"angle":2684354560,"subsector":4566993560},"type":"imp","health":8,"id":4567132664}}
{"counter":4659,"type":"move","frame":{"millis":26343,"tic":922},"actor":{"position":{"x":-1355712,"y":22782656,"z":0,"angle":3221225472,"subsector":4566993240},"type":"imp","health":60,"id":4567132928}}
{"counter":4660,"type":"move","frame":{"millis":26343,"tic":922},"actor":{"position":{"x":-23153600,"y":26961344,"z":0,"angle":3758096384,"subsector":4566993432},"type":"soldier","health":20,"id":4567137944}}
{"counter":4661,"type":"move","frame":{"millis":26343,"tic":922},"actor":{"position":{"x":2828032,"y":26489856,"z":0,"angle":3221225472,"subsector":4566993432},"type":"shotgun_soldier","health":30,"id":4567139792}}
{"counter":4662,"type":"move","frame":{"millis":26343,"tic":922},"actor":{"position":{"x":-4081824,"y":15552576,"z":0,"angle":1073741824,"subsector":4566993176},"type":"spectre","health":150,"id":4567162232}}
{"counter":4663,"type":"move","frame":{"millis":26343,"tic":922},"actor":{"position":{"x":11809792,"y":11693184,"z":0,"angle":536870912,"subsector":4566993032},"type":"imp","health":60,"id":4567172264}}
{"counter":4664,"type":"move","frame":{"millis":26343,"tic":922},"actor":{"position":{"x":-7583808,"y":24694336,"z":0,"angle":2147483648,"subsector":4566993432},"type":"shotgun_soldier","health":30,"id":4567172528}}
{"counter":4665,"type":"move","frame":{"millis":26343,"tic":922},"actor":{"position":{"x":18211499,"y":27197722,"z":5767168,"angle":3851687264,"subsector":4566993560},"type":"imp_fireball","health":1000,"id":4567637504}}
{"counter":4666,"type":"move","frame":{"millis":26373,"tic":923},"actor":{"position":{"x":21903619,"y":21188976,"z":3670016,"angle":1040187392,"subsector":4566993160},"type":"player","health":46,"armor":58,"id":4567120880}}
{"counter":4667,"type":"move","frame":{"millis":26373,"tic":923},"actor":{"position":{"x":21842441,"y":20693974,"z":3670016,"angle":1040187392,"subsector":4566993160},"type":"player","health":46,"armor":58,"id":4567120880}}
{"counter":4668,"type":"move","frame":{"millis":26373,"tic":923},"actor":{"position":{"x":23028341,"y":30821701,"z":3670016,"angle":2684354560,"subsector":4566993560},"type":"imp","health":8,"id":4567132664}}
{"counter":4669,"type":"move","frame":{"millis":26373,"tic":923},"actor":{"position":{"x":12580496,"y":16764016,"z":524288,"angle":1073741824,"subsector":4566993032},"type":"spectre","health":150,"id":4567137416}}
{"counter":4670,"type":"move","frame":{"millis":26373,"tic":923},"actor":{"position":{"x":-36303040,"y":47313088,"z":0,"angle":3221225472,"subsector":4566993352},"type":"soldier","health":20,"id":4567138208}}
{"counter":4671,"type":"move","frame":{"millis":26373,"tic":923},"actor":{"position":{"x":-28083840,"y":78939776,"z":0,"angle":2147483648,"subsector":4566996696},"type":"shotgun_soldier","health":30,"id":4567155368}}
{"counter":4672,"type":"move","frame":{"millis":26373,"tic":923},"actor":{"position":{"x":55061024,"y":12691488,"z":0,"angle":2147483648,"subsector":4566994424},"type":"spectre","health":150,"id":4567166984}}
{"counter":4673,"type":"move","frame":{"millis":26373,"tic":923},"actor":{"position":{"x":12810624,"y":31017472,"z":3670016,"angle":3758096384,"subsector":4566993496},"type":"imp","health":60,"id":4567172000}}
{"counter":4674,"type":"move","frame":{"millis":26373,"tic":923},"actor":{"position":{"x":18733809,"y":26801902,"z":5767168,"angle":3851687264,"subsector":4566993560},"type":"imp_fireball","health":1000,"id":4567637504}}
{"counter":4675,"type":"move","frame":{"millis":26401,"tic":924},"actor":{"position":{"x":21842441,"y":20693974,"z":3670016,"angle":1040187392,"subsector":4566993160},"type":"player","health":46,"armor":58,"id":4567120880}}
{"counter":4676,"type":"move","frame":{"millis":26401,"tic":924},"actor":{"position":{"x":21786599,"y":20237195,"z":3670016,"angle":1040187392,"subsector":4566993160},"type":"player","health":46,"armor":58,"id":4567120880}}
{"counter":4677,"type":"move","frame":{"millis":26401,"tic":924},"actor":{"position":{"x":23043809,"y":30913582,"z":3670016,"angle":2684354560,"subsector":4566993560},"type":"imp","health":8,"id":4567132664}}
{"counter":4678,"type":"move","frame":{"millis":26401,"tic":924},"actor":{"position":{"x":35969280,"y":13313792,"z":0,"angle":2147483648,"subsector":4566994408},"type":"shotgun_soldier","health":30,"id":4567137680}}
{"counter":4679,"type":"move","frame":{"millis":26401,"tic":924},"actor":{"position":{"x":-29942720,"y":64069184,"z":0,"angle":3758096384,"subsector":4566996712},"type":"soldier","health":20,"id":4567138736}}
{"counter":4680,"type":"move","frame":{"millis":26401,"tic":924},"actor":{"position":{"x":-18832128,"y":24593792,"z":0,"angle":0,"subsector":4566993432},"type":"soldier","health":20,"id":4567139528}}
{"counter":4681,"type":"move","frame":{"millis":26401,"tic":924},"actor":{"position":{"x":-20722688,"y":55187968,"z":0,"angle":0,"subsector":4566993320},"type":"shotgun_soldier","health":30,"id":4567155632}}
{"counter":4682,"type":"move","frame":{"millis":26401,"tic":924},"actor":{"position":{"x":-24837568,"y":51576256,"z":0,"angle":2684354560,"subsector":4566993384},"type":"shotgun_soldier","health":30,"id":4567155896}}
{"counter":4683,"type":"move","frame":{"millis":26401,"tic":924},"actor":{"position":{"x":-28597568,"y":30991296,"z":0,"angle":3221225472,"subsector":4566993400},"type":"shotgun_soldier","health":30,"id":4567156160}}
{"counter":4684,"type":"move","frame":{"millis":26401,"tic":924},"actor":{"position":{"x":-2452032,"y":27273536,"z":0,"angle":2147483648,"subsector":4566993432},"type":"shotgun_soldier","health":30,"id":4567156424}}
{"counter":4685,"type":"move","frame":{"millis":26401,"tic":924},"actor":{"position":{"x":-4081824,"y":16207936,"z":0,"angle":1073741824,"subsector":4566993176},"type":"spectre","health":150,"id":4567162232}}
{"counter":4686,"type":"move","frame":{"millis":26401,"tic":924},"actor":{"position":{"x":19256119,"y":26406082,"z":5767168,"angle":3851687264,"subsector":4566993560},"type":"imp_fireball","health":1000,"id":4567637504}}
{"counter":4687,"type":"move","frame":{"millis":26430,"tic":925},"actor":{"position":{"x":21786599,"y":20237195,"z":3670016,"angle":1040187392,"subsector":4566993160},"type":"player","health":46,"armor":58,"id":4567120880}}
{"counter":4688,"type":"move","frame":{"millis":26430,"tic":925},"actor":{"position":{"x":21735892,"y":19821193,"z":3670016,"angle":1040187392,"subsector":4566993160},"type":"player","health":46,"armor":58,"id":4567120880}}
{"counter":4689,"type":"move","frame":{"millis":26430,"tic":925},"actor":{"position":{"x":6790744,"y":34274334,"z":3670016,"angle":3221225472,"subsector":4566993496},"type":"imp","health":48,"id":4567132400}}
{"counter":4690,"type":"move","frame":{"millis":26430,"tic":925},"actor":{"position":{"x":23057826,"y":30996849,"z":3670016,"angle":2684354560,"subsector":4566993560},"type":"imp","health":8,"id":4567132664}}
{"counter":4691,"type":"move","frame":{"millis":26430,"tic":925},"actor":{"position":{"x":22681826,"y":30620849,"z":3670016,"angle":2684354560,"subsector":4566993560},"type":"imp","health":8,"id":4567132664}}
{"counter":4692,"type":"move","frame":{"millis":26430,"tic":925},"actor":{"position":{"x":-1355712,"y":22258368,"z":0,"angle":3221225472,"subsector":4566993240},"type":"imp","health":60,"id":4567132928}}
{"counter":4693,"type":"move","frame":{"millis":26430,"tic":925},"actor":{"position":{"x":12580496,"y":17419376,"z":1048576,"angle":1073741824,"subsector":4566993096},"type":"spectre","health":150,"id":4567137416}}
{"counter":4694,"type":"move","frame":{"millis":26430,"tic":925},"actor":{"position":{"x":2828032,"y":25965568,"z":0,"angle":3221225472,"subsector":4566993432},"type":"shotgun_soldier","health":30,"id":4567139792}}
{"counter":4695,"type":"move","frame":{"millis":26430,"tic":925},"actor":{"position":{"x":54405664,"y":12691488,"z":0,"angle":2147483648,"subsector":4566994424},"type":"spectre","health":150,"id":4567166984}}
{"counter":4696,"type":"move","frame":{"millis":26430,"tic":925},"actor":{"position":{"x":12185792,"y":12069184,"z":0,"angle":536870912,"subsector":4566993032},"type":"imp","health":60,"id":4567172264}}
{"counter":4697,"type":"move","frame":{"millis":26430,"tic":925},"actor":{"position":{"x":-8108096,"y":24694336,"z":0,"angle":2147483648,"subsector":4566993432},"type":"shotgun_soldier","health":30,"id":4567172528}}
{"counter":4698,"type":"enter_subsector","frame":{"millis":26430,"tic":925},"actor":{"position":{"x":19778429,"y":26010262,"z":5767168,"angle":3851687264,"subsector":4566993592},"type":"imp_fireball","health":1000,"id":4567637504}}
{"counter":4699,"type":"move","frame":{"millis":26430,"tic":925},"actor":{"position":{"x":19778429,"y":26010262,"z":5767168,"angle":3851687264,"subsector":4566993592},"type":"imp_fireball","health":1000,"id":4567637504}}
{"counter":4700,"type":"move","frame":{"millis":26458,"tic":926},"actor":{"position":{"x":21689938,"y":19444191,"z":3670016,"angle":1040187392,"subsector":4566993160},"type":"player","health":46,"armor":58,"id":4567120880}}
{"counter":4701,"type":"move","frame":{"millis":26458,"tic":926},"actor":{"position":{"x":22694528,"y":30696309,"z":3670016,"angle":2684354560,"subsector":4566993560},"type":"imp","health":8,"id":4567132664}}
{"counter":4702,"type":"move","frame":{"millis":26458,"tic":926},"actor":{"position":{"x":-22777600,"y":26585344,"z":0,"angle":3758096384,"subsector":4566993432},"type":"soldier","health":20,"id":4567137944}}
{"counter":4703,"type":"move","frame":{"millis":26458,"tic":926},"actor":{"position":{"x":-28608128,"y":78939776,"z":0,"angle":2147483648,"subsector":4566996696},"type":"shotgun_soldier","health":30,"id":4567155368}}
{"counter":4704,"type":"move","frame":{"millis":26458,"tic":926},"actor":{"position":{"x":-4081824,"y":16863296,"z":0,"angle":1073741824,"subsector":4566993176},"type":"spectre","health":150,"id":4567162232}}
{"counter":4705,"type":"move","frame":{"millis":26458,"tic":926},"actor":{"position":{"x":13186624,"y":30641472,"z":3670016,"angle":3758096384,"subsector":4566993496},"type":"imp","health":60,"id":4567172000}}
{"counter":4706,"type":"move","frame":{"millis":26458,"tic":926},"actor":{"position":{"x":20300739,"y":25614442,"z":5767168,"angle":3851687264,"subsector":4566993592},"type":"imp_fireball","health":1000,"id":4567637504}}
{"counter":4707,"type":"move","frame":{"millis":26486,"tic":927},"actor":{"position":{"x":21689938,"y":19444191,"z":3670016,"angle":1040187392,"subsector":4566993160},"type":"player","health":46,"armor":58,"id":4567120880}}
{"counter":4708,"type":"move","frame":{"millis":26486,"tic":927},"actor":{"position":{"x":21647992,"y":19096395,"z":3670016,"angle":1040187392,"subsector":4566993160},"type":"player","health":46,"armor":58,"id":4567120880}}
{"counter":4709,"type":"move","frame":{"millis":26486,"tic":927},"actor":{"position":{"x":22706039,"y":30764694,"z":3670016,"angle":2684354560,"subsector":4566993560},"type":"imp","health":8,"id":4567132664}}
{"counter":4710,"type":"move","frame":{"millis":26486,"tic":927},"actor":{"position":{"x":12110496,"y":16949376,"z":1048576,"angle":1073741824,"subsector":4566993096},"type":"spectre","health":150,"id":4567137416}}
{"counter":4711,"type":"move","frame":{"millis":26486,"tic":927},"actor":{"position":{"x":35444992,"y":13313792,"z":0,"angle":2147483648,"subsector":4566994408},"type":"shotgun_soldier","health":30,"id":4567137680}}
{"counter":4712,"type":"move","frame":{"millis":26486,"tic":927},"actor":{"position":{"x":-36303040,"y":46788800,"z":0,"angle":3221225472,"subsector":4566993352},"type":"soldier","health":20,"id":4567138208}}
{"counter":4713,"type":"move","frame":{"millis":26486,"tic":927},"actor":{"position":{"x":-20198400,"y":55187968,"z":0,"angle":0,"subsector":4566993320},"type":"shotgun_soldier","health":30,"id":4567155632}}
{"counter":4714,"type":"move","frame":{"millis":26486,"tic":927},"actor":{"position":{"x":-24837568,"y":51051968,"z":0,"angle":3221225472,"subsector":4566993384},"type":"shotgun_soldier","health":30,"id":4567155896}}
{"counter":4715,"type":"move","frame":{"millis":26486,"tic":927},"actor":{"position":{"x":-28597568,"y":30467008,"z":0,"angle":3221225472,"subsector":4566993400},"type":"shotgun_soldier","health":30,"id":4567156160}}
{"counter":4716,"type":"move","frame":{"millis":26486,"tic":927},"actor":{"position":{"x":-2976320,"y":27273536,"z":0,"angle":2147483648,"subsector":4566993432},"type":"shotgun_soldier","health":30,"id":4567156424}}
{"counter":4717,"type":"move","frame":{"millis":26486,"tic":927},"actor":{"position":{"x":53750304,"y":12691488,"z":0,"angle":2147483648,"subsector":4566994424},"type":"spectre","health":150,"id":4567166984}}
{"counter":4718,"type":"move","frame":{"millis":26486,"tic":927},"actor":{"position":{"x":20823049,"y":25218622,"z":5767168,"angle":3851687264,"subsector":4566993592},"type":"imp_fireball","health":1000,"id":4567637504}}
{"counter":4719,"type":"move","frame":{"millis":26515,"tic":928},"actor":{"position":{"x":21647992,"y":19096395,"z":3670016,"angle":1056964608,"subsector":4566993160},"type":"player","health":46,"armor":58,"id":4567120880}}
{"counter":4720,"type":"move","frame":{"millis":26516,"tic":928},"actor":{"position":{"x":21608939,"y":18738209,"z":3670016,"angle":1056964608,"subsector":4566993160},"type":"player","health":46,"armor":58,"id":4567120880}}
{"counter":4721,"type":"move","frame":{"millis":26516,"tic":928},"actor":{"position":{"x":6790744,"y":33750046,"z":3670016,"angle":3221225472,"subsector":4566993496},"type":"imp","health":48,"id":4567132400}}
{"counter":4722,"type":"move","frame":{"millis":26516,"tic":928},"actor":{"position":{"x":22716470,"y":30826667,"z":3670016,"angle":2684354560,"subsector":4566993560},"type":"imp","health":8,"id":4567132664}}
{"counter":4723,"type":"move","frame":{"millis":26516,"tic":928},"actor":{"position":{"x":22340470,"y":30450667,"z":3670016,"angle":2684354560,"subsector":4566993560},"type":"imp","health":8,"id":4567132664}}
{"counter":4724,"type":"enter_subsector","frame":{"millis":26516,"tic":928},"actor":{"position":{"x":-1355712,"y":21734080,"z":0,"angle":3221225472,"subsector":4566993256},"type":"imp","health":60,"id":4567132928}}
{"counter":4725,"type":"move","frame":{"millis":26516,"tic":928},"actor":{"position":{"x":-1355712,"y":21734080,"z":0,"angle":3221225472,"subsector":4566993256},"type":"imp","health":60,"id":4567132928}}
{"counter":4726,"type":"move","frame":{"millis":26516,"tic":928},"actor":{"position":{"x":-29566720,"y":63693184,"z":0,"angle":3758096384,"subsector":4566996712},"type":"soldier","health":20,"id":4567138736}}
{"counter":4727,"type":"move","frame":{"millis":26516,"tic":928},"actor":{"position":{"x":-18307840,"y":24593792,"z":0,"angle":0,"subsector":4566993432},"type":"soldier","health":20,"id":4567139528}}
{"counter":4728,"type":"move","frame":{"millis":26516,"tic":928},"actor":{"position":{"x":2828032,"y":25441280,"z":0,"angle":3221225472,"subsector":4566993432},"type":"shotgun_soldier","health":30,"id":4567139792}}
{"counter":4729,"type":"move","frame":{"millis":26516,"tic":928},"actor":{"position":{"x":-4081824,"y":17518656,"z":0,"angle":1073741824,"subsector":4566993176},"type":"spectre","health":150,"id":4567162232}}
{"counter":4730,"type":"move","frame":{"millis":26516,"tic":928},"actor":{"position":{"x":12561792,"y":12445184,"z":0,"angle":536870912,"subsector":4566993032},"type":"imp","health":60,"id":4567172264}}
{"counter":4731,"type":"move","frame":{"millis":26516,"tic":928},"actor":{"position":{"x":-8632384,"y":24694336,"z":0,"angle":2147483648,"subsector":4566993432},"type":"shotgun_soldier","health":30,"id":4567172528}}
{"counter":4732,"type":"enter_subsector","frame":{"millis":26516,"tic":928},"actor":{"position":{"x":21345359,"y":24822802,"z":5767168,"angle":3851687264,"subsector":4566993576},"type":"imp_fireball","health":1000,"id":4567637504}}
{"counter":4733,"type":"move","frame":{"millis":26516,"tic":928},"actor":{"position":{"x":21345359,"y":24822802,"z":5767168,"angle":3851687264,"subsector":4566993576},"type":"imp_fireball","health":1000,"id":4567637504}}
{"counter":4734,"type":"move","frame":{"millis":26544,"tic":929},"actor":{"position":{"x":21608939,"y":18738209,"z":3670016,"angle":1073741824,"subsector":4566993160},"type":"player","health":46,"armor":58,"id":4567120880}}
{"counter":4735,"type":"move","frame":{"millis":26544,"tic":929},"actor":{"position":{"x":21573538,"y":18436129,"z":3670016,"angle":1073741824,"subsector":4566993160},"type":"player","health":46,"armor":58,"id":4567120880}}
{"counter":4736,"type":"move","frame":{"millis":26544,"tic":929},"actor":{"position":{"x":22349923,"y":30506830,"z":3670016,"angle":2684354560,"subsector":4566993560},"type":"imp","health":8,"id":4567132664}}
{"counter":4737,"type":"move","frame":{"millis":26544,"tic":929},"actor":{"position":{"x":11640496,"y":16479376,"z":1048576,"angle":1610612736,"subsector":4566993032},"type":"spectre","health":150,"id":4567137416}}
{"counter":4738,"type":"move","frame":{"millis":26544,"tic":929},"actor":{"position":{"x":-29132416,"y":78939776,"z":0,"angle":2147483648,"subsector":4566996696},"type":"shotgun_soldier","health":30,"id":4567155368}}
{"counter":4739,"type":"move","frame":{"millis":26544,"tic":929},"actor":{"position":{"x":53094944,"y":12691488,"z":0,"angle":2147483648,"subsector":4566994424},"type":"spectre","health":150,"id":4567166984}}
{"counter":4740,"type":"move","frame":{"millis":26544,"tic":929},"actor":{"position":{"x":13562624,"y":30265472,"z":3670016,"angle":3758096384,"subsector":4566993496},"type":"imp","health":60,"id":4567172000}}
{"counter":4741,"type":"move","frame":{"millis":26544,"tic":929},"actor":{"position":{"x":21867669,"y":24426982,"z":5767168,"angle":3851687264,"subsector":4566993576},"type":"imp_fireball","health":1000,"id":4567637504}}
{"counter":4742,"type":"move","frame":{"millis":26572,"tic":930},"actor":{"position":{"x":21573538,"y":18436129,"z":3670016,"angle":1090519040,"subsector":4566993160},"type":"player","health":46,"armor":58,"id":4567120880}}
{"counter":4743,"type":"move","frame":{"millis":26572,"tic":930},"actor":{"position":{"x":21538903,"y":18264736,"z":3670016,"angle":1090519040,"subsector":4566993160},"type":"player","health":46,"armor":58,"id":4567120880}}
{"counter":4744,"type":"move","frame":{"millis":26572,"tic":930},"actor":{"position":{"x":22358489,"y":30557727,"z":3670016,"angle":2684354560,"subsector":4566993560},"type":"imp","health":8,"id":4567132664}}
{"counter":4745,"type":"move","frame":{"millis":26572,"tic":930},"actor":{"position":{"x":34920704,"y":13313792,"z":0,"angle":2147483648,"subsector":4566994408},"type":"shotgun_soldier","health":30,"id":4567137680}}
{"counter":4746,"type":"move","frame":{"millis":26572,"tic":930},"actor":{"position":{"x":-22401600,"y":26209344,"z":0,"angle":3758096384,"subsector":4566993432},"type":"soldier","health":20,"id":4567137944}}
{"counter":4747,"type":"move","frame":{"millis":26572,"tic":930},"actor":{"position":{"x":-19822400,"y":54811968,"z":0,"angle":0,"subsector":4566993320},"type":"shotgun_soldier","health":30,"id":4567155632}}
{"counter":4748,"type":"move","frame":{"millis":26572,"tic":930},"actor":{"position":{"x":-25213568,"y":51427968,"z":0,"angle":3221225472,"subsector":4566993384},"type":"shotgun_soldier","health":30,"id":4567155896}}
{"counter":4749,"type":"move","frame":{"millis":26572,"tic":930},"actor":{"position":{"x":-28597568,"y":29942720,"z":0,"angle":3221225472,"subsector":4566993400},"type":"shotgun_soldier","health":30,"id":4567156160}}
{"counter":4750,"type":"move","frame":{"millis":26572,"tic":930},"actor":{"position":{"x":-3500608,"y":27273536,"z":0,"angle":2147483648,"subsector":4566993432},"type":"shotgun_soldier","health":30,"id":4567156424}}
{"counter":4751,"type":"move","frame":{"millis":26572,"tic":930},"actor":{"position":{"x":-4081824,"y":18174016,"z":0,"angle":1073741824,"subsector":4566993176},"type":"spectre","health":150,"id":4567162232}}
{"counter":4752,"type":"move","frame":{"millis":26572,"tic":930},"actor":{"position":{"x":22389979,"y":24031162,"z":5767168,"angle":3851687264,"subsector":4566993576},"type":"imp_fireball","health":1000,"id":4567637504}}
{"counter":4753,"type":"move","frame":{"millis":26600,"tic":931},"actor":{"position":{"x":21538903,"y":18264736,"z":3670016,"angle":1124073472,"subsector":4566993160},"type":"player","health":46,"armor":58,"id":4567120880}}
{"counter":4754,"type":"move","frame":{"millis":26600,"tic":931},"actor":{"position":{"x":21499943,"y":18211529,"z":3670016,"angle":1124073472,"subsector":4566993160},"type":"player","health":46,"armor":58,"id":4567120880}}
{"counter":4755,"type":"move","frame":{"millis":26600,"tic":931},"actor":{"position":{"x":6790744,"y":33225758,"z":3670016,"angle":3221225472,"subsector":4566993496},"type":"imp","health":48,"id":4567132400}}
{"counter":4756,"type":"move","frame":{"millis":26600,"tic":931},"actor":{"position":{"x":22366251,"y":30603852,"z":3670016,"angle":2684354560,"subsector":4566993560},"type":"imp","health":8,"id":4567132664}}
{"counter":4757,"type":"move","frame":{"millis":26600,"tic":931},"actor":{"position":{"x":21990251,"y":30227852,"z":3670016,"angle":2684354560,"subsector":4566993560},"type":"imp","health":8,"id":4567132664}}
{"counter":4758,"type":"move","frame":{"millis":26600,"tic":931},"actor":{"position":{"x":-1880000,"y":21734080,"z":0,"angle":3221225472,"subsector":4566993256},"type":"imp","health":60,"id":4567132928}}
{"counter":4759,"type":"move","frame":{"millis":26600,"tic":931},"actor":{"position":{"x":11170496,"y":16009376,"z":1048576,"angle":2147483648,"subsector":4566993032},"type":"spectre","health":150,"id":4567137416}}
{"counter":4760,"type":"move","frame":{"millis":26600,"tic":931},"actor":{"position":{"x":-35927040,"y":46412800,"z":0,"angle":3221225472,"subsector":4566993352},"type":"soldier","health":20,"id":4567138208}}
{"counter":4761,"type":"move","frame":{"millis":26600,"tic":931},"actor":{"position":{"x":2828032,"y":24916992,"z":0,"angle":3221225472,"subsector":4566993432},"type":"shotgun_soldier","health":30,"id":4567139792}}
{"counter":4762,"type":"move","frame":{"millis":26600,"tic":931},"actor":{"position":{"x":52439584,"y":12691488,"z":0,"angle":2147483648,"subsector":4566994408},"type":"spectre","health":150,"id":4567166984}}
{"counter":4763,"type":"move","frame":{"millis":26600,"tic":931},"actor":{"position":{"x":13086080,"y":12445184,"z":0,"angle":536870912,"subsector":4566993032},"type":"imp","health":60,"id":4567172264}}
{"counter":4764,"type":"move","frame":{"millis":26600,"tic":931},"actor":{"position":{"x":-9156672,"y":24694336,"z":0,"angle":2147483648,"subsector":4566993432},"type":"shotgun_soldier","health":30,"id":4567172528}}
{"counter":4765,"type":"move","frame":{"millis":26600,"tic":931},"actor":{"position":{"x":22912289,"y":23635342,"z":5767168,"angle":3851687264,"subsector":4566993576},"type":"imp_fireball","health":1000,"id":4567637504}}
{"counter":4766,"type":"move","frame":{"millis":26629,"tic":932},"actor":{"position":{"x":21499943,"y":18211529,"z":3670016,"angle":1174405120,"subsector":4566993160},"type":"player","health":46,"armor":58,"id":4567120880}}
{"counter":4767,"type":"move","frame":{"millis":26629,"tic":932},"actor":{"position":{"x":21449572,"y":18264594,"z":3670016,"angle":1174405120,"subsector":4566993160},"type":"player","health":46,"armor":58,"id":4567120880}}
{"counter":4768,"type":"move","frame":{"millis":26629,"tic":932},"actor":{"position":{"x":21997285,"y":30269652,"z":3670016,"angle":2684354560,"subsector":4566993560},"type":"imp","health":8,"id":4567132664}}
{"counter":4769,"type":"move","frame":{"millis":26629,"tic":932},"actor":{"position":{"x":-29190720,"y":63317184,"z":0,"angle":3758096384,"subsector":4566996712},"type":"soldier","health":20,"id":4567138736}}
{"counter":4770,"type":"move","frame":{"millis":26629,"tic":932},"actor":{"position":{"x":-17783552,"y":24593792,"z":0,"angle":0,"subsector":4566993432},"type":"soldier","health":20,"id":4567139528}}
{"counter":4771,"type":"move","frame":{"millis":26629,"tic":932},"actor":{"position":{"x":-29656704,"y":78939776,"z":0,"angle":2147483648,"subsector":4566996696},"type":"shotgun_soldier","health":30,"id":4567155368}}
{"counter":4772,"type":"move","frame":{"millis":26629,"tic":932},"actor":{"position":{"x":-3426464,"y":18174016,"z":0,"angle":1073741824,"subsector":4566993176},"type":"spectre","health":150,"id":4567162232}}
{"counter":4773,"type":"move","frame":{"millis":26629,"tic":932},"actor":{"position":{"x":13938624,"y":29889472,"z":3670016,"angle":3758096384,"subsector":4566993496},"type":"imp","health":60,"id":4567172000}}
{"counter":4774,"type":"move","frame":{"millis":26629,"tic":932},"actor":{"position":{"x":23434599,"y":23239522,"z":5767168,"angle":3851687264,"subsector":4566993576},"type":"imp_fireball","health":1000,"id":4567637504}}
{"counter":4775,"type":"move","frame":{"millis":26658,"tic":933},"actor":{"position":{"x":21449572,"y":18264594,"z":3670016,"angle":1191182336,"subsector":4566993160},"type":"player","health":46,"armor":58,"id":4567120880}}
{"counter":4776,"type":"move","frame":{"millis":26658,"tic":933},"actor":{"position":{"x":21386379,"y":18413568,"z":3670016,"angle":1191182336,"subsector":4566993160},"type":"player","health":46,"armor":58,"id":4567120880}}
{"counter":4777,"type":"move","frame":{"millis":26658,"tic":933},"actor":{"position":{"x":22003659,"y":30307533,"z":3670016,"angle":2684354560,"subsector":4566993560},"type":"imp","health":8,"id":4567132664}}
{"counter":4778,"type":"move","frame":{"millis":26658,"tic":933},"actor":{"position":{"x":11170496,"y":16664736,"z":524288,"angle":2684354560,"subsector":4566993032},"type":"spectre","health":150,"id":4567137416}}
{"counter":4779,"type":"move","frame":{"millis":26658,"tic":933},"actor":{"position":{"x":34396416,"y":13313792,"z":0,"angle":2147483648,"subsector":4566994408},"type":"shotgun_soldier","health":30,"id":4567137680}}
{"counter":4780,"type":"move","frame":{"millis":26658,"tic":933},"actor":{"position":{"x":-19446400,"y":54435968,"z":0,"angle":3758096384,"subsector":4566993320},"type":"shotgun_soldier","health":30,"id":4567155632}}
{"counter":4781,"type":"move","frame":{"millis":26658,"tic":933},"actor":{"position":{"x":-25213568,"y":50903680,"z":0,"angle":2684354560,"subsector":4566993384},"type":"shotgun_soldier","health":30,"id":4567155896}}
{"counter":4782,"type":"move","frame":{"millis":26658,"tic":933},"actor":{"position":{"x":-28597568,"y":29418432,"z":0,"angle":3221225472,"subsector":4566993400},"type":"shotgun_soldier","health":30,"id":4567156160}}
{"counter":4783,"type":"move","frame":{"millis":26658,"tic":933},"actor":{"position":{"x":-4024896,"y":27273536,"z":0,"angle":2147483648,"subsector":4566993432},"type":"shotgun_soldier","health":30,"id":4567156424}}
{"counter":4784,"type":"move","frame":{"millis":26658,"tic":933},"actor":{"position":{"x":51784224,"y":12691488,"z":0,"angle":2147483648,"subsector":4566994408},"type":"spectre","health":150,"id":4567166984}}
{"counter":4785,"type":"move","frame":{"millis":26658,"tic":933},"actor":{"position":{"x":23956909,"y":22843702,"z":5767168,"angle":3851687264,"subsector":4566993160},"type":"imp_fireball","health":1000,"id":4567637504}}
{"counter":4786,"type":"move","frame":{"millis":26687,"tic":934},"actor":{"position":{"x":21386379,"y":18413568,"z":3670016,"angle":1207959552,"subsector":4566993160},"type":"player","health":46,"armor":58,"id":4567120880}}
{"counter":4787,"type":"move","frame":{"millis":26687,"tic":934},"actor":{"position":{"x":21309094,"y":18648998,"z":3670016,"angle":1207959552,"subsector":4566993160},"type":"player","health":46,"armor":58,"id":4567120880}}
{"counter":4788,"type":"move","frame":{"millis":26687,"tic":934},"actor":{"position":{"x":6790744,"y":32701470,"z":3670016,"angle":3221225472,"subsector":4566993496},"type":"imp","health":48,"id":4567132400}}
{"counter":4789,"type":"move","frame":{"millis":26687,"tic":934},"actor":{"position":{"x":22009435,"y":30341862,"z":3670016,"angle":2684354560,"subsector":4566993560},"type":"imp","health":8,"id":4567132664}}
{"counter":4790,"type":"move","frame":{"millis":26687,"tic":934},"actor":{"position":{"x":21633435,"y":29965862,"z":3670016,"angle":2684354560,"subsector":4566993560},"type":"imp","health":8,"id":4567132664}}
{"counter":4791,"type":"move","frame":{"millis":26687,"tic":934},"actor":{"position":{"x":-2404288,"y":21734080,"z":0,"angle":2684354560,"subsector":4566993256},"type":"imp","health":60,"id":4567132928}}
{"counter":4792,"type":"move","frame":{"millis":26687,"tic":934},"actor":{"position":{"x":-22025600,"y":25833344,"z":0,"angle":3758096384,"subsector":4566993432},"type":"soldier","health":20,"id":4567137944}}
{"counter":4793,"type":"move","frame":{"millis":26687,"tic":934},"actor":{"position":{"x":2828032,"y":24392704,"z":0,"angle":3221225472,"subsector":4566993432},"type":"shotgun_soldier","health":30,"id":4567139792}}
{"counter":4794,"type":"move","frame":{"millis":26687,"tic":934},"actor":{"position":{"x":-2771104,"y":18174016,"z":0,"angle":536870912,"subsector":4566993176},"type":"spectre","health":150,"id":4567162232}}
{"counter":4795,"type":"move","frame":{"millis":26687,"tic":934},"actor":{"position":{"x":13086080,"y":12969472,"z":0,"angle":0,"subsector":4566993032},"type":"imp","health":60,"id":4567172264}}
{"counter":4796,"type":"move","frame":{"millis":26687,"tic":934},"actor":{"position":{"x":-9680960,"y":24694336,"z":0,"angle":2147483648,"subsector":4566993432},"type":"shotgun_soldier","health":30,"id":4567172528}}
{"counter":4797,"type":"move","frame":{"millis":26687,"tic":934},"actor":{"position":{"x":24479219,"y":22447882,"z":5767168,"angle":3851687264,"subsector":4566993160},"type":"imp_fireball","health":1000,"id":4567637504}}
{"counter":4798,"type":"move","frame":{"millis":26715,"tic":935},"actor":{"position":{"x":21309094,"y":18648998,"z":3670016,"angle":1224736768,"subsector":4566993160},"type":"player","health":46,"armor":58,"id":4567120880}}
{"counter":4799,"type":"move","frame":{"millis":26715,"tic":935},"actor":{"position":{"x":21216580,"y":18962259,"z":3670016,"angle":1224736768,"subsector":4566993160},"type":"player","health":46,"armor":58,"id":4567120880}}
{"counter":4800,"type":"move","frame":{"millis":26715,"tic":935},"actor":{"position":{"x":21638669,"y":29996972,"z":3670016,"angle":2684354560,"subsector":4566993560},"type":"imp","health":8,"id":4567132664}}
{"counter":4801,"type":"move","frame":{"millis":26715,"tic":935},"actor":{"position":{"x":11170496,"y":17320096,"z":1048576,"angle":2147483648,"subsector":4566993096},"type":"spectre","health":150,"id":4567137416}}
{"counter":4802,"type":"move","frame":{"millis":26715,"tic":935},"actor":{"position":{"x":-35551040,"y":46036800,"z":0,"angle":3758096384,"subsector":4566993352},"type":"soldier","health":20,"id":4567138208}}
{"counter":4803,"type":"move","frame":{"millis":26715,"tic":935},"actor":{"position":{"x":-30180992,"y":78939776,"z":0,"angle":2147483648,"subsector":4566996696},"type":"shotgun_soldier","health":30,"id":4567155368}}
{"counter":4804,"type":"move","frame":{"millis":26715,"tic":935},"actor":{"position":{"x":51128864,"y":12691488,"z":0,"angle":2147483648,"subsector":4566994408},"type":"spectre","health":150,"id":4567166984}}
{"counter":4805,"type":"move","frame":{"millis":26715,"tic":935},"actor":{"position":{"x":14314624,"y":29513472,"z":3670016,"angle":3758096384,"subsector":4566993496},"type":"imp","health":60,"id":4567172000}}
{"counter":4806,"type":"move","frame":{"millis":26715,"tic":935},"actor":{"position":{"x":25001529,"y":22052062,"z":5767168,"angle":3851687264,"subsector":4566993160},"type":"imp_fireball","health":1000,"id":4567637504}}
{"counter":4807,"type":"move","frame":{"millis":26743,"tic":936},"actor":{"position":{"x":21216580,"y":18962259,"z":3670016,"angle":1241513984,"subsector":4566993160},"type":"player","health":46,"armor":58,"id":4567120880}}
{"counter":4808,"type":"move","frame":{"millis":26743,"tic":936},"actor":{"position":{"x":21107820,"y":19345471,"z":3670016,"angle":1241513984,"subsector":4566993160},"type":"player","health":46,"armor":58,"id":4567120880}}
{"counter":4809,"type":"move","frame":{"millis":26743,"tic":936},"actor":{"position":{"x":21643412,"y":30025165,"z":3670016,"angle":2684354560,"subsector":4566993560},"type":"imp","health":8,"id":4567132664}}
{"counter":4810,"type":"move","frame":{"millis":26744,"tic":936},"actor":{"position":{"x":33872128,"y":13313792,"z":0,"angle":2147483648,"subsector":4566994408},"type":"shotgun_soldier","health":30,"id":4567137680}}
{"counter":4811,"type":"move","frame":{"millis":26744,"tic":936},"actor":{"position":{"x":-28814720,"y":62941184,"z":0,"angle":3758096384,"subsector":4566996712},"type":"soldier","health":20,"id":4567138736}}
{"counter":4812,"type":"move","frame":{"millis":26744,"tic":936},"actor":{"position":{"x":-17259264,"y":24593792,"z":0,"angle":0,"subsector":4566993432},"type":"soldier","health":20,"id":4567139528}}
{"counter":4813,"type":"move","frame":{"millis":26744,"tic":936},"actor":{"position":{"x":-19070400,"y":54059968,"z":0,"angle":3758096384,"subsector":4566993320},"type":"shotgun_soldier","health":30,"id":4567155632}}
{"counter":4814,"type":"move","frame":{"millis":26744,"tic":936},"actor":{"position":{"x":-24837568,"y":51279680,"z":0,"angle":3221225472,"subsector":4566993384},"type":"shotgun_soldier","health":30,"id":4567155896}}
{"counter":4815,"type":"move","frame":{"millis":26744,"tic":936},"actor":{"position":{"x":-28221568,"y":29042432,"z":0,"angle":3221225472,"subsector":4566993400},"type":"shotgun_soldier","health":30,"id":4567156160}}
{"counter":4816,"type":"move","frame":{"millis":26744,"tic":936},"actor":{"position":{"x":-3648896,"y":26897536,"z":0,"angle":2147483648,"subsector":4566993432},"type":"shotgun_soldier","health":30,"id":4567156424}}
{"counter":4817,"type":"move","frame":{"millis":26744,"tic":936},"actor":{"position":{"x":-2115744,"y":18174016,"z":0,"angle":0,"subsector":4566993176},"type":"spectre","health":150,"id":4567162232}}
{"counter":4818,"type":"move","frame":{"millis":26744,"tic":936},"actor":{"position":{"x":25523839,"y":21656242,"z":5767168,"angle":3851687264,"subsector":4566993160},"type":"imp_fireball","health":1000,"id":4567637504}}
{"counter":4819,"type":"move","frame":{"millis":26772,"tic":937},"actor":{"position":{"x":21107820,"y":19345471,"z":3670016,"angle":1241513984,"subsector":4566993160},"type":"player","health":46,"armor":58,"id":4567120880}}
{"counter":4820,"type":"move","frame":{"millis":26772,"tic":937},"actor":{"position":{"x":21008757,"y":19694742,"z":3670016,"angle":1241513984,"subsector":4566993160},"type":"player","health":46,"armor":58,"id":4567120880}}
{"counter":4821,"type":"move","frame":{"millis":26772,"tic":937},"actor":{"position":{"x":6790744,"y":32177182,"z":3670016,"angle":3221225472,"subsector":4566993496},"type":"imp","health":48,"id":4567132400}}
{"counter":4822,"type":"move","frame":{"millis":26772,"tic":937},"actor":{"position":{"x":21647710,"y":30050714,"z":3670016,"angle":2684354560,"subsector":4566993560},"type":"imp","health":8,"id":4567132664}}
{"counter":4823,"type":"move","frame":{"millis":26772,"tic":937},"actor":{"position":{"x":21271710,"y":29674714,"z":3670016,"angle":2684354560,"subsector":4566993560},"type":"imp","health":8,"id":4567132664}}
{"counter":4824,"type":"move","frame":{"millis":26772,"tic":937},"actor":{"position":{"x":-2928576,"y":21734080,"z":0,"angle":2147483648,"subsector":4566993256},"type":"imp","health":60,"id":4567132928}}
{"counter":4825,"type":"move","frame":{"millis":26773,"tic":937},"actor":{"position":{"x":11640496,"y":17790096,"z":1048576,"angle":1610612736,"subsector":4566993096},"type":"spectre","health":150,"id":4567137416}}
{"counter":4826,"type":"move","frame":{"millis":26773,"tic":937},"actor":{"position":{"x":2452032,"y":24768704,"z":0,"angle":3221225472,"subsector":4566993432},"type":"shotgun_soldier","health":30,"id":4567139792}}
{"counter":4827,"type":"move","frame":{"millis":26773,"tic":937},"actor":{"position":{"x":50473504,"y":12691488,"z":0,"angle":2147483648,"subsector":4566994408},"type":"spectre","health":150,"id":4567166984}}
{"counter":4828,"type":"move","frame":{"millis":26773,"tic":937},"actor":{"position":{"x":13086080,"y":13493760,"z":0,"angle":536870912,"subsector":4566993032},"type":"imp","health":60,"id":4567172264}}
{"counter":4829,"type":"move","frame":{"millis":26773,"tic":937},"actor":{"position":{"x":-10205248,"y":24694336,"z":0,"angle":2147483648,"subsector":4566993432},"type":"shotgun_soldier","health":30,"id":4567172528}}
{"counter":4830,"type":"move","frame":{"millis":26777,"tic":937},"actor":{"position":{"x":26046149,"y":21260422,"z":5767168,"angle":3851687264,"subsector":4566993160},"type":"imp_fireball","health":1000,"id":4567637504}}
{"counter":4831,"type":"move","frame":{"millis":26800,"tic":938},"actor":{"position":{"x":21008757,"y":19694742,"z":3670016,"angle":1224736768,"subsector":4566993160},"type":"player","health":46,"armor":58,"id":4567120880}}
{"counter":4832,"type":"move","frame":{"millis":26801,"tic":938},"actor":{"position":{"x":20923925,"y":19989289,"z":3670016,"angle":1224736768,"subsector":4566993160},"type":"player","health":46,"armor":58,"id":4567120880}}
{"counter":4833,"type":"move","frame":{"millis":26801,"tic":938},"actor":{"position":{"x":21275605,"y":29697867,"z":3670016,"angle":2684354560,"subsector":4566993560},"type":"imp","health":8,"id":4567132664}}
{"counter":4834,"type":"move","frame":{"millis":26801,"tic":938},"actor":{"position":{"x":-21649600,"y":25457344,"z":0,"angle":3758096384,"subsector":4566993432},"type":"soldier","health":20,"id":4567137944}}
{"counter":4835,"type":"move","frame":{"millis":26801,"tic":938},"actor":{"position":{"x":-30705280,"y":78939776,"z":0,"angle":2147483648,"subsector":4566996696},"type":"shotgun_soldier","health":30,"id":4567155368}}
{"counter":4836,"type":"move","frame":{"millis":26801,"tic":938},"actor":{"position":{"x":-2585744,"y":17704016,"z":0,"angle":0,"subsector":4566993176},"type":"spectre","health":150,"id":4567162232}}
{"counter":4837,"type":"move","frame":{"millis":26801,"tic":938},"actor":{"position":{"x":14690624,"y":29137472,"z":3670016,"angle":3758096384,"subsector":4566993560},"type":"imp","health":60,"id":4567172000}}
{"counter":4838,"type":"move","frame":{"millis":26801,"tic":938},"actor":{"position":{"x":26568459,"y":20864602,"z":5767168,"angle":3851687264,"subsector":4566993160},"type":"imp_fireball","health":1000,"id":4567637504}}
{"counter":4839,"type":"move","frame":{"millis":26829,"tic":939},"actor":{"position":{"x":20923925,"y":19989289,"z":3670016,"angle":1207959552,"subsector":4566993160},"type":"player","health":46,"armor":58,"id":4567120880}}
{"counter":4840,"type":"move","frame":{"millis":26829,"tic":939},"actor":{"position":{"x":20859055,"y":20195967,"z":3670016,"angle":1207959552,"subsector":4566993160},"type":"player","health":46,"armor":58,"id":4567120880}}
{"counter":4841,"type":"move","frame":{"millis":26829,"tic":939},"actor":{"position":{"x":21279134,"y":29718849,"z":3670016,"angle":2684354560,"subsector":4566993560},"type":"imp","health":8,"id":4567132664}}
{"counter":4842,"type":"move","frame":{"millis":26829,"tic":939},"actor":{"position":{"x":12295856,"y":17790096,"z":1048576,"angle":1073741824,"subsector":4566993096},"type":"spectre","health":150,"id":4567137416}}
{"counter":4843,"type":"move","frame":{"millis":26829,"tic":939},"actor":{"position":{"x":33347840,"y":13313792,"z":0,"angle":2147483648,"subsector":4566994408},"type":"shotgun_soldier","health":30,"id":4567137680}}
{"counter":4844,"type":"move","frame":{"millis":26829,"tic":939},"actor":{"position":{"x":-35175040,"y":45660800,"z":0,"angle":3758096384,"subsector":4566993352},"type":"soldier","health":20,"id":4567138208}}
{"counter":4845,"type":"move","frame":{"millis":26829,"tic":939},"actor":{"position":{"x":-18694400,"y":53683968,"z":0,"angle":3758096384,"subsector":4566993320},"type":"shotgun_soldier","health":30,"id":4567155632}}
{"counter":4846,"type":"move","frame":{"millis":26829,"tic":939},"actor":{"position":{"x":-24461568,"y":51655680,"z":0,"angle":3758096384,"subsector":4566993384},"type":"shotgun_soldier","health":30,"id":4567155896}}
{"counter":4847,"type":"move","frame":{"millis":26829,"tic":939},"actor":{"position":{"x":-27845568,"y":28666432,"z":0,"angle":3758096384,"subsector":4566993400},"type":"shotgun_soldier","health":30,"id":4567156160}}
{"counter":4848,"type":"move","frame":{"millis":26829,"tic":939},"actor":{"position":{"x":-3272896,"y":26521536,"z":0,"angle":2684354560,"subsector":4566993432},"type":"shotgun_soldier","health":30,"id":4567156424}}
{"counter":4849,"type":"move","frame":{"millis":26829,"tic":939},"actor":{"position":{"x":49818144,"y":12691488,"z":0,"angle":2147483648,"subsector":4566994408},"type":"spectre","health":150,"id":4567166984}}
{"counter":4850,"type":"move","frame":{"millis":26829,"tic":939},"actor":{"position":{"x":27090769,"y":20468782,"z":5767168,"angle":3851687264,"subsector":4566993160},"type":"imp_fireball","health":1000,"id":4567637504}}
{"counter":4851,"type":"move","frame":{"millis":26859,"tic":940},"actor":{"position":{"x":20859055,"y":20195967,"z":3670016,"angle":1191182336,"subsector":4566993160},"type":"player","health":46,"armor":58,"id":4567120880}}
{"counter":4852,"type":"move","frame":{"millis":26859,"tic":940},"actor":{"position":{"x":20810090,"y":20326772,"z":3670016,"angle":1191182336,"subsector":4566993160},"type":"player","health":46,"armor":58,"id":4567120880}}
{"counter":4853,"type":"move","frame":{"millis":26859,"tic":940},"actor":{"position":{"x":6790744,"y":31652894,"z":3670016,"angle":3221225472,"subsector":4566993496},"type":"imp","health":48,"id":4567132400}}
{"counter":4854,"type":"move","frame":{"millis":26859,"tic":940},"actor":{"position":{"x":21282332,"y":29737863,"z":3670016,"angle":2684354560,"subsector":4566993560},"type":"imp","health":8,"id":4567132664}}
{"counter":4855,"type":"move","frame":{"millis":26859,"tic":940},"actor":{"position":{"x":20906332,"y":29361863,"z":3670016,"angle":2684354560,"subsector":4566993560},"type":"imp","health":8,"id":4567132664}}
{"counter":4856,"type":"move","frame":{"millis":26859,"tic":940},"actor":{"position":{"x":-3452864,"y":21734080,"z":0,"angle":2147483648,"subsector":4566993256},"type":"imp","health":60,"id":4567132928}}
{"counter":4857,"type":"move","frame":{"millis":26859,"tic":940},"actor":{"position":{"x":-28814720,"y":62416896,"z":0,"angle":3758096384,"subsector":4566996712},"type":"soldier","health":20,"id":4567138736}}
{"counter":4858,"type":"move","frame":{"millis":26859,"tic":940},"actor":{"position":{"x":-16734976,"y":24593792,"z":0,"angle":0,"subsector":4566993432},"type":"soldier","health":20,"id":4567139528}}
{"counter":4859,"type":"move","frame":{"millis":26859,"tic":940},"actor":{"position":{"x":2076032,"y":25144704,"z":0,"angle":2684354560,"subsector":4566993432},"type":"shotgun_soldier","health":30,"id":4567139792}}
{"counter":4860,"type":"move","frame":{"millis":26859,"tic":940},"actor":{"position":{"x":-3055744,"y":17234016,"z":0,"angle":3758096384,"subsector":4566993176},"type":"spectre","health":150,"id":4567162232}}
{"counter":4861,"type":"move","frame":{"millis":26859,"tic":940},"actor":{"position":{"x":13086080,"y":14018048,"z":0,"angle":1073741824,"subsector":4566993032},"type":"imp","health":60,"id":4567172264}}
{"counter":4862,"type":"move","frame":{"millis":26859,"tic":940},"actor":{"position":{"x":-10729536,"y":24694336,"z":0,"angle":2147483648,"subsector":4566993432},"type":"shotgun_soldier","health":30,"id":4567172528}}
{"counter":4863,"type":"move","frame":{"millis":26859,"tic":940},"actor":{"position":{"x":27613079,"y":20072962,"z":5767168,"angle":3851687264,"subsector":4566993160},"type":"imp_fireball","health":1000,"id":4567637504}}
{"counter":4864,"type":"move","frame":{"millis":26886,"tic":941},"actor":{"position":{"x":20810090,"y":20326772,"z":3670016,"angle":1191182336,"subsector":4566993160},"type":"player","health":46,"armor":58,"id":4567120880}}
{"counter":4865,"type":"move","frame":{"millis":26886,"tic":941},"actor":{"position":{"x":20774136,"y":20396889,"z":3670016,"angle":1191182336,"subsector":4566993160},"type":"player","health":46,"armor":58,"id":4567120880}}
{"counter":4866,"type":"move","frame":{"millis":26886,"tic":941},"actor":{"position":{"x":20909230,"y":29379094,"z":3670016,"angle":2684354560,"subsector":4566993560},"type":"imp","health":8,"id":4567132664}}
{"counter":4867,"type":"move","frame":{"millis":26886,"tic":941},"actor":{"position":{"x":11825856,"y":17320096,"z":1048576,"angle":536870912,"subsector":4566993096},"type":"spectre","health":150,"id":4567137416}}
{"counter":4868,"type":"move","frame":{"millis":26886,"tic":941},"actor":{"position":{"x":-30329280,"y":78563776,"z":0,"angle":2147483648,"subsector":4566996696},"type":"shotgun_soldier","health":30,"id":4567155368}}
{"counter":4869,"type":"move","frame":{"millis":26886,"tic":941},"actor":{"position":{"x":49162784,"y":12691488,"z":0,"angle":2147483648,"subsector":4566994408},"type":"spectre","health":150,"id":4567166984}}
{"counter":4870,"type":"move","frame":{"millis":26886,"tic":941},"actor":{"position":{"x":15066624,"y":28761472,"z":3670016,"angle":3758096384,"subsector":4566993560},"type":"imp","health":60,"id":4567172000}}
{"counter":4871,"type":"move","frame":{"millis":26886,"tic":941},"actor":{"position":{"x":28135389,"y":19677142,"z":5767168,"angle":3851687264,"subsector":4566993160},"type":"imp_fireball","health":1000,"id":4567637504}}
{"counter":4872,"type":"move","frame":{"millis":26915,"tic":942},"actor":{"position":{"x":20774136,"y":20396889,"z":3670016,"angle":1191182336,"subsector":4566993160},"type":"player","health":46,"armor":58,"id":4567120880}}
{"counter":4873,"type":"move","frame":{"millis":26915,"tic":942},"actor":{"position":{"x":20746464,"y":20432184,"z":3670016,"angle":1191182336,"subsector":4566993160},"type":"player","health":46,"armor":58,"id":4567120880}}
{"counter":4874,"type":"move","frame":{"millis":26915,"tic":942},"actor":{"position":{"x":20911856,"y":29394709,"z":3670016,"angle":2684354560,"subsector":4566993560},"type":"imp","health":8,"id":4567132664}}
{"counter":4875,"type":"move","frame":{"millis":26915,"tic":942},"actor":{"position":{"x":32823552,"y":13313792,"z":0,"angle":2147483648,"subsector":4566994408},"type":"shotgun_soldier","health":30,"id":4567137680}}
{"counter":4876,"type":"move","frame":{"millis":26915,"tic":942},"actor":{"position":{"x":-21273600,"y":25081344,"z":0,"angle":3758096384,"subsector":4566993432},"type":"soldier","health":20,"id":4567137944}}
{"counter":4877,"type":"move","frame":{"millis":26915,"tic":942},"actor":{"position":{"x":-18318400,"y":53307968,"z":0,"angle":3758096384,"subsector":4566993320},"type":"shotgun_soldier","health":30,"id":4567155632}}
{"counter":4878,"type":"move","frame":{"millis":26915,"tic":942},"actor":{"position":{"x":-24085568,"y":52031680,"z":0,"angle":0,"subsector":4566993384},"type":"shotgun_soldier","health":30,"id":4567155896}}
{"counter":4879,"type":"move","frame":{"millis":26915,"tic":942},"actor":{"position":{"x":-27469568,"y":28290432,"z":0,"angle":3758096384,"subsector":4566993400},"type":"shotgun_soldier","health":30,"id":4567156160}}
{"counter":4880,"type":"move","frame":{"millis":26915,"tic":942},"actor":{"position":{"x":-2896896,"y":26145536,"z":0,"angle":3221225472,"subsector":4566993432},"type":"shotgun_soldier","health":30,"id":4567156424}}
{"counter":4881,"type":"move","frame":{"millis":26915,"tic":942},"actor":{"position":{"x":-3525744,"y":16764016,"z":0,"angle":3221225472,"subsector":4566993176},"type":"spectre","health":150,"id":4567162232}}
{"counter":4882,"type":"move","frame":{"millis":26915,"tic":942},"actor":{"position":{"x":28657699,"y":19281322,"z":5767168,"angle":3851687264,"subsector":4566993160},"type":"imp_fireball","health":1000,"id":4567637504}}
{"counter":4883,"type":"move","frame":{"millis":26943,"tic":943},"actor":{"position":{"x":20746464,"y":20432184,"z":3670016,"angle":1191182336,"subsector":4566993160},"type":"player","health":46,"armor":58,"id":4567120880}}
{"counter":4884,"type":"move","frame":{"millis":26943,"tic":943},"actor":{"position":{"x":20721736,"y":20462152,"z":3670016,"angle":1191182336,"subsector":4566993160},"type":"player","health":46,"armor":58,"id":4567120880}}
{"counter":4885,"type":"move","frame":{"millis":26943,"tic":943},"actor":{"position":{"x":6790744,"y":31128606,"z":3670016,"angle":3221225472,"subsector":4566993496},"type":"imp","health":48,"id":4567132400}}
{"counter":4886,"type":"move","frame":{"millis":26943,"tic":943},"actor":{"position":{"x":20914235,"y":29408860,"z":3670016,"angle":2684354560,"subsector":4566993560},"type":"imp","health":8,"id":4567132664}}
{"counter":4887,"type":"move","frame":{"millis":26943,"tic":943},"actor":{"position":{"x":20538235,"y":29032860,"z":3670016,"angle":2684354560,"subsector":4566993560},"type":"imp","health":8,"id":4567132664}}
{"counter":4888,"type":"move","frame":{"millis":26943,"tic":943},"actor":{"position":{"x":-3977152,"y":21734080,"z":0,"angle":2147483648,"subsector":4566993256},"type":"imp","health":60,"id":4567132928}}
{"counter":4889,"type":"move","frame":{"millis":26943,"tic":943},"actor":{"position":{"x":12481216,"y":17320096,"z":1048576,"angle":1073741824,"subsector":4566993096},"type":"spectre","health":150,"id":4567137416}}
{"counter":4890,"type":"move","frame":{"millis":26943,"tic":943},"actor":{"position":{"x":-34799040,"y":45284800,"z":0,"angle":3758096384,"subsector":4566993352},"type":"soldier","health":20,"id":4567138208}}
{"counter":4891,"type":"move","frame":{"millis":26943,"tic":943},"actor":{"position":{"x":1700032,"y":25520704,"z":0,"angle":2147483648,"subsector":4566993432},"type":"shotgun_soldier","health":30,"id":4567139792}}
{"counter":4892,"type":"move","frame":{"millis":26943,"tic":943},"actor":{"position":{"x":48507424,"y":12691488,"z":0,"angle":2147483648,"subsector":4566994408},"type":"spectre","health":150,"id":4567166984}}
{"counter":4893,"type":"move","frame":{"millis":26943,"tic":943},"actor":{"position":{"x":12710080,"y":13642048,"z":0,"angle":1073741824,"subsector":4566993032},"type":"imp","health":60,"id":4567172264}}
{"counter":4894,"type":"move","frame":{"millis":26943,"tic":943},"actor":{"position":{"x":-11253824,"y":24694336,"z":0,"angle":2147483648,"subsector":4566993432},"type":"shotgun_soldier","health":30,"id":4567172528}}
{"counter":4895,"type":"move","frame":{"millis":26943,"tic":943},"actor":{"position":{"x":28657699,"y":19281322,"z":5767168,"angle":3851687264,"subsector":4566993160},"type":"imp_fireball","health":1000,"id":4567637504}}
{"counter":4896,"type":"move","frame":{"millis":26972,"tic":944},"actor":{"position":{"x":20699326,"y":20489310,"z":3670016,"angle":1191182336,"subsector":4566993160},"type":"player","health":46,"armor":58,"id":4567120880}}
{"counter":4897,"type":"move","frame":{"millis":26972,"tic":944},"actor":{"position":{"x":20540390,"y":29045684,"z":3670016,"angle":2684354560,"subsector":4566993560},"type":"imp","health":8,"id":4567132664}}
{"counter":4898,"type":"move","frame":{"millis":26972,"tic":944},"actor":{"position":{"x":-28814720,"y":61892608,"z":0,"angle":3221225472,"subsector":4566996712},"type":"soldier","health":20,"id":4567138736}}
{"counter":4899,"type":"move","frame":{"millis":26972,"tic":944},"actor":{"position":{"x":-16210688,"y":24593792,"z":0,"angle":0,"subsector":4566993432},"type":"soldier","health":20,"id":4567139528}}
{"counter":4900,"type":"move","frame":{"millis":26972,"tic":944},"actor":{"position":{"x":-29953280,"y":78187776,"z":0,"angle":2684354560,"subsector":4566996696},"type":"shotgun_soldier","health":30,"id":4567155368}}
{"counter":4901,"type":"move","frame":{"millis":26972,"tic":944},"actor":{"position":{"x":-3995744,"y":16294016,"z":0,"angle":2684354560,"subsector":4566993176},"type":"spectre","health":150,"id":4567162232}}
{"counter":4902,"type":"move","frame":{"millis":26972,"tic":944},"actor":{"position":{"x":15442624,"y":28385472,"z":3670016,"angle":3758096384,"subsector":4566993560},"type":"imp","health":60,"id":4567172000}}
{"counter":4903,"type":"move","frame":{"millis":27000,"tic":945},"actor":{"position":{"x":20699326,"y":20489310,"z":3670016,"angle":1191182336,"subsector":4566993160},"type":"player","health":46,"armor":58,"id":4567120880}}
{"counter":4904,"type":"move","frame":{"millis":27000,"tic":945},"actor":{"position":{"x":20678665,"y":20515938,"z":3670016,"angle":1191182336,"subsector":4566993160},"type":"player","health":46,"armor":58,"id":4567120880}}
{"counter":4905,"type":"move","frame":{"millis":27000,"tic":945},"actor":{"position":{"x":20542342,"y":29057305,"z":3670016,"angle":2684354560,"subsector":4566993560},"type":"imp","health":8,"id":4567132664}}
{"counter":4906,"type":"move","frame":{"millis":27001,"tic":945},"actor":{"position":{"x":12011216,"y":17790096,"z":1048576,"angle":536870912,"subsector":4566993096},"type":"spectre","health":150,"id":4567137416}}
{"counter":4907,"type":"move","frame":{"millis":27001,"tic":945},"actor":{"position":{"x":32299264,"y":13313792,"z":0,"angle":2147483648,"subsector":4566994408},"type":"shotgun_soldier","health":30,"id":4567137680}}
{"counter":4908,"type":"move","frame":{"millis":27001,"tic":945},"actor":{"position":{"x":-17942400,"y":52931968,"z":0,"angle":3758096384,"subsector":4566993320},"type":"shotgun_soldier","health":30,"id":4567155632}}
{"counter":4909,"type":"move","frame":{"millis":27001,"tic":945},"actor":{"position":{"x":-23709568,"y":52407680,"z":0,"angle":536870912,"subsector":4566993384},"type":"shotgun_soldier","health":30,"id":4567155896}}
{"counter":4910,"type":"move","frame":{"millis":27001,"tic":945},"actor":{"position":{"x":-27093568,"y":27914432,"z":0,"angle":3758096384,"subsector":4566993400},"type":"shotgun_soldier","health":30,"id":4567156160}}
{"counter":4911,"type":"move","frame":{"millis":27001,"tic":945},"actor":{"position":{"x":-2520896,"y":25769536,"z":0,"angle":3758096384,"subsector":4566993432},"type":"shotgun_soldier","health":30,"id":4567156424}}
{"counter":4912,"type":"move","frame":{"millis":27001,"tic":945},"actor":{"position":{"x":47852064,"y":12691488,"z":0,"angle":2147483648,"subsector":4566994408},"type":"spectre","health":150,"id":4567166984}}
{"counter":4913,"type":"move","frame":{"millis":27029,"tic":946},"actor":{"position":{"x":20678665,"y":20515938,"z":3670016,"angle":1191182336,"subsector":4566993160},"type":"player","health":46,"armor":58,"id":4567120880}}
{"counter":4914,"type":"move","frame":{"millis":27029,"tic":946},"actor":{"position":{"x":20659238,"y":20544104,"z":3670016,"angle":1191182336,"subsector":4566993160},"type":"player","health":46,"armor":58,"id":4567120880}}
{"counter":4915,"type":"move","frame":{"millis":27029,"tic":946},"actor":{"position":{"x":6790744,"y":30604318,"z":3670016,"angle":3221225472,"subsector":4566993496},"type":"imp","health":48,"id":4567132400}}
{"counter":4916,"type":"move","frame":{"millis":27029,"tic":946},"actor":{"position":{"x":20544111,"y":29067836,"z":3670016,"angle":2684354560,"subsector":4566993560},"type":"imp","health":8,"id":4567132664}}
{"counter":4917,"type":"move","frame":{"millis":27029,"tic":946},"actor":{"position":{"x":20168111,"y":28691836,"z":3670016,"angle":2684354560,"subsector":4566993560},"type":"imp","health":8,"id":4567132664}}
{"counter":4918,"type":"move","frame":{"millis":27029,"tic":946},"actor":{"position":{"x":-4501440,"y":21734080,"z":0,"angle":2147483648,"subsector":4566993256},"type":"imp","health":60,"id":4567132928}}
{"counter":4919,"type":"move","frame":{"millis":27029,"tic":946},"actor":{"position":{"x":-20897600,"y":24705344,"z":0,"angle":3758096384,"subsector":4566993432},"type":"soldier","health":20,"id":4567137944}}
{"counter":4920,"type":"move","frame":{"millis":27029,"tic":946},"actor":{"position":{"x":1324032,"y":25896704,"z":0,"angle":1610612736,"subsector":4566993432},"type":"shotgun_soldier","health":30,"id":4567139792}}
{"counter":4921,"type":"move","frame":{"millis":27029,"tic":946},"actor":{"position":{"x":-4465744,"y":15824016,"z":0,"angle":2684354560,"subsector":4566993176},"type":"spectre","health":150,"id":4567162232}}
{"counter":4922,"type":"move","frame":{"millis":27029,"tic":946},"actor":{"position":{"x":12334080,"y":13266048,"z":0,"angle":1610612736,"subsector":4566993032},"type":"imp","health":60,"id":4567172264}}
{"counter":4923,"type":"move","frame":{"millis":27029,"tic":946},"actor":{"position":{"x":-11778112,"y":24694336,"z":0,"angle":2147483648,"subsector":4566993432},"type":"shotgun_soldier","health":30,"id":4567172528}}
{"counter":4924,"type":"move","frame":{"millis":27058,"tic":947},"actor":{"position":{"x":20659238,"y":20544104,"z":3670016,"angle":1191182336,"subsector":4566993160},"type":"player","health":46,"armor":58,"id":4567120880}}
{"counter":4925,"type":"move","frame":{"millis":27058,"tic":947},"actor":{"position":{"x":20641281,"y":20571646,"z":3670016,"angle":1191182336,"subsector":4566993160},"type":"player","health":46,"armor":58,"id":4567120880}}
{"counter":4926,"type":"move","frame":{"millis":27058,"tic":947},"actor":{"position":{"x":20169714,"y":28701379,"z":3670016,"angle":2684354560,"subsector":4566993560},"type":"imp","health":8,"id":4567132664}}
{"counter":4927,"type":"move","frame":{"millis":27058,"tic":947},"actor":{"position":{"x":12666576,"y":17790096,"z":1048576,"angle":1073741824,"subsector":4566993096},"type":"spectre","health":150,"id":4567137416}}
{"counter":4928,"type":"move","frame":{"millis":27058,"tic":947},"actor":{"position":{"x":-34423040,"y":44908800,"z":0,"angle":3758096384,"subsector":4566993352},"type":"soldier","health":20,"id":4567138208}}
{"counter":4929,"type":"move","frame":{"millis":27058,"tic":947},"actor":{"position":{"x":-29577280,"y":77811776,"z":0,"angle":3221225472,"subsector":4566996696},"type":"shotgun_soldier","health":30,"id":4567155368}}
{"counter":4930,"type":"move","frame":{"millis":27058,"tic":947},"actor":{"position":{"x":47196704,"y":12691488,"z":0,"angle":2147483648,"subsector":4566994408},"type":"spectre","health":150,"id":4567166984}}
{"counter":4931,"type":"move","frame":{"millis":27058,"tic":947},"actor":{"position":{"x":15818624,"y":28009472,"z":3670016,"angle":3758096384,"subsector":4566993560},"type":"imp","health":60,"id":4567172000}}
{"counter":4932,"type":"move","frame":{"millis":27086,"tic":948},"actor":{"position":{"x":20641281,"y":20571646,"z":3670016,"angle":1191182336,"subsector":4566993160},"type":"player","health":46,"armor":58,"id":4567120880}}
{"counter":4933,"type":"move","frame":{"millis":27086,"tic":948},"actor":{"position":{"x":20624305,"y":20600640,"z":3670016,"angle":1191182336,"subsector":4566993160},"type":"player","health":46,"armor":58,"id":4567120880}}
{"counter":4934,"type":"move","frame":{"millis":27086,"tic":948},"actor":{"position":{"x":20171166,"y":28710027,"z":3670016,"angle":2684354560,"subsector":4566993560},"type":"imp","health":8,"id":4567132664}}
{"counter":4935,"type":"move","frame":{"millis":27086,"tic":948},"actor":{"position":{"x":31774976,"y":13313792,"z":0,"angle":2147483648,"subsector":4566994408},"type":"shotgun_soldier","health":30,"id":4567137680}}
{"counter":4936,"type":"move","frame":{"millis":27086,"tic":948},"actor":{"position":{"x":-28814720,"y":61368320,"z":0,"angle":3221225472,"subsector":4566996712},"type":"soldier","health":20,"id":4567138736}}
{"counter":4937,"type":"move","frame":{"millis":27086,"tic":948},"actor":{"position":{"x":-15686400,"y":24593792,"z":0,"angle":0,"subsector":4566993432},"type":"soldier","health":20,"id":4567139528}}
{"counter":4938,"type":"move","frame":{"millis":27086,"tic":948},"actor":{"position":{"x":-17418112,"y":52931968,"z":0,"angle":3758096384,"subsector":4566993320},"type":"shotgun_soldier","health":30,"id":4567155632}}
{"counter":4939,"type":"move","frame":{"millis":27086,"tic":948},"actor":{"position":{"x":-23333568,"y":52783680,"z":0,"angle":536870912,"subsector":4566993384},"type":"shotgun_soldier","health":30,"id":4567155896}}
{"counter":4940,"type":"move","frame":{"millis":27086,"tic":948},"actor":{"position":{"x":-26717568,"y":27538432,"z":0,"angle":3758096384,"subsector":4566993400},"type":"shotgun_soldier","health":30,"id":4567156160}}
{"counter":4941,"type":"move","frame":{"millis":27086,"tic":948},"actor":{"position":{"x":-2144896,"y":25393536,"z":0,"angle":3758096384,"subsector":4566993432},"type":"shotgun_soldier","health":30,"id":4567156424}}
{"counter":4942,"type":"move","frame":{"millis":27086,"tic":948},"actor":{"position":{"x":-4935744,"y":15354016,"z":0,"angle":2684354560,"subsector":4566993176},"type":"spectre","health":150,"id":4567162232}}
{"counter":4943,"type":"move","frame":{"millis":27116,"tic":949},"actor":{"position":{"x":20624305,"y":20600640,"z":3670016,"angle":1191182336,"subsector":4566993160},"type":"player","health":46,"armor":58,"id":4567120880}}
{"counter":4944,"type":"move","frame":{"millis":27116,"tic":949},"actor":{"position":{"x":20607867,"y":20632968,"z":3670016,"angle":1191182336,"subsector":4566993160},"type":"player","health":46,"armor":58,"id":4567120880}}
{"counter":4945,"type":"move","frame":{"millis":27116,"tic":949},"actor":{"position":{"x":6790744,"y":30080030,"z":3670016,"angle":3221225472,"subsector":4566993496},"type":"imp","health":48,"id":4567132400}}
{"counter":4946,"type":"move","frame":{"millis":27116,"tic":949},"actor":{"position":{"x":20172481,"y":28717864,"z":3670016,"angle":2684354560,"subsector":4566993560},"type":"imp","health":8,"id":4567132664}}
{"counter":4947,"type":"move","frame":{"millis":27116,"tic":949},"actor":{"position":{"x":19796481,"y":28341864,"z":3670016,"angle":2684354560,"subsector":4566993560},"type":"imp","health":8,"id":4567132664}}
{"counter":4948,"type":"move","frame":{"millis":27116,"tic":949},"actor":{"position":{"x":-5025728,"y":21734080,"z":0,"angle":2147483648,"subsector":4566993256},"type":"imp","health":60,"id":4567132928}}
{"counter":4949,"type":"move","frame":{"millis":27116,"tic":949},"actor":{"position":{"x":12666576,"y":17134736,"z":1048576,"angle":536870912,"subsector":4566993096},"type":"spectre","health":150,"id":4567137416}}
{"counter":4950,"type":"move","frame":{"millis":27116,"tic":949},"actor":{"position":{"x":948032,"y":26272704,"z":0,"angle":1610612736,"subsector":4566993432},"type":"shotgun_soldier","health":30,"id":4567139792}}
{"counter":4951,"type":"move","frame":{"millis":27116,"tic":949},"actor":{"position":{"x":46541344,"y":12691488,"z":0,"angle":2147483648,"subsector":4566994408},"type":"spectre","health":150,"id":4567166984}}
{"counter":4952,"type":"move","frame":{"millis":27116,"tic":949},"actor":{"position":{"x":11958080,"y":12890048,"z":0,"angle":2147483648,"subsector":4566993032},"type":"imp","health":60,"id":4567172264}}
{"counter":4953,"type":"move","frame":{"millis":27116,"tic":949},"actor":{"position":{"x":-12302400,"y":24694336,"z":0,"angle":2147483648,"subsector":4566993432},"type":"shotgun_soldier","health":30,"id":4567172528}}
{"counter":4954,"type":"move","frame":{"millis":27144,"tic":950},"actor":{"position":{"x":20607867,"y":20632968,"z":3670016,"angle":1191182336,"subsector":4566993160},"type":"player","health":46,"armor":58,"id":4567120880}}
{"counter":4955,"type":"move","frame":{"millis":27144,"tic":950},"actor":{"position":{"x":20587706,"y":20692530,"z":3670016,"angle":1191182336,"subsector":4566993160},"type":"player","health":46,"armor":58,"id":4567120880}}
{"counter":4956,"type":"move","frame":{"millis":27144,"tic":950},"actor":{"position":{"x":19797672,"y":28348966,"z":3670016,"angle":2684354560,"subsector":4566993560},"type":"imp","health":8,"id":4567132664}}
{"counter":4957,"type":"move","frame":{"millis":27144,"tic":950},"actor":{"position":{"x":-20373312,"y":24705344,"z":0,"angle":3758096384,"subsector":4566993432},"type":"soldier","health":20,"id":4567137944}}
{"counter":4958,"type":"move","frame":{"millis":27144,"tic":950},"actor":{"position":{"x":-29201280,"y":77435776,"z":0,"angle":3758096384,"subsector":4566996696},"type":"shotgun_soldier","health":30,"id":4567155368}}
{"counter":4959,"type":"move","frame":{"millis":27144,"tic":950},"actor":{"position":{"x":-5405744,"y":14884016,"z":0,"angle":2684354560,"subsector":4566993176},"type":"spectre","health":150,"id":4567162232}}
{"counter":4960,"type":"move","frame":{"millis":27144,"tic":950},"actor":{"position":{"x":16194624,"y":27633472,"z":3670016,"angle":3758096384,"subsector":4566993560},"type":"imp","health":60,"id":4567172000}}
{"counter":4961,"type":"move","frame":{"millis":27172,"tic":951},"actor":{"position":{"x":20587706,"y":20692530,"z":3670016,"angle":1191182336,"subsector":4566993160},"type":"player","health":46,"armor":58,"id":4567120880}}
{"counter":4962,"type":"move","frame":{"millis":27172,"tic":951},"actor":{"position":{"x":20565575,"y":20768702,"z":3670016,"angle":1191182336,"subsector":4566993160},"type":"player","health":46,"armor":58,"id":4567120880}}
{"counter":4963,"type":"move","frame":{"millis":27172,"tic":951},"actor":{"position":{"x":19798751,"y":28355402,"z":3670016,"angle":2684354560,"subsector":4566993560},"type":"imp","health":8,"id":4567132664}}
{"counter":4964,"type":"move","frame":{"millis":27172,"tic":951},"actor":{"position":{"x":12666576,"y":16479376,"z":1048576,"angle":0,"subsector":4566993032},"type":"spectre","health":150,"id":4567137416}}
{"counter":4965,"type":"move","frame":{"millis":27172,"tic":951},"actor":{"position":{"x":31250688,"y":13313792,"z":0,"angle":2147483648,"subsector":4566994408},"type":"shotgun_soldier","health":30,"id":4567137680}}
{"counter":4966,"type":"move","frame":{"millis":27172,"tic":951},"actor":{"position":{"x":-34047040,"y":44532800,"z":0,"angle":3758096384,"subsector":4566993352},"type":"soldier","health":20,"id":4567138208}}
{"counter":4967,"type":"move","frame":{"millis":27172,"tic":951},"actor":{"position":{"x":-16893824,"y":52931968,"z":0,"angle":0,"subsector":4566993320},"type":"shotgun_soldier","health":30,"id":4567155632}}
{"counter":4968,"type":"move","frame":{"millis":27172,"tic":951},"actor":{"position":{"x":-22957568,"y":52407680,"z":0,"angle":536870912,"subsector":4566993384},"type":"shotgun_soldier","health":30,"id":4567155896}}
{"counter":4969,"type":"move","frame":{"millis":27172,"tic":951},"actor":{"position":{"x":-26341568,"y":27162432,"z":0,"angle":3758096384,"subsector":4566993400},"type":"shotgun_soldier","health":30,"id":4567156160}}
{"counter":4970,"type":"move","frame":{"millis":27172,"tic":951},"actor":{"position":{"x":-1768896,"y":25017536,"z":0,"angle":3758096384,"subsector":4566993432},"type":"shotgun_soldier","health":30,"id":4567156424}}
{"counter":4971,"type":"move","frame":{"millis":27172,"tic":951},"actor":{"position":{"x":45885984,"y":12691488,"z":0,"angle":2147483648,"subsector":4566994408},"type":"spectre","health":150,"id":4567166984}}
{"counter":4972,"type":"move","frame":{"millis":27200,"tic":952},"actor":{"position":{"x":20565575,"y":20768702,"z":3670016,"angle":1191182336,"subsector":4566993160},"type":"player","health":46,"armor":58,"id":4567120880}}
{"counter":4973,"type":"move","frame":{"millis":27200,"tic":952},"actor":{"position":{"x":20544114,"y":20845802,"z":3670016,"angle":1191182336,"subsector":4566993160},"type":"player","health":46,"armor":58,"id":4567120880}}
{"counter":4974,"type":"move","frame":{"millis":27200,"tic":952},"actor":{"position":{"x":6790744,"y":29555742,"z":3670016,"angle":3221225472,"subsector":4566993496},"type":"imp","health":48,"id":4567132400}}
{"counter":4975,"type":"move","frame":{"millis":27200,"tic":952},"actor":{"position":{"x":19799728,"y":28361234,"z":3670016,"angle":2684354560,"subsector":4566993560},"type":"imp","health":8,"id":4567132664}}
{"counter":4976,"type":"move","frame":{"millis":27200,"tic":952},"actor":{"position":{"x":19423728,"y":27985234,"z":3670016,"angle":2684354560,"subsector":4566993560},"type":"imp","health":8,"id":4567132664}}
{"counter":4977,"type":"move","frame":{"millis":27200,"tic":952},"actor":{"position":{"x":-5550016,"y":21734080,"z":0,"angle":2147483648,"subsector":4566993256},"type":"imp","health":60,"id":4567132928}}
{"counter":4978,"type":"move","frame":{"millis":27200,"tic":952},"actor":{"position":{"x":-28814720,"y":60844032,"z":0,"angle":3221225472,"subsector":4566996712},"type":"soldier","health":20,"id":4567138736}}
{"counter":4979,"type":"move","frame":{"millis":27200,"tic":952},"actor":{"position":{"x":-15162112,"y":24593792,"z":0,"angle":0,"subsector":4566993432},"type":"soldier","health":20,"id":4567139528}}
{"counter":4980,"type":"move","frame":{"millis":27200,"tic":952},"actor":{"position":{"x":948032,"y":25748416,"z":0,"angle":1610612736,"subsector":4566993432},"type":"shotgun_soldier","health":30,"id":4567139792}}
{"counter":4981,"type":"move","frame":{"millis":27200,"tic":952},"actor":{"position":{"x":-5405744,"y":15539376,"z":0,"angle":2684354560,"subsector":4566993176},"type":"spectre","health":150,"id":4567162232}}
{"counter":4982,"type":"move","frame":{"millis":27200,"tic":952},"actor":{"position":{"x":11582080,"y":12514048,"z":0,"angle":2684354560,"subsector":4566993032},"type":"imp","health":60,"id":4567172264}}
{"counter":4983,"type":"move","frame":{"millis":27201,"tic":952},"actor":{"position":{"x":-12302400,"y":25218624,"z":0,"angle":2147483648,"subsector":4566993432},"type":"shotgun_soldier","health":30,"id":4567172528}}
{"counter":4984,"type":"move","frame":{"millis":27229,"tic":953},"actor":{"position":{"x":20544114,"y":20845802,"z":3670016,"angle":1191182336,"subsector":4566993160},"type":"player","health":46,"armor":58,"id":4567120880}}
{"counter":4985,"type":"move","frame":{"millis":27230,"tic":953},"actor":{"position":{"x":20525716,"y":20909619,"z":3670016,"angle":1191182336,"subsector":4566993160},"type":"player","health":46,"armor":58,"id":4567120880}}
{"counter":4986,"type":"move","frame":{"millis":27230,"tic":953},"actor":{"position":{"x":19424613,"y":27990519,"z":3670016,"angle":2684354560,"subsector":4566993560},"type":"imp","health":8,"id":4567132664}}
{"counter":4987,"type":"move","frame":{"millis":27230,"tic":953},"actor":{"position":{"x":12666576,"y":15824016,"z":1048576,"angle":3758096384,"subsector":4566993032},"type":"spectre","health":150,"id":4567137416}}
{"counter":4988,"type":"move","frame":{"millis":27230,"tic":953},"actor":{"position":{"x":-28825280,"y":77059776,"z":0,"angle":3758096384,"subsector":4566996696},"type":"shotgun_soldier","health":30,"id":4567155368}}
{"counter":4989,"type":"move","frame":{"millis":27230,"tic":953},"actor":{"position":{"x":45230624,"y":12691488,"z":0,"angle":2147483648,"subsector":4566994408},"type":"spectre","health":150,"id":4567166984}}
{"counter":4990,"type":"move","frame":{"millis":27230,"tic":953},"actor":{"position":{"x":16718912,"y":27633472,"z":3670016,"angle":3758096384,"subsector":4566993560},"type":"imp","health":60,"id":4567172000}}
{"counter":4991,"type":"move","frame":{"millis":27258,"tic":954},"actor":{"position":{"x":20525716,"y":20909619,"z":3670016,"angle":1191182336,"subsector":4566993160},"type":"player","health":46,"armor":58,"id":4567120880}}
{"counter":4992,"type":"move","frame":{"millis":27258,"tic":954},"actor":{"position":{"x":20509392,"y":20965435,"z":3670016,"angle":1191182336,"subsector":4566993160},"type":"player","health":46,"armor":58,"id":4567120880}}
{"counter":4993,"type":"move","frame":{"millis":27258,"tic":954},"actor":{"position":{"x":19425415,"y":27995308,"z":3670016,"angle":2684354560,"subsector":4566993560},"type":"imp","health":8,"id":4567132664}}
{"counter":4994,"type":"move","frame":{"millis":27258,"tic":954},"actor":{"position":{"x":30726400,"y":13313792,"z":0,"angle":2147483648,"subsector":4566994408},"type":"shotgun_soldier","health":30,"id":4567137680}}
{"counter":4995,"type":"move","frame":{"millis":27258,"tic":954},"actor":{"position":{"x":-19849024,"y":24705344,"z":0,"angle":0,"subsector":4566993432},"type":"soldier","health":20,"id":4567137944}}
{"counter":4996,"type":"move","frame":{"millis":27259,"tic":954},"actor":{"position":{"x":-16369536,"y":52931968,"z":0,"angle":0,"subsector":4566993320},"type":"shotgun_soldier","health":30,"id":4567155632}}
{"counter":4997,"type":"move","frame":{"millis":27259,"tic":954},"actor":{"position":{"x":-23333568,"y":52031680,"z":0,"angle":0,"subsector":4566993384},"type":"shotgun_soldier","health":30,"id":4567155896}}
{"counter":4998,"type":"move","frame":{"millis":27259,"tic":954},"actor":{"position":{"x":-25965568,"y":26786432,"z":0,"angle":3758096384,"subsector":4566993400},"type":"shotgun_soldier","health":30,"id":4567156160}}
{"counter":4999,"type":"move","frame":{"millis":27259,"tic":954},"actor":{"position":{"x":-1768896,"y":24493248,"z":0,"angle":3758096384,"subsector":4566993432},"type":"shotgun_soldier","health":30,"id":4567156424}}
{"counter":5000,"type":"move","frame":{"millis":27259,"tic":954},"actor":{"position":{"x":-4935744,"y":16009376,"z":0,"angle":2147483648,"subsector":4566993176},"type":"spectre","health":150,"id":4567162232}}
{"counter":5001,"type":"move","frame":{"millis":27287,"tic":955},"actor":{"position":{"x":20509392,"y":20965435,"z":3670016,"angle":1191182336,"subsector":4566993160},"type":"player","health":46,"armor":58,"id":4567120880}}
{"counter":5002,"type":"move","frame":{"millis":27287,"tic":955},"actor":{"position":{"x":20494948,"y":21014000,"z":3670016,"angle":1191182336,"subsector":4566993160},"type":"player","health":46,"armor":58,"id":4567120880}}
{"counter":5003,"type":"move","frame":{"millis":27287,"tic":955},"actor":{"position":{"x":6790744,"y":29031454,"z":3670016,"angle":3221225472,"subsector":4566993496},"type":"imp","health":48,"id":4567132400}}
{"counter":5004,"type":"move","frame":{"millis":27287,"tic":955},"actor":{"position":{"x":19426141,"y":27999648,"z":3670016,"angle":2684354560,"subsector":4566993560},"type":"imp","health":8,"id":4567132664}}
{"counter":5005,"type":"counter_attacked","frame":{"millis":27287,"tic":955},"actor":{"position":{"x":19426141,"y":27999648,"z":3670016,"angle":2684354560,"subsector":4566993560},"type":"imp","health":8,"id":4567132664},"target":{"position":{"x":20494948,"y":21014000,"z":3670016,"angle":1191182336,"subsector":4566993160},"type":"player","health":46,"armor":58,"id":4567120880}}
{"counter":5006,"type":"move","frame":{"millis":27287,"tic":955},"actor":{"position":{"x":-6074304,"y":21734080,"z":0,"angle":2147483648,"subsector":4566993256},"type":"imp","health":60,"id":4567132928}}
{"counter":5007,"type":"move","frame":{"millis":27287,"tic":955},"actor":{"position":{"x":12196576,"y":16294016,"z":524288,"angle":3221225472,"subsector":4566993032},"type":"spectre","health":150,"id":4567137416}}
{"counter":5008,"type":"move","frame":{"millis":27287,"tic":955},"actor":{"position":{"x":-33671040,"y":44156800,"z":0,"angle":3758096384,"subsector":4566993352},"type":"soldier","health":20,"id":4567138208}}
{"counter":5009,"type":"move","frame":{"millis":27287,"tic":955},"actor":{"position":{"x":948032,"y":25224128,"z":0,"angle":2147483648,"subsector":4566993432},"type":"shotgun_soldier","health":30,"id":4567139792}}
{"counter":5010,"type":"move","frame":{"millis":27287,"tic":955},"actor":{"position":{"x":44575264,"y":12691488,"z":0,"angle":2147483648,"subsector":4566994408},"type":"spectre","health":150,"id":4567166984}}
{"counter":5011,"type":"move","frame":{"millis":27287,"tic":955},"actor":{"position":{"x":11206080,"y":12138048,"z":0,"angle":2684354560,"subsector":4566993032},"type":"imp","health":60,"id":4567172264}}
{"counter":5012,"type":"move","frame":{"millis":27287,"tic":955},"actor":{"position":{"x":-12302400,"y":25742912,"z":0,"angle":1610612736,"subsector":4566993432},"type":"shotgun_soldier","health":30,"id":4567172528}}
{"counter":5013,"type":"move","frame":{"millis":27315,"tic":956},"actor":{"position":{"x":20481858,"y":21058012,"z":3670016,"angle":1191182336,"subsector":4566993160},"type":"player","health":46,"armor":58,"id":4567120880}}
{"counter":5014,"type":"move","frame":{"millis":27315,"tic":956},"actor":{"position":{"x":19426798,"y":28003581,"z":3670016,"angle":3324893960,"subsector":4566993560},"type":"imp","health":8,"id":4567132664}}
{"counter":5015,"type":"move","frame":{"millis":27315,"tic":956},"actor":{"position":{"x":-28814720,"y":60319744,"z":0,"angle":3221225472,"subsector":4566996712},"type":"soldier","health":20,"id":4567138736}}
{"counter":5016,"type":"move","frame":{"millis":27315,"tic":956},"actor":{"position":{"x":-15162112,"y":25118080,"z":0,"angle":0,"subsector":4566993432},"type":"soldier","health":20,"id":4567139528}}
{"counter":5017,"type":"move","frame":{"millis":27315,"tic":956},"actor":{"position":{"x":-28449280,"y":76683776,"z":0,"angle":3758096384,"subsector":4566996696},"type":"shotgun_soldier","health":30,"id":4567155368}}
{"counter":5018,"type":"move","frame":{"millis":27315,"tic":956},"actor":{"position":{"x":-4465744,"y":16479376,"z":0,"angle":1610612736,"subsector":4566993176},"type":"spectre","health":150,"id":4567162232}}
{"counter":5019,"type":"move","frame":{"millis":27315,"tic":956},"actor":{"position":{"x":16718912,"y":28157760,"z":3670016,"angle":0,"subsector":4566993560},"type":"imp","health":60,"id":4567172000}}
{"weapon_type":2,"counter":5020,"type":"attacked","frame":{"millis":27343,"tic":957},"actor":{"position":{"x":20481858,"y":21058012,"z":3670016,"angle":1191182336,"subsector":4566993160},"type":"player","health":46,"armor":58,"id":4567120880}}
{"counter":5021,"type":"move","frame":{"millis":27343,"tic":957},"actor":{"position":{"x":20469995,"y":21097897,"z":3670016,"angle":1191182336,"subsector":4566993160},"type":"player","health":46,"armor":58,"id":4567120880}}
{"counter":5022,"type":"move","frame":{"millis":27343,"tic":957},"actor":{"position":{"x":11726576,"y":16764016,"z":524288,"angle":2684354560,"subsector":4566993032},"type":"spectre","health":150,"id":4567137416}}
{"counter":5023,"type":"move","frame":{"millis":27343,"tic":957},"actor":{"position":{"x":30202112,"y":13313792,"z":0,"angle":2147483648,"subsector":4566994408},"type":"shotgun_soldier","health":30,"id":4567137680}}
{"counter":5024,"type":"move","frame":{"millis":27344,"tic":957},"actor":{"position":{"x":-15993536,"y":53307968,"z":0,"angle":0,"subsector":4566993320},"type":"shotgun_soldier","health":30,"id":4567155632}}
{"counter":5025,"type":"move","frame":{"millis":27344,"tic":957},"actor":{"position":{"x":-23857856,"y":52031680,"z":0,"angle":3758096384,"subsector":4566993384},"type":"shotgun_soldier","health":30,"id":4567155896}}
{"counter":5026,"type":"move","frame":{"millis":27344,"tic":957},"actor":{"position":{"x":-25589568,"y":26410432,"z":0,"angle":3758096384,"subsector":4566993400},"type":"shotgun_soldier","health":30,"id":4567156160}}
{"counter":5027,"type":"move","frame":{"millis":27344,"tic":957},"actor":{"position":{"x":-1768896,"y":23968960,"z":0,"angle":3221225472,"subsector":4566993432},"type":"shotgun_soldier","health":30,"id":4567156424}}
{"counter":5028,"type":"move","frame":{"millis":27344,"tic":957},"actor":{"position":{"x":43919904,"y":12691488,"z":0,"angle":2147483648,"subsector":4566994408},"type":"spectre","health":150,"id":4567166984}}
{"counter":5029,"type":"move","frame":{"millis":27372,"tic":958},"actor":{"position":{"x":20469995,"y":21097897,"z":3670016,"angle":1191182336,"subsector":4566993160},"type":"player","health":46,"armor":58,"id":4567120880}}
{"counter":5030,"type":"move","frame":{"millis":27372,"tic":958},"actor":{"position":{"x":20461349,"y":21121935,"z":3670016,"angle":1191182336,"subsector":4566993160},"type":"player","health":46,"armor":58,"id":4567120880}}
{"counter":5031,"type":"move","frame":{"millis":27372,"tic":958},"actor":{"position":{"x":6790744,"y":28507166,"z":3670016,"angle":3221225472,"subsector":4566993496},"type":"imp","health":48,"id":4567132400}}
{"counter":5032,"type":"move","frame":{"millis":27372,"tic":958},"actor":{"position":{"x":-6598592,"y":21734080,"z":0,"angle":2147483648,"subsector":4566993256},"type":"imp","health":60,"id":4567132928}}
{"counter":5033,"type":"move","frame":{"millis":27372,"tic":958},"actor":{"position":{"x":-19324736,"y":24705344,"z":0,"angle":0,"subsector":4566993432},"type":"soldier","health":20,"id":4567137944}}
{"counter":5034,"type":"move","frame":{"millis":27372,"tic":958},"actor":{"position":{"x":948032,"y":24699840,"z":0,"angle":2684354560,"subsector":4566993432},"type":"shotgun_soldier","health":30,"id":4567139792}}
{"counter":5035,"type":"move","frame":{"millis":27372,"tic":958},"actor":{"position":{"x":-3995744,"y":16949376,"z":0,"angle":1073741824,"subsector":4566993176},"type":"spectre","health":150,"id":4567162232}}
{"counter":5036,"type":"move","frame":{"millis":27372,"tic":958},"actor":{"position":{"x":10830080,"y":11762048,"z":0,"angle":2684354560,"subsector":4566993032},"type":"imp","health":60,"id":4567172264}}
{"counter":5037,"type":"move","frame":{"millis":27372,"tic":958},"actor":{"position":{"x":-12302400,"y":26267200,"z":0,"angle":1073741824,"subsector":4566993432},"type":"shotgun_soldier","health":30,"id":4567172528}}
{"counter":5038,"type":"move","frame":{"millis":27400,"tic":959},"actor":{"position":{"x":20461349,"y":21121935,"z":3670016,"angle":1191182336,"subsector":4566993160},"type":"player","health":46,"armor":58,"id":4567120880}}
{"counter":5039,"type":"move","frame":{"millis":27400,"tic":959},"actor":{"position":{"x":20453863,"y":21141701,"z":3670016,"angle":1191182336,"subsector":4566993160},"type":"player","health":46,"armor":58,"id":4567120880}}
{"counter":5040,"type":"move","frame":{"millis":27400,"tic":959},"actor":{"position":{"x":11256576,"y":17234016,"z":1048576,"angle":2147483648,"subsector":4566993096},"type":"spectre","health":150,"id":4567137416}}
{"counter":5041,"type":"move","frame":{"millis":27400,"tic":959},"actor":{"position":{"x":-33295040,"y":43780800,"z":0,"angle":3758096384,"subsector":4566993352},"type":"soldier","health":20,"id":4567138208}}
{"counter":5042,"type":"move","frame":{"millis":27400,"tic":959},"actor":{"position":{"x":-28073280,"y":76307776,"z":0,"angle":3758096384,"subsector":4566996696},"type":"shotgun_soldier","health":30,"id":4567155368}}
{"counter":5043,"type":"move","frame":{"millis":27400,"tic":959},"actor":{"position":{"x":43264544,"y":12691488,"z":0,"angle":2147483648,"subsector":4566994408},"type":"spectre","health":150,"id":4567166984}}
{"counter":5044,"type":"move","frame":{"millis":27400,"tic":959},"actor":{"position":{"x":16718912,"y":28682048,"z":3670016,"angle":536870912,"subsector":4566993560},"type":"imp","health":60,"id":4567172000}}
{"damage":10,"counter":5045,"type":"hit","frame":{"millis":27430,"tic":960},"actor":{"position":{"x":20453863,"y":21141701,"z":3670016,"angle":1191182336,"subsector":4566993160},"type":"player","health":46,"armor":58,"id":4567120880},"target":{"position":{"x":19426798,"y":28003581,"z":3670016,"angle":3324893960,"subsector":4566993560},"type":"imp","health":-2,"id":4567132664}}
{"counter":5046,"type":"killed","frame":{"millis":27430,"tic":960},"actor":{"position":{"x":20453863,"y":21141701,"z":3670016,"angle":1191182336,"subsector":4566993160},"type":"player","health":46,"armor":58,"id":4567120880},"target":{"position":{"x":19426798,"y":28003581,"z":3670016,"angle":3324893960,"subsector":4566993560},"type":"imp","health":-2,"id":4567132664}}
{"counter":5047,"type":"move","frame":{"millis":27430,"tic":960},"actor":{"position":{"x":20447078,"y":21159613,"z":3670016,"angle":1191182336,"subsector":4566993160},"type":"player","health":46,"armor":58,"id":4567120880}}
{"counter":5048,"type":"move","frame":{"millis":27430,"tic":960},"actor":{"position":{"x":19414685,"y":28084599,"z":3670016,"angle":3324893960,"subsector":4566993560},"type":"imp","health":-2,"id":4567132664}}
{"counter":5049,"type":"move","frame":{"millis":27430,"tic":960},"actor":{"position":{"x":29677824,"y":13313792,"z":0,"angle":2147483648,"subsector":4566994408},"type":"shotgun_soldier","health":30,"id":4567137680}}
{"counter":5050,"type":"move","frame":{"millis":27430,"tic":960},"actor":{"position":{"x":-28814720,"y":59795456,"z":0,"angle":3221225472,"subsector":4566996712},"type":"soldier","health":20,"id":4567138736}}
{"counter":5051,"type":"move","frame":{"millis":27430,"tic":960},"actor":{"position":{"x":-15162112,"y":25642368,"z":0,"angle":536870912,"subsector":4566993432},"type":"soldier","health":20,"id":4567139528}}
{"counter":5052,"type":"move","frame":{"millis":27430,"tic":960},"actor":{"position":{"x":-15993536,"y":52783680,"z":0,"angle":536870912,"subsector":4566993320},"type":"shotgun_soldier","health":30,"id":4567155632}}
{"counter":5053,"type":"move","frame":{"millis":27430,"tic":960},"actor":{"position":{"x":-24382144,"y":52031680,"z":0,"angle":3221225472,"subsector":4566993384},"type":"shotgun_soldier","health":30,"id":4567155896}}
{"counter":5054,"type":"move","frame":{"millis":27430,"tic":960},"actor":{"position":{"x":-25213568,"y":26034432,"z":0,"angle":3758096384,"subsector":4566993432},"type":"shotgun_soldier","health":30,"id":4567156160}}
{"counter":5055,"type":"move","frame":{"millis":27430,"tic":960},"actor":{"position":{"x":-1768896,"y":23444672,"z":0,"angle":3221225472,"subsector":4566993432},"type":"shotgun_soldier","health":30,"id":4567156424}}
{"counter":5056,"type":"move","frame":{"millis":27430,"tic":960},"actor":{"position":{"x":-3525744,"y":17419376,"z":0,"angle":536870912,"subsector":4566993176},"type":"spectre","health":150,"id":4567162232}}
{"counter":5057,"type":"move","frame":{"millis":27458,"tic":961},"actor":{"position":{"x":20440929,"y":21175845,"z":3670016,"angle":1191182336,"subsector":4566993160},"type":"player","health":46,"armor":58,"id":4567120880}}
{"counter":5058,"type":"move","frame":{"millis":27458,"tic":961},"actor":{"position":{"x":6790744,"y":27982878,"z":3670016,"angle":3221225472,"subsector":4566993496},"type":"imp","health":48,"id":4567132400}}
{"counter":5059,"type":"move","frame":{"millis":27458,"tic":961},"actor":{"position":{"x":19403707,"y":28158021,"z":3670016,"angle":3324893960,"subsector":4566993560},"type":"imp","health":-2,"id":4567132664}}
{"counter":5060,"type":"move","frame":{"millis":27458,"tic":961},"actor":{"position":{"x":-6222592,"y":21358080,"z":0,"angle":2147483648,"subsector":4566993256},"type":"imp","health":60,"id":4567132928}}
{"counter":5061,"type":"move","frame":{"millis":27458,"tic":961},"actor":{"position":{"x":10786576,"y":17704016,"z":1048576,"angle":1610612736,"subsector":4566993096},"type":"spectre","health":150,"id":4567137416}}
{"counter":5062,"type":"move","frame":{"millis":27458,"tic":961},"actor":{"position":{"x":1472320,"y":24699840,"z":0,"angle":3221225472,"subsector":4566993432},"type":"shotgun_soldier","health":30,"id":4567139792}}
{"counter":5063,"type":"move","frame":{"millis":27458,"tic":961},"actor":{"position":{"x":42609184,"y":12691488,"z":0,"angle":2147483648,"subsector":4566994408},"type":"spectre","health":150,"id":4567166984}}
{"counter":5064,"type":"move","frame":{"millis":27458,"tic":961},"actor":{"position":{"x":10454080,"y":11386048,"z":0,"angle":2684354560,"subsector":4566993032},"type":"imp","health":60,"id":4567172264}}
{"counter":5065,"type":"move","frame":{"millis":27458,"tic":961},"actor":{"position":{"x":-12302400,"y":26791488,"z":0,"angle":1073741824,"subsector":4566993432},"type":"shotgun_soldier","health":30,"id":4567172528}}
{"counter":5066,"type":"move","frame":{"millis":27486,"tic":962},"actor":{"position":{"x":20435356,"y":21190555,"z":3670016,"angle":1191182336,"subsector":4566993160},"type":"player","health":46,"armor":58,"id":4567120880}}
{"counter":5067,"type":"move","frame":{"millis":27486,"tic":962},"actor":{"position":{"x":19393758,"y":28224559,"z":3670016,"angle":3324893960,"subsector":4566993560},"type":"imp","health":-2,"id":4567132664}}
{"counter":5068,"type":"move","frame":{"millis":27486,"tic":962},"actor":{"position":{"x":-18800448,"y":24705344,"z":0,"angle":0,"subsector":4566993432},"type":"soldier","health":20,"id":4567137944}}
{"counter":5069,"type":"move","frame":{"millis":27486,"tic":962},"actor":{"position":{"x":-28449280,"y":75931776,"z":0,"angle":3758096384,"subsector":4566996696},"type":"shotgun_soldier","health":30,"id":4567155368}}
{"counter":5070,"type":"move","frame":{"millis":27486,"tic":962},"actor":{"position":{"x":-3055744,"y":17889376,"z":0,"angle":536870912,"subsector":4566993176},"type":"spectre","health":150,"id":4567162232}}
{"counter":5071,"type":"move","frame":{"millis":27486,"tic":962},"actor":{"position":{"x":16718912,"y":29206336,"z":3670016,"angle":1073741824,"subsector":4566993560},"type":"imp","health":60,"id":4567172000}}
{"counter":5072,"type":"move","frame":{"millis":27516,"tic":963},"actor":{"position":{"x":20430305,"y":21203885,"z":3670016,"angle":1191182336,"subsector":4566993160},"type":"player","health":46,"armor":58,"id":4567120880}}
{"counter":5073,"type":"move","frame":{"millis":27516,"tic":963},"actor":{"position":{"x":19384741,"y":28284859,"z":3670016,"angle":3324893960,"subsector":4566993560},"type":"imp","health":-2,"id":4567132664}}
{"counter":5074,"type":"move","frame":{"millis":27516,"tic":963},"actor":{"position":{"x":11441936,"y":17704016,"z":1048576,"angle":1610612736,"subsector":4566993096},"type":"spectre","health":150,"id":4567137416}}
{"counter":5075,"type":"move","frame":{"millis":27516,"tic":963},"actor":{"position":{"x":29153536,"y":13313792,"z":0,"angle":2147483648,"subsector":4566993080},"type":"shotgun_soldier","health":30,"id":4567137680}}
{"counter":5076,"type":"move","frame":{"millis":27516,"tic":963},"actor":{"position":{"x":-32919040,"y":43404800,"z":0,"angle":3758096384,"subsector":4566993352},"type":"soldier","health":20,"id":4567138208}}
{"counter":5077,"type":"move","frame":{"millis":27516,"tic":963},"actor":{"position":{"x":-16517824,"y":52783680,"z":0,"angle":0,"subsector":4566993320},"type":"shotgun_soldier","health":30,"id":4567155632}}
{"counter":5078,"type":"move","frame":{"millis":27516,"tic":963},"actor":{"position":{"x":-24906432,"y":52031680,"z":0,"angle":2684354560,"subsector":4566993384},"type":"shotgun_soldier","health":30,"id":4567155896}}
{"counter":5079,"type":"move","frame":{"millis":27516,"tic":963},"actor":{"position":{"x":-24837568,"y":25658432,"z":0,"angle":3758096384,"subsector":4566993432},"type":"shotgun_soldier","health":30,"id":4567156160}}
{"counter":5080,"type":"move","frame":{"millis":27516,"tic":963},"actor":{"position":{"x":-1768896,"y":22920384,"z":0,"angle":3221225472,"subsector":4566993240},"type":"shotgun_soldier","health":30,"id":4567156424}}
{"counter":5081,"type":"move","frame":{"millis":27516,"tic":963},"actor":{"position":{"x":41953824,"y":12691488,"z":0,"angle":2147483648,"subsector":4566994408},"type":"spectre","health":150,"id":4567166984}}
{"counter":5082,"type":"move","frame":{"millis":27543,"tic":964},"actor":{"position":{"x":20430305,"y":21203885,"z":3670016,"angle":1191182336,"subsector":4566993160},"type":"player","health":46,"armor":58,"id":4567120880}}
{"counter":5083,"type":"move","frame":{"millis":27543,"tic":964},"actor":{"position":{"x":20426077,"y":21213947,"z":3670016,"angle":1191182336,"subsector":4566993160},"type":"player","health":46,"armor":58,"id":4567120880}}
{"counter":5084,"type":"move","frame":{"millis":27543,"tic":964},"actor":{"position":{"x":7315032,"y":27982878,"z":3670016,"angle":3221225472,"subsector":4566993496},"type":"imp","health":48,"id":4567132400}}
{"counter":5085,"type":"move","frame":{"millis":27543,"tic":964},"actor":{"position":{"x":19376569,"y":28339505,"z":3670016,"angle":3324893960,"subsector":4566993560},"type":"imp","health":-2,"id":4567132664}}
{"counter":5086,"type":"move","frame":{"millis":27543,"tic":964},"actor":{"position":{"x":-5698304,"y":21358080,"z":0,"angle":2684354560,"subsector":4566993256},"type":"imp","health":60,"id":4567132928}}
{"counter":5087,"type":"move","frame":{"millis":27543,"tic":964},"actor":{"position":{"x":-28814720,"y":59271168,"z":0,"angle":3221225472,"subsector":4566996712},"type":"soldier","health":20,"id":4567138736}}
{"counter":5088,"type":"move","frame":{"millis":27543,"tic":964},"actor":{"position":{"x":-15162112,"y":26166656,"z":0,"angle":1073741824,"subsector":4566993432},"type":"soldier","health":20,"id":4567139528}}
{"counter":5089,"type":"move","frame":{"millis":27543,"tic":964},"actor":{"position":{"x":1996608,"y":24699840,"z":0,"angle":3758096384,"subsector":4566993432},"type":"shotgun_soldier","health":30,"id":4567139792}}
{"counter":5090,"type":"move","frame":{"millis":27543,"tic":964},"actor":{"position":{"x":-2400384,"y":17889376,"z":0,"angle":536870912,"subsector":4566993176},"type":"spectre","health":150,"id":4567162232}}
{"counter":5091,"type":"move","frame":{"millis":27543,"tic":964},"actor":{"position":{"x":10078080,"y":11010048,"z":0,"angle":2684354560,"subsector":4566993032},"type":"imp","health":60,"id":4567172264}}
{"counter":5092,"type":"move","frame":{"millis":27543,"tic":964},"actor":{"position":{"x":-12302400,"y":27315776,"z":0,"angle":1073741824,"subsector":4566993432},"type":"shotgun_soldier","health":30,"id":4567172528}}
{"counter":5093,"type":"move","frame":{"millis":27572,"tic":965},"actor":{"position":{"x":20426077,"y":21213947,"z":3670016,"angle":1191182336,"subsector":4566993160},"type":"player","health":46,"armor":58,"id":4567120880}}
{"counter":5094,"type":"move","frame":{"millis":27572,"tic":965},"actor":{"position":{"x":20422595,"y":21221047,"z":3670016,"angle":1191182336,"subsector":4566993160},"type":"player","health":46,"armor":58,"id":4567120880}}
{"counter":5095,"type":"move","frame":{"millis":27572,"tic":965},"actor":{"position":{"x":19369163,"y":28389027,"z":3670016,"angle":3324893960,"subsector":4566993560},"type":"imp","health":-2,"id":4567132664}}
{"counter":5096,"type":"move","frame":{"millis":27572,"tic":965},"actor":{"position":{"x":12097296,"y":17704016,"z":1048576,"angle":1073741824,"subsector":4566993096},"type":"spectre","health":150,"id":4567137416}}
{"counter":5097,"type":"move","frame":{"millis":27572,"tic":965},"actor":{"position":{"x":-28825280,"y":75555776,"z":0,"angle":3221225472,"subsector":4566996696},"type":"shotgun_soldier","health":30,"id":4567155368}}
{"counter":5098,"type":"move","frame":{"millis":27572,"tic":965},"actor":{"position":{"x":41298464,"y":12691488,"z":0,"angle":2147483648,"subsector":4566994408},"type":"spectre","health":150,"id":4567166984}}
{"counter":5099,"type":"move","frame":{"millis":27572,"tic":965},"actor":{"position":{"x":16718912,"y":29730624,"z":3670016,"angle":1073741824,"subsector":4566993560},"type":"imp","health":60,"id":4567172000}}
{"counter":5100,"type":"move","frame":{"millis":27600,"tic":966},"actor":{"position":{"x":20422595,"y":21221047,"z":3670016,"angle":1174405120,"subsector":4566993160},"type":"player","health":46,"armor":58,"id":4567120880}}
{"counter":5101,"type":"move","frame":{"millis":27600,"tic":966},"actor":{"position":{"x":20424861,"y":21191018,"z":3670016,"angle":1174405120,"subsector":4566993160},"type":"player","health":46,"armor":58,"id":4567120880}}
{"counter":5102,"type":"move","frame":{"millis":27600,"tic":966},"actor":{"position":{"x":19362451,"y":28433906,"z":3670016,"angle":3324893960,"subsector":4566993560},"type":"imp","health":-2,"id":4567132664}}
{"counter":5103,"type":"move","frame":{"millis":27603,"tic":966},"actor":{"position":{"x":29529536,"y":12937792,"z":0,"angle":2147483648,"subsector":4566994408},"type":"shotgun_soldier","health":30,"id":4567137680}}
{"counter":5104,"type":"move","frame":{"millis":27603,"tic":966},"actor":{"position":{"x":-18276160,"y":24705344,"z":0,"angle":0,"subsector":4566993432},"type":"soldier","health":20,"id":4567137944}}
{"counter":5105,"type":"move","frame":{"millis":27603,"tic":966},"actor":{"position":{"x":-17042112,"y":52783680,"z":0,"angle":536870912,"subsector":4566993320},"type":"shotgun_soldier","health":30,"id":4567155632}}
{"counter":5106,"type":"move","frame":{"millis":27603,"tic":966},"actor":{"position":{"x":-24530432,"y":51655680,"z":0,"angle":2147483648,"subsector":4566993384},"type":"shotgun_soldier","health":30,"id":4567155896}}
{"counter":5107,"type":"move","frame":{"millis":27603,"tic":966},"actor":{"position":{"x":-24461568,"y":25282432,"z":0,"angle":3758096384,"subsector":4566993432},"type":"shotgun_soldier","health":30,"id":4567156160}}
{"counter":5108,"type":"move","frame":{"millis":27603,"tic":966},"actor":{"position":{"x":-1392896,"y":22544384,"z":0,"angle":3221225472,"subsector":4566993240},"type":"shotgun_soldier","health":30,"id":4567156424}}
{"counter":5109,"type":"move","frame":{"millis":27603,"tic":966},"actor":{"position":{"x":-1745024,"y":17889376,"z":0,"angle":0,"subsector":4566993176},"type":"spectre","health":150,"id":4567162232}}
{"counter":5110,"type":"move","frame":{"millis":27630,"tic":967},"actor":{"position":{"x":20424861,"y":21191018,"z":3670016,"angle":1174405120,"subsector":4566993160},"type":"player","health":46,"armor":58,"id":4567120880}}
{"counter":5111,"type":"move","frame":{"millis":27630,"tic":967},"actor":{"position":{"x":20424861,"y":21191018,"z":3670016,"angle":1174405120,"subsector":4566993160},"type":"player","health":46,"armor":58,"id":4567120880}}
{"counter":5112,"type":"move","frame":{"millis":27630,"tic":967},"actor":{"position":{"x":20538741,"y":21107966,"z":3670016,"angle":1174405120,"subsector":4566993160},"type":"player","health":46,"armor":58,"id":4567120880}}
{"counter":5113,"type":"move","frame":{"millis":27630,"tic":967},"actor":{"position":{"x":7839320,"y":27982878,"z":3670016,"angle":3758096384,"subsector":4566993496},"type":"imp","health":48,"id":4567132400}}
{"counter":5114,"type":"move","frame":{"millis":27630,"tic":967},"actor":{"position":{"x":19356368,"y":28474577,"z":3670016,"angle":3324893960,"subsector":4566993560},"type":"imp","health":-2,"id":4567132664}}
{"counter":5115,"type":"move","frame":{"millis":27630,"tic":967},"actor":{"position":{"x":-5174016,"y":21358080,"z":0,"angle":3221225472,"subsector":4566993256},"type":"imp","health":60,"id":4567132928}}
{"counter":5116,"type":"move","frame":{"millis":27630,"tic":967},"actor":{"position":{"x":11627296,"y":17234016,"z":1048576,"angle":536870912,"subsector":4566993096},"type":"spectre","health":150,"id":4567137416}}
{"counter":5117,"type":"move","frame":{"millis":27630,"tic":967},"actor":{"position":{"x":-32543040,"y":43028800,"z":0,"angle":3758096384,"subsector":4566993352},"type":"soldier","health":20,"id":4567138208}}
{"counter":5118,"type":"move","frame":{"millis":27630,"tic":967},"actor":{"position":{"x":2520896,"y":24699840,"z":0,"angle":0,"subsector":4566993432},"type":"shotgun_soldier","health":30,"id":4567139792}}
{"counter":5119,"type":"move","frame":{"millis":27630,"tic":967},"actor":{"position":{"x":40643104,"y":12691488,"z":0,"angle":2147483648,"subsector":4566994408},"type":"spectre","health":150,"id":4567166984}}
{"counter":5120,"type":"move","frame":{"millis":27630,"tic":967},"actor":{"position":{"x":9702080,"y":10634048,"z":0,"angle":2684354560,"subsector":4566993032},"type":"imp","health":60,"id":4567172264}}
{"counter":5121,"type":"move","frame":{"millis":27630,"tic":967},"actor":{"position":{"x":-12302400,"y":27840064,"z":0,"angle":1073741824,"subsector":4566993432},"type":"shotgun_soldier","health":30,"id":4567172528}}
{"counter":5122,"type":"move","frame":{"millis":27658,"tic":968},"actor":{"position":{"x":20641944,"y":21032700,"z":3670016,"angle":1174405120,"subsector":4566993160},"type":"player","health":46,"armor":58,"id":4567120880}}
{"counter":5123,"type":"move","frame":{"millis":27658,"tic":968},"actor":{"position":{"x":19350855,"y":28511435,"z":3670016,"angle":3324893960,"subsector":4566993560},"type":"imp","health":-2,"id":4567132664}}
{"counter":5124,"type":"move","frame":{"millis":27658,"tic":968},"actor":{"position":{"x":-28438720,"y":58895168,"z":0,"angle":3221225472,"subsector":4566996712},"type":"soldier","health":20,"id":4567138736}}
{"counter":5125,"type":"move","frame":{"millis":27658,"tic":968},"actor":{"position":{"x":-15162112,"y":26690944,"z":0,"angle":1073741824,"subsector":4566993432},"type":"soldier","health":20,"id":4567139528}}
{"counter":5126,"type":"move","frame":{"millis":27658,"tic":968},"actor":{"position":{"x":-29201280,"y":75179776,"z":0,"angle":2684354560,"subsector":4566996696},"type":"shotgun_soldier","health":30,"id":4567155368}}
{"counter":5127,"type":"move","frame":{"millis":27658,"tic":968},"actor":{"position":{"x":-1089664,"y":17889376,"z":0,"angle":0,"subsector":4566993176},"type":"spectre","health":150,"id":4567162232}}
{"counter":5128,"type":"move","frame":{"millis":27658,"tic":968},"actor":{"position":{"x":16718912,"y":30254912,"z":3670016,"angle":1073741824,"subsector":4566993560},"type":"imp","health":60,"id":4567172000}}
{"counter":5129,"type":"move","frame":{"millis":27686,"tic":969},"actor":{"position":{"x":20641944,"y":21032700,"z":3670016,"angle":1174405120,"subsector":4566993160},"type":"player","health":46,"armor":58,"id":4567120880}}
{"counter":5130,"type":"move","frame":{"millis":27686,"tic":969},"actor":{"position":{"x":20641944,"y":21032700,"z":3670016,"angle":1174405120,"subsector":4566993160},"type":"player","health":46,"armor":58,"id":4567120880}}
{"counter":5131,"type":"move","frame":{"millis":27686,"tic":969},"actor":{"position":{"x":20843382,"y":20934986,"z":3670016,"angle":1174405120,"subsector":4566993160},"type":"player","health":46,"armor":58,"id":4567120880}}
{"counter":5132,"type":"move","frame":{"millis":27686,"tic":969},"actor":{"position":{"x":19345858,"y":28544837,"z":3670016,"angle":3324893960,"subsector":4566993560},"type":"imp","health":-2,"id":4567132664}}
{"counter":5133,"type":"move","frame":{"millis":27686,"tic":969},"actor":{"position":{"x":11157296,"y":16764016,"z":1048576,"angle":1073741824,"subsector":4566993032},"type":"spectre","health":150,"id":4567137416}}
{"counter":5134,"type":"move","frame":{"millis":27686,"tic":969},"actor":{"position":{"x":29905536,"y":12561792,"z":0,"angle":2684354560,"subsector":4566994408},"type":"shotgun_soldier","health":30,"id":4567137680}}
{"counter":5135,"type":"move","frame":{"millis":27686,"tic":969},"actor":{"position":{"x":-17566400,"y":52783680,"z":0,"angle":1073741824,"subsector":4566993320},"type":"shotgun_soldier","health":30,"id":4567155632}}
{"counter":5136,"type":"move","frame":{"millis":27686,"tic":969},"actor":{"position":{"x":-24006144,"y":51655680,"z":0,"angle":2684354560,"subsector":4566993384},"type":"shotgun_soldier","health":30,"id":4567155896}}
{"counter":5137,"type":"move","frame":{"millis":27686,"tic":969},"actor":{"position":{"x":-24085568,"y":24906432,"z":0,"angle":3758096384,"subsector":4566993432},"type":"shotgun_soldier","health":30,"id":4567156160}}
{"counter":5138,"type":"enter_subsector","frame":{"millis":27686,"tic":969},"actor":{"position":{"x":-1392896,"y":22020096,"z":0,"angle":3758096384,"subsector":4566993256},"type":"shotgun_soldier","health":30,"id":4567156424}}
{"counter":5139,"type":"move","frame":{"millis":27686,"tic":969},"actor":{"position":{"x":-1392896,"y":22020096,"z":0,"angle":3758096384,"subsector":4566993256},"type":"shotgun_soldier","health":30,"id":4567156424}}
{"counter":5140,"type":"move","frame":{"millis":27686,"tic":969},"actor":{"position":{"x":39987744,"y":12691488,"z":0,"angle":2147483648,"subsector":4566994408},"type":"spectre","health":150,"id":4567166984}}
{"counter":5141,"type":"move","frame":{"millis":27715,"tic":970},"actor":{"position":{"x":20843382,"y":20934986,"z":3670016,"angle":1174405120,"subsector":4566993160},"type":"player","health":46,"armor":58,"id":4567120880}}
{"counter":5142,"type":"move","frame":{"millis":27716,"tic":970},"actor":{"position":{"x":20843382,"y":20934986,"z":3670016,"angle":1174405120,"subsector":4566993160},"type":"player","health":46,"armor":58,"id":4567120880}}
{"counter":5143,"type":"move","frame":{"millis":27716,"tic":970},"actor":{"position":{"x":21131436,"y":20833134,"z":3670016,"angle":1174405120,"subsector":4566993160},"type":"player","health":46,"armor":58,"id":4567120880}}
{"counter":5144,"type":"move","frame":{"millis":27716,"tic":970},"actor":{"position":{"x":8363608,"y":27982878,"z":3670016,"angle":0,"subsector":4566993496},"type":"imp","health":48,"id":4567132400}}
{"counter":5145,"type":"move","frame":{"millis":27716,"tic":970},"actor":{"position":{"x":19341329,"y":28575107,"z":3670016,"angle":3324893960,"subsector":4566993560},"type":"imp","health":-2,"id":4567132664}}
{"counter":5146,"type":"move","frame":{"millis":27716,"tic":970},"actor":{"position":{"x":-4649728,"y":21358080,"z":0,"angle":3758096384,"subsector":4566993256},"type":"imp","health":60,"id":4567132928}}
{"counter":5147,"type":"move","frame":{"millis":27716,"tic":970},"actor":{"position":{"x":-18652160,"y":25081344,"z":0,"angle":0,"subsector":4566993432},"type":"soldier","health":20,"id":4567137944}}
{"counter":5148,"type":"move","frame":{"millis":27716,"tic":970},"actor":{"position":{"x":2520896,"y":25224128,"z":0,"angle":0,"subsector":4566993432},"type":"shotgun_soldier","health":30,"id":4567139792}}
{"counter":5149,"type":"move","frame":{"millis":27716,"tic":970},"actor":{"position":{"x":-434304,"y":17889376,"z":0,"angle":0,"subsector":4566993176},"type":"spectre","health":150,"id":4567162232}}
{"counter":5150,"type":"move","frame":{"millis":27716,"tic":970},"actor":{"position":{"x":9326080,"y":10258048,"z":0,"angle":2684354560,"subsector":4566993032},"type":"imp","health":60,"id":4567172264}}
{"counter":5151,"type":"move","frame":{"millis":27716,"tic":970},"actor":{"position":{"x":-12302400,"y":28364352,"z":0,"angle":1073741824,"subsector":4566993432},"type":"shotgun_soldier","health":30,"id":4567172528}}
{"counter":5152,"type":"move","frame":{"millis":27743,"tic":971},"actor":{"position":{"x":21131436,"y":20833134,"z":3670016,"angle":1174405120,"subsector":4566993160},"type":"player","health":46,"armor":58,"id":4567120880}}
{"counter":5153,"type":"move","frame":{"millis":27743,"tic":971},"actor":{"position":{"x":21404638,"y":20742637,"z":3670016,"angle":1174405120,"subsector":4566993160},"type":"player","health":46,"armor":58,"id":4567120880}}
{"counter":5154,"type":"move","frame":{"millis":27743,"tic":971},"actor":{"position":{"x":19341329,"y":28575107,"z":3670016,"angle":3324893960,"subsector":4566993560},"type":"imp","health":-2,"id":4567132664}}
{"counter":5155,"type":"move","frame":{"millis":27743,"tic":971},"actor":{"position":{"x":10687296,"y":16294016,"z":1048576,"angle":1610612736,"subsector":4566993032},"type":"spectre","health":150,"id":4567137416}}
{"counter":5156,"type":"move","frame":{"millis":27743,"tic":971},"actor":{"position":{"x":-32167040,"y":42652800,"z":0,"angle":3758096384,"subsector":4566993352},"type":"soldier","health":20,"id":4567138208}}
{"counter":5157,"type":"move","frame":{"millis":27743,"tic":971},"actor":{"position":{"x":-28825280,"y":74803776,"z":0,"angle":2684354560,"subsector":4566996696},"type":"shotgun_soldier","health":30,"id":4567155368}}
{"counter":5158,"type":"move","frame":{"millis":27743,"tic":971},"actor":{"position":{"x":39332384,"y":12691488,"z":0,"angle":2147483648,"subsector":4566994408},"type":"spectre","health":150,"id":4567166984}}
{"counter":5159,"type":"move","frame":{"millis":27743,"tic":971},"actor":{"position":{"x":16718912,"y":30779200,"z":3670016,"angle":1073741824,"subsector":4566993560},"type":"imp","health":60,"id":4567172000}}
{"counter":5160,"type":"move","frame":{"millis":27772,"tic":972},"actor":{"position":{"x":21404638,"y":20742637,"z":3670016,"angle":1174405120,"subsector":4566993160},"type":"player","health":46,"armor":58,"id":4567120880}}
{"counter":5161,"type":"move","frame":{"millis":27772,"tic":972},"actor":{"position":{"x":21651925,"y":20662649,"z":3670016,"angle":1174405120,"subsector":4566993160},"type":"player","health":46,"armor":58,"id":4567120880}}
{"counter":5162,"type":"move","frame":{"millis":27772,"tic":972},"actor":{"position":{"x":30281536,"y":12185792,"z":0,"angle":3221225472,"subsector":4566994408},"type":"shotgun_soldier","health":30,"id":4567137680}}
{"counter":5163,"type":"move","frame":{"millis":27772,"tic":972},"actor":{"position":{"x":-28062720,"y":58519168,"z":0,"angle":3758096384,"subsector":4566993352},"type":"soldier","health":20,"id":4567138736}}
{"counter":5164,"type":"move","frame":{"millis":27772,"tic":972},"actor":{"position":{"x":-15162112,"y":27215232,"z":0,"angle":1073741824,"subsector":4566993432},"type":"soldier","health":20,"id":4567139528}}
{"counter":5165,"type":"move","frame":{"millis":27772,"tic":972},"actor":{"position":{"x":-18090688,"y":52783680,"z":0,"angle":1610612736,"subsector":4566993320},"type":"shotgun_soldier","health":30,"id":4567155632}}
{"counter":5166,"type":"move","frame":{"millis":27772,"tic":972},"actor":{"position":{"x":-23630144,"y":52031680,"z":0,"angle":3221225472,"subsector":4566993384},"type":"shotgun_soldier","health":30,"id":4567155896}}
{"counter":5167,"type":"move","frame":{"millis":27772,"tic":972},"actor":{"position":{"x":-23709568,"y":24530432,"z":0,"angle":3758096384,"subsector":4566993432},"type":"shotgun_soldier","health":30,"id":4567156160}}
{"counter":5168,"type":"move","frame":{"millis":27772,"tic":972},"actor":{"position":{"x":-1392896,"y":21495808,"z":0,"angle":3221225472,"subsector":4566993256},"type":"shotgun_soldier","health":30,"id":4567156424}}
{"counter":5169,"type":"move","frame":{"millis":27772,"tic":972},"actor":{"position":{"x":221056,"y":17889376,"z":0,"angle":0,"subsector":4566993176},"type":"spectre","health":150,"id":4567162232}}
{"counter":5170,"type":"move","frame":{"millis":27800,"tic":973},"actor":{"position":{"x":21651925,"y":20662649,"z":3670016,"angle":1174405120,"subsector":4566993160},"type":"player","health":46,"armor":58,"id":4567120880}}
{"counter":5171,"type":"move","frame":{"millis":27800,"tic":973},"actor":{"position":{"x":21651925,"y":20662649,"z":3670016,"angle":1174405120,"subsector":4566993160},"type":"player","health":46,"armor":58,"id":4567120880}}
{"counter":5172,"type":"move","frame":{"millis":27800,"tic":973},"actor":{"position":{"x":21870168,"y":20601710,"z":3670016,"angle":1174405120,"subsector":4566993160},"type":"player","health":46,"armor":58,"id":4567120880}}
{"counter":5173,"type":"move","frame":{"millis":27800,"tic":973},"actor":{"position":{"x":8887896,"y":27982878,"z":3670016,"angle":0,"subsector":4566993496},"type":"imp","health":48,"id":4567132400}}
{"counter":5174,"type":"move","frame":{"millis":27800,"tic":973},"actor":{"position":{"x":-4125440,"y":21358080,"z":0,"angle":0,"subsector":4566993256},"type":"imp","health":60,"id":4567132928}}
{"counter":5175,"type":"move","frame":{"millis":27800,"tic":973},"actor":{"position":{"x":10217296,"y":15824016,"z":524288,"angle":2147483648,"subsector":4566993032},"type":"spectre","health":150,"id":4567137416}}
{"counter":5176,"type":"move","frame":{"millis":27800,"tic":973},"actor":{"position":{"x":2520896,"y":25748416,"z":0,"angle":536870912,"subsector":4566993432},"type":"shotgun_soldier","health":30,"id":4567139792}}
{"counter":5177,"type":"move","frame":{"millis":27800,"tic":973},"actor":{"position":{"x":38677024,"y":12691488,"z":0,"angle":2147483648,"subsector":4566994408},"type":"spectre","health":150,"id":4567166984}}
{"counter":5178,"type":"move","frame":{"millis":27800,"tic":973},"actor":{"position":{"x":8950080,"y":9882048,"z":0,"angle":2684354560,"subsector":4566993032},"type":"imp","health":60,"id":4567172264}}
{"counter":5179,"type":"move","frame":{"millis":27800,"tic":973},"actor":{"position":{"x":-12302400,"y":28888640,"z":0,"angle":1073741824,"subsector":4566993432},"type":"shotgun_soldier","health":30,"id":4567172528}}
{"counter":5180,"type":"move","frame":{"millis":27830,"tic":974},"actor":{"position":{"x":21870168,"y":20601710,"z":3670016,"angle":1174405120,"subsector":4566993160},"type":"player","health":46,"armor":58,"id":4567120880}}
{"counter":5181,"type":"move","frame":{"millis":27830,"tic":974},"actor":{"position":{"x":21870168,"y":20601710,"z":3670016,"angle":1174405120,"subsector":4566993160},"type":"player","health":46,"armor":58,"id":4567120880}}
{"counter":5182,"type":"move","frame":{"millis":27830,"tic":974},"actor":{"position":{"x":22012404,"y":20585844,"z":3670016,"angle":1174405120,"subsector":4566993160},"type":"player","health":46,"armor":58,"id":4567120880}}
{"counter":5183,"type":"move","frame":{"millis":27830,"tic":974},"actor":{"position":{"x":-19028160,"y":25457344,"z":0,"angle":536870912,"subsector":4566993432},"type":"soldier","health":20,"id":4567137944}}
{"counter":5184,"type":"move","frame":{"millis":27830,"tic":974},"actor":{"position":{"x":-28825280,"y":74279488,"z":0,"angle":3221225472,"subsector":4566996712},"type":"shotgun_soldier","health":30,"id":4567155368}}
{"counter":5185,"type":"move","frame":{"millis":27830,"tic":974},"actor":{"position":{"x":876416,"y":17889376,"z":0,"angle":0,"subsector":4566993176},"type":"spectre","health":150,"id":4567162232}}
{"counter":5186,"type":"move","frame":{"millis":27830,"tic":974},"actor":{"position":{"x":16718912,"y":31303488,"z":3670016,"angle":1073741824,"subsector":4566993560},"type":"imp","health":60,"id":4567172000}}
{"counter":5187,"type":"move","frame":{"millis":27858,"tic":975},"actor":{"position":{"x":22012404,"y":20585844,"z":3670016,"angle":1174405120,"subsector":4566993160},"type":"player","health":46,"armor":58,"id":4567120880}}
{"counter":5188,"type":"move","frame":{"millis":27858,"tic":975},"actor":{"position":{"x":22012404,"y":20585844,"z":3670016,"angle":1174405120,"subsector":4566993160},"type":"player","health":46,"armor":58,"id":4567120880}}
{"counter":5189,"type":"move","frame":{"millis":27858,"tic":975},"actor":{"position":{"x":22034898,"y":20590838,"z":3670016,"angle":1174405120,"subsector":4566993160},"type":"player","health":46,"armor":58,"id":4567120880}}
{"counter":5190,"type":"move","frame":{"millis":27858,"tic":975},"actor":{"position":{"x":9747296,"y":15354016,"z":524288,"angle":2684354560,"subsector":4566993032},"type":"spectre","health":150,"id":4567137416}}
{"counter":5191,"type":"move","frame":{"millis":27858,"tic":975},"actor":{"position":{"x":30657536,"y":11809792,"z":0,"angle":3758096384,"subsector":4566994408},"type":"shotgun_soldier","health":30,"id":4567137680}}
{"counter":5192,"type":"move","frame":{"millis":27858,"tic":975},"actor":{"position":{"x":-31791040,"y":42276800,"z":0,"angle":3758096384,"subsector":4566993352},"type":"soldier","health":20,"id":4567138208}}
{"counter":5193,"type":"move","frame":{"millis":27858,"tic":975},"actor":{"position":{"x":-18614976,"y":52783680,"z":0,"angle":2147483648,"subsector":4566993320},"type":"shotgun_soldier","health":30,"id":4567155632}}
{"counter":5194,"type":"move","frame":{"millis":27858,"tic":975},"actor":{"position":{"x":-23254144,"y":52407680,"z":0,"angle":3758096384,"subsector":4566993384},"type":"shotgun_soldier","health":30,"id":4567155896}}
{"counter":5195,"type":"move","frame":{"millis":27858,"tic":975},"actor":{"position":{"x":-23185280,"y":24530432,"z":0,"angle":3758096384,"subsector":4566993432},"type":"shotgun_soldier","health":30,"id":4567156160}}
{"counter":5196,"type":"move","frame":{"millis":27858,"tic":975},"actor":{"position":{"x":-1392896,"y":22020096,"z":0,"angle":3221225472,"subsector":4566993256},"type":"shotgun_soldier","health":30,"id":4567156424}}
{"counter":5197,"type":"move","frame":{"millis":27858,"tic":975},"actor":{"position":{"x":38021664,"y":12691488,"z":0,"angle":2147483648,"subsector":4566994408},"type":"spectre","health":150,"id":4567166984}}
{"counter":5198,"type":"move","frame":{"millis":27886,"tic":976},"actor":{"position":{"x":22034898,"y":20590838,"z":3670016,"angle":1191182336,"subsector":4566993160},"type":"player","health":46,"armor":58,"id":4567120880}}
{"counter":5199,"type":"move","frame":{"millis":27886,"tic":976},"actor":{"position":{"x":22052476,"y":20611504,"z":3670016,"angle":1191182336,"subsector":4566993160},"type":"player","health":46,"armor":58,"id":4567120880}}
{"counter":5200,"type":"move","frame":{"millis":27886,"tic":976},"actor":{"position":{"x":9412184,"y":27982878,"z":3670016,"angle":0,"subsector":4566993496},"type":"imp","health":48,"id":4567132400}}
{"counter":5201,"type":"enter_subsector","frame":{"millis":27886,"tic":976},"actor":{"position":{"x":-4125440,"y":20833792,"z":0,"angle":0,"subsector":4566993224},"type":"imp","health":60,"id":4567132928}}
{"counter":5202,"type":"move","frame":{"millis":27886,"tic":976},"actor":{"position":{"x":-4125440,"y":20833792,"z":0,"angle":0,"subsector":4566993224},"type":"imp","health":60,"id":4567132928}}
{"counter":5203,"type":"move","frame":{"millis":27886,"tic":976},"actor":{"position":{"x":-27686720,"y":58143168,"z":0,"angle":3758096384,"subsector":4566993352},"type":"soldier","health":20,"id":4567138736}}
{"counter":5204,"type":"move","frame":{"millis":27886,"tic":976},"actor":{"position":{"x":-15162112,"y":27739520,"z":0,"angle":1073741824,"subsector":4566993432},"type":"soldier","health":20,"id":4567139528}}
{"counter":5205,"type":"move","frame":{"millis":27886,"tic":976},"actor":{"position":{"x":2520896,"y":26272704,"z":0,"angle":1073741824,"subsector":4566993432},"type":"shotgun_soldier","health":30,"id":4567139792}}
{"counter":5206,"type":"move","frame":{"millis":27886,"tic":976},"actor":{"position":{"x":1531776,"y":17889376,"z":0,"angle":0,"subsector":4566993176},"type":"spectre","health":150,"id":4567162232}}
{"counter":5207,"type":"move","frame":{"millis":27886,"tic":976},"actor":{"position":{"x":8574080,"y":9506048,"z":0,"angle":2684354560,"subsector":4566993032},"type":"imp","health":60,"id":4567172264}}
{"counter":5208,"type":"move","frame":{"millis":27886,"tic":976},"actor":{"position":{"x":-12302400,"y":29412928,"z":0,"angle":1073741824,"subsector":4566993432},"type":"shotgun_soldier","health":30,"id":4567172528}}
{"counter":5209,"type":"move","frame":{"millis":27915,"tic":977},"actor":{"position":{"x":22052476,"y":20611504,"z":3670016,"angle":1224736768,"subsector":4566993160},"type":"player","health":46,"armor":58,"id":4567120880}}
{"counter":5210,"type":"move","frame":{"millis":27915,"tic":977},"actor":{"position":{"x":22066608,"y":20638224,"z":3670016,"angle":1224736768,"subsector":4566993160},"type":"player","health":46,"armor":58,"id":4567120880}}
{"counter":5211,"type":"move","frame":{"millis":27915,"tic":977},"actor":{"position":{"x":9747296,"y":16009376,"z":524288,"angle":2684354560,"subsector":4566993032},"type":"spectre","health":150,"id":4567137416}}
{"counter":5212,"type":"move","frame":{"millis":27915,"tic":977},"actor":{"position":{"x":-28825280,"y":73755200,"z":0,"angle":3221225472,"subsector":4566996712},"type":"shotgun_soldier","health":30,"id":4567155368}}
{"counter":5213,"type":"move","frame":{"millis":27915,"tic":977},"actor":{"position":{"x":37366304,"y":12691488,"z":0,"angle":2147483648,"subsector":4566994408},"type":"spectre","health":150,"id":4567166984}}
{"counter":5214,"type":"move","frame":{"millis":27915,"tic":977},"actor":{"position":{"x":16718912,"y":31827776,"z":3670016,"angle":1073741824,"subsector":4566993528},"type":"imp","health":60,"id":4567172000}}
{"counter":5215,"type":"move","frame":{"millis":27943,"tic":978},"actor":{"position":{"x":22066608,"y":20638224,"z":3670016,"angle":1275068416,"subsector":4566993160},"type":"player","health":46,"armor":58,"id":4567120880}}
{"counter":5216,"type":"move","frame":{"millis":27943,"tic":978},"actor":{"position":{"x":22071081,"y":20689872,"z":3670016,"angle":1275068416,"subsector":4566993160},"type":"player","health":46,"armor":58,"id":4567120880}}
{"counter":5217,"type":"move","frame":{"millis":27943,"tic":978},"actor":{"position":{"x":31033536,"y":11433792,"z":0,"angle":3758096384,"subsector":4566994408},"type":"shotgun_soldier","health":30,"id":4567137680}}
{"counter":5218,"type":"move","frame":{"millis":27943,"tic":978},"actor":{"position":{"x":-19404160,"y":25833344,"z":0,"angle":1073741824,"subsector":4566993432},"type":"soldier","health":20,"id":4567137944}}
{"counter":5219,"type":"move","frame":{"millis":27943,"tic":978},"actor":{"position":{"x":-19139264,"y":52783680,"z":0,"angle":2147483648,"subsector":4566993320},"type":"shotgun_soldier","health":30,"id":4567155632}}
{"counter":5220,"type":"move","frame":{"millis":27943,"tic":978},"actor":{"position":{"x":-22878144,"y":52783680,"z":0,"angle":0,"subsector":4566993384},"type":"shotgun_soldier","health":30,"id":4567155896}}
{"counter":5221,"type":"move","frame":{"millis":27943,"tic":978},"actor":{"position":{"x":-22660992,"y":24530432,"z":0,"angle":0,"subsector":4566993432},"type":"shotgun_soldier","health":30,"id":4567156160}}
{"counter":5222,"type":"enter_subsector","frame":{"millis":27943,"tic":978},"actor":{"position":{"x":-1392896,"y":22544384,"z":0,"angle":3758096384,"subsector":4566993240},"type":"shotgun_soldier","health":30,"id":4567156424}}
{"counter":5223,"type":"move","frame":{"millis":27943,"tic":978},"actor":{"position":{"x":-1392896,"y":22544384,"z":0,"angle":3758096384,"subsector":4566993240},"type":"shotgun_soldier","health":30,"id":4567156424}}
{"counter":5224,"type":"move","frame":{"millis":27943,"tic":978},"actor":{"position":{"x":2187136,"y":17889376,"z":0,"angle":0,"subsector":4566993176},"type":"spectre","health":150,"id":4567162232}}
{"counter":5225,"type":"move","frame":{"millis":27972,"tic":979},"actor":{"position":{"x":22071081,"y":20689872,"z":3670016,"angle":1291845632,"subsector":4566993160},"type":"player","health":46,"armor":58,"id":4567120880}}
{"counter":5226,"type":"move","frame":{"millis":27972,"tic":979},"actor":{"position":{"x":22067416,"y":20760010,"z":3670016,"angle":1291845632,"subsector":4566993160},"type":"player","health":46,"armor":58,"id":4567120880}}
{"counter":5227,"type":"move","frame":{"millis":27972,"tic":979},"actor":{"position":{"x":9936472,"y":27982878,"z":3670016,"angle":0,"subsector":4566993496},"type":"imp","health":48,"id":4567132400}}
{"counter":5228,"type":"move","frame":{"millis":27972,"tic":979},"actor":{"position":{"x":-4125440,"y":20309504,"z":0,"angle":3758096384,"subsector":4566993224},"type":"imp","health":60,"id":4567132928}}
{"counter":5229,"type":"move","frame":{"millis":27972,"tic":979},"actor":{"position":{"x":9747296,"y":16664736,"z":524288,"angle":2147483648,"subsector":4566993032},"type":"spectre","health":150,"id":4567137416}}
{"counter":5230,"type":"move","frame":{"millis":27972,"tic":979},"actor":{"position":{"x":-31415040,"y":41900800,"z":0,"angle":3758096384,"subsector":4566993352},"type":"soldier","health":20,"id":4567138208}}
{"counter":5231,"type":"move","frame":{"millis":27972,"tic":979},"actor":{"position":{"x":2520896,"y":26796992,"z":0,"angle":1073741824,"subsector":4566993432},"type":"shotgun_soldier","health":30,"id":4567139792}}
{"counter":5232,"type":"move","frame":{"millis":27972,"tic":979},"actor":{"position":{"x":36710944,"y":12691488,"z":0,"angle":2147483648,"subsector":4566994408},"type":"spectre","health":150,"id":4567166984}}
{"counter":5233,"type":"move","frame":{"millis":27972,"tic":979},"actor":{"position":{"x":9098368,"y":9506048,"z":0,"angle":2684354560,"subsector":4566993032},"type":"imp","health":60,"id":4567172264}}
{"counter":5234,"type":"move","frame":{"millis":27972,"tic":979},"actor":{"position":{"x":-12302400,"y":29937216,"z":0,"angle":1073741824,"subsector":4566993432},"type":"shotgun_soldier","health":30,"id":4567172528}}
{"counter":5235,"type":"move","frame":{"millis":28000,"tic":980},"actor":{"position":{"x":22067416,"y":20760010,"z":3670016,"angle":1308622848,"subsector":4566993160},"type":"player","health":46,"armor":58,"id":4567120880}}
{"counter":5236,"type":"move","frame":{"millis":28000,"tic":980},"actor":{"position":{"x":22051661,"y":20858276,"z":3670016,"angle":1308622848,"subsector":4566993160},"type":"player","health":46,"armor":58,"id":4567120880}}
{"counter":5237,"type":"move","frame":{"millis":28000,"tic":980},"actor":{"position":{"x":-27310720,"y":57767168,"z":0,"angle":3758096384,"subsector":4566993352},"type":"soldier","health":20,"id":4567138736}}
{"counter":5238,"type":"move","frame":{"millis":28000,"tic":980},"actor":{"position":{"x":-15162112,"y":28263808,"z":0,"angle":1073741824,"subsector":4566993432},"type":"soldier","health":20,"id":4567139528}}
{"counter":5239,"type":"move","frame":{"millis":28000,"tic":980},"actor":{"position":{"x":-28825280,"y":73230912,"z":0,"angle":3221225472,"subsector":4566996712},"type":"shotgun_soldier","health":30,"id":4567155368}}
{"counter":5240,"type":"move","frame":{"millis":28000,"tic":980},"actor":{"position":{"x":2187136,"y":17234016,"z":0,"angle":0,"subsector":4566993176},"type":"spectre","health":150,"id":4567162232}}
{"counter":5241,"type":"move","frame":{"millis":28000,"tic":980},"actor":{"position":{"x":16718912,"y":32352064,"z":3670016,"angle":1073741824,"subsector":4566993528},"type":"imp","health":60,"id":4567172000}}
{"counter":5242,"type":"move","frame":{"millis":28029,"tic":981},"actor":{"position":{"x":22051661,"y":20858276,"z":3670016,"angle":1358954496,"subsector":4566993160},"type":"player","health":46,"armor":58,"id":4567120880}}
{"counter":5243,"type":"move","frame":{"millis":28029,"tic":981},"actor":{"position":{"x":22018278,"y":20990384,"z":3670016,"angle":1358954496,"subsector":4566993160},"type":"player","health":46,"armor":58,"id":4567120880}}
{"counter":5244,"type":"move","frame":{"millis":28029,"tic":981},"actor":{"position":{"x":10217296,"y":17134736,"z":1048576,"angle":1610612736,"subsector":4566993096},"type":"spectre","health":150,"id":4567137416}}
{"counter":5245,"type":"move","frame":{"millis":28029,"tic":981},"actor":{"position":{"x":31033536,"y":11958080,"z":0,"angle":3758096384,"subsector":4566994408},"type":"shotgun_soldier","health":30,"id":4567137680}}
{"counter":5246,"type":"move","frame":{"millis":28029,"tic":981},"actor":{"position":{"x":-19663552,"y":52783680,"z":0,"angle":2147483648,"subsector":4566993320},"type":"shotgun_soldier","health":30,"id":4567155632}}
{"counter":5247,"type":"move","frame":{"millis":28029,"tic":981},"actor":{"position":{"x":-22502144,"y":53159680,"z":0,"angle":536870912,"subsector":4566993384},"type":"shotgun_soldier","health":30,"id":4567155896}}
{"counter":5248,"type":"move","frame":{"millis":28029,"tic":981},"actor":{"position":{"x":-22136704,"y":24530432,"z":0,"angle":0,"subsector":4566993432},"type":"shotgun_soldier","health":30,"id":4567156160}}
{"counter":5249,"type":"move","frame":{"millis":28029,"tic":981},"actor":{"position":{"x":-1392896,"y":23068672,"z":0,"angle":0,"subsector":4566993240},"type":"shotgun_soldier","health":30,"id":4567156424}}
{"counter":5250,"type":"move","frame":{"millis":28029,"tic":981},"actor":{"position":{"x":36055584,"y":12691488,"z":0,"angle":2147483648,"subsector":4566994408},"type":"spectre","health":150,"id":4567166984}}
{"counter":5251,"type":"move","frame":{"millis":28058,"tic":982},"actor":{"position":{"x":22018278,"y":20990384,"z":3670016,"angle":1375731712,"subsector":4566993160},"type":"player","health":46,"armor":58,"id":4567120880}}
{"counter":5252,"type":"move","frame":{"millis":28058,"tic":982},"actor":{"position":{"x":21979260,"y":21128616,"z":3670016,"angle":1375731712,"subsector":4566993160},"type":"player","health":46,"armor":58,"id":4567120880}}
{"counter":5253,"type":"move","frame":{"millis":28058,"tic":982},"actor":{"position":{"x":10460760,"y":27982878,"z":3670016,"angle":0,"subsector":4566993496},"type":"imp","health":48,"id":4567132400}}
{"counter":5254,"type":"move","frame":{"millis":28058,"tic":982},"actor":{"position":{"x":-4125440,"y":19785216,"z":0,"angle":3221225472,"subsector":4566993176},"type":"imp","health":60,"id":4567132928}}
{"counter":5255,"type":"move","frame":{"millis":28058,"tic":982},"actor":{"position":{"x":-18879872,"y":25833344,"z":0,"angle":1610612736,"subsector":4566993432},"type":"soldier","health":20,"id":4567137944}}
{"counter":5256,"type":"move","frame":{"millis":28058,"tic":982},"actor":{"position":{"x":2520896,"y":27321280,"z":0,"angle":1073741824,"subsector":4566993432},"type":"shotgun_soldier","health":30,"id":4567139792}}
{"counter":5257,"type":"move","frame":{"millis":28059,"tic":982},"actor":{"position":{"x":2187136,"y":16578656,"z":0,"angle":3758096384,"subsector":4566993176},"type":"spectre","health":150,"id":4567162232}}
{"counter":5258,"type":"move","frame":{"millis":28059,"tic":982},"actor":{"position":{"x":9622656,"y":9506048,"z":0,"angle":3221225472,"subsector":4566993032},"type":"imp","health":60,"id":4567172264}}
{"counter":5259,"type":"move","frame":{"millis":28059,"tic":982},"actor":{"position":{"x":-11926400,"y":29561216,"z":0,"angle":1073741824,"subsector":4566993432},"type":"shotgun_soldier","health":30,"id":4567172528}}
{"counter":5260,"type":"move","frame":{"millis":28087,"tic":983},"actor":{"position":{"x":21979260,"y":21128616,"z":3670016,"angle":1392508928,"subsector":4566993160},"type":"player","health":46,"armor":58,"id":4567120880}}
{"counter":5261,"type":"move","frame":{"millis":28087,"tic":983},"actor":{"position":{"x":21936527,"y":21268519,"z":3670016,"angle":1392508928,"subsector":4566993160},"type":"player","health":46,"armor":58,"id":4567120880}}
{"counter":5262,"type":"move","frame":{"millis":28087,"tic":983},"actor":{"position":{"x":10687296,"y":17604736,"z":1048576,"angle":1073741824,"subsector":4566993096},"type":"spectre","health":150,"id":4567137416}}
{"counter":5263,"type":"move","frame":{"millis":28087,"tic":983},"actor":{"position":{"x":-31039040,"y":41524800,"z":0,"angle":3758096384,"subsector":4566993352},"type":"soldier","health":20,"id":4567138208}}
{"counter":5264,"type":"move","frame":{"millis":28087,"tic":983},"actor":{"position":{"x":-28825280,"y":72706624,"z":0,"angle":3221225472,"subsector":4566996712},"type":"shotgun_soldier","health":30,"id":4567155368}}
{"counter":5265,"type":"move","frame":{"millis":28087,"tic":983},"actor":{"position":{"x":35400224,"y":12691488,"z":0,"angle":2147483648,"subsector":4566994408},"type":"spectre","health":150,"id":4567166984}}
{"counter":5266,"type":"move","frame":{"millis":28087,"tic":983},"actor":{"position":{"x":16718912,"y":32876352,"z":3670016,"angle":1073741824,"subsector":4566993528},"type":"imp","health":60,"id":4567172000}}
{"counter":5267,"type":"move","frame":{"millis":28115,"tic":984},"actor":{"position":{"x":21936527,"y":21268519,"z":3670016,"angle":1409286144,"subsector":4566993160},"type":"player","health":46,"armor":58,"id":4567120880}}
{"counter":5268,"type":"move","frame":{"millis":28115,"tic":984},"actor":{"position":{"x":21892003,"y":21406140,"z":3670016,"angle":1409286144,"subsector":4566993160},"type":"player","health":46,"armor":58,"id":4567120880}}
{"counter":5269,"type":"move","frame":{"millis":28116,"tic":984},"actor":{"position":{"x":31033536,"y":12482368,"z":0,"angle":0,"subsector":4566994408},"type":"shotgun_soldier","health":30,"id":4567137680}}
{"counter":5270,"type":"move","frame":{"millis":28116,"tic":984},"actor":{"position":{"x":-26934720,"y":57391168,"z":0,"angle":3758096384,"subsector":4566993384},"type":"soldier","health":20,"id":4567138736}}
{"counter":5271,"type":"move","frame":{"millis":28116,"tic":984},"actor":{"position":{"x":-15162112,"y":28788096,"z":0,"angle":1073741824,"subsector":4566993432},"type":"soldier","health":20,"id":4567139528}}
{"counter":5272,"type":"move","frame":{"millis":28116,"tic":984},"actor":{"position":{"x":-19663552,"y":53307968,"z":0,"angle":2147483648,"subsector":4566993320},"type":"shotgun_soldier","health":30,"id":4567155632}}
{"counter":5273,"type":"move","frame":{"millis":28116,"tic":984},"actor":{"position":{"x":-22502144,"y":52635392,"z":0,"angle":536870912,"subsector":4566993384},"type":"shotgun_soldier","health":30,"id":4567155896}}
{"counter":5274,"type":"move","frame":{"millis":28116,"tic":984},"actor":{"position":{"x":-21612416,"y":24530432,"z":0,"angle":0,"subsector":4566993432},"type":"shotgun_soldier","health":30,"id":4567156160}}
{"counter":5275,"type":"move","frame":{"millis":28116,"tic":984},"actor":{"position":{"x":-1392896,"y":23592960,"z":0,"angle":536870912,"subsector":4566993432},"type":"shotgun_soldier","health":30,"id":4567156424}}
{"counter":5276,"type":"move","frame":{"millis":28116,"tic":984},"actor":{"position":{"x":2187136,"y":15923296,"z":0,"angle":3221225472,"subsector":4566993176},"type":"spectre","health":150,"id":4567162232}}
{"counter":5277,"type":"move","frame":{"millis":28143,"tic":985},"actor":{"position":{"x":21892003,"y":21406140,"z":3670016,"angle":1426063360,"subsector":4566993160},"type":"player","health":46,"armor":58,"id":4567120880}}
{"counter":5278,"type":"move","frame":{"millis":28143,"tic":985},"actor":{"position":{"x":21847612,"y":21537985,"z":3670016,"angle":1426063360,"subsector":4566993160},"type":"player","health":46,"armor":58,"id":4567120880}}
{"counter":5279,"type":"move","frame":{"millis":28143,"tic":985},"actor":{"position":{"x":10985048,"y":27982878,"z":3670016,"angle":0,"subsector":4566993496},"type":"imp","health":48,"id":4567132400}}
{"counter":5280,"type":"move","frame":{"millis":28143,"tic":985},"actor":{"position":{"x":-4125440,"y":19260928,"z":0,"angle":3221225472,"subsector":4566993176},"type":"imp","health":60,"id":4567132928}}
{"counter":5281,"type":"move","frame":{"millis":28143,"tic":985},"actor":{"position":{"x":11342656,"y":17604736,"z":1048576,"angle":536870912,"subsector":4566993096},"type":"spectre","health":150,"id":4567137416}}
{"counter":5282,"type":"move","frame":{"millis":28143,"tic":985},"actor":{"position":{"x":2520896,"y":27845568,"z":0,"angle":1073741824,"subsector":4566993432},"type":"shotgun_soldier","health":30,"id":4567139792}}
{"counter":5283,"type":"move","frame":{"millis":28143,"tic":985},"actor":{"position":{"x":34744864,"y":12691488,"z":0,"angle":2147483648,"subsector":4566994408},"type":"spectre","health":150,"id":4567166984}}
{"counter":5284,"type":"move","frame":{"millis":28143,"tic":985},"actor":{"position":{"x":10146944,"y":9506048,"z":0,"angle":3758096384,"subsector":4566993032},"type":"imp","health":60,"id":4567172264}}
{"counter":5285,"type":"move","frame":{"millis":28143,"tic":985},"actor":{"position":{"x":-11550400,"y":29185216,"z":0,"angle":536870912,"subsector":4566993432},"type":"shotgun_soldier","health":30,"id":4567172528}}
{"counter":5286,"type":"move","frame":{"millis":28172,"tic":986},"actor":{"position":{"x":21847612,"y":21537985,"z":3670016,"angle":1426063360,"subsector":4566993160},"type":"player","health":46,"armor":58,"id":4567120880}}
{"counter":5287,"type":"move","frame":{"millis":28172,"tic":986},"actor":{"position":{"x":21806371,"y":21659250,"z":3670016,"angle":1426063360,"subsector":4566993160},"type":"player","health":46,"armor":58,"id":4567120880}}
{"counter":5288,"type":"move","frame":{"millis":28172,"tic":986},"actor":{"position":{"x":-18355584,"y":25833344,"z":0,"angle":1073741824,"subsector":4566993432},"type":"soldier","health":20,"id":4567137944}}
{"counter":5289,"type":"move","frame":{"millis":28172,"tic":986},"actor":{"position":{"x":-28825280,"y":72182336,"z":0,"angle":3221225472,"subsector":4566996712},"type":"shotgun_soldier","health":30,"id":4567155368}}
{"counter":5290,"type":"move","frame":{"millis":28172,"tic":986},"actor":{"position":{"x":2187136,"y":15267936,"z":0,"angle":3221225472,"subsector":4566993176},"type":"spectre","health":150,"id":4567162232}}
{"counter":5291,"type":"move","frame":{"millis":28172,"tic":986},"actor":{"position":{"x":16718912,"y":33400640,"z":3670016,"angle":1073741824,"subsector":4566993528},"type":"imp","health":60,"id":4567172000}}
{"counter":5292,"type":"move","frame":{"millis":28201,"tic":987},"actor":{"position":{"x":21768996,"y":21769146,"z":3670016,"angle":1426063360,"subsector":4566993160},"type":"player","health":46,"armor":58,"id":4567120880}}
{"counter":5293,"type":"move","frame":{"millis":28201,"tic":987},"actor":{"position":{"x":11998016,"y":17604736,"z":1048576,"angle":0,"subsector":4566993096},"type":"spectre","health":150,"id":4567137416}}
{"counter":5294,"type":"move","frame":{"millis":28201,"tic":987},"actor":{"position":{"x":31033536,"y":13006656,"z":0,"angle":536870912,"subsector":4566994408},"type":"shotgun_soldier","health":30,"id":4567137680}}
{"counter":5295,"type":"move","frame":{"millis":28201,"tic":987},"actor":{"position":{"x":-30663040,"y":41148800,"z":0,"angle":3758096384,"subsector":4566993352},"type":"soldier","health":20,"id":4567138208}}
{"counter":5296,"type":"move","frame":{"millis":28201,"tic":987},"actor":{"position":{"x":-19663552,"y":53832256,"z":0,"angle":1610612736,"subsector":4566993320},"type":"shotgun_soldier","health":30,"id":4567155632}}
{"counter":5297,"type":"move","frame":{"millis":28201,"tic":987},"actor":{"position":{"x":-22878144,"y":53011392,"z":0,"angle":0,"subsector":4566993384},"type":"shotgun_soldier","health":30,"id":4567155896}}
{"counter":5298,"type":"move","frame":{"millis":28201,"tic":987},"actor":{"position":{"x":-21088128,"y":24530432,"z":0,"angle":0,"subsector":4566993432},"type":"shotgun_soldier","health":30,"id":4567156160}}
{"counter":5299,"type":"move","frame":{"millis":28201,"tic":987},"actor":{"position":{"x":-1392896,"y":24117248,"z":0,"angle":1073741824,"subsector":4566993432},"type":"shotgun_soldier","health":30,"id":4567156424}}
{"counter":5300,"type":"move","frame":{"millis":28201,"tic":987},"actor":{"position":{"x":35214864,"y":12221488,"z":0,"angle":2147483648,"subsector":4566994408},"type":"spectre","health":150,"id":4567166984}}
{"counter":5301,"type":"move","frame":{"millis":28229,"tic":988},"actor":{"position":{"x":21735124,"y":21868739,"z":3670016,"angle":1426063360,"subsector":4566993160},"type":"player","health":46,"armor":58,"id":4567120880}}
{"counter":5302,"type":"move","frame":{"millis":28229,"tic":988},"actor":{"position":{"x":11509336,"y":27982878,"z":3670016,"angle":0,"subsector":4566993496},"type":"imp","health":48,"id":4567132400}}
{"counter":5303,"type":"move","frame":{"millis":28229,"tic":988},"actor":{"position":{"x":-4125440,"y":18736640,"z":0,"angle":3221225472,"subsector":4566993176},"type":"imp","health":60,"id":4567132928}}
{"counter":5304,"type":"move","frame":{"millis":28229,"tic":988},"actor":{"position":{"x":-26558720,"y":57015168,"z":0,"angle":3758096384,"subsector":4566993384},"type":"soldier","health":20,"id":4567138736}}
{"counter":5305,"type":"move","frame":{"millis":28229,"tic":988},"actor":{"position":{"x":-15162112,"y":29312384,"z":0,"angle":1073741824,"subsector":4566993432},"type":"soldier","health":20,"id":4567139528}}
{"counter":5306,"type":"move","frame":{"millis":28229,"tic":988},"actor":{"position":{"x":2520896,"y":28369856,"z":0,"angle":1073741824,"subsector":4566993432},"type":"shotgun_soldier","health":30,"id":4567139792}}
{"counter":5307,"type":"move","frame":{"millis":28229,"tic":988},"actor":{"position":{"x":2187136,"y":14612576,"z":0,"angle":3221225472,"subsector":4566993176},"type":"spectre","health":150,"id":4567162232}}
{"counter":5308,"type":"move","frame":{"millis":28229,"tic":988},"actor":{"position":{"x":10671232,"y":9506048,"z":0,"angle":0,"subsector":4566993032},"type":"imp","health":60,"id":4567172264}}
{"counter":5309,"type":"move","frame":{"millis":28229,"tic":988},"actor":{"position":{"x":-11174400,"y":28809216,"z":0,"angle":0,"subsector":4566993432},"type":"shotgun_soldier","health":30,"id":4567172528}}
{"counter":5310,"type":"move","frame":{"millis":28259,"tic":989},"actor":{"position":{"x":21704427,"y":21958995,"z":3670016,"angle":1426063360,"subsector":4566993160},"type":"player","health":46,"armor":58,"id":4567120880}}
{"counter":5311,"type":"move","frame":{"millis":28259,"tic":989},"actor":{"position":{"x":12653376,"y":17604736,"z":1048576,"angle":0,"subsector":4566993096},"type":"spectre","health":150,"id":4567137416}}
{"counter":5312,"type":"move","frame":{"millis":28259,"tic":989},"actor":{"position":{"x":-28825280,"y":71658048,"z":0,"angle":3221225472,"subsector":4566996712},"type":"shotgun_soldier","health":30,"id":4567155368}}
{"counter":5313,"type":"move","frame":{"millis":28259,"tic":989},"actor":{"position":{"x":35684864,"y":11751488,"z":0,"angle":2684354560,"subsector":4566994408},"type":"spectre","health":150,"id":4567166984}}
{"counter":5314,"type":"move","frame":{"millis":28259,"tic":989},"actor":{"position":{"x":16718912,"y":33924928,"z":3670016,"angle":1073741824,"subsector":4566993528},"type":"imp","health":60,"id":4567172000}}
{"counter":5315,"type":"move","frame":{"millis":28286,"tic":990},"actor":{"position":{"x":21676607,"y":22040789,"z":3670016,"angle":1426063360,"subsector":4566993160},"type":"player","health":46,"armor":58,"id":4567120880}}
{"counter":5316,"type":"move","frame":{"millis":28286,"tic":990},"actor":{"position":{"x":30509248,"y":13006656,"z":0,"angle":1073741824,"subsector":4566994408},"type":"shotgun_soldier","health":30,"id":4567137680}}
{"counter":5317,"type":"move","frame":{"millis":28286,"tic":990},"actor":{"position":{"x":-17831296,"y":25833344,"z":0,"angle":536870912,"subsector":4566993432},"type":"soldier","health":20,"id":4567137944}}
{"counter":5318,"type":"move","frame":{"millis":28286,"tic":990},"actor":{"position":{"x":-19663552,"y":54356544,"z":0,"angle":1073741824,"subsector":4566993320},"type":"shotgun_soldier","health":30,"id":4567155632}}
{"counter":5319,"type":"move","frame":{"millis":28286,"tic":990},"actor":{"position":{"x":-23254144,"y":53387392,"z":0,"angle":536870912,"subsector":4566993384},"type":"shotgun_soldier","health":30,"id":4567155896}}
{"counter":5320,"type":"move","frame":{"millis":28286,"tic":990},"actor":{"position":{"x":-20563840,"y":24530432,"z":0,"angle":0,"subsector":4566993432},"type":"shotgun_soldier","health":30,"id":4567156160}}
{"counter":5321,"type":"move","frame":{"millis":28286,"tic":990},"actor":{"position":{"x":-1392896,"y":24641536,"z":0,"angle":1073741824,"subsector":4566993432},"type":"shotgun_soldier","health":30,"id":4567156424}}
{"counter":5322,"type":"move","frame":{"millis":28286,"tic":990},"actor":{"position":{"x":2187136,"y":13957216,"z":0,"angle":3221225472,"subsector":4566993176},"type":"spectre","health":150,"id":4567162232}}
{"counter":5323,"type":"move","frame":{"millis":28316,"tic":991},"actor":{"position":{"x":21676607,"y":22040789,"z":3670016,"angle":1409286144,"subsector":4566993160},"type":"player","health":46,"armor":58,"id":4567120880}}
{"counter":5324,"type":"move","frame":{"millis":28316,"tic":991},"actor":{"position":{"x":21654293,"y":22109496,"z":3670016,"angle":1409286144,"subsector":4566993160},"type":"player","health":46,"armor":58,"id":4567120880}}
{"counter":5325,"type":"move","frame":{"millis":28316,"tic":991},"actor":{"position":{"x":12033624,"y":27982878,"z":3670016,"angle":0,"subsector":4566993496},"type":"imp","health":48,"id":4567132400}}
{"counter":5326,"type":"move","frame":{"millis":28316,"tic":991},"actor":{"position":{"x":-4125440,"y":18212352,"z":0,"angle":3221225472,"subsector":4566993176},"type":"imp","health":60,"id":4567132928}}
{"counter":5327,"type":"move","frame":{"millis":28316,"tic":991},"actor":{"position":{"x":12183376,"y":17134736,"z":1048576,"angle":0,"subsector":4566993096},"type":"spectre","health":150,"id":4567137416}}
{"counter":5328,"type":"move","frame":{"millis":28316,"tic":991},"actor":{"position":{"x":-30287040,"y":40772800,"z":0,"angle":3758096384,"subsector":4566993352},"type":"soldier","health":20,"id":4567138208}}
{"counter":5329,"type":"move","frame":{"millis":28316,"tic":991},"actor":{"position":{"x":2520896,"y":28894144,"z":0,"angle":1073741824,"subsector":4566993432},"type":"shotgun_soldier","health":30,"id":4567139792}}
{"counter":5330,"type":"move","frame":{"millis":28316,"tic":991},"actor":{"position":{"x":36154864,"y":11281488,"z":0,"angle":3221225472,"subsector":4566994408},"type":"spectre","health":150,"id":4567166984}}
{"counter":5331,"type":"move","frame":{"millis":28316,"tic":991},"actor":{"position":{"x":11195520,"y":9506048,"z":0,"angle":0,"subsector":4566993032},"type":"imp","health":60,"id":4567172264}}
{"counter":5332,"type":"move","frame":{"millis":28316,"tic":991},"actor":{"position":{"x":-10798400,"y":28433216,"z":0,"angle":3758096384,"subsector":4566993432},"type":"shotgun_soldier","health":30,"id":4567172528}}
{"counter":5333,"type":"move","frame":{"millis":28343,"tic":992},"actor":{"position":{"x":21654293,"y":22109496,"z":3670016,"angle":1392508928,"subsector":4566993160},"type":"player","health":46,"armor":58,"id":4567120880}}
{"counter":5334,"type":"move","frame":{"millis":28343,"tic":992},"actor":{"position":{"x":21634991,"y":22169932,"z":3670016,"angle":1392508928,"subsector":4566993160},"type":"player","health":46,"armor":58,"id":4567120880}}
{"counter":5335,"type":"move","frame":{"millis":28343,"tic":992},"actor":{"position":{"x":-26182720,"y":56639168,"z":0,"angle":3758096384,"subsector":4566993384},"type":"soldier","health":20,"id":4567138736}}
{"counter":5336,"type":"move","frame":{"millis":28343,"tic":992},"actor":{"position":{"x":-15162112,"y":29836672,"z":0,"angle":1073741824,"subsector":4566993432},"type":"soldier","health":20,"id":4567139528}}
{"counter":5337,"type":"move","frame":{"millis":28343,"tic":992},"actor":{"position":{"x":-28825280,"y":71133760,"z":0,"angle":3221225472,"subsector":4566996712},"type":"shotgun_soldier","health":30,"id":4567155368}}
{"counter":5338,"type":"move","frame":{"millis":28344,"tic":992},"actor":{"position":{"x":2187136,"y":13301856,"z":0,"angle":3221225472,"subsector":4566993176},"type":"spectre","health":150,"id":4567162232}}
{"counter":5339,"type":"move","frame":{"millis":28344,"tic":992},"actor":{"position":{"x":16718912,"y":34449216,"z":3670016,"angle":1073741824,"subsector":4566993528},"type":"imp","health":60,"id":4567172000}}
{"counter":5340,"type":"move","frame":{"millis":28372,"tic":993},"actor":{"position":{"x":21634991,"y":22169932,"z":3670016,"angle":1342177280,"subsector":4566993160},"type":"player","health":46,"armor":58,"id":4567120880}}
{"counter":5341,"type":"move","frame":{"millis":28372,"tic":993},"actor":{"position":{"x":21618282,"y":22222810,"z":3670016,"angle":1342177280,"subsector":4566993160},"type":"player","health":46,"armor":58,"id":4567120880}}
{"counter":5342,"type":"move","frame":{"millis":28372,"tic":993},"actor":{"position":{"x":11713376,"y":16664736,"z":1048576,"angle":3758096384,"subsector":4566993032},"type":"spectre","health":150,"id":4567137416}}
{"counter":5343,"type":"move","frame":{"millis":28372,"tic":993},"actor":{"position":{"x":29984960,"y":13006656,"z":0,"angle":1610612736,"subsector":4566994408},"type":"shotgun_soldier","health":30,"id":4567137680}}
{"counter":5344,"type":"move","frame":{"millis":28372,"tic":993},"actor":{"position":{"x":-19663552,"y":54880832,"z":0,"angle":1073741824,"subsector":4566993320},"type":"shotgun_soldier","health":30,"id":4567155632}}
{"counter":5345,"type":"move","frame":{"millis":28372,"tic":993},"actor":{"position":{"x":-22729856,"y":53387392,"z":0,"angle":1073741824,"subsector":4566993384},"type":"shotgun_soldier","health":30,"id":4567155896}}
{"counter":5346,"type":"move","frame":{"millis":28372,"tic":993},"actor":{"position":{"x":-20939840,"y":24906432,"z":0,"angle":0,"subsector":4566993432},"type":"shotgun_soldier","health":30,"id":4567156160}}
{"counter":5347,"type":"move","frame":{"millis":28372,"tic":993},"actor":{"position":{"x":-1392896,"y":25165824,"z":0,"angle":1073741824,"subsector":4566993432},"type":"shotgun_soldier","health":30,"id":4567156424}}
{"counter":5348,"type":"move","frame":{"millis":28372,"tic":993},"actor":{"position":{"x":36624864,"y":10811488,"z":0,"angle":3758096384,"subsector":4566994408},"type":"spectre","health":150,"id":4567166984}}
{"counter":5349,"type":"move","frame":{"millis":28400,"tic":994},"actor":{"position":{"x":21603139,"y":22270730,"z":3670016,"angle":1342177280,"subsector":4566993160},"type":"player","health":46,"armor":58,"id":4567120880}}
{"counter":5350,"type":"move","frame":{"millis":28401,"tic":994},"actor":{"position":{"x":12557912,"y":27982878,"z":3670016,"angle":0,"subsector":4566993496},"type":"imp","health":48,"id":4567132400}}
{"counter":5351,"type":"move","frame":{"millis":28401,"tic":994},"actor":{"position":{"x":-4125440,"y":17688064,"z":0,"angle":3221225472,"subsector":4566993176},"type":"imp","health":60,"id":4567132928}}
{"counter":5352,"type":"move","frame":{"millis":28401,"tic":994},"actor":{"position":{"x":-17307008,"y":25833344,"z":0,"angle":0,"subsector":4566993432},"type":"soldier","health":20,"id":4567137944}}
{"counter":5353,"type":"move","frame":{"millis":28401,"tic":994},"actor":{"position":{"x":2520896,"y":29418432,"z":0,"angle":1073741824,"subsector":4566993432},"type":"shotgun_soldier","health":30,"id":4567139792}}
{"counter":5354,"type":"move","frame":{"millis":28401,"tic":994},"actor":{"position":{"x":2187136,"y":12646496,"z":0,"angle":3221225472,"subsector":4566993176},"type":"spectre","health":150,"id":4567162232}}
{"counter":5355,"type":"move","frame":{"millis":28401,"tic":994},"actor":{"position":{"x":11719808,"y":9506048,"z":0,"angle":0,"subsector":4566993032},"type":"imp","health":60,"id":4567172264}}
{"counter":5356,"type":"move","frame":{"millis":28401,"tic":994},"actor":{"position":{"x":-10422400,"y":28057216,"z":0,"angle":3758096384,"subsector":4566993432},"type":"shotgun_soldier","health":30,"id":4567172528}}
{"counter":5357,"type":"move","frame":{"millis":28429,"tic":995},"actor":{"position":{"x":21603139,"y":22270730,"z":3670016,"angle":1342177280,"subsector":4566993160},"type":"player","health":46,"armor":58,"id":4567120880}}
{"counter":5358,"type":"move","frame":{"millis":28429,"tic":995},"actor":{"position":{"x":21591768,"y":22308481,"z":3670016,"angle":1342177280,"subsector":4566993160},"type":"player","health":46,"armor":58,"id":4567120880}}
{"counter":5359,"type":"move","frame":{"millis":28429,"tic":995},"actor":{"position":{"x":11243376,"y":16194736,"z":1048576,"angle":3221225472,"subsector":4566993032},"type":"spectre","health":150,"id":4567137416}}
{"counter":5360,"type":"move","frame":{"millis":28429,"tic":995},"actor":{"position":{"x":-29911040,"y":40396800,"z":0,"angle":3758096384,"subsector":4566993352},"type":"soldier","health":20,"id":4567138208}}
{"counter":5361,"type":"move","frame":{"millis":28429,"tic":995},"actor":{"position":{"x":-28825280,"y":70609472,"z":0,"angle":3221225472,"subsector":4566996712},"type":"shotgun_soldier","health":30,"id":4567155368}}
{"counter":5362,"type":"move","frame":{"millis":28429,"tic":995},"actor":{"position":{"x":36624864,"y":11466848,"z":0,"angle":3758096384,"subsector":4566994408},"type":"spectre","health":150,"id":4567166984}}
{"counter":5363,"type":"move","frame":{"millis":28429,"tic":995},"actor":{"position":{"x":17094912,"y":34073216,"z":3670016,"angle":1073741824,"subsector":4566993528},"type":"imp","health":60,"id":4567172000}}
{"counter":5364,"type":"move","frame":{"millis":28458,"tic":996},"actor":{"position":{"x":21581463,"y":22342692,"z":3670016,"angle":1342177280,"subsector":4566993160},"type":"player","health":46,"armor":58,"id":4567120880}}
{"counter":5365,"type":"move","frame":{"millis":28458,"tic":996},"actor":{"position":{"x":29460672,"y":13006656,"z":0,"angle":2147483648,"subsector":4566994408},"type":"shotgun_soldier","health":30,"id":4567137680}}
{"counter":5366,"type":"move","frame":{"millis":28458,"tic":996},"actor":{"position":{"x":-25806720,"y":56263168,"z":0,"angle":3758096384,"subsector":4566993384},"type":"soldier","health":20,"id":4567138736}}
{"counter":5367,"type":"move","frame":{"millis":28458,"tic":996},"actor":{"position":{"x":-14786112,"y":29460672,"z":0,"angle":1073741824,"subsector":4566993432},"type":"soldier","health":20,"id":4567139528}}
{"counter":5368,"type":"move","frame":{"millis":28458,"tic":996},"actor":{"position":{"x":-19663552,"y":55405120,"z":0,"angle":1073741824,"subsector":4566993320},"type":"shotgun_soldier","health":30,"id":4567155632}}
{"counter":5369,"type":"move","frame":{"millis":28458,"tic":996},"actor":{"position":{"x":-22353856,"y":53011392,"z":0,"angle":536870912,"subsector":4566993384},"type":"shotgun_soldier","health":30,"id":4567155896}}
{"counter":5370,"type":"move","frame":{"millis":28458,"tic":996},"actor":{"position":{"x":-21315840,"y":25282432,"z":0,"angle":536870912,"subsector":4566993432},"type":"shotgun_soldier","health":30,"id":4567156160}}
{"counter":5371,"type":"move","frame":{"millis":28458,"tic":996},"actor":{"position":{"x":-1392896,"y":25690112,"z":0,"angle":1073741824,"subsector":4566993432},"type":"shotgun_soldier","health":30,"id":4567156424}}
{"counter":5372,"type":"move","frame":{"millis":28458,"tic":996},"actor":{"position":{"x":2187136,"y":11991136,"z":0,"angle":3221225472,"subsector":4566993176},"type":"spectre","health":150,"id":4567162232}}
{"counter":5373,"type":"move","frame":{"millis":28486,"tic":997},"actor":{"position":{"x":21572124,"y":22373695,"z":3670016,"angle":1342177280,"subsector":4566993160},"type":"player","health":46,"armor":58,"id":4567120880}}
{"counter":5374,"type":"move","frame":{"millis":28486,"tic":997},"actor":{"position":{"x":13082200,"y":27982878,"z":3670016,"angle":0,"subsector":4566993496},"type":"imp","health":48,"id":4567132400}}
{"counter":5375,"type":"move","frame":{"millis":28486,"tic":997},"actor":{"position":{"x":-3749440,"y":18064064,"z":0,"angle":3221225472,"subsector":4566993176},"type":"imp","health":60,"id":4567132928}}
{"counter":5376,"type":"move","frame":{"millis":28486,"tic":997},"actor":{"position":{"x":10773376,"y":15724736,"z":524288,"angle":2684354560,"subsector":4566993032},"type":"spectre","health":150,"id":4567137416}}
{"counter":5377,"type":"move","frame":{"millis":28486,"tic":997},"actor":{"position":{"x":2520896,"y":29942720,"z":0,"angle":1073741824,"subsector":4566993432},"type":"shotgun_soldier","health":30,"id":4567139792}}
{"counter":5378,"type":"move","frame":{"millis":28486,"tic":997},"actor":{"position":{"x":36624864,"y":12122208,"z":0,"angle":0,"subsector":4566994408},"type":"spectre","health":150,"id":4567166984}}
{"counter":5379,"type":"move","frame":{"millis":28486,"tic":997},"actor":{"position":{"x":12244096,"y":9506048,"z":0,"angle":0,"subsector":4566993032},"type":"imp","health":60,"id":4567172264}}
{"counter":5380,"type":"move","frame":{"millis":28486,"tic":997},"actor":{"position":{"x":-10046400,"y":27681216,"z":0,"angle":3758096384,"subsector":4566993432},"type":"shotgun_soldier","health":30,"id":4567172528}}
{"counter":5381,"type":"move","frame":{"millis":28515,"tic":998},"actor":{"position":{"x":21572124,"y":22373695,"z":3670016,"angle":1342177280,"subsector":4566993160},"type":"player","health":46,"armor":58,"id":4567120880}}
{"counter":5382,"type":"move","frame":{"millis":28515,"tic":998},"actor":{"position":{"x":21565228,"y":22398007,"z":3670016,"angle":1342177280,"subsector":4566993160},"type":"player","health":46,"armor":58,"id":4567120880}}
{"counter":5383,"type":"move","frame":{"millis":28516,"tic":998},"actor":{"position":{"x":-16782720,"y":25833344,"z":0,"angle":0,"subsector":4566993432},"type":"soldier","health":20,"id":4567137944}}
{"counter":5384,"type":"move","frame":{"millis":28516,"tic":998},"actor":{"position":{"x":-28825280,"y":70085184,"z":0,"angle":3221225472,"subsector":4566996712},"type":"shotgun_soldier","health":30,"id":4567155368}}
{"counter":5385,"type":"move","frame":{"millis":28516,"tic":998},"actor":{"position":{"x":2187136,"y":11335776,"z":0,"angle":3221225472,"subsector":4566993176},"type":"spectre","health":150,"id":4567162232}}
{"counter":5386,"type":"move","frame":{"millis":28516,"tic":998},"actor":{"position":{"x":17470912,"y":33697216,"z":3670016,"angle":536870912,"subsector":4566993528},"type":"imp","health":60,"id":4567172000}}
{"counter":5387,"type":"move","frame":{"millis":28543,"tic":999},"actor":{"position":{"x":21565228,"y":22398007,"z":3670016,"angle":1342177280,"subsector":4566993160},"type":"player","health":46,"armor":58,"id":4567120880}}
{"counter":5388,"type":"move","frame":{"millis":28543,"tic":999},"actor":{"position":{"x":21562115,"y":22412471,"z":3670016,"angle":1342177280,"subsector":4566993160},"type":"player","health":46,"armor":58,"id":4567120880}}
{"counter":5389,"type":"move","frame":{"millis":28543,"tic":999},"actor":{"position":{"x":10303376,"y":15254736,"z":524288,"angle":2684354560,"subsector":4566993032},"type":"spectre","health":150,"id":4567137416}}
{"counter":5390,"type":"move","frame":{"millis":28543,"tic":999},"actor":{"position":{"x":28936384,"y":13006656,"z":0,"angle":2147483648,"subsector":4566993080},"type":"shotgun_soldier","health":30,"id":4567137680}}
{"counter":5391,"type":"move","frame":{"millis":28543,"tic":999},"actor":{"position":{"x":-29535040,"y":40020800,"z":0,"angle":3758096384,"subsector":4566993352},"type":"soldier","health":20,"id":4567138208}}
{"counter":5392,"type":"move","frame":{"millis":28543,"tic":999},"actor":{"position":{"x":-19663552,"y":55929408,"z":0,"angle":1073741824,"subsector":4566993320},"type":"shotgun_soldier","health":30,"id":4567155632}}
{"counter":5393,"type":"move","frame":{"millis":28543,"tic":999},"actor":{"position":{"x":-21829568,"y":53011392,"z":0,"angle":0,"subsector":4566993384},"type":"shotgun_soldier","health":30,"id":4567155896}}
{"counter":5394,"type":"move","frame":{"millis":28543,"tic":999},"actor":{"position":{"x":-21691840,"y":25658432,"z":0,"angle":1073741824,"subsector":4566993432},"type":"shotgun_soldier","health":30,"id":4567156160}}
{"counter":5395,"type":"move","frame":{"millis":28543,"tic":999},"actor":{"position":{"x":-1392896,"y":26214400,"z":0,"angle":1073741824,"subsector":4566993432},"type":"shotgun_soldier","health":30,"id":4567156424}}
{"counter":5396,"type":"move","frame":{"millis":28543,"tic":999},"actor":{"position":{"x":36154864,"y":12592208,"z":0,"angle":536870912,"subsector":4566994408},"type":"spectre","health":150,"id":4567166984}}
{"counter":5397,"type":"move","frame":{"millis":28573,"tic":1000},"actor":{"position":{"x":21562115,"y":22412471,"z":3670016,"angle":1342177280,"subsector":4566993160},"type":"player","health":46,"armor":58,"id":4567120880}}
{"counter":5398,"type":"move","frame":{"millis":28573,"tic":1000},"actor":{"position":{"x":21560077,"y":22423687,"z":3670016,"angle":1342177280,"subsector":4566993160},"type":"player","health":46,"armor":58,"id":4567120880}}
{"counter":5399,"type":"move","frame":{"millis":28573,"tic":1000},"actor":{"position":{"x":12706200,"y":27606878,"z":3670016,"angle":0,"subsector":4566993496},"type":"imp","health":48,"id":4567132400}}
{"counter":5400,"type":"move","frame":{"millis":28573,"tic":1000},"actor":{"position":{"x":-3373440,"y":18440064,"z":0,"angle":3758096384,"subsector":4566993176},"type":"imp","health":60,"id":4567132928}}
{"counter":5401,"type":"move","frame":{"millis":28573,"tic":1000},"actor":{"position":{"x":-25430720,"y":55887168,"z":0,"angle":3758096384,"subsector":4566993384},"type":"soldier","health":20,"id":4567138736}}
{"counter":5402,"type":"move","frame":{"millis":28573,"tic":1000},"actor":{"position":{"x":-14410112,"y":29084672,"z":0,"angle":536870912,"subsector":4566993432},"type":"soldier","health":20,"id":4567139528}}
{"counter":5403,"type":"move","frame":{"millis":28573,"tic":1000},"actor":{"position":{"x":1996608,"y":29942720,"z":0,"angle":1073741824,"subsector":4566993432},"type":"shotgun_soldier","health":30,"id":4567139792}}
{"counter":5404,"type":"move","frame":{"millis":28573,"tic":1000},"actor":{"position":{"x":2187136,"y":10680416,"z":0,"angle":3221225472,"subsector":4566993176},"type":"spectre","health":150,"id":4567162232}}
{"counter":5405,"type":"move","frame":{"millis":28573,"tic":1000},"actor":{"position":{"x":12620096,"y":9882048,"z":0,"angle":0,"subsector":4566993032},"type":"imp","health":60,"id":4567172264}}
{"counter":5406,"type":"move","frame":{"millis":28573,"tic":1000},"actor":{"position":{"x":-9670400,"y":27305216,"z":0,"angle":3758096384,"subsector":4566993432},"type":"shotgun_soldier","health":30,"id":4567172528}}
{"weapon_type":2,"counter":5407,"type":"attacked","frame":{"millis":28600,"tic":1001},"actor":{"position":{"x":21560077,"y":22423687,"z":3670016,"angle":1342177280,"subsector":4566993160},"type":"player","health":46,"armor":58,"id":4567120880}}
{"counter":5408,"type":"move","frame":{"millis":28600,"tic":1001},"actor":{"position":{"x":21558230,"y":22433851,"z":3670016,"angle":1342177280,"subsector":4566993160},"type":"player","health":46,"armor":58,"id":4567120880}}
{"counter":5409,"type":"move","frame":{"millis":28600,"tic":1001},"actor":{"position":{"x":9833376,"y":14784736,"z":524288,"angle":2684354560,"subsector":4566993032},"type":"spectre","health":150,"id":4567137416}}
{"counter":5410,"type":"move","frame":{"millis":28600,"tic":1001},"actor":{"position":{"x":-28825280,"y":69560896,"z":0,"angle":3221225472,"subsector":4566996712},"type":"shotgun_soldier","health":30,"id":4567155368}}
{"counter":5411,"type":"move","frame":{"millis":28600,"tic":1001},"actor":{"position":{"x":35499504,"y":12592208,"z":0,"angle":1073741824,"subsector":4566994408},"type":"spectre","health":150,"id":4567166984}}
{"counter":5412,"type":"move","frame":{"millis":28600,"tic":1001},"actor":{"position":{"x":17846912,"y":33321216,"z":3670016,"angle":0,"subsector":4566993528},"type":"imp","health":60,"id":4567172000}}
{"counter":5413,"type":"move","frame":{"millis":28629,"tic":1002},"actor":{"position":{"x":21558230,"y":22433851,"z":3670016,"angle":1342177280,"subsector":4566993160},"type":"player","health":46,"armor":58,"id":4567120880}}
{"counter":5414,"type":"move","frame":{"millis":28629,"tic":1002},"actor":{"position":{"x":21557340,"y":22441170,"z":3670016,"angle":1342177280,"subsector":4566993160},"type":"player","health":46,"armor":58,"id":4567120880}}
{"counter":5415,"type":"move","frame":{"millis":28629,"tic":1002},"actor":{"position":{"x":28412096,"y":13006656,"z":0,"angle":2147483648,"subsector":4566993080},"type":"shotgun_soldier","health":30,"id":4567137680}}
{"counter":5416,"type":"move","frame":{"millis":28629,"tic":1002},"actor":{"position":{"x":-16258432,"y":25833344,"z":0,"angle":0,"subsector":4566993432},"type":"soldier","health":20,"id":4567137944}}
{"counter":5417,"type":"move","frame":{"millis":28629,"tic":1002},"actor":{"position":{"x":-19139264,"y":55929408,"z":0,"angle":1073741824,"subsector":4566993320},"type":"shotgun_soldier","health":30,"id":4567155632}}
{"counter":5418,"type":"move","frame":{"millis":28629,"tic":1002},"actor":{"position":{"x":-21305280,"y":53011392,"z":0,"angle":0,"subsector":4566993384},"type":"shotgun_soldier","health":30,"id":4567155896}}
{"counter":5419,"type":"move","frame":{"millis":28629,"tic":1002},"actor":{"position":{"x":-22067840,"y":26034432,"z":0,"angle":1610612736,"subsector":4566993432},"type":"shotgun_soldier","health":30,"id":4567156160}}
{"counter":5420,"type":"move","frame":{"millis":28629,"tic":1002},"actor":{"position":{"x":-1016896,"y":25838400,"z":0,"angle":1073741824,"subsector":4566993432},"type":"shotgun_soldier","health":30,"id":4567156424}}
{"counter":5421,"type":"move","frame":{"millis":28629,"tic":1002},"actor":{"position":{"x":2187136,"y":10025056,"z":0,"angle":3221225472,"subsector":4566993176},"type":"spectre","health":150,"id":4567162232}}
{"counter":5422,"type":"move","frame":{"millis":28658,"tic":1003},"actor":{"position":{"x":21557340,"y":22441170,"z":3670016,"angle":1342177280,"subsector":4566993160},"type":"player","health":46,"armor":58,"id":4567120880}}
{"counter":5423,"type":"move","frame":{"millis":28658,"tic":1003},"actor":{"position":{"x":21558101,"y":22444018,"z":3670016,"angle":1342177280,"subsector":4566993160},"type":"player","health":46,"armor":58,"id":4567120880}}
{"counter":5424,"type":"move","frame":{"millis":28658,"tic":1003},"actor":{"position":{"x":12330200,"y":27230878,"z":3670016,"angle":3758096384,"subsector":4566993496},"type":"imp","health":48,"id":4567132400}}
{"counter":5425,"type":"move","frame":{"millis":28658,"tic":1003},"actor":{"position":{"x":-2997440,"y":18816064,"z":0,"angle":0,"subsector":4566993176},"type":"imp","health":60,"id":4567132928}}
{"counter":5426,"type":"move","frame":{"millis":28658,"tic":1003},"actor":{"position":{"x":9363376,"y":14314736,"z":0,"angle":2684354560,"subsector":4566993032},"type":"spectre","health":150,"id":4567137416}}
{"counter":5427,"type":"move","frame":{"millis":28658,"tic":1003},"actor":{"position":{"x":-29159040,"y":39644800,"z":0,"angle":3758096384,"subsector":4566993352},"type":"soldier","health":20,"id":4567138208}}
{"counter":5428,"type":"move","frame":{"millis":28658,"tic":1003},"actor":{"position":{"x":1472320,"y":29942720,"z":0,"angle":1610612736,"subsector":4566993432},"type":"shotgun_soldier","health":30,"id":4567139792}}
{"counter":5429,"type":"move","frame":{"millis":28658,"tic":1003},"actor":{"position":{"x":34844144,"y":12592208,"z":0,"angle":1610612736,"subsector":4566994408},"type":"spectre","health":150,"id":4567166984}}
{"counter":5430,"type":"move","frame":{"millis":28658,"tic":1003},"actor":{"position":{"x":12996096,"y":10258048,"z":0,"angle":536870912,"subsector":4566993032},"type":"imp","health":60,"id":4567172264}}
{"counter":5431,"type":"move","frame":{"millis":28658,"tic":1003},"actor":{"position":{"x":-9294400,"y":26929216,"z":0,"angle":3758096384,"subsector":4566993432},"type":"shotgun_soldier","health":30,"id":4567172528}}
{"damage":15,"counter":5432,"type":"hit","frame":{"millis":28686,"tic":1004},"actor":{"position":{"x":21558101,"y":22444018,"z":3670016,"angle":1342177280,"subsector":4566993160},"type":"player","health":46,"armor":58,"id":4567120880},"target":{"position":{"x":17846912,"y":33321216,"z":3670016,"angle":0,"subsector":4566993528},"type":"imp","health":45,"id":4567172000}}
{"counter":5433,"type":"targeted","frame":{"millis":28686,"tic":1004},"actor":{"position":{"x":21558101,"y":22444018,"z":3670016,"angle":1342177280,"subsector":4566993160},"type":"player","health":46,"armor":58,"id":4567120880},"target":{"position":{"x":17846912,"y":33321216,"z":3670016,"angle":0,"subsector":4566993528},"type":"imp","health":45,"id":4567172000}}
{"damage":15,"counter":5434,"type":"hit","frame":{"millis":28686,"tic":1004},"actor":{"position":{"x":21558101,"y":22444018,"z":3670016,"angle":1342177280,"subsector":4566993160},"type":"player","health":46,"armor":58,"id":4567120880},"target":{"position":{"x":17846912,"y":33321216,"z":3670016,"angle":0,"subsector":4566993528},"type":"imp","health":30,"id":4567172000}}
{"damage":10,"counter":5435,"type":"hit","frame":{"millis":28686,"tic":1004},"actor":{"position":{"x":21558101,"y":22444018,"z":3670016,"angle":1342177280,"subsector":4566993160},"type":"player","health":46,"armor":58,"id":4567120880},"target":{"position":{"x":17846912,"y":33321216,"z":3670016,"angle":0,"subsector":4566993528},"type":"imp","health":20,"id":4567172000}}
{"damage":15,"counter":5436,"type":"hit","frame":{"millis":28686,"tic":1004},"actor":{"position":{"x":21558101,"y":22444018,"z":3670016,"angle":1342177280,"subsector":4566993160},"type":"player","health":46,"armor":58,"id":4567120880},"target":{"position":{"x":17846912,"y":33321216,"z":3670016,"angle":0,"subsector":4566993528},"type":"imp","health":5,"id":4567172000}}
{"damage":10,"counter":5437,"type":"hit","frame":{"millis":28686,"tic":1004},"actor":{"position":{"x":21558101,"y":22444018,"z":3670016,"angle":1342177280,"subsector":4566993160},"type":"player","health":46,"armor":58,"id":4567120880},"target":{"position":{"x":17846912,"y":33321216,"z":3670016,"angle":0,"subsector":4566993528},"type":"imp","health":-5,"id":4567172000}}
{"counter":5438,"type":"killed","frame":{"millis":28687,"tic":1004},"actor":{"position":{"x":21558101,"y":22444018,"z":3670016,"angle":1342177280,"subsector":4566993160},"type":"player","health":46,"armor":58,"id":4567120880},"target":{"position":{"x":17846912,"y":33321216,"z":3670016,"angle":0,"subsector":4566993528},"type":"imp","health":-5,"id":4567172000}}
{"counter":5439,"type":"move","frame":{"millis":28687,"tic":1004},"actor":{"position":{"x":21558790,"y":22446599,"z":3670016,"angle":1342177280,"subsector":4566993160},"type":"player","health":46,"armor":58,"id":4567120880}}
{"counter":5440,"type":"move","frame":{"millis":28687,"tic":1004},"actor":{"position":{"x":-25054720,"y":55511168,"z":0,"angle":3758096384,"subsector":4566993384},"type":"soldier","health":20,"id":4567138736}}
{"counter":5441,"type":"move","frame":{"millis":28687,"tic":1004},"actor":{"position":{"x":-14034112,"y":28708672,"z":0,"angle":0,"subsector":4566993432},"type":"soldier","health":20,"id":4567139528}}
{"counter":5442,"type":"move","frame":{"millis":28687,"tic":1004},"actor":{"position":{"x":-28825280,"y":69036608,"z":0,"angle":3221225472,"subsector":4566996712},"type":"shotgun_soldier","health":30,"id":4567155368}}
{"counter":5443,"type":"move","frame":{"millis":28687,"tic":1004},"actor":{"position":{"x":2187136,"y":9369696,"z":0,"angle":3221225472,"subsector":4566993176},"type":"spectre","health":150,"id":4567162232}}
{"counter":5444,"type":"move","frame":{"millis":28687,"tic":1004},"actor":{"position":{"x":17675042,"y":33825192,"z":3670016,"angle":0,"subsector":4566993528},"type":"imp","health":-5,"id":4567172000}}
{"counter":5445,"type":"move","frame":{"millis":28715,"tic":1005},"actor":{"position":{"x":21558790,"y":22446599,"z":3670016,"angle":1342177280,"subsector":4566993160},"type":"player","health":46,"armor":58,"id":4567120880}}
{"counter":5446,"type":"move","frame":{"millis":28715,"tic":1005},"actor":{"position":{"x":21558005,"y":22448490,"z":3670016,"angle":1342177280,"subsector":4566993160},"type":"player","health":46,"armor":58,"id":4567120880}}
{"counter":5447,"type":"move","frame":{"millis":28715,"tic":1005},"actor":{"position":{"x":8893376,"y":13844736,"z":0,"angle":2684354560,"subsector":4566993032},"type":"spectre","health":150,"id":4567137416}}
{"counter":5448,"type":"move","frame":{"millis":28715,"tic":1005},"actor":{"position":{"x":27887808,"y":13006656,"z":0,"angle":2147483648,"subsector":4566993080},"type":"shotgun_soldier","health":30,"id":4567137680}}
{"counter":5449,"type":"move","frame":{"millis":28715,"tic":1005},"actor":{"position":{"x":-18614976,"y":55929408,"z":0,"angle":536870912,"subsector":4566993320},"type":"shotgun_soldier","health":30,"id":4567155632}}
{"counter":5450,"type":"move","frame":{"millis":28715,"tic":1005},"actor":{"position":{"x":-20780992,"y":53011392,"z":0,"angle":0,"subsector":4566993320},"type":"shotgun_soldier","health":30,"id":4567155896}}
{"counter":5451,"type":"move","frame":{"millis":28716,"tic":1005},"actor":{"position":{"x":-22443840,"y":26410432,"z":0,"angle":1610612736,"subsector":4566993432},"type":"shotgun_soldier","health":30,"id":4567156160}}
{"counter":5452,"type":"move","frame":{"millis":28716,"tic":1005},"actor":{"position":{"x":-640896,"y":25462400,"z":0,"angle":536870912,"subsector":4566993432},"type":"shotgun_soldier","health":30,"id":4567156424}}
{"counter":5453,"type":"move","frame":{"millis":28716,"tic":1005},"actor":{"position":{"x":34188784,"y":12592208,"z":0,"angle":2147483648,"subsector":4566994408},"type":"spectre","health":150,"id":4567166984}}
{"counter":5454,"type":"move","frame":{"millis":28716,"tic":1005},"actor":{"position":{"x":17519284,"y":34281920,"z":3670016,"angle":0,"subsector":4566993528},"type":"imp","health":-5,"id":4567172000}}
{"counter":5455,"type":"move","frame":{"millis":28743,"tic":1006},"actor":{"position":{"x":21558005,"y":22448490,"z":3670016,"angle":1342177280,"subsector":4566993160},"type":"player","health":46,"armor":58,"id":4567120880}}
{"counter":5456,"type":"move","frame":{"millis":28743,"tic":1006},"actor":{"position":{"x":21556508,"y":22452094,"z":3670016,"angle":1342177280,"subsector":4566993160},"type":"player","health":46,"armor":58,"id":4567120880}}
{"counter":5457,"type":"move","frame":{"millis":28743,"tic":1006},"actor":{"position":{"x":11954200,"y":26854878,"z":3670016,"angle":3221225472,"subsector":4566993496},"type":"imp","health":48,"id":4567132400}}
{"counter":5458,"type":"move","frame":{"millis":28743,"tic":1006},"actor":{"position":{"x":-2621440,"y":19192064,"z":0,"angle":536870912,"subsector":4566993176},"type":"imp","health":60,"id":4567132928}}
{"counter":5459,"type":"move","frame":{"millis":28743,"tic":1006},"actor":{"position":{"x":-15734144,"y":25833344,"z":0,"angle":0,"subsector":4566993432},"type":"soldier","health":20,"id":4567137944}}
{"counter":5460,"type":"move","frame":{"millis":28743,"tic":1006},"actor":{"position":{"x":948032,"y":29942720,"z":0,"angle":2147483648,"subsector":4566993432},"type":"shotgun_soldier","health":30,"id":4567139792}}
{"counter":5461,"type":"move","frame":{"millis":28743,"tic":1006},"actor":{"position":{"x":2187136,"y":8714336,"z":0,"angle":3221225472,"subsector":4566993176},"type":"spectre","health":150,"id":4567162232}}
{"counter":5462,"type":"move","frame":{"millis":28743,"tic":1006},"actor":{"position":{"x":17378128,"y":34695829,"z":3670016,"angle":0,"subsector":4566993528},"type":"imp","health":-5,"id":4567172000}}
{"counter":5463,"type":"move","frame":{"millis":28743,"tic":1006},"actor":{"position":{"x":13372096,"y":10634048,"z":0,"angle":536870912,"subsector":4566993032},"type":"imp","health":60,"id":4567172264}}
{"counter":5464,"type":"move","frame":{"millis":28743,"tic":1006},"actor":{"position":{"x":-8918400,"y":26553216,"z":0,"angle":3758096384,"subsector":4566993432},"type":"shotgun_soldier","health":30,"id":4567172528}}
{"counter":5465,"type":"move","frame":{"millis":28772,"tic":1007},"actor":{"position":{"x":21555151,"y":22455360,"z":3670016,"angle":1342177280,"subsector":4566993160},"type":"player","health":46,"armor":58,"id":4567120880}}
{"counter":5466,"type":"move","frame":{"millis":28772,"tic":1007},"actor":{"position":{"x":8423376,"y":13374736,"z":0,"angle":2684354560,"subsector":4566993032},"type":"spectre","health":150,"id":4567137416}}
{"counter":5467,"type":"move","frame":{"millis":28772,"tic":1007},"actor":{"position":{"x":-28783040,"y":39268800,"z":0,"angle":3758096384,"subsector":4566993352},"type":"soldier","health":20,"id":4567138208}}
{"counter":5468,"type":"move","frame":{"millis":28772,"tic":1007},"actor":{"position":{"x":-28825280,"y":68512320,"z":0,"angle":3221225472,"subsector":4566996712},"type":"shotgun_soldier","health":30,"id":4567155368}}
{"counter":5469,"type":"move","frame":{"millis":28772,"tic":1007},"actor":{"position":{"x":33533424,"y":12592208,"z":0,"angle":2147483648,"subsector":4566994408},"type":"spectre","health":150,"id":4567166984}}
{"counter":5470,"type":"move","frame":{"millis":28772,"tic":1007},"actor":{"position":{"x":17250205,"y":35070934,"z":3670016,"angle":0,"subsector":4566993528},"type":"imp","health":-5,"id":4567172000}}
{"counter":5471,"type":"move","frame":{"millis":28800,"tic":1008},"actor":{"position":{"x":27363520,"y":13006656,"z":0,"angle":2147483648,"subsector":4566993080},"type":"shotgun_soldier","health":30,"id":4567137680}}
{"counter":5472,"type":"move","frame":{"millis":28800,"tic":1008},"actor":{"position":{"x":-24678720,"y":55135168,"z":0,"angle":3758096384,"subsector":4566993384},"type":"soldier","health":20,"id":4567138736}}
{"counter":5473,"type":"move","frame":{"millis":28800,"tic":1008},"actor":{"position":{"x":-13509824,"y":28708672,"z":0,"angle":3758096384,"subsector":4566993432},"type":"soldier","health":20,"id":4567139528}}
{"counter":5474,"type":"move","frame":{"millis":28800,"tic":1008},"actor":{"position":{"x":-18090688,"y":55929408,"z":0,"angle":0,"subsector":4566993320},"type":"shotgun_soldier","health":30,"id":4567155632}}
{"counter":5475,"type":"move","frame":{"millis":28800,"tic":1008},"actor":{"position":{"x":-20256704,"y":53011392,"z":0,"angle":0,"subsector":4566993320},"type":"shotgun_soldier","health":30,"id":4567155896}}
{"counter":5476,"type":"move","frame":{"millis":28800,"tic":1008},"actor":{"position":{"x":-21919552,"y":26410432,"z":0,"angle":1610612736,"subsector":4566993432},"type":"shotgun_soldier","health":30,"id":4567156160}}
{"counter":5477,"type":"move","frame":{"millis":28800,"tic":1008},"actor":{"position":{"x":-264896,"y":25086400,"z":0,"angle":0,"subsector":4566993432},"type":"shotgun_soldier","health":30,"id":4567156424}}
{"counter":5478,"type":"move","frame":{"millis":28800,"tic":1008},"actor":{"position":{"x":2187136,"y":8058976,"z":0,"angle":3221225472,"subsector":4566993176},"type":"spectre","health":150,"id":4567162232}}
{"counter":5479,"type":"move","frame":{"millis":28800,"tic":1008},"actor":{"position":{"x":17134274,"y":35410872,"z":3670016,"angle":0,"subsector":4566993528},"type":"imp","health":-5,"id":4567172000}}
{"counter":5480,"type":"move","frame":{"millis":28829,"tic":1009},"actor":{"position":{"x":11578200,"y":26478878,"z":3670016,"angle":2684354560,"subsector":4566993496},"type":"imp","health":48,"id":4567132400}}
{"counter":5481,"type":"move","frame":{"millis":28829,"tic":1009},"actor":{"position":{"x":-2245440,"y":19568064,"z":0,"angle":536870912,"subsector":4566993176},"type":"imp","health":60,"id":4567132928}}
{"counter":5482,"type":"move","frame":{"millis":28829,"tic":1009},"actor":{"position":{"x":9078736,"y":13374736,"z":0,"angle":2684354560,"subsector":4566993032},"type":"spectre","health":150,"id":4567137416}}
{"counter":5483,"type":"move","frame":{"millis":28829,"tic":1009},"actor":{"position":{"x":423744,"y":29942720,"z":0,"angle":2147483648,"subsector":4566993432},"type":"shotgun_soldier","health":30,"id":4567139792}}
{"counter":5484,"type":"move","frame":{"millis":28829,"tic":1009},"actor":{"position":{"x":32878064,"y":12592208,"z":0,"angle":2147483648,"subsector":4566994408},"type":"spectre","health":150,"id":4567166984}}
{"counter":5485,"type":"move","frame":{"millis":28829,"tic":1009},"actor":{"position":{"x":17029211,"y":35718940,"z":3670016,"angle":0,"subsector":4566993528},"type":"imp","health":-5,"id":4567172000}}
{"counter":5486,"type":"move","frame":{"millis":28829,"tic":1009},"actor":{"position":{"x":13748096,"y":11010048,"z":0,"angle":536870912,"subsector":4566993032},"type":"imp","health":60,"id":4567172264}}
{"counter":5487,"type":"move","frame":{"millis":28829,"tic":1009},"actor":{"position":{"x":-8542400,"y":26177216,"z":0,"angle":3758096384,"subsector":4566993432},"type":"shotgun_soldier","health":30,"id":4567172528}}
{"counter":5488,"type":"move","frame":{"millis":28858,"tic":1010},"actor":{"position":{"x":-15209856,"y":25833344,"z":0,"angle":0,"subsector":4566993432},"type":"soldier","health":20,"id":4567137944}}
{"counter":5489,"type":"move","frame":{"millis":28858,"tic":1010},"actor":{"position":{"x":-28825280,"y":67988032,"z":0,"angle":3221225472,"subsector":4566996712},"type":"shotgun_soldier","health":30,"id":4567155368}}
{"counter":5490,"type":"move","frame":{"millis":28858,"tic":1010},"actor":{"position":{"x":2187136,"y":7403616,"z":0,"angle":3221225472,"subsector":4566993176},"type":"spectre","health":150,"id":4567162232}}
{"counter":5491,"type":"move","frame":{"millis":28858,"tic":1010},"actor":{"position":{"x":16933997,"y":35998126,"z":3670016,"angle":0,"subsector":4566993528},"type":"imp","health":-5,"id":4567172000}}
{"counter":5492,"type":"move","frame":{"millis":28886,"tic":1011},"actor":{"position":{"x":9548736,"y":13844736,"z":0,"angle":3221225472,"subsector":4566993032},"type":"spectre","health":150,"id":4567137416}}
{"counter":5493,"type":"move","frame":{"millis":28886,"tic":1011},"actor":{"position":{"x":26987520,"y":12630656,"z":0,"angle":2147483648,"subsector":4566993080},"type":"shotgun_soldier","health":30,"id":4567137680}}
{"counter":5494,"type":"move","frame":{"millis":28886,"tic":1011},"actor":{"position":{"x":-28783040,"y":38744512,"z":0,"angle":3758096384,"subsector":4566993352},"type":"soldier","health":20,"id":4567138208}}
{"counter":5495,"type":"move","frame":{"millis":28886,"tic":1011},"actor":{"position":{"x":-17566400,"y":55929408,"z":0,"angle":0,"subsector":4566993320},"type":"shotgun_soldier","health":30,"id":4567155632}}
{"counter":5496,"type":"move","frame":{"millis":28886,"tic":1011},"actor":{"position":{"x":-19732416,"y":53011392,"z":0,"angle":0,"subsector":4566993320},"type":"shotgun_soldier","health":30,"id":4567155896}}
{"counter":5497,"type":"move","frame":{"millis":28886,"tic":1011},"actor":{"position":{"x":-21395264,"y":26410432,"z":0,"angle":1073741824,"subsector":4566993432},"type":"shotgun_soldier","health":30,"id":4567156160}}
{"counter":5498,"type":"move","frame":{"millis":28886,"tic":1011},"actor":{"position":{"x":111104,"y":24710400,"z":0,"angle":3758096384,"subsector":4566993432},"type":"shotgun_soldier","health":30,"id":4567156424}}
{"counter":5499,"type":"move","frame":{"millis":28886,"tic":1011},"actor":{"position":{"x":32222704,"y":12592208,"z":0,"angle":2147483648,"subsector":4566994408},"type":"spectre","health":150,"id":4567166984}}
{"counter":5500,"type":"move","frame":{"millis":28886,"tic":1011},"actor":{"position":{"x":16847709,"y":36251138,"z":3670016,"angle":0,"subsector":4566993528},"type":"imp","health":-5,"id":4567172000}}
{"counter":5501,"type":"move","frame":{"millis":28915,"tic":1012},"actor":{"position":{"x":11202200,"y":26102878,"z":3670016,"angle":2684354560,"subsector":4566993480},"type":"imp","health":48,"id":4567132400}}
{"counter":5502,"type":"move","frame":{"millis":28915,"tic":1012},"actor":{"position":{"x":-1869440,"y":19944064,"z":0,"angle":536870912,"subsector":4566993224},"type":"imp","health":60,"id":4567132928}}
{"counter":5503,"type":"move","frame":{"millis":28915,"tic":1012},"actor":{"position":{"x":-24302720,"y":54759168,"z":0,"angle":3758096384,"subsector":4566993384},"type":"soldier","health":20,"id":4567138736}}
{"counter":5504,"type":"move","frame":{"millis":28915,"tic":1012},"actor":{"position":{"x":-12985536,"y":28708672,"z":0,"angle":0,"subsector":4566993432},"type":"soldier","health":20,"id":4567139528}}
{"counter":5505,"type":"move","frame":{"millis":28915,"tic":1012},"actor":{"position":{"x":-100544,"y":29942720,"z":0,"angle":2147483648,"subsector":4566993432},"type":"shotgun_soldier","health":30,"id":4567139792}}
{"counter":5506,"type":"move","frame":{"millis":28915,"tic":1012},"actor":{"position":{"x":2657136,"y":7873616,"z":0,"angle":3221225472,"subsector":4566993176},"type":"spectre","health":150,"id":4567162232}}
{"counter":5507,"type":"move","frame":{"millis":28915,"tic":1012},"actor":{"position":{"x":16769510,"y":36480430,"z":3670016,"angle":0,"subsector":4566993528},"type":"imp","health":-5,"id":4567172000}}
{"counter":5508,"type":"move","frame":{"millis":28915,"tic":1012},"actor":{"position":{"x":14272384,"y":11010048,"z":0,"angle":536870912,"subsector":4566993032},"type":"imp","health":60,"id":4567172264}}
{"counter":5509,"type":"move","frame":{"millis":28915,"tic":1012},"actor":{"position":{"x":-8166400,"y":25801216,"z":0,"angle":3758096384,"subsector":4566993432},"type":"shotgun_soldier","health":30,"id":4567172528}}
{"counter":5510,"type":"move","frame":{"millis":28943,"tic":1013},"actor":{"position":{"x":10018736,"y":14314736,"z":0,"angle":3758096384,"subsector":4566993032},"type":"spectre","health":150,"id":4567137416}}
{"counter":5511,"type":"move","frame":{"millis":28943,"tic":1013},"actor":{"position":{"x":-28825280,"y":67463744,"z":0,"angle":3221225472,"subsector":4566996712},"type":"shotgun_soldier","health":30,"id":4567155368}}
{"counter":5512,"type":"move","frame":{"millis":28943,"tic":1013},"actor":{"position":{"x":31567344,"y":12592208,"z":0,"angle":2147483648,"subsector":4566994408},"type":"spectre","health":150,"id":4567166984}}
{"counter":5513,"type":"move","frame":{"millis":28943,"tic":1013},"actor":{"position":{"x":16698642,"y":36688225,"z":3670016,"angle":0,"subsector":4566993528},"type":"imp","health":-5,"id":4567172000}}
{"counter":5514,"type":"move","frame":{"millis":28972,"tic":1014},"actor":{"position":{"x":26611520,"y":12254656,"z":0,"angle":2684354560,"subsector":4566993048},"type":"shotgun_soldier","health":30,"id":4567137680}}
{"counter":5515,"type":"move","frame":{"millis":28972,"tic":1014},"actor":{"position":{"x":-14685568,"y":25833344,"z":0,"angle":0,"subsector":4566993432},"type":"soldier","health":20,"id":4567137944}}
{"counter":5516,"type":"move","frame":{"millis":28972,"tic":1014},"actor":{"position":{"x":-17042112,"y":55929408,"z":0,"angle":0,"subsector":4566993320},"type":"shotgun_soldier","health":30,"id":4567155632}}
{"counter":5517,"type":"move","frame":{"millis":28972,"tic":1014},"actor":{"position":{"x":-19208128,"y":53011392,"z":0,"angle":0,"subsector":4566993320},"type":"shotgun_soldier","health":30,"id":4567155896}}
{"counter":5518,"type":"move","frame":{"millis":28972,"tic":1014},"actor":{"position":{"x":-20870976,"y":26410432,"z":0,"angle":536870912,"subsector":4566993432},"type":"shotgun_soldier","health":30,"id":4567156160}}
{"counter":5519,"type":"move","frame":{"millis":28972,"tic":1014},"actor":{"position":{"x":635392,"y":24710400,"z":0,"angle":3758096384,"subsector":4566993432},"type":"shotgun_soldier","health":30,"id":4567156424}}
{"counter":5520,"type":"move","frame":{"millis":28972,"tic":1014},"actor":{"position":{"x":3127136,"y":8343616,"z":0,"angle":3758096384,"subsector":4566993176},"type":"spectre","health":150,"id":4567162232}}
{"counter":5521,"type":"move","frame":{"millis":28972,"tic":1014},"actor":{"position":{"x":16634417,"y":36876539,"z":3670016,"angle":0,"subsector":4566993528},"type":"imp","health":-5,"id":4567172000}}
{"counter":5522,"type":"move","frame":{"millis":29000,"tic":1015},"actor":{"position":{"x":21555151,"y":22455360,"z":3670016,"angle":1342177280,"subsector":4566993160},"type":"player","health":46,"armor":58,"id":4567120880}}
{"counter":5523,"type":"move","frame":{"millis":29001,"tic":1015},"actor":{"position":{"x":21554366,"y":22457251,"z":3670016,"angle":1342177280,"subsector":4566993160},"type":"player","health":46,"armor":58,"id":4567120880}}
{"counter":5524,"type":"move","frame":{"millis":29001,"tic":1015},"actor":{"position":{"x":10826200,"y":25726878,"z":3670016,"angle":2684354560,"subsector":4566993480},"type":"imp","health":48,"id":4567132400}}
{"counter":5525,"type":"move","frame":{"millis":29001,"tic":1015},"actor":{"position":{"x":-1493440,"y":20320064,"z":0,"angle":536870912,"subsector":4566993224},"type":"imp","health":60,"id":4567132928}}
{"counter":5526,"type":"move","frame":{"millis":29001,"tic":1015},"actor":{"position":{"x":10488736,"y":14784736,"z":0,"angle":0,"subsector":4566993032},"type":"spectre","health":150,"id":4567137416}}
{"counter":5527,"type":"move","frame":{"millis":29001,"tic":1015},"actor":{"position":{"x":-28783040,"y":38220224,"z":0,"angle":3221225472,"subsector":4566993352},"type":"soldier","health":20,"id":4567138208}}
{"counter":5528,"type":"move","frame":{"millis":29001,"tic":1015},"actor":{"position":{"x":-624832,"y":29942720,"z":0,"angle":2147483648,"subsector":4566993432},"type":"shotgun_soldier","health":30,"id":4567139792}}
{"counter":5529,"type":"move","frame":{"millis":29001,"tic":1015},"actor":{"position":{"x":30911984,"y":12592208,"z":0,"angle":2147483648,"subsector":4566994408},"type":"spectre","health":150,"id":4567166984}}
{"counter":5530,"type":"move","frame":{"millis":29001,"tic":1015},"actor":{"position":{"x":16576213,"y":37047198,"z":3670016,"angle":0,"subsector":4566993528},"type":"imp","health":-5,"id":4567172000}}
{"counter":5531,"type":"move","frame":{"millis":29001,"tic":1015},"actor":{"position":{"x":14796672,"y":11010048,"z":0,"angle":0,"subsector":4566993048},"type":"imp","health":60,"id":4567172264}}
{"counter":5532,"type":"move","frame":{"millis":29001,"tic":1015},"actor":{"position":{"x":-7790400,"y":25425216,"z":0,"angle":3758096384,"subsector":4566993432},"type":"shotgun_soldier","health":30,"id":4567172528}}
{"counter":5533,"type":"move","frame":{"millis":29029,"tic":1016},"actor":{"position":{"x":21554366,"y":22457251,"z":3670016,"angle":1342177280,"subsector":4566993160},"type":"player","health":46,"armor":58,"id":4567120880}}
{"counter":5534,"type":"move","frame":{"millis":29029,"tic":1016},"actor":{"position":{"x":21552085,"y":22462747,"z":3670016,"angle":1342177280,"subsector":4566993160},"type":"player","health":46,"armor":58,"id":4567120880}}
{"counter":5535,"type":"move","frame":{"millis":29029,"tic":1016},"actor":{"position":{"x":-23926720,"y":54383168,"z":0,"angle":3758096384,"subsector":4566993384},"type":"soldier","health":20,"id":4567138736}}
{"counter":5536,"type":"move","frame":{"millis":29029,"tic":1016},"actor":{"position":{"x":-12461248,"y":28708672,"z":0,"angle":0,"subsector":4566993432},"type":"soldier","health":20,"id":4567139528}}
{"counter":5537,"type":"move","frame":{"millis":29029,"tic":1016},"actor":{"position":{"x":-28825280,"y":66939456,"z":0,"angle":3221225472,"subsector":4566996712},"type":"shotgun_soldier","health":30,"id":4567155368}}
{"counter":5538,"type":"move","frame":{"millis":29029,"tic":1016},"actor":{"position":{"x":3597136,"y":8813616,"z":0,"angle":0,"subsector":4566993176},"type":"spectre","health":150,"id":4567162232}}
{"counter":5539,"type":"move","frame":{"millis":29029,"tic":1016},"actor":{"position":{"x":16523465,"y":37201857,"z":3670016,"angle":0,"subsector":4566993528},"type":"imp","health":-5,"id":4567172000}}
{"counter":5540,"type":"move","frame":{"millis":29058,"tic":1017},"actor":{"position":{"x":21552085,"y":22462747,"z":3670016,"angle":1342177280,"subsector":4566993160},"type":"player","health":46,"armor":58,"id":4567120880}}
{"counter":5541,"type":"move","frame":{"millis":29058,"tic":1017},"actor":{"position":{"x":21545310,"y":22479077,"z":3670016,"angle":1342177280,"subsector":4566993160},"type":"player","health":46,"armor":58,"id":4567120880}}
{"counter":5542,"type":"move","frame":{"millis":29058,"tic":1017},"actor":{"position":{"x":10958736,"y":15254736,"z":0,"angle":536870912,"subsector":4566993032},"type":"spectre","health":150,"id":4567137416}}
{"counter":5543,"type":"move","frame":{"millis":29058,"tic":1017},"actor":{"position":{"x":26235520,"y":11878656,"z":0,"angle":2684354560,"subsector":4566993048},"type":"shotgun_soldier","health":30,"id":4567137680}}
{"counter":5544,"type":"move","frame":{"millis":29058,"tic":1017},"actor":{"position":{"x":-16517824,"y":55929408,"z":0,"angle":0,"subsector":4566993320},"type":"shotgun_soldier","health":30,"id":4567155632}}
{"counter":5545,"type":"move","frame":{"millis":29058,"tic":1017},"actor":{"position":{"x":-18683840,"y":53011392,"z":0,"angle":0,"subsector":4566993320},"type":"shotgun_soldier","health":30,"id":4567155896}}
{"counter":5546,"type":"move","frame":{"millis":29058,"tic":1017},"actor":{"position":{"x":-20346688,"y":26410432,"z":0,"angle":0,"subsector":4566993432},"type":"shotgun_soldier","health":30,"id":4567156160}}
{"counter":5547,"type":"move","frame":{"millis":29058,"tic":1017},"actor":{"position":{"x":1159680,"y":24710400,"z":0,"angle":0,"subsector":4566993432},"type":"shotgun_soldier","health":30,"id":4567156424}}
{"counter":5548,"type":"move","frame":{"millis":29058,"tic":1017},"actor":{"position":{"x":30256624,"y":12592208,"z":0,"angle":2147483648,"subsector":4566994408},"type":"spectre","health":150,"id":4567166984}}
{"counter":5549,"type":"move","frame":{"millis":29058,"tic":1017},"actor":{"position":{"x":16475662,"y":37342016,"z":3670016,"angle":0,"subsector":4566993528},"type":"imp","health":-5,"id":4567172000}}
{"counter":5550,"type":"move","frame":{"millis":29086,"tic":1018},"actor":{"position":{"x":21545310,"y":22479077,"z":3670016,"angle":1342177280,"subsector":4566993160},"type":"player","health":46,"armor":58,"id":4567120880}}
{"counter":5551,"type":"move","frame":{"millis":29086,"tic":1018},"actor":{"position":{"x":21529756,"y":22516577,"z":3670016,"angle":1342177280,"subsector":4566993160},"type":"player","health":46,"armor":58,"id":4567120880}}
{"counter":5552,"type":"move","frame":{"millis":29086,"tic":1018},"actor":{"position":{"x":10450200,"y":25350878,"z":3670016,"angle":2684354560,"subsector":4566993480},"type":"imp","health":48,"id":4567132400}}
{"counter":5553,"type":"move","frame":{"millis":29086,"tic":1018},"actor":{"position":{"x":-1493440,"y":20844352,"z":0,"angle":536870912,"subsector":4566993224},"type":"imp","health":60,"id":4567132928}}
{"counter":5554,"type":"move","frame":{"millis":29086,"tic":1018},"actor":{"position":{"x":-14161280,"y":25833344,"z":0,"angle":0,"subsector":4566993432},"type":"soldier","health":20,"id":4567137944}}
{"counter":5555,"type":"move","frame":{"millis":29086,"tic":1018},"actor":{"position":{"x":-1149120,"y":29942720,"z":0,"angle":2147483648,"subsector":4566993432},"type":"shotgun_soldier","health":30,"id":4567139792}}
{"counter":5556,"type":"move","frame":{"millis":29086,"tic":1018},"actor":{"position":{"x":4252496,"y":8813616,"z":0,"angle":536870912,"subsector":4566993192},"type":"spectre","health":150,"id":4567162232}}
{"counter":5557,"type":"move","frame":{"millis":29086,"tic":1018},"actor":{"position":{"x":16432340,"y":37469035,"z":3670016,"angle":0,"subsector":4566993528},"type":"imp","health":-5,"id":4567172000}}
{"counter":5558,"type":"move","frame":{"millis":29086,"tic":1018},"actor":{"position":{"x":15320960,"y":11010048,"z":0,"angle":0,"subsector":4566993048},"type":"imp","health":60,"id":4567172264}}
{"counter":5559,"type":"move","frame":{"millis":29086,"tic":1018},"actor":{"position":{"x":-7414400,"y":25049216,"z":0,"angle":3758096384,"subsector":4566993432},"type":"shotgun_soldier","health":30,"id":4567172528}}
{"counter":5560,"type":"move","frame":{"millis":29116,"tic":1019},"actor":{"position":{"x":21529756,"y":22516577,"z":3670016,"angle":1342177280,"subsector":4566993160},"type":"player","health":46,"armor":58,"id":4567120880}}
{"counter":5561,"type":"move","frame":{"millis":29116,"tic":1019},"actor":{"position":{"x":21490558,"y":22611098,"z":3670016,"angle":1342177280,"subsector":4566993160},"type":"player","health":46,"armor":58,"id":4567120880}}
{"counter":5562,"type":"move","frame":{"millis":29116,"tic":1019},"actor":{"position":{"x":11428736,"y":15724736,"z":524288,"angle":536870912,"subsector":4566993032},"type":"spectre","health":150,"id":4567137416}}
{"counter":5563,"type":"move","frame":{"millis":29116,"tic":1019},"actor":{"position":{"x":-28783040,"y":37695936,"z":0,"angle":3221225472,"subsector":4566993352},"type":"soldier","health":20,"id":4567138208}}
{"counter":5564,"type":"move","frame":{"millis":29116,"tic":1019},"actor":{"position":{"x":-28825280,"y":66415168,"z":0,"angle":3221225472,"subsector":4566996712},"type":"shotgun_soldier","health":30,"id":4567155368}}
{"counter":5565,"type":"move","frame":{"millis":29116,"tic":1019},"actor":{"position":{"x":29601264,"y":12592208,"z":0,"angle":2147483648,"subsector":4566994408},"type":"spectre","health":150,"id":4567166984}}
{"counter":5566,"type":"move","frame":{"millis":29116,"tic":1019},"actor":{"position":{"x":16393079,"y":37584145,"z":3670016,"angle":0,"subsector":4566993528},"type":"imp","health":-5,"id":4567172000}}
{"counter":5567,"type":"move","frame":{"millis":29143,"tic":1020},"actor":{"position":{"x":21490558,"y":22611098,"z":3670016,"angle":1342177280,"subsector":4566993160},"type":"player","health":46,"armor":58,"id":4567120880}}
{"counter":5568,"type":"move","frame":{"millis":29143,"tic":1020},"actor":{"position":{"x":21415812,"y":22791346,"z":3670016,"angle":1342177280,"subsector":4566993160},"type":"player","health":46,"armor":58,"id":4567120880}}
{"counter":5569,"type":"move","frame":{"millis":29143,"tic":1020},"actor":{"position":{"x":25859520,"y":11502656,"z":0,"angle":2684354560,"subsector":4566993048},"type":"shotgun_soldier","health":30,"id":4567137680}}
{"counter":5570,"type":"move","frame":{"millis":29143,"tic":1020},"actor":{"position":{"x":-23550720,"y":54007168,"z":0,"angle":3758096384,"subsector":4566993384},"type":"soldier","health":20,"id":4567138736}}
{"counter":5571,"type":"move","frame":{"millis":29143,"tic":1020},"actor":{"position":{"x":-11936960,"y":28708672,"z":0,"angle":0,"subsector":4566993432},"type":"soldier","health":20,"id":4567139528}}
{"counter":5572,"type":"move","frame":{"millis":29143,"tic":1020},"actor":{"position":{"x":-15993536,"y":55929408,"z":0,"angle":0,"subsector":4566993320},"type":"shotgun_soldier","health":30,"id":4567155632}}
{"counter":5573,"type":"move","frame":{"millis":29143,"tic":1020},"actor":{"position":{"x":-18159552,"y":53011392,"z":0,"angle":0,"subsector":4566993320},"type":"shotgun_soldier","health":30,"id":4567155896}}
{"counter":5574,"type":"move","frame":{"millis":29143,"tic":1020},"actor":{"position":{"x":-19822400,"y":26410432,"z":0,"angle":0,"subsector":4566993432},"type":"shotgun_soldier","health":30,"id":4567156160}}
{"counter":5575,"type":"move","frame":{"millis":29143,"tic":1020},"actor":{"position":{"x":1683968,"y":24710400,"z":0,"angle":0,"subsector":4566993432},"type":"shotgun_soldier","health":30,"id":4567156424}}
{"counter":5576,"type":"move","frame":{"millis":29143,"tic":1020},"actor":{"position":{"x":4907856,"y":8813616,"z":0,"angle":0,"subsector":4566993192},"type":"spectre","health":150,"id":4567162232}}
{"counter":5577,"type":"move","frame":{"millis":29143,"tic":1020},"actor":{"position":{"x":16357498,"y":37688463,"z":3670016,"angle":0,"subsector":4566993528},"type":"imp","health":-5,"id":4567172000}}
{"counter":5578,"type":"move","frame":{"millis":29172,"tic":1021},"actor":{"position":{"x":21415812,"y":22791346,"z":3670016,"angle":1342177280,"subsector":4566993160},"type":"player","health":46,"armor":58,"id":4567120880}}
{"counter":5579,"type":"move","frame":{"millis":29172,"tic":1021},"actor":{"position":{"x":21308851,"y":23049284,"z":3670016,"angle":1342177280,"subsector":4566993160},"type":"player","health":46,"armor":58,"id":4567120880}}
{"counter":5580,"type":"move","frame":{"millis":29172,"tic":1021},"actor":{"position":{"x":10074200,"y":24974878,"z":3670016,"angle":2684354560,"subsector":4566993480},"type":"imp","health":48,"id":4567132400}}
{"counter":5581,"type":"enter_subsector","frame":{"millis":29172,"tic":1021},"actor":{"position":{"x":-1493440,"y":21368640,"z":0,"angle":1073741824,"subsector":4566993256},"type":"imp","health":60,"id":4567132928}}
{"counter":5582,"type":"move","frame":{"millis":29172,"tic":1021},"actor":{"position":{"x":-1493440,"y":21368640,"z":0,"angle":1073741824,"subsector":4566993256},"type":"imp","health":60,"id":4567132928}}
{"counter":5583,"type":"move","frame":{"millis":29172,"tic":1021},"actor":{"position":{"x":11898736,"y":16194736,"z":524288,"angle":536870912,"subsector":4566993032},"type":"spectre","health":150,"id":4567137416}}
{"counter":5584,"type":"move","frame":{"millis":29172,"tic":1021},"actor":{"position":{"x":-1673408,"y":29942720,"z":0,"angle":2147483648,"subsector":4566993432},"type":"shotgun_soldier","health":30,"id":4567139792}}
{"counter":5585,"type":"move","frame":{"millis":29172,"tic":1021},"actor":{"position":{"x":29601264,"y":11936848,"z":0,"angle":2147483648,"subsector":4566994408},"type":"spectre","health":150,"id":4567166984}}
{"counter":5586,"type":"move","frame":{"millis":29172,"tic":1021},"actor":{"position":{"x":16325252,"y":37783001,"z":3670016,"angle":0,"subsector":4566993528},"type":"imp","health":-5,"id":4567172000}}
{"counter":5587,"type":"move","frame":{"millis":29172,"tic":1021},"actor":{"position":{"x":15845248,"y":11010048,"z":0,"angle":0,"subsector":4566993048},"type":"imp","health":60,"id":4567172264}}
{"counter":5588,"type":"move","frame":{"millis":29172,"tic":1021},"actor":{"position":{"x":-7038400,"y":24673216,"z":0,"angle":3758096384,"subsector":4566993432},"type":"shotgun_soldier","health":30,"id":4567172528}}
{"counter":5589,"type":"move","frame":{"millis":29200,"tic":1022},"actor":{"position":{"x":21308851,"y":23049284,"z":3670016,"angle":1342177280,"subsector":4566993160},"type":"player","health":46,"armor":58,"id":4567120880}}
{"counter":5590,"type":"move","frame":{"millis":29200,"tic":1022},"actor":{"position":{"x":21172695,"y":23377629,"z":3670016,"angle":1342177280,"subsector":4566993576},"type":"player","health":46,"armor":58,"id":4567120880}}
{"counter":5591,"type":"move","frame":{"millis":29200,"tic":1022},"actor":{"position":{"x":-13636992,"y":25833344,"z":0,"angle":0,"subsector":4566993432},"type":"soldier","health":20,"id":4567137944}}
{"counter":5592,"type":"move","frame":{"millis":29200,"tic":1022},"actor":{"position":{"x":-28825280,"y":65890880,"z":0,"angle":3221225472,"subsector":4566996712},"type":"shotgun_soldier","health":30,"id":4567155368}}
{"counter":5593,"type":"move","frame":{"millis":29200,"tic":1022},"actor":{"position":{"x":5563216,"y":8813616,"z":0,"angle":0,"subsector":4566993192},"type":"spectre","health":150,"id":4567162232}}
{"counter":5594,"type":"move","frame":{"millis":29200,"tic":1022},"actor":{"position":{"x":16296029,"y":37868676,"z":3670016,"angle":0,"subsector":4566993528},"type":"imp","health":-5,"id":4567172000}}
{"counter":5595,"type":"move","frame":{"millis":29229,"tic":1023},"actor":{"position":{"x":21172695,"y":23377629,"z":3670016,"angle":1342177280,"subsector":4566993576},"type":"player","health":46,"armor":58,"id":4567120880}}
{"counter":5596,"type":"move","frame":{"millis":29230,"tic":1023},"actor":{"position":{"x":21010081,"y":23769780,"z":3670016,"angle":1342177280,"subsector":4566993576},"type":"player","health":46,"armor":58,"id":4567120880}}
{"counter":5597,"type":"move","frame":{"millis":29230,"tic":1023},"actor":{"position":{"x":12368736,"y":16664736,"z":524288,"angle":536870912,"subsector":4566993032},"type":"spectre","health":150,"id":4567137416}}
{"counter":5598,"type":"move","frame":{"millis":29230,"tic":1023},"actor":{"position":{"x":25483520,"y":11126656,"z":0,"angle":2684354560,"subsector":4566993048},"type":"shotgun_soldier","health":30,"id":4567137680}}
{"counter":5599,"type":"move","frame":{"millis":29230,"tic":1023},"actor":{"position":{"x":-28783040,"y":37171648,"z":0,"angle":3221225472,"subsector":4566993352},"type":"soldier","health":20,"id":4567138208}}
{"counter":5600,"type":"move","frame":{"millis":29230,"tic":1023},"actor":{"position":{"x":-16369536,"y":56305408,"z":0,"angle":0,"subsector":4566993320},"type":"shotgun_soldier","health":30,"id":4567155632}}
{"counter":5601,"type":"move","frame":{"millis":29230,"tic":1023},"actor":{"position":{"x":-17635264,"y":53011392,"z":0,"angle":0,"subsector":4566993320},"type":"shotgun_soldier","health":30,"id":4567155896}}
{"counter":5602,"type":"move","frame":{"millis":29230,"tic":1023},"actor":{"position":{"x":-19298112,"y":26410432,"z":0,"angle":0,"subsector":4566993432},"type":"shotgun_soldier","health":30,"id":4567156160}}
{"counter":5603,"type":"move","frame":{"millis":29230,"tic":1023},"actor":{"position":{"x":2208256,"y":24710400,"z":0,"angle":0,"subsector":4566993432},"type":"shotgun_soldier","health":30,"id":4567156424}}
{"counter":5604,"type":"move","frame":{"millis":29230,"tic":1023},"actor":{"position":{"x":29131264,"y":12406848,"z":0,"angle":2684354560,"subsector":4566993064},"type":"spectre","health":150,"id":4567166984}}
{"counter":5605,"type":"move","frame":{"millis":29230,"tic":1023},"actor":{"position":{"x":16269545,"y":37946318,"z":3670016,"angle":0,"subsector":4566993528},"type":"imp","health":-5,"id":4567172000}}
{"counter":5606,"type":"move","frame":{"millis":29258,"tic":1024},"actor":{"position":{"x":21010081,"y":23769780,"z":3670016,"angle":1342177280,"subsector":4566993576},"type":"player","health":46,"armor":58,"id":4567120880}}
{"counter":5607,"type":"move","frame":{"millis":29258,"tic":1024},"actor":{"position":{"x":20823490,"y":24219755,"z":3670016,"angle":1342177280,"subsector":4566993576},"type":"player","health":46,"armor":58,"id":4567120880}}
{"counter":5608,"type":"move","frame":{"millis":29258,"tic":1024},"actor":{"position":{"x":9698200,"y":24598878,"z":3670016,"angle":2684354560,"subsector":4566993464},"type":"imp","health":48,"id":4567132400}}
{"counter":5609,"type":"move","frame":{"millis":29258,"tic":1024},"actor":{"position":{"x":-1493440,"y":21892928,"z":0,"angle":1073741824,"subsector":4566993256},"type":"imp","health":60,"id":4567132928}}
{"counter":5610,"type":"move","frame":{"millis":29258,"tic":1024},"actor":{"position":{"x":-23174720,"y":53631168,"z":0,"angle":3758096384,"subsector":4566993384},"type":"soldier","health":20,"id":4567138736}}
{"counter":5611,"type":"move","frame":{"millis":29258,"tic":1024},"actor":{"position":{"x":-11412672,"y":28708672,"z":0,"angle":0,"subsector":4566993432},"type":"soldier","health":20,"id":4567139528}}
{"counter":5612,"type":"move","frame":{"millis":29259,"tic":1024},"actor":{"position":{"x":-2197696,"y":29942720,"z":0,"angle":2147483648,"subsector":4566993432},"type":"shotgun_soldier","health":30,"id":4567139792}}
{"counter":5613,"type":"move","frame":{"millis":29259,"tic":1024},"actor":{"position":{"x":6218576,"y":8813616,"z":0,"angle":0,"subsector":4566993192},"type":"spectre","health":150,"id":4567162232}}
{"counter":5614,"type":"move","frame":{"millis":29259,"tic":1024},"actor":{"position":{"x":16245543,"y":38016681,"z":3670016,"angle":0,"subsector":4566993528},"type":"imp","health":-5,"id":4567172000}}
{"counter":5615,"type":"move","frame":{"millis":29259,"tic":1024},"actor":{"position":{"x":16369536,"y":11010048,"z":0,"angle":0,"subsector":4566993048},"type":"imp","health":60,"id":4567172264}}
{"counter":5616,"type":"move","frame":{"millis":29259,"tic":1024},"actor":{"position":{"x":-6662400,"y":24297216,"z":0,"angle":3758096384,"subsector":4566993432},"type":"shotgun_soldier","health":30,"id":4567172528}}
{"counter":5617,"type":"move","frame":{"millis":29286,"tic":1025},"actor":{"position":{"x":20823490,"y":24219755,"z":3670016,"angle":1342177280,"subsector":4566993576},"type":"player","health":46,"armor":58,"id":4567120880}}
{"counter":5618,"type":"move","frame":{"millis":29286,"tic":1025},"actor":{"position":{"x":20615169,"y":24722133,"z":3670016,"angle":1342177280,"subsector":4566993576},"type":"player","health":46,"armor":58,"id":4567120880}}
{"counter":5619,"type":"move","frame":{"millis":29286,"tic":1025},"actor":{"position":{"x":12368736,"y":17320096,"z":1048576,"angle":536870912,"subsector":4566993096},"type":"spectre","health":150,"id":4567137416}}
{"counter":5620,"type":"move","frame":{"millis":29287,"tic":1025},"actor":{"position":{"x":-28825280,"y":65366592,"z":0,"angle":3221225472,"subsector":4566996712},"type":"shotgun_soldier","health":30,"id":4567155368}}
{"counter":5621,"type":"move","frame":{"millis":29287,"tic":1025},"actor":{"position":{"x":29786624,"y":12406848,"z":0,"angle":2147483648,"subsector":4566994408},"type":"spectre","health":150,"id":4567166984}}
{"counter":5622,"type":"move","frame":{"millis":29287,"tic":1025},"actor":{"position":{"x":16223791,"y":38080447,"z":3670016,"angle":0,"subsector":4566993528},"type":"imp","health":-5,"id":4567172000}}
{"counter":5623,"type":"move","frame":{"millis":29316,"tic":1026},"actor":{"position":{"x":20615169,"y":24722133,"z":3670016,"angle":1358954496,"subsector":4566993576},"type":"player","health":46,"armor":58,"id":4567120880}}
{"counter":5624,"type":"enter_subsector","frame":{"millis":29316,"tic":1026},"actor":{"position":{"x":20384846,"y":25271011,"z":3670016,"angle":1358954496,"subsector":4566993592},"type":"player","health":46,"armor":58,"id":4567120880}}
{"counter":5625,"type":"move","frame":{"millis":29316,"tic":1026},"actor":{"position":{"x":20384846,"y":25271011,"z":3670016,"angle":1358954496,"subsector":4566993592},"type":"player","health":46,"armor":58,"id":4567120880}}
{"counter":5626,"type":"move","frame":{"millis":29316,"tic":1026},"actor":{"position":{"x":25107520,"y":10750656,"z":0,"angle":2684354560,"subsector":4566993048},"type":"shotgun_soldier","health":30,"id":4567137680}}
{"counter":5627,"type":"move","frame":{"millis":29316,"tic":1026},"actor":{"position":{"x":-13112704,"y":25833344,"z":0,"angle":0,"subsector":4566993432},"type":"soldier","health":20,"id":4567137944}}
{"counter":5628,"type":"move","frame":{"millis":29316,"tic":1026},"actor":{"position":{"x":-16369536,"y":55781120,"z":0,"angle":536870912,"subsector":4566993320},"type":"shotgun_soldier","health":30,"id":4567155632}}
{"counter":5629,"type":"move","frame":{"millis":29316,"tic":1026},"actor":{"position":{"x":-17110976,"y":53011392,"z":0,"angle":0,"subsector":4566993320},"type":"shotgun_soldier","health":30,"id":4567155896}}
{"counter":5630,"type":"move","frame":{"millis":29316,"tic":1026},"actor":{"position":{"x":-18773824,"y":26410432,"z":0,"angle":0,"subsector":4566993432},"type":"shotgun_soldier","health":30,"id":4567156160}}
{"counter":5631,"type":"move","frame":{"millis":29316,"tic":1026},"actor":{"position":{"x":2732544,"y":24710400,"z":0,"angle":0,"subsector":4566993432},"type":"shotgun_soldier","health":30,"id":4567156424}}
{"counter":5632,"type":"move","frame":{"millis":29316,"tic":1026},"actor":{"position":{"x":6873936,"y":8813616,"z":0,"angle":0,"subsector":4566993032},"type":"spectre","health":150,"id":4567162232}}
{"counter":5633,"type":"move","frame":{"millis":29316,"tic":1026},"actor":{"position":{"x":16204078,"y":38138234,"z":3670016,"angle":0,"subsector":4566993528},"type":"imp","health":-5,"id":4567172000}}
{"counter":5634,"type":"move","frame":{"millis":29343,"tic":1027},"actor":{"position":{"x":20384846,"y":25271011,"z":3670016,"angle":1392508928,"subsector":4566993592},"type":"player","health":46,"armor":58,"id":4567120880}}
{"counter":5635,"type":"move","frame":{"millis":29343,"tic":1027},"actor":{"position":{"x":20130040,"y":25859879,"z":3670016,"angle":1392508928,"subsector":4566993592},"type":"player","health":46,"armor":58,"id":4567120880}}
{"counter":5636,"type":"move","frame":{"millis":29343,"tic":1027},"actor":{"position":{"x":9322200,"y":24222878,"z":3145728,"angle":2684354560,"subsector":4566993464},"type":"imp","health":48,"id":4567132400}}
{"counter":5637,"type":"enter_subsector","frame":{"millis":29343,"tic":1027},"actor":{"position":{"x":-1493440,"y":22417216,"z":0,"angle":1073741824,"subsector":4566993240},"type":"imp","health":60,"id":4567132928}}
{"counter":5638,"type":"move","frame":{"millis":29343,"tic":1027},"actor":{"position":{"x":-1493440,"y":22417216,"z":0,"angle":1073741824,"subsector":4566993240},"type":"imp","health":60,"id":4567132928}}
{"counter":5639,"type":"move","frame":{"millis":29343,"tic":1027},"actor":{"position":{"x":11898736,"y":16850096,"z":1048576,"angle":1073741824,"subsector":4566993096},"type":"spectre","health":150,"id":4567137416}}
{"counter":5640,"type":"move","frame":{"millis":29343,"tic":1027},"actor":{"position":{"x":-28783040,"y":36647360,"z":0,"angle":3221225472,"subsector":4566993352},"type":"soldier","health":20,"id":4567138208}}
{"counter":5641,"type":"move","frame":{"millis":29343,"tic":1027},"actor":{"position":{"x":-2721984,"y":29942720,"z":0,"angle":2147483648,"subsector":4566993432},"type":"shotgun_soldier","health":30,"id":4567139792}}
{"counter":5642,"type":"move","frame":{"millis":29343,"tic":1027},"actor":{"position":{"x":30441984,"y":12406848,"z":0,"angle":2684354560,"subsector":4566994408},"type":"spectre","health":150,"id":4567166984}}
{"counter":5643,"type":"move","frame":{"millis":29343,"tic":1027},"actor":{"position":{"x":16186213,"y":38190603,"z":3670016,"angle":0,"subsector":4566993528},"type":"imp","health":-5,"id":4567172000}}
{"counter":5644,"type":"move","frame":{"millis":29343,"tic":1027},"actor":{"position":{"x":16893824,"y":11010048,"z":0,"angle":0,"subsector":4566993048},"type":"imp","health":60,"id":4567172264}}
{"counter":5645,"type":"move","frame":{"millis":29343,"tic":1027},"actor":{"position":{"x":-6286400,"y":23921216,"z":0,"angle":3758096384,"subsector":4566993432},"type":"shotgun_soldier","health":30,"id":4567172528}}
{"counter":5646,"type":"move","frame":{"millis":29372,"tic":1028},"actor":{"position":{"x":20130040,"y":25859879,"z":3670016,"angle":1442840576,"subsector":4566993592},"type":"player","health":46,"armor":58,"id":4567120880}}
{"counter":5647,"type":"enter_subsector","frame":{"millis":29372,"tic":1028},"actor":{"position":{"x":19846445,"y":26481350,"z":3670016,"angle":1442840576,"subsector":4566993560},"type":"player","health":46,"armor":58,"id":4567120880}}
{"counter":5648,"type":"move","frame":{"millis":29372,"tic":1028},"actor":{"position":{"x":19846445,"y":26481350,"z":3670016,"angle":1442840576,"subsector":4566993560},"type":"player","health":46,"armor":58,"id":4567120880}}
{"counter":5649,"type":"move","frame":{"millis":29372,"tic":1028},"actor":{"position":{"x":-22798720,"y":53255168,"z":0,"angle":3758096384,"subsector":4566993384},"type":"soldier","health":20,"id":4567138736}}
{"counter":5650,"type":"move","frame":{"millis":29372,"tic":1028},"actor":{"position":{"x":-10888384,"y":28708672,"z":0,"angle":0,"subsector":4566993432},"type":"soldier","health":20,"id":4567139528}}
{"counter":5651,"type":"move","frame":{"millis":29372,"tic":1028},"actor":{"position":{"x":-28825280,"y":64842304,"z":0,"angle":3221225472,"subsector":4566996712},"type":"shotgun_soldier","health":30,"id":4567155368}}
{"counter":5652,"type":"move","frame":{"millis":29372,"tic":1028},"actor":{"position":{"x":7529296,"y":8813616,"z":0,"angle":0,"subsector":4566993032},"type":"spectre","health":150,"id":4567162232}}
{"counter":5653,"type":"move","frame":{"millis":29372,"tic":1028},"actor":{"position":{"x":16170022,"y":38238062,"z":3670016,"angle":0,"subsector":4566993528},"type":"imp","health":-5,"id":4567172000}}
{"counter":5654,"type":"move","frame":{"millis":29400,"tic":1029},"actor":{"position":{"x":19846445,"y":26481350,"z":3670016,"angle":1493172224,"subsector":4566993560},"type":"player","health":46,"armor":58,"id":4567120880}}
{"counter":5655,"type":"move","frame":{"millis":29400,"tic":1029},"actor":{"position":{"x":19530443,"y":27128254,"z":3670016,"angle":1493172224,"subsector":4566993560},"type":"player","health":46,"armor":58,"id":4567120880}}
{"counter":5656,"type":"move","frame":{"millis":29400,"tic":1029},"actor":{"position":{"x":11428736,"y":16380096,"z":1048576,"angle":1610612736,"subsector":4566993032},"type":"spectre","health":150,"id":4567137416}}
{"counter":5657,"type":"move","frame":{"millis":29400,"tic":1029},"actor":{"position":{"x":24731520,"y":10374656,"z":0,"angle":2684354560,"subsector":4566993048},"type":"shotgun_soldier","health":30,"id":4567137680}}
{"counter":5658,"type":"move","frame":{"millis":29400,"tic":1029},"actor":{"position":{"x":-15993536,"y":56157120,"z":0,"angle":0,"subsector":4566993320},"type":"shotgun_soldier","health":30,"id":4567155632}}
{"counter":5659,"type":"move","frame":{"millis":29400,"tic":1029},"actor":{"position":{"x":-16586688,"y":53011392,"z":0,"angle":0,"subsector":4566993320},"type":"shotgun_soldier","health":30,"id":4567155896}}
{"counter":5660,"type":"move","frame":{"millis":29400,"tic":1029},"actor":{"position":{"x":-18397824,"y":26786432,"z":0,"angle":0,"subsector":4566993432},"type":"shotgun_soldier","health":30,"id":4567156160}}
{"counter":5661,"type":"move","frame":{"millis":29400,"tic":1029},"actor":{"position":{"x":2732544,"y":25234688,"z":0,"angle":0,"subsector":4566993432},"type":"shotgun_soldier","health":30,"id":4567156424}}
{"counter":5662,"type":"move","frame":{"millis":29400,"tic":1029},"actor":{"position":{"x":31097344,"y":12406848,"z":0,"angle":3221225472,"subsector":4566994408},"type":"spectre","health":150,"id":4567166984}}
{"counter":5663,"type":"move","frame":{"millis":29400,"tic":1029},"actor":{"position":{"x":16155348,"y":38281071,"z":3670016,"angle":0,"subsector":4566993528},"type":"imp","health":-5,"id":4567172000}}
{"counter":5664,"type":"move","frame":{"millis":29429,"tic":1030},"actor":{"position":{"x":19530443,"y":27128254,"z":3670016,"angle":1577058304,"subsector":4566993560},"type":"player","health":46,"armor":58,"id":4567120880}}
{"counter":5665,"type":"move","frame":{"millis":29430,"tic":1030},"actor":{"position":{"x":19175270,"y":27790356,"z":3670016,"angle":1577058304,"subsector":4566993560},"type":"player","health":46,"armor":58,"id":4567120880}}
{"counter":5666,"type":"move","frame":{"millis":29430,"tic":1030},"actor":{"position":{"x":8946200,"y":23846878,"z":3145728,"angle":2684354560,"subsector":4566993464},"type":"imp","health":48,"id":4567132400}}
{"counter":5667,"type":"move","frame":{"millis":29430,"tic":1030},"actor":{"position":{"x":-1493440,"y":22941504,"z":0,"angle":1073741824,"subsector":4566993240},"type":"imp","health":60,"id":4567132928}}
{"counter":5668,"type":"move","frame":{"millis":29430,"tic":1030},"actor":{"position":{"x":-12588416,"y":25833344,"z":0,"angle":0,"subsector":4566993432},"type":"soldier","health":20,"id":4567137944}}
{"counter":5669,"type":"move","frame":{"millis":29430,"tic":1030},"actor":{"position":{"x":-2345984,"y":29566720,"z":0,"angle":2147483648,"subsector":4566993432},"type":"shotgun_soldier","health":30,"id":4567139792}}
{"counter":5670,"type":"move","frame":{"millis":29430,"tic":1030},"actor":{"position":{"x":7999296,"y":9283616,"z":0,"angle":0,"subsector":4566993032},"type":"spectre","health":150,"id":4567162232}}
{"counter":5671,"type":"move","frame":{"millis":29430,"tic":1030},"actor":{"position":{"x":16142049,"y":38320047,"z":3670016,"angle":0,"subsector":4566993528},"type":"imp","health":-5,"id":4567172000}}
{"counter":5672,"type":"move","frame":{"millis":29430,"tic":1030},"actor":{"position":{"x":17418112,"y":11010048,"z":0,"angle":0,"subsector":4566993048},"type":"imp","health":60,"id":4567172264}}
{"counter":5673,"type":"move","frame":{"millis":29430,"tic":1030},"actor":{"position":{"x":-5910400,"y":23545216,"z":0,"angle":3758096384,"subsector":4566993432},"type":"shotgun_soldier","health":30,"id":4567172528}}
{"counter":5674,"type":"move","frame":{"millis":29458,"tic":1031},"actor":{"position":{"x":19175270,"y":27790356,"z":3670016,"angle":1660944384,"subsector":4566993560},"type":"player","health":46,"armor":58,"id":4567120880}}
{"counter":5675,"type":"move","frame":{"millis":29458,"tic":1031},"actor":{"position":{"x":18775831,"y":28457239,"z":3670016,"angle":1660944384,"subsector":4566993560},"type":"player","health":46,"armor":58,"id":4567120880}}
{"counter":5676,"type":"move","frame":{"millis":29458,"tic":1031},"actor":{"position":{"x":10958736,"y":15910096,"z":524288,"angle":2147483648,"subsector":4566993032},"type":"spectre","health":150,"id":4567137416}}
{"counter":5677,"type":"move","frame":{"millis":29458,"tic":1031},"actor":{"position":{"x":-28783040,"y":36123072,"z":0,"angle":3221225472,"subsector":4566993352},"type":"soldier","health":20,"id":4567138208}}
{"counter":5678,"type":"move","frame":{"millis":29458,"tic":1031},"actor":{"position":{"x":-28825280,"y":64318016,"z":0,"angle":3221225472,"subsector":4566996712},"type":"shotgun_soldier","health":30,"id":4567155368}}
{"counter":5679,"type":"move","frame":{"millis":29458,"tic":1031},"actor":{"position":{"x":31752704,"y":12406848,"z":0,"angle":3758096384,"subsector":4566994408},"type":"spectre","health":150,"id":4567166984}}
{"counter":5680,"type":"move","frame":{"millis":29458,"tic":1031},"actor":{"position":{"x":16129996,"y":38355369,"z":3670016,"angle":0,"subsector":4566993528},"type":"imp","health":-5,"id":4567172000}}
{"counter":5681,"type":"move","frame":{"millis":29486,"tic":1032},"actor":{"position":{"x":18775831,"y":28457239,"z":3670016,"angle":1811939328,"subsector":4566993560},"type":"player","health":46,"armor":58,"id":4567120880}}
{"counter":5682,"type":"move","frame":{"millis":29486,"tic":1032},"actor":{"position":{"x":18323512,"y":29109836,"z":3670016,"angle":1811939328,"subsector":4566993560},"type":"player","health":46,"armor":58,"id":4567120880}}
{"counter":5683,"type":"move","frame":{"millis":29486,"tic":1032},"actor":{"position":{"x":24355520,"y":9998656,"z":0,"angle":2684354560,"subsector":4566993048},"type":"shotgun_soldier","health":30,"id":4567137680}}
{"counter":5684,"type":"move","frame":{"millis":29486,"tic":1032},"actor":{"position":{"x":-22422720,"y":52879168,"z":0,"angle":3758096384,"subsector":4566993384},"type":"soldier","health":20,"id":4567138736}}
{"counter":5685,"type":"move","frame":{"millis":29486,"tic":1032},"actor":{"position":{"x":-10364096,"y":28708672,"z":0,"angle":0,"subsector":4566993432},"type":"soldier","health":20,"id":4567139528}}
{"counter":5686,"type":"move","frame":{"millis":29486,"tic":1032},"actor":{"position":{"x":-15993536,"y":55632832,"z":0,"angle":536870912,"subsector":4566993320},"type":"shotgun_soldier","health":30,"id":4567155632}}
{"counter":5687,"type":"move","frame":{"millis":29486,"tic":1032},"actor":{"position":{"x":-16062400,"y":53011392,"z":0,"angle":0,"subsector":4566993320},"type":"shotgun_soldier","health":30,"id":4567155896}}
{"counter":5688,"type":"move","frame":{"millis":29486,"tic":1032},"actor":{"position":{"x":-18021824,"y":27162432,"z":0,"angle":536870912,"subsector":4566993432},"type":"shotgun_soldier","health":30,"id":4567156160}}
{"counter":5689,"type":"move","frame":{"millis":29486,"tic":1032},"actor":{"position":{"x":2732544,"y":25758976,"z":0,"angle":536870912,"subsector":4566993432},"type":"shotgun_soldier","health":30,"id":4567156424}}
{"counter":5690,"type":"move","frame":{"millis":29486,"tic":1032},"actor":{"position":{"x":8469296,"y":9753616,"z":0,"angle":536870912,"subsector":4566993032},"type":"spectre","health":150,"id":4567162232}}
{"counter":5691,"type":"move","frame":{"millis":29486,"tic":1032},"actor":{"position":{"x":16119072,"y":38387379,"z":3670016,"angle":0,"subsector":4566993528},"type":"imp","health":-5,"id":4567172000}}
{"counter":5692,"type":"move","frame":{"millis":29515,"tic":1033},"actor":{"position":{"x":18323512,"y":29109836,"z":3670016,"angle":1929379840,"subsector":4566993560},"type":"player","health":46,"armor":58,"id":4567120880}}
{"counter":5693,"type":"move","frame":{"millis":29515,"tic":1033},"actor":{"position":{"x":17816353,"y":29733334,"z":3670016,"angle":1929379840,"subsector":4566993560},"type":"player","health":46,"armor":58,"id":4567120880}}
{"counter":5694,"type":"move","frame":{"millis":29515,"tic":1033},"actor":{"position":{"x":8570200,"y":23470878,"z":3145728,"angle":2684354560,"subsector":4566993464},"type":"imp","health":48,"id":4567132400}}
{"counter":5695,"type":"move","frame":{"millis":29515,"tic":1033},"actor":{"position":{"x":-1493440,"y":23465792,"z":0,"angle":1073741824,"subsector":4566993432},"type":"imp","health":60,"id":4567132928}}
{"counter":5696,"type":"move","frame":{"millis":29515,"tic":1033},"actor":{"position":{"x":10488736,"y":15440096,"z":524288,"angle":2684354560,"subsector":4566993032},"type":"spectre","health":150,"id":4567137416}}
{"counter":5697,"type":"move","frame":{"millis":29515,"tic":1033},"actor":{"position":{"x":-1969984,"y":29190720,"z":0,"angle":2684354560,"subsector":4566993432},"type":"shotgun_soldier","health":30,"id":4567139792}}
{"counter":5698,"type":"move","frame":{"millis":29515,"tic":1033},"actor":{"position":{"x":32408064,"y":12406848,"z":0,"angle":0,"subsector":4566994408},"type":"spectre","health":150,"id":4567166984}}
{"counter":5699,"type":"move","frame":{"millis":29515,"tic":1033},"actor":{"position":{"x":16109172,"y":38416388,"z":3670016,"angle":0,"subsector":4566993528},"type":"imp","health":-5,"id":4567172000}}
{"counter":5700,"type":"move","frame":{"millis":29515,"tic":1033},"actor":{"position":{"x":17942400,"y":11010048,"z":0,"angle":0,"subsector":4566993048},"type":"imp","health":60,"id":4567172264}}
{"counter":5701,"type":"move","frame":{"millis":29515,"tic":1033},"actor":{"position":{"x":-5534400,"y":23169216,"z":0,"angle":3758096384,"subsector":4566993432},"type":"shotgun_soldier","health":30,"id":4567172528}}
{"counter":5702,"type":"move","frame":{"millis":29543,"tic":1034},"actor":{"position":{"x":17816353,"y":29733334,"z":3670016,"angle":2113929216,"subsector":4566993560},"type":"player","health":46,"armor":58,"id":4567120880}}
{"counter":5703,"type":"move","frame":{"millis":29543,"tic":1034},"actor":{"position":{"x":17254461,"y":30303363,"z":3670016,"angle":2113929216,"subsector":4566993560},"type":"player","health":46,"armor":58,"id":4567120880}}
{"counter":5704,"type":"move","frame":{"millis":29543,"tic":1034},"actor":{"position":{"x":-12064128,"y":25833344,"z":0,"angle":0,"subsector":4566993432},"type":"soldier","health":20,"id":4567137944}}
{"counter":5705,"type":"move","frame":{"millis":29543,"tic":1034},"actor":{"position":{"x":-28825280,"y":63793728,"z":0,"angle":3221225472,"subsector":4566996712},"type":"shotgun_soldier","health":30,"id":4567155368}}
{"counter":5706,"type":"move","frame":{"millis":29543,"tic":1034},"actor":{"position":{"x":8939296,"y":10223616,"z":0,"angle":536870912,"subsector":4566993032},"type":"spectre","health":150,"id":4567162232}}
{"counter":5707,"type":"move","frame":{"millis":29544,"tic":1034},"actor":{"position":{"x":16100200,"y":38442677,"z":3670016,"angle":0,"subsector":4566993528},"type":"imp","health":-5,"id":4567172000}}
{"counter":5708,"type":"move","frame":{"millis":29572,"tic":1035},"actor":{"position":{"x":17254461,"y":30303363,"z":3670016,"angle":2281701376,"subsector":4566993560},"type":"player","health":46,"armor":58,"id":4567120880}}
{"counter":5709,"type":"move","frame":{"millis":29572,"tic":1035},"actor":{"position":{"x":16660890,"y":30803137,"z":3670016,"angle":2281701376,"subsector":4566993560},"type":"player","health":46,"armor":58,"id":4567120880}}
{"counter":5710,"type":"move","frame":{"millis":29572,"tic":1035},"actor":{"position":{"x":10018736,"y":14970096,"z":524288,"angle":2684354560,"subsector":4566993032},"type":"spectre","health":150,"id":4567137416}}
{"counter":5711,"type":"move","frame":{"millis":29572,"tic":1035},"actor":{"position":{"x":23979520,"y":9622656,"z":0,"angle":2684354560,"subsector":4566993048},"type":"shotgun_soldier","health":30,"id":4567137680}}
{"counter":5712,"type":"move","frame":{"millis":29572,"tic":1035},"actor":{"position":{"x":-28783040,"y":35598784,"z":0,"angle":3221225472,"subsector":4566993416},"type":"soldier","health":20,"id":4567138208}}
{"counter":5713,"type":"move","frame":{"millis":29572,"tic":1035},"actor":{"position":{"x":-16369536,"y":56008832,"z":0,"angle":0,"subsector":4566993320},"type":"shotgun_soldier","health":30,"id":4567155632}}
{"counter":5714,"type":"move","frame":{"millis":29572,"tic":1035},"actor":{"position":{"x":-16438400,"y":53387392,"z":0,"angle":0,"subsector":4566993320},"type":"shotgun_soldier","health":30,"id":4567155896}}
{"counter":5715,"type":"move","frame":{"millis":29572,"tic":1035},"actor":{"position":{"x":-17645824,"y":27538432,"z":0,"angle":536870912,"subsector":4566993432},"type":"shotgun_soldier","health":30,"id":4567156160}}
{"counter":5716,"type":"move","frame":{"millis":29572,"tic":1035},"actor":{"position":{"x":2732544,"y":26283264,"z":0,"angle":1073741824,"subsector":4566993432},"type":"shotgun_soldier","health":30,"id":4567156424}}
{"counter":5717,"type":"move","frame":{"millis":29572,"tic":1035},"actor":{"position":{"x":33063424,"y":12406848,"z":0,"angle":0,"subsector":4566994408},"type":"spectre","health":150,"id":4567166984}}
{"counter":5718,"type":"move","frame":{"millis":29572,"tic":1035},"actor":{"position":{"x":16092069,"y":38466501,"z":3670016,"angle":0,"subsector":4566993528},"type":"imp","health":-5,"id":4567172000}}
{"counter":5719,"type":"move","frame":{"millis":29601,"tic":1036},"actor":{"position":{"x":16660890,"y":30803137,"z":3670016,"angle":2449473536,"subsector":4566993560},"type":"player","health":46,"armor":58,"id":4567120880}}
{"counter":5720,"type":"move","frame":{"millis":29601,"tic":1036},"actor":{"position":{"x":16056328,"y":31224509,"z":3670016,"angle":2449473536,"subsector":4566993560},"type":"player","health":46,"armor":58,"id":4567120880}}
{"counter":5721,"type":"move","frame":{"millis":29601,"tic":1036},"actor":{"position":{"x":8194200,"y":23094878,"z":3145728,"angle":2684354560,"subsector":4566993464},"type":"imp","health":48,"id":4567132400}}
{"counter":5722,"type":"move","frame":{"millis":29601,"tic":1036},"actor":{"position":{"x":-1493440,"y":23990080,"z":0,"angle":1073741824,"subsector":4566993432},"type":"imp","health":60,"id":4567132928}}
{"counter":5723,"type":"move","frame":{"millis":29601,"tic":1036},"actor":{"position":{"x":-21898432,"y":52879168,"z":0,"angle":3758096384,"subsector":4566993384},"type":"soldier","health":20,"id":4567138736}}
{"counter":5724,"type":"move","frame":{"millis":29601,"tic":1036},"actor":{"position":{"x":-9839808,"y":28708672,"z":0,"angle":0,"subsector":4566993432},"type":"soldier","health":20,"id":4567139528}}
{"counter":5725,"type":"move","frame":{"millis":29601,"tic":1036},"actor":{"position":{"x":-1593984,"y":28814720,"z":0,"angle":3221225472,"subsector":4566993432},"type":"shotgun_soldier","health":30,"id":4567139792}}
{"counter":5726,"type":"move","frame":{"millis":29601,"tic":1036},"actor":{"position":{"x":9409296,"y":10693616,"z":0,"angle":536870912,"subsector":4566993032},"type":"spectre","health":150,"id":4567162232}}
{"counter":5727,"type":"move","frame":{"millis":29601,"tic":1036},"actor":{"position":{"x":16084700,"y":38488091,"z":3670016,"angle":0,"subsector":4566993528},"type":"imp","health":-5,"id":4567172000}}
{"counter":5728,"type":"move","frame":{"millis":29601,"tic":1036},"actor":{"position":{"x":18466688,"y":11010048,"z":0,"angle":0,"subsector":4566993048},"type":"imp","health":60,"id":4567172264}}
{"counter":5729,"type":"move","frame":{"millis":29601,"tic":1036},"actor":{"position":{"x":-5158400,"y":22793216,"z":0,"angle":3758096384,"subsector":4566993240},"type":"shotgun_soldier","health":30,"id":4567172528}}
{"counter":5730,"type":"move","frame":{"millis":29629,"tic":1037},"actor":{"position":{"x":16056328,"y":31224509,"z":3670016,"angle":2617245696,"subsector":4566993560},"type":"player","health":46,"armor":58,"id":4567120880}}
{"counter":5731,"type":"move","frame":{"millis":29629,"tic":1037},"actor":{"position":{"x":15457799,"y":31564782,"z":3670016,"angle":2617245696,"subsector":4566993528},"type":"player","health":46,"armor":58,"id":4567120880}}
{"counter":5732,"type":"move","frame":{"millis":29629,"tic":1037},"actor":{"position":{"x":10018736,"y":15625456,"z":524288,"angle":2684354560,"subsector":4566993032},"type":"spectre","health":150,"id":4567137416}}
{"counter":5733,"type":"move","frame":{"millis":29629,"tic":1037},"actor":{"position":{"x":-28825280,"y":63269440,"z":0,"angle":3221225472,"subsector":4566996712},"type":"shotgun_soldier","health":30,"id":4567155368}}
{"counter":5734,"type":"move","frame":{"millis":29629,"tic":1037},"actor":{"position":{"x":33718784,"y":12406848,"z":0,"angle":0,"subsector":4566994408},"type":"spectre","health":150,"id":4567166984}}
{"counter":5735,"type":"move","frame":{"millis":29629,"tic":1037},"actor":{"position":{"x":16078021,"y":38507656,"z":3670016,"angle":0,"subsector":4566993528},"type":"imp","health":-5,"id":4567172000}}
{"counter":5736,"type":"move","frame":{"millis":29658,"tic":1038},"actor":{"position":{"x":15457799,"y":31564782,"z":3670016,"angle":2885681152,"subsector":4566993528},"type":"player","health":46,"armor":58,"id":4567120880}}
{"counter":5737,"type":"move","frame":{"millis":29658,"tic":1038},"actor":{"position":{"x":14894158,"y":31833410,"z":3670016,"angle":2885681152,"subsector":4566993528},"type":"player","health":46,"armor":58,"id":4567120880}}
{"counter":5738,"type":"move","frame":{"millis":29658,"tic":1038},"actor":{"position":{"x":23603520,"y":9246656,"z":0,"angle":2684354560,"subsector":4566993048},"type":"shotgun_soldier","health":30,"id":4567137680}}
{"counter":5739,"type":"move","frame":{"millis":29658,"tic":1038},"actor":{"position":{"x":-11539840,"y":25833344,"z":0,"angle":0,"subsector":4566993432},"type":"soldier","health":20,"id":4567137944}}
{"counter":5740,"type":"move","frame":{"millis":29658,"tic":1038},"actor":{"position":{"x":-16893824,"y":56008832,"z":0,"angle":536870912,"subsector":4566993320},"type":"shotgun_soldier","health":30,"id":4567155632}}
{"counter":5741,"type":"move","frame":{"millis":29658,"tic":1038},"actor":{"position":{"x":-16438400,"y":52863104,"z":0,"angle":536870912,"subsector":4566993320},"type":"shotgun_soldier","health":30,"id":4567155896}}
{"counter":5742,"type":"move","frame":{"millis":29658,"tic":1038},"actor":{"position":{"x":-17269824,"y":27914432,"z":0,"angle":536870912,"subsector":4566993432},"type":"shotgun_soldier","health":30,"id":4567156160}}
{"counter":5743,"type":"move","frame":{"millis":29658,"tic":1038},"actor":{"position":{"x":2732544,"y":26807552,"z":0,"angle":1073741824,"subsector":4566993432},"type":"shotgun_soldier","health":30,"id":4567156424}}
{"counter":5744,"type":"move","frame":{"millis":29658,"tic":1038},"actor":{"position":{"x":9879296,"y":11163616,"z":0,"angle":536870912,"subsector":4566993032},"type":"spectre","health":150,"id":4567162232}}
{"counter":5745,"type":"move","frame":{"millis":29658,"tic":1038},"actor":{"position":{"x":16071968,"y":38525386,"z":3670016,"angle":0,"subsector":4566993528},"type":"imp","health":-5,"id":4567172000}}
{"counter":5746,"type":"move","frame":{"millis":29686,"tic":1039},"actor":{"position":{"x":14383358,"y":32076854,"z":3670016,"angle":3070230528,"subsector":4566993496},"type":"player","health":46,"armor":58,"id":4567120880}}
{"counter":5747,"type":"move","frame":{"millis":29686,"tic":1039},"actor":{"position":{"x":7818200,"y":22718878,"z":2621440,"angle":2684354560,"subsector":4566993144},"type":"imp","health":48,"id":4567132400}}
{"counter":5748,"type":"move","frame":{"millis":29686,"tic":1039},"actor":{"position":{"x":-1493440,"y":24514368,"z":0,"angle":1073741824,"subsector":4566993432},"type":"imp","health":60,"id":4567132928}}
{"counter":5749,"type":"move","frame":{"millis":29686,"tic":1039},"actor":{"position":{"x":10018736,"y":16280816,"z":524288,"angle":2147483648,"subsector":4566993032},"type":"spectre","health":150,"id":4567137416}}
{"counter":5750,"type":"move","frame":{"millis":29686,"tic":1039},"actor":{"position":{"x":-28783040,"y":35074496,"z":0,"angle":3221225472,"subsector":4566993416},"type":"soldier","health":20,"id":4567138208}}
{"counter":5751,"type":"move","frame":{"millis":29687,"tic":1039},"actor":{"position":{"x":-1217984,"y":28438720,"z":0,"angle":3758096384,"subsector":4566993432},"type":"shotgun_soldier","health":30,"id":4567139792}}
{"counter":5752,"type":"move","frame":{"millis":29687,"tic":1039},"actor":{"position":{"x":34374144,"y":12406848,"z":0,"angle":0,"subsector":4566994408},"type":"spectre","health":150,"id":4567166984}}
{"counter":5753,"type":"move","frame":{"millis":29687,"tic":1039},"actor":{"position":{"x":16066482,"y":38541453,"z":3670016,"angle":0,"subsector":4566993528},"type":"imp","health":-5,"id":4567172000}}
{"counter":5754,"type":"move","frame":{"millis":29687,"tic":1039},"actor":{"position":{"x":18990976,"y":11010048,"z":0,"angle":0,"subsector":4566993048},"type":"imp","health":60,"id":4567172264}}
{"counter":5755,"type":"move","frame":{"millis":29687,"tic":1039},"actor":{"position":{"x":-4782400,"y":22417216,"z":0,"angle":3758096384,"subsector":4566993240},"type":"shotgun_soldier","health":30,"id":4567172528}}
{"counter":5756,"type":"move","frame":{"millis":29715,"tic":1040},"actor":{"position":{"x":14383358,"y":32076854,"z":3670016,"angle":3238002688,"subsector":4566993496},"type":"player","health":46,"armor":58,"id":4567120880}}
{"counter":5757,"type":"move","frame":{"millis":29715,"tic":1040},"actor":{"position":{"x":13920393,"y":32299522,"z":3670016,"angle":3238002688,"subsector":4566993496},"type":"player","health":46,"armor":58,"id":4567120880}}
{"counter":5758,"type":"move","frame":{"millis":29715,"tic":1040},"actor":{"position":{"x":-21374144,"y":52879168,"z":0,"angle":0,"subsector":4566993384},"type":"soldier","health":20,"id":4567138736}}
{"counter":5759,"type":"move","frame":{"millis":29715,"tic":1040},"actor":{"position":{"x":-9463808,"y":29084672,"z":0,"angle":0,"subsector":4566993432},"type":"soldier","health":20,"id":4567139528}}
{"counter":5760,"type":"move","frame":{"millis":29715,"tic":1040},"actor":{"position":{"x":-28825280,"y":62745152,"z":0,"angle":3221225472,"subsector":4566996712},"type":"shotgun_soldier","health":30,"id":4567155368}}
{"counter":5761,"type":"move","frame":{"millis":29715,"tic":1040},"actor":{"position":{"x":10349296,"y":11633616,"z":0,"angle":536870912,"subsector":4566993032},"type":"spectre","health":150,"id":4567162232}}
{"counter":5762,"type":"move","frame":{"millis":29715,"tic":1040},"actor":{"position":{"x":16061510,"y":38556013,"z":3670016,"angle":0,"subsector":4566993528},"type":"imp","health":-5,"id":4567172000}}
{"counter":5763,"type":"move","frame":{"millis":29743,"tic":1041},"actor":{"position":{"x":13920393,"y":32299522,"z":3670016,"angle":3305111552,"subsector":4566993496},"type":"player","health":46,"armor":58,"id":4567120880}}
{"counter":5764,"type":"move","frame":{"millis":29743,"tic":1041},"actor":{"position":{"x":13500327,"y":32505379,"z":3670016,"angle":3305111552,"subsector":4566993496},"type":"player","health":46,"armor":58,"id":4567120880}}
{"counter":5765,"type":"move","frame":{"millis":29743,"tic":1041},"actor":{"position":{"x":10018736,"y":16936176,"z":524288,"angle":1610612736,"subsector":4566993096},"type":"spectre","health":150,"id":4567137416}}
{"counter":5766,"type":"move","frame":{"millis":29743,"tic":1041},"actor":{"position":{"x":23227520,"y":8870656,"z":0,"angle":2684354560,"subsector":4566993048},"type":"shotgun_soldier","health":30,"id":4567137680}}
{"counter":5767,"type":"move","frame":{"millis":29743,"tic":1041},"actor":{"position":{"x":-17418112,"y":56008832,"z":0,"angle":1073741824,"subsector":4566993320},"type":"shotgun_soldier","health":30,"id":4567155632}}
{"counter":5768,"type":"move","frame":{"millis":29743,"tic":1041},"actor":{"position":{"x":-16962688,"y":52863104,"z":0,"angle":0,"subsector":4566993320},"type":"shotgun_soldier","health":30,"id":4567155896}}
{"counter":5769,"type":"move","frame":{"millis":29743,"tic":1041},"actor":{"position":{"x":-16893824,"y":28290432,"z":0,"angle":536870912,"subsector":4566993432},"type":"shotgun_soldier","health":30,"id":4567156160}}
{"counter":5770,"type":"move","frame":{"millis":29743,"tic":1041},"actor":{"position":{"x":2732544,"y":27331840,"z":0,"angle":1073741824,"subsector":4566993432},"type":"shotgun_soldier","health":30,"id":4567156424}}
{"counter":5771,"type":"move","frame":{"millis":29743,"tic":1041},"actor":{"position":{"x":35029504,"y":12406848,"z":0,"angle":0,"subsector":4566994408},"type":"spectre","health":150,"id":4567166984}}
{"counter":5772,"type":"move","frame":{"millis":29743,"tic":1041},"actor":{"position":{"x":16057004,"y":38569208,"z":3670016,"angle":0,"subsector":4566993528},"type":"imp","health":-5,"id":4567172000}}
{"counter":5773,"type":"move","frame":{"millis":29772,"tic":1042},"actor":{"position":{"x":13500327,"y":32505379,"z":3670016,"angle":3355443200,"subsector":4566993496},"type":"player","health":46,"armor":58,"id":4567120880}}
{"counter":5774,"type":"move","frame":{"millis":29772,"tic":1042},"actor":{"position":{"x":13118040,"y":32699969,"z":3670016,"angle":3355443200,"subsector":4566993496},"type":"player","health":46,"armor":58,"id":4567120880}}
{"counter":5775,"type":"move","frame":{"millis":29772,"tic":1042},"actor":{"position":{"x":7818200,"y":23243166,"z":2621440,"angle":2684354560,"subsector":4566993464},"type":"imp","health":48,"id":4567132400}}
{"counter":5776,"type":"move","frame":{"millis":29772,"tic":1042},"actor":{"position":{"x":-1493440,"y":25038656,"z":0,"angle":1073741824,"subsector":4566993432},"type":"imp","health":60,"id":4567132928}}
{"counter":5777,"type":"move","frame":{"millis":29772,"tic":1042},"actor":{"position":{"x":-11015552,"y":25833344,"z":0,"angle":0,"subsector":4566993432},"type":"soldier","health":20,"id":4567137944}}
{"counter":5778,"type":"move","frame":{"millis":29772,"tic":1042},"actor":{"position":{"x":-841984,"y":28062720,"z":0,"angle":3758096384,"subsector":4566993432},"type":"shotgun_soldier","health":30,"id":4567139792}}
{"counter":5779,"type":"move","frame":{"millis":29772,"tic":1042},"actor":{"position":{"x":10819296,"y":12103616,"z":0,"angle":536870912,"subsector":4566993032},"type":"spectre","health":150,"id":4567162232}}
{"counter":5780,"type":"move","frame":{"millis":29772,"tic":1042},"actor":{"position":{"x":16052920,"y":38581165,"z":3670016,"angle":0,"subsector":4566993528},"type":"imp","health":-5,"id":4567172000}}
{"counter":5781,"type":"move","frame":{"millis":29772,"tic":1042},"actor":{"position":{"x":19515264,"y":11010048,"z":0,"angle":0,"subsector":4566993048},"type":"imp","health":60,"id":4567172264}}
{"counter":5782,"type":"move","frame":{"millis":29772,"tic":1042},"actor":{"position":{"x":-4406400,"y":22041216,"z":0,"angle":3758096384,"subsector":4566993240},"type":"shotgun_soldier","health":30,"id":4567172528}}
{"counter":5783,"type":"move","frame":{"millis":29800,"tic":1043},"actor":{"position":{"x":13118040,"y":32699969,"z":3670016,"angle":3405774848,"subsector":4566993496},"type":"player","health":46,"armor":58,"id":4567120880}}
{"counter":5784,"type":"move","frame":{"millis":29800,"tic":1043},"actor":{"position":{"x":12768310,"y":32888157,"z":3670016,"angle":3405774848,"subsector":4566993496},"type":"player","health":46,"armor":58,"id":4567120880}}
{"counter":5785,"type":"move","frame":{"millis":29800,"tic":1043},"actor":{"position":{"x":10018736,"y":17591536,"z":1048576,"angle":1073741824,"subsector":4566993096},"type":"spectre","health":150,"id":4567137416}}
{"counter":5786,"type":"move","frame":{"millis":29800,"tic":1043},"actor":{"position":{"x":-28783040,"y":34550208,"z":0,"angle":3221225472,"subsector":4566993416},"type":"soldier","health":20,"id":4567138208}}
{"counter":5787,"type":"move","frame":{"millis":29800,"tic":1043},"actor":{"position":{"x":-28825280,"y":62220864,"z":0,"angle":3221225472,"subsector":4566996712},"type":"shotgun_soldier","health":30,"id":4567155368}}
{"counter":5788,"type":"move","frame":{"millis":29800,"tic":1043},"actor":{"position":{"x":35684864,"y":12406848,"z":0,"angle":0,"subsector":4566994408},"type":"spectre","health":150,"id":4567166984}}
{"counter":5789,"type":"move","frame":{"millis":29800,"tic":1043},"actor":{"position":{"x":16049218,"y":38592001,"z":3670016,"angle":0,"subsector":4566993528},"type":"imp","health":-5,"id":4567172000}}
{"counter":5790,"type":"move","frame":{"millis":29829,"tic":1044},"actor":{"position":{"x":12768310,"y":32888157,"z":3670016,"angle":3422552064,"subsector":4566993496},"type":"player","health":46,"armor":58,"id":4567120880}}
{"counter":5791,"type":"move","frame":{"millis":29829,"tic":1044},"actor":{"position":{"x":12450771,"y":33060661,"z":3670016,"angle":3422552064,"subsector":4566993496},"type":"player","health":46,"armor":58,"id":4567120880}}
{"counter":5792,"type":"move","frame":{"millis":29830,"tic":1044},"actor":{"position":{"x":22851520,"y":8494656,"z":0,"angle":2684354560,"subsector":4566993048},"type":"shotgun_soldier","health":30,"id":4567137680}}
{"counter":5793,"type":"move","frame":{"millis":29830,"tic":1044},"actor":{"position":{"x":-20849856,"y":52879168,"z":0,"angle":0,"subsector":4566993320},"type":"soldier","health":20,"id":4567138736}}
{"counter":5794,"type":"move","frame":{"millis":29830,"tic":1044},"actor":{"position":{"x":-9087808,"y":29460672,"z":0,"angle":536870912,"subsector":4566993432},"type":"soldier","health":20,"id":4567139528}}
{"counter":5795,"type":"move","frame":{"millis":29830,"tic":1044},"actor":{"position":{"x":-17942400,"y":56008832,"z":0,"angle":1610612736,"subsector":4566993320},"type":"shotgun_soldier","health":30,"id":4567155632}}
{"counter":5796,"type":"move","frame":{"millis":29830,"tic":1044},"actor":{"position":{"x":-17486976,"y":52863104,"z":0,"angle":536870912,"subsector":4566993320},"type":"shotgun_soldier","health":30,"id":4567155896}}
{"counter":5797,"type":"move","frame":{"millis":29830,"tic":1044},"actor":{"position":{"x":-16517824,"y":28666432,"z":0,"angle":536870912,"subsector":4566993432},"type":"shotgun_soldier","health":30,"id":4567156160}}
{"counter":5798,"type":"move","frame":{"millis":29830,"tic":1044},"actor":{"position":{"x":2732544,"y":27856128,"z":0,"angle":1073741824,"subsector":4566993432},"type":"shotgun_soldier","health":30,"id":4567156424}}
{"counter":5799,"type":"move","frame":{"millis":29830,"tic":1044},"actor":{"position":{"x":11289296,"y":12573616,"z":0,"angle":536870912,"subsector":4566993032},"type":"spectre","health":150,"id":4567162232}}
{"counter":5800,"type":"move","frame":{"millis":29830,"tic":1044},"actor":{"position":{"x":16045863,"y":38601821,"z":3670016,"angle":0,"subsector":4566993528},"type":"imp","health":-5,"id":4567172000}}
{"counter":5801,"type":"move","frame":{"millis":29859,"tic":1045},"actor":{"position":{"x":12450771,"y":33060661,"z":3670016,"angle":3439329280,"subsector":4566993496},"type":"player","health":46,"armor":58,"id":4567120880}}
{"counter":5802,"type":"move","frame":{"millis":29859,"tic":1045},"actor":{"position":{"x":12162357,"y":33218936,"z":3670016,"angle":3439329280,"subsector":4566993496},"type":"player","health":46,"armor":58,"id":4567120880}}
{"counter":5803,"type":"move","frame":{"millis":29859,"tic":1045},"actor":{"position":{"x":7818200,"y":23767454,"z":2621440,"angle":2147483648,"subsector":4566993464},"type":"imp","health":48,"id":4567132400}}
{"counter":5804,"type":"move","frame":{"millis":29859,"tic":1045},"actor":{"position":{"x":-1117440,"y":25414656,"z":0,"angle":1073741824,"subsector":4566993432},"type":"imp","health":60,"id":4567132928}}
{"counter":5805,"type":"move","frame":{"millis":29859,"tic":1045},"actor":{"position":{"x":10674096,"y":17591536,"z":1048576,"angle":1073741824,"subsector":4566993096},"type":"spectre","health":150,"id":4567137416}}
{"counter":5806,"type":"move","frame":{"millis":29859,"tic":1045},"actor":{"position":{"x":-465984,"y":28438720,"z":0,"angle":3758096384,"subsector":4566993432},"type":"shotgun_soldier","health":30,"id":4567139792}}
{"counter":5807,"type":"move","frame":{"millis":29859,"tic":1045},"actor":{"position":{"x":36340224,"y":12406848,"z":0,"angle":0,"subsector":4566994408},"type":"spectre","health":150,"id":4567166984}}
{"counter":5808,"type":"move","frame":{"millis":29859,"tic":1045},"actor":{"position":{"x":16042822,"y":38610720,"z":3670016,"angle":0,"subsector":4566993528},"type":"imp","health":-5,"id":4567172000}}
{"counter":5809,"type":"move","frame":{"millis":29859,"tic":1045},"actor":{"position":{"x":19139264,"y":11386048,"z":0,"angle":0,"subsector":4566993048},"type":"imp","health":60,"id":4567172264}}
{"counter":5810,"type":"enter_subsector","frame":{"millis":29859,"tic":1045},"actor":{"position":{"x":-4030400,"y":21665216,"z":0,"angle":3758096384,"subsector":4566993256},"type":"shotgun_soldier","health":30,"id":4567172528}}
{"counter":5811,"type":"move","frame":{"millis":29859,"tic":1045},"actor":{"position":{"x":-4030400,"y":21665216,"z":0,"angle":3758096384,"subsector":4566993256},"type":"shotgun_soldier","health":30,"id":4567172528}}
{"counter":5812,"type":"move","frame":{"millis":29886,"tic":1046},"actor":{"position":{"x":12162357,"y":33218936,"z":3670016,"angle":3456106496,"subsector":4566993496},"type":"player","health":46,"armor":58,"id":4567120880}}
{"counter":5813,"type":"move","frame":{"millis":29886,"tic":1046},"actor":{"position":{"x":11900290,"y":33364300,"z":3670016,"angle":3456106496,"subsector":4566993496},"type":"player","health":46,"armor":58,"id":4567120880}}
{"counter":5814,"type":"move","frame":{"millis":29886,"tic":1046},"actor":{"position":{"x":-10639552,"y":26209344,"z":0,"angle":0,"subsector":4566993432},"type":"soldier","health":20,"id":4567137944}}
{"counter":5815,"type":"move","frame":{"millis":29886,"tic":1046},"actor":{"position":{"x":-28825280,"y":61696576,"z":0,"angle":3221225472,"subsector":4566996712},"type":"shotgun_soldier","health":30,"id":4567155368}}
{"counter":5816,"type":"move","frame":{"millis":29886,"tic":1046},"actor":{"position":{"x":11759296,"y":13043616,"z":0,"angle":536870912,"subsector":4566993032},"type":"spectre","health":150,"id":4567162232}}
{"counter":5817,"type":"move","frame":{"millis":29886,"tic":1046},"actor":{"position":{"x":16040066,"y":38618784,"z":3670016,"angle":0,"subsector":4566993528},"type":"imp","health":-5,"id":4567172000}}
{"counter":5818,"type":"move","frame":{"millis":29915,"tic":1047},"actor":{"position":{"x":11900290,"y":33364300,"z":3670016,"angle":3456106496,"subsector":4566993496},"type":"player","health":46,"armor":58,"id":4567120880}}
{"counter":5819,"type":"move","frame":{"millis":29915,"tic":1047},"actor":{"position":{"x":11663481,"y":33494108,"z":3670016,"angle":3456106496,"subsector":4566993496},"type":"player","health":46,"armor":58,"id":4567120880}}
{"counter":5820,"type":"move","frame":{"millis":29915,"tic":1047},"actor":{"position":{"x":11329456,"y":17591536,"z":1048576,"angle":536870912,"subsector":4566993096},"type":"spectre","health":150,"id":4567137416}}
{"counter":5821,"type":"move","frame":{"millis":29915,"tic":1047},"actor":{"position":{"x":22475520,"y":8118656,"z":0,"angle":2684354560,"subsector":4566993048},"type":"shotgun_soldier","health":30,"id":4567137680}}
{"counter":5822,"type":"move","frame":{"millis":29915,"tic":1047},"actor":{"position":{"x":-28783040,"y":34025920,"z":0,"angle":3221225472,"subsector":4566993400},"type":"soldier","health":20,"id":4567138208}}
{"counter":5823,"type":"move","frame":{"millis":29915,"tic":1047},"actor":{"position":{"x":-18466688,"y":56008832,"z":0,"angle":2147483648,"subsector":4566993320},"type":"shotgun_soldier","health":30,"id":4567155632}}
{"counter":5824,"type":"move","frame":{"millis":29915,"tic":1047},"actor":{"position":{"x":-18011264,"y":52863104,"z":0,"angle":1073741824,"subsector":4566993320},"type":"shotgun_soldier","health":30,"id":4567155896}}
{"counter":5825,"type":"move","frame":{"millis":29915,"tic":1047},"actor":{"position":{"x":-16141824,"y":29042432,"z":0,"angle":536870912,"subsector":4566993432},"type":"shotgun_soldier","health":30,"id":4567156160}}
{"counter":5826,"type":"move","frame":{"millis":29915,"tic":1047},"actor":{"position":{"x":2732544,"y":28380416,"z":0,"angle":1073741824,"subsector":4566993432},"type":"shotgun_soldier","health":30,"id":4567156424}}
{"counter":5827,"type":"move","frame":{"millis":29915,"tic":1047},"actor":{"position":{"x":36995584,"y":12406848,"z":0,"angle":0,"subsector":4566994408},"type":"spectre","health":150,"id":4567166984}}
{"counter":5828,"type":"move","frame":{"millis":29915,"tic":1047},"actor":{"position":{"x":16037568,"y":38626092,"z":3670016,"angle":0,"subsector":4566993528},"type":"imp","health":-5,"id":4567172000}}
{"counter":5829,"type":"move","frame":{"millis":29944,"tic":1048},"actor":{"position":{"x":11448872,"y":33611746,"z":3670016,"angle":3456106496,"subsector":4566993496},"type":"player","health":46,"armor":58,"id":4567120880}}
{"counter":5830,"type":"move","frame":{"millis":29944,"tic":1048},"actor":{"position":{"x":7818200,"y":24291742,"z":3145728,"angle":1610612736,"subsector":4566993464},"type":"imp","health":48,"id":4567132400}}
{"counter":5831,"type":"move","frame":{"millis":29944,"tic":1048},"actor":{"position":{"x":-741440,"y":25790656,"z":0,"angle":536870912,"subsector":4566993432},"type":"imp","health":60,"id":4567132928}}
{"counter":5832,"type":"move","frame":{"millis":29944,"tic":1048},"actor":{"position":{"x":-21225856,"y":53255168,"z":0,"angle":0,"subsector":4566993384},"type":"soldier","health":20,"id":4567138736}}
{"counter":5833,"type":"move","frame":{"millis":29944,"tic":1048},"actor":{"position":{"x":-8711808,"y":29836672,"z":0,"angle":536870912,"subsector":4566993432},"type":"soldier","health":20,"id":4567139528}}
{"counter":5834,"type":"move","frame":{"millis":29944,"tic":1048},"actor":{"position":{"x":-89984,"y":28814720,"z":0,"angle":0,"subsector":4566993432},"type":"shotgun_soldier","health":30,"id":4567139792}}
{"counter":5835,"type":"move","frame":{"millis":29944,"tic":1048},"actor":{"position":{"x":12229296,"y":13513616,"z":0,"angle":536870912,"subsector":4566993032},"type":"spectre","health":150,"id":4567162232}}
{"counter":5836,"type":"move","frame":{"millis":29944,"tic":1048},"actor":{"position":{"x":16035304,"y":38632714,"z":3670016,"angle":0,"subsector":4566993528},"type":"imp","health":-5,"id":4567172000}}
{"counter":5837,"type":"move","frame":{"millis":29944,"tic":1048},"actor":{"position":{"x":19139264,"y":10861760,"z":0,"angle":536870912,"subsector":4566993048},"type":"imp","health":60,"id":4567172264}}
{"counter":5838,"type":"move","frame":{"millis":29944,"tic":1048},"actor":{"position":{"x":-3654400,"y":21289216,"z":0,"angle":3758096384,"subsector":4566993256},"type":"shotgun_soldier","health":30,"id":4567172528}}
{"counter":5839,"type":"move","frame":{"millis":29973,"tic":1049},"actor":{"position":{"x":11254382,"y":33718355,"z":3670016,"angle":3456106496,"subsector":4566993496},"type":"player","health":46,"armor":58,"id":4567120880}}
{"counter":5840,"type":"move","frame":{"millis":29973,"tic":1049},"actor":{"position":{"x":11984816,"y":17591536,"z":1048576,"angle":0,"subsector":4566993096},"type":"spectre","health":150,"id":4567137416}}
{"counter":5841,"type":"move","frame":{"millis":29973,"tic":1049},"actor":{"position":{"x":-28825280,"y":61172288,"z":0,"angle":3221225472,"subsector":4566996712},"type":"shotgun_soldier","health":30,"id":4567155368}}
{"counter":5842,"type":"move","frame":{"millis":29973,"tic":1049},"actor":{"position":{"x":37650944,"y":12406848,"z":0,"angle":0,"subsector":4566994408},"type":"spectre","health":150,"id":4567166984}}
{"counter":5843,"type":"move","frame":{"millis":29973,"tic":1049},"actor":{"position":{"x":16033252,"y":38638715,"z":3670016,"angle":0,"subsector":4566993528},"type":"imp","health":-5,"id":4567172000}}
{"counter":5844,"type":"move","frame":{"millis":30000,"tic":1050},"actor":{"position":{"x":11254382,"y":33718355,"z":3670016,"angle":3439329280,"subsector":4566993496},"type":"player","health":46,"armor":58,"id":4567120880}}
{"counter":5845,"type":"move","frame":{"millis":30001,"tic":1050},"actor":{"position":{"x":11078768,"y":33813024,"z":3670016,"angle":3439329280,"subsector":4566993496},"type":"player","health":46,"armor":58,"id":4567120880}}
{"counter":5846,"type":"move","frame":{"millis":30001,"tic":1050},"actor":{"position":{"x":22099520,"y":7742656,"z":0,"angle":2684354560,"subsector":4566993048},"type":"shotgun_soldier","health":30,"id":4567137680}}
{"counter":5847,"type":"move","frame":{"millis":30001,"tic":1050},"actor":{"position":{"x":-10263552,"y":26585344,"z":0,"angle":536870912,"subsector":4566993432},"type":"soldier","health":20,"id":4567137944}}
{"counter":5848,"type":"move","frame":{"millis":30001,"tic":1050},"actor":{"position":{"x":-18990976,"y":56008832,"z":0,"angle":2147483648,"subsector":4566993320},"type":"shotgun_soldier","health":30,"id":4567155632}}
{"counter":5849,"type":"move","frame":{"millis":30001,"tic":1050},"actor":{"position":{"x":-18535552,"y":52863104,"z":0,"angle":1610612736,"subsector":4566993320},"type":"shotgun_soldier","health":30,"id":4567155896}}
{"counter":5850,"type":"move","frame":{"millis":30001,"tic":1050},"actor":{"position":{"x":-15765824,"y":29418432,"z":0,"angle":536870912,"subsector":4566993432},"type":"shotgun_soldier","health":30,"id":4567156160}}
{"counter":5851,"type":"move","frame":{"millis":30001,"tic":1050},"actor":{"position":{"x":2732544,"y":28904704,"z":0,"angle":1073741824,"subsector":4566993432},"type":"shotgun_soldier","health":30,"id":4567156424}}
{"counter":5852,"type":"move","frame":{"millis":30001,"tic":1050},"actor":{"position":{"x":11573936,"y":13513616,"z":0,"angle":536870912,"subsector":4566993032},"type":"spectre","health":150,"id":4567162232}}
{"counter":5853,"type":"move","frame":{"millis":30001,"tic":1050},"actor":{"position":{"x":16031392,"y":38644153,"z":3670016,"angle":0,"subsector":4566993528},"type":"imp","health":-5,"id":4567172000}}
{"counter":5854,"type":"move","frame":{"millis":30029,"tic":1051},"actor":{"position":{"x":10919617,"y":33898817,"z":3670016,"angle":3422552064,"subsector":4566993496},"type":"player","health":46,"armor":58,"id":4567120880}}
{"counter":5855,"type":"move","frame":{"millis":30030,"tic":1051},"actor":{"position":{"x":7818200,"y":24816030,"z":3145728,"angle":1073741824,"subsector":4566993480},"type":"imp","health":48,"id":4567132400}}
{"counter":5856,"type":"move","frame":{"millis":30030,"tic":1051},"actor":{"position":{"x":-365440,"y":26166656,"z":0,"angle":536870912,"subsector":4566993432},"type":"imp","health":60,"id":4567132928}}
{"counter":5857,"type":"move","frame":{"millis":30030,"tic":1051},"actor":{"position":{"x":12640176,"y":17591536,"z":1048576,"angle":0,"subsector":4566993096},"type":"spectre","health":150,"id":4567137416}}
{"counter":5858,"type":"move","frame":{"millis":30030,"tic":1051},"actor":{"position":{"x":-28783040,"y":33501632,"z":0,"angle":3221225472,"subsector":4566993400},"type":"soldier","health":20,"id":4567138208}}
{"counter":5859,"type":"move","frame":{"millis":30030,"tic":1051},"actor":{"position":{"x":-89984,"y":29339008,"z":0,"angle":536870912,"subsector":4566993432},"type":"shotgun_soldier","health":30,"id":4567139792}}
{"counter":5860,"type":"move","frame":{"millis":30030,"tic":1051},"actor":{"position":{"x":38306304,"y":12406848,"z":0,"angle":0,"subsector":4566994408},"type":"spectre","health":150,"id":4567166984}}
{"counter":5861,"type":"move","frame":{"millis":30030,"tic":1051},"actor":{"position":{"x":16029706,"y":38649081,"z":3670016,"angle":0,"subsector":4566993528},"type":"imp","health":-5,"id":4567172000}}
{"counter":5862,"type":"move","frame":{"millis":30030,"tic":1051},"actor":{"position":{"x":19139264,"y":10337472,"z":0,"angle":0,"subsector":4566993048},"type":"imp","health":60,"id":4567172264}}
{"counter":5863,"type":"enter_subsector","frame":{"millis":30030,"tic":1051},"actor":{"position":{"x":-3278400,"y":20913216,"z":0,"angle":3758096384,"subsector":4566993224},"type":"shotgun_soldier","health":30,"id":4567172528}}
{"counter":5864,"type":"move","frame":{"millis":30030,"tic":1051},"actor":{"position":{"x":-3278400,"y":20913216,"z":0,"angle":3758096384,"subsector":4566993224},"type":"shotgun_soldier","health":30,"id":4567172528}}
{"counter":5865,"type":"move","frame":{"millis":30058,"tic":1052},"actor":{"position":{"x":10775386,"y":33976566,"z":3670016,"angle":3405774848,"subsector":4566993496},"type":"player","health":46,"armor":58,"id":4567120880}}
{"counter":5866,"type":"move","frame":{"millis":30058,"tic":1052},"actor":{"position":{"x":-21225856,"y":52730880,"z":0,"angle":536870912,"subsector":4566993384},"type":"soldier","health":20,"id":4567138736}}
{"counter":5867,"type":"move","frame":{"millis":30058,"tic":1052},"actor":{"position":{"x":-8187520,"y":29836672,"z":0,"angle":536870912,"subsector":4566993432},"type":"soldier","health":20,"id":4567139528}}
{"counter":5868,"type":"move","frame":{"millis":30058,"tic":1052},"actor":{"position":{"x":-28825280,"y":60648000,"z":0,"angle":3221225472,"subsector":4566996712},"type":"shotgun_soldier","health":30,"id":4567155368}}
{"counter":5869,"type":"move","frame":{"millis":30058,"tic":1052},"actor":{"position":{"x":10918576,"y":13513616,"z":0,"angle":1073741824,"subsector":4566993032},"type":"spectre","health":150,"id":4567162232}}
{"counter":5870,"type":"move","frame":{"millis":30058,"tic":1052},"actor":{"position":{"x":16028178,"y":38653547,"z":3670016,"angle":0,"subsector":4566993528},"type":"imp","health":-5,"id":4567172000}}
{"counter":5871,"type":"move","frame":{"millis":30086,"tic":1053},"actor":{"position":{"x":10775386,"y":33976566,"z":3670016,"angle":3355443200,"subsector":4566993496},"type":"player","health":46,"armor":58,"id":4567120880}}
{"counter":5872,"type":"move","frame":{"millis":30086,"tic":1053},"actor":{"position":{"x":10645076,"y":34045017,"z":3670016,"angle":3355443200,"subsector":4566993496},"type":"player","health":46,"armor":58,"id":4567120880}}
{"counter":5873,"type":"move","frame":{"millis":30086,"tic":1053},"actor":{"position":{"x":11984816,"y":17591536,"z":1048576,"angle":0,"subsector":4566993096},"type":"spectre","health":150,"id":4567137416}}
{"counter":5874,"type":"move","frame":{"millis":30087,"tic":1053},"actor":{"position":{"x":21723520,"y":7366656,"z":0,"angle":2684354560,"subsector":4566993048},"type":"shotgun_soldier","health":30,"id":4567137680}}
{"counter":5875,"type":"move","frame":{"millis":30087,"tic":1053},"actor":{"position":{"x":-19515264,"y":56008832,"z":0,"angle":2147483648,"subsector":4566993320},"type":"shotgun_soldier","health":30,"id":4567155632}}
{"counter":5876,"type":"move","frame":{"millis":30087,"tic":1053},"actor":{"position":{"x":-18159552,"y":53239104,"z":0,"angle":2147483648,"subsector":4566993320},"type":"shotgun_soldier","health":30,"id":4567155896}}
{"counter":5877,"type":"move","frame":{"millis":30087,"tic":1053},"actor":{"position":{"x":-15389824,"y":29794432,"z":0,"angle":536870912,"subsector":4566993432},"type":"shotgun_soldier","health":30,"id":4567156160}}
{"counter":5878,"type":"move","frame":{"millis":30087,"tic":1053},"actor":{"position":{"x":2732544,"y":29428992,"z":0,"angle":1073741824,"subsector":4566993432},"type":"shotgun_soldier","health":30,"id":4567156424}}
{"counter":5879,"type":"move","frame":{"millis":30087,"tic":1053},"actor":{"position":{"x":38961664,"y":12406848,"z":0,"angle":0,"subsector":4566994408},"type":"spectre","health":150,"id":4567166984}}
{"counter":5880,"type":"move","frame":{"millis":30087,"tic":1053},"actor":{"position":{"x":16026793,"y":38657594,"z":3670016,"angle":0,"subsector":4566993528},"type":"imp","health":-5,"id":4567172000}}
{"counter":5881,"type":"move","frame":{"millis":30115,"tic":1054},"actor":{"position":{"x":10645076,"y":34045017,"z":3670016,"angle":3321888768,"subsector":4566993496},"type":"player","health":46,"armor":58,"id":4567120880}}
{"counter":5882,"type":"move","frame":{"millis":30115,"tic":1054},"actor":{"position":{"x":10527283,"y":34105024,"z":3670016,"angle":3321888768,"subsector":4566993496},"type":"player","health":46,"armor":58,"id":4567120880}}
{"counter":5883,"type":"move","frame":{"millis":30115,"tic":1054},"actor":{"position":{"x":7818200,"y":25340318,"z":3145728,"angle":1073741824,"subsector":4566993480},"type":"imp","health":48,"id":4567132400}}
{"counter":5884,"type":"move","frame":{"millis":30115,"tic":1054},"actor":{"position":{"x":10560,"y":26542656,"z":0,"angle":536870912,"subsector":4566993432},"type":"imp","health":60,"id":4567132928}}
{"counter":5885,"type":"move","frame":{"millis":30115,"tic":1054},"actor":{"position":{"x":-9887552,"y":26961344,"z":0,"angle":536870912,"subsector":4566993432},"type":"soldier","health":20,"id":4567137944}}
{"counter":5886,"type":"move","frame":{"millis":30115,"tic":1054},"actor":{"position":{"x":-89984,"y":29863296,"z":0,"angle":1073741824,"subsector":4566993432},"type":"shotgun_soldier","health":30,"id":4567139792}}
{"counter":5887,"type":"move","frame":{"millis":30115,"tic":1054},"actor":{"position":{"x":10263216,"y":13513616,"z":0,"angle":1610612736,"subsector":4566993032},"type":"spectre","health":150,"id":4567162232}}
{"counter":5888,"type":"move","frame":{"millis":30115,"tic":1054},"actor":{"position":{"x":18763264,"y":10713472,"z":0,"angle":3758096384,"subsector":4566993048},"type":"imp","health":60,"id":4567172264}}
{"counter":5889,"type":"move","frame":{"millis":30115,"tic":1054},"actor":{"position":{"x":-2902400,"y":20537216,"z":0,"angle":3758096384,"subsector":4566993224},"type":"shotgun_soldier","health":30,"id":4567172528}}
{"counter":5890,"type":"move","frame":{"millis":30143,"tic":1055},"actor":{"position":{"x":10527283,"y":34105024,"z":3670016,"angle":3288334336,"subsector":4566993496},"type":"player","health":46,"armor":58,"id":4567120880}}
{"counter":5891,"type":"move","frame":{"millis":30143,"tic":1055},"actor":{"position":{"x":10420734,"y":34157366,"z":3670016,"angle":3288334336,"subsector":4566993496},"type":"player","health":46,"armor":58,"id":4567120880}}
{"counter":5892,"type":"move","frame":{"millis":30143,"tic":1055},"actor":{"position":{"x":11329456,"y":17591536,"z":1048576,"angle":536870912,"subsector":4566993096},"type":"spectre","health":150,"id":4567137416}}
{"counter":5893,"type":"move","frame":{"millis":30143,"tic":1055},"actor":{"position":{"x":-28783040,"y":32977344,"z":0,"angle":3221225472,"subsector":4566993400},"type":"soldier","health":20,"id":4567138208}}
{"counter":5894,"type":"move","frame":{"millis":30144,"tic":1055},"actor":{"position":{"x":-28825280,"y":60123712,"z":0,"angle":3221225472,"subsector":4566996712},"type":"shotgun_soldier","health":30,"id":4567155368}}
{"counter":5895,"type":"move","frame":{"millis":30144,"tic":1055},"actor":{"position":{"x":39617024,"y":12406848,"z":0,"angle":0,"subsector":4566994408},"type":"spectre","health":150,"id":4567166984}}
{"counter":5896,"type":"move","frame":{"millis":30172,"tic":1056},"actor":{"position":{"x":10420734,"y":34157366,"z":3670016,"angle":3271557120,"subsector":4566993496},"type":"player","health":46,"armor":58,"id":4567120880}}
{"counter":5897,"type":"move","frame":{"millis":30172,"tic":1056},"actor":{"position":{"x":10324475,"y":34200715,"z":3670016,"angle":3271557120,"subsector":4566993496},"type":"player","health":46,"armor":58,"id":4567120880}}
{"counter":5898,"type":"move","frame":{"millis":30172,"tic":1056},"actor":{"position":{"x":21347520,"y":6990656,"z":0,"angle":2684354560,"subsector":4566993048},"type":"shotgun_soldier","health":30,"id":4567137680}}
{"counter":5899,"type":"move","frame":{"millis":30172,"tic":1056},"actor":{"position":{"x":-21750144,"y":52730880,"z":0,"angle":0,"subsector":4566993384},"type":"soldier","health":20,"id":4567138736}}
{"counter":5900,"type":"move","frame":{"millis":30172,"tic":1056},"actor":{"position":{"x":-7663232,"y":29836672,"z":0,"angle":0,"subsector":4566993432},"type":"soldier","health":20,"id":4567139528}}
{"counter":5901,"type":"move","frame":{"millis":30172,"tic":1056},"actor":{"position":{"x":-20039552,"y":56008832,"z":0,"angle":2147483648,"subsector":4566993320},"type":"shotgun_soldier","health":30,"id":4567155632}}
{"counter":5902,"type":"move","frame":{"millis":30172,"tic":1056},"actor":{"position":{"x":-17783552,"y":52863104,"z":0,"angle":1610612736,"subsector":4566993320},"type":"shotgun_soldier","health":30,"id":4567155896}}
{"counter":5903,"type":"move","frame":{"millis":30172,"tic":1056},"actor":{"position":{"x":-14865536,"y":29794432,"z":0,"angle":536870912,"subsector":4566993432},"type":"shotgun_soldier","health":30,"id":4567156160}}
{"counter":5904,"type":"move","frame":{"millis":30172,"tic":1056},"actor":{"position":{"x":2732544,"y":29953280,"z":0,"angle":1073741824,"subsector":4566993432},"type":"shotgun_soldier","health":30,"id":4567156424}}
{"counter":5905,"type":"move","frame":{"millis":30172,"tic":1056},"actor":{"position":{"x":9607856,"y":13513616,"z":0,"angle":2147483648,"subsector":4566993032},"type":"spectre","health":150,"id":4567162232}}
{"counter":5906,"type":"move","frame":{"millis":30200,"tic":1057},"actor":{"position":{"x":10324475,"y":34200715,"z":3670016,"angle":3254779904,"subsector":4566993496},"type":"player","health":46,"armor":58,"id":4567120880}}
{"counter":5907,"type":"move","frame":{"millis":30200,"tic":1057},"actor":{"position":{"x":10237543,"y":34233863,"z":3670016,"angle":3254779904,"subsector":4566993496},"type":"player","health":46,"armor":58,"id":4567120880}}
{"counter":5908,"type":"move","frame":{"millis":30200,"tic":1057},"actor":{"position":{"x":7818200,"y":25864606,"z":3670016,"angle":1073741824,"subsector":4566993480},"type":"imp","health":48,"id":4567132400}}
{"counter":5909,"type":"move","frame":{"millis":30200,"tic":1057},"actor":{"position":{"x":386560,"y":26918656,"z":0,"angle":536870912,"subsector":4566993432},"type":"imp","health":60,"id":4567132928}}
{"counter":5910,"type":"move","frame":{"millis":30200,"tic":1057},"actor":{"position":{"x":10674096,"y":17591536,"z":1048576,"angle":1073741824,"subsector":4566993096},"type":"spectre","health":150,"id":4567137416}}
{"counter":5911,"type":"move","frame":{"millis":30201,"tic":1057},"actor":{"position":{"x":-614272,"y":29863296,"z":0,"angle":1073741824,"subsector":4566993432},"type":"shotgun_soldier","health":30,"id":4567139792}}
{"counter":5912,"type":"move","frame":{"millis":30201,"tic":1057},"actor":{"position":{"x":40272384,"y":12406848,"z":0,"angle":0,"subsector":4566994408},"type":"spectre","health":150,"id":4567166984}}
{"counter":5913,"type":"move","frame":{"millis":30201,"tic":1057},"actor":{"position":{"x":18387264,"y":11089472,"z":0,"angle":0,"subsector":4566993048},"type":"imp","health":60,"id":4567172264}}
{"counter":5914,"type":"move","frame":{"millis":30201,"tic":1057},"actor":{"position":{"x":-2526400,"y":20161216,"z":0,"angle":3758096384,"subsector":4566993224},"type":"shotgun_soldier","health":30,"id":4567172528}}
{"counter":5915,"type":"move","frame":{"millis":30229,"tic":1058},"actor":{"position":{"x":10237543,"y":34233863,"z":3670016,"angle":3221225472,"subsector":4566993496},"type":"player","health":46,"armor":58,"id":4567120880}}
{"counter":5916,"type":"move","frame":{"millis":30229,"tic":1058},"actor":{"position":{"x":10158767,"y":34243423,"z":3670016,"angle":3221225472,"subsector":4566993496},"type":"player","health":46,"armor":58,"id":4567120880}}
{"counter":5917,"type":"move","frame":{"millis":30229,"tic":1058},"actor":{"position":{"x":-9363264,"y":26961344,"z":0,"angle":536870912,"subsector":4566993432},"type":"soldier","health":20,"id":4567137944}}
{"counter":5918,"type":"move","frame":{"millis":30229,"tic":1058},"actor":{"position":{"x":-28825280,"y":59599424,"z":0,"angle":3221225472,"subsector":4566996712},"type":"shotgun_soldier","health":30,"id":4567155368}}
{"counter":5919,"type":"move","frame":{"millis":30229,"tic":1058},"actor":{"position":{"x":8952496,"y":13513616,"z":0,"angle":2147483648,"subsector":4566993032},"type":"spectre","health":150,"id":4567162232}}
{"counter":5920,"type":"move","frame":{"millis":30258,"tic":1059},"actor":{"position":{"x":10158767,"y":34243423,"z":3670016,"angle":3204448256,"subsector":4566993496},"type":"player","health":46,"armor":58,"id":4567120880}}
{"counter":5921,"type":"move","frame":{"millis":30258,"tic":1059},"actor":{"position":{"x":10087178,"y":34243896,"z":3670016,"angle":3204448256,"subsector":4566993496},"type":"player","health":46,"armor":58,"id":4567120880}}
{"counter":5922,"type":"move","frame":{"millis":30258,"tic":1059},"actor":{"position":{"x":10018736,"y":17591536,"z":1048576,"angle":1610612736,"subsector":4566993096},"type":"spectre","health":150,"id":4567137416}}
{"counter":5923,"type":"move","frame":{"millis":30258,"tic":1059},"actor":{"position":{"x":20971520,"y":7366656,"z":0,"angle":2684354560,"subsector":4566993048},"type":"shotgun_soldier","health":30,"id":4567137680}}
{"counter":5924,"type":"move","frame":{"millis":30258,"tic":1059},"actor":{"position":{"x":-28783040,"y":32453056,"z":0,"angle":3221225472,"subsector":4566993400},"type":"soldier","health":20,"id":4567138208}}
{"counter":5925,"type":"move","frame":{"millis":30258,"tic":1059},"actor":{"position":{"x":-19663552,"y":55632832,"z":0,"angle":2147483648,"subsector":4566993320},"type":"shotgun_soldier","health":30,"id":4567155632}}
{"counter":5926,"type":"move","frame":{"millis":30258,"tic":1059},"actor":{"position":{"x":-17259264,"y":52863104,"z":0,"angle":2147483648,"subsector":4566993320},"type":"shotgun_soldier","health":30,"id":4567155896}}
{"counter":5927,"type":"move","frame":{"millis":30258,"tic":1059},"actor":{"position":{"x":-14341248,"y":29794432,"z":0,"angle":0,"subsector":4566993432},"type":"shotgun_soldier","health":30,"id":4567156160}}
{"counter":5928,"type":"move","frame":{"millis":30258,"tic":1059},"actor":{"position":{"x":2356544,"y":29577280,"z":0,"angle":1073741824,"subsector":4566993432},"type":"shotgun_soldier","health":30,"id":4567156424}}
{"counter":5929,"type":"move","frame":{"millis":30258,"tic":1059},"actor":{"position":{"x":40927744,"y":12406848,"z":0,"angle":0,"subsector":4566994408},"type":"spectre","health":150,"id":4567166984}}
{"counter":5930,"type":"move","frame":{"millis":30286,"tic":1060},"actor":{"position":{"x":10087178,"y":34243896,"z":3670016,"angle":3187671040,"subsector":4566993496},"type":"player","health":46,"armor":58,"id":4567120880}}
{"counter":5931,"type":"move","frame":{"millis":30286,"tic":1060},"actor":{"position":{"x":10021901,"y":34236141,"z":3670016,"angle":3187671040,"subsector":4566993496},"type":"player","health":46,"armor":58,"id":4567120880}}
{"counter":5932,"type":"move","frame":{"millis":30286,"tic":1060},"actor":{"position":{"x":7818200,"y":26388894,"z":3670016,"angle":1073741824,"subsector":4566993496},"type":"imp","health":48,"id":4567132400}}
{"counter":5933,"type":"move","frame":{"millis":30286,"tic":1060},"actor":{"position":{"x":910848,"y":26918656,"z":0,"angle":536870912,"subsector":4566993432},"type":"imp","health":60,"id":4567132928}}
{"counter":5934,"type":"move","frame":{"millis":30286,"tic":1060},"actor":{"position":{"x":-22274432,"y":52730880,"z":0,"angle":536870912,"subsector":4566993384},"type":"soldier","health":20,"id":4567138736}}
{"counter":5935,"type":"move","frame":{"millis":30286,"tic":1060},"actor":{"position":{"x":-7138944,"y":29836672,"z":0,"angle":0,"subsector":4566993432},"type":"soldier","health":20,"id":4567139528}}
{"counter":5936,"type":"move","frame":{"millis":30286,"tic":1060},"actor":{"position":{"x":-1138560,"y":29863296,"z":0,"angle":1610612736,"subsector":4566993432},"type":"shotgun_soldier","health":30,"id":4567139792}}
{"counter":5937,"type":"move","frame":{"millis":30286,"tic":1060},"actor":{"position":{"x":8297136,"y":13513616,"z":0,"angle":2147483648,"subsector":4566993032},"type":"spectre","health":150,"id":4567162232}}
{"counter":5938,"type":"move","frame":{"millis":30286,"tic":1060},"actor":{"position":{"x":17862976,"y":11089472,"z":0,"angle":536870912,"subsector":4566993048},"type":"imp","health":60,"id":4567172264}}
{"counter":5939,"type":"move","frame":{"millis":30286,"tic":1060},"actor":{"position":{"x":-2150400,"y":20537216,"z":0,"angle":3758096384,"subsector":4566993224},"type":"shotgun_soldier","health":30,"id":4567172528}}
{"counter":5940,"type":"move","frame":{"millis":30315,"tic":1061},"actor":{"position":{"x":10021901,"y":34236141,"z":3670016,"angle":3154116608,"subsector":4566993496},"type":"player","health":46,"armor":58,"id":4567120880}}
{"counter":5941,"type":"move","frame":{"millis":30315,"tic":1061},"actor":{"position":{"x":9959743,"y":34198540,"z":3670016,"angle":3154116608,"subsector":4566993496},"type":"player","health":46,"armor":58,"id":4567120880}}
{"counter":5942,"type":"move","frame":{"millis":30315,"tic":1061},"actor":{"position":{"x":9363376,"y":17591536,"z":1048576,"angle":2147483648,"subsector":4566993096},"type":"spectre","health":150,"id":4567137416}}
{"counter":5943,"type":"move","frame":{"millis":30315,"tic":1061},"actor":{"position":{"x":-28449280,"y":59223424,"z":0,"angle":3221225472,"subsector":4566996712},"type":"shotgun_soldier","health":30,"id":4567155368}}
{"counter":5944,"type":"move","frame":{"millis":30315,"tic":1061},"actor":{"position":{"x":41583104,"y":12406848,"z":0,"angle":0,"subsector":4566994408},"type":"spectre","health":150,"id":4567166984}}
{"counter":5945,"type":"move","frame":{"millis":30343,"tic":1062},"actor":{"position":{"x":9959743,"y":34198540,"z":3670016,"angle":3137339392,"subsector":4566993496},"type":"player","health":46,"armor":58,"id":4567120880}}
{"counter":5946,"type":"move","frame":{"millis":30343,"tic":1062},"actor":{"position":{"x":9902412,"y":34156333,"z":3670016,"angle":3137339392,"subsector":4566993496},"type":"player","health":46,"armor":58,"id":4567120880}}
{"counter":5947,"type":"move","frame":{"millis":30343,"tic":1062},"actor":{"position":{"x":20595520,"y":7742656,"z":0,"angle":2147483648,"subsector":4566993048},"type":"shotgun_soldier","health":30,"id":4567137680}}
{"counter":5948,"type":"move","frame":{"millis":30343,"tic":1062},"actor":{"position":{"x":-8838976,"y":26961344,"z":0,"angle":0,"subsector":4566993432},"type":"soldier","health":20,"id":4567137944}}
{"counter":5949,"type":"move","frame":{"millis":30343,"tic":1062},"actor":{"position":{"x":-19139264,"y":55632832,"z":0,"angle":2684354560,"subsector":4566993320},"type":"shotgun_soldier","health":30,"id":4567155632}}
{"counter":5950,"type":"move","frame":{"millis":30343,"tic":1062},"actor":{"position":{"x":-16734976,"y":52863104,"z":0,"angle":2684354560,"subsector":4566993320},"type":"shotgun_soldier","health":30,"id":4567155896}}
{"counter":5951,"type":"move","frame":{"millis":30343,"tic":1062},"actor":{"position":{"x":-13816960,"y":29794432,"z":0,"angle":0,"subsector":4566993432},"type":"shotgun_soldier","health":30,"id":4567156160}}
{"counter":5952,"type":"move","frame":{"millis":30343,"tic":1062},"actor":{"position":{"x":2356544,"y":30101568,"z":0,"angle":1610612736,"subsector":4566993432},"type":"shotgun_soldier","health":30,"id":4567156424}}
{"counter":5953,"type":"move","frame":{"millis":30343,"tic":1062},"actor":{"position":{"x":8767136,"y":13043616,"z":0,"angle":2147483648,"subsector":4566993032},"type":"spectre","health":150,"id":4567162232}}
{"counter":5954,"type":"move","frame":{"millis":30372,"tic":1063},"actor":{"position":{"x":9902412,"y":34156333,"z":3670016,"angle":3137339392,"subsector":4566993496},"type":"player","health":46,"armor":58,"id":4567120880}}
{"counter":5955,"type":"move","frame":{"millis":30373,"tic":1063},"actor":{"position":{"x":9850205,"y":34116049,"z":3670016,"angle":3137339392,"subsector":4566993496},"type":"player","health":46,"armor":58,"id":4567120880}}
{"counter":5956,"type":"move","frame":{"millis":30373,"tic":1063},"actor":{"position":{"x":7818200,"y":26913182,"z":3670016,"angle":1073741824,"subsector":4566993496},"type":"imp","health":48,"id":4567132400}}
{"counter":5957,"type":"move","frame":{"millis":30373,"tic":1063},"actor":{"position":{"x":1435136,"y":26918656,"z":0,"angle":0,"subsector":4566993432},"type":"imp","health":60,"id":4567132928}}
{"counter":5958,"type":"move","frame":{"millis":30373,"tic":1063},"actor":{"position":{"x":8708016,"y":17591536,"z":1048576,"angle":2147483648,"subsector":4566993096},"type":"spectre","health":150,"id":4567137416}}
{"counter":5959,"type":"move","frame":{"millis":30373,"tic":1063},"actor":{"position":{"x":-28783040,"y":31928768,"z":0,"angle":3221225472,"subsector":4566993400},"type":"soldier","health":20,"id":4567138208}}
{"counter":5960,"type":"move","frame":{"millis":30373,"tic":1063},"actor":{"position":{"x":-1662848,"y":29863296,"z":0,"angle":2147483648,"subsector":4566993432},"type":"shotgun_soldier","health":30,"id":4567139792}}
{"counter":5961,"type":"move","frame":{"millis":30373,"tic":1063},"actor":{"position":{"x":42238464,"y":12406848,"z":0,"angle":0,"subsector":4566994408},"type":"spectre","health":150,"id":4567166984}}
{"counter":5962,"type":"move","frame":{"millis":30373,"tic":1063},"actor":{"position":{"x":17338688,"y":11089472,"z":0,"angle":1073741824,"subsector":4566993048},"type":"imp","health":60,"id":4567172264}}
{"counter":5963,"type":"move","frame":{"millis":30373,"tic":1063},"actor":{"position":{"x":-1774400,"y":20913216,"z":0,"angle":0,"subsector":4566993224},"type":"shotgun_soldier","health":30,"id":4567172528}}
{"counter":5964,"type":"move","frame":{"millis":30401,"tic":1064},"actor":{"position":{"x":9850205,"y":34116049,"z":3670016,"angle":3137339392,"subsector":4566993496},"type":"player","health":46,"armor":58,"id":4567120880}}
{"weapon_type":2,"counter":5965,"type":"attacked","frame":{"millis":30401,"tic":1064},"actor":{"position":{"x":9850205,"y":34116049,"z":3670016,"angle":3137339392,"subsector":4566993496},"type":"player","health":46,"armor":58,"id":4567120880}}
{"counter":5966,"type":"move","frame":{"millis":30401,"tic":1064},"actor":{"position":{"x":9802642,"y":34077508,"z":3670016,"angle":3137339392,"subsector":4566993496},"type":"player","health":46,"armor":58,"id":4567120880}}
{"counter":5967,"type":"move","frame":{"millis":30401,"tic":1064},"actor":{"position":{"x":-22798720,"y":52730880,"z":0,"angle":1073741824,"subsector":4566993384},"type":"soldier","health":20,"id":4567138736}}
{"counter":5968,"type":"move","frame":{"millis":30401,"tic":1064},"actor":{"position":{"x":-6614656,"y":29836672,"z":0,"angle":0,"subsector":4566993432},"type":"soldier","health":20,"id":4567139528}}
{"counter":5969,"type":"move","frame":{"millis":30401,"tic":1064},"actor":{"position":{"x":-28073280,"y":58847424,"z":0,"angle":3758096384,"subsector":4566996712},"type":"shotgun_soldier","health":30,"id":4567155368}}
{"counter":5970,"type":"move","frame":{"millis":30401,"tic":1064},"actor":{"position":{"x":9237136,"y":12573616,"z":0,"angle":2684354560,"subsector":4566993032},"type":"spectre","health":150,"id":4567162232}}
{"counter":5971,"type":"move","frame":{"millis":30429,"tic":1065},"actor":{"position":{"x":9802642,"y":34077508,"z":3670016,"angle":3120562176,"subsector":4566993496},"type":"player","health":46,"armor":58,"id":4567120880}}
{"counter":5972,"type":"move","frame":{"millis":30429,"tic":1065},"actor":{"position":{"x":9761336,"y":34054735,"z":3670016,"angle":3120562176,"subsector":4566993496},"type":"player","health":46,"armor":58,"id":4567120880}}
{"counter":5973,"type":"move","frame":{"millis":30429,"tic":1065},"actor":{"position":{"x":9178016,"y":17121536,"z":1048576,"angle":2147483648,"subsector":4566993096},"type":"spectre","health":150,"id":4567137416}}
{"counter":5974,"type":"move","frame":{"millis":30429,"tic":1065},"actor":{"position":{"x":20219520,"y":8118656,"z":0,"angle":1610612736,"subsector":4566993048},"type":"shotgun_soldier","health":30,"id":4567137680}}
{"counter":5975,"type":"move","frame":{"millis":30429,"tic":1065},"actor":{"position":{"x":-18614976,"y":55632832,"z":0,"angle":3221225472,"subsector":4566993320},"type":"shotgun_soldier","health":30,"id":4567155632}}
{"counter":5976,"type":"move","frame":{"millis":30429,"tic":1065},"actor":{"position":{"x":-16210688,"y":52863104,"z":0,"angle":3221225472,"subsector":4566993320},"type":"shotgun_soldier","health":30,"id":4567155896}}
{"counter":5977,"type":"move","frame":{"millis":30429,"tic":1065},"actor":{"position":{"x":-13292672,"y":29794432,"z":0,"angle":0,"subsector":4566993432},"type":"shotgun_soldier","health":30,"id":4567156160}}
{"counter":5978,"type":"move","frame":{"millis":30429,"tic":1065},"actor":{"position":{"x":2880832,"y":30101568,"z":0,"angle":1073741824,"subsector":4566993432},"type":"shotgun_soldier","health":30,"id":4567156424}}
{"counter":5979,"type":"move","frame":{"millis":30429,"tic":1065},"actor":{"position":{"x":42893824,"y":12406848,"z":0,"angle":0,"subsector":4566994408},"type":"spectre","health":150,"id":4567166984}}
{"counter":5980,"type":"move","frame":{"millis":30459,"tic":1066},"actor":{"position":{"x":9761336,"y":34054735,"z":3670016,"angle":3103784960,"subsector":4566993496},"type":"player","health":46,"armor":58,"id":4567120880}}
{"counter":5981,"type":"move","frame":{"millis":30459,"tic":1066},"actor":{"position":{"x":9728094,"y":34058311,"z":3670016,"angle":3103784960,"subsector":4566993496},"type":"player","health":46,"armor":58,"id":4567120880}}
{"counter":5982,"type":"move","frame":{"millis":30459,"tic":1066},"actor":{"position":{"x":7818200,"y":27437470,"z":3670016,"angle":1073741824,"subsector":4566993496},"type":"imp","health":48,"id":4567132400}}
{"counter":5983,"type":"move","frame":{"millis":30459,"tic":1066},"actor":{"position":{"x":1959424,"y":26918656,"z":0,"angle":0,"subsector":4566993432},"type":"imp","health":60,"id":4567132928}}
{"counter":5984,"type":"move","frame":{"millis":30459,"tic":1066},"actor":{"position":{"x":-8314688,"y":26961344,"z":0,"angle":0,"subsector":4566993432},"type":"soldier","health":20,"id":4567137944}}
{"counter":5985,"type":"move","frame":{"millis":30459,"tic":1066},"actor":{"position":{"x":-2187136,"y":29863296,"z":0,"angle":2147483648,"subsector":4566993432},"type":"shotgun_soldier","health":30,"id":4567139792}}
{"counter":5986,"type":"move","frame":{"millis":30459,"tic":1066},"actor":{"position":{"x":9707136,"y":12103616,"z":0,"angle":3221225472,"subsector":4566993032},"type":"spectre","health":150,"id":4567162232}}
{"counter":5987,"type":"move","frame":{"millis":30459,"tic":1066},"actor":{"position":{"x":16814400,"y":11089472,"z":0,"angle":1610612736,"subsector":4566993048},"type":"imp","health":60,"id":4567172264}}
{"counter":5988,"type":"enter_subsector","frame":{"millis":30459,"tic":1066},"actor":{"position":{"x":-1398400,"y":21289216,"z":0,"angle":536870912,"subsector":4566993256},"type":"shotgun_soldier","health":30,"id":4567172528}}
{"counter":5989,"type":"move","frame":{"millis":30459,"tic":1066},"actor":{"position":{"x":-1398400,"y":21289216,"z":0,"angle":536870912,"subsector":4566993256},"type":"shotgun_soldier","health":30,"id":4567172528}}
{"counter":5990,"type":"move","frame":{"millis":30486,"tic":1067},"actor":{"position":{"x":9728094,"y":34058311,"z":3670016,"angle":3103784960,"subsector":4566993496},"type":"player","health":46,"armor":58,"id":4567120880}}
{"damage":5,"counter":5991,"type":"hit","frame":{"millis":30486,"tic":1067},"actor":{"position":{"x":9728094,"y":34058311,"z":3670016,"angle":3103784960,"subsector":4566993496},"type":"player","health":46,"armor":58,"id":4567120880},"target":{"position":{"x":7818200,"y":27437470,"z":3670016,"angle":1073741824,"subsector":4566993496},"type":"imp","health":43,"id":4567132400}}
{"counter":5992,"type":"targeted","frame":{"millis":30486,"tic":1067},"actor":{"position":{"x":9728094,"y":34058311,"z":3670016,"angle":3103784960,"subsector":4566993496},"type":"player","health":46,"armor":58,"id":4567120880},"target":{"position":{"x":7818200,"y":27437470,"z":3670016,"angle":1073741824,"subsector":4566993496},"type":"imp","health":43,"id":4567132400}}
{"damage":10,"counter":5993,"type":"hit","frame":{"millis":30486,"tic":1067},"actor":{"position":{"x":9728094,"y":34058311,"z":3670016,"angle":3103784960,"subsector":4566993496},"type":"player","health":46,"armor":58,"id":4567120880},"target":{"position":{"x":7818200,"y":27437470,"z":3670016,"angle":1073741824,"subsector":4566993496},"type":"imp","health":33,"id":4567132400}}
{"damage":10,"counter":5994,"type":"hit","frame":{"millis":30486,"tic":1067},"actor":{"position":{"x":9728094,"y":34058311,"z":3670016,"angle":3103784960,"subsector":4566993496},"type":"player","health":46,"armor":58,"id":4567120880},"target":{"position":{"x":7818200,"y":27437470,"z":3670016,"angle":1073741824,"subsector":4566993496},"type":"imp","health":23,"id":4567132400}}
{"damage":15,"counter":5995,"type":"hit","frame":{"millis":30486,"tic":1067},"actor":{"position":{"x":9728094,"y":34058311,"z":3670016,"angle":3103784960,"subsector":4566993496},"type":"player","health":46,"armor":58,"id":4567120880},"target":{"position":{"x":7818200,"y":27437470,"z":3670016,"angle":1073741824,"subsector":4566993496},"type":"imp","health":8,"id":4567132400}}
{"damage":5,"counter":5996,"type":"hit","frame":{"millis":30486,"tic":1067},"actor":{"position":{"x":9728094,"y":34058311,"z":3670016,"angle":3103784960,"subsector":4566993496},"type":"player","health":46,"armor":58,"id":4567120880},"target":{"position":{"x":7818200,"y":27437470,"z":3670016,"angle":1073741824,"subsector":4566993496},"type":"imp","health":3,"id":4567132400}}
{"damage":15,"counter":5997,"type":"hit","frame":{"millis":30486,"tic":1067},"actor":{"position":{"x":9728094,"y":34058311,"z":3670016,"angle":3103784960,"subsector":4566993496},"type":"player","health":46,"armor":58,"id":4567120880},"target":{"position":{"x":7818200,"y":27437470,"z":3670016,"angle":1073741824,"subsector":4566993496},"type":"imp","health":-12,"id":4567132400}}
{"counter":5998,"type":"killed","frame":{"millis":30486,"tic":1067},"actor":{"position":{"x":9728094,"y":34058311,"z":3670016,"angle":3103784960,"subsector":4566993496},"type":"player","health":46,"armor":58,"id":4567120880},"target":{"position":{"x":7818200,"y":27437470,"z":3670016,"angle":1073741824,"subsector":4566993496},"type":"imp","health":-12,"id":4567132400}}
{"counter":5999,"type":"move","frame":{"millis":30486,"tic":1067},"actor":{"position":{"x":9707050,"y":34114018,"z":3670016,"angle":3103784960,"subsector":4566993496},"type":"player","health":46,"armor":58,"id":4567120880}}
{"counter":6000,"type":"move","frame":{"millis":30487,"tic":1067},"actor":{"position":{"x":7682208,"y":26965140,"z":3670016,"angle":1073741824,"subsector":4566993496},"type":"imp","health":-12,"id":4567132400}}
{"counter":6001,"type":"move","frame":{"millis":30487,"tic":1067},"actor":{"position":{"x":9648016,"y":16651536,"z":1048576,"angle":2684354560,"subsector":4566993032},"type":"spectre","health":150,"id":4567137416}}
{"counter":6002,"type":"move","frame":{"millis":30487,"tic":1067},"actor":{"position":{"x":-28783040,"y":31404480,"z":0,"angle":3221225472,"subsector":4566993400},"type":"soldier","health":20,"id":4567138208}}
{"counter":6003,"type":"move","frame":{"millis":30487,"tic":1067},"actor":{"position":{"x":-27697280,"y":58471424,"z":0,"angle":3758096384,"subsector":4566993352},"type":"shotgun_soldier","health":30,"id":4567155368}}
{"counter":6004,"type":"move","frame":{"millis":30487,"tic":1067},"actor":{"position":{"x":43549184,"y":12406848,"z":0,"angle":0,"subsector":4566994408},"type":"spectre","health":150,"id":4567166984}}
{"counter":6005,"type":"move","frame":{"millis":30515,"tic":1068},"actor":{"position":{"x":9707050,"y":34114018,"z":3670016,"angle":3103784960,"subsector":4566993496},"type":"player","health":46,"armor":58,"id":4567120880}}
{"counter":6006,"type":"move","frame":{"millis":30515,"tic":1068},"actor":{"position":{"x":9705445,"y":34265400,"z":3670016,"angle":3103784960,"subsector":4566993496},"type":"player","health":46,"armor":58,"id":4567120880}}
{"counter":6007,"type":"move","frame":{"millis":30515,"tic":1068},"actor":{"position":{"x":7682208,"y":26965140,"z":3670016,"angle":1073741824,"subsector":4566993496},"type":"imp","health":-12,"id":4567132400}}
{"counter":6008,"type":"move","frame":{"millis":30515,"tic":1068},"actor":{"position":{"x":19843520,"y":8494656,"z":0,"angle":1610612736,"subsector":4566993048},"type":"shotgun_soldier","health":30,"id":4567137680}}
{"counter":6009,"type":"move","frame":{"millis":30515,"tic":1068},"actor":{"position":{"x":-23323008,"y":52730880,"z":0,"angle":1610612736,"subsector":4566993384},"type":"soldier","health":20,"id":4567138736}}
{"counter":6010,"type":"move","frame":{"millis":30515,"tic":1068},"actor":{"position":{"x":-6090368,"y":29836672,"z":0,"angle":0,"subsector":4566993432},"type":"soldier","health":20,"id":4567139528}}
{"counter":6011,"type":"move","frame":{"millis":30515,"tic":1068},"actor":{"position":{"x":-18090688,"y":55632832,"z":0,"angle":3758096384,"subsector":4566993320},"type":"shotgun_soldier","health":30,"id":4567155632}}
{"counter":6012,"type":"move","frame":{"millis":30515,"tic":1068},"actor":{"position":{"x":-16734976,"y":52863104,"z":0,"angle":3758096384,"subsector":4566993320},"type":"shotgun_soldier","health":30,"id":4567155896}}
{"counter":6013,"type":"move","frame":{"millis":30515,"tic":1068},"actor":{"position":{"x":-12768384,"y":29794432,"z":0,"angle":0,"subsector":4566993432},"type":"shotgun_soldier","health":30,"id":4567156160}}
{"counter":6014,"type":"move","frame":{"millis":30515,"tic":1068},"actor":{"position":{"x":2880832,"y":29577280,"z":0,"angle":536870912,"subsector":4566993432},"type":"shotgun_soldier","health":30,"id":4567156424}}
{"counter":6015,"type":"move","frame":{"millis":30515,"tic":1068},"actor":{"position":{"x":10177136,"y":11633616,"z":0,"angle":3758096384,"subsector":4566993032},"type":"spectre","health":150,"id":4567162232}}
{"counter":6016,"type":"move","frame":{"millis":30543,"tic":1069},"actor":{"position":{"x":9705445,"y":34265400,"z":3670016,"angle":3103784960,"subsector":4566993496},"type":"player","health":46,"armor":58,"id":4567120880}}
{"counter":6017,"type":"move","frame":{"millis":30543,"tic":1069},"actor":{"position":{"x":9712374,"y":34451020,"z":3670016,"angle":3103784960,"subsector":4566993496},"type":"player","health":46,"armor":58,"id":4567120880}}
{"counter":6018,"type":"move","frame":{"millis":30543,"tic":1069},"actor":{"position":{"x":2483712,"y":26918656,"z":0,"angle":0,"subsector":4566993432},"type":"imp","health":60,"id":4567132928}}
{"counter":6019,"type":"move","frame":{"millis":30543,"tic":1069},"actor":{"position":{"x":10118016,"y":16181536,"z":1048576,"angle":3221225472,"subsector":4566993032},"type":"spectre","health":150,"id":4567137416}}
{"counter":6020,"type":"move","frame":{"millis":30543,"tic":1069},"actor":{"position":{"x":-2711424,"y":29863296,"z":0,"angle":2147483648,"subsector":4566993432},"type":"shotgun_soldier","health":30,"id":4567139792}}
{"counter":6021,"type":"move","frame":{"millis":30543,"tic":1069},"actor":{"position":{"x":44204544,"y":12406848,"z":0,"angle":0,"subsector":4566994408},"type":"spectre","health":150,"id":4567166984}}
{"counter":6022,"type":"move","frame":{"millis":30543,"tic":1069},"actor":{"position":{"x":16290112,"y":11089472,"z":0,"angle":2147483648,"subsector":4566993048},"type":"imp","health":60,"id":4567172264}}
{"counter":6023,"type":"move","frame":{"millis":30543,"tic":1069},"actor":{"position":{"x":-1398400,"y":21813504,"z":0,"angle":536870912,"subsector":4566993256},"type":"shotgun_soldier","health":30,"id":4567172528}}
{"counter":6024,"type":"move","frame":{"millis":30572,"tic":1070},"actor":{"position":{"x":9712374,"y":34451020,"z":3670016,"angle":3103784960,"subsector":4566993496},"type":"player","health":46,"armor":58,"id":4567120880}}
{"counter":6025,"type":"move","frame":{"millis":30572,"tic":1070},"actor":{"position":{"x":9724941,"y":34655561,"z":3670016,"angle":3103784960,"subsector":4566993496},"type":"player","health":46,"armor":58,"id":4567120880}}
{"counter":6026,"type":"move","frame":{"millis":30572,"tic":1070},"actor":{"position":{"x":-7790400,"y":26961344,"z":0,"angle":0,"subsector":4566993432},"type":"soldier","health":20,"id":4567137944}}
{"counter":6027,"type":"move","frame":{"millis":30572,"tic":1070},"actor":{"position":{"x":-27321280,"y":58095424,"z":0,"angle":3758096384,"subsector":4566993352},"type":"shotgun_soldier","health":30,"id":4567155368}}
{"counter":6028,"type":"move","frame":{"millis":30572,"tic":1070},"actor":{"position":{"x":10647136,"y":11163616,"z":0,"angle":3758096384,"subsector":4566993032},"type":"spectre","health":150,"id":4567162232}}
{"counter":6029,"type":"move","frame":{"millis":30600,"tic":1071},"actor":{"position":{"x":9724941,"y":34655561,"z":3670016,"angle":3103784960,"subsector":4566993496},"type":"player","health":46,"armor":58,"id":4567120880}}
{"counter":6030,"type":"move","frame":{"millis":30600,"tic":1071},"actor":{"position":{"x":9740521,"y":34865141,"z":3670016,"angle":3103784960,"subsector":4566993496},"type":"player","health":46,"armor":58,"id":4567120880}}
{"counter":6031,"type":"move","frame":{"millis":30600,"tic":1071},"actor":{"position":{"x":10588016,"y":15711536,"z":524288,"angle":3758096384,"subsector":4566993032},"type":"spectre","health":150,"id":4567137416}}
{"counter":6032,"type":"move","frame":{"millis":30600,"tic":1071},"actor":{"position":{"x":19467520,"y":8870656,"z":0,"angle":1610612736,"subsector":4566993048},"type":"shotgun_soldier","health":30,"id":4567137680}}
{"counter":6033,"type":"move","frame":{"millis":30600,"tic":1071},"actor":{"position":{"x":-28783040,"y":30880192,"z":0,"angle":3221225472,"subsector":4566993400},"type":"soldier","health":20,"id":4567138208}}
{"counter":6034,"type":"move","frame":{"millis":30600,"tic":1071},"actor":{"position":{"x":-17566400,"y":55632832,"z":0,"angle":0,"subsector":4566993320},"type":"shotgun_soldier","health":30,"id":4567155632}}
{"counter":6035,"type":"move","frame":{"millis":30600,"tic":1071},"actor":{"position":{"x":-17259264,"y":52863104,"z":0,"angle":3221225472,"subsector":4566993320},"type":"shotgun_soldier","health":30,"id":4567155896}}
{"counter":6036,"type":"move","frame":{"millis":30600,"tic":1071},"actor":{"position":{"x":-12244096,"y":29794432,"z":0,"angle":0,"subsector":4566993432},"type":"shotgun_soldier","health":30,"id":4567156160}}
{"counter":6037,"type":"move","frame":{"millis":30600,"tic":1071},"actor":{"position":{"x":2504832,"y":29953280,"z":0,"angle":0,"subsector":4566993432},"type":"shotgun_soldier","health":30,"id":4567156424}}
{"counter":6038,"type":"move","frame":{"millis":30600,"tic":1071},"actor":{"position":{"x":44859904,"y":12406848,"z":0,"angle":0,"subsector":4566994408},"type":"spectre","health":150,"id":4567166984}}
{"counter":6039,"type":"move","frame":{"millis":30629,"tic":1072},"actor":{"position":{"x":9740521,"y":34865141,"z":3670016,"angle":3103784960,"subsector":4566993496},"type":"player","health":46,"armor":58,"id":4567120880}}
{"counter":6040,"type":"move","frame":{"millis":30629,"tic":1072},"actor":{"position":{"x":9757434,"y":35071215,"z":3670016,"angle":3103784960,"subsector":4566993496},"type":"player","health":46,"armor":58,"id":4567120880}}
{"counter":6041,"type":"move","frame":{"millis":30629,"tic":1072},"actor":{"position":{"x":2859712,"y":27294656,"z":0,"angle":0,"subsector":4566993432},"type":"imp","health":60,"id":4567132928}}
{"counter":6042,"type":"move","frame":{"millis":30629,"tic":1072},"actor":{"position":{"x":-23847296,"y":52730880,"z":0,"angle":2147483648,"subsector":4566993384},"type":"soldier","health":20,"id":4567138736}}
{"counter":6043,"type":"move","frame":{"millis":30629,"tic":1072},"actor":{"position":{"x":-5566080,"y":29836672,"z":0,"angle":0,"subsector":4566993432},"type":"soldier","health":20,"id":4567139528}}
{"counter":6044,"type":"move","frame":{"millis":30629,"tic":1072},"actor":{"position":{"x":-2335424,"y":29487296,"z":0,"angle":2147483648,"subsector":4566993432},"type":"shotgun_soldier","health":30,"id":4567139792}}
{"counter":6045,"type":"move","frame":{"millis":30629,"tic":1072},"actor":{"position":{"x":11117136,"y":10693616,"z":0,"angle":3758096384,"subsector":4566993032},"type":"spectre","health":150,"id":4567162232}}
{"counter":6046,"type":"move","frame":{"millis":30629,"tic":1072},"actor":{"position":{"x":15765824,"y":11089472,"z":0,"angle":2147483648,"subsector":4566993048},"type":"imp","health":60,"id":4567172264}}
{"counter":6047,"type":"enter_subsector","frame":{"millis":30629,"tic":1072},"actor":{"position":{"x":-1398400,"y":22337792,"z":0,"angle":1073741824,"subsector":4566993240},"type":"shotgun_soldier","health":30,"id":4567172528}}
{"counter":6048,"type":"move","frame":{"millis":30629,"tic":1072},"actor":{"position":{"x":-1398400,"y":22337792,"z":0,"angle":1073741824,"subsector":4566993240},"type":"shotgun_soldier","health":30,"id":4567172528}}
{"counter":6049,"type":"move","frame":{"millis":30658,"tic":1073},"actor":{"position":{"x":9772761,"y":35257969,"z":3670016,"angle":3103784960,"subsector":4566993496},"type":"player","health":46,"armor":58,"id":4567120880}}
{"counter":6050,"type":"move","frame":{"millis":30658,"tic":1073},"actor":{"position":{"x":11058016,"y":15241536,"z":524288,"angle":3758096384,"subsector":4566993032},"type":"spectre","health":150,"id":4567137416}}
{"counter":6051,"type":"move","frame":{"millis":30658,"tic":1073},"actor":{"position":{"x":-26945280,"y":57719424,"z":0,"angle":3758096384,"subsector":4566993384},"type":"shotgun_soldier","health":30,"id":4567155368}}
{"counter":6052,"type":"move","frame":{"millis":30658,"tic":1073},"actor":{"position":{"x":45515264,"y":12406848,"z":0,"angle":0,"subsector":4566994408},"type":"spectre","health":150,"id":4567166984}}
{"counter":6053,"type":"move","frame":{"millis":30686,"tic":1074},"actor":{"position":{"x":9772761,"y":35257969,"z":3670016,"angle":3103784960,"subsector":4566993496},"type":"player","health":46,"armor":58,"id":4567120880}}
{"counter":6054,"type":"move","frame":{"millis":30686,"tic":1074},"actor":{"position":{"x":9785602,"y":35421160,"z":3670016,"angle":3103784960,"subsector":4566993496},"type":"player","health":46,"armor":58,"id":4567120880}}
{"counter":6055,"type":"move","frame":{"millis":30686,"tic":1074},"actor":{"position":{"x":19091520,"y":9246656,"z":0,"angle":1610612736,"subsector":4566993048},"type":"shotgun_soldier","health":30,"id":4567137680}}
{"counter":6056,"type":"move","frame":{"millis":30686,"tic":1074},"actor":{"position":{"x":-7266112,"y":26961344,"z":0,"angle":0,"subsector":4566993432},"type":"soldier","health":20,"id":4567137944}}
{"counter":6057,"type":"move","frame":{"millis":30686,"tic":1074},"actor":{"position":{"x":-17042112,"y":55632832,"z":0,"angle":0,"subsector":4566993320},"type":"shotgun_soldier","health":30,"id":4567155632}}
{"counter":6058,"type":"move","frame":{"millis":30686,"tic":1074},"actor":{"position":{"x":-17783552,"y":52863104,"z":0,"angle":2684354560,"subsector":4566993320},"type":"shotgun_soldier","health":30,"id":4567155896}}
{"counter":6059,"type":"move","frame":{"millis":30686,"tic":1074},"actor":{"position":{"x":-11719808,"y":29794432,"z":0,"angle":0,"subsector":4566993432},"type":"shotgun_soldier","health":30,"id":4567156160}}
{"counter":6060,"type":"move","frame":{"millis":30686,"tic":1074},"actor":{"position":{"x":1980544,"y":29953280,"z":0,"angle":536870912,"subsector":4566993432},"type":"shotgun_soldier","health":30,"id":4567156424}}
{"counter":6061,"type":"move","frame":{"millis":30686,"tic":1074},"actor":{"position":{"x":11587136,"y":10223616,"z":0,"angle":3758096384,"subsector":4566993032},"type":"spectre","health":150,"id":4567162232}}
{"counter":6062,"type":"move","frame":{"millis":30715,"tic":1075},"actor":{"position":{"x":9785602,"y":35421160,"z":3670016,"angle":3103784960,"subsector":4566993496},"type":"player","health":46,"armor":58,"id":4567120880}}
{"counter":6063,"type":"move","frame":{"millis":30715,"tic":1075},"actor":{"position":{"x":9795142,"y":35556943,"z":3670016,"angle":3103784960,"subsector":4566993496},"type":"player","health":46,"armor":58,"id":4567120880}}
{"counter":6064,"type":"move","frame":{"millis":30715,"tic":1075},"actor":{"position":{"x":2335424,"y":27294656,"z":0,"angle":536870912,"subsector":4566993432},"type":"imp","health":60,"id":4567132928}}
{"counter":6065,"type":"move","frame":{"millis":30715,"tic":1075},"actor":{"position":{"x":11058016,"y":15896896,"z":524288,"angle":3758096384,"subsector":4566993032},"type":"spectre","health":150,"id":4567137416}}
{"counter":6066,"type":"move","frame":{"millis":30715,"tic":1075},"actor":{"position":{"x":-28783040,"y":30355904,"z":0,"angle":3221225472,"subsector":4566993400},"type":"soldier","health":20,"id":4567138208}}
{"counter":6067,"type":"move","frame":{"millis":30715,"tic":1075},"actor":{"position":{"x":-1959424,"y":29111296,"z":0,"angle":2684354560,"subsector":4566993432},"type":"shotgun_soldier","health":30,"id":4567139792}}
{"counter":6068,"type":"move","frame":{"millis":30715,"tic":1075},"actor":{"position":{"x":46170624,"y":12406848,"z":0,"angle":0,"subsector":4566994408},"type":"spectre","health":150,"id":4567166984}}
{"counter":6069,"type":"move","frame":{"millis":30715,"tic":1075},"actor":{"position":{"x":15241536,"y":11089472,"z":0,"angle":2147483648,"subsector":4566993048},"type":"imp","health":60,"id":4567172264}}
{"counter":6070,"type":"move","frame":{"millis":30715,"tic":1075},"actor":{"position":{"x":-1398400,"y":22862080,"z":0,"angle":1073741824,"subsector":4566993240},"type":"shotgun_soldier","health":30,"id":4567172528}}
{"counter":6071,"type":"move","frame":{"millis":30743,"tic":1076},"actor":{"position":{"x":9795142,"y":35556943,"z":3670016,"angle":3120562176,"subsector":4566993496},"type":"player","health":46,"armor":58,"id":4567120880}}
{"counter":6072,"type":"move","frame":{"millis":30743,"tic":1076},"actor":{"position":{"x":9800789,"y":35659736,"z":3670016,"angle":3120562176,"subsector":4566993496},"type":"player","health":46,"armor":58,"id":4567120880}}
{"counter":6073,"type":"move","frame":{"millis":30743,"tic":1076},"actor":{"position":{"x":-24371584,"y":52730880,"z":0,"angle":2147483648,"subsector":4566993384},"type":"soldier","health":20,"id":4567138736}}
{"counter":6074,"type":"move","frame":{"millis":30743,"tic":1076},"actor":{"position":{"x":-5041792,"y":29836672,"z":0,"angle":0,"subsector":4566993432},"type":"soldier","health":20,"id":4567139528}}
{"counter":6075,"type":"move","frame":{"millis":30743,"tic":1076},"actor":{"position":{"x":-26569280,"y":57343424,"z":0,"angle":3758096384,"subsector":4566993384},"type":"shotgun_soldier","health":30,"id":4567155368}}
{"counter":6076,"type":"move","frame":{"millis":30743,"tic":1076},"actor":{"position":{"x":11587136,"y":10878976,"z":0,"angle":3758096384,"subsector":4566993032},"type":"spectre","health":150,"id":4567162232}}
{"counter":6077,"type":"move","frame":{"millis":30772,"tic":1077},"actor":{"position":{"x":9800789,"y":35659736,"z":3670016,"angle":3137339392,"subsector":4566993496},"type":"player","health":46,"armor":58,"id":4567120880}}
{"counter":6078,"type":"move","frame":{"millis":30772,"tic":1077},"actor":{"position":{"x":9804156,"y":35738663,"z":3670016,"angle":3137339392,"subsector":4566993496},"type":"player","health":46,"armor":58,"id":4567120880}}
{"counter":6079,"type":"move","frame":{"millis":30772,"tic":1077},"actor":{"position":{"x":11058016,"y":16552256,"z":524288,"angle":0,"subsector":4566993032},"type":"spectre","health":150,"id":4567137416}}
{"counter":6080,"type":"move","frame":{"millis":30772,"tic":1077},"actor":{"position":{"x":18715520,"y":9622656,"z":0,"angle":1610612736,"subsector":4566993048},"type":"shotgun_soldier","health":30,"id":4567137680}}
{"counter":6081,"type":"move","frame":{"millis":30772,"tic":1077},"actor":{"position":{"x":-16517824,"y":55632832,"z":0,"angle":0,"subsector":4566993320},"type":"shotgun_soldier","health":30,"id":4567155632}}
{"counter":6082,"type":"move","frame":{"millis":30772,"tic":1077},"actor":{"position":{"x":-18307840,"y":52863104,"z":0,"angle":2147483648,"subsector":4566993320},"type":"shotgun_soldier","health":30,"id":4567155896}}
{"counter":6083,"type":"move","frame":{"millis":30772,"tic":1077},"actor":{"position":{"x":-11195520,"y":29794432,"z":0,"angle":0,"subsector":4566993432},"type":"shotgun_soldier","health":30,"id":4567156160}}
{"counter":6084,"type":"move","frame":{"millis":30772,"tic":1077},"actor":{"position":{"x":1456256,"y":29953280,"z":0,"angle":1073741824,"subsector":4566993432},"type":"shotgun_soldier","health":30,"id":4567156424}}
{"counter":6085,"type":"move","frame":{"millis":30772,"tic":1077},"actor":{"position":{"x":46825984,"y":12406848,"z":0,"angle":0,"subsector":4566994408},"type":"spectre","health":150,"id":4567166984}}
{"counter":6086,"type":"move","frame":{"millis":30800,"tic":1078},"actor":{"position":{"x":9804156,"y":35738663,"z":3670016,"angle":3154116608,"subsector":4566993496},"type":"player","health":46,"armor":58,"id":4567120880}}
{"counter":6087,"type":"move","frame":{"millis":30800,"tic":1078},"actor":{"position":{"x":9806007,"y":35797960,"z":3670016,"angle":3154116608,"subsector":4566993496},"type":"player","health":46,"armor":58,"id":4567120880}}
{"counter":6088,"type":"move","frame":{"millis":30800,"tic":1078},"actor":{"position":{"x":1811136,"y":27294656,"z":0,"angle":1073741824,"subsector":4566993432},"type":"imp","health":60,"id":4567132928}}
{"counter":6089,"type":"move","frame":{"millis":30800,"tic":1078},"actor":{"position":{"x":-6741824,"y":26961344,"z":0,"angle":0,"subsector":4566993432},"type":"soldier","health":20,"id":4567137944}}
{"counter":6090,"type":"move","frame":{"millis":30800,"tic":1078},"actor":{"position":{"x":-1583424,"y":29487296,"z":0,"angle":3221225472,"subsector":4566993432},"type":"shotgun_soldier","health":30,"id":4567139792}}
{"counter":6091,"type":"move","frame":{"millis":30800,"tic":1078},"actor":{"position":{"x":11587136,"y":11534336,"z":0,"angle":0,"subsector":4566993032},"type":"spectre","health":150,"id":4567162232}}
{"counter":6092,"type":"move","frame":{"millis":30800,"tic":1078},"actor":{"position":{"x":14865536,"y":10713472,"z":0,"angle":2147483648,"subsector":4566993048},"type":"imp","health":60,"id":4567172264}}
{"counter":6093,"type":"move","frame":{"millis":30800,"tic":1078},"actor":{"position":{"x":-1398400,"y":23386368,"z":0,"angle":1073741824,"subsector":4566993432},"type":"shotgun_soldier","health":30,"id":4567172528}}
{"counter":6094,"type":"move","frame":{"millis":30829,"tic":1079},"actor":{"position":{"x":9806007,"y":35797960,"z":3670016,"angle":3187671040,"subsector":4566993496},"type":"player","health":46,"armor":58,"id":4567120880}}
{"counter":6095,"type":"move","frame":{"millis":30829,"tic":1079},"actor":{"position":{"x":9804294,"y":35782147,"z":3670016,"angle":3187671040,"subsector":4566993496},"type":"player","health":46,"armor":58,"id":4567120880}}
{"counter":6096,"type":"move","frame":{"millis":30829,"tic":1079},"actor":{"position":{"x":11058016,"y":17207616,"z":1048576,"angle":536870912,"subsector":4566993096},"type":"spectre","health":150,"id":4567137416}}
{"counter":6097,"type":"move","frame":{"millis":30829,"tic":1079},"actor":{"position":{"x":-28783040,"y":29831616,"z":0,"angle":3221225472,"subsector":4566993400},"type":"soldier","health":20,"id":4567138208}}
{"counter":6098,"type":"move","frame":{"millis":30829,"tic":1079},"actor":{"position":{"x":-26193280,"y":56967424,"z":0,"angle":3758096384,"subsector":4566993384},"type":"shotgun_soldier","health":30,"id":4567155368}}
{"counter":6099,"type":"move","frame":{"millis":30829,"tic":1079},"actor":{"position":{"x":47481344,"y":12406848,"z":0,"angle":0,"subsector":4566994408},"type":"spectre","health":150,"id":4567166984}}
{"counter":6100,"type":"move","frame":{"millis":30858,"tic":1080},"actor":{"position":{"x":9804294,"y":35782147,"z":3670016,"angle":3204448256,"subsector":4566993496},"type":"player","health":46,"armor":58,"id":4567120880}}
{"counter":6101,"type":"move","frame":{"millis":30858,"tic":1080},"actor":{"position":{"x":9801158,"y":35702300,"z":3670016,"angle":3204448256,"subsector":4566993496},"type":"player","health":46,"armor":58,"id":4567120880}}
{"counter":6102,"type":"move","frame":{"millis":30858,"tic":1080},"actor":{"position":{"x":18339520,"y":9998656,"z":0,"angle":1610612736,"subsector":4566993048},"type":"shotgun_soldier","health":30,"id":4567137680}}
{"counter":6103,"type":"move","frame":{"millis":30858,"tic":1080},"actor":{"position":{"x":-24895872,"y":52730880,"z":0,"angle":2147483648,"subsector":4566993384},"type":"soldier","health":20,"id":4567138736}}
{"counter":6104,"type":"move","frame":{"millis":30858,"tic":1080},"actor":{"position":{"x":-4517504,"y":29836672,"z":0,"angle":0,"subsector":4566993432},"type":"soldier","health":20,"id":4567139528}}
{"counter":6105,"type":"move","frame":{"millis":30858,"tic":1080},"actor":{"position":{"x":-15993536,"y":55632832,"z":0,"angle":0,"subsector":4566993320},"type":"shotgun_soldier","health":30,"id":4567155632}}
{"counter":6106,"type":"move","frame":{"millis":30858,"tic":1080},"actor":{"position":{"x":-18832128,"y":52863104,"z":0,"angle":2147483648,"subsector":4566993320},"type":"shotgun_soldier","health":30,"id":4567155896}}
{"counter":6107,"type":"move","frame":{"millis":30858,"tic":1080},"actor":{"position":{"x":-10671232,"y":29794432,"z":0,"angle":0,"subsector":4566993432},"type":"shotgun_soldier","health":30,"id":4567156160}}
{"counter":6108,"type":"move","frame":{"millis":30858,"tic":1080},"actor":{"position":{"x":1980544,"y":29953280,"z":0,"angle":1610612736,"subsector":4566993432},"type":"shotgun_soldier","health":30,"id":4567156424}}
{"counter":6109,"type":"move","frame":{"millis":30858,"tic":1080},"actor":{"position":{"x":11587136,"y":12189696,"z":0,"angle":536870912,"subsector":4566993032},"type":"spectre","health":150,"id":4567162232}}
{"counter":6110,"type":"move","frame":{"millis":30886,"tic":1081},"actor":{"position":{"x":9801158,"y":35702300,"z":3670016,"angle":3221225472,"subsector":4566993496},"type":"player","health":46,"armor":58,"id":4567120880}}
{"counter":6111,"type":"move","frame":{"millis":30886,"tic":1081},"actor":{"position":{"x":9798345,"y":35552115,"z":3670016,"angle":3221225472,"subsector":4566993496},"type":"player","health":46,"armor":58,"id":4567120880}}
{"counter":6112,"type":"move","frame":{"millis":30886,"tic":1081},"actor":{"position":{"x":1286848,"y":27294656,"z":0,"angle":1610612736,"subsector":4566993432},"type":"imp","health":60,"id":4567132928}}
{"counter":6113,"type":"move","frame":{"millis":30886,"tic":1081},"actor":{"position":{"x":11058016,"y":17862976,"z":1048576,"angle":1073741824,"subsector":4566993096},"type":"spectre","health":150,"id":4567137416}}
{"counter":6114,"type":"move","frame":{"millis":30886,"tic":1081},"actor":{"position":{"x":-1583424,"y":30011584,"z":0,"angle":3758096384,"subsector":4566993432},"type":"shotgun_soldier","health":30,"id":4567139792}}
{"counter":6115,"type":"move","frame":{"millis":30886,"tic":1081},"actor":{"position":{"x":48136704,"y":12406848,"z":0,"angle":0,"subsector":4566994408},"type":"spectre","health":150,"id":4567166984}}
{"counter":6116,"type":"move","frame":{"millis":30886,"tic":1081},"actor":{"position":{"x":14865536,"y":11237760,"z":0,"angle":2684354560,"subsector":4566993048},"type":"imp","health":60,"id":4567172264}}
{"counter":6117,"type":"move","frame":{"millis":30886,"tic":1081},"actor":{"position":{"x":-1398400,"y":23910656,"z":0,"angle":1073741824,"subsector":4566993432},"type":"shotgun_soldier","health":30,"id":4567172528}}
{"counter":6118,"type":"move","frame":{"millis":30915,"tic":1082},"actor":{"position":{"x":9798345,"y":35552115,"z":3670016,"angle":3238002688,"subsector":4566993496},"type":"player","health":46,"armor":58,"id":4567120880}}
{"counter":6119,"type":"move","frame":{"millis":30915,"tic":1082},"actor":{"position":{"x":9797530,"y":35346399,"z":3670016,"angle":3238002688,"subsector":4566993496},"type":"player","health":46,"armor":58,"id":4567120880}}
{"counter":6120,"type":"move","frame":{"millis":30916,"tic":1082},"actor":{"position":{"x":-6217536,"y":26961344,"z":0,"angle":0,"subsector":4566993432},"type":"soldier","health":20,"id":4567137944}}
{"counter":6121,"type":"move","frame":{"millis":30916,"tic":1082},"actor":{"position":{"x":-25817280,"y":56591424,"z":0,"angle":3758096384,"subsector":4566993384},"type":"shotgun_soldier","health":30,"id":4567155368}}
{"counter":6122,"type":"move","frame":{"millis":30916,"tic":1082},"actor":{"position":{"x":11587136,"y":12845056,"z":0,"angle":1073741824,"subsector":4566993032},"type":"spectre","health":150,"id":4567162232}}
{"counter":6123,"type":"move","frame":{"millis":30944,"tic":1083},"actor":{"position":{"x":9797530,"y":35346399,"z":3670016,"angle":3238002688,"subsector":4566993496},"type":"player","health":46,"armor":58,"id":4567120880}}
{"counter":6124,"type":"move","frame":{"millis":30944,"tic":1083},"actor":{"position":{"x":9797913,"y":35114926,"z":3670016,"angle":3238002688,"subsector":4566993496},"type":"player","health":46,"armor":58,"id":4567120880}}
{"counter":6125,"type":"move","frame":{"millis":30944,"tic":1083},"actor":{"position":{"x":10402656,"y":17862976,"z":1048576,"angle":1073741824,"subsector":4566993096},"type":"spectre","health":150,"id":4567137416}}
{"counter":6126,"type":"move","frame":{"millis":30944,"tic":1083},"actor":{"position":{"x":17963520,"y":10374656,"z":0,"angle":1610612736,"subsector":4566993048},"type":"shotgun_soldier","health":30,"id":4567137680}}
{"counter":6127,"type":"move","frame":{"millis":30944,"tic":1083},"actor":{"position":{"x":-28783040,"y":29307328,"z":0,"angle":3221225472,"subsector":4566993400},"type":"soldier","health":20,"id":4567138208}}
{"counter":6128,"type":"move","frame":{"millis":30944,"tic":1083},"actor":{"position":{"x":-15993536,"y":55108544,"z":0,"angle":0,"subsector":4566993320},"type":"shotgun_soldier","health":30,"id":4567155632}}
{"counter":6129,"type":"move","frame":{"millis":30944,"tic":1083},"actor":{"position":{"x":-19356416,"y":52863104,"z":0,"angle":2147483648,"subsector":4566993320},"type":"shotgun_soldier","health":30,"id":4567155896}}
{"counter":6130,"type":"move","frame":{"millis":30944,"tic":1083},"actor":{"position":{"x":-10146944,"y":29794432,"z":0,"angle":0,"subsector":4566993432},"type":"shotgun_soldier","health":30,"id":4567156160}}
{"counter":6131,"type":"move","frame":{"millis":30944,"tic":1083},"actor":{"position":{"x":2504832,"y":29953280,"z":0,"angle":1073741824,"subsector":4566993432},"type":"shotgun_soldier","health":30,"id":4567156424}}
{"counter":6132,"type":"move","frame":{"millis":30944,"tic":1083},"actor":{"position":{"x":48792064,"y":12406848,"z":0,"angle":0,"subsector":4566994408},"type":"spectre","health":150,"id":4567166984}}
{"counter":6133,"type":"move","frame":{"millis":30972,"tic":1084},"actor":{"position":{"x":9797913,"y":35114926,"z":3670016,"angle":3238002688,"subsector":4566993496},"type":"player","health":46,"armor":58,"id":4567120880}}
{"counter":6134,"type":"move","frame":{"millis":30972,"tic":1084},"actor":{"position":{"x":9800760,"y":34804833,"z":3670016,"angle":3238002688,"subsector":4566993496},"type":"player","health":46,"armor":58,"id":4567120880}}
{"counter":6135,"type":"move","frame":{"millis":30972,"tic":1084},"actor":{"position":{"x":762560,"y":27294656,"z":0,"angle":2147483648,"subsector":4566993432},"type":"imp","health":60,"id":4567132928}}
{"counter":6136,"type":"move","frame":{"millis":30972,"tic":1084},"actor":{"position":{"x":-25420160,"y":52730880,"z":0,"angle":2147483648,"subsector":4566993384},"type":"soldier","health":20,"id":4567138736}}
{"counter":6137,"type":"move","frame":{"millis":30972,"tic":1084},"actor":{"position":{"x":-5041792,"y":29836672,"z":0,"angle":0,"subsector":4566993432},"type":"soldier","health":20,"id":4567139528}}
{"counter":6138,"type":"move","frame":{"millis":30972,"tic":1084},"actor":{"position":{"x":-1059136,"y":30011584,"z":0,"angle":0,"subsector":4566993432},"type":"shotgun_soldier","health":30,"id":4567139792}}
{"counter":6139,"type":"move","frame":{"millis":30972,"tic":1084},"actor":{"position":{"x":11587136,"y":13500416,"z":0,"angle":1073741824,"subsector":4566993032},"type":"spectre","health":150,"id":4567162232}}
{"counter":6140,"type":"move","frame":{"millis":30972,"tic":1084},"actor":{"position":{"x":15241536,"y":10861760,"z":0,"angle":2147483648,"subsector":4566993048},"type":"imp","health":60,"id":4567172264}}
{"counter":6141,"type":"move","frame":{"millis":30972,"tic":1084},"actor":{"position":{"x":-1398400,"y":24434944,"z":0,"angle":1073741824,"subsector":4566993432},"type":"shotgun_soldier","health":30,"id":4567172528}}
{"counter":6142,"type":"move","frame":{"millis":31000,"tic":1085},"actor":{"position":{"x":9800760,"y":34804833,"z":3670016,"angle":3238002688,"subsector":4566993496},"type":"player","health":46,"armor":58,"id":4567120880}}
{"counter":6143,"type":"move","frame":{"millis":31000,"tic":1085},"actor":{"position":{"x":9805891,"y":34421443,"z":3670016,"angle":3238002688,"subsector":4566993496},"type":"player","health":46,"armor":58,"id":4567120880}}
{"counter":6144,"type":"move","frame":{"millis":31000,"tic":1085},"actor":{"position":{"x":9747296,"y":17862976,"z":1048576,"angle":1610612736,"subsector":4566993096},"type":"spectre","health":150,"id":4567137416}}
{"counter":6145,"type":"move","frame":{"millis":31000,"tic":1085},"actor":{"position":{"x":-25441280,"y":56215424,"z":0,"angle":3758096384,"subsector":4566993384},"type":"shotgun_soldier","health":30,"id":4567155368}}
{"counter":6146,"type":"move","frame":{"millis":31000,"tic":1085},"actor":{"position":{"x":49447424,"y":12406848,"z":0,"angle":0,"subsector":4566994408},"type":"spectre","health":150,"id":4567166984}}
{"counter":6147,"type":"move","frame":{"millis":31029,"tic":1086},"actor":{"position":{"x":9805891,"y":34421443,"z":3670016,"angle":3238002688,"subsector":4566993496},"type":"player","health":46,"armor":58,"id":4567120880}}
{"counter":6148,"type":"move","frame":{"millis":31029,"tic":1086},"actor":{"position":{"x":9813091,"y":33971627,"z":3670016,"angle":3238002688,"subsector":4566993496},"type":"player","health":46,"armor":58,"id":4567120880}}
{"counter":6149,"type":"move","frame":{"millis":31030,"tic":1086},"actor":{"position":{"x":17963520,"y":10898944,"z":0,"angle":1610612736,"subsector":4566993048},"type":"shotgun_soldier","health":30,"id":4567137680}}
{"counter":6150,"type":"move","frame":{"millis":31030,"tic":1086},"actor":{"position":{"x":-5693248,"y":26961344,"z":0,"angle":0,"subsector":4566993432},"type":"soldier","health":20,"id":4567137944}}
{"counter":6151,"type":"move","frame":{"millis":31030,"tic":1086},"actor":{"position":{"x":-15993536,"y":54584256,"z":0,"angle":3758096384,"subsector":4566993320},"type":"shotgun_soldier","health":30,"id":4567155632}}
{"counter":6152,"type":"move","frame":{"millis":31030,"tic":1086},"actor":{"position":{"x":-19880704,"y":52863104,"z":0,"angle":2147483648,"subsector":4566993320},"type":"shotgun_soldier","health":30,"id":4567155896}}
{"counter":6153,"type":"move","frame":{"millis":31030,"tic":1086},"actor":{"position":{"x":-9622656,"y":29794432,"z":0,"angle":0,"subsector":4566993432},"type":"shotgun_soldier","health":30,"id":4567156160}}
{"counter":6154,"type":"move","frame":{"millis":31030,"tic":1086},"actor":{"position":{"x":1980544,"y":29953280,"z":0,"angle":536870912,"subsector":4566993432},"type":"shotgun_soldier","health":30,"id":4567156424}}
{"counter":6155,"type":"move","frame":{"millis":31030,"tic":1086},"actor":{"position":{"x":10931776,"y":13500416,"z":0,"angle":1073741824,"subsector":4566993032},"type":"spectre","health":150,"id":4567162232}}
{"counter":6156,"type":"move","frame":{"millis":31058,"tic":1087},"actor":{"position":{"x":9813091,"y":33971627,"z":3670016,"angle":3238002688,"subsector":4566993496},"type":"player","health":46,"armor":58,"id":4567120880}}
{"counter":6157,"type":"move","frame":{"millis":31058,"tic":1087},"actor":{"position":{"x":9822167,"y":33461613,"z":3670016,"angle":3238002688,"subsector":4566993496},"type":"player","health":46,"armor":58,"id":4567120880}}
{"counter":6158,"type":"move","frame":{"millis":31058,"tic":1087},"actor":{"position":{"x":238272,"y":27294656,"z":0,"angle":2147483648,"subsector":4566993432},"type":"imp","health":60,"id":4567132928}}
{"counter":6159,"type":"move","frame":{"millis":31058,"tic":1087},"actor":{"position":{"x":9091936,"y":17862976,"z":1048576,"angle":2147483648,"subsector":4566993096},"type":"spectre","health":150,"id":4567137416}}
{"counter":6160,"type":"move","frame":{"millis":31058,"tic":1087},"actor":{"position":{"x":-28783040,"y":28783040,"z":0,"angle":3221225472,"subsector":4566993400},"type":"soldier","health":20,"id":4567138208}}
{"counter":6161,"type":"move","frame":{"millis":31058,"tic":1087},"actor":{"position":{"x":-1583424,"y":30011584,"z":0,"angle":0,"subsector":4566993432},"type":"shotgun_soldier","health":30,"id":4567139792}}
{"counter":6162,"type":"move","frame":{"millis":31058,"tic":1087},"actor":{"position":{"x":50102784,"y":12406848,"z":0,"angle":0,"subsector":4566994408},"type":"spectre","health":150,"id":4567166984}}
{"counter":6163,"type":"move","frame":{"millis":31058,"tic":1087},"actor":{"position":{"x":14717248,"y":10861760,"z":0,"angle":2684354560,"subsector":4566993048},"type":"imp","health":60,"id":4567172264}}
{"counter":6164,"type":"move","frame":{"millis":31058,"tic":1087},"actor":{"position":{"x":-874112,"y":24434944,"z":0,"angle":1073741824,"subsector":4566993432},"type":"shotgun_soldier","health":30,"id":4567172528}}
{"counter":6165,"type":"move","frame":{"millis":31087,"tic":1088},"actor":{"position":{"x":9822167,"y":33461613,"z":3670016,"angle":3238002688,"subsector":4566993496},"type":"player","health":46,"armor":58,"id":4567120880}}
{"counter":6166,"type":"move","frame":{"millis":31087,"tic":1088},"actor":{"position":{"x":9832943,"y":32897044,"z":3670016,"angle":3238002688,"subsector":4566993496},"type":"player","health":46,"armor":58,"id":4567120880}}
{"counter":6167,"type":"move","frame":{"millis":31087,"tic":1088},"actor":{"position":{"x":-25944448,"y":52730880,"z":0,"angle":2147483648,"subsector":4566993384},"type":"soldier","health":20,"id":4567138736}}
{"counter":6168,"type":"move","frame":{"millis":31087,"tic":1088},"actor":{"position":{"x":-5566080,"y":29836672,"z":0,"angle":536870912,"subsector":4566993432},"type":"soldier","health":20,"id":4567139528}}
{"counter":6169,"type":"move","frame":{"millis":31087,"tic":1088},"actor":{"position":{"x":-25065280,"y":55839424,"z":0,"angle":3758096384,"subsector":4566993384},"type":"shotgun_soldier","health":30,"id":4567155368}}
{"counter":6170,"type":"move","frame":{"millis":31087,"tic":1088},"actor":{"position":{"x":10276416,"y":13500416,"z":0,"angle":1610612736,"subsector":4566993032},"type":"spectre","health":150,"id":4567162232}}
{"counter":6171,"type":"move","frame":{"millis":31115,"tic":1089},"actor":{"position":{"x":9832943,"y":32897044,"z":3670016,"angle":3238002688,"subsector":4566993496},"type":"player","health":46,"armor":58,"id":4567120880}}
{"counter":6172,"type":"move","frame":{"millis":31115,"tic":1089},"actor":{"position":{"x":9845259,"y":32283035,"z":3670016,"angle":3238002688,"subsector":4566993496},"type":"player","health":46,"armor":58,"id":4567120880}}
{"counter":6173,"type":"move","frame":{"millis":31115,"tic":1089},"actor":{"position":{"x":8436576,"y":17862976,"z":1048576,"angle":2147483648,"subsector":4566993096},"type":"spectre","health":150,"id":4567137416}}
{"counter":6174,"type":"move","frame":{"millis":31115,"tic":1089},"actor":{"position":{"x":17439232,"y":10898944,"z":0,"angle":1073741824,"subsector":4566993048},"type":"shotgun_soldier","health":30,"id":4567137680}}
{"counter":6175,"type":"move","frame":{"millis":31115,"tic":1089},"actor":{"position":{"x":-15993536,"y":54059968,"z":0,"angle":3221225472,"subsector":4566993320},"type":"shotgun_soldier","health":30,"id":4567155632}}
{"counter":6176,"type":"move","frame":{"millis":31115,"tic":1089},"actor":{"position":{"x":-20404992,"y":52863104,"z":0,"angle":2147483648,"subsector":4566993320},"type":"shotgun_soldier","health":30,"id":4567155896}}
{"counter":6177,"type":"move","frame":{"millis":31115,"tic":1089},"actor":{"position":{"x":-9098368,"y":29794432,"z":0,"angle":0,"subsector":4566993432},"type":"shotgun_soldier","health":30,"id":4567156160}}
{"counter":6178,"type":"move","frame":{"millis":31115,"tic":1089},"actor":{"position":{"x":1456256,"y":29953280,"z":0,"angle":1073741824,"subsector":4566993432},"type":"shotgun_soldier","health":30,"id":4567156424}}
{"counter":6179,"type":"move","frame":{"millis":31115,"tic":1089},"actor":{"position":{"x":50758144,"y":12406848,"z":0,"angle":0,"subsector":4566994408},"type":"spectre","health":150,"id":4567166984}}
{"counter":6180,"type":"move","frame":{"millis":31143,"tic":1090},"actor":{"position":{"x":9845259,"y":32283035,"z":3670016,"angle":3238002688,"subsector":4566993496},"type":"player","health":46,"armor":58,"id":4567120880}}
{"counter":6181,"type":"move","frame":{"millis":31143,"tic":1090},"actor":{"position":{"x":9858971,"y":31624221,"z":3670016,"angle":3238002688,"subsector":4566993496},"type":"player","health":46,"armor":58,"id":4567120880}}
{"counter":6182,"type":"move","frame":{"millis":31143,"tic":1090},"actor":{"position":{"x":-286016,"y":27294656,"z":0,"angle":2147483648,"subsector":4566993432},"type":"imp","health":60,"id":4567132928}}
{"counter":6183,"type":"move","frame":{"millis":31143,"tic":1090},"actor":{"position":{"x":-5168960,"y":26961344,"z":0,"angle":0,"subsector":4566993432},"type":"soldier","health":20,"id":4567137944}}
{"counter":6184,"type":"move","frame":{"millis":31143,"tic":1090},"actor":{"position":{"x":-2107712,"y":30011584,"z":0,"angle":536870912,"subsector":4566993432},"type":"shotgun_soldier","health":30,"id":4567139792}}
{"counter":6185,"type":"move","frame":{"millis":31143,"tic":1090},"actor":{"position":{"x":9621056,"y":13500416,"z":0,"angle":2147483648,"subsector":4566993032},"type":"spectre","health":150,"id":4567162232}}
{"counter":6186,"type":"move","frame":{"millis":31143,"tic":1090},"actor":{"position":{"x":14341248,"y":11237760,"z":0,"angle":2147483648,"subsector":4566993032},"type":"imp","health":60,"id":4567172264}}
{"counter":6187,"type":"move","frame":{"millis":31143,"tic":1090},"actor":{"position":{"x":-349824,"y":24434944,"z":0,"angle":536870912,"subsector":4566993432},"type":"shotgun_soldier","health":30,"id":4567172528}}
{"counter":6188,"type":"move","frame":{"millis":31172,"tic":1091},"actor":{"position":{"x":9858971,"y":31624221,"z":3670016,"angle":3238002688,"subsector":4566993496},"type":"player","health":46,"armor":58,"id":4567120880}}
{"counter":6189,"type":"move","frame":{"millis":31172,"tic":1091},"actor":{"position":{"x":9873948,"y":30924802,"z":3670016,"angle":3238002688,"subsector":4566993496},"type":"player","health":46,"armor":58,"id":4567120880}}
{"counter":6190,"type":"move","frame":{"millis":31172,"tic":1091},"actor":{"position":{"x":9091936,"y":17862976,"z":1048576,"angle":2147483648,"subsector":4566993096},"type":"spectre","health":150,"id":4567137416}}
{"counter":6191,"type":"move","frame":{"millis":31172,"tic":1091},"actor":{"position":{"x":-28783040,"y":28258752,"z":0,"angle":3221225472,"subsector":4566993400},"type":"soldier","health":20,"id":4567138208}}
{"counter":6192,"type":"move","frame":{"millis":31173,"tic":1091},"actor":{"position":{"x":-24689280,"y":55463424,"z":0,"angle":3758096384,"subsector":4566993384},"type":"shotgun_soldier","health":30,"id":4567155368}}
{"counter":6193,"type":"move","frame":{"millis":31173,"tic":1091},"actor":{"position":{"x":51413504,"y":12406848,"z":0,"angle":0,"subsector":4566994408},"type":"spectre","health":150,"id":4567166984}}
{"counter":6194,"type":"move","frame":{"millis":31200,"tic":1092},"actor":{"position":{"x":9873948,"y":30924802,"z":3670016,"angle":3238002688,"subsector":4566993496},"type":"player","health":46,"armor":58,"id":4567120880}}
{"counter":6195,"type":"move","frame":{"millis":31200,"tic":1092},"actor":{"position":{"x":9890071,"y":30188585,"z":3670016,"angle":3238002688,"subsector":4566993496},"type":"player","health":46,"armor":58,"id":4567120880}}
{"counter":6196,"type":"move","frame":{"millis":31200,"tic":1092},"actor":{"position":{"x":17063232,"y":10522944,"z":0,"angle":1610612736,"subsector":4566993048},"type":"shotgun_soldier","health":30,"id":4567137680}}
{"counter":6197,"type":"move","frame":{"millis":31200,"tic":1092},"actor":{"position":{"x":-25568448,"y":52354880,"z":0,"angle":2147483648,"subsector":4566993384},"type":"soldier","health":20,"id":4567138736}}
{"counter":6198,"type":"move","frame":{"millis":31200,"tic":1092},"actor":{"position":{"x":-6090368,"y":29836672,"z":0,"angle":1073741824,"subsector":4566993432},"type":"soldier","health":20,"id":4567139528}}
{"counter":6199,"type":"move","frame":{"millis":31200,"tic":1092},"actor":{"position":{"x":-14304064,"y":81412928,"z":0,"angle":3758096384,"subsector":4566996760},"type":"shotgun_soldier","health":30,"id":4567155104}}
{"counter":6200,"type":"move","frame":{"millis":31200,"tic":1092},"actor":{"position":{"x":-15993536,"y":53535680,"z":0,"angle":3221225472,"subsector":4566993320},"type":"shotgun_soldier","health":30,"id":4567155632}}
{"counter":6201,"type":"move","frame":{"millis":31200,"tic":1092},"actor":{"position":{"x":-20929280,"y":52863104,"z":0,"angle":2147483648,"subsector":4566993320},"type":"shotgun_soldier","health":30,"id":4567155896}}
{"counter":6202,"type":"move","frame":{"millis":31200,"tic":1092},"actor":{"position":{"x":-9474368,"y":29418432,"z":0,"angle":0,"subsector":4566993432},"type":"shotgun_soldier","health":30,"id":4567156160}}
{"counter":6203,"type":"move","frame":{"millis":31200,"tic":1092},"actor":{"position":{"x":931968,"y":29953280,"z":0,"angle":1610612736,"subsector":4566993432},"type":"shotgun_soldier","health":30,"id":4567156424}}
{"counter":6204,"type":"move","frame":{"millis":31200,"tic":1092},"actor":{"position":{"x":8965696,"y":13500416,"z":0,"angle":2147483648,"subsector":4566993032},"type":"spectre","health":150,"id":4567162232}}
{"counter":6205,"type":"move","frame":{"millis":31229,"tic":1093},"actor":{"position":{"x":9890071,"y":30188585,"z":3670016,"angle":3238002688,"subsector":4566993496},"type":"player","health":46,"armor":58,"id":4567120880}}
{"counter":6206,"type":"move","frame":{"millis":31229,"tic":1093},"actor":{"position":{"x":9905957,"y":29470204,"z":3670016,"angle":3238002688,"subsector":4566993496},"type":"player","health":46,"armor":58,"id":4567120880}}
{"counter":6207,"type":"move","frame":{"millis":31229,"tic":1093},"actor":{"position":{"x":-810304,"y":27294656,"z":0,"angle":2147483648,"subsector":4566993432},"type":"imp","health":60,"id":4567132928}}
{"counter":6208,"type":"move","frame":{"millis":31229,"tic":1093},"actor":{"position":{"x":9747296,"y":17862976,"z":1048576,"angle":2684354560,"subsector":4566993096},"type":"spectre","health":150,"id":4567137416}}
{"counter":6209,"type":"move","frame":{"millis":31229,"tic":1093},"actor":{"position":{"x":-2632000,"y":30011584,"z":0,"angle":1073741824,"subsector":4566993432},"type":"shotgun_soldier","health":30,"id":4567139792}}
{"counter":6210,"type":"move","frame":{"millis":31229,"tic":1093},"actor":{"position":{"x":52068864,"y":12406848,"z":0,"angle":0,"subsector":4566994424},"type":"spectre","health":150,"id":4567166984}}
{"counter":6211,"type":"move","frame":{"millis":31229,"tic":1093},"actor":{"position":{"x":13816960,"y":11237760,"z":0,"angle":1610612736,"subsector":4566993032},"type":"imp","health":60,"id":4567172264}}
{"counter":6212,"type":"move","frame":{"millis":31229,"tic":1093},"actor":{"position":{"x":174464,"y":24434944,"z":0,"angle":0,"subsector":4566993432},"type":"shotgun_soldier","health":30,"id":4567172528}}
{"counter":6213,"type":"move","frame":{"millis":31259,"tic":1094},"actor":{"position":{"x":9920353,"y":28819171,"z":3670016,"angle":3238002688,"subsector":4566993496},"type":"player","health":46,"armor":58,"id":4567120880}}
{"counter":6214,"type":"move","frame":{"millis":31259,"tic":1094},"actor":{"position":{"x":-4644672,"y":26961344,"z":0,"angle":0,"subsector":4566993432},"type":"soldier","health":20,"id":4567137944}}
{"counter":6215,"type":"move","frame":{"millis":31259,"tic":1094},"actor":{"position":{"x":-24313280,"y":55087424,"z":0,"angle":3758096384,"subsector":4566993384},"type":"shotgun_soldier","health":30,"id":4567155368}}
{"counter":6216,"type":"move","frame":{"millis":31259,"tic":1094},"actor":{"position":{"x":8310336,"y":13500416,"z":0,"angle":2147483648,"subsector":4566993032},"type":"spectre","health":150,"id":4567162232}}
{"counter":6217,"type":"move","frame":{"millis":31286,"tic":1095},"actor":{"position":{"x":9933399,"y":28229172,"z":3670016,"angle":3238002688,"subsector":4566993496},"type":"player","health":46,"armor":58,"id":4567120880}}
{"counter":6218,"type":"move","frame":{"millis":31286,"tic":1095},"actor":{"position":{"x":10402656,"y":17862976,"z":1048576,"angle":3221225472,"subsector":4566993096},"type":"spectre","health":150,"id":4567137416}}
{"counter":6219,"type":"move","frame":{"millis":31286,"tic":1095},"actor":{"position":{"x":16687232,"y":10146944,"z":0,"angle":2147483648,"subsector":4566993048},"type":"shotgun_soldier","health":30,"id":4567137680}}
{"counter":6220,"type":"move","frame":{"millis":31286,"tic":1095},"actor":{"position":{"x":-28783040,"y":27734464,"z":0,"angle":3221225472,"subsector":4566993400},"type":"soldier","health":20,"id":4567138208}}
{"counter":6221,"type":"move","frame":{"millis":31286,"tic":1095},"actor":{"position":{"x":-13928064,"y":81036928,"z":0,"angle":3758096384,"subsector":4566996760},"type":"shotgun_soldier","health":30,"id":4567155104}}
{"counter":6222,"type":"move","frame":{"millis":31286,"tic":1095},"actor":{"position":{"x":-15993536,"y":53011392,"z":0,"angle":3221225472,"subsector":4566993320},"type":"shotgun_soldier","health":30,"id":4567155632}}
{"counter":6223,"type":"move","frame":{"millis":31286,"tic":1095},"actor":{"position":{"x":-21453568,"y":52863104,"z":0,"angle":2147483648,"subsector":4566993384},"type":"shotgun_soldier","health":30,"id":4567155896}}
{"counter":6224,"type":"move","frame":{"millis":31286,"tic":1095},"actor":{"position":{"x":-9850368,"y":29042432,"z":0,"angle":3758096384,"subsector":4566993432},"type":"shotgun_soldier","health":30,"id":4567156160}}
{"counter":6225,"type":"move","frame":{"millis":31286,"tic":1095},"actor":{"position":{"x":407680,"y":29953280,"z":0,"angle":2147483648,"subsector":4566993432},"type":"shotgun_soldier","health":30,"id":4567156424}}
{"counter":6226,"type":"move","frame":{"millis":31286,"tic":1095},"actor":{"position":{"x":52724224,"y":12406848,"z":0,"angle":0,"subsector":4566994424},"type":"spectre","health":150,"id":4567166984}}
{"counter":6227,"type":"move","frame":{"millis":31315,"tic":1096},"actor":{"position":{"x":9945221,"y":27694485,"z":3670016,"angle":3238002688,"subsector":4566993496},"type":"player","health":46,"armor":58,"id":4567120880}}
{"counter":6228,"type":"move","frame":{"millis":31315,"tic":1096},"actor":{"position":{"x":-1334592,"y":27294656,"z":0,"angle":2147483648,"subsector":4566993432},"type":"imp","health":60,"id":4567132928}}
{"counter":6229,"type":"move","frame":{"millis":31315,"tic":1096},"actor":{"position":{"x":-25192448,"y":51978880,"z":0,"angle":2684354560,"subsector":4566993384},"type":"soldier","health":20,"id":4567138736}}
{"counter":6230,"type":"move","frame":{"millis":31315,"tic":1096},"actor":{"position":{"x":-6614656,"y":29836672,"z":0,"angle":1610612736,"subsector":4566993432},"type":"soldier","health":20,"id":4567139528}}
{"counter":6231,"type":"move","frame":{"millis":31315,"tic":1096},"actor":{"position":{"x":-3156288,"y":30011584,"z":0,"angle":1610612736,"subsector":4566993432},"type":"shotgun_soldier","health":30,"id":4567139792}}
{"counter":6232,"type":"move","frame":{"millis":31315,"tic":1096},"actor":{"position":{"x":8310336,"y":12845056,"z":0,"angle":2147483648,"subsector":4566993032},"type":"spectre","health":150,"id":4567162232}}
{"counter":6233,"type":"move","frame":{"millis":31315,"tic":1096},"actor":{"position":{"x":13292672,"y":11237760,"z":0,"angle":2147483648,"subsector":4566993032},"type":"imp","health":60,"id":4567172264}}
{"counter":6234,"type":"move","frame":{"millis":31315,"tic":1096},"actor":{"position":{"x":698752,"y":24434944,"z":0,"angle":0,"subsector":4566993432},"type":"shotgun_soldier","health":30,"id":4567172528}}
{"counter":6235,"type":"move","frame":{"millis":31343,"tic":1097},"actor":{"position":{"x":9945221,"y":27694485,"z":3670016,"angle":3238002688,"subsector":4566993496},"type":"player","health":46,"armor":58,"id":4567120880}}
{"counter":6236,"type":"move","frame":{"millis":31343,"tic":1097},"actor":{"position":{"x":9955985,"y":27207876,"z":3670016,"angle":3238002688,"subsector":4566993496},"type":"player","health":46,"armor":58,"id":4567120880}}
{"counter":6237,"type":"move","frame":{"millis":31343,"tic":1097},"actor":{"position":{"x":11058016,"y":17862976,"z":1048576,"angle":3758096384,"subsector":4566993096},"type":"spectre","health":150,"id":4567137416}}
{"counter":6238,"type":"move","frame":{"millis":31343,"tic":1097},"actor":{"position":{"x":-10109760,"y":81412928,"z":0,"angle":3758096384,"subsector":4566996760},"type":"soldier","health":20,"id":4567139000}}
{"counter":6239,"type":"move","frame":{"millis":31343,"tic":1097},"actor":{"position":{"x":-24313280,"y":55611712,"z":0,"angle":3758096384,"subsector":4566993384},"type":"shotgun_soldier","health":30,"id":4567155368}}
{"counter":6240,"type":"move","frame":{"millis":31343,"tic":1097},"actor":{"position":{"x":53379584,"y":12406848,"z":0,"angle":0,"subsector":4566994424},"type":"spectre","health":150,"id":4567166984}}
{"counter":6241,"type":"move","frame":{"millis":31372,"tic":1098},"actor":{"position":{"x":9955985,"y":27207876,"z":3670016,"angle":3204448256,"subsector":4566993496},"type":"player","health":46,"armor":58,"id":4567120880}}
{"counter":6242,"type":"move","frame":{"millis":31372,"tic":1098},"actor":{"position":{"x":9965392,"y":26752554,"z":3670016,"angle":3204448256,"subsector":4566993496},"type":"player","health":46,"armor":58,"id":4567120880}}
{"counter":6243,"type":"move","frame":{"millis":31372,"tic":1098},"actor":{"position":{"x":16311232,"y":9770944,"z":0,"angle":2684354560,"subsector":4566993048},"type":"shotgun_soldier","health":30,"id":4567137680}}
{"counter":6244,"type":"move","frame":{"millis":31372,"tic":1098},"actor":{"position":{"x":-4120384,"y":26961344,"z":0,"angle":0,"subsector":4566993432},"type":"soldier","health":20,"id":4567137944}}
{"counter":6245,"type":"move","frame":{"millis":31372,"tic":1098},"actor":{"position":{"x":-13552064,"y":80660928,"z":0,"angle":3758096384,"subsector":4566996760},"type":"shotgun_soldier","health":30,"id":4567155104}}
{"counter":6246,"type":"move","frame":{"millis":31372,"tic":1098},"actor":{"position":{"x":-16517824,"y":53011392,"z":0,"angle":3221225472,"subsector":4566993320},"type":"shotgun_soldier","health":30,"id":4567155632}}
{"counter":6247,"type":"move","frame":{"millis":31372,"tic":1098},"actor":{"position":{"x":-21977856,"y":52863104,"z":0,"angle":2147483648,"subsector":4566993384},"type":"shotgun_soldier","health":30,"id":4567155896}}
{"counter":6248,"type":"move","frame":{"millis":31372,"tic":1098},"actor":{"position":{"x":-10226368,"y":28666432,"z":0,"angle":3221225472,"subsector":4566993432},"type":"shotgun_soldier","health":30,"id":4567156160}}
{"counter":6249,"type":"move","frame":{"millis":31372,"tic":1098},"actor":{"position":{"x":-116608,"y":29953280,"z":0,"angle":2147483648,"subsector":4566993432},"type":"shotgun_soldier","health":30,"id":4567156424}}
{"counter":6250,"type":"move","frame":{"millis":31372,"tic":1098},"actor":{"position":{"x":8310336,"y":12189696,"z":0,"angle":2684354560,"subsector":4566993032},"type":"spectre","health":150,"id":4567162232}}
{"counter":6251,"type":"move","frame":{"millis":31400,"tic":1099},"actor":{"position":{"x":9965392,"y":26752554,"z":3670016,"angle":3187671040,"subsector":4566993496},"type":"player","health":46,"armor":58,"id":4567120880}}
{"counter":6252,"type":"move","frame":{"millis":31400,"tic":1099},"actor":{"position":{"x":9973717,"y":26335826,"z":3670016,"angle":3187671040,"subsector":4566993496},"type":"player","health":46,"armor":58,"id":4567120880}}
{"counter":6253,"type":"move","frame":{"millis":31400,"tic":1099},"actor":{"position":{"x":-810304,"y":27294656,"z":0,"angle":2147483648,"subsector":4566993432},"type":"imp","health":60,"id":4567132928}}
{"counter":6254,"type":"move","frame":{"millis":31400,"tic":1099},"actor":{"position":{"x":11713376,"y":17862976,"z":1048576,"angle":0,"subsector":4566993096},"type":"spectre","health":150,"id":4567137416}}
{"counter":6255,"type":"move","frame":{"millis":31400,"tic":1099},"actor":{"position":{"x":-28783040,"y":27210176,"z":0,"angle":3221225472,"subsector":4566993400},"type":"soldier","health":20,"id":4567138208}}
{"counter":6256,"type":"move","frame":{"millis":31400,"tic":1099},"actor":{"position":{"x":-3680576,"y":30011584,"z":0,"angle":2147483648,"subsector":4566993432},"type":"shotgun_soldier","health":30,"id":4567139792}}
{"counter":6257,"type":"move","frame":{"millis":31400,"tic":1099},"actor":{"position":{"x":54034944,"y":12406848,"z":0,"angle":0,"subsector":4566994424},"type":"spectre","health":150,"id":4567166984}}
{"counter":6258,"type":"move","frame":{"millis":31400,"tic":1099},"actor":{"position":{"x":12768384,"y":11237760,"z":0,"angle":2147483648,"subsector":4566993032},"type":"imp","health":60,"id":4567172264}}
{"counter":6259,"type":"move","frame":{"millis":31400,"tic":1099},"actor":{"position":{"x":1223040,"y":24434944,"z":0,"angle":0,"subsector":4566993432},"type":"shotgun_soldier","health":30,"id":4567172528}}
{"counter":6260,"type":"move","frame":{"millis":31429,"tic":1100},"actor":{"position":{"x":9981261,"y":25958166,"z":3670016,"angle":3170893824,"subsector":4566993480},"type":"player","health":46,"armor":58,"id":4567120880}}
{"counter":6261,"type":"move","frame":{"millis":31429,"tic":1100},"actor":{"position":{"x":-24816448,"y":51602880,"z":0,"angle":3221225472,"subsector":4566993384},"type":"soldier","health":20,"id":4567138736}}
{"counter":6262,"type":"move","frame":{"millis":31429,"tic":1100},"actor":{"position":{"x":-7138944,"y":29836672,"z":0,"angle":2147483648,"subsector":4566993432},"type":"soldier","health":20,"id":4567139528}}
{"counter":6263,"type":"move","frame":{"millis":31429,"tic":1100},"actor":{"position":{"x":-24313280,"y":56136000,"z":0,"angle":0,"subsector":4566993384},"type":"shotgun_soldier","health":30,"id":4567155368}}
{"counter":6264,"type":"move","frame":{"millis":31429,"tic":1100},"actor":{"position":{"x":8310336,"y":11534336,"z":0,"angle":3221225472,"subsector":4566993032},"type":"spectre","health":150,"id":4567162232}}
{"counter":6265,"type":"move","frame":{"millis":31458,"tic":1101},"actor":{"position":{"x":9981261,"y":25958166,"z":3670016,"angle":3170893824,"subsector":4566993480},"type":"player","health":46,"armor":58,"id":4567120880}}
{"counter":6266,"type":"move","frame":{"millis":31458,"tic":1101},"actor":{"position":{"x":9989146,"y":25630208,"z":3670016,"angle":3170893824,"subsector":4566993480},"type":"player","health":46,"armor":58,"id":4567120880}}
{"counter":6267,"type":"move","frame":{"millis":31458,"tic":1101},"actor":{"position":{"x":12368736,"y":17862976,"z":1048576,"angle":0,"subsector":4566993096},"type":"spectre","health":150,"id":4567137416}}
{"counter":6268,"type":"move","frame":{"millis":31458,"tic":1101},"actor":{"position":{"x":15935232,"y":9394944,"z":0,"angle":2684354560,"subsector":4566993048},"type":"shotgun_soldier","health":30,"id":4567137680}}
{"counter":6269,"type":"move","frame":{"millis":31458,"tic":1101},"actor":{"position":{"x":-9733760,"y":81036928,"z":0,"angle":3758096384,"subsector":4566996760},"type":"soldier","health":20,"id":4567139000}}
{"counter":6270,"type":"move","frame":{"millis":31458,"tic":1101},"actor":{"position":{"x":-13176064,"y":80284928,"z":0,"angle":3758096384,"subsector":4566996760},"type":"shotgun_soldier","health":30,"id":4567155104}}
{"counter":6271,"type":"move","frame":{"millis":31458,"tic":1101},"actor":{"position":{"x":-17042112,"y":53011392,"z":0,"angle":2684354560,"subsector":4566993320},"type":"shotgun_soldier","health":30,"id":4567155632}}
{"counter":6272,"type":"move","frame":{"millis":31458,"tic":1101},"actor":{"position":{"x":-21601856,"y":53239104,"z":0,"angle":2147483648,"subsector":4566993384},"type":"shotgun_soldier","health":30,"id":4567155896}}
{"counter":6273,"type":"move","frame":{"millis":31458,"tic":1101},"actor":{"position":{"x":-9850368,"y":28290432,"z":0,"angle":2684354560,"subsector":4566993432},"type":"shotgun_soldier","health":30,"id":4567156160}}
{"counter":6274,"type":"move","frame":{"millis":31458,"tic":1101},"actor":{"position":{"x":-640896,"y":29953280,"z":0,"angle":2147483648,"subsector":4566993432},"type":"shotgun_soldier","health":30,"id":4567156424}}
{"counter":6275,"type":"move","frame":{"millis":31458,"tic":1101},"actor":{"position":{"x":54690304,"y":12406848,"z":0,"angle":0,"subsector":4566994424},"type":"spectre","health":150,"id":4567166984}}
{"counter":6276,"type":"move","frame":{"millis":31487,"tic":1102},"actor":{"position":{"x":9989146,"y":25630208,"z":3670016,"angle":3170893824,"subsector":4566993480},"type":"player","health":46,"armor":58,"id":4567120880}}
{"counter":6277,"type":"move","frame":{"millis":31487,"tic":1102},"actor":{"position":{"x":9997490,"y":25349336,"z":3670016,"angle":3170893824,"subsector":4566993480},"type":"player","health":46,"armor":58,"id":4567120880}}
{"counter":6278,"type":"move","frame":{"millis":31487,"tic":1102},"actor":{"position":{"x":-286016,"y":27294656,"z":0,"angle":2684354560,"subsector":4566993432},"type":"imp","health":60,"id":4567132928}}
{"counter":6279,"type":"move","frame":{"millis":31487,"tic":1102},"actor":{"position":{"x":-3596096,"y":26961344,"z":0,"angle":0,"subsector":4566993432},"type":"soldier","health":20,"id":4567137944}}
{"counter":6280,"type":"move","frame":{"millis":31487,"tic":1102},"actor":{"position":{"x":-4204864,"y":30011584,"z":0,"angle":2147483648,"subsector":4566993432},"type":"shotgun_soldier","health":30,"id":4567139792}}
{"counter":6281,"type":"move","frame":{"millis":31487,"tic":1102},"actor":{"position":{"x":8310336,"y":10878976,"z":0,"angle":3221225472,"subsector":4566993032},"type":"spectre","health":150,"id":4567162232}}
{"counter":6282,"type":"attacked","frame":{"millis":31487,"tic":1102},"actor":{"position":{"x":12768384,"y":11237760,"z":0,"angle":2147483648,"subsector":4566993032},"type":"imp","health":60,"id":4567172264},"target":{"position":{"x":9997490,"y":25349336,"z":3670016,"angle":3170893824,"subsector":4566993480},"type":"player","health":46,"armor":58,"id":4567120880}}
{"counter":6283,"type":"move","frame":{"millis":31487,"tic":1102},"actor":{"position":{"x":1747328,"y":24434944,"z":0,"angle":0,"subsector":4566993432},"type":"shotgun_soldier","health":30,"id":4567172528}}
{"counter":6284,"type":"move","frame":{"millis":31515,"tic":1103},"actor":{"position":{"x":9997490,"y":25349336,"z":3670016,"angle":3170893824,"subsector":4566993480},"type":"player","health":46,"armor":58,"id":4567120880}}
{"counter":6285,"type":"move","frame":{"millis":31515,"tic":1103},"actor":{"position":{"x":10009247,"y":25151985,"z":3670016,"angle":3170893824,"subsector":4566993480},"type":"player","health":46,"armor":58,"id":4567120880}}
{"counter":6286,"type":"move","frame":{"millis":31515,"tic":1103},"actor":{"position":{"x":11898736,"y":17392976,"z":1048576,"angle":0,"subsector":4566993096},"type":"spectre","health":150,"id":4567137416}}
{"counter":6287,"type":"move","frame":{"millis":31515,"tic":1103},"actor":{"position":{"x":-28783040,"y":26685888,"z":0,"angle":3221225472,"subsector":4566993400},"type":"soldier","health":20,"id":4567138208}}
{"counter":6288,"type":"move","frame":{"millis":31515,"tic":1103},"actor":{"position":{"x":-24313280,"y":56660288,"z":0,"angle":536870912,"subsector":4566993384},"type":"shotgun_soldier","health":30,"id":4567155368}}
{"counter":6289,"type":"move","frame":{"millis":31515,"tic":1103},"actor":{"position":{"x":55345664,"y":12406848,"z":0,"angle":0,"subsector":4566994424},"type":"spectre","health":150,"id":4567166984}}
{"counter":6290,"type":"move","frame":{"millis":31543,"tic":1104},"actor":{"position":{"x":10021004,"y":24954634,"z":3670016,"angle":3170893824,"subsector":4566993480},"type":"player","health":46,"armor":58,"id":4567120880}}
{"counter":6291,"type":"move","frame":{"millis":31543,"tic":1104},"actor":{"position":{"x":15559232,"y":9018944,"z":0,"angle":2684354560,"subsector":4566993048},"type":"shotgun_soldier","health":30,"id":4567137680}}
{"counter":6292,"type":"move","frame":{"millis":31543,"tic":1104},"actor":{"position":{"x":-24292160,"y":51602880,"z":0,"angle":3758096384,"subsector":4566993384},"type":"soldier","health":20,"id":4567138736}}
{"counter":6293,"type":"move","frame":{"millis":31543,"tic":1104},"actor":{"position":{"x":-7138944,"y":29312384,"z":0,"angle":2147483648,"subsector":4566993432},"type":"soldier","health":20,"id":4567139528}}
{"counter":6294,"type":"move","frame":{"millis":31543,"tic":1104},"actor":{"position":{"x":-12800064,"y":79908928,"z":0,"angle":3758096384,"subsector":4566996760},"type":"shotgun_soldier","health":30,"id":4567155104}}
{"counter":6295,"type":"move","frame":{"millis":31543,"tic":1104},"actor":{"position":{"x":-17566400,"y":53011392,"z":0,"angle":2147483648,"subsector":4566993320},"type":"shotgun_soldier","health":30,"id":4567155632}}
{"counter":6296,"type":"move","frame":{"millis":31543,"tic":1104},"actor":{"position":{"x":-21225856,"y":53615104,"z":0,"angle":1610612736,"subsector":4566993384},"type":"shotgun_soldier","health":30,"id":4567155896}}
{"counter":6297,"type":"move","frame":{"millis":31543,"tic":1104},"actor":{"position":{"x":-9850368,"y":27766144,"z":0,"angle":3221225472,"subsector":4566993432},"type":"shotgun_soldier","health":30,"id":4567156160}}
{"counter":6298,"type":"move","frame":{"millis":31543,"tic":1104},"actor":{"position":{"x":-1165184,"y":29953280,"z":0,"angle":2147483648,"subsector":4566993432},"type":"shotgun_soldier","health":30,"id":4567156424}}
{"counter":6299,"type":"move","frame":{"millis":31543,"tic":1104},"actor":{"position":{"x":8310336,"y":10223616,"z":0,"angle":3221225472,"subsector":4566993032},"type":"spectre","health":150,"id":4567162232}}
{"counter":6300,"type":"move","frame":{"millis":31572,"tic":1105},"actor":{"position":{"x":10032761,"y":24757283,"z":3538944,"angle":3170893824,"subsector":4566993480},"type":"player","health":46,"armor":58,"id":4567120880}}
{"counter":6301,"type":"move","frame":{"millis":31572,"tic":1105},"actor":{"position":{"x":238272,"y":27294656,"z":0,"angle":3221225472,"subsector":4566993432},"type":"imp","health":60,"id":4567132928}}
{"counter":6302,"type":"move","frame":{"millis":31572,"tic":1105},"actor":{"position":{"x":11428736,"y":16922976,"z":1048576,"angle":3758096384,"subsector":4566993096},"type":"spectre","health":150,"id":4567137416}}
{"counter":6303,"type":"move","frame":{"millis":31572,"tic":1105},"actor":{"position":{"x":-9357760,"y":80660928,"z":0,"angle":3758096384,"subsector":4566996760},"type":"soldier","health":20,"id":4567139000}}
{"counter":6304,"type":"move","frame":{"millis":31572,"tic":1105},"actor":{"position":{"x":-3828864,"y":29635584,"z":0,"angle":2147483648,"subsector":4566993432},"type":"shotgun_soldier","health":30,"id":4567139792}}
{"counter":6305,"type":"move","frame":{"millis":31572,"tic":1105},"actor":{"position":{"x":56001024,"y":12406848,"z":0,"angle":0,"subsector":4566994424},"type":"spectre","health":150,"id":4567166984}}
{"counter":6306,"type":"move","frame":{"millis":31572,"tic":1105},"actor":{"position":{"x":2271616,"y":24434944,"z":0,"angle":0,"subsector":4566993432},"type":"shotgun_soldier","health":30,"id":4567172528}}
{"counter":6307,"type":"move","frame":{"millis":31600,"tic":1106},"actor":{"position":{"x":10044518,"y":24559932,"z":3342336,"angle":3170893824,"subsector":4566993464},"type":"player","health":46,"armor":58,"id":4567120880}}
{"counter":6308,"type":"move","frame":{"millis":31600,"tic":1106},"actor":{"position":{"x":-3071808,"y":26961344,"z":0,"angle":0,"subsector":4566993432},"type":"soldier","health":20,"id":4567137944}}
{"counter":6309,"type":"move","frame":{"millis":31600,"tic":1106},"actor":{"position":{"x":-24313280,"y":57184576,"z":0,"angle":1073741824,"subsector":4566993384},"type":"shotgun_soldier","health":30,"id":4567155368}}
{"counter":6310,"type":"move","frame":{"millis":31600,"tic":1106},"actor":{"position":{"x":8780336,"y":10693616,"z":0,"angle":3221225472,"subsector":4566993032},"type":"spectre","health":150,"id":4567162232}}
{"counter":6311,"type":"move","frame":{"millis":31629,"tic":1107},"actor":{"position":{"x":10044518,"y":24559932,"z":3145728,"angle":3170893824,"subsector":4566993464},"type":"player","health":46,"armor":58,"id":4567120880}}
{"counter":6312,"type":"move","frame":{"millis":31629,"tic":1107},"actor":{"position":{"x":10059872,"y":24411601,"z":3145728,"angle":3170893824,"subsector":4566993464},"type":"player","health":46,"armor":58,"id":4567120880}}
{"counter":6313,"type":"move","frame":{"millis":31629,"tic":1107},"actor":{"position":{"x":10958736,"y":16452976,"z":1048576,"angle":3221225472,"subsector":4566993032},"type":"spectre","health":150,"id":4567137416}}
{"counter":6314,"type":"move","frame":{"millis":31629,"tic":1107},"actor":{"position":{"x":15559232,"y":9543232,"z":0,"angle":2684354560,"subsector":4566993048},"type":"shotgun_soldier","health":30,"id":4567137680}}
{"counter":6315,"type":"move","frame":{"millis":31629,"tic":1107},"actor":{"position":{"x":-28407040,"y":26309888,"z":0,"angle":3221225472,"subsector":4566993400},"type":"soldier","health":20,"id":4567138208}}
{"counter":6316,"type":"move","frame":{"millis":31629,"tic":1107},"actor":{"position":{"x":-12424064,"y":79532928,"z":0,"angle":3758096384,"subsector":4566996760},"type":"shotgun_soldier","health":30,"id":4567155104}}
{"counter":6317,"type":"move","frame":{"millis":31629,"tic":1107},"actor":{"position":{"x":-18090688,"y":53011392,"z":0,"angle":2147483648,"subsector":4566993320},"type":"shotgun_soldier","health":30,"id":4567155632}}
{"counter":6318,"type":"move","frame":{"millis":31629,"tic":1107},"actor":{"position":{"x":-20849856,"y":53991104,"z":0,"angle":1073741824,"subsector":4566993320},"type":"shotgun_soldier","health":30,"id":4567155896}}
{"counter":6319,"type":"move","frame":{"millis":31629,"tic":1107},"actor":{"position":{"x":-9850368,"y":27241856,"z":0,"angle":3221225472,"subsector":4566993432},"type":"shotgun_soldier","health":30,"id":4567156160}}
{"counter":6320,"type":"move","frame":{"millis":31629,"tic":1107},"actor":{"position":{"x":-640896,"y":29953280,"z":0,"angle":2147483648,"subsector":4566993432},"type":"shotgun_soldier","health":30,"id":4567156424}}
{"counter":6321,"type":"move","frame":{"millis":31629,"tic":1107},"actor":{"position":{"x":56656384,"y":12406848,"z":0,"angle":0,"subsector":4566994424},"type":"spectre","health":150,"id":4567166984}}
{"counter":6322,"type":"move","frame":{"millis":31658,"tic":1108},"actor":{"position":{"x":10059872,"y":24411601,"z":3145728,"angle":3170893824,"subsector":4566993464},"type":"player","health":46,"armor":58,"id":4567120880}}
{"weapon_type":2,"counter":6323,"type":"attacked","frame":{"millis":31658,"tic":1108},"actor":{"position":{"x":10059872,"y":24411601,"z":3145728,"angle":3170893824,"subsector":4566993464},"type":"player","health":46,"armor":58,"id":4567120880}}
{"counter":6324,"type":"move","frame":{"millis":31658,"tic":1108},"actor":{"position":{"x":10075284,"y":24297601,"z":3145728,"angle":3170893824,"subsector":4566993464},"type":"player","health":46,"armor":58,"id":4567120880}}
{"counter":6325,"type":"move","frame":{"millis":31658,"tic":1108},"actor":{"position":{"x":762560,"y":27294656,"z":0,"angle":3758096384,"subsector":4566993432},"type":"imp","health":60,"id":4567132928}}
{"counter":6326,"type":"move","frame":{"millis":31658,"tic":1108},"actor":{"position":{"x":-23916160,"y":51978880,"z":0,"angle":0,"subsector":4566993384},"type":"soldier","health":20,"id":4567138736}}
{"counter":6327,"type":"move","frame":{"millis":31658,"tic":1108},"actor":{"position":{"x":-7138944,"y":28788096,"z":0,"angle":2684354560,"subsector":4566993432},"type":"soldier","health":20,"id":4567139528}}
{"counter":6328,"type":"move","frame":{"millis":31658,"tic":1108},"actor":{"position":{"x":-3304576,"y":29635584,"z":0,"angle":2684354560,"subsector":4566993432},"type":"shotgun_soldier","health":30,"id":4567139792}}
{"counter":6329,"type":"move","frame":{"millis":31658,"tic":1108},"actor":{"position":{"x":9250336,"y":11163616,"z":0,"angle":3758096384,"subsector":4566993032},"type":"spectre","health":150,"id":4567162232}}
{"counter":6330,"type":"move","frame":{"millis":31658,"tic":1108},"actor":{"position":{"x":2795904,"y":24434944,"z":0,"angle":0,"subsector":4566993432},"type":"shotgun_soldier","health":30,"id":4567172528}}
{"counter":6331,"type":"move","frame":{"millis":31686,"tic":1109},"actor":{"position":{"x":10075284,"y":24297601,"z":3145728,"angle":3170893824,"subsector":4566993464},"type":"player","health":46,"armor":58,"id":4567120880}}
{"counter":6332,"type":"move","frame":{"millis":31686,"tic":1109},"actor":{"position":{"x":10090150,"y":24206543,"z":3145728,"angle":3170893824,"subsector":4566993464},"type":"player","health":46,"armor":58,"id":4567120880}}
{"counter":6333,"type":"move","frame":{"millis":31686,"tic":1109},"actor":{"position":{"x":10488736,"y":15982976,"z":1048576,"angle":2684354560,"subsector":4566993032},"type":"spectre","health":150,"id":4567137416}}
{"counter":6334,"type":"move","frame":{"millis":31686,"tic":1109},"actor":{"position":{"x":-8981760,"y":80284928,"z":0,"angle":3758096384,"subsector":4566996760},"type":"soldier","health":20,"id":4567139000}}
{"counter":6335,"type":"move","frame":{"millis":31686,"tic":1109},"actor":{"position":{"x":-24313280,"y":57708864,"z":0,"angle":1073741824,"subsector":4566993384},"type":"shotgun_soldier","health":30,"id":4567155368}}
{"counter":6336,"type":"move","frame":{"millis":31686,"tic":1109},"actor":{"position":{"x":57311744,"y":12406848,"z":0,"angle":0,"subsector":4566994424},"type":"spectre","health":150,"id":4567166984}}
{"counter":6337,"type":"move","frame":{"millis":31715,"tic":1110},"actor":{"position":{"x":10090150,"y":24206543,"z":3145728,"angle":3187671040,"subsector":4566993464},"type":"player","health":46,"armor":58,"id":4567120880}}
{"counter":6338,"type":"move","frame":{"millis":31715,"tic":1110},"actor":{"position":{"x":10105416,"y":24160841,"z":3145728,"angle":3187671040,"subsector":4566993464},"type":"player","health":46,"armor":58,"id":4567120880}}
{"counter":6339,"type":"move","frame":{"millis":31715,"tic":1110},"actor":{"position":{"x":15559232,"y":10067520,"z":0,"angle":2147483648,"subsector":4566993048},"type":"shotgun_soldier","health":30,"id":4567137680}}
{"counter":6340,"type":"move","frame":{"millis":31715,"tic":1110},"actor":{"position":{"x":-2547520,"y":26961344,"z":0,"angle":0,"subsector":4566993432},"type":"soldier","health":20,"id":4567137944}}
{"counter":6341,"type":"move","frame":{"millis":31715,"tic":1110},"actor":{"position":{"x":-12048064,"y":79156928,"z":0,"angle":3758096384,"subsector":4566996760},"type":"shotgun_soldier","health":30,"id":4567155104}}
{"counter":6342,"type":"move","frame":{"millis":31715,"tic":1110},"actor":{"position":{"x":-17714688,"y":53387392,"z":0,"angle":2147483648,"subsector":4566993320},"type":"shotgun_soldier","health":30,"id":4567155632}}
{"counter":6343,"type":"move","frame":{"millis":31715,"tic":1110},"actor":{"position":{"x":-20473856,"y":54367104,"z":0,"angle":536870912,"subsector":4566993320},"type":"shotgun_soldier","health":30,"id":4567155896}}
{"counter":6344,"type":"move","frame":{"millis":31715,"tic":1110},"actor":{"position":{"x":-9850368,"y":26717568,"z":0,"angle":3221225472,"subsector":4566993432},"type":"shotgun_soldier","health":30,"id":4567156160}}
{"counter":6345,"type":"move","frame":{"millis":31715,"tic":1110},"actor":{"position":{"x":-116608,"y":29953280,"z":0,"angle":2684354560,"subsector":4566993432},"type":"shotgun_soldier","health":30,"id":4567156424}}
{"counter":6346,"type":"move","frame":{"millis":31715,"tic":1110},"actor":{"position":{"x":9250336,"y":11818976,"z":0,"angle":0,"subsector":4566993032},"type":"spectre","health":150,"id":4567162232}}
{"counter":6347,"type":"move","frame":{"millis":31743,"tic":1111},"actor":{"position":{"x":10105416,"y":24160841,"z":3145728,"angle":3204448256,"subsector":4566993464},"type":"player","health":46,"armor":58,"id":4567120880}}
{"damage":15,"counter":6348,"type":"hit","frame":{"millis":31743,"tic":1111},"actor":{"position":{"x":10105416,"y":24160841,"z":3145728,"angle":3204448256,"subsector":4566993464},"type":"player","health":46,"armor":58,"id":4567120880},"target":{"position":{"x":10488736,"y":15982976,"z":524288,"angle":2684354560,"subsector":4566993032},"type":"spectre","health":135,"id":4567137416}}
{"counter":6349,"type":"targeted","frame":{"millis":31743,"tic":1111},"actor":{"position":{"x":10105416,"y":24160841,"z":3145728,"angle":3204448256,"subsector":4566993464},"type":"player","health":46,"armor":58,"id":4567120880},"target":{"position":{"x":10488736,"y":15982976,"z":524288,"angle":2684354560,"subsector":4566993032},"type":"spectre","health":135,"id":4567137416}}
{"damage":15,"counter":6350,"type":"hit","frame":{"millis":31743,"tic":1111},"actor":{"position":{"x":10105416,"y":24160841,"z":3145728,"angle":3204448256,"subsector":4566993464},"type":"player","health":46,"armor":58,"id":4567120880},"target":{"position":{"x":10488736,"y":15982976,"z":524288,"angle":2684354560,"subsector":4566993032},"type":"spectre","health":120,"id":4567137416}}
{"damage":5,"counter":6351,"type":"hit","frame":{"millis":31743,"tic":1111},"actor":{"position":{"x":10105416,"y":24160841,"z":3145728,"angle":3204448256,"subsector":4566993464},"type":"player","health":46,"armor":58,"id":4567120880},"target":{"position":{"x":10488736,"y":15982976,"z":524288,"angle":2684354560,"subsector":4566993032},"type":"spectre","health":115,"id":4567137416}}
{"damage":15,"counter":6352,"type":"hit","frame":{"millis":31743,"tic":1111},"actor":{"position":{"x":10105416,"y":24160841,"z":3145728,"angle":3204448256,"subsector":4566993464},"type":"player","health":46,"armor":58,"id":4567120880},"target":{"position":{"x":10488736,"y":15982976,"z":524288,"angle":2684354560,"subsector":4566993032},"type":"spectre","health":100,"id":4567137416}}
{"damage":5,"counter":6353,"type":"hit","frame":{"millis":31743,"tic":1111},"actor":{"position":{"x":10105416,"y":24160841,"z":3145728,"angle":3204448256,"subsector":4566993464},"type":"player","health":46,"armor":58,"id":4567120880},"target":{"position":{"x":10488736,"y":15982976,"z":524288,"angle":2684354560,"subsector":4566993032},"type":"spectre","health":95,"id":4567137416}}
{"damage":15,"counter":6354,"type":"hit","frame":{"millis":31743,"tic":1111},"actor":{"position":{"x":10105416,"y":24160841,"z":3145728,"angle":3204448256,"subsector":4566993464},"type":"player","health":46,"armor":58,"id":4567120880},"target":{"position":{"x":10488736,"y":15982976,"z":524288,"angle":2684354560,"subsector":4566993032},"type":"spectre","health":80,"id":4567137416}}
{"damage":10,"counter":6355,"type":"hit","frame":{"millis":31743,"tic":1111},"actor":{"position":{"x":10105416,"y":24160841,"z":3145728,"angle":3204448256,"subsector":4566993464},"type":"player","health":46,"armor":58,"id":4567120880},"target":{"position":{"x":10488736,"y":15982976,"z":524288,"angle":2684354560,"subsector":4566993032},"type":"spectre","health":70,"id":4567137416}}
{"counter":6356,"type":"move","frame":{"millis":31743,"tic":1111},"actor":{"position":{"x":10119398,"y":24125565,"z":3145728,"angle":3204448256,"subsector":4566993464},"type":"player","health":46,"armor":58,"id":4567120880}}
{"counter":6357,"type":"move","frame":{"millis":31743,"tic":1111},"actor":{"position":{"x":1286848,"y":27294656,"z":0,"angle":0,"subsector":4566993432},"type":"imp","health":60,"id":4567132928}}
{"counter":6358,"type":"move","frame":{"millis":31743,"tic":1111},"actor":{"position":{"x":10496329,"y":15819312,"z":524288,"angle":2684354560,"subsector":4566993032},"type":"spectre","health":70,"id":4567137416}}
{"counter":6359,"type":"move","frame":{"millis":31743,"tic":1111},"actor":{"position":{"x":-28031040,"y":25933888,"z":0,"angle":3758096384,"subsector":4566993400},"type":"soldier","health":20,"id":4567138208}}
{"counter":6360,"type":"move","frame":{"millis":31743,"tic":1111},"actor":{"position":{"x":-2780288,"y":29635584,"z":0,"angle":3221225472,"subsector":4566993432},"type":"shotgun_soldier","health":30,"id":4567139792}}
{"counter":6361,"type":"move","frame":{"millis":31743,"tic":1111},"actor":{"position":{"x":57967104,"y":12406848,"z":0,"angle":0,"subsector":4566994424},"type":"spectre","health":150,"id":4567166984}}
{"counter":6362,"type":"move","frame":{"millis":31743,"tic":1111},"actor":{"position":{"x":2271616,"y":24434944,"z":0,"angle":0,"subsector":4566993432},"type":"shotgun_soldier","health":30,"id":4567172528}}
{"counter":6363,"type":"move","frame":{"millis":31772,"tic":1112},"actor":{"position":{"x":10119398,"y":24125565,"z":3145728,"angle":3204448256,"subsector":4566993464},"type":"player","health":46,"armor":58,"id":4567120880}}
{"counter":6364,"type":"move","frame":{"millis":31772,"tic":1112},"actor":{"position":{"x":10132118,"y":24095643,"z":3145728,"angle":3204448256,"subsector":4566993464},"type":"player","health":46,"armor":58,"id":4567120880}}
{"counter":6365,"type":"move","frame":{"millis":31772,"tic":1112},"actor":{"position":{"x":10496329,"y":15819312,"z":524288,"angle":2684354560,"subsector":4566993032},"type":"spectre","health":70,"id":4567137416}}
{"counter":6366,"type":"move","frame":{"millis":31775,"tic":1112},"actor":{"position":{"x":-23540160,"y":52354880,"z":0,"angle":536870912,"subsector":4566993384},"type":"soldier","health":20,"id":4567138736}}
{"counter":6367,"type":"move","frame":{"millis":31775,"tic":1112},"actor":{"position":{"x":-7138944,"y":28263808,"z":0,"angle":3221225472,"subsector":4566993432},"type":"soldier","health":20,"id":4567139528}}
{"counter":6368,"type":"move","frame":{"millis":31775,"tic":1112},"actor":{"position":{"x":-23937280,"y":57332864,"z":0,"angle":1073741824,"subsector":4566993384},"type":"shotgun_soldier","health":30,"id":4567155368}}
{"counter":6369,"type":"move","frame":{"millis":31775,"tic":1112},"actor":{"position":{"x":8594976,"y":11818976,"z":0,"angle":536870912,"subsector":4566993032},"type":"spectre","health":150,"id":4567162232}}
{"counter":6370,"type":"move","frame":{"millis":31800,"tic":1113},"actor":{"position":{"x":10132118,"y":24095643,"z":3145728,"angle":3204448256,"subsector":4566993464},"type":"player","health":46,"armor":58,"id":4567120880}}
{"counter":6371,"type":"move","frame":{"millis":31800,"tic":1113},"actor":{"position":{"x":10143397,"y":24058289,"z":3145728,"angle":3204448256,"subsector":4566993464},"type":"player","health":46,"armor":58,"id":4567120880}}
{"counter":6372,"type":"move","frame":{"millis":31800,"tic":1113},"actor":{"position":{"x":15559232,"y":10591808,"z":0,"angle":1610612736,"subsector":4566993048},"type":"shotgun_soldier","health":30,"id":4567137680}}
{"counter":6373,"type":"move","frame":{"millis":31800,"tic":1113},"actor":{"position":{"x":-8605760,"y":79908928,"z":0,"angle":3758096384,"subsector":4566996760},"type":"soldier","health":20,"id":4567139000}}
{"counter":6374,"type":"move","frame":{"millis":31800,"tic":1113},"actor":{"position":{"x":-11523776,"y":79156928,"z":0,"angle":3758096384,"subsector":4566996760},"type":"shotgun_soldier","health":30,"id":4567155104}}
{"counter":6375,"type":"move","frame":{"millis":31800,"tic":1113},"actor":{"position":{"x":-17338688,"y":53763392,"z":0,"angle":1610612736,"subsector":4566993320},"type":"shotgun_soldier","health":30,"id":4567155632}}
{"counter":6376,"type":"move","frame":{"millis":31800,"tic":1113},"actor":{"position":{"x":-20097856,"y":54743104,"z":0,"angle":536870912,"subsector":4566993320},"type":"shotgun_soldier","health":30,"id":4567155896}}
{"counter":6377,"type":"move","frame":{"millis":31800,"tic":1113},"actor":{"position":{"x":-9850368,"y":26193280,"z":0,"angle":3221225472,"subsector":4566993432},"type":"shotgun_soldier","health":30,"id":4567156160}}
{"counter":6378,"type":"move","frame":{"millis":31800,"tic":1113},"actor":{"position":{"x":407680,"y":29953280,"z":0,"angle":3221225472,"subsector":4566993432},"type":"shotgun_soldier","health":30,"id":4567156424}}
{"counter":6379,"type":"move","frame":{"millis":31800,"tic":1113},"actor":{"position":{"x":57497104,"y":12876848,"z":0,"angle":0,"subsector":4566994424},"type":"spectre","health":150,"id":4567166984}}
{"counter":6380,"type":"move","frame":{"millis":31829,"tic":1114},"actor":{"position":{"x":10153618,"y":24024436,"z":3145728,"angle":3204448256,"subsector":4566993464},"type":"player","health":46,"armor":58,"id":4567120880}}
{"counter":6381,"type":"move","frame":{"millis":31829,"tic":1114},"actor":{"position":{"x":1811136,"y":27294656,"z":0,"angle":0,"subsector":4566993432},"type":"imp","health":60,"id":4567132928}}
{"counter":6382,"type":"move","frame":{"millis":31829,"tic":1114},"actor":{"position":{"x":10496329,"y":16474672,"z":524288,"angle":2684354560,"subsector":4566993032},"type":"spectre","health":70,"id":4567137416}}
{"counter":6383,"type":"move","frame":{"millis":31829,"tic":1114},"actor":{"position":{"x":-2023232,"y":26961344,"z":0,"angle":0,"subsector":4566993432},"type":"soldier","health":20,"id":4567137944}}
{"counter":6384,"type":"move","frame":{"millis":31829,"tic":1114},"actor":{"position":{"x":-2256000,"y":29635584,"z":0,"angle":3758096384,"subsector":4566993432},"type":"shotgun_soldier","health":30,"id":4567139792}}
{"counter":6385,"type":"move","frame":{"millis":31829,"tic":1114},"actor":{"position":{"x":9064976,"y":12288976,"z":0,"angle":1073741824,"subsector":4566993032},"type":"spectre","health":150,"id":4567162232}}
{"counter":6386,"type":"move","frame":{"millis":31829,"tic":1114},"actor":{"position":{"x":1747328,"y":24434944,"z":0,"angle":536870912,"subsector":4566993432},"type":"shotgun_soldier","health":30,"id":4567172528}}
{"counter":6387,"type":"move","frame":{"millis":31858,"tic":1115},"actor":{"position":{"x":10153618,"y":24024436,"z":3145728,"angle":3204448256,"subsector":4566993464},"type":"player","health":46,"armor":58,"id":4567120880}}
{"counter":6388,"type":"move","frame":{"millis":31858,"tic":1115},"actor":{"position":{"x":10162830,"y":23991708,"z":3145728,"angle":3204448256,"subsector":4566993464},"type":"player","health":46,"armor":58,"id":4567120880}}
{"counter":6389,"type":"move","frame":{"millis":31858,"tic":1115},"actor":{"position":{"x":-27655040,"y":25557888,"z":0,"angle":3758096384,"subsector":4566993400},"type":"soldier","health":20,"id":4567138208}}
{"counter":6390,"type":"move","frame":{"millis":31858,"tic":1115},"actor":{"position":{"x":-23561280,"y":56956864,"z":0,"angle":536870912,"subsector":4566993384},"type":"shotgun_soldier","health":30,"id":4567155368}}
{"counter":6391,"type":"move","frame":{"millis":31858,"tic":1115},"actor":{"position":{"x":57027104,"y":13346848,"z":0,"angle":536870912,"subsector":4566994424},"type":"spectre","health":150,"id":4567166984}}
{"counter":6392,"type":"move","frame":{"millis":31886,"tic":1116},"actor":{"position":{"x":10171178,"y":23962048,"z":3145728,"angle":3204448256,"subsector":4566993464},"type":"player","health":46,"armor":58,"id":4567120880}}
{"counter":6393,"type":"move","frame":{"millis":31886,"tic":1116},"actor":{"position":{"x":10496329,"y":17130032,"z":1048576,"angle":2147483648,"subsector":4566993096},"type":"spectre","health":70,"id":4567137416}}
{"counter":6394,"type":"move","frame":{"millis":31886,"tic":1116},"actor":{"position":{"x":15559232,"y":11116096,"z":0,"angle":1073741824,"subsector":4566993048},"type":"shotgun_soldier","health":30,"id":4567137680}}
{"counter":6395,"type":"move","frame":{"millis":31886,"tic":1116},"actor":{"position":{"x":-23164160,"y":52730880,"z":0,"angle":536870912,"subsector":4566993384},"type":"soldier","health":20,"id":4567138736}}
{"counter":6396,"type":"move","frame":{"millis":31886,"tic":1116},"actor":{"position":{"x":-7138944,"y":27739520,"z":0,"angle":3221225472,"subsector":4566993432},"type":"soldier","health":20,"id":4567139528}}
{"counter":6397,"type":"move","frame":{"millis":31886,"tic":1116},"actor":{"position":{"x":-11523776,"y":79681216,"z":0,"angle":0,"subsector":4566996760},"type":"shotgun_soldier","health":30,"id":4567155104}}
{"counter":6398,"type":"move","frame":{"millis":31886,"tic":1116},"actor":{"position":{"x":-16962688,"y":54139392,"z":0,"angle":1073741824,"subsector":4566993320},"type":"shotgun_soldier","health":30,"id":4567155632}}
{"counter":6399,"type":"move","frame":{"millis":31886,"tic":1116},"actor":{"position":{"x":-19721856,"y":55119104,"z":0,"angle":536870912,"subsector":4566993320},"type":"shotgun_soldier","health":30,"id":4567155896}}
{"counter":6400,"type":"move","frame":{"millis":31886,"tic":1116},"actor":{"position":{"x":-9850368,"y":25668992,"z":0,"angle":3221225472,"subsector":4566993432},"type":"shotgun_soldier","health":30,"id":4567156160}}
{"counter":6401,"type":"move","frame":{"millis":31886,"tic":1116},"actor":{"position":{"x":931968,"y":29953280,"z":0,"angle":3758096384,"subsector":4566993432},"type":"shotgun_soldier","health":30,"id":4567156424}}
{"counter":6402,"type":"move","frame":{"millis":31886,"tic":1116},"actor":{"position":{"x":9064976,"y":12944336,"z":0,"angle":536870912,"subsector":4566993032},"type":"spectre","health":150,"id":4567162232}}
{"counter":6403,"type":"move","frame":{"millis":31915,"tic":1117},"actor":{"position":{"x":10178743,"y":23935168,"z":3145728,"angle":3204448256,"subsector":4566993464},"type":"player","health":46,"armor":58,"id":4567120880}}
{"counter":6404,"type":"move","frame":{"millis":31915,"tic":1117},"actor":{"position":{"x":2335424,"y":27294656,"z":0,"angle":0,"subsector":4566993432},"type":"imp","health":60,"id":4567132928}}
{"counter":6405,"type":"move","frame":{"millis":31915,"tic":1117},"actor":{"position":{"x":-8605760,"y":79384640,"z":0,"angle":3758096384,"subsector":4566996760},"type":"soldier","health":20,"id":4567139000}}
{"counter":6406,"type":"move","frame":{"millis":31915,"tic":1117},"actor":{"position":{"x":-1731712,"y":29635584,"z":0,"angle":0,"subsector":4566993432},"type":"shotgun_soldier","health":30,"id":4567139792}}
{"counter":6407,"type":"move","frame":{"millis":31915,"tic":1117},"actor":{"position":{"x":56557104,"y":13816848,"z":0,"angle":1073741824,"subsector":4566994408},"type":"spectre","health":150,"id":4567166984}}
{"counter":6408,"type":"move","frame":{"millis":31915,"tic":1117},"actor":{"position":{"x":1223040,"y":24434944,"z":0,"angle":1073741824,"subsector":4566993432},"type":"shotgun_soldier","health":30,"id":4567172528}}
{"counter":6409,"type":"move","frame":{"millis":31944,"tic":1118},"actor":{"position":{"x":10178743,"y":23935168,"z":3145728,"angle":3204448256,"subsector":4566993464},"type":"player","health":46,"armor":58,"id":4567120880}}
{"counter":6410,"type":"move","frame":{"millis":31944,"tic":1118},"actor":{"position":{"x":10185696,"y":23914902,"z":3145728,"angle":3204448256,"subsector":4566993464},"type":"player","health":46,"armor":58,"id":4567120880}}
{"counter":6411,"type":"move","frame":{"millis":31944,"tic":1118},"actor":{"position":{"x":10496329,"y":17785392,"z":1048576,"angle":1610612736,"subsector":4566993096},"type":"spectre","health":70,"id":4567137416}}
{"counter":6412,"type":"move","frame":{"millis":31944,"tic":1118},"actor":{"position":{"x":-1498944,"y":26961344,"z":0,"angle":0,"subsector":4566993432},"type":"soldier","health":20,"id":4567137944}}
{"counter":6413,"type":"move","frame":{"millis":31944,"tic":1118},"actor":{"position":{"x":-23185280,"y":56580864,"z":0,"angle":0,"subsector":4566993384},"type":"shotgun_soldier","health":30,"id":4567155368}}
{"counter":6414,"type":"move","frame":{"millis":31944,"tic":1118},"actor":{"position":{"x":9064976,"y":13599696,"z":0,"angle":1073741824,"subsector":4566993032},"type":"spectre","health":150,"id":4567162232}}
{"counter":6415,"type":"move","frame":{"millis":31944,"tic":1118},"actor":{"position":{"x":12572544,"y":12201090,"z":2172050,"angle":1211047840,"subsector":4566993032},"type":"imp_fireball","health":1000,"id":4567674584}}
{"counter":6416,"type":"move","frame":{"millis":31973,"tic":1119},"actor":{"position":{"x":10191997,"y":23896535,"z":3145728,"angle":3204448256,"subsector":4566993464},"type":"player","health":46,"armor":58,"id":4567120880}}
{"counter":6417,"type":"move","frame":{"millis":31973,"tic":1119},"actor":{"position":{"x":15935232,"y":10740096,"z":0,"angle":1073741824,"subsector":4566993048},"type":"shotgun_soldier","health":30,"id":4567137680}}
{"counter":6418,"type":"move","frame":{"millis":31973,"tic":1119},"actor":{"position":{"x":-27279040,"y":25181888,"z":0,"angle":3758096384,"subsector":4566993400},"type":"soldier","health":20,"id":4567138208}}
{"counter":6419,"type":"move","frame":{"millis":31973,"tic":1119},"actor":{"position":{"x":-11523776,"y":80205504,"z":0,"angle":536870912,"subsector":4566996760},"type":"shotgun_soldier","health":30,"id":4567155104}}
{"counter":6420,"type":"move","frame":{"millis":31973,"tic":1119},"actor":{"position":{"x":-16586688,"y":54515392,"z":0,"angle":536870912,"subsector":4566993320},"type":"shotgun_soldier","health":30,"id":4567155632}}
{"counter":6421,"type":"move","frame":{"millis":31973,"tic":1119},"actor":{"position":{"x":-19345856,"y":55495104,"z":0,"angle":536870912,"subsector":4566993320},"type":"shotgun_soldier","health":30,"id":4567155896}}
{"counter":6422,"type":"move","frame":{"millis":31973,"tic":1119},"actor":{"position":{"x":-9850368,"y":25144704,"z":0,"angle":3221225472,"subsector":4566993432},"type":"shotgun_soldier","health":30,"id":4567156160}}
{"counter":6423,"type":"move","frame":{"millis":31973,"tic":1119},"actor":{"position":{"x":1456256,"y":29953280,"z":0,"angle":0,"subsector":4566993432},"type":"shotgun_soldier","health":30,"id":4567156424}}
{"counter":6424,"type":"move","frame":{"millis":31973,"tic":1119},"actor":{"position":{"x":56557104,"y":14472208,"z":0,"angle":1610612736,"subsector":4566994408},"type":"spectre","health":150,"id":4567166984}}
{"counter":6425,"type":"move","frame":{"millis":31973,"tic":1119},"actor":{"position":{"x":12441984,"y":12843310,"z":2321846,"angle":1211047840,"subsector":4566993032},"type":"imp_fireball","health":1000,"id":4567674584}}
{"counter":6426,"type":"move","frame":{"millis":32000,"tic":1120},"actor":{"position":{"x":10191997,"y":23896535,"z":3145728,"angle":3204448256,"subsector":4566993464},"type":"player","health":46,"armor":58,"id":4567120880}}
{"counter":6427,"type":"move","frame":{"millis":32000,"tic":1120},"actor":{"position":{"x":10197410,"y":23867604,"z":3145728,"angle":3204448256,"subsector":4566993464},"type":"player","health":46,"armor":58,"id":4567120880}}
{"counter":6428,"type":"move","frame":{"millis":32000,"tic":1120},"actor":{"position":{"x":2859712,"y":27294656,"z":0,"angle":0,"subsector":4566993432},"type":"imp","health":60,"id":4567132928}}
{"counter":6429,"type":"move","frame":{"millis":32000,"tic":1120},"actor":{"position":{"x":9840969,"y":17785392,"z":1048576,"angle":1073741824,"subsector":4566993096},"type":"spectre","health":70,"id":4567137416}}
{"counter":6430,"type":"move","frame":{"millis":32000,"tic":1120},"actor":{"position":{"x":-22788160,"y":53106880,"z":0,"angle":536870912,"subsector":4566993384},"type":"soldier","health":20,"id":4567138736}}
{"counter":6431,"type":"move","frame":{"millis":32000,"tic":1120},"actor":{"position":{"x":-7138944,"y":27215232,"z":0,"angle":3221225472,"subsector":4566993432},"type":"soldier","health":20,"id":4567139528}}
{"counter":6432,"type":"move","frame":{"millis":32000,"tic":1120},"actor":{"position":{"x":-1207424,"y":29635584,"z":0,"angle":0,"subsector":4566993432},"type":"shotgun_soldier","health":30,"id":4567139792}}
{"counter":6433,"type":"move","frame":{"millis":32000,"tic":1120},"actor":{"position":{"x":8594976,"y":13129696,"z":0,"angle":1073741824,"subsector":4566993032},"type":"spectre","health":150,"id":4567162232}}
{"counter":6434,"type":"move","frame":{"millis":32000,"tic":1120},"actor":{"position":{"x":1747328,"y":24434944,"z":0,"angle":1610612736,"subsector":4566993432},"type":"shotgun_soldier","health":30,"id":4567172528}}
{"counter":6435,"type":"move","frame":{"millis":32000,"tic":1120},"actor":{"position":{"x":12311424,"y":13485530,"z":2471642,"angle":1211047840,"subsector":4566993032},"type":"imp_fireball","health":1000,"id":4567674584}}
{"counter":6436,"type":"move","frame":{"millis":32030,"tic":1121},"actor":{"position":{"x":10197410,"y":23867604,"z":3145728,"angle":3204448256,"subsector":4566993464},"type":"player","health":46,"armor":58,"id":4567120880}}
{"counter":6437,"type":"move","frame":{"millis":32030,"tic":1121},"actor":{"position":{"x":10201919,"y":23825006,"z":3145728,"angle":3204448256,"subsector":4566993464},"type":"player","health":46,"armor":58,"id":4567120880}}
{"counter":6438,"type":"move","frame":{"millis":32030,"tic":1121},"actor":{"position":{"x":-8605760,"y":79908928,"z":0,"angle":3221225472,"subsector":4566996760},"type":"soldier","health":20,"id":4567139000}}
{"counter":6439,"type":"move","frame":{"millis":32030,"tic":1121},"actor":{"position":{"x":-22809280,"y":56204864,"z":0,"angle":3758096384,"subsector":4566993384},"type":"shotgun_soldier","health":30,"id":4567155368}}
{"counter":6440,"type":"move","frame":{"millis":32030,"tic":1121},"actor":{"position":{"x":56557104,"y":15127568,"z":0,"angle":1073741824,"subsector":4566994456},"type":"spectre","health":150,"id":4567166984}}
{"counter":6441,"type":"move","frame":{"millis":32030,"tic":1121},"actor":{"position":{"x":12180864,"y":14127750,"z":2621438,"angle":1211047840,"subsector":4566993032},"type":"imp_fireball","health":1000,"id":4567674584}}
{"counter":6442,"type":"move","frame":{"millis":32058,"tic":1122},"actor":{"position":{"x":10201919,"y":23825006,"z":3145728,"angle":3204448256,"subsector":4566993464},"type":"player","health":46,"armor":58,"id":4567120880}}
{"counter":6443,"type":"move","frame":{"millis":32058,"tic":1122},"actor":{"position":{"x":10205658,"y":23772069,"z":3145728,"angle":3204448256,"subsector":4566993464},"type":"player","health":46,"armor":58,"id":4567120880}}
{"counter":6444,"type":"move","frame":{"millis":32058,"tic":1122},"actor":{"position":{"x":9185609,"y":17785392,"z":1048576,"angle":1610612736,"subsector":4566993096},"type":"spectre","health":70,"id":4567137416}}
{"counter":6445,"type":"move","frame":{"millis":32058,"tic":1122},"actor":{"position":{"x":16311232,"y":10364096,"z":0,"angle":536870912,"subsector":4566993048},"type":"shotgun_soldier","health":30,"id":4567137680}}
{"counter":6446,"type":"move","frame":{"millis":32058,"tic":1122},"actor":{"position":{"x":-974656,"y":26961344,"z":0,"angle":0,"subsector":4566993432},"type":"soldier","health":20,"id":4567137944}}
{"counter":6447,"type":"move","frame":{"millis":32058,"tic":1122},"actor":{"position":{"x":-11523776,"y":80729792,"z":0,"angle":1073741824,"subsector":4566996760},"type":"shotgun_soldier","health":30,"id":4567155104}}
{"counter":6448,"type":"move","frame":{"millis":32058,"tic":1122},"actor":{"position":{"x":-16210688,"y":54891392,"z":0,"angle":536870912,"subsector":4566993320},"type":"shotgun_soldier","health":30,"id":4567155632}}
{"counter":6449,"type":"move","frame":{"millis":32058,"tic":1122},"actor":{"position":{"x":-18969856,"y":55871104,"z":0,"angle":536870912,"subsector":4566993320},"type":"shotgun_soldier","health":30,"id":4567155896}}
{"counter":6450,"type":"move","frame":{"millis":32058,"tic":1122},"actor":{"position":{"x":-9850368,"y":24620416,"z":0,"angle":3221225472,"subsector":4566993432},"type":"shotgun_soldier","health":30,"id":4567156160}}
{"counter":6451,"type":"move","frame":{"millis":32058,"tic":1122},"actor":{"position":{"x":1980544,"y":29953280,"z":0,"angle":0,"subsector":4566993432},"type":"shotgun_soldier","health":30,"id":4567156424}}
{"counter":6452,"type":"move","frame":{"millis":32058,"tic":1122},"actor":{"position":{"x":8594976,"y":13785056,"z":0,"angle":1610612736,"subsector":4566993032},"type":"spectre","health":150,"id":4567162232}}
{"counter":6453,"type":"move","frame":{"millis":32058,"tic":1122},"actor":{"position":{"x":12050304,"y":14769970,"z":2771234,"angle":1211047840,"subsector":4566993032},"type":"imp_fireball","health":1000,"id":4567674584}}
{"counter":6454,"type":"move","frame":{"millis":32086,"tic":1123},"actor":{"position":{"x":10205658,"y":23772069,"z":3145728,"angle":3204448256,"subsector":4566993464},"type":"player","health":46,"armor":58,"id":4567120880}}
{"counter":6455,"type":"move","frame":{"millis":32086,"tic":1123},"actor":{"position":{"x":10207908,"y":23677004,"z":3145728,"angle":3204448256,"subsector":4566993464},"type":"player","health":46,"armor":58,"id":4567120880}}
{"counter":6456,"type":"move","frame":{"millis":32086,"tic":1123},"actor":{"position":{"x":2335424,"y":27294656,"z":0,"angle":0,"subsector":4566993432},"type":"imp","health":60,"id":4567132928}}
{"counter":6457,"type":"move","frame":{"millis":32086,"tic":1123},"actor":{"position":{"x":-26903040,"y":24805888,"z":0,"angle":3758096384,"subsector":4566993400},"type":"soldier","health":20,"id":4567138208}}
{"counter":6458,"type":"move","frame":{"millis":32086,"tic":1123},"actor":{"position":{"x":-683136,"y":29635584,"z":0,"angle":0,"subsector":4566993432},"type":"shotgun_soldier","health":30,"id":4567139792}}
{"counter":6459,"type":"move","frame":{"millis":32086,"tic":1123},"actor":{"position":{"x":56557104,"y":15782928,"z":0,"angle":1073741824,"subsector":4566994456},"type":"spectre","health":150,"id":4567166984}}
{"counter":6460,"type":"move","frame":{"millis":32086,"tic":1123},"actor":{"position":{"x":2271616,"y":24434944,"z":0,"angle":1073741824,"subsector":4566993432},"type":"shotgun_soldier","health":30,"id":4567172528}}
{"counter":6461,"type":"move","frame":{"millis":32086,"tic":1123},"actor":{"position":{"x":11919744,"y":15412190,"z":2921030,"angle":1211047840,"subsector":4566993032},"type":"imp_fireball","health":1000,"id":4567674584}}
{"counter":6462,"type":"move","frame":{"millis":32115,"tic":1124},"actor":{"position":{"x":10207908,"y":23677004,"z":3145728,"angle":3204448256,"subsector":4566993464},"type":"player","health":46,"armor":58,"id":4567120880}}
{"counter":6463,"type":"move","frame":{"millis":32115,"tic":1124},"actor":{"position":{"x":10209353,"y":23566282,"z":3145728,"angle":3204448256,"subsector":4566993464},"type":"player","health":46,"armor":58,"id":4567120880}}
{"counter":6464,"type":"move","frame":{"millis":32115,"tic":1124},"actor":{"position":{"x":8530249,"y":17785392,"z":1048576,"angle":2147483648,"subsector":4566993096},"type":"spectre","health":70,"id":4567137416}}
{"counter":6465,"type":"move","frame":{"millis":32115,"tic":1124},"actor":{"position":{"x":-22412160,"y":53482880,"z":0,"angle":536870912,"subsector":4566993384},"type":"soldier","health":20,"id":4567138736}}
{"counter":6466,"type":"move","frame":{"millis":32115,"tic":1124},"actor":{"position":{"x":-6762944,"y":26839232,"z":0,"angle":3221225472,"subsector":4566993432},"type":"soldier","health":20,"id":4567139528}}
{"counter":6467,"type":"move","frame":{"millis":32115,"tic":1124},"actor":{"position":{"x":-22284992,"y":56204864,"z":0,"angle":3758096384,"subsector":4566993384},"type":"shotgun_soldier","health":30,"id":4567155368}}
{"counter":6468,"type":"move","frame":{"millis":32115,"tic":1124},"actor":{"position":{"x":9250336,"y":13785056,"z":0,"angle":1073741824,"subsector":4566993032},"type":"spectre","health":150,"id":4567162232}}
{"counter":6469,"type":"move","frame":{"millis":32115,"tic":1124},"actor":{"position":{"x":12768384,"y":11762048,"z":0,"angle":1610612736,"subsector":4566993032},"type":"imp","health":60,"id":4567172264}}
{"counter":6470,"type":"move","frame":{"millis":32115,"tic":1124},"actor":{"position":{"x":11789184,"y":16054410,"z":3070826,"angle":1211047840,"subsector":4566993032},"type":"imp_fireball","health":1000,"id":4567674584}}
{"counter":6471,"type":"move","frame":{"millis":32143,"tic":1125},"actor":{"position":{"x":10210798,"y":23455560,"z":3145728,"angle":3204448256,"subsector":4566993464},"type":"player","health":46,"armor":58,"id":4567120880}}
{"counter":6472,"type":"move","frame":{"millis":32143,"tic":1125},"actor":{"position":{"x":16687232,"y":9988096,"z":0,"angle":0,"subsector":4566993048},"type":"shotgun_soldier","health":30,"id":4567137680}}
{"counter":6473,"type":"move","frame":{"millis":32143,"tic":1125},"actor":{"position":{"x":-8605760,"y":80433216,"z":0,"angle":3758096384,"subsector":4566996760},"type":"soldier","health":20,"id":4567139000}}
{"counter":6474,"type":"move","frame":{"millis":32143,"tic":1125},"actor":{"position":{"x":-11523776,"y":81254080,"z":0,"angle":1073741824,"subsector":4566996760},"type":"shotgun_soldier","health":30,"id":4567155104}}
{"counter":6475,"type":"move","frame":{"millis":32143,"tic":1125},"actor":{"position":{"x":-16210688,"y":54367104,"z":0,"angle":536870912,"subsector":4566993320},"type":"shotgun_soldier","health":30,"id":4567155632}}
{"counter":6476,"type":"move","frame":{"millis":32143,"tic":1125},"actor":{"position":{"x":-18969856,"y":55346816,"z":0,"angle":536870912,"subsector":4566993320},"type":"shotgun_soldier","health":30,"id":4567155896}}
{"counter":6477,"type":"move","frame":{"millis":32143,"tic":1125},"actor":{"position":{"x":-9474368,"y":24996416,"z":0,"angle":3221225472,"subsector":4566993432},"type":"shotgun_soldier","health":30,"id":4567156160}}
{"counter":6478,"type":"move","frame":{"millis":32143,"tic":1125},"actor":{"position":{"x":2504832,"y":29953280,"z":0,"angle":0,"subsector":4566993432},"type":"shotgun_soldier","health":30,"id":4567156424}}
{"counter":6479,"type":"enter_subsector","frame":{"millis":32143,"tic":1125},"actor":{"position":{"x":56557104,"y":16438288,"z":0,"angle":1073741824,"subsector":4566994312},"type":"spectre","health":150,"id":4567166984}}
{"counter":6480,"type":"move","frame":{"millis":32143,"tic":1125},"actor":{"position":{"x":56557104,"y":16438288,"z":0,"angle":1073741824,"subsector":4566994312},"type":"spectre","health":150,"id":4567166984}}
{"counter":6481,"type":"move","frame":{"millis":32143,"tic":1125},"actor":{"position":{"x":11658624,"y":16696630,"z":3220622,"angle":1211047840,"subsector":4566993032},"type":"imp_fireball","health":1000,"id":4567674584}}
{"counter":6482,"type":"move","frame":{"millis":32172,"tic":1126},"actor":{"position":{"x":10212243,"y":23344838,"z":3014656,"angle":3204448256,"subsector":4566993464},"type":"player","health":46,"armor":58,"id":4567120880}}
{"counter":6483,"type":"move","frame":{"millis":32172,"tic":1126},"actor":{"position":{"x":2859712,"y":27294656,"z":0,"angle":536870912,"subsector":4566993432},"type":"imp","health":60,"id":4567132928}}
{"counter":6484,"type":"move","frame":{"millis":32172,"tic":1126},"actor":{"position":{"x":9185609,"y":17785392,"z":1048576,"angle":2147483648,"subsector":4566993096},"type":"spectre","health":70,"id":4567137416}}
{"counter":6485,"type":"move","frame":{"millis":32172,"tic":1126},"actor":{"position":{"x":-598656,"y":26585344,"z":0,"angle":0,"subsector":4566993432},"type":"soldier","health":20,"id":4567137944}}
{"counter":6486,"type":"move","frame":{"millis":32172,"tic":1126},"actor":{"position":{"x":-158848,"y":29635584,"z":0,"angle":0,"subsector":4566993432},"type":"shotgun_soldier","health":30,"id":4567139792}}
{"counter":6487,"type":"move","frame":{"millis":32172,"tic":1126},"actor":{"position":{"x":8780336,"y":13315056,"z":0,"angle":536870912,"subsector":4566993032},"type":"spectre","health":150,"id":4567162232}}
{"counter":6488,"type":"move","frame":{"millis":32172,"tic":1126},"actor":{"position":{"x":2795904,"y":24434944,"z":0,"angle":536870912,"subsector":4566993432},"type":"shotgun_soldier","health":30,"id":4567172528}}
{"damage":12,"counter":6489,"type":"hit","frame":{"millis":32172,"tic":1126},"actor":{"position":{"x":12768384,"y":11762048,"z":0,"angle":1610612736,"subsector":4566993032},"type":"imp","health":60,"id":4567172264},"target":{"position":{"x":9185609,"y":17785392,"z":1048576,"angle":2147483648,"subsector":4566993096},"type":"spectre","health":58,"id":4567137416}}
{"counter":6490,"type":"move","frame":{"millis":32172,"tic":1126},"actor":{"position":{"x":11658624,"y":16696630,"z":3370418,"angle":1211047840,"subsector":4566993032},"type":"imp_fireball","health":1000,"id":4567674584}}
{"counter":6491,"type":"move","frame":{"millis":32200,"tic":1127},"actor":{"position":{"x":10213688,"y":23234116,"z":2818048,"angle":3204448256,"subsector":4566993464},"type":"player","health":46,"armor":58,"id":4567120880}}
{"counter":6492,"type":"move","frame":{"millis":32200,"tic":1127},"actor":{"position":{"x":9163115,"y":17795290,"z":1048576,"angle":2147483648,"subsector":4566993096},"type":"spectre","health":58,"id":4567137416}}
{"counter":6493,"type":"move","frame":{"millis":32200,"tic":1127},"actor":{"position":{"x":-26527040,"y":24429888,"z":0,"angle":3758096384,"subsector":4566993400},"type":"soldier","health":20,"id":4567138208}}
{"counter":6494,"type":"move","frame":{"millis":32200,"tic":1127},"actor":{"position":{"x":-21760704,"y":56204864,"z":0,"angle":0,"subsector":4566993384},"type":"shotgun_soldier","health":30,"id":4567155368}}
{"counter":6495,"type":"move","frame":{"millis":32200,"tic":1127},"actor":{"position":{"x":56557104,"y":17093648,"z":0,"angle":1073741824,"subsector":4566994312},"type":"spectre","health":150,"id":4567166984}}
{"counter":6496,"type":"move","frame":{"millis":32200,"tic":1127},"actor":{"position":{"x":12768384,"y":12286336,"z":0,"angle":1073741824,"subsector":4566993032},"type":"imp","health":60,"id":4567172264}}
{"counter":6497,"type":"move","frame":{"millis":32229,"tic":1128},"actor":{"position":{"x":10213688,"y":23234116,"z":2621440,"angle":3204448256,"subsector":4566993464},"type":"player","health":46,"armor":58,"id":4567120880}}
{"counter":6498,"type":"move","frame":{"millis":32229,"tic":1128},"actor":{"position":{"x":10216518,"y":23180720,"z":2621440,"angle":3204448256,"subsector":4566993464},"type":"player","health":46,"armor":58,"id":4567120880}}
{"counter":6499,"type":"move","frame":{"millis":32229,"tic":1128},"actor":{"position":{"x":9142729,"y":17804260,"z":1048576,"angle":2147483648,"subsector":4566993096},"type":"spectre","health":58,"id":4567137416}}
{"counter":6500,"type":"move","frame":{"millis":32229,"tic":1128},"actor":{"position":{"x":17063232,"y":9612096,"z":0,"angle":3758096384,"subsector":4566993048},"type":"shotgun_soldier","health":30,"id":4567137680}}
{"counter":6501,"type":"move","frame":{"millis":32230,"tic":1128},"actor":{"position":{"x":-22036160,"y":53106880,"z":0,"angle":536870912,"subsector":4566993384},"type":"soldier","health":20,"id":4567138736}}
{"counter":6502,"type":"move","frame":{"millis":32230,"tic":1128},"actor":{"position":{"x":-6386944,"y":26463232,"z":0,"angle":3758096384,"subsector":4566993432},"type":"soldier","health":20,"id":4567139528}}
{"counter":6503,"type":"move","frame":{"millis":32230,"tic":1128},"actor":{"position":{"x":-11523776,"y":81778368,"z":0,"angle":1073741824,"subsector":4566996760},"type":"shotgun_soldier","health":30,"id":4567155104}}
{"counter":6504,"type":"move","frame":{"millis":32230,"tic":1128},"actor":{"position":{"x":-16210688,"y":53842816,"z":0,"angle":0,"subsector":4566993320},"type":"shotgun_soldier","health":30,"id":4567155632}}
{"counter":6505,"type":"move","frame":{"millis":32230,"tic":1128},"actor":{"position":{"x":-18969856,"y":54822528,"z":0,"angle":0,"subsector":4566993320},"type":"shotgun_soldier","health":30,"id":4567155896}}
{"counter":6506,"type":"move","frame":{"millis":32230,"tic":1128},"actor":{"position":{"x":-9098368,"y":25372416,"z":0,"angle":3758096384,"subsector":4566993432},"type":"shotgun_soldier","health":30,"id":4567156160}}
{"counter":6507,"type":"move","frame":{"millis":32230,"tic":1128},"actor":{"position":{"x":8310336,"y":12845056,"z":0,"angle":1073741824,"subsector":4566993032},"type":"spectre","health":150,"id":4567162232}}
{"counter":6508,"type":"move","frame":{"millis":32258,"tic":1129},"actor":{"position":{"x":10216518,"y":23180720,"z":2621440,"angle":3221225472,"subsector":4566993464},"type":"player","health":46,"armor":58,"id":4567120880}}
{"counter":6509,"type":"move","frame":{"millis":32258,"tic":1129},"actor":{"position":{"x":10219042,"y":23234727,"z":2621440,"angle":3221225472,"subsector":4566993464},"type":"player","health":46,"armor":58,"id":4567120880}}
{"counter":6510,"type":"move","frame":{"millis":32258,"tic":1129},"actor":{"position":{"x":9124254,"y":17812389,"z":1048576,"angle":2147483648,"subsector":4566993096},"type":"spectre","health":58,"id":4567137416}}
{"counter":6511,"type":"move","frame":{"millis":32258,"tic":1129},"actor":{"position":{"x":-8605760,"y":80957504,"z":0,"angle":0,"subsector":4566996760},"type":"soldier","health":20,"id":4567139000}}
{"counter":6512,"type":"move","frame":{"millis":32258,"tic":1129},"actor":{"position":{"x":-534848,"y":29259584,"z":0,"angle":0,"subsector":4566993432},"type":"shotgun_soldier","health":30,"id":4567139792}}
{"counter":6513,"type":"move","frame":{"millis":32258,"tic":1129},"actor":{"position":{"x":56557104,"y":17749008,"z":0,"angle":1073741824,"subsector":4566994312},"type":"spectre","health":150,"id":4567166984}}
{"counter":6514,"type":"move","frame":{"millis":32258,"tic":1129},"actor":{"position":{"x":2271616,"y":24434944,"z":0,"angle":0,"subsector":4566993432},"type":"shotgun_soldier","health":30,"id":4567172528}}
{"counter":6515,"type":"move","frame":{"millis":32286,"tic":1130},"actor":{"position":{"x":10219042,"y":23234727,"z":2621440,"angle":3238002688,"subsector":4566993464},"type":"player","health":46,"armor":58,"id":4567120880}}
{"counter":6516,"type":"move","frame":{"millis":32286,"tic":1130},"actor":{"position":{"x":10218777,"y":23386037,"z":2621440,"angle":3238002688,"subsector":4566993464},"type":"player","health":46,"armor":58,"id":4567120880}}
{"counter":6517,"type":"move","frame":{"millis":32286,"tic":1130},"actor":{"position":{"x":9107511,"y":17819755,"z":1048576,"angle":2147483648,"subsector":4566993096},"type":"spectre","health":58,"id":4567137416}}
{"counter":6518,"type":"move","frame":{"millis":32286,"tic":1130},"actor":{"position":{"x":9762871,"y":17819755,"z":1048576,"angle":2684354560,"subsector":4566993096},"type":"spectre","health":58,"id":4567137416}}
{"counter":6519,"type":"move","frame":{"millis":32286,"tic":1130},"actor":{"position":{"x":-598656,"y":26061056,"z":0,"angle":3758096384,"subsector":4566993432},"type":"soldier","health":20,"id":4567137944}}
{"counter":6520,"type":"move","frame":{"millis":32286,"tic":1130},"actor":{"position":{"x":-22136704,"y":55828864,"z":0,"angle":0,"subsector":4566993384},"type":"shotgun_soldier","health":30,"id":4567155368}}
{"counter":6521,"type":"move","frame":{"millis":32286,"tic":1130},"actor":{"position":{"x":8310336,"y":13500416,"z":0,"angle":1610612736,"subsector":4566993032},"type":"spectre","health":150,"id":4567162232}}
{"counter":6522,"type":"move","frame":{"millis":32286,"tic":1130},"actor":{"position":{"x":12768384,"y":12810624,"z":0,"angle":1073741824,"subsector":4566993032},"type":"imp","health":60,"id":4567172264}}
{"counter":6523,"type":"move","frame":{"millis":32315,"tic":1131},"actor":{"position":{"x":10218777,"y":23386037,"z":2621440,"angle":3238002688,"subsector":4566993464},"type":"player","health":46,"armor":58,"id":4567120880}}
{"counter":6524,"type":"move","frame":{"millis":32315,"tic":1131},"actor":{"position":{"x":10215984,"y":23625528,"z":2621440,"angle":3238002688,"subsector":4566993464},"type":"player","health":46,"armor":58,"id":4567120880}}
{"counter":6525,"type":"move","frame":{"millis":32315,"tic":1131},"actor":{"position":{"x":9747697,"y":17826430,"z":1048576,"angle":2684354560,"subsector":4566993096},"type":"spectre","health":58,"id":4567137416}}
{"counter":6526,"type":"move","frame":{"millis":32315,"tic":1131},"actor":{"position":{"x":17439232,"y":9236096,"z":0,"angle":3758096384,"subsector":4566993048},"type":"shotgun_soldier","health":30,"id":4567137680}}
{"counter":6527,"type":"move","frame":{"millis":32315,"tic":1131},"actor":{"position":{"x":-26002752,"y":24429888,"z":0,"angle":3758096384,"subsector":4566993400},"type":"soldier","health":20,"id":4567138208}}
{"counter":6528,"type":"move","frame":{"millis":32315,"tic":1131},"actor":{"position":{"x":-11523776,"y":82302656,"z":0,"angle":1073741824,"subsector":4566996760},"type":"shotgun_soldier","health":30,"id":4567155104}}
{"counter":6529,"type":"move","frame":{"millis":32315,"tic":1131},"actor":{"position":{"x":-16210688,"y":53318528,"z":0,"angle":3758096384,"subsector":4566993320},"type":"shotgun_soldier","health":30,"id":4567155632}}
{"counter":6530,"type":"move","frame":{"millis":32315,"tic":1131},"actor":{"position":{"x":-18969856,"y":54298240,"z":0,"angle":3758096384,"subsector":4566993320},"type":"shotgun_soldier","health":30,"id":4567155896}}
{"counter":6531,"type":"move","frame":{"millis":32315,"tic":1131},"actor":{"position":{"x":-9098368,"y":24848128,"z":0,"angle":0,"subsector":4566993432},"type":"shotgun_soldier","health":30,"id":4567156160}}
{"counter":6532,"type":"move","frame":{"millis":32315,"tic":1131},"actor":{"position":{"x":56557104,"y":18404368,"z":0,"angle":1073741824,"subsector":4566994312},"type":"spectre","health":150,"id":4567166984}}
{"counter":6533,"type":"move","frame":{"millis":32343,"tic":1132},"actor":{"position":{"x":10215984,"y":23625528,"z":3145728,"angle":3238002688,"subsector":4566993464},"type":"player","health":46,"armor":58,"id":4567120880}}
{"counter":6534,"type":"move","frame":{"millis":32343,"tic":1132},"actor":{"position":{"x":10210900,"y":23944933,"z":3145728,"angle":3238002688,"subsector":4566993464},"type":"player","health":46,"armor":58,"id":4567120880}}
{"counter":6535,"type":"move","frame":{"millis":32343,"tic":1132},"actor":{"position":{"x":2335424,"y":27294656,"z":0,"angle":0,"subsector":4566993432},"type":"imp","health":60,"id":4567132928}}
{"counter":6536,"type":"move","frame":{"millis":32343,"tic":1132},"actor":{"position":{"x":9733945,"y":17832479,"z":1048576,"angle":2684354560,"subsector":4566993096},"type":"spectre","health":58,"id":4567137416}}
{"counter":6537,"type":"move","frame":{"millis":32343,"tic":1132},"actor":{"position":{"x":10389305,"y":17832479,"z":1048576,"angle":3221225472,"subsector":4566993096},"type":"spectre","health":58,"id":4567137416}}
{"counter":6538,"type":"move","frame":{"millis":32343,"tic":1132},"actor":{"position":{"x":-21660160,"y":52730880,"z":0,"angle":0,"subsector":4566993384},"type":"soldier","health":20,"id":4567138736}}
{"counter":6539,"type":"move","frame":{"millis":32343,"tic":1132},"actor":{"position":{"x":-6010944,"y":26087232,"z":0,"angle":3758096384,"subsector":4566993432},"type":"soldier","health":20,"id":4567139528}}
{"counter":6540,"type":"move","frame":{"millis":32343,"tic":1132},"actor":{"position":{"x":-910848,"y":28883584,"z":0,"angle":3758096384,"subsector":4566993432},"type":"shotgun_soldier","health":30,"id":4567139792}}
{"counter":6541,"type":"move","frame":{"millis":32343,"tic":1132},"actor":{"position":{"x":8965696,"y":13500416,"z":0,"angle":1073741824,"subsector":4566993032},"type":"spectre","health":150,"id":4567162232}}
{"counter":6542,"type":"move","frame":{"millis":32343,"tic":1132},"actor":{"position":{"x":2795904,"y":24434944,"z":0,"angle":536870912,"subsector":4566993432},"type":"shotgun_soldier","health":30,"id":4567172528}}
{"counter":6543,"type":"move","frame":{"millis":32372,"tic":1133},"actor":{"position":{"x":10210900,"y":23944933,"z":3145728,"angle":3254779904,"subsector":4566993464},"type":"player","health":46,"armor":58,"id":4567120880}}
{"counter":6544,"type":"move","frame":{"millis":32372,"tic":1133},"actor":{"position":{"x":10201229,"y":24336666,"z":3145728,"angle":3254779904,"subsector":4566993464},"type":"player","health":46,"armor":58,"id":4567120880}}
{"counter":6545,"type":"move","frame":{"millis":32372,"tic":1133},"actor":{"position":{"x":10376842,"y":17837960,"z":1048576,"angle":3221225472,"subsector":4566993096},"type":"spectre","health":58,"id":4567137416}}
{"counter":6546,"type":"move","frame":{"millis":32372,"tic":1133},"actor":{"position":{"x":-8605760,"y":81481792,"z":0,"angle":536870912,"subsector":4566996760},"type":"soldier","health":20,"id":4567139000}}
{"counter":6547,"type":"move","frame":{"millis":32372,"tic":1133},"actor":{"position":{"x":-22512704,"y":55452864,"z":0,"angle":3758096384,"subsector":4566993384},"type":"shotgun_soldier","health":30,"id":4567155368}}
{"counter":6548,"type":"move","frame":{"millis":32372,"tic":1133},"actor":{"position":{"x":56557104,"y":19059728,"z":0,"angle":1073741824,"subsector":4566994312},"type":"spectre","health":150,"id":4567166984}}
{"counter":6549,"type":"move","frame":{"millis":32372,"tic":1133},"actor":{"position":{"x":12768384,"y":13334912,"z":0,"angle":1073741824,"subsector":4566993032},"type":"imp","health":60,"id":4567172264}}
{"counter":6550,"type":"move","frame":{"millis":32400,"tic":1134},"actor":{"position":{"x":10201229,"y":24336666,"z":3145728,"angle":3254779904,"subsector":4566993464},"type":"player","health":46,"armor":58,"id":4567120880}}
{"counter":6551,"type":"move","frame":{"millis":32400,"tic":1134},"actor":{"position":{"x":10187401,"y":24793947,"z":3145728,"angle":3254779904,"subsector":4566993480},"type":"player","health":46,"armor":58,"id":4567120880}}
{"counter":6552,"type":"move","frame":{"millis":32400,"tic":1134},"actor":{"position":{"x":10365547,"y":17842927,"z":1048576,"angle":3221225472,"subsector":4566993096},"type":"spectre","health":58,"id":4567137416}}
{"counter":6553,"type":"move","frame":{"millis":32400,"tic":1134},"actor":{"position":{"x":11020907,"y":17842927,"z":1048576,"angle":3758096384,"subsector":4566993096},"type":"spectre","health":58,"id":4567137416}}
{"counter":6554,"type":"move","frame":{"millis":32400,"tic":1134},"actor":{"position":{"x":17439232,"y":9760384,"z":0,"angle":3758096384,"subsector":4566993048},"type":"shotgun_soldier","health":30,"id":4567137680}}
{"counter":6555,"type":"move","frame":{"millis":32401,"tic":1134},"actor":{"position":{"x":-598656,"y":25536768,"z":0,"angle":3221225472,"subsector":4566993432},"type":"soldier","health":20,"id":4567137944}}
{"counter":6556,"type":"move","frame":{"millis":32401,"tic":1134},"actor":{"position":{"x":-11523776,"y":82826944,"z":0,"angle":1073741824,"subsector":4566996760},"type":"shotgun_soldier","health":30,"id":4567155104}}
{"counter":6557,"type":"move","frame":{"millis":32401,"tic":1134},"actor":{"position":{"x":-16210688,"y":52794240,"z":0,"angle":3221225472,"subsector":4566993320},"type":"shotgun_soldier","health":30,"id":4567155632}}
{"counter":6558,"type":"move","frame":{"millis":32401,"tic":1134},"actor":{"position":{"x":-18969856,"y":53773952,"z":0,"angle":3221225472,"subsector":4566993320},"type":"shotgun_soldier","health":30,"id":4567155896}}
{"counter":6559,"type":"move","frame":{"millis":32401,"tic":1134},"actor":{"position":{"x":-8722368,"y":24472128,"z":0,"angle":3758096384,"subsector":4566993432},"type":"shotgun_soldier","health":30,"id":4567156160}}
{"counter":6560,"type":"move","frame":{"millis":32401,"tic":1134},"actor":{"position":{"x":1980544,"y":29953280,"z":0,"angle":0,"subsector":4566993432},"type":"shotgun_soldier","health":30,"id":4567156424}}
{"counter":6561,"type":"move","frame":{"millis":32401,"tic":1134},"actor":{"position":{"x":9435696,"y":13030416,"z":0,"angle":536870912,"subsector":4566993032},"type":"spectre","health":150,"id":4567162232}}
{"counter":6562,"type":"move","frame":{"millis":32429,"tic":1135},"actor":{"position":{"x":10187401,"y":24793947,"z":3145728,"angle":3254779904,"subsector":4566993480},"type":"player","health":46,"armor":58,"id":4567120880}}
{"counter":6563,"type":"move","frame":{"millis":32430,"tic":1135},"actor":{"position":{"x":10169806,"y":25310630,"z":3145728,"angle":3254779904,"subsector":4566993480},"type":"player","health":46,"armor":58,"id":4567120880}}
{"counter":6564,"type":"move","frame":{"millis":32430,"tic":1135},"actor":{"position":{"x":2859712,"y":27294656,"z":0,"angle":536870912,"subsector":4566993432},"type":"imp","health":60,"id":4567132928}}
{"counter":6565,"type":"move","frame":{"millis":32430,"tic":1135},"actor":{"position":{"x":11010670,"y":17847428,"z":1048576,"angle":3758096384,"subsector":4566993096},"type":"spectre","health":58,"id":4567137416}}
{"counter":6566,"type":"move","frame":{"millis":32430,"tic":1135},"actor":{"position":{"x":-25478464,"y":24429888,"z":0,"angle":0,"subsector":4566993432},"type":"soldier","health":20,"id":4567138208}}
{"counter":6567,"type":"move","frame":{"millis":32430,"tic":1135},"actor":{"position":{"x":-1286848,"y":28507584,"z":0,"angle":3221225472,"subsector":4566993432},"type":"shotgun_soldier","health":30,"id":4567139792}}
{"counter":6568,"type":"move","frame":{"millis":32430,"tic":1135},"actor":{"position":{"x":56557104,"y":19715088,"z":0,"angle":1073741824,"subsector":4566994312},"type":"spectre","health":150,"id":4567166984}}
{"counter":6569,"type":"move","frame":{"millis":32430,"tic":1135},"actor":{"position":{"x":2271616,"y":24434944,"z":0,"angle":0,"subsector":4566993432},"type":"shotgun_soldier","health":30,"id":4567172528}}
{"counter":6570,"type":"move","frame":{"millis":32459,"tic":1136},"actor":{"position":{"x":10169806,"y":25310630,"z":3670016,"angle":3254779904,"subsector":4566993480},"type":"player","health":46,"armor":58,"id":4567120880}}
{"counter":6571,"type":"move","frame":{"millis":32459,"tic":1136},"actor":{"position":{"x":10148797,"y":25881146,"z":3670016,"angle":3254779904,"subsector":4566993480},"type":"player","health":46,"armor":58,"id":4567120880}}
{"counter":6572,"type":"move","frame":{"millis":32459,"tic":1136},"actor":{"position":{"x":11001392,"y":17851507,"z":1048576,"angle":3758096384,"subsector":4566993096},"type":"spectre","health":58,"id":4567137416}}
{"counter":6573,"type":"move","frame":{"millis":32459,"tic":1136},"actor":{"position":{"x":11656752,"y":17851507,"z":1048576,"angle":0,"subsector":4566993096},"type":"spectre","health":58,"id":4567137416}}
{"counter":6574,"type":"move","frame":{"millis":32459,"tic":1136},"actor":{"position":{"x":-22184448,"y":52730880,"z":0,"angle":3758096384,"subsector":4566993384},"type":"soldier","health":20,"id":4567138736}}
{"counter":6575,"type":"move","frame":{"millis":32459,"tic":1136},"actor":{"position":{"x":-5634944,"y":25711232,"z":0,"angle":3758096384,"subsector":4566993432},"type":"soldier","health":20,"id":4567139528}}
{"counter":6576,"type":"move","frame":{"millis":32459,"tic":1136},"actor":{"position":{"x":-21988416,"y":55452864,"z":0,"angle":3221225472,"subsector":4566993384},"type":"shotgun_soldier","health":30,"id":4567155368}}
{"counter":6577,"type":"move","frame":{"millis":32459,"tic":1136},"actor":{"position":{"x":9435696,"y":13685776,"z":0,"angle":0,"subsector":4566993032},"type":"spectre","health":150,"id":4567162232}}
{"counter":6578,"type":"move","frame":{"millis":32459,"tic":1136},"actor":{"position":{"x":12768384,"y":13859200,"z":0,"angle":1073741824,"subsector":4566993032},"type":"imp","health":60,"id":4567172264}}
{"counter":6579,"type":"move","frame":{"millis":32486,"tic":1137},"actor":{"position":{"x":10148797,"y":25881146,"z":3670016,"angle":3271557120,"subsector":4566993480},"type":"player","health":46,"armor":58,"id":4567120880}}
{"counter":6580,"type":"move","frame":{"millis":32486,"tic":1137},"actor":{"position":{"x":10122185,"y":26500294,"z":3670016,"angle":3271557120,"subsector":4566993496},"type":"player","health":46,"armor":58,"id":4567120880}}
{"counter":6581,"type":"move","frame":{"millis":32486,"tic":1137},"actor":{"position":{"x":11648343,"y":17855203,"z":1048576,"angle":0,"subsector":4566993096},"type":"spectre","health":58,"id":4567137416}}
{"counter":6582,"type":"move","frame":{"millis":32486,"tic":1137},"actor":{"position":{"x":17439232,"y":10284672,"z":0,"angle":0,"subsector":4566993048},"type":"shotgun_soldier","health":30,"id":4567137680}}
{"counter":6583,"type":"move","frame":{"millis":32486,"tic":1137},"actor":{"position":{"x":-8605760,"y":82006080,"z":0,"angle":1073741824,"subsector":4566996760},"type":"soldier","health":20,"id":4567139000}}
{"counter":6584,"type":"move","frame":{"millis":32486,"tic":1137},"actor":{"position":{"x":-11523776,"y":83351232,"z":0,"angle":1073741824,"subsector":4566996760},"type":"shotgun_soldier","health":30,"id":4567155104}}
{"counter":6585,"type":"move","frame":{"millis":32486,"tic":1137},"actor":{"position":{"x":-16210688,"y":53318528,"z":0,"angle":3221225472,"subsector":4566993320},"type":"shotgun_soldier","health":30,"id":4567155632}}
{"counter":6586,"type":"move","frame":{"millis":32486,"tic":1137},"actor":{"position":{"x":-18969856,"y":53249664,"z":0,"angle":3221225472,"subsector":4566993320},"type":"shotgun_soldier","health":30,"id":4567155896}}
{"counter":6587,"type":"move","frame":{"millis":32486,"tic":1137},"actor":{"position":{"x":-8346368,"y":24848128,"z":0,"angle":3758096384,"subsector":4566993432},"type":"shotgun_soldier","health":30,"id":4567156160}}
{"counter":6588,"type":"move","frame":{"millis":32486,"tic":1137},"actor":{"position":{"x":1456256,"y":29953280,"z":0,"angle":536870912,"subsector":4566993432},"type":"shotgun_soldier","health":30,"id":4567156424}}
{"counter":6589,"type":"move","frame":{"millis":32486,"tic":1137},"actor":{"position":{"x":56557104,"y":20370448,"z":0,"angle":1073741824,"subsector":4566994312},"type":"spectre","health":150,"id":4567166984}}
{"counter":6590,"type":"move","frame":{"millis":32515,"tic":1138},"actor":{"position":{"x":10122185,"y":26500294,"z":3670016,"angle":3288334336,"subsector":4566993496},"type":"player","health":46,"armor":58,"id":4567120880}}
{"counter":6591,"type":"move","frame":{"millis":32515,"tic":1138},"actor":{"position":{"x":10087992,"y":27163297,"z":3670016,"angle":3288334336,"subsector":4566993496},"type":"player","health":46,"armor":58,"id":4567120880}}
{"counter":6592,"type":"move","frame":{"millis":32515,"tic":1138},"actor":{"position":{"x":2335424,"y":27294656,"z":0,"angle":0,"subsector":4566993432},"type":"imp","health":60,"id":4567132928}}
{"counter":6593,"type":"move","frame":{"millis":32515,"tic":1138},"actor":{"position":{"x":11640722,"y":17858552,"z":1048576,"angle":0,"subsector":4566993096},"type":"spectre","health":58,"id":4567137416}}
{"counter":6594,"type":"move","frame":{"millis":32515,"tic":1138},"actor":{"position":{"x":12296082,"y":17858552,"z":1048576,"angle":0,"subsector":4566993096},"type":"spectre","health":58,"id":4567137416}}
{"counter":6595,"type":"move","frame":{"millis":32515,"tic":1138},"actor":{"position":{"x":-598656,"y":25012480,"z":0,"angle":3221225472,"subsector":4566993432},"type":"soldier","health":20,"id":4567137944}}
{"counter":6596,"type":"move","frame":{"millis":32515,"tic":1138},"actor":{"position":{"x":-1662848,"y":28131584,"z":0,"angle":2684354560,"subsector":4566993432},"type":"shotgun_soldier","health":30,"id":4567139792}}
{"counter":6597,"type":"move","frame":{"millis":32515,"tic":1138},"actor":{"position":{"x":8780336,"y":13685776,"z":0,"angle":536870912,"subsector":4566993032},"type":"spectre","health":150,"id":4567162232}}
{"counter":6598,"type":"move","frame":{"millis":32515,"tic":1138},"actor":{"position":{"x":2795904,"y":24434944,"z":0,"angle":536870912,"subsector":4566993432},"type":"shotgun_soldier","health":30,"id":4567172528}}
{"counter":6599,"type":"move","frame":{"millis":32543,"tic":1139},"actor":{"position":{"x":10087992,"y":27163297,"z":3670016,"angle":3288334336,"subsector":4566993496},"type":"player","health":46,"armor":58,"id":4567120880}}
{"counter":6600,"type":"move","frame":{"millis":32543,"tic":1139},"actor":{"position":{"x":10046929,"y":27866044,"z":3670016,"angle":3288334336,"subsector":4566993496},"type":"player","health":46,"armor":58,"id":4567120880}}
{"counter":6601,"type":"move","frame":{"millis":32543,"tic":1139},"actor":{"position":{"x":12289175,"y":17861587,"z":1048576,"angle":0,"subsector":4566993096},"type":"spectre","health":58,"id":4567137416}}
{"counter":6602,"type":"move","frame":{"millis":32543,"tic":1139},"actor":{"position":{"x":-24954176,"y":24429888,"z":0,"angle":0,"subsector":4566993432},"type":"soldier","health":20,"id":4567138208}}
{"counter":6603,"type":"move","frame":{"millis":32543,"tic":1139},"actor":{"position":{"x":-22364416,"y":55828864,"z":0,"angle":3758096384,"subsector":4566993384},"type":"shotgun_soldier","health":30,"id":4567155368}}
{"counter":6604,"type":"move","frame":{"millis":32543,"tic":1139},"actor":{"position":{"x":56557104,"y":21025808,"z":0,"angle":1073741824,"subsector":4566994312},"type":"spectre","health":150,"id":4567166984}}
{"counter":6605,"type":"move","frame":{"millis":32543,"tic":1139},"actor":{"position":{"x":12768384,"y":14383488,"z":0,"angle":1073741824,"subsector":4566993032},"type":"imp","health":60,"id":4567172264}}
{"counter":6606,"type":"move","frame":{"millis":32573,"tic":1140},"actor":{"position":{"x":10046929,"y":27866044,"z":3670016,"angle":3288334336,"subsector":4566993496},"type":"player","health":46,"armor":58,"id":4567120880}}
{"counter":6607,"type":"move","frame":{"millis":32573,"tic":1140},"actor":{"position":{"x":9999640,"y":28604809,"z":3670016,"angle":3288334336,"subsector":4566993496},"type":"player","health":46,"armor":58,"id":4567120880}}
{"counter":6608,"type":"move","frame":{"millis":32573,"tic":1140},"actor":{"position":{"x":12282915,"y":17864337,"z":1048576,"angle":0,"subsector":4566993096},"type":"spectre","health":58,"id":4567137416}}
{"counter":6609,"type":"move","frame":{"millis":32573,"tic":1140},"actor":{"position":{"x":11627555,"y":17864337,"z":1048576,"angle":0,"subsector":4566993096},"type":"spectre","health":58,"id":4567137416}}
{"counter":6610,"type":"move","frame":{"millis":32573,"tic":1140},"actor":{"position":{"x":17063232,"y":10660672,"z":0,"angle":536870912,"subsector":4566993048},"type":"shotgun_soldier","health":30,"id":4567137680}}
{"counter":6611,"type":"move","frame":{"millis":32573,"tic":1140},"actor":{"position":{"x":-22708736,"y":52730880,"z":0,"angle":3221225472,"subsector":4566993384},"type":"soldier","health":20,"id":4567138736}}
{"counter":6612,"type":"move","frame":{"millis":32573,"tic":1140},"actor":{"position":{"x":-5258944,"y":25335232,"z":0,"angle":3758096384,"subsector":4566993432},"type":"soldier","health":20,"id":4567139528}}
{"counter":6613,"type":"move","frame":{"millis":32573,"tic":1140},"actor":{"position":{"x":-11523776,"y":83875520,"z":0,"angle":1073741824,"subsector":4566996760},"type":"shotgun_soldier","health":30,"id":4567155104}}
{"counter":6614,"type":"move","frame":{"millis":32573,"tic":1140},"actor":{"position":{"x":-16210688,"y":53842816,"z":0,"angle":3758096384,"subsector":4566993320},"type":"shotgun_soldier","health":30,"id":4567155632}}
{"counter":6615,"type":"move","frame":{"millis":32573,"tic":1140},"actor":{"position":{"x":-18969856,"y":52725376,"z":0,"angle":3221225472,"subsector":4566993320},"type":"shotgun_soldier","health":30,"id":4567155896}}
{"counter":6616,"type":"move","frame":{"millis":32573,"tic":1140},"actor":{"position":{"x":-7970368,"y":25224128,"z":0,"angle":0,"subsector":4566993432},"type":"shotgun_soldier","health":30,"id":4567156160}}
{"counter":6617,"type":"move","frame":{"millis":32573,"tic":1140},"actor":{"position":{"x":1980544,"y":29953280,"z":0,"angle":1073741824,"subsector":4566993432},"type":"shotgun_soldier","health":30,"id":4567156424}}
{"counter":6618,"type":"move","frame":{"millis":32573,"tic":1140},"actor":{"position":{"x":9250336,"y":13215776,"z":0,"angle":1073741824,"subsector":4566993032},"type":"spectre","health":150,"id":4567162232}}
{"counter":6619,"type":"move","frame":{"millis":32600,"tic":1141},"actor":{"position":{"x":9999640,"y":28604809,"z":3670016,"angle":3288334336,"subsector":4566993496},"type":"player","health":46,"armor":58,"id":4567120880}}
{"counter":6620,"type":"move","frame":{"millis":32600,"tic":1141},"actor":{"position":{"x":9946709,"y":29376215,"z":3670016,"angle":3288334336,"subsector":4566993496},"type":"player","health":46,"armor":58,"id":4567120880}}
{"counter":6621,"type":"move","frame":{"millis":32600,"tic":1141},"actor":{"position":{"x":2859712,"y":27294656,"z":0,"angle":536870912,"subsector":4566993432},"type":"imp","health":60,"id":4567132928}}
{"counter":6622,"type":"move","frame":{"millis":32600,"tic":1141},"actor":{"position":{"x":11621881,"y":17866829,"z":1048576,"angle":0,"subsector":4566993096},"type":"spectre","health":58,"id":4567137416}}
{"counter":6623,"type":"move","frame":{"millis":32600,"tic":1141},"actor":{"position":{"x":-8605760,"y":82530368,"z":0,"angle":1073741824,"subsector":4566996760},"type":"soldier","health":20,"id":4567139000}}
{"counter":6624,"type":"move","frame":{"millis":32600,"tic":1141},"actor":{"position":{"x":-2038848,"y":27755584,"z":0,"angle":2684354560,"subsector":4566993432},"type":"shotgun_soldier","health":30,"id":4567139792}}
{"counter":6625,"type":"move","frame":{"millis":32600,"tic":1141},"actor":{"position":{"x":56557104,"y":21681168,"z":0,"angle":1073741824,"subsector":4566994312},"type":"spectre","health":150,"id":4567166984}}
{"counter":6626,"type":"move","frame":{"millis":32600,"tic":1141},"actor":{"position":{"x":2271616,"y":24434944,"z":0,"angle":0,"subsector":4566993432},"type":"shotgun_soldier","health":30,"id":4567172528}}
{"counter":6627,"type":"move","frame":{"millis":32629,"tic":1142},"actor":{"position":{"x":9946709,"y":29376215,"z":3670016,"angle":3288334336,"subsector":4566993496},"type":"player","health":46,"armor":58,"id":4567120880}}
{"counter":6628,"type":"move","frame":{"millis":32629,"tic":1142},"actor":{"position":{"x":9888665,"y":30177202,"z":3670016,"angle":3288334336,"subsector":4566993496},"type":"player","health":46,"armor":58,"id":4567120880}}
{"counter":6629,"type":"move","frame":{"millis":32629,"tic":1142},"actor":{"position":{"x":11616738,"y":17869087,"z":1048576,"angle":0,"subsector":4566993096},"type":"spectre","health":58,"id":4567137416}}
{"counter":6630,"type":"move","frame":{"millis":32629,"tic":1142},"actor":{"position":{"x":10961378,"y":17869087,"z":1048576,"angle":536870912,"subsector":4566993096},"type":"spectre","health":58,"id":4567137416}}
{"counter":6631,"type":"move","frame":{"millis":32629,"tic":1142},"actor":{"position":{"x":-598656,"y":24488192,"z":0,"angle":3221225472,"subsector":4566993432},"type":"soldier","health":20,"id":4567137944}}
{"counter":6632,"type":"move","frame":{"millis":32629,"tic":1142},"actor":{"position":{"x":-22740416,"y":56204864,"z":0,"angle":0,"subsector":4566993384},"type":"shotgun_soldier","health":30,"id":4567155368}}
{"counter":6633,"type":"move","frame":{"millis":32629,"tic":1142},"actor":{"position":{"x":9250336,"y":13871136,"z":0,"angle":536870912,"subsector":4566993032},"type":"spectre","health":150,"id":4567162232}}
{"counter":6634,"type":"move","frame":{"millis":32629,"tic":1142},"actor":{"position":{"x":13144384,"y":14007488,"z":0,"angle":1073741824,"subsector":4566993032},"type":"imp","health":60,"id":4567172264}}
{"counter":6635,"type":"move","frame":{"millis":32658,"tic":1143},"actor":{"position":{"x":9888665,"y":30177202,"z":3670016,"angle":3288334336,"subsector":4566993496},"type":"player","health":46,"armor":58,"id":4567120880}}
{"counter":6636,"type":"move","frame":{"millis":32658,"tic":1143},"actor":{"position":{"x":9825987,"y":31004997,"z":3670016,"angle":3288334336,"subsector":4566993496},"type":"player","health":46,"armor":58,"id":4567120880}}
{"counter":6637,"type":"move","frame":{"millis":32658,"tic":1143},"actor":{"position":{"x":10956717,"y":17871133,"z":1048576,"angle":536870912,"subsector":4566993096},"type":"spectre","health":58,"id":4567137416}}
{"counter":6638,"type":"move","frame":{"millis":32658,"tic":1143},"actor":{"position":{"x":16687232,"y":11036672,"z":0,"angle":1073741824,"subsector":4566993048},"type":"shotgun_soldier","health":30,"id":4567137680}}
{"counter":6639,"type":"move","frame":{"millis":32658,"tic":1143},"actor":{"position":{"x":-24429888,"y":24429888,"z":0,"angle":0,"subsector":4566993432},"type":"soldier","health":20,"id":4567138208}}
{"counter":6640,"type":"move","frame":{"millis":32658,"tic":1143},"actor":{"position":{"x":-11523776,"y":84399808,"z":0,"angle":1073741824,"subsector":4566996760},"type":"shotgun_soldier","health":30,"id":4567155104}}
{"counter":6641,"type":"move","frame":{"millis":32658,"tic":1143},"actor":{"position":{"x":-16210688,"y":54367104,"z":0,"angle":0,"subsector":4566993320},"type":"shotgun_soldier","health":30,"id":4567155632}}
{"counter":6642,"type":"move","frame":{"millis":32658,"tic":1143},"actor":{"position":{"x":-19494144,"y":52725376,"z":0,"angle":3221225472,"subsector":4566993320},"type":"shotgun_soldier","health":30,"id":4567155896}}
{"counter":6643,"type":"move","frame":{"millis":32658,"tic":1143},"actor":{"position":{"x":-7970368,"y":25748416,"z":0,"angle":536870912,"subsector":4566993432},"type":"shotgun_soldier","health":30,"id":4567156160}}
{"counter":6644,"type":"move","frame":{"millis":32658,"tic":1143},"actor":{"position":{"x":2504832,"y":29953280,"z":0,"angle":536870912,"subsector":4566993432},"type":"shotgun_soldier","health":30,"id":4567156424}}
{"counter":6645,"type":"move","frame":{"millis":32658,"tic":1143},"actor":{"position":{"x":56557104,"y":22336528,"z":0,"angle":1073741824,"subsector":4566994312},"type":"spectre","health":150,"id":4567166984}}
{"counter":6646,"type":"move","frame":{"millis":32687,"tic":1144},"actor":{"position":{"x":9825987,"y":31004997,"z":3670016,"angle":3288334336,"subsector":4566993496},"type":"player","health":46,"armor":58,"id":4567120880}}
{"counter":6647,"type":"move","frame":{"millis":32687,"tic":1144},"actor":{"position":{"x":9759110,"y":31857087,"z":3670016,"angle":3288334336,"subsector":4566993496},"type":"player","health":46,"armor":58,"id":4567120880}}
{"counter":6648,"type":"move","frame":{"millis":32687,"tic":1144},"actor":{"position":{"x":2335424,"y":27294656,"z":0,"angle":0,"subsector":4566993432},"type":"imp","health":60,"id":4567132928}}
{"counter":6649,"type":"move","frame":{"millis":32687,"tic":1144},"actor":{"position":{"x":10952492,"y":17872987,"z":1048576,"angle":536870912,"subsector":4566993096},"type":"spectre","health":58,"id":4567137416}}
{"counter":6650,"type":"move","frame":{"millis":32687,"tic":1144},"actor":{"position":{"x":10297132,"y":17872987,"z":1048576,"angle":1073741824,"subsector":4566993096},"type":"spectre","health":58,"id":4567137416}}
{"counter":6651,"type":"move","frame":{"millis":32687,"tic":1144},"actor":{"position":{"x":-23233024,"y":52730880,"z":0,"angle":2684354560,"subsector":4566993384},"type":"soldier","health":20,"id":4567138736}}
{"counter":6652,"type":"move","frame":{"millis":32687,"tic":1144},"actor":{"position":{"x":-4882944,"y":24959232,"z":0,"angle":3758096384,"subsector":4566993432},"type":"soldier","health":20,"id":4567139528}}
{"counter":6653,"type":"move","frame":{"millis":32687,"tic":1144},"actor":{"position":{"x":-1514560,"y":27755584,"z":0,"angle":2684354560,"subsector":4566993432},"type":"shotgun_soldier","health":30,"id":4567139792}}
{"counter":6654,"type":"move","frame":{"millis":32687,"tic":1144},"actor":{"position":{"x":8594976,"y":13871136,"z":0,"angle":1073741824,"subsector":4566993032},"type":"spectre","health":150,"id":4567162232}}
{"counter":6655,"type":"move","frame":{"millis":32687,"tic":1144},"actor":{"position":{"x":2795904,"y":24434944,"z":0,"angle":536870912,"subsector":4566993432},"type":"shotgun_soldier","health":30,"id":4567172528}}
{"counter":6656,"type":"move","frame":{"millis":32716,"tic":1145},"actor":{"position":{"x":9759110,"y":31857087,"z":3670016,"angle":3288334336,"subsector":4566993496},"type":"player","health":46,"armor":58,"id":4567120880}}
{"counter":6657,"type":"move","frame":{"millis":32716,"tic":1145},"actor":{"position":{"x":9694875,"y":32665977,"z":3670016,"angle":3288334336,"subsector":4566993496},"type":"player","health":46,"armor":58,"id":4567120880}}
{"counter":6658,"type":"move","frame":{"millis":32716,"tic":1145},"actor":{"position":{"x":10293303,"y":17874667,"z":1048576,"angle":1073741824,"subsector":4566993096},"type":"spectre","health":58,"id":4567137416}}
{"counter":6659,"type":"move","frame":{"millis":32716,"tic":1145},"actor":{"position":{"x":-8605760,"y":83054656,"z":0,"angle":1073741824,"subsector":4566996760},"type":"soldier","health":20,"id":4567139000}}
{"counter":6660,"type":"move","frame":{"millis":32716,"tic":1145},"actor":{"position":{"x":-22216128,"y":56204864,"z":0,"angle":536870912,"subsector":4566993384},"type":"shotgun_soldier","health":30,"id":4567155368}}
{"counter":6661,"type":"move","frame":{"millis":32716,"tic":1145},"actor":{"position":{"x":56557104,"y":22991888,"z":0,"angle":1073741824,"subsector":4566994312},"type":"spectre","health":150,"id":4567166984}}
{"counter":6662,"type":"move","frame":{"millis":32716,"tic":1145},"actor":{"position":{"x":13144384,"y":14531776,"z":0,"angle":536870912,"subsector":4566993032},"type":"imp","health":60,"id":4567172264}}
{"counter":6663,"type":"move","frame":{"millis":32743,"tic":1146},"actor":{"position":{"x":9694875,"y":32665977,"z":3670016,"angle":3288334336,"subsector":4566993496},"type":"player","health":46,"armor":58,"id":4567120880}}
{"counter":6664,"type":"move","frame":{"millis":32743,"tic":1146},"actor":{"position":{"x":9639886,"y":33366424,"z":3670016,"angle":3288334336,"subsector":4566993496},"type":"player","health":46,"armor":58,"id":4567120880}}
{"counter":6665,"type":"move","frame":{"millis":32743,"tic":1146},"actor":{"position":{"x":9637943,"y":17874667,"z":1048576,"angle":1610612736,"subsector":4566993096},"type":"spectre","health":58,"id":4567137416}}
{"counter":6666,"type":"move","frame":{"millis":32743,"tic":1146},"actor":{"position":{"x":16162944,"y":11036672,"z":0,"angle":1610612736,"subsector":4566993048},"type":"shotgun_soldier","health":30,"id":4567137680}}
{"counter":6667,"type":"move","frame":{"millis":32743,"tic":1146},"actor":{"position":{"x":-74368,"y":24488192,"z":0,"angle":3221225472,"subsector":4566993432},"type":"soldier","health":20,"id":4567137944}}
{"counter":6668,"type":"move","frame":{"millis":32743,"tic":1146},"actor":{"position":{"x":-12048064,"y":84399808,"z":0,"angle":1073741824,"subsector":4566996760},"type":"shotgun_soldier","health":30,"id":4567155104}}
{"counter":6669,"type":"move","frame":{"millis":32743,"tic":1146},"actor":{"position":{"x":-16210688,"y":54891392,"z":0,"angle":536870912,"subsector":4566993320},"type":"shotgun_soldier","health":30,"id":4567155632}}
{"counter":6670,"type":"move","frame":{"millis":32743,"tic":1146},"actor":{"position":{"x":-20018432,"y":52725376,"z":0,"angle":2684354560,"subsector":4566993320},"type":"shotgun_soldier","health":30,"id":4567155896}}
{"counter":6671,"type":"move","frame":{"millis":32743,"tic":1146},"actor":{"position":{"x":-7970368,"y":26272704,"z":0,"angle":1073741824,"subsector":4566993432},"type":"shotgun_soldier","health":30,"id":4567156160}}
{"counter":6672,"type":"move","frame":{"millis":32743,"tic":1146},"actor":{"position":{"x":1980544,"y":29953280,"z":0,"angle":0,"subsector":4566993432},"type":"shotgun_soldier","health":30,"id":4567156424}}
{"counter":6673,"type":"move","frame":{"millis":32743,"tic":1146},"actor":{"position":{"x":9064976,"y":13401136,"z":0,"angle":1610612736,"subsector":4566993032},"type":"spectre","health":150,"id":4567162232}}
{"counter":6674,"type":"move","frame":{"millis":32772,"tic":1147},"actor":{"position":{"x":9639886,"y":33366424,"z":3670016,"angle":3288334336,"subsector":4566993496},"type":"player","health":46,"armor":58,"id":4567120880}}
{"counter":6675,"type":"move","frame":{"millis":32772,"tic":1147},"actor":{"position":{"x":9600127,"y":33899302,"z":3670016,"angle":3288334336,"subsector":4566993496},"type":"player","health":46,"armor":58,"id":4567120880}}
{"counter":6676,"type":"move","frame":{"millis":32772,"tic":1147},"actor":{"position":{"x":1811136,"y":27294656,"z":0,"angle":536870912,"subsector":4566993432},"type":"imp","health":60,"id":4567132928}}
{"counter":6677,"type":"move","frame":{"millis":32772,"tic":1147},"actor":{"position":{"x":-23905600,"y":24429888,"z":0,"angle":0,"subsector":4566993432},"type":"soldier","health":20,"id":4567138208}}
{"counter":6678,"type":"move","frame":{"millis":32772,"tic":1147},"actor":{"position":{"x":-990272,"y":27755584,"z":0,"angle":3221225472,"subsector":4566993432},"type":"shotgun_soldier","health":30,"id":4567139792}}
{"counter":6679,"type":"move","frame":{"millis":32773,"tic":1147},"actor":{"position":{"x":56557104,"y":23647248,"z":0,"angle":1073741824,"subsector":4566994312},"type":"spectre","health":150,"id":4567166984}}
{"counter":6680,"type":"move","frame":{"millis":32801,"tic":1148},"actor":{"position":{"x":9600127,"y":33899302,"z":3670016,"angle":3288334336,"subsector":4566993496},"type":"player","health":46,"armor":58,"id":4567120880}}
{"counter":6681,"type":"move","frame":{"millis":32801,"tic":1148},"actor":{"position":{"x":9573767,"y":34284396,"z":3670016,"angle":3288334336,"subsector":4566993496},"type":"player","health":46,"armor":58,"id":4567120880}}
{"counter":6682,"type":"move","frame":{"millis":32801,"tic":1148},"actor":{"position":{"x":8982583,"y":17874667,"z":1048576,"angle":2147483648,"subsector":4566993096},"type":"spectre","health":58,"id":4567137416}}
{"counter":6683,"type":"move","frame":{"millis":32801,"tic":1148},"actor":{"position":{"x":-23757312,"y":52730880,"z":0,"angle":2147483648,"subsector":4566993384},"type":"soldier","health":20,"id":4567138736}}
{"counter":6684,"type":"move","frame":{"millis":32801,"tic":1148},"actor":{"position":{"x":-4506944,"y":24583232,"z":0,"angle":3758096384,"subsector":4566993432},"type":"soldier","health":20,"id":4567139528}}
{"counter":6685,"type":"move","frame":{"millis":32801,"tic":1148},"actor":{"position":{"x":-21691840,"y":56204864,"z":0,"angle":0,"subsector":4566993384},"type":"shotgun_soldier","health":30,"id":4567155368}}
{"counter":6686,"type":"move","frame":{"millis":32801,"tic":1148},"actor":{"position":{"x":9534976,"y":12931136,"z":0,"angle":2147483648,"subsector":4566993032},"type":"spectre","health":150,"id":4567162232}}
{"counter":6687,"type":"move","frame":{"millis":32801,"tic":1148},"actor":{"position":{"x":13144384,"y":15056064,"z":0,"angle":1073741824,"subsector":4566993032},"type":"imp","health":60,"id":4567172264}}
{"counter":6688,"type":"move","frame":{"millis":32829,"tic":1149},"actor":{"position":{"x":9573767,"y":34284396,"z":3670016,"angle":3288334336,"subsector":4566993496},"type":"player","health":46,"armor":58,"id":4567120880}}
{"counter":6689,"type":"move","frame":{"millis":32829,"tic":1149},"actor":{"position":{"x":9559550,"y":34535561,"z":3670016,"angle":3288334336,"subsector":4566993496},"type":"player","health":46,"armor":58,"id":4567120880}}
{"counter":6690,"type":"move","frame":{"millis":32829,"tic":1149},"actor":{"position":{"x":15638656,"y":11036672,"z":0,"angle":2147483648,"subsector":4566993048},"type":"shotgun_soldier","health":30,"id":4567137680}}
{"counter":6691,"type":"move","frame":{"millis":32829,"tic":1149},"actor":{"position":{"x":-8605760,"y":83578944,"z":0,"angle":1073741824,"subsector":4566996760},"type":"soldier","health":20,"id":4567139000}}
{"counter":6692,"type":"move","frame":{"millis":32829,"tic":1149},"actor":{"position":{"x":-12572352,"y":84399808,"z":0,"angle":1610612736,"subsector":4566996760},"type":"shotgun_soldier","health":30,"id":4567155104}}
{"counter":6693,"type":"move","frame":{"millis":32829,"tic":1149},"actor":{"position":{"x":-16210688,"y":55415680,"z":0,"angle":1073741824,"subsector":4566993320},"type":"shotgun_soldier","health":30,"id":4567155632}}
{"counter":6694,"type":"move","frame":{"millis":32829,"tic":1149},"actor":{"position":{"x":-20542720,"y":52725376,"z":0,"angle":2147483648,"subsector":4566993320},"type":"shotgun_soldier","health":30,"id":4567155896}}
{"counter":6695,"type":"move","frame":{"millis":32829,"tic":1149},"actor":{"position":{"x":-7970368,"y":26796992,"z":0,"angle":1073741824,"subsector":4566993432},"type":"shotgun_soldier","health":30,"id":4567156160}}
{"counter":6696,"type":"move","frame":{"millis":32829,"tic":1149},"actor":{"position":{"x":2504832,"y":29953280,"z":0,"angle":536870912,"subsector":4566993432},"type":"shotgun_soldier","health":30,"id":4567156424}}
{"counter":6697,"type":"move","frame":{"millis":32829,"tic":1149},"actor":{"position":{"x":56557104,"y":24302608,"z":0,"angle":1073741824,"subsector":4566994312},"type":"spectre","health":150,"id":4567166984}}
{"counter":6698,"type":"move","frame":{"millis":32859,"tic":1150},"actor":{"position":{"x":9559550,"y":34535561,"z":3670016,"angle":3288334336,"subsector":4566993496},"type":"player","health":46,"armor":58,"id":4567120880}}
{"counter":6699,"type":"move","frame":{"millis":32859,"tic":1150},"actor":{"position":{"x":9556740,"y":34661277,"z":3670016,"angle":3288334336,"subsector":4566993496},"type":"player","health":46,"armor":58,"id":4567120880}}
{"counter":6700,"type":"move","frame":{"millis":32859,"tic":1150},"actor":{"position":{"x":2335424,"y":27294656,"z":0,"angle":1073741824,"subsector":4566993432},"type":"imp","health":60,"id":4567132928}}
{"counter":6701,"type":"move","frame":{"millis":32859,"tic":1150},"actor":{"position":{"x":8327223,"y":17874667,"z":1048576,"angle":2147483648,"subsector":4566993096},"type":"spectre","health":58,"id":4567137416}}
{"counter":6702,"type":"move","frame":{"millis":32859,"tic":1150},"actor":{"position":{"x":-450368,"y":24864192,"z":0,"angle":3758096384,"subsector":4566993432},"type":"soldier","health":20,"id":4567137944}}
{"counter":6703,"type":"move","frame":{"millis":32859,"tic":1150},"actor":{"position":{"x":-465984,"y":27755584,"z":0,"angle":3758096384,"subsector":4566993432},"type":"shotgun_soldier","health":30,"id":4567139792}}
{"counter":6704,"type":"move","frame":{"millis":32859,"tic":1150},"actor":{"position":{"x":9534976,"y":13586496,"z":0,"angle":2684354560,"subsector":4566993032},"type":"spectre","health":150,"id":4567162232}}
{"counter":6705,"type":"move","frame":{"millis":32859,"tic":1150},"actor":{"position":{"x":2271616,"y":24434944,"z":0,"angle":0,"subsector":4566993432},"type":"shotgun_soldier","health":30,"id":4567172528}}
{"counter":6706,"type":"move","frame":{"millis":32886,"tic":1151},"actor":{"position":{"x":9556740,"y":34661277,"z":3670016,"angle":3288334336,"subsector":4566993496},"type":"player","health":46,"armor":58,"id":4567120880}}
{"counter":6707,"type":"move","frame":{"millis":32886,"tic":1151},"actor":{"position":{"x":9564268,"y":34673305,"z":3670016,"angle":3288334336,"subsector":4566993496},"type":"player","health":46,"armor":58,"id":4567120880}}
{"counter":6708,"type":"move","frame":{"millis":32886,"tic":1151},"actor":{"position":{"x":-23381312,"y":24429888,"z":0,"angle":0,"subsector":4566993432},"type":"soldier","health":20,"id":4567138208}}
{"counter":6709,"type":"move","frame":{"millis":32886,"tic":1151},"actor":{"position":{"x":-21167552,"y":56204864,"z":0,"angle":0,"subsector":4566993384},"type":"shotgun_soldier","health":30,"id":4567155368}}
{"counter":6710,"type":"move","frame":{"millis":32886,"tic":1151},"actor":{"position":{"x":56557104,"y":24957968,"z":0,"angle":1073741824,"subsector":4566994312},"type":"spectre","health":150,"id":4567166984}}
{"counter":6711,"type":"move","frame":{"millis":32886,"tic":1151},"actor":{"position":{"x":13144384,"y":15580352,"z":0,"angle":1073741824,"subsector":4566993032},"type":"imp","health":60,"id":4567172264}}
{"counter":6712,"type":"move","frame":{"millis":32915,"tic":1152},"actor":{"position":{"x":9564268,"y":34673305,"z":3670016,"angle":3288334336,"subsector":4566993496},"type":"player","health":46,"armor":58,"id":4567120880}}
{"counter":6713,"type":"move","frame":{"millis":32915,"tic":1152},"actor":{"position":{"x":9581165,"y":34582303,"z":3670016,"angle":3288334336,"subsector":4566993496},"type":"player","health":46,"armor":58,"id":4567120880}}
{"counter":6714,"type":"move","frame":{"millis":32915,"tic":1152},"actor":{"position":{"x":8982583,"y":17874667,"z":1048576,"angle":2147483648,"subsector":4566993096},"type":"spectre","health":58,"id":4567137416}}
{"counter":6715,"type":"move","frame":{"millis":32915,"tic":1152},"actor":{"position":{"x":15114368,"y":11036672,"z":0,"angle":2147483648,"subsector":4566993048},"type":"shotgun_soldier","health":30,"id":4567137680}}
{"counter":6716,"type":"move","frame":{"millis":32915,"tic":1152},"actor":{"position":{"x":-24281600,"y":52730880,"z":0,"angle":2147483648,"subsector":4566993384},"type":"soldier","health":20,"id":4567138736}}
{"counter":6717,"type":"move","frame":{"millis":32915,"tic":1152},"actor":{"position":{"x":-4130944,"y":24207232,"z":0,"angle":3758096384,"subsector":4566993432},"type":"soldier","health":20,"id":4567139528}}
{"counter":6718,"type":"move","frame":{"millis":32915,"tic":1152},"actor":{"position":{"x":-13096640,"y":84399808,"z":0,"angle":2147483648,"subsector":4566996760},"type":"shotgun_soldier","health":30,"id":4567155104}}
{"counter":6719,"type":"move","frame":{"millis":32915,"tic":1152},"actor":{"position":{"x":-16210688,"y":55939968,"z":0,"angle":1073741824,"subsector":4566993320},"type":"shotgun_soldier","health":30,"id":4567155632}}
{"counter":6720,"type":"move","frame":{"millis":32915,"tic":1152},"actor":{"position":{"x":-21067008,"y":52725376,"z":0,"angle":2147483648,"subsector":4566993384},"type":"shotgun_soldier","health":30,"id":4567155896}}
{"counter":6721,"type":"move","frame":{"millis":32915,"tic":1152},"actor":{"position":{"x":-7970368,"y":27321280,"z":0,"angle":1073741824,"subsector":4566993432},"type":"shotgun_soldier","health":30,"id":4567156160}}
{"counter":6722,"type":"move","frame":{"millis":32915,"tic":1152},"actor":{"position":{"x":9064976,"y":13116496,"z":0,"angle":2147483648,"subsector":4566993032},"type":"spectre","health":150,"id":4567162232}}
{"counter":6723,"type":"move","frame":{"millis":32944,"tic":1153},"actor":{"position":{"x":9581165,"y":34582303,"z":3670016,"angle":3288334336,"subsector":4566993496},"type":"player","health":46,"armor":58,"id":4567120880}}
{"counter":6724,"type":"move","frame":{"millis":32944,"tic":1153},"actor":{"position":{"x":9606552,"y":34397930,"z":3670016,"angle":3288334336,"subsector":4566993496},"type":"player","health":46,"armor":58,"id":4567120880}}
{"counter":6725,"type":"move","frame":{"millis":32944,"tic":1153},"actor":{"position":{"x":2859712,"y":27294656,"z":0,"angle":536870912,"subsector":4566993432},"type":"imp","health":60,"id":4567132928}}
{"counter":6726,"type":"move","frame":{"millis":32944,"tic":1153},"actor":{"position":{"x":-8605760,"y":84103232,"z":0,"angle":1073741824,"subsector":4566996760},"type":"soldier","health":20,"id":4567139000}}
{"counter":6727,"type":"move","frame":{"millis":32944,"tic":1153},"actor":{"position":{"x":-465984,"y":28279872,"z":0,"angle":0,"subsector":4566993432},"type":"shotgun_soldier","health":30,"id":4567139792}}
{"counter":6728,"type":"move","frame":{"millis":32944,"tic":1153},"actor":{"position":{"x":56557104,"y":25613328,"z":0,"angle":1073741824,"subsector":4566994312},"type":"spectre","health":150,"id":4567166984}}
{"counter":6729,"type":"move","frame":{"millis":32944,"tic":1153},"actor":{"position":{"x":2795904,"y":24434944,"z":0,"angle":536870912,"subsector":4566993432},"type":"shotgun_soldier","health":30,"id":4567172528}}
{"counter":6730,"type":"move","frame":{"millis":32972,"tic":1154},"actor":{"position":{"x":9606552,"y":34397930,"z":3670016,"angle":3288334336,"subsector":4566993496},"type":"player","health":46,"armor":58,"id":4567120880}}
{"counter":6731,"type":"move","frame":{"millis":32973,"tic":1154},"actor":{"position":{"x":9639633,"y":34128939,"z":3670016,"angle":3288334336,"subsector":4566993496},"type":"player","health":46,"armor":58,"id":4567120880}}
{"counter":6732,"type":"move","frame":{"millis":32973,"tic":1154},"actor":{"position":{"x":9637943,"y":17874667,"z":1048576,"angle":2684354560,"subsector":4566993096},"type":"spectre","health":58,"id":4567137416}}
{"counter":6733,"type":"move","frame":{"millis":32973,"tic":1154},"actor":{"position":{"x":-74368,"y":25240192,"z":0,"angle":0,"subsector":4566993432},"type":"soldier","health":20,"id":4567137944}}
{"counter":6734,"type":"move","frame":{"millis":32973,"tic":1154},"actor":{"position":{"x":-20643264,"y":56204864,"z":0,"angle":0,"subsector":4566993320},"type":"shotgun_soldier","health":30,"id":4567155368}}
{"counter":6735,"type":"move","frame":{"millis":32973,"tic":1154},"actor":{"position":{"x":9064976,"y":13771856,"z":0,"angle":2684354560,"subsector":4566993032},"type":"spectre","health":150,"id":4567162232}}
{"counter":6736,"type":"move","frame":{"millis":32973,"tic":1154},"actor":{"position":{"x":13144384,"y":16104640,"z":524288,"angle":1073741824,"subsector":4566993032},"type":"imp","health":60,"id":4567172264}}
{"counter":6737,"type":"move","frame":{"millis":33000,"tic":1155},"actor":{"position":{"x":9639633,"y":34128939,"z":3670016,"angle":3288334336,"subsector":4566993496},"type":"player","health":46,"armor":58,"id":4567120880}}
{"weapon_type":2,"counter":6738,"type":"attacked","frame":{"millis":33000,"tic":1155},"actor":{"position":{"x":9639633,"y":34128939,"z":3670016,"angle":3288334336,"subsector":4566993496},"type":"player","health":46,"armor":58,"id":4567120880}}
{"counter":6739,"type":"move","frame":{"millis":33000,"tic":1155},"actor":{"position":{"x":9679687,"y":33783263,"z":3670016,"angle":3288334336,"subsector":4566993496},"type":"player","health":46,"armor":58,"id":4567120880}}
{"counter":6740,"type":"move","frame":{"millis":33000,"tic":1155},"actor":{"position":{"x":14590080,"y":11036672,"z":0,"angle":2147483648,"subsector":4566993032},"type":"shotgun_soldier","health":30,"id":4567137680}}
{"counter":6741,"type":"move","frame":{"millis":33000,"tic":1155},"actor":{"position":{"x":-22857024,"y":24429888,"z":0,"angle":0,"subsector":4566993432},"type":"soldier","health":20,"id":4567138208}}
{"counter":6742,"type":"move","frame":{"millis":33000,"tic":1155},"actor":{"position":{"x":-13620928,"y":84399808,"z":0,"angle":2147483648,"subsector":4566996760},"type":"shotgun_soldier","health":30,"id":4567155104}}
{"counter":6743,"type":"move","frame":{"millis":33000,"tic":1155},"actor":{"position":{"x":-16586688,"y":55563968,"z":0,"angle":1073741824,"subsector":4566993320},"type":"shotgun_soldier","health":30,"id":4567155632}}
{"counter":6744,"type":"move","frame":{"millis":33000,"tic":1155},"actor":{"position":{"x":-21591296,"y":52725376,"z":0,"angle":2147483648,"subsector":4566993384},"type":"shotgun_soldier","health":30,"id":4567155896}}
{"counter":6745,"type":"move","frame":{"millis":33000,"tic":1155},"actor":{"position":{"x":-7970368,"y":27845568,"z":0,"angle":1073741824,"subsector":4566993432},"type":"shotgun_soldier","health":30,"id":4567156160}}
{"counter":6746,"type":"move","frame":{"millis":33000,"tic":1155},"actor":{"position":{"x":56557104,"y":26268688,"z":0,"angle":1073741824,"subsector":4566994312},"type":"spectre","health":150,"id":4567166984}}
{"counter":6747,"type":"move","frame":{"millis":33030,"tic":1156},"actor":{"position":{"x":9715985,"y":33469994,"z":3670016,"angle":3288334336,"subsector":4566993496},"type":"player","health":46,"armor":58,"id":4567120880}}
{"counter":6748,"type":"move","frame":{"millis":33030,"tic":1156},"actor":{"position":{"x":8982583,"y":17874667,"z":1048576,"angle":3221225472,"subsector":4566993096},"type":"spectre","health":58,"id":4567137416}}
{"counter":6749,"type":"move","frame":{"millis":33030,"tic":1156},"actor":{"position":{"x":-24281600,"y":52206592,"z":0,"angle":2147483648,"subsector":4566993384},"type":"soldier","health":20,"id":4567138736}}
{"counter":6750,"type":"move","frame":{"millis":33030,"tic":1156},"actor":{"position":{"x":-3754944,"y":23831232,"z":0,"angle":3758096384,"subsector":4566993432},"type":"soldier","health":20,"id":4567139528}}
{"counter":6751,"type":"move","frame":{"millis":33030,"tic":1156},"actor":{"position":{"x":-465984,"y":28804160,"z":0,"angle":536870912,"subsector":4566993432},"type":"shotgun_soldier","health":30,"id":4567139792}}
{"counter":6752,"type":"move","frame":{"millis":33030,"tic":1156},"actor":{"position":{"x":9534976,"y":13301856,"z":0,"angle":2147483648,"subsector":4566993032},"type":"spectre","health":150,"id":4567162232}}
{"counter":6753,"type":"move","frame":{"millis":33058,"tic":1157},"actor":{"position":{"x":9715985,"y":33469994,"z":3670016,"angle":3288334336,"subsector":4566993496},"type":"player","health":46,"armor":58,"id":4567120880}}
{"counter":6754,"type":"move","frame":{"millis":33058,"tic":1157},"actor":{"position":{"x":9748074,"y":33194245,"z":3670016,"angle":3288334336,"subsector":4566993496},"type":"player","health":46,"armor":58,"id":4567120880}}
{"counter":6755,"type":"move","frame":{"millis":33058,"tic":1157},"actor":{"position":{"x":-8605760,"y":84627520,"z":0,"angle":1073741824,"subsector":4566996760},"type":"soldier","health":20,"id":4567139000}}
{"counter":6756,"type":"move","frame":{"millis":33058,"tic":1157},"actor":{"position":{"x":-20118976,"y":56204864,"z":0,"angle":0,"subsector":4566993320},"type":"shotgun_soldier","health":30,"id":4567155368}}
{"counter":6757,"type":"move","frame":{"millis":33058,"tic":1157},"actor":{"position":{"x":56557104,"y":26924048,"z":0,"angle":1073741824,"subsector":4566994312},"type":"spectre","health":150,"id":4567166984}}
{"counter":6758,"type":"move","frame":{"millis":33058,"tic":1157},"actor":{"position":{"x":13144384,"y":16628928,"z":524288,"angle":1073741824,"subsector":4566993032},"type":"imp","health":60,"id":4567172264}}
{"counter":6759,"type":"move","frame":{"millis":33086,"tic":1158},"actor":{"position":{"x":9748074,"y":33194245,"z":3670016,"angle":3288334336,"subsector":4566993496},"type":"player","health":46,"armor":58,"id":4567120880}}
{"damage":15,"counter":6760,"type":"hit","frame":{"millis":33086,"tic":1158},"actor":{"position":{"x":9748074,"y":33194245,"z":3670016,"angle":3288334336,"subsector":4566993496},"type":"player","health":46,"armor":58,"id":4567120880},"target":{"position":{"x":8982583,"y":17874667,"z":1048576,"angle":3221225472,"subsector":4566993096},"type":"spectre","health":43,"id":4567137416}}
{"damage":15,"counter":6761,"type":"hit","frame":{"millis":33086,"tic":1158},"actor":{"position":{"x":9748074,"y":33194245,"z":3670016,"angle":3288334336,"subsector":4566993496},"type":"player","health":46,"armor":58,"id":4567120880},"target":{"position":{"x":8982583,"y":17874667,"z":1048576,"angle":3221225472,"subsector":4566993096},"type":"spectre","health":28,"id":4567137416}}
{"damage":5,"counter":6762,"type":"hit","frame":{"millis":33086,"tic":1158},"actor":{"position":{"x":9748074,"y":33194245,"z":3670016,"angle":3288334336,"subsector":4566993496},"type":"player","health":46,"armor":58,"id":4567120880},"target":{"position":{"x":8982583,"y":17874667,"z":1048576,"angle":3221225472,"subsector":4566993096},"type":"spectre","health":23,"id":4567137416}}
{"damage":5,"counter":6763,"type":"hit","frame":{"millis":33086,"tic":1158},"actor":{"position":{"x":9748074,"y":33194245,"z":3670016,"angle":3288334336,"subsector":4566993496},"type":"player","health":46,"armor":58,"id":4567120880},"target":{"position":{"x":13144384,"y":16628928,"z":524288,"angle":1073741824,"subsector":4566993032},"type":"imp","health":55,"id":4567172264}}
{"counter":6764,"type":"targeted","frame":{"millis":33086,"tic":1158},"actor":{"position":{"x":9748074,"y":33194245,"z":3670016,"angle":3288334336,"subsector":4566993496},"type":"player","health":46,"armor":58,"id":4567120880},"target":{"position":{"x":13144384,"y":16628928,"z":524288,"angle":1073741824,"subsector":4566993032},"type":"imp","health":55,"id":4567172264}}
{"damage":10,"counter":6765,"type":"hit","frame":{"millis":33086,"tic":1158},"actor":{"position":{"x":9748074,"y":33194245,"z":3670016,"angle":3288334336,"subsector":4566993496},"type":"player","health":46,"armor":58,"id":4567120880},"target":{"position":{"x":9534976,"y":13301856,"z":0,"angle":2147483648,"subsector":4566993032},"type":"spectre","health":140,"id":4567162232}}
{"counter":6766,"type":"targeted","frame":{"millis":33086,"tic":1158},"actor":{"position":{"x":9748074,"y":33194245,"z":3670016,"angle":3288334336,"subsector":4566993496},"type":"player","health":46,"armor":58,"id":4567120880},"target":{"position":{"x":9534976,"y":13301856,"z":0,"angle":2147483648,"subsector":4566993032},"type":"spectre","health":140,"id":4567162232}}
{"damage":10,"counter":6767,"type":"hit","frame":{"millis":33086,"tic":1158},"actor":{"position":{"x":9748074,"y":33194245,"z":3670016,"angle":3288334336,"subsector":4566993496},"type":"player","health":46,"armor":58,"id":4567120880},"target":{"position":{"x":8982583,"y":17874667,"z":1048576,"angle":3221225472,"subsector":4566993096},"type":"spectre","health":13,"id":4567137416}}
{"damage":15,"counter":6768,"type":"hit","frame":{"millis":33086,"tic":1158},"actor":{"position":{"x":9748074,"y":33194245,"z":3670016,"angle":3288334336,"subsector":4566993496},"type":"player","health":46,"armor":58,"id":4567120880},"target":{"position":{"x":12582912,"y":1048576,"z":0,"angle":0,"subsector":4566993016},"type":"barrel","health":5,"id":4567170152}}
{"counter":6769,"type":"targeted","frame":{"millis":33086,"tic":1158},"actor":{"position":{"x":9748074,"y":33194245,"z":3670016,"angle":3288334336,"subsector":4566993496},"type":"player","health":46,"armor":58,"id":4567120880},"target":{"position":{"x":12582912,"y":1048576,"z":0,"angle":0,"subsector":4566993016},"type":"barrel","health":5,"id":4567170152}}
{"counter":6770,"type":"move","frame":{"millis":33086,"tic":1158},"actor":{"position":{"x":9773728,"y":32978993,"z":3670016,"angle":3288334336,"subsector":4566993496},"type":"player","health":46,"armor":58,"id":4567120880}}
{"counter":6771,"type":"move","frame":{"millis":33086,"tic":1158},"actor":{"position":{"x":8978025,"y":17782618,"z":1048576,"angle":3221225472,"subsector":4566993096},"type":"spectre","health":13,"id":4567137416}}
{"counter":6772,"type":"move","frame":{"millis":33086,"tic":1158},"actor":{"position":{"x":14065792,"y":11036672,"z":0,"angle":2147483648,"subsector":4566993032},"type":"shotgun_soldier","health":30,"id":4567137680}}
{"counter":6773,"type":"move","frame":{"millis":33086,"tic":1158},"actor":{"position":{"x":-74368,"y":25764480,"z":0,"angle":536870912,"subsector":4566993432},"type":"soldier","health":20,"id":4567137944}}
{"counter":6774,"type":"move","frame":{"millis":33086,"tic":1158},"actor":{"position":{"x":-14145216,"y":84399808,"z":0,"angle":2147483648,"subsector":4566996760},"type":"shotgun_soldier","health":30,"id":4567155104}}
{"counter":6775,"type":"move","frame":{"millis":33086,"tic":1158},"actor":{"position":{"x":-16962688,"y":55187968,"z":0,"angle":1610612736,"subsector":4566993320},"type":"shotgun_soldier","health":30,"id":4567155632}}
{"counter":6776,"type":"move","frame":{"millis":33086,"tic":1158},"actor":{"position":{"x":-21591296,"y":53249664,"z":0,"angle":2147483648,"subsector":4566993384},"type":"shotgun_soldier","health":30,"id":4567155896}}
{"counter":6777,"type":"move","frame":{"millis":33086,"tic":1158},"actor":{"position":{"x":-7970368,"y":28369856,"z":0,"angle":1073741824,"subsector":4566993432},"type":"shotgun_soldier","health":30,"id":4567156160}}
{"counter":6778,"type":"move","frame":{"millis":33086,"tic":1158},"actor":{"position":{"x":9534764,"y":13281377,"z":0,"angle":2147483648,"subsector":4566993032},"type":"spectre","health":140,"id":4567162232}}
{"counter":6779,"type":"move","frame":{"millis":33086,"tic":1158},"actor":{"position":{"x":10004764,"y":12811377,"z":0,"angle":2684354560,"subsector":4566993032},"type":"spectre","health":140,"id":4567162232}}
{"counter":6780,"type":"move","frame":{"millis":33086,"tic":1158},"actor":{"position":{"x":12593687,"y":926170,"z":0,"angle":0,"subsector":4566993016},"type":"barrel","health":5,"id":4567170152}}
{"counter":6781,"type":"move","frame":{"millis":33086,"tic":1158},"actor":{"position":{"x":13152605,"y":16588801,"z":524288,"angle":1073741824,"subsector":4566993032},"type":"imp","health":55,"id":4567172264}}
{"counter":6782,"type":"move","frame":{"millis":33115,"tic":1159},"actor":{"position":{"x":9773728,"y":32978993,"z":3670016,"angle":3271557120,"subsector":4566993496},"type":"player","health":46,"armor":58,"id":4567120880}}
{"counter":6783,"type":"move","frame":{"millis":33115,"tic":1159},"actor":{"position":{"x":9792432,"y":32845191,"z":3670016,"angle":3271557120,"subsector":4566993496},"type":"player","health":46,"armor":58,"id":4567120880}}
{"counter":6784,"type":"move","frame":{"millis":33115,"tic":1159},"actor":{"position":{"x":8973894,"y":17699198,"z":1048576,"angle":3221225472,"subsector":4566993096},"type":"spectre","health":13,"id":4567137416}}
{"counter":6785,"type":"move","frame":{"millis":33115,"tic":1159},"actor":{"position":{"x":-22481024,"y":24805888,"z":0,"angle":0,"subsector":4566993432},"type":"soldier","health":20,"id":4567138208}}
{"counter":6786,"type":"move","frame":{"millis":33115,"tic":1159},"actor":{"position":{"x":-465984,"y":29328448,"z":0,"angle":1073741824,"subsector":4566993432},"type":"shotgun_soldier","health":30,"id":4567139792}}
{"counter":6787,"type":"move","frame":{"millis":33115,"tic":1159},"actor":{"position":{"x":10004571,"y":12792817,"z":0,"angle":2684354560,"subsector":4566993032},"type":"spectre","health":140,"id":4567162232}}
{"counter":6788,"type":"move","frame":{"millis":33115,"tic":1159},"actor":{"position":{"x":57212464,"y":26924048,"z":0,"angle":1073741824,"subsector":4566994312},"type":"spectre","health":150,"id":4567166984}}
{"counter":6789,"type":"move","frame":{"millis":33115,"tic":1159},"actor":{"position":{"x":12603451,"y":815239,"z":0,"angle":0,"subsector":4566993016},"type":"barrel","health":5,"id":4567170152}}
{"counter":6790,"type":"move","frame":{"millis":33115,"tic":1159},"actor":{"position":{"x":13160055,"y":16552435,"z":524288,"angle":1073741824,"subsector":4566993032},"type":"imp","health":55,"id":4567172264}}
{"counter":6791,"type":"move","frame":{"millis":33143,"tic":1160},"actor":{"position":{"x":9792432,"y":32845191,"z":3670016,"angle":3271557120,"subsector":4566993496},"type":"player","health":46,"armor":58,"id":4567120880}}
{"counter":6792,"type":"move","frame":{"millis":33143,"tic":1160},"actor":{"position":{"x":9806050,"y":32768864,"z":3670016,"angle":3271557120,"subsector":4566993496},"type":"player","health":46,"armor":58,"id":4567120880}}
{"counter":6793,"type":"move","frame":{"millis":33143,"tic":1160},"actor":{"position":{"x":8970150,"y":17623598,"z":1048576,"angle":3221225472,"subsector":4566993096},"type":"spectre","health":13,"id":4567137416}}
{"counter":6794,"type":"move","frame":{"millis":33143,"tic":1160},"actor":{"position":{"x":-24281600,"y":51682304,"z":0,"angle":2684354560,"subsector":4566993384},"type":"soldier","health":20,"id":4567138736}}
{"counter":6795,"type":"move","frame":{"millis":33143,"tic":1160},"actor":{"position":{"x":-3378944,"y":23455232,"z":0,"angle":3758096384,"subsector":4566993432},"type":"soldier","health":20,"id":4567139528}}
{"counter":6796,"type":"move","frame":{"millis":33143,"tic":1160},"actor":{"position":{"x":-19594688,"y":56204864,"z":0,"angle":0,"subsector":4566993320},"type":"shotgun_soldier","health":30,"id":4567155368}}
{"counter":6797,"type":"move","frame":{"millis":33143,"tic":1160},"actor":{"position":{"x":10004396,"y":12775997,"z":0,"angle":2684354560,"subsector":4566993032},"type":"spectre","health":140,"id":4567162232}}
{"counter":6798,"type":"move","frame":{"millis":33143,"tic":1160},"actor":{"position":{"x":10474396,"y":12305997,"z":0,"angle":3221225472,"subsector":4566993032},"type":"spectre","health":140,"id":4567162232}}
{"counter":6799,"type":"move","frame":{"millis":33143,"tic":1160},"actor":{"position":{"x":12612299,"y":714707,"z":0,"angle":0,"subsector":4566993016},"type":"barrel","health":5,"id":4567170152}}
{"counter":6800,"type":"move","frame":{"millis":33143,"tic":1160},"actor":{"position":{"x":13166806,"y":16519478,"z":524288,"angle":1073741824,"subsector":4566993032},"type":"imp","health":55,"id":4567172264}}
{"counter":6801,"type":"move","frame":{"millis":33172,"tic":1161},"actor":{"position":{"x":9806050,"y":32768864,"z":3670016,"angle":3288334336,"subsector":4566993496},"type":"player","health":46,"armor":58,"id":4567120880}}
{"counter":6802,"type":"move","frame":{"millis":33172,"tic":1161},"actor":{"position":{"x":9808316,"y":32801593,"z":3670016,"angle":3288334336,"subsector":4566993496},"type":"player","health":46,"armor":58,"id":4567120880}}
{"counter":6803,"type":"move","frame":{"millis":33172,"tic":1161},"actor":{"position":{"x":8966757,"y":17555085,"z":1048576,"angle":3221225472,"subsector":4566993096},"type":"spectre","health":13,"id":4567137416}}
{"counter":6804,"type":"move","frame":{"millis":33172,"tic":1161},"actor":{"position":{"x":8311397,"y":17555085,"z":1048576,"angle":2684354560,"subsector":4566993096},"type":"spectre","health":13,"id":4567137416}}
{"counter":6805,"type":"move","frame":{"millis":33172,"tic":1161},"actor":{"position":{"x":14065792,"y":10512384,"z":0,"angle":2147483648,"subsector":4566993032},"type":"shotgun_soldier","health":30,"id":4567137680}}
{"counter":6806,"type":"move","frame":{"millis":33172,"tic":1161},"actor":{"position":{"x":-8229760,"y":84251520,"z":0,"angle":1073741824,"subsector":4566996760},"type":"soldier","health":20,"id":4567139000}}
{"counter":6807,"type":"move","frame":{"millis":33172,"tic":1161},"actor":{"position":{"x":-14669504,"y":84399808,"z":0,"angle":2147483648,"subsector":4566996760},"type":"shotgun_soldier","health":30,"id":4567155104}}
{"counter":6808,"type":"move","frame":{"millis":33172,"tic":1161},"actor":{"position":{"x":-16586688,"y":54811968,"z":0,"angle":2147483648,"subsector":4566993320},"type":"shotgun_soldier","health":30,"id":4567155632}}
{"counter":6809,"type":"move","frame":{"millis":33172,"tic":1161},"actor":{"position":{"x":-21215296,"y":52873664,"z":0,"angle":1610612736,"subsector":4566993384},"type":"shotgun_soldier","health":30,"id":4567155896}}
{"counter":6810,"type":"move","frame":{"millis":33172,"tic":1161},"actor":{"position":{"x":-7970368,"y":28894144,"z":0,"angle":1073741824,"subsector":4566993432},"type":"shotgun_soldier","health":30,"id":4567156160}}
{"counter":6811,"type":"move","frame":{"millis":33172,"tic":1161},"actor":{"position":{"x":10474237,"y":12290753,"z":0,"angle":3221225472,"subsector":4566993032},"type":"spectre","health":140,"id":4567162232}}
{"counter":6812,"type":"move","frame":{"millis":33172,"tic":1161},"actor":{"position":{"x":57867824,"y":26924048,"z":0,"angle":536870912,"subsector":4566994312},"type":"spectre","health":150,"id":4567166984}}
{"counter":6813,"type":"move","frame":{"millis":33172,"tic":1161},"actor":{"position":{"x":12620317,"y":623599,"z":0,"angle":0,"subsector":4566993016},"type":"barrel","health":5,"id":4567170152}}
{"counter":6814,"type":"move","frame":{"millis":33172,"tic":1161},"actor":{"position":{"x":13172924,"y":16489610,"z":524288,"angle":1073741824,"subsector":4566993032},"type":"imp","health":55,"id":4567172264}}
{"counter":6815,"type":"move","frame":{"millis":33172,"tic":1161},"actor":{"position":{"x":13172924,"y":17013898,"z":524288,"angle":1073741824,"subsector":4566993096},"type":"imp","health":55,"id":4567172264}}
{"counter":6816,"type":"move","frame":{"millis":33200,"tic":1162},"actor":{"position":{"x":9808316,"y":32801593,"z":3670016,"angle":3288334336,"subsector":4566993496},"type":"player","health":46,"armor":58,"id":4567120880}}
{"counter":6817,"type":"move","frame":{"millis":33200,"tic":1162},"actor":{"position":{"x":9803518,"y":32900546,"z":3670016,"angle":3288334336,"subsector":4566993496},"type":"player","health":46,"armor":58,"id":4567120880}}
{"counter":6818,"type":"move","frame":{"millis":33200,"tic":1162},"actor":{"position":{"x":8308322,"y":17492995,"z":1048576,"angle":2684354560,"subsector":4566993096},"type":"spectre","health":13,"id":4567137416}}
{"counter":6819,"type":"move","frame":{"millis":33200,"tic":1162},"actor":{"position":{"x":-74368,"y":26288768,"z":0,"angle":1073741824,"subsector":4566993432},"type":"soldier","health":20,"id":4567137944}}
{"counter":6820,"type":"move","frame":{"millis":33200,"tic":1162},"actor":{"position":{"x":-465984,"y":29852736,"z":0,"angle":1073741824,"subsector":4566993432},"type":"shotgun_soldier","health":30,"id":4567139792}}
{"counter":6821,"type":"move","frame":{"millis":33200,"tic":1162},"actor":{"position":{"x":10474092,"y":12276938,"z":0,"angle":3221225472,"subsector":4566993032},"type":"spectre","health":140,"id":4567162232}}
{"counter":6822,"type":"move","frame":{"millis":33200,"tic":1162},"actor":{"position":{"x":10474092,"y":12932298,"z":0,"angle":3758096384,"subsector":4566993032},"type":"spectre","health":140,"id":4567162232}}
{"counter":6823,"type":"move","frame":{"millis":33200,"tic":1162},"actor":{"position":{"x":12627583,"y":541032,"z":0,"angle":0,"subsector":4566993016},"type":"barrel","health":5,"id":4567170152}}
{"counter":6824,"type":"move","frame":{"millis":33200,"tic":1162},"actor":{"position":{"x":13178468,"y":16986830,"z":524288,"angle":1073741824,"subsector":4566993096},"type":"imp","health":55,"id":4567172264}}
{"counter":6825,"type":"move","frame":{"millis":33229,"tic":1163},"actor":{"position":{"x":9803518,"y":32900546,"z":3670016,"angle":3288334336,"subsector":4566993496},"type":"player","health":46,"armor":58,"id":4567120880}}
{"counter":6826,"type":"move","frame":{"millis":33229,"tic":1163},"actor":{"position":{"x":9797758,"y":33004488,"z":3670016,"angle":3288334336,"subsector":4566993496},"type":"player","health":46,"armor":58,"id":4567120880}}
{"counter":6827,"type":"move","frame":{"millis":33229,"tic":1163},"actor":{"position":{"x":8305535,"y":17436725,"z":1048576,"angle":2684354560,"subsector":4566993096},"type":"spectre","health":13,"id":4567137416}}
{"counter":6828,"type":"move","frame":{"millis":33229,"tic":1163},"actor":{"position":{"x":8775535,"y":17906725,"z":1048576,"angle":2147483648,"subsector":4566993096},"type":"spectre","health":13,"id":4567137416}}
{"counter":6829,"type":"move","frame":{"millis":33229,"tic":1163},"actor":{"position":{"x":-22105024,"y":25181888,"z":0,"angle":536870912,"subsector":4566993432},"type":"soldier","health":20,"id":4567138208}}
{"counter":6830,"type":"move","frame":{"millis":33229,"tic":1163},"actor":{"position":{"x":-19218688,"y":55828864,"z":0,"angle":0,"subsector":4566993320},"type":"shotgun_soldier","health":30,"id":4567155368}}
{"counter":6831,"type":"move","frame":{"millis":33229,"tic":1163},"actor":{"position":{"x":10473960,"y":12919778,"z":0,"angle":3758096384,"subsector":4566993032},"type":"spectre","health":140,"id":4567162232}}
{"counter":6832,"type":"move","frame":{"millis":33229,"tic":1163},"actor":{"position":{"x":58523184,"y":26924048,"z":0,"angle":0,"subsector":4566994312},"type":"spectre","health":150,"id":4567166984}}
{"counter":6833,"type":"move","frame":{"millis":33229,"tic":1163},"actor":{"position":{"x":12634167,"y":466205,"z":0,"angle":0,"subsector":4566993016},"type":"barrel","health":5,"id":4567170152}}
{"counter":6834,"type":"move","frame":{"millis":33229,"tic":1163},"actor":{"position":{"x":13183492,"y":16962299,"z":524288,"angle":1073741824,"subsector":4566993096},"type":"imp","health":55,"id":4567172264}}
{"counter":6835,"type":"move","frame":{"millis":33258,"tic":1164},"actor":{"position":{"x":9792538,"y":33098685,"z":3670016,"angle":3288334336,"subsector":4566993496},"type":"player","health":46,"armor":58,"id":4567120880}}
{"counter":6836,"type":"move","frame":{"millis":33258,"tic":1164},"actor":{"position":{"x":8773009,"y":17855730,"z":1048576,"angle":2147483648,"subsector":4566993096},"type":"spectre","health":13,"id":4567137416}}
{"counter":6837,"type":"move","frame":{"millis":33258,"tic":1164},"actor":{"position":{"x":14065792,"y":9988096,"z":0,"angle":2684354560,"subsector":4566993032},"type":"shotgun_soldier","health":30,"id":4567137680}}
{"counter":6838,"type":"move","frame":{"millis":33258,"tic":1164},"actor":{"position":{"x":-24657600,"y":51306304,"z":0,"angle":3221225472,"subsector":4566993384},"type":"soldier","health":20,"id":4567138736}}
{"counter":6839,"type":"move","frame":{"millis":33258,"tic":1164},"actor":{"position":{"x":-3378944,"y":23455232,"z":0,"angle":3758096384,"subsector":4566993432},"type":"soldier","health":20,"id":4567139528}}
{"counter":6840,"type":"move","frame":{"millis":33258,"tic":1164},"actor":{"position":{"x":-15193792,"y":84399808,"z":0,"angle":2147483648,"subsector":4566996760},"type":"shotgun_soldier","health":30,"id":4567155104}}
{"counter":6841,"type":"move","frame":{"millis":33258,"tic":1164},"actor":{"position":{"x":-16210688,"y":54435968,"z":0,"angle":2684354560,"subsector":4566993320},"type":"shotgun_soldier","health":30,"id":4567155632}}
{"counter":6842,"type":"move","frame":{"millis":33258,"tic":1164},"actor":{"position":{"x":-20691008,"y":52873664,"z":0,"angle":2147483648,"subsector":4566993320},"type":"shotgun_soldier","health":30,"id":4567155896}}
{"counter":6843,"type":"move","frame":{"millis":33258,"tic":1164},"actor":{"position":{"x":-7594368,"y":29270144,"z":0,"angle":1073741824,"subsector":4566993432},"type":"shotgun_soldier","health":30,"id":4567156160}}
{"counter":6844,"type":"move","frame":{"millis":33258,"tic":1164},"actor":{"position":{"x":10473840,"y":12908431,"z":0,"angle":3758096384,"subsector":4566993032},"type":"spectre","health":140,"id":4567162232}}
{"counter":6845,"type":"move","frame":{"millis":33258,"tic":1164},"actor":{"position":{"x":10473840,"y":13563791,"z":0,"angle":0,"subsector":4566993032},"type":"spectre","health":140,"id":4567162232}}
{"counter":6846,"type":"move","frame":{"millis":33258,"tic":1164},"actor":{"position":{"x":12640133,"y":398393,"z":0,"angle":0,"subsector":4566993016},"type":"barrel","health":5,"id":4567170152}}
{"counter":6847,"type":"move","frame":{"millis":33258,"tic":1164},"actor":{"position":{"x":13188045,"y":16940067,"z":524288,"angle":1073741824,"subsector":4566993096},"type":"imp","health":55,"id":4567172264}}
{"counter":6848,"type":"counter_attacked","frame":{"millis":33258,"tic":1164},"actor":{"position":{"x":13188045,"y":16940067,"z":524288,"angle":1073741824,"subsector":4566993096},"type":"imp","health":55,"id":4567172264},"target":{"position":{"x":9792538,"y":33098685,"z":3670016,"angle":3288334336,"subsector":4566993496},"type":"player","health":46,"armor":58,"id":4567120880}}
{"counter":6849,"type":"move","frame":{"millis":33286,"tic":1165},"actor":{"position":{"x":9787807,"y":33184051,"z":3670016,"angle":3288334336,"subsector":4566993496},"type":"player","health":46,"armor":58,"id":4567120880}}
{"counter":6850,"type":"move","frame":{"millis":33286,"tic":1165},"actor":{"position":{"x":8770719,"y":17809515,"z":1048576,"angle":2147483648,"subsector":4566993096},"type":"spectre","health":13,"id":4567137416}}
{"counter":6851,"type":"move","frame":{"millis":33286,"tic":1165},"actor":{"position":{"x":9426079,"y":17809515,"z":1048576,"angle":1610612736,"subsector":4566993096},"type":"spectre","health":13,"id":4567137416}}
{"counter":6852,"type":"move","frame":{"millis":33286,"tic":1165},"actor":{"position":{"x":-7853760,"y":83875520,"z":0,"angle":536870912,"subsector":4566996760},"type":"soldier","health":20,"id":4567139000}}
{"counter":6853,"type":"move","frame":{"millis":33286,"tic":1165},"actor":{"position":{"x":-841984,"y":29476736,"z":0,"angle":1073741824,"subsector":4566993432},"type":"shotgun_soldier","health":30,"id":4567139792}}
{"counter":6854,"type":"move","frame":{"millis":33286,"tic":1165},"actor":{"position":{"x":10473731,"y":13553507,"z":0,"angle":0,"subsector":4566993032},"type":"spectre","health":140,"id":4567162232}}
{"counter":6855,"type":"move","frame":{"millis":33286,"tic":1165},"actor":{"position":{"x":58053184,"y":27394048,"z":0,"angle":0,"subsector":4566994312},"type":"spectre","health":150,"id":4567166984}}
{"counter":6856,"type":"move","frame":{"millis":33286,"tic":1165},"actor":{"position":{"x":12645539,"y":336938,"z":0,"angle":0,"subsector":4566993016},"type":"barrel","health":5,"id":4567170152}}
{"counter":6857,"type":"move","frame":{"millis":33286,"tic":1165},"actor":{"position":{"x":13192171,"y":16919919,"z":524288,"angle":1215208928,"subsector":4566993096},"type":"imp","health":55,"id":4567172264}}
{"counter":6858,"type":"move","frame":{"millis":33315,"tic":1166},"actor":{"position":{"x":9783519,"y":33261413,"z":3670016,"angle":3288334336,"subsector":4566993496},"type":"player","health":46,"armor":58,"id":4567120880}}
{"counter":6859,"type":"move","frame":{"millis":33315,"tic":1166},"actor":{"position":{"x":9424003,"y":17767632,"z":1048576,"angle":1610612736,"subsector":4566993096},"type":"spectre","health":13,"id":4567137416}}
{"counter":6860,"type":"move","frame":{"millis":33315,"tic":1166},"actor":{"position":{"x":-74368,"y":26813056,"z":0,"angle":1073741824,"subsector":4566993432},"type":"soldier","health":20,"id":4567137944}}
{"counter":6861,"type":"move","frame":{"millis":33315,"tic":1166},"actor":{"position":{"x":-19742976,"y":55828864,"z":0,"angle":3758096384,"subsector":4566993320},"type":"shotgun_soldier","health":30,"id":4567155368}}
{"counter":6862,"type":"move","frame":{"millis":33315,"tic":1166},"actor":{"position":{"x":10473632,"y":13544187,"z":0,"angle":0,"subsector":4566993032},"type":"spectre","health":140,"id":4567162232}}
{"counter":6863,"type":"move","frame":{"millis":33315,"tic":1166},"actor":{"position":{"x":9818272,"y":13544187,"z":0,"angle":536870912,"subsector":4566993032},"type":"spectre","health":140,"id":4567162232}}
{"counter":6864,"type":"move","frame":{"millis":33315,"tic":1166},"actor":{"position":{"x":12650438,"y":281244,"z":0,"angle":0,"subsector":4566993016},"type":"barrel","health":5,"id":4567170152}}
{"counter":6865,"type":"move","frame":{"millis":33315,"tic":1166},"actor":{"position":{"x":13195910,"y":16901659,"z":524288,"angle":1215208928,"subsector":4566993096},"type":"imp","health":55,"id":4567172264}}
{"counter":6866,"type":"move","frame":{"millis":33343,"tic":1167},"actor":{"position":{"x":9779633,"y":33331522,"z":3670016,"angle":3288334336,"subsector":4566993496},"type":"player","health":46,"armor":58,"id":4567120880}}
{"counter":6867,"type":"move","frame":{"millis":33343,"tic":1167},"actor":{"position":{"x":9422121,"y":17729675,"z":1048576,"angle":1610612736,"subsector":4566993096},"type":"spectre","health":13,"id":4567137416}}
{"counter":6868,"type":"move","frame":{"millis":33343,"tic":1167},"actor":{"position":{"x":8766761,"y":17729675,"z":1048576,"angle":1073741824,"subsector":4566993096},"type":"spectre","health":13,"id":4567137416}}
{"counter":6869,"type":"move","frame":{"millis":33343,"tic":1167},"actor":{"position":{"x":14065792,"y":9463808,"z":0,"angle":3221225472,"subsector":4566993032},"type":"shotgun_soldier","health":30,"id":4567137680}}
{"counter":6870,"type":"move","frame":{"millis":33343,"tic":1167},"actor":{"position":{"x":-21729024,"y":25557888,"z":0,"angle":536870912,"subsector":4566993432},"type":"soldier","health":20,"id":4567138208}}
{"counter":6871,"type":"move","frame":{"millis":33343,"tic":1167},"actor":{"position":{"x":-15718080,"y":84399808,"z":0,"angle":2147483648,"subsector":4566996760},"type":"shotgun_soldier","health":30,"id":4567155104}}
{"counter":6872,"type":"move","frame":{"millis":33343,"tic":1167},"actor":{"position":{"x":-16210688,"y":53911680,"z":0,"angle":3221225472,"subsector":4566993320},"type":"shotgun_soldier","health":30,"id":4567155632}}
{"counter":6873,"type":"move","frame":{"millis":33343,"tic":1167},"actor":{"position":{"x":-20166720,"y":52873664,"z":0,"angle":2684354560,"subsector":4566993320},"type":"shotgun_soldier","health":30,"id":4567155896}}
{"counter":6874,"type":"move","frame":{"millis":33343,"tic":1167},"actor":{"position":{"x":-7218368,"y":29646144,"z":0,"angle":536870912,"subsector":4566993432},"type":"shotgun_soldier","health":30,"id":4567156160}}
{"counter":6875,"type":"move","frame":{"millis":33343,"tic":1167},"actor":{"position":{"x":1980544,"y":29953280,"z":0,"angle":0,"subsector":4566993432},"type":"shotgun_soldier","health":30,"id":4567156424}}
{"counter":6876,"type":"move","frame":{"millis":33343,"tic":1167},"actor":{"position":{"x":9818182,"y":13535740,"z":0,"angle":536870912,"subsector":4566993032},"type":"spectre","health":140,"id":4567162232}}
{"counter":6877,"type":"move","frame":{"millis":33343,"tic":1167},"actor":{"position":{"x":57397824,"y":27394048,"z":0,"angle":536870912,"subsector":4566994312},"type":"spectre","health":150,"id":4567166984}}
{"counter":6878,"type":"move","frame":{"millis":33343,"tic":1167},"actor":{"position":{"x":12654877,"y":230771,"z":0,"angle":0,"subsector":4566993016},"type":"barrel","health":5,"id":4567170152}}
{"counter":6879,"type":"move","frame":{"millis":33343,"tic":1167},"actor":{"position":{"x":13199298,"y":16885110,"z":524288,"angle":1215208928,"subsector":4566993096},"type":"imp","health":55,"id":4567172264}}
{"counter":6880,"type":"move","frame":{"millis":33373,"tic":1168},"actor":{"position":{"x":9776111,"y":33395058,"z":3670016,"angle":3288334336,"subsector":4566993496},"type":"player","health":46,"armor":58,"id":4567120880}}
{"counter":6881,"type":"move","frame":{"millis":33373,"tic":1168},"actor":{"position":{"x":8765055,"y":17695276,"z":1048576,"angle":1073741824,"subsector":4566993096},"type":"spectre","health":13,"id":4567137416}}
{"counter":6882,"type":"move","frame":{"millis":33373,"tic":1168},"actor":{"position":{"x":-25033600,"y":50930304,"z":0,"angle":2684354560,"subsector":4566993384},"type":"soldier","health":20,"id":4567138736}}
{"counter":6883,"type":"move","frame":{"millis":33373,"tic":1168},"actor":{"position":{"x":-3002944,"y":23831232,"z":0,"angle":3758096384,"subsector":4566993432},"type":"soldier","health":20,"id":4567139528}}
{"counter":6884,"type":"move","frame":{"millis":33373,"tic":1168},"actor":{"position":{"x":-841984,"y":30001024,"z":0,"angle":1610612736,"subsector":4566993432},"type":"shotgun_soldier","health":30,"id":4567139792}}
{"counter":6885,"type":"move","frame":{"millis":33373,"tic":1168},"actor":{"position":{"x":9818100,"y":13528084,"z":0,"angle":536870912,"subsector":4566993032},"type":"spectre","health":140,"id":4567162232}}
{"counter":6886,"type":"move","frame":{"millis":33373,"tic":1168},"actor":{"position":{"x":9162740,"y":13528084,"z":0,"angle":1073741824,"subsector":4566993032},"type":"spectre","health":140,"id":4567162232}}
{"counter":6887,"type":"move","frame":{"millis":33373,"tic":1168},"actor":{"position":{"x":12658899,"y":185029,"z":0,"angle":0,"subsector":4566993016},"type":"barrel","health":5,"id":4567170152}}
{"counter":6888,"type":"move","frame":{"millis":33373,"tic":1168},"actor":{"position":{"x":13202368,"y":16870112,"z":524288,"angle":1215208928,"subsector":4566993096},"type":"imp","health":55,"id":4567172264}}
{"counter":6889,"type":"move","frame":{"millis":33400,"tic":1169},"actor":{"position":{"x":9772919,"y":33452637,"z":3670016,"angle":3288334336,"subsector":4566993496},"type":"player","health":46,"armor":58,"id":4567120880}}
{"counter":6890,"type":"move","frame":{"millis":33400,"tic":1169},"actor":{"position":{"x":8763508,"y":17664101,"z":1048576,"angle":1073741824,"subsector":4566993096},"type":"spectre","health":13,"id":4567137416}}
{"counter":6891,"type":"move","frame":{"millis":33400,"tic":1169},"actor":{"position":{"x":9418868,"y":17664101,"z":1048576,"angle":1610612736,"subsector":4566993096},"type":"spectre","health":13,"id":4567137416}}
{"counter":6892,"type":"move","frame":{"millis":33400,"tic":1169},"actor":{"position":{"x":-7477760,"y":83499520,"z":0,"angle":0,"subsector":4566996760},"type":"soldier","health":20,"id":4567139000}}
{"counter":6893,"type":"move","frame":{"millis":33400,"tic":1169},"actor":{"position":{"x":-20267264,"y":55828864,"z":0,"angle":3221225472,"subsector":4566993320},"type":"shotgun_soldier","health":30,"id":4567155368}}
{"counter":6894,"type":"move","frame":{"millis":33400,"tic":1169},"actor":{"position":{"x":9162665,"y":13521145,"z":0,"angle":1073741824,"subsector":4566993032},"type":"spectre","health":140,"id":4567162232}}
{"counter":6895,"type":"move","frame":{"millis":33400,"tic":1169},"actor":{"position":{"x":56742464,"y":27394048,"z":0,"angle":1073741824,"subsector":4566994312},"type":"spectre","health":150,"id":4567166984}}
{"counter":6896,"type":"move","frame":{"millis":33400,"tic":1169},"actor":{"position":{"x":12662543,"y":143575,"z":0,"angle":0,"subsector":4566993016},"type":"barrel","health":5,"id":4567170152}}
{"counter":6897,"type":"move","frame":{"millis":33400,"tic":1169},"actor":{"position":{"x":13205150,"y":16856520,"z":524288,"angle":1215208928,"subsector":4566993096},"type":"imp","health":55,"id":4567172264}}
{"counter":6898,"type":"move","frame":{"millis":33429,"tic":1170},"actor":{"position":{"x":9772919,"y":33452637,"z":3670016,"angle":3288334336,"subsector":4566993496},"type":"player","health":46,"armor":58,"id":4567120880}}
{"counter":6899,"type":"move","frame":{"millis":33429,"tic":1170},"actor":{"position":{"x":9770227,"y":33502778,"z":3670016,"angle":3288334336,"subsector":4566993496},"type":"player","health":46,"armor":58,"id":4567120880}}
{"counter":6900,"type":"move","frame":{"millis":33429,"tic":1170},"actor":{"position":{"x":9417466,"y":17635848,"z":1048576,"angle":1610612736,"subsector":4566993096},"type":"spectre","health":13,"id":4567137416}}
{"counter":6901,"type":"move","frame":{"millis":33429,"tic":1170},"actor":{"position":{"x":14065792,"y":8939520,"z":0,"angle":3221225472,"subsector":4566993032},"type":"shotgun_soldier","health":30,"id":4567137680}}
{"counter":6902,"type":"move","frame":{"millis":33429,"tic":1170},"actor":{"position":{"x":-598656,"y":26813056,"z":0,"angle":1073741824,"subsector":4566993432},"type":"soldier","health":20,"id":4567137944}}
{"counter":6903,"type":"move","frame":{"millis":33429,"tic":1170},"actor":{"position":{"x":-16242368,"y":84399808,"z":0,"angle":2147483648,"subsector":4566996760},"type":"shotgun_soldier","health":30,"id":4567155104}}
{"counter":6904,"type":"move","frame":{"millis":33429,"tic":1170},"actor":{"position":{"x":-16210688,"y":53387392,"z":0,"angle":3221225472,"subsector":4566993320},"type":"shotgun_soldier","health":30,"id":4567155632}}
{"counter":6905,"type":"move","frame":{"millis":33429,"tic":1170},"actor":{"position":{"x":-19642432,"y":52873664,"z":0,"angle":3221225472,"subsector":4566993320},"type":"shotgun_soldier","health":30,"id":4567155896}}
{"counter":6906,"type":"move","frame":{"millis":33429,"tic":1170},"actor":{"position":{"x":-6842368,"y":30022144,"z":0,"angle":536870912,"subsector":4566993432},"type":"shotgun_soldier","health":30,"id":4567156160}}
{"counter":6907,"type":"move","frame":{"millis":33429,"tic":1170},"actor":{"position":{"x":2504832,"y":29953280,"z":0,"angle":536870912,"subsector":4566993432},"type":"shotgun_soldier","health":30,"id":4567156424}}
{"counter":6908,"type":"move","frame":{"millis":33429,"tic":1170},"actor":{"position":{"x":9162597,"y":13514856,"z":0,"angle":1073741824,"subsector":4566993032},"type":"spectre","health":140,"id":4567162232}}
{"counter":6909,"type":"move","frame":{"millis":33429,"tic":1170},"actor":{"position":{"x":8507237,"y":13514856,"z":0,"angle":1610612736,"subsector":4566993032},"type":"spectre","health":140,"id":4567162232}}
{"counter":6910,"type":"move","frame":{"millis":33429,"tic":1170},"actor":{"position":{"x":12665845,"y":106007,"z":0,"angle":0,"subsector":4566993016},"type":"barrel","health":5,"id":4567170152}}
{"counter":6911,"type":"move","frame":{"millis":33429,"tic":1170},"actor":{"position":{"x":13207671,"y":16844202,"z":524288,"angle":1215208928,"subsector":4566993096},"type":"imp","health":55,"id":4567172264}}
{"counter":6912,"type":"move","frame":{"millis":33458,"tic":1171},"actor":{"position":{"x":9770227,"y":33502778,"z":3670016,"angle":3288334336,"subsector":4566993496},"type":"player","health":46,"armor":58,"id":4567120880}}
{"counter":6913,"type":"move","frame":{"millis":33458,"tic":1171},"actor":{"position":{"x":9768190,"y":33544141,"z":3670016,"angle":3288334336,"subsector":4566993496},"type":"player","health":46,"armor":58,"id":4567120880}}
{"counter":6914,"type":"move","frame":{"millis":33458,"tic":1171},"actor":{"position":{"x":2335424,"y":27294656,"z":0,"angle":0,"subsector":4566993432},"type":"imp","health":60,"id":4567132928}}
{"counter":6915,"type":"move","frame":{"millis":33458,"tic":1171},"actor":{"position":{"x":9416195,"y":17610243,"z":1048576,"angle":1610612736,"subsector":4566993096},"type":"spectre","health":13,"id":4567137416}}
{"counter":6916,"type":"move","frame":{"millis":33458,"tic":1171},"actor":{"position":{"x":8760835,"y":17610243,"z":1048576,"angle":1073741824,"subsector":4566993096},"type":"spectre","health":13,"id":4567137416}}
{"counter":6917,"type":"move","frame":{"millis":33458,"tic":1171},"actor":{"position":{"x":-21353024,"y":25933888,"z":0,"angle":536870912,"subsector":4566993432},"type":"soldier","health":20,"id":4567138208}}
{"counter":6918,"type":"move","frame":{"millis":33458,"tic":1171},"actor":{"position":{"x":-317696,"y":30001024,"z":0,"angle":1073741824,"subsector":4566993432},"type":"shotgun_soldier","health":30,"id":4567139792}}
{"counter":6919,"type":"move","frame":{"millis":33458,"tic":1171},"actor":{"position":{"x":8507175,"y":13509156,"z":0,"angle":1610612736,"subsector":4566993032},"type":"spectre","health":140,"id":4567162232}}
{"counter":6920,"type":"move","frame":{"millis":33458,"tic":1171},"actor":{"position":{"x":57212464,"y":26924048,"z":0,"angle":1610612736,"subsector":4566994312},"type":"spectre","health":150,"id":4567166984}}
{"counter":6921,"type":"move","frame":{"millis":33458,"tic":1171},"actor":{"position":{"x":12668837,"y":71961,"z":0,"angle":0,"subsector":4566993016},"type":"barrel","health":5,"id":4567170152}}
{"counter":6922,"type":"move","frame":{"millis":33458,"tic":1171},"actor":{"position":{"x":13209955,"y":16833038,"z":524288,"angle":1215208928,"subsector":4566993096},"type":"imp","health":55,"id":4567172264}}
{"counter":6923,"type":"move","frame":{"millis":33458,"tic":1171},"actor":{"position":{"x":2271616,"y":24434944,"z":0,"angle":0,"subsector":4566993432},"type":"shotgun_soldier","health":30,"id":4567172528}}
{"counter":6924,"type":"move","frame":{"millis":33487,"tic":1172},"actor":{"position":{"x":9768190,"y":33544141,"z":3670016,"angle":3288334336,"subsector":4566993496},"type":"player","health":46,"armor":58,"id":4567120880}}
{"counter":6925,"type":"move","frame":{"millis":33487,"tic":1172},"actor":{"position":{"x":9766746,"y":33577549,"z":3670016,"angle":3288334336,"subsector":4566993496},"type":"player","health":46,"armor":58,"id":4567120880}}
{"counter":6926,"type":"move","frame":{"millis":33487,"tic":1172},"actor":{"position":{"x":8759683,"y":17587038,"z":1048576,"angle":1073741824,"subsector":4566993096},"type":"spectre","health":13,"id":4567137416}}
{"counter":6927,"type":"move","frame":{"millis":33487,"tic":1172},"actor":{"position":{"x":-25033600,"y":51454592,"z":0,"angle":2684354560,"subsector":4566993384},"type":"soldier","health":20,"id":4567138736}}
{"counter":6928,"type":"move","frame":{"millis":33487,"tic":1172},"actor":{"position":{"x":-2478656,"y":23831232,"z":0,"angle":0,"subsector":4566993432},"type":"soldier","health":20,"id":4567139528}}
{"counter":6929,"type":"move","frame":{"millis":33487,"tic":1172},"actor":{"position":{"x":-20791552,"y":55828864,"z":0,"angle":2684354560,"subsector":4566993320},"type":"shotgun_soldier","health":30,"id":4567155368}}
{"counter":6930,"type":"move","frame":{"millis":33487,"tic":1172},"actor":{"position":{"x":8507118,"y":13503990,"z":0,"angle":1610612736,"subsector":4566993032},"type":"spectre","health":140,"id":4567162232}}
{"counter":6931,"type":"move","frame":{"millis":33487,"tic":1172},"actor":{"position":{"x":8507118,"y":12848630,"z":0,"angle":2147483648,"subsector":4566993032},"type":"spectre","health":140,"id":4567162232}}
{"counter":6932,"type":"move","frame":{"millis":33487,"tic":1172},"actor":{"position":{"x":12671548,"y":41106,"z":0,"angle":0,"subsector":4566993016},"type":"barrel","health":5,"id":4567170152}}
{"counter":6933,"type":"move","frame":{"millis":33487,"tic":1172},"actor":{"position":{"x":13212024,"y":16822920,"z":524288,"angle":1215208928,"subsector":4566993096},"type":"imp","health":55,"id":4567172264}}
{"counter":6934,"type":"move","frame":{"millis":33515,"tic":1173},"actor":{"position":{"x":9766746,"y":33577549,"z":3670016,"angle":3288334336,"subsector":4566993496},"type":"player","health":46,"armor":58,"id":4567120880}}
{"counter":6935,"type":"move","frame":{"millis":33515,"tic":1173},"actor":{"position":{"x":9766243,"y":33599672,"z":3670016,"angle":3288334336,"subsector":4566993496},"type":"player","health":46,"armor":58,"id":4567120880}}
{"counter":6936,"type":"move","frame":{"millis":33515,"tic":1173},"actor":{"position":{"x":8758639,"y":17566008,"z":1048576,"angle":1073741824,"subsector":4566993096},"type":"spectre","health":13,"id":4567137416}}
{"counter":6937,"type":"move","frame":{"millis":33515,"tic":1173},"actor":{"position":{"x":9228639,"y":17096008,"z":1048576,"angle":1610612736,"subsector":4566993096},"type":"spectre","health":13,"id":4567137416}}
{"counter":6938,"type":"move","frame":{"millis":33515,"tic":1173},"actor":{"position":{"x":14065792,"y":8415232,"z":0,"angle":3221225472,"subsector":4566993032},"type":"shotgun_soldier","health":30,"id":4567137680}}
{"counter":6939,"type":"move","frame":{"millis":33515,"tic":1173},"actor":{"position":{"x":-7101760,"y":83123520,"z":0,"angle":3758096384,"subsector":4566996760},"type":"soldier","health":20,"id":4567139000}}
{"counter":6940,"type":"move","frame":{"millis":33515,"tic":1173},"actor":{"position":{"x":-16766656,"y":84399808,"z":0,"angle":2147483648,"subsector":4566996760},"type":"shotgun_soldier","health":30,"id":4567155104}}
{"counter":6941,"type":"move","frame":{"millis":33515,"tic":1173},"actor":{"position":{"x":-16210688,"y":52863104,"z":0,"angle":3221225472,"subsector":4566993320},"type":"shotgun_soldier","health":30,"id":4567155632}}
{"counter":6942,"type":"move","frame":{"millis":33515,"tic":1173},"actor":{"position":{"x":-19118144,"y":52873664,"z":0,"angle":3758096384,"subsector":4566993320},"type":"shotgun_soldier","health":30,"id":4567155896}}
{"counter":6943,"type":"move","frame":{"millis":33515,"tic":1173},"actor":{"position":{"x":-6318080,"y":30022144,"z":0,"angle":536870912,"subsector":4566993432},"type":"shotgun_soldier","health":30,"id":4567156160}}
{"counter":6944,"type":"move","frame":{"millis":33515,"tic":1173},"actor":{"position":{"x":8507066,"y":12843948,"z":0,"angle":2147483648,"subsector":4566993032},"type":"spectre","health":140,"id":4567162232}}
{"counter":6945,"type":"move","frame":{"millis":33515,"tic":1173},"actor":{"position":{"x":57682464,"y":26454048,"z":0,"angle":2147483648,"subsector":4566994312},"type":"spectre","health":150,"id":4567166984}}
{"counter":6946,"type":"move","frame":{"millis":33515,"tic":1173},"actor":{"position":{"x":12674004,"y":13143,"z":0,"angle":0,"subsector":4566993016},"type":"barrel","health":5,"id":4567170152}}
{"counter":6947,"type":"move","frame":{"millis":33515,"tic":1173},"actor":{"position":{"x":13213899,"y":16813750,"z":524288,"angle":1212329280,"subsector":4566993096},"type":"imp","health":55,"id":4567172264}}
{"counter":6948,"type":"move","frame":{"millis":33543,"tic":1174},"actor":{"position":{"x":9766243,"y":33599672,"z":3670016,"angle":3288334336,"subsector":4566993496},"type":"player","health":46,"armor":58,"id":4567120880}}
{"counter":6949,"type":"move","frame":{"millis":33543,"tic":1174},"actor":{"position":{"x":9766190,"y":33615643,"z":3670016,"angle":3288334336,"subsector":4566993496},"type":"player","health":46,"armor":58,"id":4567120880}}
{"counter":6950,"type":"move","frame":{"millis":33543,"tic":1174},"actor":{"position":{"x":2859712,"y":27294656,"z":0,"angle":536870912,"subsector":4566993432},"type":"imp","health":60,"id":4567132928}}
{"counter":6951,"type":"move","frame":{"millis":33543,"tic":1174},"actor":{"position":{"x":9227692,"y":17076949,"z":1048576,"angle":1610612736,"subsector":4566993096},"type":"spectre","health":13,"id":4567137416}}
{"counter":6952,"type":"move","frame":{"millis":33543,"tic":1174},"actor":{"position":{"x":-1122944,"y":26813056,"z":0,"angle":1610612736,"subsector":4566993432},"type":"soldier","health":20,"id":4567137944}}
{"counter":6953,"type":"move","frame":{"millis":33543,"tic":1174},"actor":{"position":{"x":-317696,"y":29476736,"z":0,"angle":536870912,"subsector":4566993432},"type":"shotgun_soldier","health":30,"id":4567139792}}
{"counter":6954,"type":"move","frame":{"millis":33543,"tic":1174},"actor":{"position":{"x":8507018,"y":12839704,"z":0,"angle":2147483648,"subsector":4566993032},"type":"spectre","health":140,"id":4567162232}}
{"counter":6955,"type":"move","frame":{"millis":33543,"tic":1174},"actor":{"position":{"x":8507018,"y":12184344,"z":0,"angle":2684354560,"subsector":4566993032},"type":"spectre","health":140,"id":4567162232}}
{"counter":6956,"type":"move","frame":{"millis":33543,"tic":1174},"actor":{"position":{"x":12676229,"y":-12199,"z":0,"angle":0,"subsector":4566993016},"type":"barrel","health":5,"id":4567170152}}
{"counter":6957,"type":"move","frame":{"millis":33543,"tic":1174},"actor":{"position":{"x":13215598,"y":16805439,"z":524288,"angle":1212329280,"subsector":4566993096},"type":"imp","health":55,"id":4567172264}}
{"counter":6958,"type":"move","frame":{"millis":33543,"tic":1174},"actor":{"position":{"x":1747328,"y":24434944,"z":0,"angle":536870912,"subsector":4566993432},"type":"shotgun_soldier","health":30,"id":4567172528}}
{"counter":6959,"type":"move","frame":{"millis":33572,"tic":1175},"actor":{"position":{"x":9766190,"y":33615643,"z":3670016,"angle":3288334336,"subsector":4566993496},"type":"player","health":46,"armor":58,"id":4567120880}}
{"counter":6960,"type":"move","frame":{"millis":33572,"tic":1175},"actor":{"position":{"x":9767551,"y":33615849,"z":3670016,"angle":3288334336,"subsector":4566993496},"type":"player","health":46,"armor":58,"id":4567120880}}
{"counter":6961,"type":"move","frame":{"millis":33572,"tic":1175},"actor":{"position":{"x":9226833,"y":17059676,"z":1048576,"angle":1610612736,"subsector":4566993096},"type":"spectre","health":13,"id":4567137416}}
{"counter":6962,"type":"move","frame":{"millis":33572,"tic":1175},"actor":{"position":{"x":9696833,"y":16589676,"z":1048576,"angle":2147483648,"subsector":4566993032},"type":"spectre","health":13,"id":4567137416}}
{"counter":6963,"type":"move","frame":{"millis":33572,"tic":1175},"actor":{"position":{"x":-20977024,"y":26309888,"z":0,"angle":536870912,"subsector":4566993432},"type":"soldier","health":20,"id":4567138208}}
{"counter":6964,"type":"move","frame":{"millis":33572,"tic":1175},"actor":{"position":{"x":-21315840,"y":55828864,"z":0,"angle":2147483648,"subsector":4566993384},"type":"shotgun_soldier","health":30,"id":4567155368}}
{"counter":6965,"type":"move","frame":{"millis":33572,"tic":1175},"actor":{"position":{"x":8506974,"y":12180497,"z":0,"angle":2684354560,"subsector":4566993032},"type":"spectre","health":140,"id":4567162232}}
{"counter":6966,"type":"move","frame":{"millis":33572,"tic":1175},"actor":{"position":{"x":58152464,"y":25984048,"z":0,"angle":2684354560,"subsector":4566994312},"type":"spectre","health":150,"id":4567166984}}
{"counter":6967,"type":"move","frame":{"millis":33572,"tic":1175},"actor":{"position":{"x":12678245,"y":-35166,"z":0,"angle":0,"subsector":4566993016},"type":"barrel","health":5,"id":4567170152}}
{"counter":6968,"type":"move","frame":{"millis":33572,"tic":1175},"actor":{"position":{"x":13217137,"y":16797907,"z":524288,"angle":1212329280,"subsector":4566993096},"type":"imp","health":55,"id":4567172264}}
{"counter":6969,"type":"move","frame":{"millis":33600,"tic":1176},"actor":{"position":{"x":9768784,"y":33616035,"z":3670016,"angle":3288334336,"subsector":4566993496},"type":"player","health":46,"armor":58,"id":4567120880}}
{"counter":6970,"type":"move","frame":{"millis":33600,"tic":1176},"actor":{"position":{"x":9696054,"y":16574022,"z":1048576,"angle":2147483648,"subsector":4566993032},"type":"spectre","health":13,"id":4567137416}}
{"counter":6971,"type":"move","frame":{"millis":33600,"tic":1176},"actor":{"position":{"x":14065792,"y":7890944,"z":0,"angle":3221225472,"subsector":4566993032},"type":"shotgun_soldier","health":30,"id":4567137680}}
{"counter":6972,"type":"move","frame":{"millis":33600,"tic":1176},"actor":{"position":{"x":-25033600,"y":51978880,"z":0,"angle":2147483648,"subsector":4566993384},"type":"soldier","health":20,"id":4567138736}}
{"counter":6973,"type":"move","frame":{"millis":33600,"tic":1176},"actor":{"position":{"x":-1954368,"y":23831232,"z":0,"angle":0,"subsector":4566993432},"type":"soldier","health":20,"id":4567139528}}
{"counter":6974,"type":"move","frame":{"millis":33600,"tic":1176},"actor":{"position":{"x":-17290944,"y":84399808,"z":0,"angle":2147483648,"subsector":4566996760},"type":"shotgun_soldier","health":30,"id":4567155104}}
{"counter":6975,"type":"move","frame":{"millis":33600,"tic":1176},"actor":{"position":{"x":-16210688,"y":53387392,"z":0,"angle":3221225472,"subsector":4566993320},"type":"shotgun_soldier","health":30,"id":4567155632}}
{"counter":6976,"type":"move","frame":{"millis":33600,"tic":1176},"actor":{"position":{"x":-19642432,"y":52873664,"z":0,"angle":0,"subsector":4566993320},"type":"shotgun_soldier","health":30,"id":4567155896}}
{"counter":6977,"type":"move","frame":{"millis":33600,"tic":1176},"actor":{"position":{"x":-5793792,"y":30022144,"z":0,"angle":0,"subsector":4566993432},"type":"shotgun_soldier","health":30,"id":4567156160}}
{"counter":6978,"type":"move","frame":{"millis":33600,"tic":1176},"actor":{"position":{"x":8506974,"y":11525137,"z":0,"angle":3221225472,"subsector":4566993032},"type":"spectre","health":140,"id":4567162232}}
{"counter":6979,"type":"move","frame":{"millis":33600,"tic":1176},"actor":{"position":{"x":12680072,"y":-55980,"z":0,"angle":0,"subsector":4566993016},"type":"barrel","health":5,"id":4567170152}}
{"counter":6980,"type":"move","frame":{"millis":33601,"tic":1176},"actor":{"position":{"x":13218531,"y":16791081,"z":524288,"angle":1212329280,"subsector":4566993096},"type":"imp","health":55,"id":4567172264}}
{"counter":6981,"type":"move","frame":{"millis":33629,"tic":1177},"actor":{"position":{"x":9768784,"y":33616035,"z":3670016,"angle":3288334336,"subsector":4566993496},"type":"player","health":46,"armor":58,"id":4567120880}}
{"counter":6982,"type":"move","frame":{"millis":33629,"tic":1177},"actor":{"position":{"x":9771000,"y":33593616,"z":3670016,"angle":3288334336,"subsector":4566993496},"type":"player","health":46,"armor":58,"id":4567120880}}
{"counter":6983,"type":"move","frame":{"millis":33629,"tic":1177},"actor":{"position":{"x":2335424,"y":27294656,"z":0,"angle":0,"subsector":4566993432},"type":"imp","health":60,"id":4567132928}}
{"counter":6984,"type":"move","frame":{"millis":33629,"tic":1177},"actor":{"position":{"x":9695348,"y":16559835,"z":1048576,"angle":2147483648,"subsector":4566993032},"type":"spectre","health":13,"id":4567137416}}
{"counter":6985,"type":"move","frame":{"millis":33629,"tic":1177},"actor":{"position":{"x":9695348,"y":17215195,"z":1048576,"angle":2684354560,"subsector":4566993096},"type":"spectre","health":13,"id":4567137416}}
{"counter":6986,"type":"move","frame":{"millis":33629,"tic":1177},"actor":{"position":{"x":-6725760,"y":82747520,"z":0,"angle":3758096384,"subsector":4566996760},"type":"soldier","health":20,"id":4567139000}}
{"counter":6987,"type":"move","frame":{"millis":33629,"tic":1177},"actor":{"position":{"x":-841984,"y":29476736,"z":0,"angle":0,"subsector":4566993432},"type":"shotgun_soldier","health":30,"id":4567139792}}
{"counter":6988,"type":"move","frame":{"millis":33629,"tic":1177},"actor":{"position":{"x":58622464,"y":25514048,"z":0,"angle":3221225472,"subsector":4566994312},"type":"spectre","health":150,"id":4567166984}}
{"counter":6989,"type":"move","frame":{"millis":33629,"tic":1177},"actor":{"position":{"x":12681727,"y":-74843,"z":0,"angle":0,"subsector":4566993016},"type":"barrel","health":5,"id":4567170152}}
{"counter":6990,"type":"move","frame":{"millis":33629,"tic":1177},"actor":{"position":{"x":13219794,"y":16784894,"z":524288,"angle":1212329280,"subsector":4566993096},"type":"imp","health":55,"id":4567172264}}
{"counter":6991,"type":"move","frame":{"millis":33629,"tic":1177},"actor":{"position":{"x":2271616,"y":24434944,"z":0,"angle":1073741824,"subsector":4566993432},"type":"shotgun_soldier","health":30,"id":4567172528}}
{"counter":6992,"type":"move","frame":{"millis":33658,"tic":1178},"actor":{"position":{"x":9771000,"y":33593616,"z":3670016,"angle":3288334336,"subsector":4566993496},"type":"player","health":46,"armor":58,"id":4567120880}}
{"counter":6993,"type":"move","frame":{"millis":33658,"tic":1178},"actor":{"position":{"x":9774418,"y":33559031,"z":3670016,"angle":3288334336,"subsector":4566993496},"type":"player","health":46,"armor":58,"id":4567120880}}
{"counter":6994,"type":"move","frame":{"millis":33658,"tic":1178},"actor":{"position":{"x":9694708,"y":17202338,"z":1048576,"angle":2684354560,"subsector":4566993096},"type":"spectre","health":13,"id":4567137416}}
{"counter":6995,"type":"move","frame":{"millis":33658,"tic":1178},"actor":{"position":{"x":-1647232,"y":26813056,"z":0,"angle":2147483648,"subsector":4566993432},"type":"soldier","health":20,"id":4567137944}}
{"counter":6996,"type":"move","frame":{"millis":33658,"tic":1178},"actor":{"position":{"x":-21840128,"y":55828864,"z":0,"angle":2147483648,"subsector":4566993384},"type":"shotgun_soldier","health":30,"id":4567155368}}
{"counter":6997,"type":"move","frame":{"millis":33658,"tic":1178},"actor":{"position":{"x":8506974,"y":10869777,"z":0,"angle":3221225472,"subsector":4566993032},"type":"spectre","health":140,"id":4567162232}}
{"counter":6998,"type":"move","frame":{"millis":33658,"tic":1178},"actor":{"position":{"x":12683226,"y":-91938,"z":0,"angle":0,"subsector":4566993016},"type":"barrel","health":5,"id":4567170152}}
{"counter":6999,"type":"move","frame":{"millis":33658,"tic":1178},"actor":{"position":{"x":13220938,"y":16779287,"z":524288,"angle":1212329280,"subsector":4566993096},"type":"imp","health":55,"id":4567172264}}
{"counter":7000,"type":"move","frame":{"millis":33686,"tic":1179},"actor":{"position":{"x":9774418,"y":33559031,"z":3670016,"angle":3288334336,"subsector":4566993496},"type":"player","health":46,"armor":58,"id":4567120880}}
{"counter":7001,"type":"move","frame":{"millis":33686,"tic":1179},"actor":{"position":{"x":9778724,"y":33515459,"z":3670016,"angle":3288334336,"subsector":4566993496},"type":"player","health":46,"armor":58,"id":4567120880}}
{"counter":7002,"type":"move","frame":{"millis":33686,"tic":1179},"actor":{"position":{"x":9694128,"y":17190686,"z":1048576,"angle":2684354560,"subsector":4566993096},"type":"spectre","health":13,"id":4567137416}}
{"counter":7003,"type":"move","frame":{"millis":33686,"tic":1179},"actor":{"position":{"x":9694128,"y":17846046,"z":1048576,"angle":2147483648,"subsector":4566993096},"type":"spectre","health":13,"id":4567137416}}
{"counter":7004,"type":"move","frame":{"millis":33686,"tic":1179},"actor":{"position":{"x":14065792,"y":7366656,"z":0,"angle":3221225472,"subsector":4566993032},"type":"shotgun_soldier","health":30,"id":4567137680}}
{"counter":7005,"type":"move","frame":{"millis":33686,"tic":1179},"actor":{"position":{"x":-20601024,"y":26685888,"z":0,"angle":536870912,"subsector":4566993432},"type":"soldier","health":20,"id":4567138208}}
{"counter":7006,"type":"move","frame":{"millis":33686,"tic":1179},"actor":{"position":{"x":-16914944,"y":84023808,"z":0,"angle":2147483648,"subsector":4566996760},"type":"shotgun_soldier","health":30,"id":4567155104}}
{"counter":7007,"type":"move","frame":{"millis":33686,"tic":1179},"actor":{"position":{"x":-16210688,"y":53911680,"z":0,"angle":3758096384,"subsector":4566993320},"type":"shotgun_soldier","health":30,"id":4567155632}}
{"counter":7008,"type":"move","frame":{"millis":33686,"tic":1179},"actor":{"position":{"x":-20166720,"y":52873664,"z":0,"angle":536870912,"subsector":4566993320},"type":"shotgun_soldier","health":30,"id":4567155896}}
{"counter":7009,"type":"move","frame":{"millis":33686,"tic":1179},"actor":{"position":{"x":-5269504,"y":30022144,"z":0,"angle":0,"subsector":4566993432},"type":"shotgun_soldier","health":30,"id":4567156160}}
{"counter":7010,"type":"move","frame":{"millis":33686,"tic":1179},"actor":{"position":{"x":1980544,"y":29953280,"z":0,"angle":0,"subsector":4566993432},"type":"shotgun_soldier","health":30,"id":4567156424}}
{"counter":7011,"type":"move","frame":{"millis":33686,"tic":1179},"actor":{"position":{"x":59092464,"y":25044048,"z":0,"angle":3758096384,"subsector":4566994312},"type":"spectre","health":150,"id":4567166984}}
{"counter":7012,"type":"move","frame":{"millis":33686,"tic":1179},"actor":{"position":{"x":12684584,"y":-107431,"z":0,"angle":0,"subsector":4566993016},"type":"barrel","health":5,"id":4567170152}}
{"counter":7013,"type":"move","frame":{"millis":33686,"tic":1179},"actor":{"position":{"x":13221974,"y":16774205,"z":524288,"angle":1212329280,"subsector":4566993032},"type":"imp","health":55,"id":4567172264}}
{"counter":7014,"type":"move","frame":{"millis":33716,"tic":1180},"actor":{"position":{"x":9778724,"y":33515459,"z":3670016,"angle":3288334336,"subsector":4566993496},"type":"player","health":46,"armor":58,"id":4567120880}}
{"counter":7015,"type":"move","frame":{"millis":33716,"tic":1180},"actor":{"position":{"x":9783432,"y":33467818,"z":3670016,"angle":3288334336,"subsector":4566993496},"type":"player","health":46,"armor":58,"id":4567120880}}
{"counter":7016,"type":"move","frame":{"millis":33716,"tic":1180},"actor":{"position":{"x":1811136,"y":27294656,"z":0,"angle":536870912,"subsector":4566993432},"type":"imp","health":60,"id":4567132928}}
{"counter":7017,"type":"move","frame":{"millis":33716,"tic":1180},"actor":{"position":{"x":9693602,"y":17835486,"z":1048576,"angle":2147483648,"subsector":4566993096},"type":"spectre","health":13,"id":4567137416}}
{"counter":7018,"type":"move","frame":{"millis":33716,"tic":1180},"actor":{"position":{"x":-25033600,"y":52503168,"z":0,"angle":1610612736,"subsector":4566993384},"type":"soldier","health":20,"id":4567138736}}
{"counter":7019,"type":"move","frame":{"millis":33716,"tic":1180},"actor":{"position":{"x":-1430080,"y":23831232,"z":0,"angle":0,"subsector":4566993432},"type":"soldier","health":20,"id":4567139528}}
{"counter":7020,"type":"move","frame":{"millis":33716,"tic":1180},"actor":{"position":{"x":-1366272,"y":29476736,"z":0,"angle":536870912,"subsector":4566993432},"type":"shotgun_soldier","health":30,"id":4567139792}}
{"counter":7021,"type":"move","frame":{"millis":33716,"tic":1180},"actor":{"position":{"x":8506974,"y":10214417,"z":0,"angle":3221225472,"subsector":4566993032},"type":"spectre","health":140,"id":4567162232}}
{"counter":7022,"type":"move","frame":{"millis":33716,"tic":1180},"actor":{"position":{"x":12685814,"y":-121472,"z":0,"angle":0,"subsector":4566993016},"type":"barrel","health":5,"id":4567170152}}
{"counter":7023,"type":"move","frame":{"millis":33716,"tic":1180},"actor":{"position":{"x":13222912,"y":16769599,"z":524288,"angle":1212329280,"subsector":4566993032},"type":"imp","health":55,"id":4567172264}}
{"counter":7024,"type":"move","frame":{"millis":33716,"tic":1180},"actor":{"position":{"x":2795904,"y":24434944,"z":0,"angle":536870912,"subsector":4566993432},"type":"shotgun_soldier","health":30,"id":4567172528}}
{"counter":7025,"type":"move","frame":{"millis":33716,"tic":1180},"actor":{"position":{"x":13024852,"y":17732479,"z":2677613,"angle":1212329280,"subsector":4566993096},"type":"imp_fireball","health":1000,"id":4567676536}}
{"counter":7026,"type":"move","frame":{"millis":33744,"tic":1181},"actor":{"position":{"x":9783432,"y":33467818,"z":3670016,"angle":3288334336,"subsector":4566993496},"type":"player","health":46,"armor":58,"id":4567120880}}
{"counter":7027,"type":"move","frame":{"millis":33744,"tic":1181},"actor":{"position":{"x":9788101,"y":33420566,"z":3670016,"angle":3288334336,"subsector":4566993496},"type":"player","health":46,"armor":58,"id":4567120880}}
{"counter":7028,"type":"move","frame":{"millis":33744,"tic":1181},"actor":{"position":{"x":9693125,"y":17825916,"z":1048576,"angle":2147483648,"subsector":4566993096},"type":"spectre","health":13,"id":4567137416}}
{"counter":7029,"type":"move","frame":{"millis":33744,"tic":1181},"actor":{"position":{"x":9223125,"y":17355916,"z":1048576,"angle":1610612736,"subsector":4566993096},"type":"spectre","health":13,"id":4567137416}}
{"counter":7030,"type":"move","frame":{"millis":33744,"tic":1181},"actor":{"position":{"x":-6349760,"y":82371520,"z":0,"angle":3758096384,"subsector":4566996760},"type":"soldier","health":20,"id":4567139000}}
{"counter":7031,"type":"move","frame":{"millis":33744,"tic":1181},"actor":{"position":{"x":-22364416,"y":55828864,"z":0,"angle":2147483648,"subsector":4566993384},"type":"shotgun_soldier","health":30,"id":4567155368}}
{"counter":7032,"type":"move","frame":{"millis":33744,"tic":1181},"actor":{"position":{"x":59562464,"y":24574048,"z":0,"angle":3758096384,"subsector":4566994312},"type":"spectre","health":150,"id":4567166984}}
{"counter":7033,"type":"move","frame":{"millis":33744,"tic":1181},"actor":{"position":{"x":12686928,"y":-134197,"z":0,"angle":0,"subsector":4566993016},"type":"barrel","health":5,"id":4567170152}}
{"counter":7034,"type":"move","frame":{"millis":33744,"tic":1181},"actor":{"position":{"x":13223762,"y":16765424,"z":524288,"angle":1212329280,"subsector":4566993032},"type":"imp","health":55,"id":4567172264}}
{"counter":7035,"type":"move","frame":{"millis":33744,"tic":1181},"actor":{"position":{"x":12892812,"y":18374399,"z":2789960,"angle":1212329280,"subsector":4566993112},"type":"imp_fireball","health":1000,"id":4567676536}}
{"counter":7036,"type":"move","frame":{"millis":33772,"tic":1182},"actor":{"position":{"x":9792332,"y":33377743,"z":3670016,"angle":3288334336,"subsector":4566993496},"type":"player","health":46,"armor":58,"id":4567120880}}
{"counter":7037,"type":"move","frame":{"millis":33772,"tic":1182},"actor":{"position":{"x":9222692,"y":17347243,"z":1048576,"angle":1610612736,"subsector":4566993096},"type":"spectre","health":13,"id":4567137416}}
{"counter":7038,"type":"move","frame":{"millis":33772,"tic":1182},"actor":{"position":{"x":14065792,"y":6842368,"z":0,"angle":3221225472,"subsector":4566993032},"type":"shotgun_soldier","health":30,"id":4567137680}}
{"counter":7039,"type":"move","frame":{"millis":33772,"tic":1182},"actor":{"position":{"x":-2171520,"y":26813056,"z":0,"angle":2147483648,"subsector":4566993432},"type":"soldier","health":20,"id":4567137944}}
{"counter":7040,"type":"move","frame":{"millis":33772,"tic":1182},"actor":{"position":{"x":-16538944,"y":83647808,"z":0,"angle":2684354560,"subsector":4566996760},"type":"shotgun_soldier","health":30,"id":4567155104}}
{"counter":7041,"type":"move","frame":{"millis":33772,"tic":1182},"actor":{"position":{"x":-16210688,"y":54435968,"z":0,"angle":0,"subsector":4566993320},"type":"shotgun_soldier","health":30,"id":4567155632}}
{"counter":7042,"type":"move","frame":{"millis":33772,"tic":1182},"actor":{"position":{"x":-20691008,"y":52873664,"z":0,"angle":1073741824,"subsector":4566993320},"type":"shotgun_soldier","health":30,"id":4567155896}}
{"counter":7043,"type":"move","frame":{"millis":33772,"tic":1182},"actor":{"position":{"x":-4745216,"y":30022144,"z":0,"angle":0,"subsector":4566993432},"type":"shotgun_soldier","health":30,"id":4567156160}}
{"counter":7044,"type":"move","frame":{"millis":33772,"tic":1182},"actor":{"position":{"x":1456256,"y":29953280,"z":0,"angle":536870912,"subsector":4566993432},"type":"shotgun_soldier","health":30,"id":4567156424}}
{"counter":7045,"type":"move","frame":{"millis":33772,"tic":1182},"actor":{"position":{"x":8976974,"y":10684417,"z":0,"angle":3221225472,"subsector":4566993032},"type":"spectre","health":140,"id":4567162232}}
{"counter":7046,"type":"move","frame":{"millis":33772,"tic":1182},"actor":{"position":{"x":12687937,"y":-145730,"z":0,"angle":0,"subsector":4566993016},"type":"barrel","health":5,"id":4567170152}}
{"counter":7047,"type":"move","frame":{"millis":33772,"tic":1182},"actor":{"position":{"x":13224532,"y":16761640,"z":524288,"angle":1212329280,"subsector":4566993032},"type":"imp","health":55,"id":4567172264}}
{"counter":7048,"type":"move","frame":{"millis":33772,"tic":1182},"actor":{"position":{"x":12760772,"y":19016319,"z":2902307,"angle":1212329280,"subsector":4566993112},"type":"imp_fireball","health":1000,"id":4567676536}}
{"counter":7049,"type":"move","frame":{"millis":33800,"tic":1183},"actor":{"position":{"x":9796166,"y":33338934,"z":3670016,"angle":3288334336,"subsector":4566993496},"type":"player","health":46,"armor":58,"id":4567120880}}
{"counter":7050,"type":"move","frame":{"millis":33800,"tic":1183},"actor":{"position":{"x":1286848,"y":27294656,"z":0,"angle":1073741824,"subsector":4566993432},"type":"imp","health":60,"id":4567132928}}
{"counter":7051,"type":"move","frame":{"millis":33800,"tic":1183},"actor":{"position":{"x":9222299,"y":17339383,"z":1048576,"angle":1610612736,"subsector":4566993096},"type":"spectre","health":13,"id":4567137416}}
{"counter":7052,"type":"move","frame":{"millis":33800,"tic":1183},"actor":{"position":{"x":8752299,"y":16869383,"z":1048576,"angle":2147483648,"subsector":4566993096},"type":"spectre","health":13,"id":4567137416}}
{"counter":7053,"type":"move","frame":{"millis":33800,"tic":1183},"actor":{"position":{"x":-20225024,"y":27061888,"z":0,"angle":536870912,"subsector":4566993432},"type":"soldier","health":20,"id":4567138208}}
{"counter":7054,"type":"move","frame":{"millis":33800,"tic":1183},"actor":{"position":{"x":-1890560,"y":29476736,"z":0,"angle":1073741824,"subsector":4566993432},"type":"shotgun_soldier","health":30,"id":4567139792}}
{"counter":7055,"type":"move","frame":{"millis":33800,"tic":1183},"actor":{"position":{"x":58907104,"y":24574048,"z":0,"angle":3758096384,"subsector":4566994312},"type":"spectre","health":150,"id":4567166984}}
{"counter":7056,"type":"move","frame":{"millis":33801,"tic":1183},"actor":{"position":{"x":12688851,"y":-156182,"z":0,"angle":0,"subsector":4566993016},"type":"barrel","health":5,"id":4567170152}}
{"counter":7057,"type":"move","frame":{"millis":33801,"tic":1183},"actor":{"position":{"x":2271616,"y":24434944,"z":0,"angle":0,"subsector":4566993432},"type":"shotgun_soldier","health":30,"id":4567172528}}
{"counter":7058,"type":"move","frame":{"millis":33801,"tic":1183},"actor":{"position":{"x":12628732,"y":19658239,"z":3014654,"angle":1212329280,"subsector":4566993112},"type":"imp_fireball","health":1000,"id":4567676536}}
{"counter":7059,"type":"move","frame":{"millis":33829,"tic":1184},"actor":{"position":{"x":9796166,"y":33338934,"z":3670016,"angle":3288334336,"subsector":4566993496},"type":"player","health":46,"armor":58,"id":4567120880}}
{"counter":7060,"type":"move","frame":{"millis":33830,"tic":1184},"actor":{"position":{"x":9799035,"y":33309877,"z":3670016,"angle":3288334336,"subsector":4566993496},"type":"player","health":46,"armor":58,"id":4567120880}}
{"counter":7061,"type":"move","frame":{"millis":33830,"tic":1184},"actor":{"position":{"x":8751942,"y":16862259,"z":1048576,"angle":2147483648,"subsector":4566993096},"type":"spectre","health":13,"id":4567137416}}
{"counter":7062,"type":"move","frame":{"millis":33830,"tic":1184},"actor":{"position":{"x":-25033600,"y":53027456,"z":0,"angle":1073741824,"subsector":4566993384},"type":"soldier","health":20,"id":4567138736}}
{"counter":7063,"type":"move","frame":{"millis":33830,"tic":1184},"actor":{"position":{"x":-1806080,"y":23455232,"z":0,"angle":0,"subsector":4566993432},"type":"soldier","health":20,"id":4567139528}}
{"counter":7064,"type":"move","frame":{"millis":33830,"tic":1184},"actor":{"position":{"x":-22888704,"y":55828864,"z":0,"angle":2147483648,"subsector":4566993384},"type":"shotgun_soldier","health":30,"id":4567155368}}
{"counter":7065,"type":"move","frame":{"millis":33830,"tic":1184},"actor":{"position":{"x":9446974,"y":11154417,"z":0,"angle":3758096384,"subsector":4566993032},"type":"spectre","health":140,"id":4567162232}}
{"counter":7066,"type":"move","frame":{"millis":33830,"tic":1184},"actor":{"position":{"x":12689679,"y":-165655,"z":0,"angle":0,"subsector":4566993016},"type":"barrel","health":5,"id":4567170152}}
{"counter":7067,"type":"move","frame":{"millis":33830,"tic":1184},"actor":{"position":{"x":12496692,"y":20300159,"z":3127001,"angle":1212329280,"subsector":4566993128},"type":"imp_fireball","health":1000,"id":4567676536}}
{"counter":7068,"type":"move","frame":{"millis":33858,"tic":1185},"actor":{"position":{"x":9799035,"y":33309877,"z":3670016,"angle":3288334336,"subsector":4566993496},"type":"player","health":46,"armor":58,"id":4567120880}}
{"counter":7069,"type":"move","frame":{"millis":33858,"tic":1185},"actor":{"position":{"x":9801030,"y":33289658,"z":3670016,"angle":3288334336,"subsector":4566993496},"type":"player","health":46,"armor":58,"id":4567120880}}
{"counter":7070,"type":"move","frame":{"millis":33858,"tic":1185},"actor":{"position":{"x":8751618,"y":16855802,"z":1048576,"angle":2147483648,"subsector":4566993096},"type":"spectre","health":13,"id":4567137416}}
{"counter":7071,"type":"move","frame":{"millis":33858,"tic":1185},"actor":{"position":{"x":8751618,"y":17511162,"z":1048576,"angle":2684354560,"subsector":4566993096},"type":"spectre","health":13,"id":4567137416}}
{"counter":7072,"type":"move","frame":{"millis":33858,"tic":1185},"actor":{"position":{"x":14065792,"y":6318080,"z":0,"angle":3221225472,"subsector":4566993032},"type":"shotgun_soldier","health":30,"id":4567137680}}
{"counter":7073,"type":"move","frame":{"millis":33858,"tic":1185},"actor":{"position":{"x":-5973760,"y":81995520,"z":0,"angle":3758096384,"subsector":4566996760},"type":"soldier","health":20,"id":4567139000}}
{"counter":7074,"type":"move","frame":{"millis":33858,"tic":1185},"actor":{"position":{"x":-16162944,"y":83271808,"z":0,"angle":3221225472,"subsector":4566996760},"type":"shotgun_soldier","health":30,"id":4567155104}}
{"counter":7075,"type":"move","frame":{"millis":33858,"tic":1185},"actor":{"position":{"x":-16210688,"y":54960256,"z":0,"angle":536870912,"subsector":4566993320},"type":"shotgun_soldier","health":30,"id":4567155632}}
{"counter":7076,"type":"move","frame":{"millis":33858,"tic":1185},"actor":{"position":{"x":-21215296,"y":52873664,"z":0,"angle":1610612736,"subsector":4566993384},"type":"shotgun_soldier","health":30,"id":4567155896}}
{"counter":7077,"type":"move","frame":{"millis":33858,"tic":1185},"actor":{"position":{"x":-4745216,"y":29497856,"z":0,"angle":0,"subsector":4566993432},"type":"shotgun_soldier","health":30,"id":4567156160}}
{"counter":7078,"type":"move","frame":{"millis":33858,"tic":1185},"actor":{"position":{"x":931968,"y":29953280,"z":0,"angle":1073741824,"subsector":4566993432},"type":"shotgun_soldier","health":30,"id":4567156424}}
{"counter":7079,"type":"move","frame":{"millis":33858,"tic":1185},"actor":{"position":{"x":58251744,"y":24574048,"z":0,"angle":3221225472,"subsector":4566994312},"type":"spectre","health":150,"id":4567166984}}
{"counter":7080,"type":"move","frame":{"millis":33858,"tic":1185},"actor":{"position":{"x":12690429,"y":-174240,"z":0,"angle":0,"subsector":4566993016},"type":"barrel","health":5,"id":4567170152}}
{"counter":7081,"type":"move","frame":{"millis":33858,"tic":1185},"actor":{"position":{"x":12364652,"y":20942079,"z":3239348,"angle":1212329280,"subsector":4566993128},"type":"imp_fireball","health":1000,"id":4567676536}}
{"counter":7082,"type":"move","frame":{"millis":33886,"tic":1186},"actor":{"position":{"x":9801030,"y":33289658,"z":3670016,"angle":3288334336,"subsector":4566993496},"type":"player","health":46,"armor":58,"id":4567120880}}
{"counter":7083,"type":"move","frame":{"millis":33886,"tic":1186},"actor":{"position":{"x":9802232,"y":33277448,"z":3670016,"angle":3288334336,"subsector":4566993496},"type":"player","health":46,"armor":58,"id":4567120880}}
{"counter":7084,"type":"move","frame":{"millis":33886,"tic":1186},"actor":{"position":{"x":762560,"y":27294656,"z":0,"angle":1610612736,"subsector":4566993432},"type":"imp","health":60,"id":4567132928}}
{"counter":7085,"type":"move","frame":{"millis":33886,"tic":1186},"actor":{"position":{"x":8751324,"y":17505310,"z":1048576,"angle":2684354560,"subsector":4566993096},"type":"spectre","health":13,"id":4567137416}}
{"counter":7086,"type":"move","frame":{"millis":33886,"tic":1186},"actor":{"position":{"x":-2695808,"y":26813056,"z":0,"angle":2147483648,"subsector":4566993432},"type":"soldier","health":20,"id":4567137944}}
{"counter":7087,"type":"move","frame":{"millis":33886,"tic":1186},"actor":{"position":{"x":-1890560,"y":30001024,"z":0,"angle":1610612736,"subsector":4566993432},"type":"shotgun_soldier","health":30,"id":4567139792}}
{"counter":7088,"type":"move","frame":{"millis":33886,"tic":1186},"actor":{"position":{"x":9916974,"y":11624417,"z":0,"angle":0,"subsector":4566993032},"type":"spectre","health":140,"id":4567162232}}
{"counter":7089,"type":"move","frame":{"millis":33886,"tic":1186},"actor":{"position":{"x":12691108,"y":-182021,"z":0,"angle":0,"subsector":4566993016},"type":"barrel","health":5,"id":4567170152}}
{"counter":7090,"type":"move","frame":{"millis":33886,"tic":1186},"actor":{"position":{"x":12848532,"y":17137640,"z":524288,"angle":1073741824,"subsector":4566993096},"type":"imp","health":55,"id":4567172264}}
{"counter":7091,"type":"move","frame":{"millis":33886,"tic":1186},"actor":{"position":{"x":1747328,"y":24434944,"z":0,"angle":536870912,"subsector":4566993432},"type":"shotgun_soldier","health":30,"id":4567172528}}
{"counter":7092,"type":"move","frame":{"millis":33886,"tic":1186},"actor":{"position":{"x":12232612,"y":21583999,"z":3351695,"angle":1212329280,"subsector":4566993144},"type":"imp_fireball","health":1000,"id":4567676536}}
{"counter":7093,"type":"move","frame":{"millis":33915,"tic":1187},"actor":{"position":{"x":9802232,"y":33277448,"z":3670016,"angle":3288334336,"subsector":4566993496},"type":"player","health":46,"armor":58,"id":4567120880}}
{"counter":7094,"type":"move","frame":{"millis":33915,"tic":1187},"actor":{"position":{"x":9802112,"y":33278610,"z":3670016,"angle":3288334336,"subsector":4566993496},"type":"player","health":46,"armor":58,"id":4567120880}}
{"counter":7095,"type":"move","frame":{"millis":33915,"tic":1187},"actor":{"position":{"x":8751057,"y":17500006,"z":1048576,"angle":2684354560,"subsector":4566993096},"type":"spectre","health":13,"id":4567137416}}
{"counter":7096,"type":"move","frame":{"millis":33915,"tic":1187},"actor":{"position":{"x":9406417,"y":17500006,"z":1048576,"angle":2147483648,"subsector":4566993096},"type":"spectre","health":13,"id":4567137416}}
{"counter":7097,"type":"move","frame":{"millis":33915,"tic":1187},"actor":{"position":{"x":-19849024,"y":27437888,"z":0,"angle":536870912,"subsector":4566993432},"type":"soldier","health":20,"id":4567138208}}
{"counter":7098,"type":"move","frame":{"millis":33915,"tic":1187},"actor":{"position":{"x":-23412992,"y":55828864,"z":0,"angle":2147483648,"subsector":4566993384},"type":"shotgun_soldier","health":30,"id":4567155368}}
{"counter":7099,"type":"move","frame":{"millis":33915,"tic":1187},"actor":{"position":{"x":57596384,"y":24574048,"z":0,"angle":2684354560,"subsector":4566994312},"type":"spectre","health":150,"id":4567166984}}
{"counter":7100,"type":"move","frame":{"millis":33915,"tic":1187},"actor":{"position":{"x":12691723,"y":-189073,"z":0,"angle":0,"subsector":4566993016},"type":"barrel","health":5,"id":4567170152}}
{"counter":7101,"type":"move","frame":{"millis":33915,"tic":1187},"actor":{"position":{"x":12100572,"y":22225919,"z":3464042,"angle":1212329280,"subsector":4566993144},"type":"imp_fireball","health":1000,"id":4567676536}}
{"counter":7102,"type":"move","frame":{"millis":33943,"tic":1188},"actor":{"position":{"x":9802112,"y":33278610,"z":3670016,"angle":3288334336,"subsector":4566993496},"type":"player","health":46,"armor":58,"id":4567120880}}
{"counter":7103,"type":"move","frame":{"millis":33943,"tic":1188},"actor":{"position":{"x":9801398,"y":33285777,"z":3670016,"angle":3288334336,"subsector":4566993496},"type":"player","health":46,"armor":58,"id":4567120880}}
{"counter":7104,"type":"move","frame":{"millis":33943,"tic":1188},"actor":{"position":{"x":9406175,"y":17495199,"z":1048576,"angle":2147483648,"subsector":4566993096},"type":"spectre","health":13,"id":4567137416}}
{"counter":7105,"type":"move","frame":{"millis":33943,"tic":1188},"actor":{"position":{"x":14065792,"y":5793792,"z":0,"angle":3221225472,"subsector":4566993032},"type":"shotgun_soldier","health":30,"id":4567137680}}
{"counter":7106,"type":"move","frame":{"millis":33943,"tic":1188},"actor":{"position":{"x":-24657600,"y":52651456,"z":0,"angle":1073741824,"subsector":4566993384},"type":"soldier","health":20,"id":4567138736}}
{"counter":7107,"type":"move","frame":{"millis":33943,"tic":1188},"actor":{"position":{"x":-1806080,"y":23455232,"z":0,"angle":3758096384,"subsector":4566993432},"type":"soldier","health":20,"id":4567139528}}
{"counter":7108,"type":"move","frame":{"millis":33943,"tic":1188},"actor":{"position":{"x":-15786944,"y":82895808,"z":0,"angle":3758096384,"subsector":4566996760},"type":"shotgun_soldier","health":30,"id":4567155104}}
{"counter":7109,"type":"move","frame":{"millis":33943,"tic":1188},"actor":{"position":{"x":-16210688,"y":55484544,"z":0,"angle":1073741824,"subsector":4566993320},"type":"shotgun_soldier","health":30,"id":4567155632}}
{"counter":7110,"type":"move","frame":{"millis":33943,"tic":1188},"actor":{"position":{"x":-21739584,"y":52873664,"z":0,"angle":2147483648,"subsector":4566993384},"type":"shotgun_soldier","health":30,"id":4567155896}}
{"counter":7111,"type":"move","frame":{"millis":33943,"tic":1188},"actor":{"position":{"x":-5121216,"y":29873856,"z":0,"angle":3758096384,"subsector":4566993432},"type":"shotgun_soldier","health":30,"id":4567156160}}
{"counter":7112,"type":"move","frame":{"millis":33943,"tic":1188},"actor":{"position":{"x":1456256,"y":29953280,"z":0,"angle":1610612736,"subsector":4566993432},"type":"shotgun_soldier","health":30,"id":4567156424}}
{"counter":7113,"type":"move","frame":{"millis":33943,"tic":1188},"actor":{"position":{"x":10386974,"y":12094417,"z":0,"angle":536870912,"subsector":4566993032},"type":"spectre","health":140,"id":4567162232}}
{"counter":7114,"type":"move","frame":{"millis":33943,"tic":1188},"actor":{"position":{"x":12692280,"y":-195464,"z":0,"angle":0,"subsector":4566993016},"type":"barrel","health":5,"id":4567170152}}
{"counter":7115,"type":"move","frame":{"millis":33943,"tic":1188},"actor":{"position":{"x":11968532,"y":22867839,"z":3576389,"angle":1212329280,"subsector":4566993144},"type":"imp_fireball","health":1000,"id":4567676536}}
{"counter":7116,"type":"move","frame":{"millis":33973,"tic":1189},"actor":{"position":{"x":9801398,"y":33285777,"z":3670016,"angle":3305111552,"subsector":4566993496},"type":"player","health":46,"armor":58,"id":4567120880}}
{"counter":7117,"type":"move","frame":{"millis":33973,"tic":1189},"actor":{"position":{"x":9799241,"y":33304467,"z":3670016,"angle":3305111552,"subsector":4566993496},"type":"player","health":46,"armor":58,"id":4567120880}}
{"counter":7118,"type":"move","frame":{"millis":33973,"tic":1189},"actor":{"position":{"x":238272,"y":27294656,"z":0,"angle":2147483648,"subsector":4566993432},"type":"imp","health":60,"id":4567132928}}
{"counter":7119,"type":"move","frame":{"millis":33973,"tic":1189},"actor":{"position":{"x":9405955,"y":17490842,"z":1048576,"angle":2147483648,"subsector":4566993096},"type":"spectre","health":13,"id":4567137416}}
{"counter":7120,"type":"move","frame":{"millis":33973,"tic":1189},"actor":{"position":{"x":8935955,"y":17020842,"z":1048576,"angle":2684354560,"subsector":4566993096},"type":"spectre","health":13,"id":4567137416}}
{"counter":7121,"type":"move","frame":{"millis":33973,"tic":1189},"actor":{"position":{"x":-5597760,"y":81619520,"z":0,"angle":3758096384,"subsector":4566996760},"type":"soldier","health":20,"id":4567139000}}
{"counter":7122,"type":"move","frame":{"millis":33973,"tic":1189},"actor":{"position":{"x":-1366272,"y":30001024,"z":0,"angle":1073741824,"subsector":4566993432},"type":"shotgun_soldier","health":30,"id":4567139792}}
{"counter":7123,"type":"move","frame":{"millis":33973,"tic":1189},"actor":{"position":{"x":56941024,"y":24574048,"z":0,"angle":2147483648,"subsector":4566994312},"type":"spectre","health":150,"id":4567166984}}
{"counter":7124,"type":"move","frame":{"millis":33973,"tic":1189},"actor":{"position":{"x":12692784,"y":-201256,"z":0,"angle":0,"subsector":4566993016},"type":"barrel","health":5,"id":4567170152}}
{"counter":7125,"type":"move","frame":{"millis":33973,"tic":1189},"actor":{"position":{"x":12472532,"y":17513640,"z":1048576,"angle":1610612736,"subsector":4566993096},"type":"imp","health":55,"id":4567172264}}
{"counter":7126,"type":"move","frame":{"millis":33973,"tic":1189},"actor":{"position":{"x":1223040,"y":24434944,"z":0,"angle":1073741824,"subsector":4566993432},"type":"shotgun_soldier","health":30,"id":4567172528}}
{"counter":7127,"type":"move","frame":{"millis":33973,"tic":1189},"actor":{"position":{"x":11836492,"y":23509759,"z":3688736,"angle":1212329280,"subsector":4566993464},"type":"imp_fireball","health":1000,"id":4567676536}}
{"counter":7128,"type":"move","frame":{"millis":34000,"tic":1190},"actor":{"position":{"x":9797286,"y":33321404,"z":3670016,"angle":3305111552,"subsector":4566993496},"type":"player","health":46,"armor":58,"id":4567120880}}
{"counter":7129,"type":"move","frame":{"millis":34000,"tic":1190},"actor":{"position":{"x":8935755,"y":17016893,"z":1048576,"angle":2684354560,"subsector":4566993096},"type":"spectre","health":13,"id":4567137416}}
{"counter":7130,"type":"move","frame":{"millis":34000,"tic":1190},"actor":{"position":{"x":-3220096,"y":26813056,"z":0,"angle":2147483648,"subsector":4566993432},"type":"soldier","health":20,"id":4567137944}}
{"counter":7131,"type":"move","frame":{"millis":34000,"tic":1190},"actor":{"position":{"x":-23937280,"y":55828864,"z":0,"angle":2147483648,"subsector":4566993384},"type":"shotgun_soldier","health":30,"id":4567155368}}
{"counter":7132,"type":"move","frame":{"millis":34000,"tic":1190},"actor":{"position":{"x":10856974,"y":12564417,"z":0,"angle":536870912,"subsector":4566993032},"type":"spectre","health":140,"id":4567162232}}
{"counter":7133,"type":"move","frame":{"millis":34000,"tic":1190},"actor":{"position":{"x":12693240,"y":-206505,"z":0,"angle":0,"subsector":4566993016},"type":"barrel","health":5,"id":4567170152}}
{"counter":7134,"type":"move","frame":{"millis":34000,"tic":1190},"actor":{"position":{"x":11704452,"y":24151679,"z":3801083,"angle":1212329280,"subsector":4566993464},"type":"imp_fireball","health":1000,"id":4567676536}}
{"counter":7135,"type":"move","frame":{"millis":34029,"tic":1191},"actor":{"position":{"x":9797286,"y":33321404,"z":3670016,"angle":3321888768,"subsector":4566993496},"type":"player","health":46,"armor":58,"id":4567120880}}
{"counter":7136,"type":"move","frame":{"millis":34029,"tic":1191},"actor":{"position":{"x":9794007,"y":33346881,"z":3670016,"angle":3321888768,"subsector":4566993496},"type":"player","health":46,"armor":58,"id":4567120880}}
{"counter":7137,"type":"move","frame":{"millis":34029,"tic":1191},"actor":{"position":{"x":8465755,"y":16546893,"z":1048576,"angle":2684354560,"subsector":4566993032},"type":"spectre","health":13,"id":4567137416}}
{"counter":7138,"type":"move","frame":{"millis":34029,"tic":1191},"actor":{"position":{"x":14065792,"y":5269504,"z":0,"angle":3221225472,"subsector":4566993032},"type":"shotgun_soldier","health":30,"id":4567137680}}
{"counter":7139,"type":"move","frame":{"millis":34029,"tic":1191},"actor":{"position":{"x":-19473024,"y":27813888,"z":0,"angle":536870912,"subsector":4566993432},"type":"soldier","health":20,"id":4567138208}}
{"counter":7140,"type":"move","frame":{"millis":34029,"tic":1191},"actor":{"position":{"x":-15410944,"y":82519808,"z":0,"angle":3758096384,"subsector":4566996760},"type":"shotgun_soldier","health":30,"id":4567155104}}
{"counter":7141,"type":"move","frame":{"millis":34029,"tic":1191},"actor":{"position":{"x":-16210688,"y":56008832,"z":0,"angle":1073741824,"subsector":4566993320},"type":"shotgun_soldier","health":30,"id":4567155632}}
{"counter":7142,"type":"move","frame":{"millis":34029,"tic":1191},"actor":{"position":{"x":-21215296,"y":52873664,"z":0,"angle":2147483648,"subsector":4566993384},"type":"shotgun_soldier","health":30,"id":4567155896}}
{"counter":7143,"type":"move","frame":{"millis":34029,"tic":1191},"actor":{"position":{"x":-4596928,"y":29873856,"z":0,"angle":0,"subsector":4566993432},"type":"shotgun_soldier","health":30,"id":4567156160}}
{"counter":7144,"type":"move","frame":{"millis":34029,"tic":1191},"actor":{"position":{"x":1980544,"y":29953280,"z":0,"angle":1073741824,"subsector":4566993432},"type":"shotgun_soldier","health":30,"id":4567156424}}
{"counter":7145,"type":"move","frame":{"millis":34029,"tic":1191},"actor":{"position":{"x":56941024,"y":25229408,"z":0,"angle":2147483648,"subsector":4566994312},"type":"spectre","health":150,"id":4567166984}}
{"counter":7146,"type":"move","frame":{"millis":34029,"tic":1191},"actor":{"position":{"x":12693653,"y":-211262,"z":0,"angle":0,"subsector":4566993016},"type":"barrel","health":5,"id":4567170152}}
{"counter":7147,"type":"move","frame":{"millis":34029,"tic":1191},"actor":{"position":{"x":11572412,"y":24793599,"z":3913430,"angle":1212329280,"subsector":4566993480},"type":"imp_fireball","health":1000,"id":4567676536}}
{"weapon_type":2,"counter":7148,"type":"attacked","frame":{"millis":34058,"tic":1192},"actor":{"position":{"x":9794007,"y":33346881,"z":3670016,"angle":3321888768,"subsector":4566993496},"type":"player","health":46,"armor":58,"id":4567120880}}
{"counter":7149,"type":"move","frame":{"millis":34058,"tic":1192},"actor":{"position":{"x":9791035,"y":33369969,"z":3670016,"angle":3321888768,"subsector":4566993496},"type":"player","health":46,"armor":58,"id":4567120880}}
{"counter":7150,"type":"move","frame":{"millis":34058,"tic":1192},"actor":{"position":{"x":-286016,"y":27294656,"z":0,"angle":2147483648,"subsector":4566993432},"type":"imp","health":60,"id":4567132928}}
{"counter":7151,"type":"move","frame":{"millis":34058,"tic":1192},"actor":{"position":{"x":-24281600,"y":52275456,"z":0,"angle":536870912,"subsector":4566993384},"type":"soldier","health":20,"id":4567138736}}
{"counter":7152,"type":"move","frame":{"millis":34058,"tic":1192},"actor":{"position":{"x":-1430080,"y":23831232,"z":0,"angle":3758096384,"subsector":4566993432},"type":"soldier","health":20,"id":4567139528}}
{"counter":7153,"type":"move","frame":{"millis":34058,"tic":1192},"actor":{"position":{"x":-841984,"y":30001024,"z":0,"angle":536870912,"subsector":4566993432},"type":"shotgun_soldier","health":30,"id":4567139792}}
{"counter":7154,"type":"move","frame":{"millis":34058,"tic":1192},"actor":{"position":{"x":10201614,"y":12564417,"z":0,"angle":536870912,"subsector":4566993032},"type":"spectre","health":140,"id":4567162232}}
{"counter":7155,"type":"move","frame":{"millis":34058,"tic":1192},"actor":{"position":{"x":12694027,"y":-215574,"z":0,"angle":0,"subsector":4566993016},"type":"barrel","health":5,"id":4567170152}}
{"counter":7156,"type":"move","frame":{"millis":34058,"tic":1192},"actor":{"position":{"x":12096532,"y":17889640,"z":1048576,"angle":1610612736,"subsector":4566993096},"type":"imp","health":55,"id":4567172264}}
{"counter":7157,"type":"move","frame":{"millis":34058,"tic":1192},"actor":{"position":{"x":1747328,"y":24434944,"z":0,"angle":1610612736,"subsector":4566993432},"type":"shotgun_soldier","health":30,"id":4567172528}}
{"counter":7158,"type":"move","frame":{"millis":34058,"tic":1192},"actor":{"position":{"x":11440372,"y":25435519,"z":4025777,"angle":1212329280,"subsector":4566993480},"type":"imp_fireball","health":1000,"id":4567676536}}
{"counter":7159,"type":"move","frame":{"millis":34086,"tic":1193},"actor":{"position":{"x":9791035,"y":33369969,"z":3670016,"angle":3321888768,"subsector":4566993496},"type":"player","health":46,"armor":58,"id":4567120880}}
{"counter":7160,"type":"move","frame":{"millis":34086,"tic":1193},"actor":{"position":{"x":9788039,"y":33392917,"z":3670016,"angle":3321888768,"subsector":4566993496},"type":"player","health":46,"armor":58,"id":4567120880}}
{"counter":7161,"type":"move","frame":{"millis":34086,"tic":1193},"actor":{"position":{"x":8465755,"y":17202253,"z":1048576,"angle":2684354560,"subsector":4566993096},"type":"spectre","health":13,"id":4567137416}}
{"counter":7162,"type":"move","frame":{"millis":34086,"tic":1193},"actor":{"position":{"x":-5221760,"y":81243520,"z":0,"angle":3758096384,"subsector":4566996760},"type":"soldier","health":20,"id":4567139000}}
{"counter":7163,"type":"move","frame":{"millis":34086,"tic":1193},"actor":{"position":{"x":-24461568,"y":55828864,"z":0,"angle":2147483648,"subsector":4566993384},"type":"shotgun_soldier","health":30,"id":4567155368}}
{"counter":7164,"type":"move","frame":{"millis":34086,"tic":1193},"actor":{"position":{"x":56941024,"y":25884768,"z":0,"angle":1610612736,"subsector":4566994312},"type":"spectre","health":150,"id":4567166984}}
{"counter":7165,"type":"move","frame":{"millis":34086,"tic":1193},"actor":{"position":{"x":12694365,"y":-219482,"z":0,"angle":0,"subsector":4566993016},"type":"barrel","health":5,"id":4567170152}}
{"counter":7166,"type":"move","frame":{"millis":34086,"tic":1193},"actor":{"position":{"x":11308332,"y":26077439,"z":4138124,"angle":1212329280,"subsector":4566993480},"type":"imp_fireball","health":1000,"id":4567676536}}
{"counter":7167,"type":"move","frame":{"millis":34115,"tic":1194},"actor":{"position":{"x":9788039,"y":33392917,"z":3670016,"angle":3321888768,"subsector":4566993496},"type":"player","health":46,"armor":58,"id":4567120880}}
{"counter":7168,"type":"move","frame":{"millis":34115,"tic":1194},"actor":{"position":{"x":9782009,"y":33435995,"z":3670016,"angle":3321888768,"subsector":4566993496},"type":"player","health":46,"armor":58,"id":4567120880}}
{"counter":7169,"type":"attacked","frame":{"millis":34115,"tic":1194},"actor":{"position":{"x":14065792,"y":5269504,"z":0,"angle":3221225472,"subsector":4566993032},"type":"shotgun_soldier","health":30,"id":4567137680},"target":{"position":{"x":9782009,"y":33435995,"z":3670016,"angle":3321888768,"subsector":4566993496},"type":"player","health":46,"armor":58,"id":4567120880}}
{"counter":7170,"type":"move","frame":{"millis":34115,"tic":1194},"actor":{"position":{"x":-3744384,"y":26813056,"z":0,"angle":2147483648,"subsector":4566993432},"type":"soldier","health":20,"id":4567137944}}
{"counter":7171,"type":"move","frame":{"millis":34115,"tic":1194},"actor":{"position":{"x":-15034944,"y":82143808,"z":0,"angle":3758096384,"subsector":4566996760},"type":"shotgun_soldier","health":30,"id":4567155104}}
{"counter":7172,"type":"move","frame":{"millis":34115,"tic":1194},"actor":{"position":{"x":-16734976,"y":56008832,"z":0,"angle":1073741824,"subsector":4566993320},"type":"shotgun_soldier","health":30,"id":4567155632}}
{"counter":7173,"type":"move","frame":{"millis":34115,"tic":1194},"actor":{"position":{"x":-20691008,"y":52873664,"z":0,"angle":2684354560,"subsector":4566993320},"type":"shotgun_soldier","health":30,"id":4567155896}}
{"counter":7174,"type":"move","frame":{"millis":34115,"tic":1194},"actor":{"position":{"x":-4072640,"y":29873856,"z":0,"angle":0,"subsector":4566993432},"type":"shotgun_soldier","health":30,"id":4567156160}}
{"counter":7175,"type":"move","frame":{"millis":34115,"tic":1194},"actor":{"position":{"x":2504832,"y":29953280,"z":0,"angle":536870912,"subsector":4566993432},"type":"shotgun_soldier","health":30,"id":4567156424}}
{"counter":7176,"type":"move","frame":{"millis":34115,"tic":1194},"actor":{"position":{"x":9546254,"y":12564417,"z":0,"angle":1073741824,"subsector":4566993032},"type":"spectre","health":140,"id":4567162232}}
{"counter":7177,"type":"move","frame":{"millis":34115,"tic":1194},"actor":{"position":{"x":11176292,"y":26719359,"z":4250471,"angle":1212329280,"subsector":4566993496},"type":"imp_fireball","health":1000,"id":4567676536}}
{"counter":7178,"type":"move","frame":{"millis":34143,"tic":1195},"actor":{"position":{"x":9782009,"y":33435995,"z":3670016,"angle":3305111552,"subsector":4566993496},"type":"player","health":46,"armor":58,"id":4567120880}}
{"damage":5,"counter":7179,"type":"hit","frame":{"millis":34143,"tic":1195},"actor":{"position":{"x":9782009,"y":33435995,"z":3670016,"angle":3305111552,"subsector":4566993496},"type":"player","health":46,"armor":58,"id":4567120880},"target":{"position":{"x":12096532,"y":17889640,"z":1048576,"angle":1610612736,"subsector":4566993096},"type":"imp","health":50,"id":4567172264}}
{"damage":10,"counter":7180,"type":"hit","frame":{"millis":34143,"tic":1195},"actor":{"position":{"x":9782009,"y":33435995,"z":3670016,"angle":3305111552,"subsector":4566993496},"type":"player","health":46,"armor":58,"id":4567120880},"target":{"position":{"x":12096532,"y":17889640,"z":1048576,"angle":1610612736,"subsector":4566993096},"type":"imp","health":40,"id":4567172264}}
{"damage":15,"counter":7181,"type":"hit","frame":{"millis":34143,"tic":1195},"actor":{"position":{"x":9782009,"y":33435995,"z":3670016,"angle":3305111552,"subsector":4566993496},"type":"player","health":46,"armor":58,"id":4567120880},"target":{"position":{"x":9546254,"y":12564417,"z":0,"angle":1073741824,"subsector":4566993032},"type":"spectre","health":125,"id":4567162232}}
{"damage":15,"counter":7182,"type":"hit","frame":{"millis":34143,"tic":1195},"actor":{"position":{"x":9782009,"y":33435995,"z":3670016,"angle":3305111552,"subsector":4566993496},"type":"player","health":46,"armor":58,"id":4567120880},"target":{"position":{"x":12096532,"y":17889640,"z":1048576,"angle":1610612736,"subsector":4566993096},"type":"imp","health":25,"id":4567172264}}
{"damage":10,"counter":7183,"type":"hit","frame":{"millis":34143,"tic":1195},"actor":{"position":{"x":9782009,"y":33435995,"z":3670016,"angle":3305111552,"subsector":4566993496},"type":"player","health":46,"armor":58,"id":4567120880},"target":{"position":{"x":12096532,"y":17889640,"z":1048576,"angle":1610612736,"subsector":4566993096},"type":"imp","health":15,"id":4567172264}}
{"damage":15,"counter":7184,"type":"hit","frame":{"millis":34143,"tic":1195},"actor":{"position":{"x":9782009,"y":33435995,"z":3670016,"angle":3305111552,"subsector":4566993496},"type":"player","health":46,"armor":58,"id":4567120880},"target":{"position":{"x":12096532,"y":17889640,"z":1048576,"angle":1610612736,"subsector":4566993096},"type":"imp","health":0,"id":4567172264}}
{"counter":7185,"type":"killed","frame":{"millis":34143,"tic":1195},"actor":{"position":{"x":9782009,"y":33435995,"z":3670016,"angle":3305111552,"subsector":4566993496},"type":"player","health":46,"armor":58,"id":4567120880},"target":{"position":{"x":12096532,"y":17889640,"z":1048576,"angle":1610612736,"subsector":4566993096},"type":"imp","health":0,"id":4567172264}}
{"counter":7186,"type":"move","frame":{"millis":34144,"tic":1195},"actor":{"position":{"x":9763970,"y":33576659,"z":3670016,"angle":3305111552,"subsector":4566993496},"type":"player","health":46,"armor":58,"id":4567120880}}
{"counter":7187,"type":"move","frame":{"millis":34144,"tic":1195},"actor":{"position":{"x":-810304,"y":27294656,"z":0,"angle":2147483648,"subsector":4566993432},"type":"imp","health":60,"id":4567132928}}
{"counter":7188,"type":"move","frame":{"millis":34144,"tic":1195},"actor":{"position":{"x":8465755,"y":17857613,"z":1048576,"angle":2147483648,"subsector":4566993096},"type":"spectre","health":13,"id":4567137416}}
{"counter":7189,"type":"move","frame":{"millis":34144,"tic":1195},"actor":{"position":{"x":-19097024,"y":28189888,"z":0,"angle":536870912,"subsector":4566993432},"type":"soldier","health":20,"id":4567138208}}
{"counter":7190,"type":"move","frame":{"millis":34144,"tic":1195},"actor":{"position":{"x":-317696,"y":30001024,"z":0,"angle":0,"subsector":4566993432},"type":"shotgun_soldier","health":30,"id":4567139792}}
{"counter":7191,"type":"move","frame":{"millis":34144,"tic":1195},"actor":{"position":{"x":9545912,"y":12533699,"z":0,"angle":1073741824,"subsector":4566993032},"type":"spectre","health":125,"id":4567162232}}
{"counter":7192,"type":"move","frame":{"millis":34144,"tic":1195},"actor":{"position":{"x":56941024,"y":26540128,"z":0,"angle":1073741824,"subsector":4566994312},"type":"spectre","health":150,"id":4567166984}}
{"counter":7193,"type":"move","frame":{"millis":34144,"tic":1195},"actor":{"position":{"x":12162807,"y":17443986,"z":1048576,"angle":1610612736,"subsector":4566993096},"type":"imp","health":0,"id":4567172264}}
{"counter":7194,"type":"move","frame":{"millis":34144,"tic":1195},"actor":{"position":{"x":2271616,"y":24434944,"z":0,"angle":1073741824,"subsector":4566993432},"type":"shotgun_soldier","health":30,"id":4567172528}}
{"counter":7195,"type":"move","frame":{"millis":34144,"tic":1195},"actor":{"position":{"x":11044252,"y":27361279,"z":4362818,"angle":1212329280,"subsector":4566993496},"type":"imp_fireball","health":1000,"id":4567676536}}
{"counter":7196,"type":"move","frame":{"millis":34172,"tic":1196},"actor":{"position":{"x":9763970,"y":33576659,"z":3670016,"angle":3305111552,"subsector":4566993496},"type":"player","health":46,"armor":58,"id":4567120880}}
{"counter":7197,"type":"move","frame":{"millis":34172,"tic":1196},"actor":{"position":{"x":9763970,"y":33576659,"z":3670016,"angle":3305111552,"subsector":4566993496},"type":"player","health":46,"armor":58,"id":4567120880}}
{"counter":7198,"type":"move","frame":{"millis":34172,"tic":1196},"actor":{"position":{"x":9633423,"y":33793186,"z":3670016,"angle":3305111552,"subsector":4566993496},"type":"player","health":46,"armor":58,"id":4567120880}}
{"counter":7199,"type":"move","frame":{"millis":34172,"tic":1196},"actor":{"position":{"x":-23905600,"y":51899456,"z":0,"angle":0,"subsector":4566993384},"type":"soldier","health":20,"id":4567138736}}
{"counter":7200,"type":"move","frame":{"millis":34172,"tic":1196},"actor":{"position":{"x":-1954368,"y":23831232,"z":0,"angle":0,"subsector":4566993432},"type":"soldier","health":20,"id":4567139528}}
{"counter":7201,"type":"move","frame":{"millis":34172,"tic":1196},"actor":{"position":{"x":-24985856,"y":55828864,"z":0,"angle":2147483648,"subsector":4566993384},"type":"shotgun_soldier","health":30,"id":4567155368}}
{"counter":7202,"type":"move","frame":{"millis":34172,"tic":1196},"actor":{"position":{"x":9545602,"y":12505860,"z":0,"angle":1073741824,"subsector":4566993032},"type":"spectre","health":125,"id":4567162232}}
{"counter":7203,"type":"move","frame":{"millis":34172,"tic":1196},"actor":{"position":{"x":12229082,"y":16998332,"z":1048576,"angle":1610612736,"subsector":4566993096},"type":"imp","health":0,"id":4567172264}}
{"counter":7204,"type":"move","frame":{"millis":34172,"tic":1196},"actor":{"position":{"x":10912212,"y":28003199,"z":4475165,"angle":1212329280,"subsector":4566993496},"type":"imp_fireball","health":1000,"id":4567676536}}
{"counter":7205,"type":"move","frame":{"millis":34200,"tic":1197},"actor":{"position":{"x":9633423,"y":33793186,"z":3670016,"angle":3305111552,"subsector":4566993496},"type":"player","health":46,"armor":58,"id":4567120880}}
{"counter":7206,"type":"move","frame":{"millis":34200,"tic":1197},"actor":{"position":{"x":9502540,"y":34091038,"z":3670016,"angle":3305111552,"subsector":4566993496},"type":"player","health":46,"armor":58,"id":4567120880}}
{"counter":7207,"type":"move","frame":{"millis":34200,"tic":1197},"actor":{"position":{"x":8935755,"y":17387613,"z":1048576,"angle":1610612736,"subsector":4566993096},"type":"spectre","health":13,"id":4567137416}}
{"counter":7208,"type":"move","frame":{"millis":34200,"tic":1197},"actor":{"position":{"x":-4845760,"y":80867520,"z":0,"angle":3758096384,"subsector":4566996760},"type":"soldier","health":20,"id":4567139000}}
{"counter":7209,"type":"move","frame":{"millis":34200,"tic":1197},"actor":{"position":{"x":-14658944,"y":81767808,"z":0,"angle":3758096384,"subsector":4566996760},"type":"shotgun_soldier","health":30,"id":4567155104}}
{"counter":7210,"type":"move","frame":{"millis":34200,"tic":1197},"actor":{"position":{"x":-17259264,"y":56008832,"z":0,"angle":1610612736,"subsector":4566993320},"type":"shotgun_soldier","health":30,"id":4567155632}}
{"counter":7211,"type":"move","frame":{"millis":34200,"tic":1197},"actor":{"position":{"x":-20166720,"y":52873664,"z":0,"angle":3221225472,"subsector":4566993320},"type":"shotgun_soldier","health":30,"id":4567155896}}
{"counter":7212,"type":"move","frame":{"millis":34200,"tic":1197},"actor":{"position":{"x":-3548352,"y":29873856,"z":0,"angle":0,"subsector":4566993432},"type":"shotgun_soldier","health":30,"id":4567156160}}
{"counter":7213,"type":"move","frame":{"millis":34200,"tic":1197},"actor":{"position":{"x":2880832,"y":29577280,"z":0,"angle":0,"subsector":4566993432},"type":"shotgun_soldier","health":30,"id":4567156424}}
{"counter":7214,"type":"move","frame":{"millis":34200,"tic":1197},"actor":{"position":{"x":9545321,"y":12480630,"z":0,"angle":1073741824,"subsector":4566993032},"type":"spectre","health":125,"id":4567162232}}
{"counter":7215,"type":"move","frame":{"millis":34200,"tic":1197},"actor":{"position":{"x":56941024,"y":27195488,"z":0,"angle":1073741824,"subsector":4566994312},"type":"spectre","health":150,"id":4567166984}}
{"counter":7216,"type":"move","frame":{"millis":34200,"tic":1197},"actor":{"position":{"x":12295357,"y":16552678,"z":1048576,"angle":1610612736,"subsector":4566993032},"type":"imp","health":0,"id":4567172264}}
{"counter":7217,"type":"move","frame":{"millis":34200,"tic":1197},"actor":{"position":{"x":10780172,"y":28645119,"z":4587512,"angle":1212329280,"subsector":4566993496},"type":"imp_fireball","health":1000,"id":4567676536}}
{"counter":7218,"type":"move","frame":{"millis":34229,"tic":1198},"actor":{"position":{"x":9502540,"y":34091038,"z":3670016,"angle":3305111552,"subsector":4566993496},"type":"player","health":46,"armor":58,"id":4567120880}}
{"counter":7219,"type":"move","frame":{"millis":34229,"tic":1198},"actor":{"position":{"x":9502540,"y":34091038,"z":3670016,"angle":3305111552,"subsector":4566993496},"type":"player","health":46,"armor":58,"id":4567120880}}
{"counter":7220,"type":"move","frame":{"millis":34229,"tic":1198},"actor":{"position":{"x":9472978,"y":34475164,"z":3670016,"angle":3305111552,"subsector":4566993496},"type":"player","health":46,"armor":58,"id":4567120880}}
{"counter":7221,"type":"move","frame":{"millis":34229,"tic":1198},"actor":{"position":{"x":-434304,"y":26918656,"z":0,"angle":2147483648,"subsector":4566993432},"type":"imp","health":60,"id":4567132928}}
{"counter":7222,"type":"move","frame":{"millis":34229,"tic":1198},"actor":{"position":{"x":-4268672,"y":26813056,"z":0,"angle":2147483648,"subsector":4566993432},"type":"soldier","health":20,"id":4567137944}}
{"counter":7223,"type":"move","frame":{"millis":34229,"tic":1198},"actor":{"position":{"x":206592,"y":30001024,"z":0,"angle":0,"subsector":4566993432},"type":"shotgun_soldier","health":30,"id":4567139792}}
{"counter":7224,"type":"move","frame":{"millis":34229,"tic":1198},"actor":{"position":{"x":9545066,"y":12457765,"z":0,"angle":1073741824,"subsector":4566993032},"type":"spectre","health":125,"id":4567162232}}
{"counter":7225,"type":"move","frame":{"millis":34229,"tic":1198},"actor":{"position":{"x":8889706,"y":12457765,"z":0,"angle":1610612736,"subsector":4566993032},"type":"spectre","health":125,"id":4567162232}}
{"counter":7226,"type":"move","frame":{"millis":34229,"tic":1198},"actor":{"position":{"x":12361632,"y":16107024,"z":917504,"angle":1610612736,"subsector":4566993032},"type":"imp","health":0,"id":4567172264}}
{"counter":7227,"type":"move","frame":{"millis":34230,"tic":1198},"actor":{"position":{"x":2795904,"y":24434944,"z":0,"angle":536870912,"subsector":4566993432},"type":"shotgun_soldier","health":30,"id":4567172528}}
{"counter":7228,"type":"move","frame":{"millis":34230,"tic":1198},"actor":{"position":{"x":10648132,"y":29287039,"z":4699859,"angle":1212329280,"subsector":4566993496},"type":"imp_fireball","health":1000,"id":4567676536}}
{"counter":7229,"type":"move","frame":{"millis":34259,"tic":1199},"actor":{"position":{"x":9472978,"y":34475164,"z":3670016,"angle":3305111552,"subsector":4566993496},"type":"player","health":46,"armor":58,"id":4567120880}}
{"counter":7230,"type":"move","frame":{"millis":34259,"tic":1199},"actor":{"position":{"x":9472978,"y":34475164,"z":3670016,"angle":3305111552,"subsector":4566993496},"type":"player","health":46,"armor":58,"id":4567120880}}
{"counter":7231,"type":"move","frame":{"millis":34259,"tic":1199},"actor":{"position":{"x":9539262,"y":34904956,"z":3670016,"angle":3305111552,"subsector":4566993496},"type":"player","health":46,"armor":58,"id":4567120880}}
{"counter":7232,"type":"move","frame":{"millis":34259,"tic":1199},"actor":{"position":{"x":8935755,"y":16732253,"z":1048576,"angle":2147483648,"subsector":4566993032},"type":"spectre","health":13,"id":4567137416}}
{"counter":7233,"type":"move","frame":{"millis":34259,"tic":1199},"actor":{"position":{"x":-18721024,"y":28565888,"z":0,"angle":536870912,"subsector":4566993432},"type":"soldier","health":20,"id":4567138208}}
{"counter":7234,"type":"move","frame":{"millis":34259,"tic":1199},"actor":{"position":{"x":-25510144,"y":55828864,"z":0,"angle":2147483648,"subsector":4566993384},"type":"shotgun_soldier","health":30,"id":4567155368}}
{"counter":7235,"type":"move","frame":{"millis":34259,"tic":1199},"actor":{"position":{"x":8889474,"y":12437043,"z":0,"angle":1610612736,"subsector":4566993032},"type":"spectre","health":125,"id":4567162232}}
{"counter":7236,"type":"move","frame":{"millis":34259,"tic":1199},"actor":{"position":{"x":57411024,"y":26725488,"z":0,"angle":1073741824,"subsector":4566994312},"type":"spectre","health":150,"id":4567166984}}
{"counter":7237,"type":"move","frame":{"millis":34259,"tic":1199},"actor":{"position":{"x":12427907,"y":15661370,"z":720896,"angle":1610612736,"subsector":4566993032},"type":"imp","health":0,"id":4567172264}}
{"counter":7238,"type":"move","frame":{"millis":34259,"tic":1199},"actor":{"position":{"x":10516092,"y":29928959,"z":4812206,"angle":1212329280,"subsector":4566993496},"type":"imp_fireball","health":1000,"id":4567676536}}
{"counter":7239,"type":"move","frame":{"millis":34286,"tic":1200},"actor":{"position":{"x":9539262,"y":34904956,"z":3670016,"angle":3305111552,"subsector":4566993496},"type":"player","health":46,"armor":58,"id":4567120880}}
{"counter":7240,"type":"move","frame":{"millis":34286,"tic":1200},"actor":{"position":{"x":9539262,"y":34904956,"z":3670016,"angle":3305111552,"subsector":4566993496},"type":"player","health":46,"armor":58,"id":4567120880}}
{"counter":7241,"type":"move","frame":{"millis":34286,"tic":1200},"actor":{"position":{"x":9697938,"y":35331418,"z":3670016,"angle":3305111552,"subsector":4566993496},"type":"player","health":46,"armor":58,"id":4567120880}}
{"counter":7242,"type":"move","frame":{"millis":34286,"tic":1200},"actor":{"position":{"x":-23529600,"y":52275456,"z":0,"angle":3758096384,"subsector":4566993384},"type":"soldier","health":20,"id":4567138736}}
{"counter":7243,"type":"move","frame":{"millis":34286,"tic":1200},"actor":{"position":{"x":-2478656,"y":23831232,"z":0,"angle":536870912,"subsector":4566993432},"type":"soldier","health":20,"id":4567139528}}
{"counter":7244,"type":"move","frame":{"millis":34286,"tic":1200},"actor":{"position":{"x":-14282944,"y":81391808,"z":0,"angle":3758096384,"subsector":4566996760},"type":"shotgun_soldier","health":30,"id":4567155104}}
{"counter":7245,"type":"move","frame":{"millis":34286,"tic":1200},"actor":{"position":{"x":-17783552,"y":56008832,"z":0,"angle":2147483648,"subsector":4566993320},"type":"shotgun_soldier","health":30,"id":4567155632}}
{"counter":7246,"type":"move","frame":{"millis":34286,"tic":1200},"actor":{"position":{"x":-19642432,"y":52873664,"z":0,"angle":3758096384,"subsector":4566993320},"type":"shotgun_soldier","health":30,"id":4567155896}}
{"counter":7247,"type":"move","frame":{"millis":34286,"tic":1200},"actor":{"position":{"x":-3024064,"y":29873856,"z":0,"angle":0,"subsector":4566993432},"type":"shotgun_soldier","health":30,"id":4567156160}}
{"counter":7248,"type":"move","frame":{"millis":34286,"tic":1200},"actor":{"position":{"x":2880832,"y":30101568,"z":0,"angle":3758096384,"subsector":4566993432},"type":"shotgun_soldier","health":30,"id":4567156424}}
{"counter":7249,"type":"move","frame":{"millis":34286,"tic":1200},"actor":{"position":{"x":8889263,"y":12418263,"z":0,"angle":1610612736,"subsector":4566993032},"type":"spectre","health":125,"id":4567162232}}
{"counter":7250,"type":"move","frame":{"millis":34286,"tic":1200},"actor":{"position":{"x":8419263,"y":11948263,"z":0,"angle":2147483648,"subsector":4566993032},"type":"spectre","health":125,"id":4567162232}}
{"counter":7251,"type":"move","frame":{"millis":34286,"tic":1200},"actor":{"position":{"x":12494182,"y":15215716,"z":524288,"angle":1610612736,"subsector":4566993032},"type":"imp","health":0,"id":4567172264}}
{"counter":7252,"type":"move","frame":{"millis":34286,"tic":1200},"actor":{"position":{"x":10384052,"y":30570879,"z":4924553,"angle":1212329280,"subsector":4566993496},"type":"imp_fireball","health":1000,"id":4567676536}}
{"counter":7253,"type":"move","frame":{"millis":34315,"tic":1201},"actor":{"position":{"x":9697938,"y":35331418,"z":3670016,"angle":3305111552,"subsector":4566993496},"type":"player","health":46,"armor":58,"id":4567120880}}
{"counter":7254,"type":"move","frame":{"millis":34315,"tic":1201},"actor":{"position":{"x":9697938,"y":35331418,"z":3670016,"angle":3305111552,"subsector":4566993496},"type":"player","health":46,"armor":58,"id":4567120880}}
{"counter":7255,"type":"move","frame":{"millis":34315,"tic":1201},"actor":{"position":{"x":9942608,"y":35736569,"z":3670016,"angle":3305111552,"subsector":4566993496},"type":"player","health":46,"armor":58,"id":4567120880}}
{"counter":7256,"type":"move","frame":{"millis":34315,"tic":1201},"actor":{"position":{"x":-58304,"y":26542656,"z":0,"angle":2684354560,"subsector":4566993432},"type":"imp","health":60,"id":4567132928}}
{"counter":7257,"type":"move","frame":{"millis":34315,"tic":1201},"actor":{"position":{"x":8935755,"y":16076893,"z":1048576,"angle":2684354560,"subsector":4566993032},"type":"spectre","health":13,"id":4567137416}}
{"counter":7258,"type":"move","frame":{"millis":34315,"tic":1201},"actor":{"position":{"x":-4321472,"y":80867520,"z":0,"angle":3758096384,"subsector":4566996760},"type":"soldier","health":20,"id":4567139000}}
{"counter":7259,"type":"move","frame":{"millis":34315,"tic":1201},"actor":{"position":{"x":-169408,"y":29625024,"z":0,"angle":0,"subsector":4566993432},"type":"shotgun_soldier","health":30,"id":4567139792}}
{"counter":7260,"type":"move","frame":{"millis":34315,"tic":1201},"actor":{"position":{"x":8419071,"y":11931243,"z":0,"angle":2147483648,"subsector":4566993032},"type":"spectre","health":125,"id":4567162232}}
{"counter":7261,"type":"move","frame":{"millis":34315,"tic":1201},"actor":{"position":{"x":57881024,"y":26255488,"z":0,"angle":536870912,"subsector":4566994312},"type":"spectre","health":150,"id":4567166984}}
{"counter":7262,"type":"move","frame":{"millis":34315,"tic":1201},"actor":{"position":{"x":12560457,"y":14770062,"z":524288,"angle":1610612736,"subsector":4566993032},"type":"imp","health":0,"id":4567172264}}
{"counter":7263,"type":"move","frame":{"millis":34315,"tic":1201},"actor":{"position":{"x":2795904,"y":24959232,"z":0,"angle":0,"subsector":4566993432},"type":"shotgun_soldier","health":30,"id":4567172528}}
{"counter":7264,"type":"move","frame":{"millis":34315,"tic":1201},"actor":{"position":{"x":10252012,"y":31212799,"z":5036900,"angle":1212329280,"subsector":4566993496},"type":"imp_fireball","health":1000,"id":4567676536}}
{"counter":7265,"type":"move","frame":{"millis":34344,"tic":1202},"actor":{"position":{"x":9942608,"y":35736569,"z":3670016,"angle":3305111552,"subsector":4566993496},"type":"player","health":46,"armor":58,"id":4567120880}}
{"counter":7266,"type":"move","frame":{"millis":34344,"tic":1202},"actor":{"position":{"x":9942608,"y":35736569,"z":3670016,"angle":3305111552,"subsector":4566993496},"type":"player","health":46,"armor":58,"id":4567120880}}
{"counter":7267,"type":"move","frame":{"millis":34344,"tic":1202},"actor":{"position":{"x":10271748,"y":36069562,"z":3670016,"angle":3305111552,"subsector":4566993496},"type":"player","health":46,"armor":58,"id":4567120880}}
{"counter":7268,"type":"move","frame":{"millis":34344,"tic":1202},"actor":{"position":{"x":-4792960,"y":26813056,"z":0,"angle":2147483648,"subsector":4566993432},"type":"soldier","health":20,"id":4567137944}}
{"counter":7269,"type":"move","frame":{"millis":34344,"tic":1202},"actor":{"position":{"x":-26034432,"y":55828864,"z":0,"angle":2147483648,"subsector":4566993384},"type":"shotgun_soldier","health":30,"id":4567155368}}
{"counter":7270,"type":"move","frame":{"millis":34344,"tic":1202},"actor":{"position":{"x":8418897,"y":11915818,"z":0,"angle":2147483648,"subsector":4566993032},"type":"spectre","health":125,"id":4567162232}}
{"counter":7271,"type":"move","frame":{"millis":34344,"tic":1202},"actor":{"position":{"x":9074257,"y":11915818,"z":0,"angle":2684354560,"subsector":4566993032},"type":"spectre","health":125,"id":4567162232}}
{"counter":7272,"type":"move","frame":{"millis":34344,"tic":1202},"actor":{"position":{"x":12626732,"y":14324408,"z":393216,"angle":1610612736,"subsector":4566993032},"type":"imp","health":0,"id":4567172264}}
{"counter":7273,"type":"move","frame":{"millis":34344,"tic":1202},"actor":{"position":{"x":10119972,"y":31854719,"z":5149247,"angle":1212329280,"subsector":4566993496},"type":"imp_fireball","health":1000,"id":4567676536}}
{"counter":7274,"type":"move","frame":{"millis":34372,"tic":1203},"actor":{"position":{"x":10271748,"y":36069562,"z":3670016,"angle":3305111552,"subsector":4566993496},"type":"player","health":46,"armor":58,"id":4567120880}}
{"counter":7275,"type":"move","frame":{"millis":34372,"tic":1203},"actor":{"position":{"x":10271748,"y":36069562,"z":3670016,"angle":3305111552,"subsector":4566993496},"type":"player","health":46,"armor":58,"id":4567120880}}
{"counter":7276,"type":"move","frame":{"millis":34372,"tic":1203},"actor":{"position":{"x":10678697,"y":36326999,"z":3670016,"angle":3305111552,"subsector":4566993496},"type":"player","health":46,"armor":58,"id":4567120880}}
{"counter":7277,"type":"move","frame":{"millis":34372,"tic":1203},"actor":{"position":{"x":8465755,"y":16546893,"z":524288,"angle":3221225472,"subsector":4566993032},"type":"spectre","health":13,"id":4567137416}}
{"counter":7278,"type":"move","frame":{"millis":34372,"tic":1203},"actor":{"position":{"x":-18345024,"y":28941888,"z":0,"angle":536870912,"subsector":4566993432},"type":"soldier","health":20,"id":4567138208}}
{"counter":7279,"type":"move","frame":{"millis":34372,"tic":1203},"actor":{"position":{"x":-13906944,"y":81015808,"z":0,"angle":3758096384,"subsector":4566996760},"type":"shotgun_soldier","health":30,"id":4567155104}}
{"counter":7280,"type":"move","frame":{"millis":34372,"tic":1203},"actor":{"position":{"x":-18307840,"y":56008832,"z":0,"angle":2147483648,"subsector":4566993320},"type":"shotgun_soldier","health":30,"id":4567155632}}
{"counter":7281,"type":"move","frame":{"millis":34372,"tic":1203},"actor":{"position":{"x":-19118144,"y":52873664,"z":0,"angle":0,"subsector":4566993320},"type":"shotgun_soldier","health":30,"id":4567155896}}
{"counter":7282,"type":"move","frame":{"millis":34372,"tic":1203},"actor":{"position":{"x":-3400064,"y":29497856,"z":0,"angle":0,"subsector":4566993432},"type":"shotgun_soldier","health":30,"id":4567156160}}
{"counter":7283,"type":"move","frame":{"millis":34372,"tic":1203},"actor":{"position":{"x":2504832,"y":29725568,"z":0,"angle":0,"subsector":4566993432},"type":"shotgun_soldier","health":30,"id":4567156424}}
{"counter":7284,"type":"move","frame":{"millis":34372,"tic":1203},"actor":{"position":{"x":9074099,"y":11901839,"z":0,"angle":2684354560,"subsector":4566993032},"type":"spectre","health":125,"id":4567162232}}
{"counter":7285,"type":"move","frame":{"millis":34372,"tic":1203},"actor":{"position":{"x":58351024,"y":25785488,"z":0,"angle":0,"subsector":4566994312},"type":"spectre","health":150,"id":4567166984}}
{"counter":7286,"type":"move","frame":{"millis":34372,"tic":1203},"actor":{"position":{"x":12693007,"y":13878754,"z":196608,"angle":1610612736,"subsector":4566993032},"type":"imp","health":0,"id":4567172264}}
{"counter":7287,"type":"move","frame":{"millis":34372,"tic":1203},"actor":{"position":{"x":9987932,"y":32496639,"z":5261594,"angle":1212329280,"subsector":4566993496},"type":"imp_fireball","health":1000,"id":4567676536}}
{"counter":7288,"type":"move","frame":{"millis":34400,"tic":1204},"actor":{"position":{"x":10678697,"y":36326999,"z":3670016,"angle":3305111552,"subsector":4566993496},"type":"player","health":46,"armor":58,"id":4567120880}}
{"counter":7289,"type":"move","frame":{"millis":34400,"tic":1204},"actor":{"position":{"x":10678697,"y":36326999,"z":3670016,"angle":3305111552,"subsector":4566993496},"type":"player","health":46,"armor":58,"id":4567120880}}
{"counter":7290,"type":"move","frame":{"millis":34400,"tic":1204},"actor":{"position":{"x":11158674,"y":36495639,"z":3670016,"angle":3305111552,"subsector":4566993496},"type":"player","health":46,"armor":58,"id":4567120880}}
{"counter":7291,"type":"move","frame":{"millis":34400,"tic":1204},"actor":{"position":{"x":-582592,"y":26542656,"z":0,"angle":3221225472,"subsector":4566993432},"type":"imp","health":60,"id":4567132928}}
{"damage":10,"counter":7292,"type":"hit","frame":{"millis":34400,"tic":1204},"actor":{"position":{"x":14065792,"y":5269504,"z":0,"angle":1136977516,"subsector":4566993032},"type":"shotgun_soldier","health":30,"id":4567137680},"target":{"position":{"x":11158674,"y":36495639,"z":3670016,"angle":3305111552,"subsector":4566993496},"type":"player","health":36,"armor":53,"id":4567120880}}
{"counter":7293,"type":"move","frame":{"millis":34401,"tic":1204},"actor":{"position":{"x":-23153600,"y":52651456,"z":0,"angle":0,"subsector":4566993384},"type":"soldier","health":20,"id":4567138736}}
{"counter":7294,"type":"move","frame":{"millis":34401,"tic":1204},"actor":{"position":{"x":-3002944,"y":23831232,"z":0,"angle":1073741824,"subsector":4566993432},"type":"soldier","health":20,"id":4567139528}}
{"counter":7295,"type":"move","frame":{"millis":34401,"tic":1204},"actor":{"position":{"x":-545408,"y":29249024,"z":0,"angle":3758096384,"subsector":4566993432},"type":"shotgun_soldier","health":30,"id":4567139792}}
{"counter":7296,"type":"move","frame":{"millis":34401,"tic":1204},"actor":{"position":{"x":9073955,"y":11889170,"z":0,"angle":2684354560,"subsector":4566993032},"type":"spectre","health":125,"id":4567162232}}
{"counter":7297,"type":"move","frame":{"millis":34401,"tic":1204},"actor":{"position":{"x":9073955,"y":12544530,"z":0,"angle":3221225472,"subsector":4566993032},"type":"spectre","health":125,"id":4567162232}}
{"counter":7298,"type":"move","frame":{"millis":34401,"tic":1204},"actor":{"position":{"x":12759282,"y":13433100,"z":0,"angle":1610612736,"subsector":4566993032},"type":"imp","health":0,"id":4567172264}}
{"counter":7299,"type":"move","frame":{"millis":34401,"tic":1204},"actor":{"position":{"x":2795904,"y":25483520,"z":0,"angle":536870912,"subsector":4566993432},"type":"shotgun_soldier","health":30,"id":4567172528}}
{"counter":7300,"type":"move","frame":{"millis":34401,"tic":1204},"actor":{"position":{"x":9855892,"y":33138559,"z":5373941,"angle":1212329280,"subsector":4566993496},"type":"imp_fireball","health":1000,"id":4567676536}}
{"counter":7301,"type":"move","frame":{"millis":34429,"tic":1205},"actor":{"position":{"x":11158674,"y":36495639,"z":3670016,"angle":3305111552,"subsector":4566993496},"type":"player","health":36,"armor":53,"id":4567120880}}
{"counter":7302,"type":"move","frame":{"millis":34429,"tic":1205},"actor":{"position":{"x":11158674,"y":36495639,"z":3670016,"angle":3305111552,"subsector":4566993496},"type":"player","health":36,"armor":53,"id":4567120880}}
{"counter":7303,"type":"move","frame":{"millis":34430,"tic":1205},"actor":{"position":{"x":11598951,"y":36669701,"z":3670016,"angle":3305111552,"subsector":4566993496},"type":"player","health":36,"armor":53,"id":4567120880}}
{"counter":7304,"type":"move","frame":{"millis":34430,"tic":1205},"actor":{"position":{"x":8935755,"y":17016893,"z":1048576,"angle":2684354560,"subsector":4566993096},"type":"spectre","health":13,"id":4567137416}}
{"counter":7305,"type":"move","frame":{"millis":34430,"tic":1205},"actor":{"position":{"x":-3797184,"y":80867520,"z":0,"angle":0,"subsector":4566996760},"type":"soldier","health":20,"id":4567139000}}
{"counter":7306,"type":"move","frame":{"millis":34430,"tic":1205},"actor":{"position":{"x":-26558720,"y":55828864,"z":0,"angle":2147483648,"subsector":4566993384},"type":"shotgun_soldier","health":30,"id":4567155368}}
{"counter":7307,"type":"move","frame":{"millis":34430,"tic":1205},"actor":{"position":{"x":9073824,"y":12533048,"z":0,"angle":3221225472,"subsector":4566993032},"type":"spectre","health":125,"id":4567162232}}
{"counter":7308,"type":"move","frame":{"millis":34430,"tic":1205},"actor":{"position":{"x":58821024,"y":25315488,"z":0,"angle":3758096384,"subsector":4566994312},"type":"spectre","health":150,"id":4567166984}}
{"counter":7309,"type":"move","frame":{"millis":34430,"tic":1205},"actor":{"position":{"x":12819343,"y":13029226,"z":0,"angle":1610612736,"subsector":4566993032},"type":"imp","health":0,"id":4567172264}}
{"counter":7310,"type":"move","frame":{"millis":34430,"tic":1205},"actor":{"position":{"x":9723852,"y":33780479,"z":5486288,"angle":1212329280,"subsector":4566993496},"type":"imp_fireball","health":1000,"id":4567676536}}
{"counter":7311,"type":"move","frame":{"millis":34458,"tic":1206},"actor":{"position":{"x":11598951,"y":36669701,"z":3670016,"angle":3305111552,"subsector":4566993496},"type":"player","health":36,"armor":53,"id":4567120880}}
{"counter":7312,"type":"move","frame":{"millis":34458,"tic":1206},"actor":{"position":{"x":11598951,"y":36669701,"z":3670016,"angle":3305111552,"subsector":4566993496},"type":"player","health":36,"armor":53,"id":4567120880}}
{"counter":7313,"type":"move","frame":{"millis":34458,"tic":1206},"actor":{"position":{"x":11908900,"y":36713245,"z":3670016,"angle":3305111552,"subsector":4566993496},"type":"player","health":36,"armor":53,"id":4567120880}}
{"counter":7314,"type":"move","frame":{"millis":34458,"tic":1206},"actor":{"position":{"x":-5317248,"y":26813056,"z":0,"angle":2147483648,"subsector":4566993432},"type":"soldier","health":20,"id":4567137944}}
{"counter":7315,"type":"move","frame":{"millis":34458,"tic":1206},"actor":{"position":{"x":-13530944,"y":80639808,"z":0,"angle":3758096384,"subsector":4566996760},"type":"shotgun_soldier","health":30,"id":4567155104}}
{"counter":7316,"type":"move","frame":{"millis":34458,"tic":1206},"actor":{"position":{"x":-18832128,"y":56008832,"z":0,"angle":2147483648,"subsector":4566993320},"type":"shotgun_soldier","health":30,"id":4567155632}}
{"counter":7317,"type":"move","frame":{"millis":34458,"tic":1206},"actor":{"position":{"x":-18593856,"y":52873664,"z":0,"angle":0,"subsector":4566993320},"type":"shotgun_soldier","health":30,"id":4567155896}}
{"counter":7318,"type":"move","frame":{"millis":34458,"tic":1206},"actor":{"position":{"x":-3400064,"y":30022144,"z":0,"angle":3758096384,"subsector":4566993432},"type":"shotgun_soldier","health":30,"id":4567156160}}
{"counter":7319,"type":"move","frame":{"millis":34458,"tic":1206},"actor":{"position":{"x":2128832,"y":29349568,"z":0,"angle":3758096384,"subsector":4566993432},"type":"shotgun_soldier","health":30,"id":4567156424}}
{"counter":7320,"type":"move","frame":{"millis":34458,"tic":1206},"actor":{"position":{"x":9073705,"y":12522642,"z":0,"angle":3221225472,"subsector":4566993032},"type":"spectre","health":125,"id":4567162232}}
{"counter":7321,"type":"move","frame":{"millis":34458,"tic":1206},"actor":{"position":{"x":8603705,"y":12052642,"z":0,"angle":3758096384,"subsector":4566993032},"type":"spectre","health":125,"id":4567162232}}
{"counter":7322,"type":"move","frame":{"millis":34458,"tic":1206},"actor":{"position":{"x":12873773,"y":12663215,"z":0,"angle":1610612736,"subsector":4566993032},"type":"imp","health":0,"id":4567172264}}
{"counter":7323,"type":"move","frame":{"millis":34458,"tic":1206},"actor":{"position":{"x":9591812,"y":34422399,"z":5598635,"angle":1212329280,"subsector":4566993496},"type":"imp_fireball","health":1000,"id":4567676536}}
{"counter":7324,"type":"move","frame":{"millis":34486,"tic":1207},"actor":{"position":{"x":11908900,"y":36713245,"z":3670016,"angle":3254779904,"subsector":4566993496},"type":"player","health":36,"armor":53,"id":4567120880}}
{"counter":7325,"type":"move","frame":{"millis":34486,"tic":1207},"actor":{"position":{"x":12194853,"y":36650432,"z":3670016,"angle":3254779904,"subsector":4566993496},"type":"player","health":36,"armor":53,"id":4567120880}}
{"counter":7326,"type":"move","frame":{"millis":34486,"tic":1207},"actor":{"position":{"x":-1106880,"y":26542656,"z":0,"angle":2684354560,"subsector":4566993432},"type":"imp","health":60,"id":4567132928}}
{"counter":7327,"type":"move","frame":{"millis":34486,"tic":1207},"actor":{"position":{"x":9405755,"y":17486893,"z":1048576,"angle":3221225472,"subsector":4566993096},"type":"spectre","health":13,"id":4567137416}}
{"counter":7328,"type":"move","frame":{"millis":34486,"tic":1207},"actor":{"position":{"x":-17969024,"y":29317888,"z":0,"angle":536870912,"subsector":4566993432},"type":"soldier","health":20,"id":4567138208}}
{"counter":7329,"type":"move","frame":{"millis":34486,"tic":1207},"actor":{"position":{"x":-545408,"y":29773312,"z":0,"angle":3221225472,"subsector":4566993432},"type":"shotgun_soldier","health":30,"id":4567139792}}
{"counter":7330,"type":"move","frame":{"millis":34486,"tic":1207},"actor":{"position":{"x":8603597,"y":12043211,"z":0,"angle":3758096384,"subsector":4566993032},"type":"spectre","health":125,"id":4567162232}}
{"counter":7331,"type":"move","frame":{"millis":34486,"tic":1207},"actor":{"position":{"x":59291024,"y":24845488,"z":0,"angle":3758096384,"subsector":4566994312},"type":"spectre","health":150,"id":4567166984}}
{"counter":7332,"type":"move","frame":{"millis":34486,"tic":1207},"actor":{"position":{"x":12923100,"y":12331517,"z":0,"angle":1610612736,"subsector":4566993032},"type":"imp","health":0,"id":4567172264}}
{"counter":7333,"type":"move","frame":{"millis":34486,"tic":1207},"actor":{"position":{"x":2795904,"y":26007808,"z":0,"angle":1073741824,"subsector":4566993432},"type":"shotgun_soldier","health":30,"id":4567172528}}
{"counter":7334,"type":"move","frame":{"millis":34486,"tic":1207},"actor":{"position":{"x":9459772,"y":35064319,"z":5710982,"angle":1212329280,"subsector":4566993496},"type":"imp_fireball","health":1000,"id":4567676536}}
{"counter":7335,"type":"move","frame":{"millis":34515,"tic":1208},"actor":{"position":{"x":12194853,"y":36650432,"z":3670016,"angle":3170893824,"subsector":4566993496},"type":"player","health":36,"armor":53,"id":4567120880}}
{"counter":7336,"type":"move","frame":{"millis":34515,"tic":1208},"actor":{"position":{"x":12446503,"y":36491382,"z":3670016,"angle":3170893824,"subsector":4566993496},"type":"player","health":36,"armor":53,"id":4567120880}}
{"counter":7337,"type":"move","frame":{"millis":34516,"tic":1208},"actor":{"position":{"x":-22777600,"y":53027456,"z":0,"angle":536870912,"subsector":4566993384},"type":"soldier","health":20,"id":4567138736}}
{"counter":7338,"type":"move","frame":{"millis":34516,"tic":1208},"actor":{"position":{"x":-3527232,"y":23831232,"z":0,"angle":1610612736,"subsector":4566993432},"type":"soldier","health":20,"id":4567139528}}
{"counter":7339,"type":"move","frame":{"millis":34516,"tic":1208},"actor":{"position":{"x":-27083008,"y":55828864,"z":0,"angle":2147483648,"subsector":4566993384},"type":"shotgun_soldier","health":30,"id":4567155368}}
{"counter":7340,"type":"move","frame":{"millis":34516,"tic":1208},"actor":{"position":{"x":8603499,"y":12034664,"z":0,"angle":3758096384,"subsector":4566993032},"type":"spectre","health":125,"id":4567162232}}
{"counter":7341,"type":"move","frame":{"millis":34516,"tic":1208},"actor":{"position":{"x":8603499,"y":12690024,"z":0,"angle":3221225472,"subsector":4566993032},"type":"spectre","health":125,"id":4567162232}}
{"counter":7342,"type":"move","frame":{"millis":34516,"tic":1208},"actor":{"position":{"x":12967802,"y":12030915,"z":0,"angle":1610612736,"subsector":4566993032},"type":"imp","health":0,"id":4567172264}}
{"counter":7343,"type":"move","frame":{"millis":34516,"tic":1208},"actor":{"position":{"x":9327732,"y":35706239,"z":5823329,"angle":1212329280,"subsector":4566993496},"type":"imp_fireball","health":1000,"id":4567676536}}
{"counter":7344,"type":"move","frame":{"millis":34543,"tic":1209},"actor":{"position":{"x":12446503,"y":36491382,"z":3670016,"angle":3003121664,"subsector":4566993496},"type":"player","health":36,"armor":53,"id":4567120880}}
{"counter":7345,"type":"move","frame":{"millis":34543,"tic":1209},"actor":{"position":{"x":12642477,"y":36249998,"z":3670016,"angle":3003121664,"subsector":4566993496},"type":"player","health":36,"armor":53,"id":4567120880}}
{"counter":7346,"type":"move","frame":{"millis":34543,"tic":1209},"actor":{"position":{"x":10061115,"y":17486893,"z":1048576,"angle":3758096384,"subsector":4566993096},"type":"spectre","health":13,"id":4567137416}}
{"counter":7347,"type":"move","frame":{"millis":34543,"tic":1209},"actor":{"position":{"x":-3272896,"y":80867520,"z":0,"angle":0,"subsector":4566996760},"type":"soldier","health":20,"id":4567139000}}
{"counter":7348,"type":"move","frame":{"millis":34543,"tic":1209},"actor":{"position":{"x":-13154944,"y":80263808,"z":0,"angle":3758096384,"subsector":4566996760},"type":"shotgun_soldier","health":30,"id":4567155104}}
{"counter":7349,"type":"move","frame":{"millis":34543,"tic":1209},"actor":{"position":{"x":-19356416,"y":56008832,"z":0,"angle":2147483648,"subsector":4566993320},"type":"shotgun_soldier","health":30,"id":4567155632}}
{"counter":7350,"type":"move","frame":{"millis":34543,"tic":1209},"actor":{"position":{"x":-18069568,"y":52873664,"z":0,"angle":0,"subsector":4566993320},"type":"shotgun_soldier","health":30,"id":4567155896}}
{"counter":7351,"type":"move","frame":{"millis":34543,"tic":1209},"actor":{"position":{"x":-3776064,"y":29646144,"z":0,"angle":0,"subsector":4566993432},"type":"shotgun_soldier","health":30,"id":4567156160}}
{"counter":7352,"type":"move","frame":{"millis":34543,"tic":1209},"actor":{"position":{"x":2653120,"y":29349568,"z":0,"angle":3221225472,"subsector":4566993432},"type":"shotgun_soldier","health":30,"id":4567156424}}
{"counter":7353,"type":"move","frame":{"millis":34543,"tic":1209},"actor":{"position":{"x":8603410,"y":12682278,"z":0,"angle":3221225472,"subsector":4566993032},"type":"spectre","health":125,"id":4567162232}}
{"counter":7354,"type":"move","frame":{"millis":34543,"tic":1209},"actor":{"position":{"x":59761024,"y":24375488,"z":0,"angle":3758096384,"subsector":4566994312},"type":"spectre","health":150,"id":4567166984}}
{"counter":7355,"type":"move","frame":{"millis":34543,"tic":1209},"actor":{"position":{"x":13008313,"y":11758494,"z":0,"angle":1610612736,"subsector":4566993032},"type":"imp","health":0,"id":4567172264}}
{"counter":7356,"type":"move","frame":{"millis":34543,"tic":1209},"actor":{"position":{"x":9195692,"y":36348159,"z":5935676,"angle":1212329280,"subsector":4566993496},"type":"imp_fireball","health":1000,"id":4567676536}}
{"counter":7357,"type":"move","frame":{"millis":34573,"tic":1210},"actor":{"position":{"x":12642477,"y":36249998,"z":3670016,"angle":2969567232,"subsector":4566993496},"type":"player","health":36,"armor":53,"id":4567120880}}
{"counter":7358,"type":"move","frame":{"millis":34573,"tic":1210},"actor":{"position":{"x":12790625,"y":35954801,"z":3670016,"angle":2969567232,"subsector":4566993496},"type":"player","health":36,"armor":53,"id":4567120880}}
{"counter":7359,"type":"move","frame":{"millis":34573,"tic":1210},"actor":{"position":{"x":-1631168,"y":26542656,"z":0,"angle":2147483648,"subsector":4566993432},"type":"imp","health":60,"id":4567132928}}
{"counter":7360,"type":"move","frame":{"millis":34573,"tic":1210},"actor":{"position":{"x":-5841536,"y":26813056,"z":0,"angle":2147483648,"subsector":4566993432},"type":"soldier","health":20,"id":4567137944}}
{"counter":7361,"type":"move","frame":{"millis":34573,"tic":1210},"actor":{"position":{"x":-21120,"y":29773312,"z":0,"angle":3758096384,"subsector":4566993432},"type":"shotgun_soldier","health":30,"id":4567139792}}
{"counter":7362,"type":"move","frame":{"millis":34573,"tic":1210},"actor":{"position":{"x":8603329,"y":12675258,"z":0,"angle":3221225472,"subsector":4566993032},"type":"spectre","health":125,"id":4567162232}}
{"counter":7363,"type":"move","frame":{"millis":34573,"tic":1210},"actor":{"position":{"x":8603329,"y":13330618,"z":0,"angle":3758096384,"subsector":4566993032},"type":"spectre","health":125,"id":4567162232}}
{"counter":7364,"type":"move","frame":{"millis":34573,"tic":1210},"actor":{"position":{"x":13045026,"y":11511612,"z":0,"angle":1610612736,"subsector":4566993032},"type":"imp","health":0,"id":4567172264}}
{"counter":7365,"type":"move","frame":{"millis":34573,"tic":1210},"actor":{"position":{"x":2795904,"y":26532096,"z":0,"angle":1073741824,"subsector":4566993432},"type":"shotgun_soldier","health":30,"id":4567172528}}
{"counter":7366,"type":"move","frame":{"millis":34573,"tic":1210},"actor":{"position":{"x":9063652,"y":36990079,"z":6048023,"angle":1212329280,"subsector":4566993496},"type":"imp_fireball","health":1000,"id":4567676536}}
{"counter":7367,"type":"move","frame":{"millis":34600,"tic":1211},"actor":{"position":{"x":12790625,"y":35954801,"z":3670016,"angle":2952790016,"subsector":4566993496},"type":"player","health":36,"armor":53,"id":4567120880}}
{"counter":7368,"type":"move","frame":{"millis":34600,"tic":1211},"actor":{"position":{"x":12895130,"y":35615367,"z":3670016,"angle":2952790016,"subsector":4566993496},"type":"player","health":36,"armor":53,"id":4567120880}}
{"counter":7369,"type":"move","frame":{"millis":34600,"tic":1211},"actor":{"position":{"x":10716475,"y":17486893,"z":1048576,"angle":0,"subsector":4566993096},"type":"spectre","health":13,"id":4567137416}}
{"counter":7370,"type":"move","frame":{"millis":34600,"tic":1211},"actor":{"position":{"x":-17593024,"y":29693888,"z":0,"angle":536870912,"subsector":4566993432},"type":"soldier","health":20,"id":4567138208}}
{"counter":7371,"type":"move","frame":{"millis":34600,"tic":1211},"actor":{"position":{"x":-27607296,"y":55828864,"z":0,"angle":2147483648,"subsector":4566993352},"type":"shotgun_soldier","health":30,"id":4567155368}}
{"counter":7372,"type":"move","frame":{"millis":34600,"tic":1211},"actor":{"position":{"x":8603255,"y":13324256,"z":0,"angle":3758096384,"subsector":4566993032},"type":"spectre","health":125,"id":4567162232}}
{"counter":7373,"type":"move","frame":{"millis":34600,"tic":1211},"actor":{"position":{"x":59105664,"y":24375488,"z":0,"angle":3758096384,"subsector":4566994312},"type":"spectre","health":150,"id":4567166984}}
{"counter":7374,"type":"move","frame":{"millis":34600,"tic":1211},"actor":{"position":{"x":13078297,"y":11287875,"z":0,"angle":1610612736,"subsector":4566993032},"type":"imp","health":0,"id":4567172264}}
{"counter":7375,"type":"move","frame":{"millis":34600,"tic":1211},"actor":{"position":{"x":8931612,"y":37631999,"z":6160370,"angle":1212329280,"subsector":4566993496},"type":"imp_fireball","health":1000,"id":4567676536}}
{"counter":7376,"type":"move","frame":{"millis":34629,"tic":1212},"actor":{"position":{"x":12895130,"y":35615367,"z":3670016,"angle":2936012800,"subsector":4566993496},"type":"player","health":36,"armor":53,"id":4567120880}}
{"counter":7377,"type":"move","frame":{"millis":34629,"tic":1212},"actor":{"position":{"x":12963303,"y":35247831,"z":3670016,"angle":2936012800,"subsector":4566993496},"type":"player","health":36,"armor":53,"id":4567120880}}
{"counter":7378,"type":"move","frame":{"millis":34629,"tic":1212},"actor":{"position":{"x":-22401600,"y":53403456,"z":0,"angle":536870912,"subsector":4566993384},"type":"soldier","health":20,"id":4567138736}}
{"counter":7379,"type":"move","frame":{"millis":34629,"tic":1212},"actor":{"position":{"x":-4051520,"y":23831232,"z":0,"angle":2147483648,"subsector":4566993432},"type":"soldier","health":20,"id":4567139528}}
{"counter":7380,"type":"move","frame":{"millis":34629,"tic":1212},"actor":{"position":{"x":-12778944,"y":79887808,"z":0,"angle":3758096384,"subsector":4566996760},"type":"shotgun_soldier","health":30,"id":4567155104}}
{"counter":7381,"type":"move","frame":{"millis":34629,"tic":1212},"actor":{"position":{"x":-18980416,"y":55632832,"z":0,"angle":2147483648,"subsector":4566993320},"type":"shotgun_soldier","health":30,"id":4567155632}}
{"counter":7382,"type":"move","frame":{"millis":34629,"tic":1212},"actor":{"position":{"x":-17545280,"y":52873664,"z":0,"angle":0,"subsector":4566993320},"type":"shotgun_soldier","health":30,"id":4567155896}}
{"counter":7383,"type":"move","frame":{"millis":34629,"tic":1212},"actor":{"position":{"x":-3251776,"y":29646144,"z":0,"angle":3758096384,"subsector":4566993432},"type":"shotgun_soldier","health":30,"id":4567156160}}
{"counter":7384,"type":"move","frame":{"millis":34629,"tic":1212},"actor":{"position":{"x":2653120,"y":29873856,"z":0,"angle":3758096384,"subsector":4566993432},"type":"shotgun_soldier","health":30,"id":4567156424}}
{"counter":7385,"type":"move","frame":{"millis":34629,"tic":1212},"actor":{"position":{"x":8603187,"y":13318490,"z":0,"angle":3758096384,"subsector":4566993032},"type":"spectre","health":125,"id":4567162232}}
{"counter":7386,"type":"move","frame":{"millis":34629,"tic":1212},"actor":{"position":{"x":9258547,"y":13318490,"z":0,"angle":0,"subsector":4566993032},"type":"spectre","health":125,"id":4567162232}}
{"counter":7387,"type":"move","frame":{"millis":34629,"tic":1212},"actor":{"position":{"x":13108448,"y":11085113,"z":0,"angle":1610612736,"subsector":4566993032},"type":"imp","health":0,"id":4567172264}}
{"counter":7388,"type":"move","frame":{"millis":34629,"tic":1212},"actor":{"position":{"x":8799572,"y":38273919,"z":6272717,"angle":1212329280,"subsector":4566993496},"type":"imp_fireball","health":1000,"id":4567676536}}
{"counter":7389,"type":"move","frame":{"millis":34658,"tic":1213},"actor":{"position":{"x":12963303,"y":35247831,"z":3670016,"angle":2936012800,"subsector":4566993496},"type":"player","health":36,"armor":53,"id":4567120880}}
{"counter":7390,"type":"move","frame":{"millis":34658,"tic":1213},"actor":{"position":{"x":12983624,"y":34821121,"z":3670016,"angle":2936012800,"subsector":4566993496},"type":"player","health":36,"armor":53,"id":4567120880}}
{"counter":7391,"type":"move","frame":{"millis":34658,"tic":1213},"actor":{"position":{"x":-1255168,"y":26918656,"z":0,"angle":2147483648,"subsector":4566993432},"type":"imp","health":60,"id":4567132928}}
{"counter":7392,"type":"move","frame":{"millis":34658,"tic":1213},"actor":{"position":{"x":11371835,"y":17486893,"z":1048576,"angle":0,"subsector":4566993096},"type":"spectre","health":13,"id":4567137416}}
{"counter":7393,"type":"move","frame":{"millis":34658,"tic":1213},"actor":{"position":{"x":-2748608,"y":80867520,"z":0,"angle":0,"subsector":4566996760},"type":"soldier","health":20,"id":4567139000}}
{"counter":7394,"type":"move","frame":{"millis":34658,"tic":1213},"actor":{"position":{"x":-545408,"y":29773312,"z":0,"angle":0,"subsector":4566993432},"type":"shotgun_soldier","health":30,"id":4567139792}}
{"counter":7395,"type":"move","frame":{"millis":34658,"tic":1213},"actor":{"position":{"x":9258485,"y":13313264,"z":0,"angle":0,"subsector":4566993032},"type":"spectre","health":125,"id":4567162232}}
{"counter":7396,"type":"move","frame":{"millis":34658,"tic":1213},"actor":{"position":{"x":58450304,"y":24375488,"z":0,"angle":3221225472,"subsector":4566994312},"type":"spectre","health":150,"id":4567166984}}
{"counter":7397,"type":"move","frame":{"millis":34658,"tic":1213},"actor":{"position":{"x":13135772,"y":10901359,"z":0,"angle":1610612736,"subsector":4566993032},"type":"imp","health":0,"id":4567172264}}
{"counter":7398,"type":"move","frame":{"millis":34658,"tic":1213},"actor":{"position":{"x":2795904,"y":27056384,"z":0,"angle":1073741824,"subsector":4566993432},"type":"shotgun_soldier","health":30,"id":4567172528}}
{"counter":7399,"type":"move","frame":{"millis":34658,"tic":1213},"actor":{"position":{"x":8667532,"y":38915839,"z":6385064,"angle":1212329280,"subsector":4566993496},"type":"imp_fireball","health":1000,"id":4567676536}}
{"counter":7400,"type":"move","frame":{"millis":34686,"tic":1214},"actor":{"position":{"x":12983624,"y":34821121,"z":3670016,"angle":2936012800,"subsector":4566993496},"type":"player","health":36,"armor":53,"id":4567120880}}
{"counter":7401,"type":"move","frame":{"millis":34686,"tic":1214},"actor":{"position":{"x":12980480,"y":34385727,"z":3670016,"angle":2936012800,"subsector":4566993496},"type":"player","health":36,"armor":53,"id":4567120880}}
{"counter":7402,"type":"move","frame":{"millis":34686,"tic":1214},"actor":{"position":{"x":-6365824,"y":26813056,"z":0,"angle":2147483648,"subsector":4566993432},"type":"soldier","health":20,"id":4567137944}}
{"counter":7403,"type":"move","frame":{"millis":34686,"tic":1214},"actor":{"position":{"x":-28131584,"y":55828864,"z":0,"angle":2147483648,"subsector":4566993352},"type":"shotgun_soldier","health":30,"id":4567155368}}
{"counter":7404,"type":"move","frame":{"millis":34686,"tic":1214},"actor":{"position":{"x":9258428,"y":13308527,"z":0,"angle":0,"subsector":4566993032},"type":"spectre","health":125,"id":4567162232}}
{"counter":7405,"type":"move","frame":{"millis":34686,"tic":1214},"actor":{"position":{"x":9728428,"y":12838527,"z":0,"angle":0,"subsector":4566993032},"type":"spectre","health":125,"id":4567162232}}
{"counter":7406,"type":"move","frame":{"millis":34686,"tic":1214},"actor":{"position":{"x":13160534,"y":10734831,"z":0,"angle":1610612736,"subsector":4566993032},"type":"imp","health":0,"id":4567172264}}
{"counter":7407,"type":"move","frame":{"millis":34686,"tic":1214},"actor":{"position":{"x":8535492,"y":39557759,"z":6497411,"angle":1212329280,"subsector":4566993496},"type":"imp_fireball","health":1000,"id":4567676536}}
{"counter":7408,"type":"move","frame":{"millis":34715,"tic":1215},"actor":{"position":{"x":12980480,"y":34385727,"z":3670016,"angle":2952790016,"subsector":4566993496},"type":"player","health":36,"armor":53,"id":4567120880}}
{"counter":7409,"type":"move","frame":{"millis":34715,"tic":1215},"actor":{"position":{"x":12960404,"y":33949518,"z":3670016,"angle":2952790016,"subsector":4566993496},"type":"player","health":36,"armor":53,"id":4567120880}}
{"counter":7410,"type":"move","frame":{"millis":34715,"tic":1215},"actor":{"position":{"x":12027195,"y":17486893,"z":1048576,"angle":0,"subsector":4566993096},"type":"spectre","health":13,"id":4567137416}}
{"counter":7411,"type":"move","frame":{"millis":34715,"tic":1215},"actor":{"position":{"x":-17217024,"y":30069888,"z":0,"angle":536870912,"subsector":4566993432},"type":"soldier","health":20,"id":4567138208}}
{"counter":7412,"type":"move","frame":{"millis":34715,"tic":1215},"actor":{"position":{"x":-12402944,"y":79511808,"z":0,"angle":3758096384,"subsector":4566996760},"type":"shotgun_soldier","health":30,"id":4567155104}}
{"counter":7413,"type":"move","frame":{"millis":34715,"tic":1215},"actor":{"position":{"x":-18456128,"y":55632832,"z":0,"angle":2684354560,"subsector":4566993320},"type":"shotgun_soldier","health":30,"id":4567155632}}
{"counter":7414,"type":"move","frame":{"millis":34715,"tic":1215},"actor":{"position":{"x":-17020992,"y":52873664,"z":0,"angle":0,"subsector":4566993320},"type":"shotgun_soldier","health":30,"id":4567155896}}
{"counter":7415,"type":"move","frame":{"millis":34715,"tic":1215},"actor":{"position":{"x":-3627776,"y":30022144,"z":0,"angle":0,"subsector":4566993432},"type":"shotgun_soldier","health":30,"id":4567156160}}
{"counter":7416,"type":"move","frame":{"millis":34715,"tic":1215},"actor":{"position":{"x":2128832,"y":29873856,"z":0,"angle":0,"subsector":4566993432},"type":"shotgun_soldier","health":30,"id":4567156424}}
{"counter":7417,"type":"move","frame":{"millis":34715,"tic":1215},"actor":{"position":{"x":9728376,"y":12834234,"z":0,"angle":0,"subsector":4566993032},"type":"spectre","health":125,"id":4567162232}}
{"counter":7418,"type":"move","frame":{"millis":34715,"tic":1215},"actor":{"position":{"x":57794944,"y":24375488,"z":0,"angle":2684354560,"subsector":4566994312},"type":"spectre","health":150,"id":4567166984}}
{"counter":7419,"type":"move","frame":{"millis":34715,"tic":1215},"actor":{"position":{"x":13182974,"y":10583915,"z":0,"angle":1610612736,"subsector":4566993032},"type":"imp","health":0,"id":4567172264}}
{"counter":7420,"type":"move","frame":{"millis":34715,"tic":1215},"actor":{"position":{"x":8403452,"y":40199679,"z":6609758,"angle":1212329280,"subsector":4566993496},"type":"imp_fireball","health":1000,"id":4567676536}}
{"counter":7421,"type":"move","frame":{"millis":34744,"tic":1216},"actor":{"position":{"x":12960404,"y":33949518,"z":3670016,"angle":2969567232,"subsector":4566993496},"type":"player","health":36,"armor":53,"id":4567120880}}
{"counter":7422,"type":"move","frame":{"millis":34744,"tic":1216},"actor":{"position":{"x":12914230,"y":33481583,"z":3670016,"angle":2969567232,"subsector":4566993496},"type":"player","health":36,"armor":53,"id":4567120880}}
{"counter":7423,"type":"move","frame":{"millis":34744,"tic":1216},"actor":{"position":{"x":-730880,"y":26918656,"z":0,"angle":1610612736,"subsector":4566993432},"type":"imp","health":60,"id":4567132928}}
{"counter":7424,"type":"move","frame":{"millis":34744,"tic":1216},"actor":{"position":{"x":-22025600,"y":53779456,"z":0,"angle":536870912,"subsector":4566993384},"type":"soldier","health":20,"id":4567138736}}
{"counter":7425,"type":"move","frame":{"millis":34744,"tic":1216},"actor":{"position":{"x":-4575808,"y":23831232,"z":0,"angle":2147483648,"subsector":4566993432},"type":"soldier","health":20,"id":4567139528}}
{"counter":7426,"type":"move","frame":{"millis":34744,"tic":1216},"actor":{"position":{"x":9728328,"y":12830343,"z":0,"angle":0,"subsector":4566993032},"type":"spectre","health":125,"id":4567162232}}
{"counter":7427,"type":"move","frame":{"millis":34744,"tic":1216},"actor":{"position":{"x":9728328,"y":13485703,"z":0,"angle":3758096384,"subsector":4566993032},"type":"spectre","health":125,"id":4567162232}}
{"counter":7428,"type":"move","frame":{"millis":34744,"tic":1216},"actor":{"position":{"x":13203310,"y":10447147,"z":0,"angle":1610612736,"subsector":4566993032},"type":"imp","health":0,"id":4567172264}}
{"counter":7429,"type":"move","frame":{"millis":34744,"tic":1216},"actor":{"position":{"x":2419904,"y":26680384,"z":0,"angle":1073741824,"subsector":4566993432},"type":"shotgun_soldier","health":30,"id":4567172528}}
{"counter":7430,"type":"move","frame":{"millis":34744,"tic":1216},"actor":{"position":{"x":8271412,"y":40841599,"z":6722105,"angle":1212329280,"subsector":4566993496},"type":"imp_fireball","health":1000,"id":4567676536}}
{"counter":7431,"type":"move","frame":{"millis":34772,"tic":1217},"actor":{"position":{"x":12914230,"y":33481583,"z":3670016,"angle":2986344448,"subsector":4566993496},"type":"player","health":36,"armor":53,"id":4567120880}}
{"counter":7432,"type":"move","frame":{"millis":34773,"tic":1217},"actor":{"position":{"x":12864113,"y":33034373,"z":3670016,"angle":2986344448,"subsector":4566993496},"type":"player","health":36,"armor":53,"id":4567120880}}
{"counter":7433,"type":"move","frame":{"millis":34773,"tic":1217},"actor":{"position":{"x":12682555,"y":17486893,"z":1048576,"angle":0,"subsector":4566993096},"type":"spectre","health":13,"id":4567137416}}
{"counter":7434,"type":"move","frame":{"millis":34773,"tic":1217},"actor":{"position":{"x":-2748608,"y":80343232,"z":0,"angle":0,"subsector":4566996760},"type":"soldier","health":20,"id":4567139000}}
{"counter":7435,"type":"move","frame":{"millis":34773,"tic":1217},"actor":{"position":{"x":-28655872,"y":55828864,"z":0,"angle":2147483648,"subsector":4566993352},"type":"shotgun_soldier","health":30,"id":4567155368}}
{"counter":7436,"type":"move","frame":{"millis":34773,"tic":1217},"actor":{"position":{"x":57139584,"y":24375488,"z":0,"angle":2147483648,"subsector":4566994312},"type":"spectre","health":150,"id":4567166984}}
{"counter":7437,"type":"move","frame":{"millis":34773,"tic":1217},"actor":{"position":{"x":13221739,"y":10323201,"z":0,"angle":1610612736,"subsector":4566993032},"type":"imp","health":0,"id":4567172264}}
{"counter":7438,"type":"move","frame":{"millis":34773,"tic":1217},"actor":{"position":{"x":8139372,"y":41483519,"z":6834452,"angle":1212329280,"subsector":4566993496},"type":"imp_fireball","health":1000,"id":4567676536}}
{"counter":7439,"type":"move","frame":{"millis":34801,"tic":1218},"actor":{"position":{"x":12864113,"y":33034373,"z":3670016,"angle":3003121664,"subsector":4566993496},"type":"player","health":36,"armor":53,"id":4567120880}}
{"counter":7440,"type":"move","frame":{"millis":34801,"tic":1218},"actor":{"position":{"x":12810994,"y":32605749,"z":3670016,"angle":3003121664,"subsector":4566993496},"type":"player","health":36,"armor":53,"id":4567120880}}
{"counter":7441,"type":"move","frame":{"millis":34801,"tic":1218},"actor":{"position":{"x":-6890112,"y":26813056,"z":0,"angle":2147483648,"subsector":4566993432},"type":"soldier","health":20,"id":4567137944}}
{"counter":7442,"type":"move","frame":{"millis":34801,"tic":1218},"actor":{"position":{"x":-12026944,"y":79135808,"z":0,"angle":3758096384,"subsector":4566996760},"type":"shotgun_soldier","health":30,"id":4567155104}}
{"counter":7443,"type":"move","frame":{"millis":34801,"tic":1218},"actor":{"position":{"x":-17931840,"y":55632832,"z":0,"angle":3221225472,"subsector":4566993320},"type":"shotgun_soldier","health":30,"id":4567155632}}
{"counter":7444,"type":"move","frame":{"millis":34801,"tic":1218},"actor":{"position":{"x":-16496704,"y":52873664,"z":0,"angle":0,"subsector":4566993320},"type":"shotgun_soldier","health":30,"id":4567155896}}
{"counter":7445,"type":"move","frame":{"millis":34801,"tic":1218},"actor":{"position":{"x":-4152064,"y":30022144,"z":0,"angle":536870912,"subsector":4566993432},"type":"shotgun_soldier","health":30,"id":4567156160}}
{"counter":7446,"type":"move","frame":{"millis":34801,"tic":1218},"actor":{"position":{"x":2504832,"y":29497856,"z":0,"angle":536870912,"subsector":4566993432},"type":"shotgun_soldier","health":30,"id":4567156424}}
{"counter":7447,"type":"move","frame":{"millis":34801,"tic":1218},"actor":{"position":{"x":10383688,"y":13485703,"z":0,"angle":0,"subsector":4566993032},"type":"spectre","health":125,"id":4567162232}}
{"counter":7448,"type":"move","frame":{"millis":34801,"tic":1218},"actor":{"position":{"x":13221739,"y":10323201,"z":0,"angle":1610612736,"subsector":4566993032},"type":"imp","health":0,"id":4567172264}}
{"counter":7449,"type":"move","frame":{"millis":34801,"tic":1218},"actor":{"position":{"x":8007332,"y":42125439,"z":6946799,"angle":1212329280,"subsector":4566993496},"type":"imp_fireball","health":1000,"id":4567676536}}
{"counter":7450,"type":"move","frame":{"millis":34829,"tic":1219},"actor":{"position":{"x":12810994,"y":32605749,"z":3670016,"angle":3019898880,"subsector":4566993496},"type":"player","health":36,"armor":53,"id":4567120880}}
{"counter":7451,"type":"move","frame":{"millis":34829,"tic":1219},"actor":{"position":{"x":12753354,"y":32185947,"z":3670016,"angle":3019898880,"subsector":4566993496},"type":"player","health":36,"armor":53,"id":4567120880}}
{"counter":7452,"type":"move","frame":{"millis":34829,"tic":1219},"actor":{"position":{"x":-206592,"y":26918656,"z":0,"angle":1073741824,"subsector":4566993432},"type":"imp","health":60,"id":4567132928}}
{"counter":7453,"type":"move","frame":{"millis":34829,"tic":1219},"actor":{"position":{"x":12027195,"y":17486893,"z":1048576,"angle":0,"subsector":4566993096},"type":"spectre","health":13,"id":4567137416}}
{"counter":7454,"type":"move","frame":{"millis":34829,"tic":1219},"actor":{"position":{"x":-16692736,"y":30069888,"z":0,"angle":536870912,"subsector":4566993432},"type":"soldier","health":20,"id":4567138208}}
{"counter":7455,"type":"move","frame":{"millis":34829,"tic":1219},"actor":{"position":{"x":-1069696,"y":29773312,"z":0,"angle":536870912,"subsector":4566993432},"type":"shotgun_soldier","health":30,"id":4567139792}}
{"counter":7456,"type":"move","frame":{"millis":34829,"tic":1219},"actor":{"position":{"x":56669584,"y":24845488,"z":0,"angle":2147483648,"subsector":4566994312},"type":"spectre","health":150,"id":4567166984}}
{"counter":7457,"type":"move","frame":{"millis":34829,"tic":1219},"actor":{"position":{"x":2419904,"y":26156096,"z":0,"angle":1610612736,"subsector":4566993432},"type":"shotgun_soldier","health":30,"id":4567172528}}
{"counter":7458,"type":"move","frame":{"millis":34829,"tic":1219},"actor":{"position":{"x":7875292,"y":42767359,"z":7059146,"angle":1212329280,"subsector":4566993496},"type":"imp_fireball","health":1000,"id":4567676536}}
{"counter":7459,"type":"move","frame":{"millis":34858,"tic":1220},"actor":{"position":{"x":12753354,"y":32185947,"z":3670016,"angle":3036676096,"subsector":4566993496},"type":"player","health":36,"armor":53,"id":4567120880}}
{"counter":7460,"type":"move","frame":{"millis":34858,"tic":1220},"actor":{"position":{"x":12679298,"y":31726541,"z":3670016,"angle":3036676096,"subsector":4566993496},"type":"player","health":36,"armor":53,"id":4567120880}}
{"counter":7461,"type":"move","frame":{"millis":34858,"tic":1220},"actor":{"position":{"x":-21649600,"y":54155456,"z":0,"angle":536870912,"subsector":4566993384},"type":"soldier","health":20,"id":4567138736}}
{"counter":7462,"type":"move","frame":{"millis":34858,"tic":1220},"actor":{"position":{"x":-5100096,"y":23831232,"z":0,"angle":2147483648,"subsector":4566993432},"type":"soldier","health":20,"id":4567139528}}
{"counter":7463,"type":"move","frame":{"millis":34858,"tic":1220},"actor":{"position":{"x":-29180160,"y":55828864,"z":0,"angle":2147483648,"subsector":4566993352},"type":"shotgun_soldier","health":30,"id":4567155368}}
{"counter":7464,"type":"move","frame":{"millis":34858,"tic":1220},"actor":{"position":{"x":11039048,"y":13485703,"z":0,"angle":0,"subsector":4566993032},"type":"spectre","health":125,"id":4567162232}}
{"counter":7465,"type":"move","frame":{"millis":34858,"tic":1220},"actor":{"position":{"x":7743252,"y":43409279,"z":7171493,"angle":1212329280,"subsector":4566993496},"type":"imp_fireball","health":1000,"id":4567676536}}
{"counter":7466,"type":"move","frame":{"millis":34886,"tic":1221},"actor":{"position":{"x":12679298,"y":31726541,"z":3670016,"angle":3053453312,"subsector":4566993496},"type":"player","health":36,"armor":53,"id":4567120880}}
{"counter":7467,"type":"move","frame":{"millis":34887,"tic":1221},"actor":{"position":{"x":12599266,"y":31258546,"z":3670016,"angle":3053453312,"subsector":4566993496},"type":"player","health":36,"armor":53,"id":4567120880}}
{"counter":7468,"type":"move","frame":{"millis":34887,"tic":1221},"actor":{"position":{"x":11371835,"y":17486893,"z":1048576,"angle":536870912,"subsector":4566993096},"type":"spectre","health":13,"id":4567137416}}
{"counter":7469,"type":"move","frame":{"millis":34887,"tic":1221},"actor":{"position":{"x":-2748608,"y":79818944,"z":0,"angle":3758096384,"subsector":4566996760},"type":"soldier","health":20,"id":4567139000}}
{"counter":7470,"type":"move","frame":{"millis":34887,"tic":1221},"actor":{"position":{"x":-11502656,"y":79135808,"z":0,"angle":3758096384,"subsector":4566996760},"type":"shotgun_soldier","health":30,"id":4567155104}}
{"counter":7471,"type":"move","frame":{"millis":34887,"tic":1221},"actor":{"position":{"x":-17407552,"y":55632832,"z":0,"angle":3758096384,"subsector":4566993320},"type":"shotgun_soldier","health":30,"id":4567155632}}
{"counter":7472,"type":"move","frame":{"millis":34887,"tic":1221},"actor":{"position":{"x":-17020992,"y":52873664,"z":0,"angle":0,"subsector":4566993320},"type":"shotgun_soldier","health":30,"id":4567155896}}
{"counter":7473,"type":"move","frame":{"millis":34887,"tic":1221},"actor":{"position":{"x":-4676352,"y":30022144,"z":0,"angle":1073741824,"subsector":4566993432},"type":"shotgun_soldier","health":30,"id":4567156160}}
{"counter":7474,"type":"move","frame":{"millis":34887,"tic":1221},"actor":{"position":{"x":2880832,"y":29121856,"z":0,"angle":0,"subsector":4566993432},"type":"shotgun_soldier","health":30,"id":4567156424}}
{"counter":7475,"type":"move","frame":{"millis":34887,"tic":1221},"actor":{"position":{"x":56669584,"y":25500848,"z":0,"angle":1610612736,"subsector":4566994312},"type":"spectre","health":150,"id":4567166984}}
{"counter":7476,"type":"move","frame":{"millis":34887,"tic":1221},"actor":{"position":{"x":7611212,"y":44051199,"z":7283840,"angle":1212329280,"subsector":4566993688},"type":"imp_fireball","health":1000,"id":4567676536}}
{"counter":7477,"type":"move","frame":{"millis":34915,"tic":1222},"actor":{"position":{"x":12599266,"y":31258546,"z":3670016,"angle":3070230528,"subsector":4566993496},"type":"player","health":36,"armor":53,"id":4567120880}}
{"counter":7478,"type":"move","frame":{"millis":34915,"tic":1222},"actor":{"position":{"x":12514194,"y":30778469,"z":3670016,"angle":3070230528,"subsector":4566993496},"type":"player","health":36,"armor":53,"id":4567120880}}
{"counter":7479,"type":"move","frame":{"millis":34915,"tic":1222},"actor":{"position":{"x":-206592,"y":26394368,"z":0,"angle":536870912,"subsector":4566993432},"type":"imp","health":60,"id":4567132928}}
{"counter":7480,"type":"move","frame":{"millis":34915,"tic":1222},"actor":{"position":{"x":-7414400,"y":26813056,"z":0,"angle":2147483648,"subsector":4566993432},"type":"soldier","health":20,"id":4567137944}}
{"counter":7481,"type":"move","frame":{"millis":34915,"tic":1222},"actor":{"position":{"x":-1593984,"y":29773312,"z":0,"angle":1073741824,"subsector":4566993432},"type":"shotgun_soldier","health":30,"id":4567139792}}
{"counter":7482,"type":"move","frame":{"millis":34915,"tic":1222},"actor":{"position":{"x":11694408,"y":13485703,"z":0,"angle":0,"subsector":4566993032},"type":"spectre","health":125,"id":4567162232}}
{"counter":7483,"type":"move","frame":{"millis":34915,"tic":1222},"actor":{"position":{"x":2419904,"y":25631808,"z":0,"angle":2147483648,"subsector":4566993432},"type":"shotgun_soldier","health":30,"id":4567172528}}
{"counter":7484,"type":"move","frame":{"millis":34915,"tic":1222},"actor":{"position":{"x":7479172,"y":44693119,"z":7396187,"angle":1212329280,"subsector":4566993688},"type":"imp_fireball","health":1000,"id":4567676536}}
{"counter":7485,"type":"move","frame":{"millis":34943,"tic":1223},"actor":{"position":{"x":12514194,"y":30778469,"z":3670016,"angle":3087007744,"subsector":4566993496},"type":"player","health":36,"armor":53,"id":4567120880}}
{"counter":7486,"type":"move","frame":{"millis":34943,"tic":1223},"actor":{"position":{"x":12417159,"y":30242959,"z":3670016,"angle":3087007744,"subsector":4566993496},"type":"player","health":36,"armor":53,"id":4567120880}}
{"counter":7487,"type":"move","frame":{"millis":34943,"tic":1223},"actor":{"position":{"x":10716475,"y":17486893,"z":1048576,"angle":1073741824,"subsector":4566993096},"type":"spectre","health":13,"id":4567137416}}
{"counter":7488,"type":"move","frame":{"millis":34943,"tic":1223},"actor":{"position":{"x":-16168448,"y":30069888,"z":0,"angle":0,"subsector":4566993432},"type":"soldier","health":20,"id":4567138208}}
{"counter":7489,"type":"move","frame":{"millis":34943,"tic":1223},"actor":{"position":{"x":-29704448,"y":55828864,"z":0,"angle":2147483648,"subsector":4566993352},"type":"shotgun_soldier","health":30,"id":4567155368}}
{"counter":7490,"type":"move","frame":{"millis":34943,"tic":1223},"actor":{"position":{"x":56669584,"y":26156208,"z":0,"angle":1073741824,"subsector":4566994312},"type":"spectre","health":150,"id":4567166984}}
{"counter":7491,"type":"move","frame":{"millis":34943,"tic":1223},"actor":{"position":{"x":7347132,"y":45335039,"z":7508534,"angle":1212329280,"subsector":4566993688},"type":"imp_fireball","health":1000,"id":4567676536}}
{"counter":7492,"type":"move","frame":{"millis":34973,"tic":1224},"actor":{"position":{"x":12417159,"y":30242959,"z":3670016,"angle":3087007744,"subsector":4566993496},"type":"player","health":36,"armor":53,"id":4567120880}}
{"counter":7493,"type":"move","frame":{"millis":34973,"tic":1224},"actor":{"position":{"x":12319651,"y":29709442,"z":3670016,"angle":3087007744,"subsector":4566993496},"type":"player","health":36,"armor":53,"id":4567120880}}
{"counter":7494,"type":"move","frame":{"millis":34973,"tic":1224},"actor":{"position":{"x":13689792,"y":5645504,"z":0,"angle":1610612736,"subsector":4566993032},"type":"shotgun_soldier","health":30,"id":4567137680}}
{"counter":7495,"type":"move","frame":{"millis":34973,"tic":1224},"actor":{"position":{"x":-21273600,"y":53779456,"z":0,"angle":536870912,"subsector":4566993384},"type":"soldier","health":20,"id":4567138736}}
{"counter":7496,"type":"move","frame":{"millis":34973,"tic":1224},"actor":{"position":{"x":-5624384,"y":23831232,"z":0,"angle":2147483648,"subsector":4566993432},"type":"soldier","health":20,"id":4567139528}}
{"counter":7497,"type":"move","frame":{"millis":34973,"tic":1224},"actor":{"position":{"x":-10978368,"y":79135808,"z":0,"angle":0,"subsector":4566996760},"type":"shotgun_soldier","health":30,"id":4567155104}}
{"counter":7498,"type":"move","frame":{"millis":34973,"tic":1224},"actor":{"position":{"x":-16883264,"y":55632832,"z":0,"angle":0,"subsector":4566993320},"type":"shotgun_soldier","health":30,"id":4567155632}}
{"counter":7499,"type":"move","frame":{"millis":34973,"tic":1224},"actor":{"position":{"x":-17545280,"y":52873664,"z":0,"angle":536870912,"subsector":4566993320},"type":"shotgun_soldier","health":30,"id":4567155896}}
{"counter":7500,"type":"move","frame":{"millis":34973,"tic":1224},"actor":{"position":{"x":-5200640,"y":30022144,"z":0,"angle":1610612736,"subsector":4566993432},"type":"shotgun_soldier","health":30,"id":4567156160}}
{"counter":7501,"type":"move","frame":{"millis":34973,"tic":1224},"actor":{"position":{"x":2880832,"y":28597568,"z":0,"angle":3758096384,"subsector":4566993432},"type":"shotgun_soldier","health":30,"id":4567156424}}
{"counter":7502,"type":"move","frame":{"millis":34973,"tic":1224},"actor":{"position":{"x":12349768,"y":13485703,"z":0,"angle":0,"subsector":4566993032},"type":"spectre","health":125,"id":4567162232}}
{"counter":7503,"type":"move","frame":{"millis":34973,"tic":1224},"actor":{"position":{"x":7215092,"y":45976959,"z":7620881,"angle":1212329280,"subsector":4566993688},"type":"imp_fireball","health":1000,"id":4567676536}}
{"counter":7504,"type":"move","frame":{"millis":35001,"tic":1225},"actor":{"position":{"x":12319651,"y":29709442,"z":3670016,"angle":3103784960,"subsector":4566993496},"type":"player","health":36,"armor":53,"id":4567120880}}
{"counter":7505,"type":"move","frame":{"millis":35001,"tic":1225},"actor":{"position":{"x":12227091,"y":29201726,"z":3670016,"angle":3103784960,"subsector":4566993496},"type":"player","health":36,"armor":53,"id":4567120880}}
{"counter":7506,"type":"move","frame":{"millis":35001,"tic":1225},"actor":{"position":{"x":-206592,"y":25870080,"z":0,"angle":0,"subsector":4566993432},"type":"imp","health":60,"id":4567132928}}
{"counter":7507,"type":"move","frame":{"millis":35001,"tic":1225},"actor":{"position":{"x":10061115,"y":17486893,"z":1048576,"angle":1610612736,"subsector":4566993096},"type":"spectre","health":13,"id":4567137416}}
{"counter":7508,"type":"move","frame":{"millis":35001,"tic":1225},"actor":{"position":{"x":-2748608,"y":79294656,"z":0,"angle":3221225472,"subsector":4566996760},"type":"soldier","health":20,"id":4567139000}}
{"counter":7509,"type":"move","frame":{"millis":35001,"tic":1225},"actor":{"position":{"x":-2118272,"y":29773312,"z":0,"angle":1610612736,"subsector":4566993432},"type":"shotgun_soldier","health":30,"id":4567139792}}
{"counter":7510,"type":"move","frame":{"millis":35001,"tic":1225},"actor":{"position":{"x":56669584,"y":26811568,"z":0,"angle":1073741824,"subsector":4566994312},"type":"spectre","health":150,"id":4567166984}}
{"counter":7511,"type":"move","frame":{"millis":35001,"tic":1225},"actor":{"position":{"x":2419904,"y":25107520,"z":0,"angle":2684354560,"subsector":4566993432},"type":"shotgun_soldier","health":30,"id":4567172528}}
{"counter":7512,"type":"move","frame":{"millis":35001,"tic":1225},"actor":{"position":{"x":7083052,"y":46618879,"z":7733228,"angle":1212329280,"subsector":4566993688},"type":"imp_fireball","health":1000,"id":4567676536}}
{"counter":7513,"type":"move","frame":{"millis":35029,"tic":1226},"actor":{"position":{"x":12227091,"y":29201726,"z":3670016,"angle":3137339392,"subsector":4566993496},"type":"player","health":36,"armor":53,"id":4567120880}}
{"counter":7514,"type":"move","frame":{"millis":35029,"tic":1226},"actor":{"position":{"x":12140958,"y":28723313,"z":3670016,"angle":3137339392,"subsector":4566993496},"type":"player","health":36,"armor":53,"id":4567120880}}
{"counter":7515,"type":"move","frame":{"millis":35029,"tic":1226},"actor":{"position":{"x":-7938688,"y":26813056,"z":0,"angle":2147483648,"subsector":4566993432},"type":"soldier","health":20,"id":4567137944}}
{"counter":7516,"type":"move","frame":{"millis":35029,"tic":1226},"actor":{"position":{"x":-30228736,"y":55828864,"z":0,"angle":2147483648,"subsector":4566993352},"type":"shotgun_soldier","health":30,"id":4567155368}}
{"counter":7517,"type":"move","frame":{"millis":35029,"tic":1226},"actor":{"position":{"x":11879768,"y":13015703,"z":0,"angle":0,"subsector":4566993032},"type":"spectre","health":125,"id":4567162232}}
{"counter":7518,"type":"move","frame":{"millis":35029,"tic":1226},"actor":{"position":{"x":6951012,"y":47260799,"z":7845575,"angle":1212329280,"subsector":4566993688},"type":"imp_fireball","health":1000,"id":4567676536}}
{"counter":7519,"type":"move","frame":{"millis":35059,"tic":1227},"actor":{"position":{"x":12062899,"y":28289751,"z":3670016,"angle":3137339392,"subsector":4566993496},"type":"player","health":36,"armor":53,"id":4567120880}}
{"counter":7520,"type":"move","frame":{"millis":35059,"tic":1227},"actor":{"position":{"x":9405755,"y":17486893,"z":1048576,"angle":2147483648,"subsector":4566993096},"type":"spectre","health":13,"id":4567137416}}
{"counter":7521,"type":"move","frame":{"millis":35059,"tic":1227},"actor":{"position":{"x":13313792,"y":6021504,"z":0,"angle":1610612736,"subsector":4566993032},"type":"shotgun_soldier","health":30,"id":4567137680}}
{"counter":7522,"type":"move","frame":{"millis":35059,"tic":1227},"actor":{"position":{"x":-15644160,"y":30069888,"z":0,"angle":0,"subsector":4566993432},"type":"soldier","health":20,"id":4567138208}}
{"counter":7523,"type":"move","frame":{"millis":35059,"tic":1227},"actor":{"position":{"x":-10454080,"y":79135808,"z":0,"angle":0,"subsector":4566996760},"type":"shotgun_soldier","health":30,"id":4567155104}}
{"counter":7524,"type":"move","frame":{"millis":35059,"tic":1227},"actor":{"position":{"x":-16358976,"y":55632832,"z":0,"angle":0,"subsector":4566993320},"type":"shotgun_soldier","health":30,"id":4567155632}}
{"counter":7525,"type":"move","frame":{"millis":35059,"tic":1227},"actor":{"position":{"x":-18069568,"y":52873664,"z":0,"angle":1073741824,"subsector":4566993320},"type":"shotgun_soldier","health":30,"id":4567155896}}
{"counter":7526,"type":"move","frame":{"millis":35059,"tic":1227},"actor":{"position":{"x":-5724928,"y":30022144,"z":0,"angle":2147483648,"subsector":4566993432},"type":"shotgun_soldier","health":30,"id":4567156160}}
{"counter":7527,"type":"move","frame":{"millis":35059,"tic":1227},"actor":{"position":{"x":2880832,"y":28073280,"z":0,"angle":3221225472,"subsector":4566993432},"type":"shotgun_soldier","health":30,"id":4567156424}}
{"counter":7528,"type":"move","frame":{"millis":35059,"tic":1227},"actor":{"position":{"x":57139584,"y":26341568,"z":0,"angle":1073741824,"subsector":4566994312},"type":"spectre","health":150,"id":4567166984}}
{"counter":7529,"type":"move","frame":{"millis":35059,"tic":1227},"actor":{"position":{"x":6818972,"y":47902719,"z":7957922,"angle":1212329280,"subsector":4566993688},"type":"imp_fireball","health":1000,"id":4567676536}}
{"counter":7530,"type":"move","frame":{"millis":35086,"tic":1228},"actor":{"position":{"x":11992158,"y":27896835,"z":3670016,"angle":3154116608,"subsector":4566993496},"type":"player","health":36,"armor":53,"id":4567120880}}
{"counter":7531,"type":"move","frame":{"millis":35086,"tic":1228},"actor":{"position":{"x":-206592,"y":25345792,"z":0,"angle":3758096384,"subsector":4566993432},"type":"imp","health":60,"id":4567132928}}
{"counter":7532,"type":"move","frame":{"millis":35086,"tic":1228},"actor":{"position":{"x":-20897600,"y":53403456,"z":0,"angle":0,"subsector":4566993320},"type":"soldier","health":20,"id":4567138736}}
{"counter":7533,"type":"move","frame":{"millis":35086,"tic":1228},"actor":{"position":{"x":-6148672,"y":23831232,"z":0,"angle":2147483648,"subsector":4566993432},"type":"soldier","health":20,"id":4567139528}}
{"counter":7534,"type":"move","frame":{"millis":35086,"tic":1228},"actor":{"position":{"x":-2642560,"y":29773312,"z":0,"angle":2147483648,"subsector":4566993432},"type":"shotgun_soldier","health":30,"id":4567139792}}
{"counter":7535,"type":"move","frame":{"millis":35086,"tic":1228},"actor":{"position":{"x":11409768,"y":12545703,"z":0,"angle":3758096384,"subsector":4566993032},"type":"spectre","health":125,"id":4567162232}}
{"counter":7536,"type":"move","frame":{"millis":35086,"tic":1228},"actor":{"position":{"x":2419904,"y":24583232,"z":0,"angle":3221225472,"subsector":4566993432},"type":"shotgun_soldier","health":30,"id":4567172528}}
{"counter":7537,"type":"move","frame":{"millis":35086,"tic":1228},"actor":{"position":{"x":6686932,"y":48544639,"z":8070269,"angle":1212329280,"subsector":4566993688},"type":"imp_fireball","health":1000,"id":4567676536}}
{"counter":7538,"type":"move","frame":{"millis":35115,"tic":1229},"actor":{"position":{"x":11992158,"y":27896835,"z":3670016,"angle":3170893824,"subsector":4566993496},"type":"player","health":36,"armor":53,"id":4567120880}}
{"counter":7539,"type":"move","frame":{"millis":35115,"tic":1229},"actor":{"position":{"x":11928497,"y":27546881,"z":3670016,"angle":3170893824,"subsector":4566993496},"type":"player","health":36,"armor":53,"id":4567120880}}
{"counter":7540,"type":"move","frame":{"millis":35115,"tic":1229},"actor":{"position":{"x":8750395,"y":17486893,"z":1048576,"angle":2147483648,"subsector":4566993096},"type":"spectre","health":13,"id":4567137416}}
{"counter":7541,"type":"move","frame":{"millis":35115,"tic":1229},"actor":{"position":{"x":-2372608,"y":78918656,"z":0,"angle":3221225472,"subsector":4566996760},"type":"soldier","health":20,"id":4567139000}}
{"counter":7542,"type":"move","frame":{"millis":35115,"tic":1229},"actor":{"position":{"x":-30753024,"y":55828864,"z":0,"angle":2147483648,"subsector":4566993352},"type":"shotgun_soldier","health":30,"id":4567155368}}
{"counter":7543,"type":"move","frame":{"millis":35115,"tic":1229},"actor":{"position":{"x":57609584,"y":25871568,"z":0,"angle":536870912,"subsector":4566994312},"type":"spectre","health":150,"id":4567166984}}
{"counter":7544,"type":"move","frame":{"millis":35115,"tic":1229},"actor":{"position":{"x":6686932,"y":48544639,"z":8182616,"angle":1212329280,"subsector":4566993688},"type":"imp_fireball","health":1000,"id":4567676536}}
{"counter":7545,"type":"move","frame":{"millis":35143,"tic":1230},"actor":{"position":{"x":11928497,"y":27546881,"z":3670016,"angle":3187671040,"subsector":4566993496},"type":"player","health":36,"armor":53,"id":4567120880}}
{"counter":7546,"type":"move","frame":{"millis":35143,"tic":1230},"actor":{"position":{"x":11871103,"y":27235871,"z":3670016,"angle":3187671040,"subsector":4566993496},"type":"player","health":36,"armor":53,"id":4567120880}}
{"counter":7547,"type":"move","frame":{"millis":35143,"tic":1230},"actor":{"position":{"x":12937792,"y":6397504,"z":0,"angle":1610612736,"subsector":4566993032},"type":"shotgun_soldier","health":30,"id":4567137680}}
{"counter":7548,"type":"move","frame":{"millis":35144,"tic":1230},"actor":{"position":{"x":-8462976,"y":26813056,"z":0,"angle":2147483648,"subsector":4566993432},"type":"soldier","health":20,"id":4567137944}}
{"counter":7549,"type":"move","frame":{"millis":35144,"tic":1230},"actor":{"position":{"x":-9929792,"y":79135808,"z":0,"angle":0,"subsector":4566996760},"type":"shotgun_soldier","health":30,"id":4567155104}}
{"counter":7550,"type":"move","frame":{"millis":35144,"tic":1230},"actor":{"position":{"x":-16358976,"y":56157120,"z":0,"angle":0,"subsector":4566993320},"type":"shotgun_soldier","health":30,"id":4567155632}}
{"counter":7551,"type":"move","frame":{"millis":35144,"tic":1230},"actor":{"position":{"x":-17693568,"y":53249664,"z":0,"angle":1610612736,"subsector":4566993320},"type":"shotgun_soldier","health":30,"id":4567155896}}
{"counter":7552,"type":"move","frame":{"millis":35144,"tic":1230},"actor":{"position":{"x":-6249216,"y":30022144,"z":0,"angle":2147483648,"subsector":4566993432},"type":"shotgun_soldier","health":30,"id":4567156160}}
{"counter":7553,"type":"move","frame":{"millis":35144,"tic":1230},"actor":{"position":{"x":2880832,"y":27548992,"z":0,"angle":3221225472,"subsector":4566993432},"type":"shotgun_soldier","health":30,"id":4567156424}}
{"counter":7554,"type":"move","frame":{"millis":35144,"tic":1230},"actor":{"position":{"x":10939768,"y":12075703,"z":0,"angle":3221225472,"subsector":4566993032},"type":"spectre","health":125,"id":4567162232}}
{"counter":7555,"type":"move","frame":{"millis":35172,"tic":1231},"actor":{"position":{"x":11871103,"y":27235871,"z":3670016,"angle":3204448256,"subsector":4566993496},"type":"player","health":36,"armor":53,"id":4567120880}}
{"counter":7556,"type":"move","frame":{"millis":35172,"tic":1231},"actor":{"position":{"x":11819633,"y":26976539,"z":3670016,"angle":3204448256,"subsector":4566993496},"type":"player","health":36,"armor":53,"id":4567120880}}
{"counter":7557,"type":"move","frame":{"millis":35172,"tic":1231},"actor":{"position":{"x":-206592,"y":24821504,"z":0,"angle":3221225472,"subsector":4566993432},"type":"imp","health":60,"id":4567132928}}
{"counter":7558,"type":"move","frame":{"millis":35172,"tic":1231},"actor":{"position":{"x":9220395,"y":17016893,"z":1048576,"angle":2147483648,"subsector":4566993096},"type":"spectre","health":13,"id":4567137416}}
{"counter":7559,"type":"move","frame":{"millis":35172,"tic":1231},"actor":{"position":{"x":-15119872,"y":30069888,"z":0,"angle":0,"subsector":4566993432},"type":"soldier","health":20,"id":4567138208}}
{"counter":7560,"type":"move","frame":{"millis":35172,"tic":1231},"actor":{"position":{"x":-3166848,"y":29773312,"z":0,"angle":2147483648,"subsector":4566993432},"type":"shotgun_soldier","health":30,"id":4567139792}}
{"counter":7561,"type":"move","frame":{"millis":35172,"tic":1231},"actor":{"position":{"x":58079584,"y":25401568,"z":0,"angle":0,"subsector":4566994312},"type":"spectre","health":150,"id":4567166984}}
{"counter":7562,"type":"move","frame":{"millis":35200,"tic":1232},"actor":{"position":{"x":11819633,"y":26976539,"z":3670016,"angle":3221225472,"subsector":4566993496},"type":"player","health":36,"armor":53,"id":4567120880}}
{"counter":7563,"type":"move","frame":{"millis":35200,"tic":1232},"actor":{"position":{"x":11772984,"y":26749710,"z":3670016,"angle":3221225472,"subsector":4566993496},"type":"player","health":36,"armor":53,"id":4567120880}}
{"counter":7564,"type":"move","frame":{"millis":35200,"tic":1232},"actor":{"position":{"x":-20521600,"y":53027456,"z":0,"angle":3758096384,"subsector":4566993320},"type":"soldier","health":20,"id":4567138736}}
{"counter":7565,"type":"move","frame":{"millis":35200,"tic":1232},"actor":{"position":{"x":-6672960,"y":23831232,"z":0,"angle":2147483648,"subsector":4566993432},"type":"soldier","health":20,"id":4567139528}}
{"counter":7566,"type":"move","frame":{"millis":35200,"tic":1232},"actor":{"position":{"x":-30377024,"y":55452864,"z":0,"angle":2147483648,"subsector":4566993352},"type":"shotgun_soldier","health":30,"id":4567155368}}
{"counter":7567,"type":"move","frame":{"millis":35200,"tic":1232},"actor":{"position":{"x":10469768,"y":11605703,"z":0,"angle":2684354560,"subsector":4566993032},"type":"spectre","health":125,"id":4567162232}}
{"counter":7568,"type":"move","frame":{"millis":35229,"tic":1233},"actor":{"position":{"x":11772984,"y":26749710,"z":3670016,"angle":3238002688,"subsector":4566993496},"type":"player","health":36,"armor":53,"id":4567120880}}
{"counter":7569,"type":"move","frame":{"millis":35229,"tic":1233},"actor":{"position":{"x":11730605,"y":26548240,"z":3670016,"angle":3238002688,"subsector":4566993496},"type":"player","health":36,"armor":53,"id":4567120880}}
{"counter":7570,"type":"move","frame":{"millis":35229,"tic":1233},"actor":{"position":{"x":9690395,"y":16546893,"z":1048576,"angle":2684354560,"subsector":4566993032},"type":"spectre","health":13,"id":4567137416}}
{"counter":7571,"type":"move","frame":{"millis":35229,"tic":1233},"actor":{"position":{"x":12561792,"y":6773504,"z":0,"angle":1610612736,"subsector":4566993032},"type":"shotgun_soldier","health":30,"id":4567137680}}
{"counter":7572,"type":"move","frame":{"millis":35229,"tic":1233},"actor":{"position":{"x":-1848320,"y":78918656,"z":0,"angle":3758096384,"subsector":4566996760},"type":"soldier","health":20,"id":4567139000}}
{"counter":7573,"type":"move","frame":{"millis":35229,"tic":1233},"actor":{"position":{"x":-9405504,"y":79135808,"z":0,"angle":0,"subsector":4566996760},"type":"shotgun_soldier","health":30,"id":4567155104}}
{"counter":7574,"type":"move","frame":{"millis":35229,"tic":1233},"actor":{"position":{"x":-16883264,"y":56157120,"z":0,"angle":536870912,"subsector":4566993320},"type":"shotgun_soldier","health":30,"id":4567155632}}
{"counter":7575,"type":"move","frame":{"millis":35229,"tic":1233},"actor":{"position":{"x":-17317568,"y":52873664,"z":0,"angle":1073741824,"subsector":4566993320},"type":"shotgun_soldier","health":30,"id":4567155896}}
{"counter":7576,"type":"move","frame":{"millis":35229,"tic":1233},"actor":{"position":{"x":-6773504,"y":30022144,"z":0,"angle":2147483648,"subsector":4566993432},"type":"shotgun_soldier","health":30,"id":4567156160}}
{"counter":7577,"type":"move","frame":{"millis":35229,"tic":1233},"actor":{"position":{"x":2356544,"y":27548992,"z":0,"angle":3221225472,"subsector":4566993432},"type":"shotgun_soldier","health":30,"id":4567156424}}
{"counter":7578,"type":"move","frame":{"millis":35229,"tic":1233},"actor":{"position":{"x":58549584,"y":24931568,"z":0,"angle":3758096384,"subsector":4566994312},"type":"spectre","health":150,"id":4567166984}}
{"counter":7579,"type":"move","frame":{"millis":35258,"tic":1234},"actor":{"position":{"x":11730605,"y":26548240,"z":3670016,"angle":3238002688,"subsector":4566993496},"type":"player","health":36,"armor":53,"id":4567120880}}
{"counter":7580,"type":"move","frame":{"millis":35258,"tic":1234},"actor":{"position":{"x":11692147,"y":26367704,"z":3670016,"angle":3238002688,"subsector":4566993496},"type":"player","health":36,"armor":53,"id":4567120880}}
{"counter":7581,"type":"move","frame":{"millis":35258,"tic":1234},"actor":{"position":{"x":-582592,"y":24445504,"z":0,"angle":3221225472,"subsector":4566993432},"type":"imp","health":60,"id":4567132928}}
{"counter":7582,"type":"move","frame":{"millis":35258,"tic":1234},"actor":{"position":{"x":-8987264,"y":26813056,"z":0,"angle":2147483648,"subsector":4566993432},"type":"soldier","health":20,"id":4567137944}}
{"counter":7583,"type":"move","frame":{"millis":35258,"tic":1234},"actor":{"position":{"x":-3691136,"y":29773312,"z":0,"angle":2147483648,"subsector":4566993432},"type":"shotgun_soldier","health":30,"id":4567139792}}
{"counter":7584,"type":"move","frame":{"millis":35258,"tic":1234},"actor":{"position":{"x":9999768,"y":11135703,"z":0,"angle":2684354560,"subsector":4566993032},"type":"spectre","health":125,"id":4567162232}}
{"counter":7585,"type":"move","frame":{"millis":35286,"tic":1235},"actor":{"position":{"x":11657294,"y":26204093,"z":3670016,"angle":3238002688,"subsector":4566993480},"type":"player","health":36,"armor":53,"id":4567120880}}
{"counter":7586,"type":"move","frame":{"millis":35286,"tic":1235},"actor":{"position":{"x":10160395,"y":16076893,"z":1048576,"angle":3221225472,"subsector":4566993032},"type":"spectre","health":13,"id":4567137416}}
{"counter":7587,"type":"move","frame":{"millis":35286,"tic":1235},"actor":{"position":{"x":-14595584,"y":30069888,"z":0,"angle":0,"subsector":4566993432},"type":"soldier","health":20,"id":4567138208}}
{"counter":7588,"type":"move","frame":{"millis":35286,"tic":1235},"actor":{"position":{"x":-30001024,"y":55076864,"z":0,"angle":2684354560,"subsector":4566993352},"type":"shotgun_soldier","health":30,"id":4567155368}}
{"counter":7589,"type":"move","frame":{"millis":35286,"tic":1235},"actor":{"position":{"x":59019584,"y":24461568,"z":0,"angle":3758096384,"subsector":4566994312},"type":"spectre","health":150,"id":4567166984}}
{"counter":7590,"type":"move","frame":{"millis":35316,"tic":1236},"actor":{"position":{"x":11657294,"y":26204093,"z":3670016,"angle":3238002688,"subsector":4566993480},"type":"player","health":36,"armor":53,"id":4567120880}}
{"counter":7591,"type":"move","frame":{"millis":35316,"tic":1236},"actor":{"position":{"x":11625656,"y":26057867,"z":3670016,"angle":3238002688,"subsector":4566993480},"type":"player","health":36,"armor":53,"id":4567120880}}
{"counter":7592,"type":"move","frame":{"millis":35316,"tic":1236},"actor":{"position":{"x":12185792,"y":7149504,"z":0,"angle":1610612736,"subsector":4566993032},"type":"shotgun_soldier","health":30,"id":4567137680}}
{"counter":7593,"type":"move","frame":{"millis":35316,"tic":1236},"actor":{"position":{"x":-19997312,"y":53027456,"z":0,"angle":3758096384,"subsector":4566993320},"type":"soldier","health":20,"id":4567138736}}
{"counter":7594,"type":"move","frame":{"millis":35316,"tic":1236},"actor":{"position":{"x":-6296960,"y":24207232,"z":0,"angle":2147483648,"subsector":4566993432},"type":"soldier","health":20,"id":4567139528}}
{"counter":7595,"type":"move","frame":{"millis":35316,"tic":1236},"actor":{"position":{"x":-8881216,"y":79135808,"z":0,"angle":0,"subsector":4566996760},"type":"shotgun_soldier","health":30,"id":4567155104}}
{"counter":7596,"type":"move","frame":{"millis":35316,"tic":1236},"actor":{"position":{"x":-17407552,"y":56157120,"z":0,"angle":1073741824,"subsector":4566993320},"type":"shotgun_soldier","health":30,"id":4567155632}}
{"counter":7597,"type":"move","frame":{"millis":35316,"tic":1236},"actor":{"position":{"x":-16793280,"y":52873664,"z":0,"angle":536870912,"subsector":4566993320},"type":"shotgun_soldier","health":30,"id":4567155896}}
{"counter":7598,"type":"move","frame":{"millis":35316,"tic":1236},"actor":{"position":{"x":-7297792,"y":30022144,"z":0,"angle":2147483648,"subsector":4566993432},"type":"shotgun_soldier","health":30,"id":4567156160}}
{"counter":7599,"type":"move","frame":{"millis":35316,"tic":1236},"actor":{"position":{"x":1832256,"y":27548992,"z":0,"angle":2684354560,"subsector":4566993432},"type":"shotgun_soldier","health":30,"id":4567156424}}
{"counter":7600,"type":"move","frame":{"millis":35316,"tic":1236},"actor":{"position":{"x":9529768,"y":10665703,"z":0,"angle":2684354560,"subsector":4566993032},"type":"spectre","health":125,"id":4567162232}}
{"counter":7601,"type":"move","frame":{"millis":35343,"tic":1237},"actor":{"position":{"x":11625656,"y":26057867,"z":3670016,"angle":3238002688,"subsector":4566993480},"type":"player","health":36,"armor":53,"id":4567120880}}
{"counter":7602,"type":"move","frame":{"millis":35343,"tic":1237},"actor":{"position":{"x":11596677,"y":25937633,"z":3670016,"angle":3238002688,"subsector":4566993480},"type":"player","health":36,"armor":53,"id":4567120880}}
{"counter":7603,"type":"move","frame":{"millis":35343,"tic":1237},"actor":{"position":{"x":-1106880,"y":24445504,"z":0,"angle":2684354560,"subsector":4566993432},"type":"imp","health":60,"id":4567132928}}
{"counter":7604,"type":"move","frame":{"millis":35343,"tic":1237},"actor":{"position":{"x":10630395,"y":15606893,"z":524288,"angle":3758096384,"subsector":4566993032},"type":"spectre","health":13,"id":4567137416}}
{"counter":7605,"type":"move","frame":{"millis":35343,"tic":1237},"actor":{"position":{"x":-1324032,"y":78918656,"z":0,"angle":0,"subsector":4566996760},"type":"soldier","health":20,"id":4567139000}}
{"counter":7606,"type":"move","frame":{"millis":35343,"tic":1237},"actor":{"position":{"x":-4215424,"y":29773312,"z":0,"angle":2147483648,"subsector":4566993432},"type":"shotgun_soldier","health":30,"id":4567139792}}
{"counter":7607,"type":"move","frame":{"millis":35343,"tic":1237},"actor":{"position":{"x":58364224,"y":24461568,"z":0,"angle":3758096384,"subsector":4566994312},"type":"spectre","health":150,"id":4567166984}}
{"counter":7608,"type":"move","frame":{"millis":35343,"tic":1237},"actor":{"position":{"x":1895616,"y":24583232,"z":0,"angle":3221225472,"subsector":4566993432},"type":"shotgun_soldier","health":30,"id":4567172528}}
{"counter":7609,"type":"move","frame":{"millis":35372,"tic":1238},"actor":{"position":{"x":11596677,"y":25937633,"z":3670016,"angle":3238002688,"subsector":4566993480},"type":"player","health":36,"armor":53,"id":4567120880}}
{"weapon_type":2,"counter":7610,"type":"attacked","frame":{"millis":35373,"tic":1238},"actor":{"position":{"x":11596677,"y":25937633,"z":3670016,"angle":3238002688,"subsector":4566993480},"type":"player","health":36,"armor":53,"id":4567120880}}
{"counter":7611,"type":"move","frame":{"millis":35373,"tic":1238},"actor":{"position":{"x":11567862,"y":25931037,"z":3670016,"angle":3238002688,"subsector":4566993480},"type":"player","health":36,"armor":53,"id":4567120880}}
{"counter":7612,"type":"move","frame":{"millis":35373,"tic":1238},"actor":{"position":{"x":-9511552,"y":26813056,"z":0,"angle":2147483648,"subsector":4566993432},"type":"soldier","health":20,"id":4567137944}}
{"counter":7613,"type":"move","frame":{"millis":35373,"tic":1238},"actor":{"position":{"x":-29625024,"y":54700864,"z":0,"angle":3221225472,"subsector":4566993352},"type":"shotgun_soldier","health":30,"id":4567155368}}
{"counter":7614,"type":"move","frame":{"millis":35373,"tic":1238},"actor":{"position":{"x":9529768,"y":11321063,"z":0,"angle":2684354560,"subsector":4566993032},"type":"spectre","health":125,"id":4567162232}}
{"counter":7615,"type":"move","frame":{"millis":35400,"tic":1239},"actor":{"position":{"x":11567862,"y":25931037,"z":3670016,"angle":3238002688,"subsector":4566993480},"type":"player","health":36,"armor":53,"id":4567120880}}
{"counter":7616,"type":"move","frame":{"millis":35400,"tic":1239},"actor":{"position":{"x":11540523,"y":25974195,"z":3670016,"angle":3238002688,"subsector":4566993480},"type":"player","health":36,"armor":53,"id":4567120880}}
{"counter":7617,"type":"move","frame":{"millis":35400,"tic":1239},"actor":{"position":{"x":11100395,"y":16076893,"z":524288,"angle":3758096384,"subsector":4566993032},"type":"spectre","health":13,"id":4567137416}}
{"counter":7618,"type":"move","frame":{"millis":35400,"tic":1239},"actor":{"position":{"x":12185792,"y":7673792,"z":0,"angle":1610612736,"subsector":4566993032},"type":"shotgun_soldier","health":30,"id":4567137680}}
{"counter":7619,"type":"move","frame":{"millis":35400,"tic":1239},"actor":{"position":{"x":-14071296,"y":30069888,"z":0,"angle":0,"subsector":4566993432},"type":"soldier","health":20,"id":4567138208}}
{"counter":7620,"type":"move","frame":{"millis":35400,"tic":1239},"actor":{"position":{"x":-8356928,"y":79135808,"z":0,"angle":0,"subsector":4566996760},"type":"shotgun_soldier","health":30,"id":4567155104}}
{"counter":7621,"type":"move","frame":{"millis":35400,"tic":1239},"actor":{"position":{"x":-17931840,"y":56157120,"z":0,"angle":1610612736,"subsector":4566993320},"type":"shotgun_soldier","health":30,"id":4567155632}}
{"counter":7622,"type":"move","frame":{"millis":35400,"tic":1239},"actor":{"position":{"x":-16268992,"y":52873664,"z":0,"angle":0,"subsector":4566993320},"type":"shotgun_soldier","health":30,"id":4567155896}}
{"counter":7623,"type":"move","frame":{"millis":35400,"tic":1239},"actor":{"position":{"x":-7822080,"y":30022144,"z":0,"angle":2147483648,"subsector":4566993432},"type":"shotgun_soldier","health":30,"id":4567156160}}
{"counter":7624,"type":"move","frame":{"millis":35400,"tic":1239},"actor":{"position":{"x":1307968,"y":27548992,"z":0,"angle":2147483648,"subsector":4566993432},"type":"shotgun_soldier","health":30,"id":4567156424}}
{"counter":7625,"type":"move","frame":{"millis":35400,"tic":1239},"actor":{"position":{"x":57708864,"y":24461568,"z":0,"angle":3221225472,"subsector":4566994312},"type":"spectre","health":150,"id":4567166984}}
{"counter":7626,"type":"move","frame":{"millis":35429,"tic":1240},"actor":{"position":{"x":11540523,"y":25974195,"z":3670016,"angle":3238002688,"subsector":4566993480},"type":"player","health":36,"armor":53,"id":4567120880}}
{"counter":7627,"type":"move","frame":{"millis":35429,"tic":1240},"actor":{"position":{"x":11515134,"y":26037874,"z":3670016,"angle":3238002688,"subsector":4566993480},"type":"player","health":36,"armor":53,"id":4567120880}}
{"counter":7628,"type":"move","frame":{"millis":35429,"tic":1240},"actor":{"position":{"x":-1631168,"y":24445504,"z":0,"angle":2147483648,"subsector":4566993432},"type":"imp","health":60,"id":4567132928}}
{"counter":7629,"type":"move","frame":{"millis":35429,"tic":1240},"actor":{"position":{"x":-19473024,"y":53027456,"z":0,"angle":0,"subsector":4566993320},"type":"soldier","health":20,"id":4567138736}}
{"counter":7630,"type":"move","frame":{"millis":35429,"tic":1240},"actor":{"position":{"x":-5920960,"y":24583232,"z":0,"angle":1610612736,"subsector":4566993432},"type":"soldier","health":20,"id":4567139528}}
{"counter":7631,"type":"move","frame":{"millis":35429,"tic":1240},"actor":{"position":{"x":-4739712,"y":29773312,"z":0,"angle":2147483648,"subsector":4566993432},"type":"shotgun_soldier","health":30,"id":4567139792}}
{"counter":7632,"type":"move","frame":{"millis":35429,"tic":1240},"actor":{"position":{"x":9529768,"y":11976423,"z":0,"angle":2147483648,"subsector":4566993032},"type":"spectre","health":125,"id":4567162232}}
{"counter":7633,"type":"move","frame":{"millis":35429,"tic":1240},"actor":{"position":{"x":1371328,"y":24583232,"z":0,"angle":2684354560,"subsector":4566993432},"type":"shotgun_soldier","health":30,"id":4567172528}}
{"counter":7634,"type":"move","frame":{"millis":35458,"tic":1241},"actor":{"position":{"x":11515134,"y":26037874,"z":3670016,"angle":3238002688,"subsector":4566993480},"type":"player","health":36,"armor":53,"id":4567120880}}
{"damage":15,"counter":7635,"type":"hit","frame":{"millis":35458,"tic":1241},"actor":{"position":{"x":11515134,"y":26037874,"z":3670016,"angle":3238002688,"subsector":4566993480},"type":"player","health":36,"armor":53,"id":4567120880},"target":{"position":{"x":11100395,"y":16076893,"z":524288,"angle":3758096384,"subsector":4566993032},"type":"spectre","health":-2,"id":4567137416}}
{"counter":7636,"type":"killed","frame":{"millis":35458,"tic":1241},"actor":{"position":{"x":11515134,"y":26037874,"z":3670016,"angle":3238002688,"subsector":4566993480},"type":"player","health":36,"armor":53,"id":4567120880},"target":{"position":{"x":11100395,"y":16076893,"z":524288,"angle":3758096384,"subsector":4566993032},"type":"spectre","health":-2,"id":4567137416}}
{"counter":7637,"type":"move","frame":{"millis":35459,"tic":1241},"actor":{"position":{"x":11492176,"y":26093535,"z":3670016,"angle":3238002688,"subsector":4566993480},"type":"player","health":36,"armor":53,"id":4567120880}}
{"counter":7638,"type":"move","frame":{"millis":35459,"tic":1241},"actor":{"position":{"x":11099111,"y":16046200,"z":524288,"angle":3758096384,"subsector":4566993032},"type":"spectre","health":-2,"id":4567137416}}
{"counter":7639,"type":"move","frame":{"millis":35459,"tic":1241},"actor":{"position":{"x":-799744,"y":78918656,"z":0,"angle":0,"subsector":4566996760},"type":"soldier","health":20,"id":4567139000}}
{"counter":7640,"type":"move","frame":{"millis":35459,"tic":1241},"actor":{"position":{"x":-29249024,"y":54324864,"z":0,"angle":3758096384,"subsector":4566993352},"type":"shotgun_soldier","health":30,"id":4567155368}}
{"counter":7641,"type":"move","frame":{"millis":35459,"tic":1241},"actor":{"position":{"x":57053504,"y":24461568,"z":0,"angle":2684354560,"subsector":4566994312},"type":"spectre","health":150,"id":4567166984}}
{"counter":7642,"type":"move","frame":{"millis":35486,"tic":1242},"actor":{"position":{"x":11492176,"y":26093535,"z":3670016,"angle":3238002688,"subsector":4566993480},"type":"player","health":36,"armor":53,"id":4567120880}}
{"counter":7643,"type":"move","frame":{"millis":35486,"tic":1242},"actor":{"position":{"x":11471421,"y":26141929,"z":3670016,"angle":3238002688,"subsector":4566993480},"type":"player","health":36,"armor":53,"id":4567120880}}
{"counter":7644,"type":"move","frame":{"millis":35486,"tic":1242},"actor":{"position":{"x":11097827,"y":16015507,"z":524288,"angle":3758096384,"subsector":4566993032},"type":"spectre","health":-2,"id":4567137416}}
{"counter":7645,"type":"move","frame":{"millis":35486,"tic":1242},"actor":{"position":{"x":12185792,"y":8198080,"z":0,"angle":1073741824,"subsector":4566993032},"type":"shotgun_soldier","health":30,"id":4567137680}}
{"counter":7646,"type":"move","frame":{"millis":35486,"tic":1242},"actor":{"position":{"x":-10035840,"y":26813056,"z":0,"angle":2147483648,"subsector":4566993432},"type":"soldier","health":20,"id":4567137944}}
{"counter":7647,"type":"move","frame":{"millis":35486,"tic":1242},"actor":{"position":{"x":-8732928,"y":79511808,"z":0,"angle":0,"subsector":4566996760},"type":"shotgun_soldier","health":30,"id":4567155104}}
{"counter":7648,"type":"move","frame":{"millis":35486,"tic":1242},"actor":{"position":{"x":-18456128,"y":56157120,"z":0,"angle":2147483648,"subsector":4566993320},"type":"shotgun_soldier","health":30,"id":4567155632}}
{"counter":7649,"type":"move","frame":{"millis":35486,"tic":1242},"actor":{"position":{"x":-16268992,"y":53397952,"z":0,"angle":0,"subsector":4566993320},"type":"shotgun_soldier","health":30,"id":4567155896}}
{"counter":7650,"type":"move","frame":{"millis":35486,"tic":1242},"actor":{"position":{"x":-8346368,"y":30022144,"z":0,"angle":2147483648,"subsector":4566993432},"type":"shotgun_soldier","health":30,"id":4567156160}}
{"counter":7651,"type":"move","frame":{"millis":35486,"tic":1242},"actor":{"position":{"x":783680,"y":27548992,"z":0,"angle":2147483648,"subsector":4566993432},"type":"shotgun_soldier","health":30,"id":4567156424}}
{"counter":7652,"type":"move","frame":{"millis":35486,"tic":1242},"actor":{"position":{"x":10185128,"y":11976423,"z":0,"angle":1610612736,"subsector":4566993032},"type":"spectre","health":125,"id":4567162232}}
{"counter":7653,"type":"move","frame":{"millis":35516,"tic":1243},"actor":{"position":{"x":11452611,"y":26185786,"z":3670016,"angle":3238002688,"subsector":4566993480},"type":"player","health":36,"armor":53,"id":4567120880}}
{"counter":7654,"type":"move","frame":{"millis":35516,"tic":1243},"actor":{"position":{"x":-2155456,"y":24445504,"z":0,"angle":2147483648,"subsector":4566993432},"type":"imp","health":60,"id":4567132928}}
{"counter":7655,"type":"move","frame":{"millis":35516,"tic":1243},"actor":{"position":{"x":11096543,"y":15984814,"z":524288,"angle":3758096384,"subsector":4566993032},"type":"spectre","health":-2,"id":4567137416}}
{"counter":7656,"type":"move","frame":{"millis":35516,"tic":1243},"actor":{"position":{"x":-13695296,"y":29693888,"z":0,"angle":0,"subsector":4566993432},"type":"soldier","health":20,"id":4567138208}}
{"counter":7657,"type":"move","frame":{"millis":35516,"tic":1243},"actor":{"position":{"x":-5264000,"y":29773312,"z":0,"angle":2147483648,"subsector":4566993432},"type":"shotgun_soldier","health":30,"id":4567139792}}
{"counter":7658,"type":"move","frame":{"millis":35516,"tic":1243},"actor":{"position":{"x":56583504,"y":24931568,"z":0,"angle":2147483648,"subsector":4566994312},"type":"spectre","health":150,"id":4567166984}}
{"counter":7659,"type":"move","frame":{"millis":35516,"tic":1243},"actor":{"position":{"x":847040,"y":24583232,"z":0,"angle":2147483648,"subsector":4566993432},"type":"shotgun_soldier","health":30,"id":4567172528}}
{"counter":7660,"type":"move","frame":{"millis":35543,"tic":1244},"actor":{"position":{"x":11452611,"y":26185786,"z":3670016,"angle":3238002688,"subsector":4566993480},"type":"player","health":36,"armor":53,"id":4567120880}}
{"counter":7661,"type":"move","frame":{"millis":35543,"tic":1244},"actor":{"position":{"x":11435308,"y":26235767,"z":3670016,"angle":3238002688,"subsector":4566993496},"type":"player","health":36,"armor":53,"id":4567120880}}
{"counter":7662,"type":"move","frame":{"millis":35543,"tic":1244},"actor":{"position":{"x":11095259,"y":15954121,"z":524288,"angle":3758096384,"subsector":4566993032},"type":"spectre","health":-2,"id":4567137416}}
{"counter":7663,"type":"move","frame":{"millis":35543,"tic":1244},"actor":{"position":{"x":-18948736,"y":53027456,"z":0,"angle":0,"subsector":4566993320},"type":"soldier","health":20,"id":4567138736}}
{"counter":7664,"type":"move","frame":{"millis":35543,"tic":1244},"actor":{"position":{"x":-5544960,"y":24959232,"z":0,"angle":1073741824,"subsector":4566993432},"type":"soldier","health":20,"id":4567139528}}
{"counter":7665,"type":"move","frame":{"millis":35543,"tic":1244},"actor":{"position":{"x":-28873024,"y":53948864,"z":0,"angle":3758096384,"subsector":4566993352},"type":"shotgun_soldier","health":30,"id":4567155368}}
{"counter":7666,"type":"move","frame":{"millis":35543,"tic":1244},"actor":{"position":{"x":10840488,"y":11976423,"z":0,"angle":1073741824,"subsector":4566993032},"type":"spectre","health":125,"id":4567162232}}
{"counter":7667,"type":"move","frame":{"millis":35572,"tic":1245},"actor":{"position":{"x":11435308,"y":26235767,"z":3670016,"angle":3238002688,"subsector":4566993496},"type":"player","health":36,"armor":53,"id":4567120880}}
{"counter":7668,"type":"move","frame":{"millis":35572,"tic":1245},"actor":{"position":{"x":11419422,"y":26289251,"z":3670016,"angle":3238002688,"subsector":4566993496},"type":"player","health":36,"armor":53,"id":4567120880}}
{"counter":7669,"type":"move","frame":{"millis":35572,"tic":1245},"actor":{"position":{"x":11093975,"y":15923428,"z":524288,"angle":3758096384,"subsector":4566993032},"type":"spectre","health":-2,"id":4567137416}}
{"counter":7670,"type":"move","frame":{"millis":35572,"tic":1245},"actor":{"position":{"x":11809792,"y":8574080,"z":0,"angle":1073741824,"subsector":4566993032},"type":"shotgun_soldier","health":30,"id":4567137680}}
{"counter":7671,"type":"move","frame":{"millis":35572,"tic":1245},"actor":{"position":{"x":-275456,"y":78918656,"z":0,"angle":0,"subsector":4566996760},"type":"soldier","health":20,"id":4567139000}}
{"counter":7672,"type":"move","frame":{"millis":35572,"tic":1245},"actor":{"position":{"x":-9108928,"y":79887808,"z":0,"angle":536870912,"subsector":4566996760},"type":"shotgun_soldier","health":30,"id":4567155104}}
{"counter":7673,"type":"move","frame":{"millis":35572,"tic":1245},"actor":{"position":{"x":-18980416,"y":56157120,"z":0,"angle":2147483648,"subsector":4566993320},"type":"shotgun_soldier","health":30,"id":4567155632}}
{"counter":7674,"type":"move","frame":{"millis":35572,"tic":1245},"actor":{"position":{"x":-16268992,"y":53922240,"z":0,"angle":536870912,"subsector":4566993320},"type":"shotgun_soldier","health":30,"id":4567155896}}
{"counter":7675,"type":"move","frame":{"millis":35572,"tic":1245},"actor":{"position":{"x":-7970368,"y":29646144,"z":0,"angle":2147483648,"subsector":4566993432},"type":"shotgun_soldier","health":30,"id":4567156160}}
{"counter":7676,"type":"move","frame":{"millis":35572,"tic":1245},"actor":{"position":{"x":259392,"y":27548992,"z":0,"angle":2147483648,"subsector":4566993432},"type":"shotgun_soldier","health":30,"id":4567156424}}
{"counter":7677,"type":"move","frame":{"millis":35572,"tic":1245},"actor":{"position":{"x":56583504,"y":25586928,"z":0,"angle":1610612736,"subsector":4566994312},"type":"spectre","health":150,"id":4567166984}}
{"counter":7678,"type":"move","frame":{"millis":35600,"tic":1246},"actor":{"position":{"x":11419422,"y":26289251,"z":3670016,"angle":3238002688,"subsector":4566993496},"type":"player","health":36,"armor":53,"id":4567120880}}
{"counter":7679,"type":"move","frame":{"millis":35600,"tic":1246},"actor":{"position":{"x":11404769,"y":26347956,"z":3670016,"angle":3238002688,"subsector":4566993496},"type":"player","health":36,"armor":53,"id":4567120880}}
{"counter":7680,"type":"move","frame":{"millis":35600,"tic":1246},"actor":{"position":{"x":-2679744,"y":24445504,"z":0,"angle":2147483648,"subsector":4566993432},"type":"imp","health":60,"id":4567132928}}
{"counter":7681,"type":"move","frame":{"millis":35600,"tic":1246},"actor":{"position":{"x":11093975,"y":15923428,"z":524288,"angle":3758096384,"subsector":4566993032},"type":"spectre","health":-2,"id":4567137416}}
{"counter":7682,"type":"move","frame":{"millis":35600,"tic":1246},"actor":{"position":{"x":-10560128,"y":26813056,"z":0,"angle":2147483648,"subsector":4566993432},"type":"soldier","health":20,"id":4567137944}}
{"counter":7683,"type":"move","frame":{"millis":35600,"tic":1246},"actor":{"position":{"x":-4888000,"y":29397312,"z":0,"angle":2147483648,"subsector":4566993432},"type":"shotgun_soldier","health":30,"id":4567139792}}
{"counter":7684,"type":"move","frame":{"millis":35600,"tic":1246},"actor":{"position":{"x":11495848,"y":11976423,"z":0,"angle":536870912,"subsector":4566993032},"type":"spectre","health":125,"id":4567162232}}
{"counter":7685,"type":"move","frame":{"millis":35600,"tic":1246},"actor":{"position":{"x":322752,"y":24583232,"z":0,"angle":2147483648,"subsector":4566993432},"type":"shotgun_soldier","health":30,"id":4567172528}}
{"counter":7686,"type":"move","frame":{"millis":35629,"tic":1247},"actor":{"position":{"x":11391489,"y":26401157,"z":3670016,"angle":3238002688,"subsector":4566993496},"type":"player","health":36,"armor":53,"id":4567120880}}
{"counter":7687,"type":"move","frame":{"millis":35633,"tic":1247},"actor":{"position":{"x":-13319296,"y":29317888,"z":0,"angle":3758096384,"subsector":4566993432},"type":"soldier","health":20,"id":4567138208}}
{"counter":7688,"type":"move","frame":{"millis":35633,"tic":1247},"actor":{"position":{"x":-28497024,"y":53572864,"z":0,"angle":3758096384,"subsector":4566993352},"type":"shotgun_soldier","health":30,"id":4567155368}}
{"counter":7689,"type":"move","frame":{"millis":35633,"tic":1247},"actor":{"position":{"x":56583504,"y":26242288,"z":0,"angle":1073741824,"subsector":4566994312},"type":"spectre","health":150,"id":4567166984}}
{"counter":7690,"type":"move","frame":{"millis":35658,"tic":1248},"actor":{"position":{"x":11379454,"y":26449370,"z":3670016,"angle":3238002688,"subsector":4566993496},"type":"player","health":36,"armor":53,"id":4567120880}}
{"counter":7691,"type":"move","frame":{"millis":35658,"tic":1248},"actor":{"position":{"x":11809792,"y":8049792,"z":0,"angle":1610612736,"subsector":4566993032},"type":"shotgun_soldier","health":30,"id":4567137680}}
{"counter":7692,"type":"move","frame":{"millis":35658,"tic":1248},"actor":{"position":{"x":-19324736,"y":53403456,"z":0,"angle":0,"subsector":4566993320},"type":"soldier","health":20,"id":4567138736}}
{"counter":7693,"type":"move","frame":{"millis":35658,"tic":1248},"actor":{"position":{"x":-5544960,"y":25483520,"z":0,"angle":536870912,"subsector":4566993432},"type":"soldier","health":20,"id":4567139528}}
{"counter":7694,"type":"move","frame":{"millis":35658,"tic":1248},"actor":{"position":{"x":-9484928,"y":80263808,"z":0,"angle":1073741824,"subsector":4566996760},"type":"shotgun_soldier","health":30,"id":4567155104}}
{"counter":7695,"type":"move","frame":{"millis":35658,"tic":1248},"actor":{"position":{"x":-19504704,"y":56157120,"z":0,"angle":2147483648,"subsector":4566993320},"type":"shotgun_soldier","health":30,"id":4567155632}}
{"counter":7696,"type":"move","frame":{"millis":35658,"tic":1248},"actor":{"position":{"x":-16268992,"y":54446528,"z":0,"angle":1073741824,"subsector":4566993320},"type":"shotgun_soldier","health":30,"id":4567155896}}
{"counter":7697,"type":"move","frame":{"millis":35658,"tic":1248},"actor":{"position":{"x":-7594368,"y":29270144,"z":0,"angle":2684354560,"subsector":4566993432},"type":"shotgun_soldier","health":30,"id":4567156160}}
{"counter":7698,"type":"move","frame":{"millis":35658,"tic":1248},"actor":{"position":{"x":-264896,"y":27548992,"z":0,"angle":2147483648,"subsector":4566993432},"type":"shotgun_soldier","health":30,"id":4567156424}}
{"counter":7699,"type":"move","frame":{"millis":35658,"tic":1248},"actor":{"position":{"x":12151208,"y":11976423,"z":0,"angle":0,"subsector":4566993032},"type":"spectre","health":125,"id":4567162232}}
{"counter":7700,"type":"move","frame":{"millis":35686,"tic":1249},"actor":{"position":{"x":11368547,"y":26493063,"z":3670016,"angle":3238002688,"subsector":4566993496},"type":"player","health":36,"armor":53,"id":4567120880}}
{"counter":7701,"type":"move","frame":{"millis":35686,"tic":1249},"actor":{"position":{"x":-2303744,"y":24821504,"z":0,"angle":2147483648,"subsector":4566993432},"type":"imp","health":60,"id":4567132928}}
{"counter":7702,"type":"move","frame":{"millis":35686,"tic":1249},"actor":{"position":{"x":248832,"y":78918656,"z":0,"angle":0,"subsector":4566996760},"type":"soldier","health":20,"id":4567139000}}
{"counter":7703,"type":"move","frame":{"millis":35686,"tic":1249},"actor":{"position":{"x":-4512000,"y":29021312,"z":0,"angle":2684354560,"subsector":4566993432},"type":"shotgun_soldier","health":30,"id":4567139792}}
{"counter":7704,"type":"move","frame":{"millis":35686,"tic":1249},"actor":{"position":{"x":56583504,"y":26897648,"z":0,"angle":1073741824,"subsector":4566994312},"type":"spectre","health":150,"id":4567166984}}
{"counter":7705,"type":"move","frame":{"millis":35686,"tic":1249},"actor":{"position":{"x":847040,"y":24583232,"z":0,"angle":2147483648,"subsector":4566993432},"type":"shotgun_soldier","health":30,"id":4567172528}}
{"counter":7706,"type":"move","frame":{"millis":35715,"tic":1250},"actor":{"position":{"x":11358662,"y":26532659,"z":3670016,"angle":3238002688,"subsector":4566993496},"type":"player","health":36,"armor":53,"id":4567120880}}
{"counter":7707,"type":"move","frame":{"millis":35715,"tic":1250},"actor":{"position":{"x":-10184128,"y":26437056,"z":0,"angle":2147483648,"subsector":4566993432},"type":"soldier","health":20,"id":4567137944}}
{"counter":7708,"type":"move","frame":{"millis":35715,"tic":1250},"actor":{"position":{"x":-28121024,"y":53196864,"z":0,"angle":3758096384,"subsector":4566993352},"type":"shotgun_soldier","health":30,"id":4567155368}}
{"counter":7709,"type":"move","frame":{"millis":35715,"tic":1250},"actor":{"position":{"x":11681208,"y":11506423,"z":0,"angle":0,"subsector":4566993032},"type":"spectre","health":125,"id":4567162232}}
{"counter":7710,"type":"move","frame":{"millis":35743,"tic":1251},"actor":{"position":{"x":11358662,"y":26532659,"z":3670016,"angle":3238002688,"subsector":4566993496},"type":"player","health":36,"armor":53,"id":4567120880}}
{"counter":7711,"type":"move","frame":{"millis":35743,"tic":1251},"actor":{"position":{"x":11350213,"y":26548068,"z":3670016,"angle":3238002688,"subsector":4566993496},"type":"player","health":36,"armor":53,"id":4567120880}}
{"counter":7712,"type":"move","frame":{"millis":35743,"tic":1251},"actor":{"position":{"x":11809792,"y":7525504,"z":0,"angle":2147483648,"subsector":4566993032},"type":"shotgun_soldier","health":30,"id":4567137680}}
{"counter":7713,"type":"move","frame":{"millis":35743,"tic":1251},"actor":{"position":{"x":-12943296,"y":28941888,"z":0,"angle":3758096384,"subsector":4566993432},"type":"soldier","health":20,"id":4567138208}}
{"counter":7714,"type":"move","frame":{"millis":35743,"tic":1251},"actor":{"position":{"x":-9860928,"y":80639808,"z":0,"angle":1610612736,"subsector":4566996760},"type":"shotgun_soldier","health":30,"id":4567155104}}
{"counter":7715,"type":"move","frame":{"millis":35743,"tic":1251},"actor":{"position":{"x":-20028992,"y":56157120,"z":0,"angle":2147483648,"subsector":4566993320},"type":"shotgun_soldier","health":30,"id":4567155632}}
{"counter":7716,"type":"move","frame":{"millis":35743,"tic":1251},"actor":{"position":{"x":-16268992,"y":54970816,"z":0,"angle":1073741824,"subsector":4566993320},"type":"shotgun_soldier","health":30,"id":4567155896}}
{"counter":7717,"type":"move","frame":{"millis":35743,"tic":1251},"actor":{"position":{"x":-7218368,"y":28894144,"z":0,"angle":3221225472,"subsector":4566993432},"type":"shotgun_soldier","health":30,"id":4567156160}}
{"counter":7718,"type":"move","frame":{"millis":35743,"tic":1251},"actor":{"position":{"x":-789184,"y":27548992,"z":0,"angle":2147483648,"subsector":4566993432},"type":"shotgun_soldier","health":30,"id":4567156424}}
{"counter":7719,"type":"move","frame":{"millis":35743,"tic":1251},"actor":{"position":{"x":57238864,"y":26897648,"z":0,"angle":1073741824,"subsector":4566994312},"type":"spectre","health":150,"id":4567166984}}
{"counter":7720,"type":"move","frame":{"millis":35772,"tic":1252},"actor":{"position":{"x":11350213,"y":26548068,"z":3670016,"angle":3238002688,"subsector":4566993496},"type":"player","health":36,"armor":53,"id":4567120880}}
{"counter":7721,"type":"move","frame":{"millis":35772,"tic":1252},"actor":{"position":{"x":11342913,"y":26547700,"z":3670016,"angle":3238002688,"subsector":4566993496},"type":"player","health":36,"armor":53,"id":4567120880}}
{"counter":7722,"type":"move","frame":{"millis":35772,"tic":1252},"actor":{"position":{"x":-1779456,"y":24821504,"z":0,"angle":1610612736,"subsector":4566993432},"type":"imp","health":60,"id":4567132928}}
{"counter":7723,"type":"move","frame":{"millis":35772,"tic":1252},"actor":{"position":{"x":-19324736,"y":52879168,"z":0,"angle":536870912,"subsector":4566993320},"type":"soldier","health":20,"id":4567138736}}
{"counter":7724,"type":"move","frame":{"millis":35772,"tic":1252},"actor":{"position":{"x":-5544960,"y":26007808,"z":0,"angle":1073741824,"subsector":4566993432},"type":"soldier","health":20,"id":4567139528}}
{"counter":7725,"type":"move","frame":{"millis":35772,"tic":1252},"actor":{"position":{"x":-4136000,"y":28645312,"z":0,"angle":3221225472,"subsector":4566993432},"type":"shotgun_soldier","health":30,"id":4567139792}}
{"counter":7726,"type":"move","frame":{"millis":35772,"tic":1252},"actor":{"position":{"x":11211208,"y":11036423,"z":0,"angle":3758096384,"subsector":4566993032},"type":"spectre","health":125,"id":4567162232}}
{"counter":7727,"type":"move","frame":{"millis":35772,"tic":1252},"actor":{"position":{"x":1371328,"y":24583232,"z":0,"angle":2684354560,"subsector":4566993432},"type":"shotgun_soldier","health":30,"id":4567172528}}
{"counter":7728,"type":"move","frame":{"millis":35800,"tic":1253},"actor":{"position":{"x":11342913,"y":26547700,"z":3670016,"angle":3238002688,"subsector":4566993496},"type":"player","health":36,"armor":53,"id":4567120880}}
{"counter":7729,"type":"move","frame":{"millis":35800,"tic":1253},"actor":{"position":{"x":11336705,"y":26530987,"z":3670016,"angle":3238002688,"subsector":4566993496},"type":"player","health":36,"armor":53,"id":4567120880}}
{"counter":7730,"type":"move","frame":{"millis":35800,"tic":1253},"actor":{"position":{"x":773120,"y":78918656,"z":0,"angle":0,"subsector":4566996760},"type":"soldier","health":20,"id":4567139000}}
{"counter":7731,"type":"move","frame":{"millis":35800,"tic":1253},"actor":{"position":{"x":-27745024,"y":52820864,"z":0,"angle":3758096384,"subsector":4566993352},"type":"shotgun_soldier","health":30,"id":4567155368}}
{"counter":7732,"type":"move","frame":{"millis":35800,"tic":1253},"actor":{"position":{"x":57894224,"y":26897648,"z":0,"angle":536870912,"subsector":4566994312},"type":"spectre","health":150,"id":4567166984}}
{"counter":7733,"type":"move","frame":{"millis":35829,"tic":1254},"actor":{"position":{"x":11336705,"y":26530987,"z":3670016,"angle":3238002688,"subsector":4566993496},"type":"player","health":36,"armor":53,"id":4567120880}}
{"counter":7734,"type":"move","frame":{"millis":35829,"tic":1254},"actor":{"position":{"x":11331385,"y":26503555,"z":3670016,"angle":3238002688,"subsector":4566993496},"type":"player","health":36,"armor":53,"id":4567120880}}
{"counter":7735,"type":"move","frame":{"millis":35829,"tic":1254},"actor":{"position":{"x":11809792,"y":7001216,"z":0,"angle":2684354560,"subsector":4566993032},"type":"shotgun_soldier","health":30,"id":4567137680}}
{"counter":7736,"type":"move","frame":{"millis":35830,"tic":1254},"actor":{"position":{"x":-9808128,"y":26061056,"z":0,"angle":2684354560,"subsector":4566993432},"type":"soldier","health":20,"id":4567137944}}
{"counter":7737,"type":"move","frame":{"millis":35830,"tic":1254},"actor":{"position":{"x":-10236928,"y":81015808,"z":0,"angle":1610612736,"subsector":4566996760},"type":"shotgun_soldier","health":30,"id":4567155104}}
{"counter":7738,"type":"move","frame":{"millis":35830,"tic":1254},"actor":{"position":{"x":-20553280,"y":56157120,"z":0,"angle":2147483648,"subsector":4566993320},"type":"shotgun_soldier","health":30,"id":4567155632}}
{"counter":7739,"type":"move","frame":{"millis":35830,"tic":1254},"actor":{"position":{"x":-16268992,"y":55495104,"z":0,"angle":1073741824,"subsector":4566993320},"type":"shotgun_soldier","health":30,"id":4567155896}}
{"counter":7740,"type":"move","frame":{"millis":35830,"tic":1254},"actor":{"position":{"x":-6842368,"y":29270144,"z":0,"angle":3758096384,"subsector":4566993432},"type":"shotgun_soldier","health":30,"id":4567156160}}
{"counter":7741,"type":"move","frame":{"millis":35830,"tic":1254},"actor":{"position":{"x":-1313472,"y":27548992,"z":0,"angle":2147483648,"subsector":4566993432},"type":"shotgun_soldier","health":30,"id":4567156424}}
{"counter":7742,"type":"move","frame":{"millis":35830,"tic":1254},"actor":{"position":{"x":10741208,"y":10566423,"z":0,"angle":3221225472,"subsector":4566993032},"type":"spectre","health":125,"id":4567162232}}
{"counter":7743,"type":"move","frame":{"millis":35858,"tic":1255},"actor":{"position":{"x":11331385,"y":26503555,"z":3670016,"angle":3238002688,"subsector":4566993496},"type":"player","health":36,"armor":53,"id":4567120880}}
{"counter":7744,"type":"move","frame":{"millis":35858,"tic":1255},"actor":{"position":{"x":11326869,"y":26466409,"z":3670016,"angle":3238002688,"subsector":4566993496},"type":"player","health":36,"armor":53,"id":4567120880}}
{"counter":7745,"type":"move","frame":{"millis":35858,"tic":1255},"actor":{"position":{"x":-1255168,"y":24821504,"z":0,"angle":1073741824,"subsector":4566993432},"type":"imp","health":60,"id":4567132928}}
{"counter":7746,"type":"move","frame":{"millis":35858,"tic":1255},"actor":{"position":{"x":-12567296,"y":28565888,"z":0,"angle":3758096384,"subsector":4566993432},"type":"soldier","health":20,"id":4567138208}}
{"counter":7747,"type":"move","frame":{"millis":35858,"tic":1255},"actor":{"position":{"x":-4136000,"y":29169600,"z":0,"angle":3758096384,"subsector":4566993432},"type":"shotgun_soldier","health":30,"id":4567139792}}
{"counter":7748,"type":"move","frame":{"millis":35858,"tic":1255},"actor":{"position":{"x":58549584,"y":26897648,"z":0,"angle":0,"subsector":4566994312},"type":"spectre","health":150,"id":4567166984}}
{"counter":7749,"type":"move","frame":{"millis":35858,"tic":1255},"actor":{"position":{"x":1895616,"y":24583232,"z":0,"angle":3221225472,"subsector":4566993432},"type":"shotgun_soldier","health":30,"id":4567172528}}
{"counter":7750,"type":"move","frame":{"millis":35886,"tic":1256},"actor":{"position":{"x":11326869,"y":26466409,"z":3670016,"angle":3238002688,"subsector":4566993496},"type":"player","health":36,"armor":53,"id":4567120880}}
{"counter":7751,"type":"move","frame":{"millis":35886,"tic":1256},"actor":{"position":{"x":11322929,"y":26426602,"z":3670016,"angle":3238002688,"subsector":4566993496},"type":"player","health":36,"armor":53,"id":4567120880}}
{"counter":7752,"type":"move","frame":{"millis":35887,"tic":1256},"actor":{"position":{"x":-18948736,"y":53255168,"z":0,"angle":0,"subsector":4566993320},"type":"soldier","health":20,"id":4567138736}}
{"counter":7753,"type":"move","frame":{"millis":35887,"tic":1256},"actor":{"position":{"x":-5544960,"y":26532096,"z":0,"angle":1073741824,"subsector":4566993432},"type":"soldier","health":20,"id":4567139528}}
{"counter":7754,"type":"move","frame":{"millis":35887,"tic":1256},"actor":{"position":{"x":-27369024,"y":52444864,"z":0,"angle":3758096384,"subsector":4566993352},"type":"shotgun_soldier","health":30,"id":4567155368}}
{"counter":7755,"type":"move","frame":{"millis":35887,"tic":1256},"actor":{"position":{"x":10741208,"y":11221783,"z":0,"angle":2684354560,"subsector":4566993032},"type":"spectre","health":125,"id":4567162232}}
{"counter":7756,"type":"move","frame":{"millis":35915,"tic":1257},"actor":{"position":{"x":11322929,"y":26426602,"z":3670016,"angle":3238002688,"subsector":4566993496},"type":"player","health":36,"armor":53,"id":4567120880}}
{"counter":7757,"type":"move","frame":{"millis":35915,"tic":1257},"actor":{"position":{"x":11319409,"y":26388478,"z":3670016,"angle":3238002688,"subsector":4566993496},"type":"player","health":36,"armor":53,"id":4567120880}}
{"counter":7758,"type":"move","frame":{"millis":35915,"tic":1257},"actor":{"position":{"x":11809792,"y":6476928,"z":0,"angle":3221225472,"subsector":4566993032},"type":"shotgun_soldier","health":30,"id":4567137680}}
{"counter":7759,"type":"move","frame":{"millis":35915,"tic":1257},"actor":{"position":{"x":1297408,"y":78918656,"z":0,"angle":0,"subsector":4566996760},"type":"soldier","health":20,"id":4567139000}}
{"counter":7760,"type":"move","frame":{"millis":35915,"tic":1257},"actor":{"position":{"x":-10612928,"y":81391808,"z":0,"angle":1610612736,"subsector":4566996760},"type":"shotgun_soldier","health":30,"id":4567155104}}
{"counter":7761,"type":"move","frame":{"millis":35915,"tic":1257},"actor":{"position":{"x":-21077568,"y":56157120,"z":0,"angle":2147483648,"subsector":4566993384},"type":"shotgun_soldier","health":30,"id":4567155632}}
{"counter":7762,"type":"move","frame":{"millis":35915,"tic":1257},"actor":{"position":{"x":-16268992,"y":56019392,"z":0,"angle":1073741824,"subsector":4566993320},"type":"shotgun_soldier","health":30,"id":4567155896}}
{"counter":7763,"type":"move","frame":{"millis":35915,"tic":1257},"actor":{"position":{"x":-6842368,"y":29794432,"z":0,"angle":0,"subsector":4566993432},"type":"shotgun_soldier","health":30,"id":4567156160}}
{"counter":7764,"type":"move","frame":{"millis":35915,"tic":1257},"actor":{"position":{"x":-1313472,"y":28073280,"z":0,"angle":2147483648,"subsector":4566993432},"type":"shotgun_soldier","health":30,"id":4567156424}}
{"counter":7765,"type":"move","frame":{"millis":35915,"tic":1257},"actor":{"position":{"x":59204944,"y":26897648,"z":0,"angle":0,"subsector":4566994312},"type":"spectre","health":150,"id":4567166984}}
{"counter":7766,"type":"move","frame":{"millis":35943,"tic":1258},"actor":{"position":{"x":11319409,"y":26388478,"z":3670016,"angle":3238002688,"subsector":4566993496},"type":"player","health":36,"armor":53,"id":4567120880}}
{"counter":7767,"type":"move","frame":{"millis":35943,"tic":1258},"actor":{"position":{"x":11316270,"y":26351880,"z":3670016,"angle":3238002688,"subsector":4566993496},"type":"player","health":36,"armor":53,"id":4567120880}}
{"counter":7768,"type":"move","frame":{"millis":35943,"tic":1258},"actor":{"position":{"x":-730880,"y":24821504,"z":0,"angle":536870912,"subsector":4566993432},"type":"imp","health":60,"id":4567132928}}
{"counter":7769,"type":"move","frame":{"millis":35943,"tic":1258},"actor":{"position":{"x":-9432128,"y":25685056,"z":0,"angle":3221225472,"subsector":4566993432},"type":"soldier","health":20,"id":4567137944}}
{"counter":7770,"type":"move","frame":{"millis":35943,"tic":1258},"actor":{"position":{"x":-4136000,"y":29693888,"z":0,"angle":0,"subsector":4566993432},"type":"shotgun_soldier","health":30,"id":4567139792}}
{"counter":7771,"type":"move","frame":{"millis":35943,"tic":1258},"actor":{"position":{"x":10741208,"y":11877143,"z":0,"angle":2147483648,"subsector":4566993032},"type":"spectre","health":125,"id":4567162232}}
{"counter":7772,"type":"move","frame":{"millis":35943,"tic":1258},"actor":{"position":{"x":2419904,"y":24583232,"z":0,"angle":3758096384,"subsector":4566993432},"type":"shotgun_soldier","health":30,"id":4567172528}}
{"counter":7773,"type":"move","frame":{"millis":35972,"tic":1259},"actor":{"position":{"x":11316270,"y":26351880,"z":3670016,"angle":3238002688,"subsector":4566993496},"type":"player","health":36,"armor":53,"id":4567120880}}
{"counter":7774,"type":"move","frame":{"millis":35972,"tic":1259},"actor":{"position":{"x":11313578,"y":26312570,"z":3670016,"angle":3238002688,"subsector":4566993496},"type":"player","health":36,"armor":53,"id":4567120880}}
{"counter":7775,"type":"move","frame":{"millis":35972,"tic":1259},"actor":{"position":{"x":-12191296,"y":28189888,"z":0,"angle":3758096384,"subsector":4566993432},"type":"soldier","health":20,"id":4567138208}}
{"counter":7776,"type":"move","frame":{"millis":35972,"tic":1259},"actor":{"position":{"x":-26844736,"y":52444864,"z":0,"angle":3758096384,"subsector":4566993384},"type":"shotgun_soldier","health":30,"id":4567155368}}
{"counter":7777,"type":"move","frame":{"millis":35972,"tic":1259},"actor":{"position":{"x":59860304,"y":26897648,"z":0,"angle":0,"subsector":4566994312},"type":"spectre","health":150,"id":4567166984}}
{"counter":7778,"type":"move","frame":{"millis":36000,"tic":1260},"actor":{"position":{"x":11313578,"y":26312570,"z":3670016,"angle":3238002688,"subsector":4566993496},"type":"player","health":36,"armor":53,"id":4567120880}}
{"counter":7779,"type":"move","frame":{"millis":36000,"tic":1260},"actor":{"position":{"x":11311189,"y":26274897,"z":3670016,"angle":3238002688,"subsector":4566993496},"type":"player","health":36,"armor":53,"id":4567120880}}
{"counter":7780,"type":"move","frame":{"millis":36000,"tic":1260},"actor":{"position":{"x":11809792,"y":5952640,"z":0,"angle":3221225472,"subsector":4566993032},"type":"shotgun_soldier","health":30,"id":4567137680}}
{"counter":7781,"type":"move","frame":{"millis":36000,"tic":1260},"actor":{"position":{"x":-18572736,"y":52879168,"z":0,"angle":536870912,"subsector":4566993320},"type":"soldier","health":20,"id":4567138736}}
{"counter":7782,"type":"move","frame":{"millis":36000,"tic":1260},"actor":{"position":{"x":-5544960,"y":27056384,"z":0,"angle":1073741824,"subsector":4566993432},"type":"soldier","health":20,"id":4567139528}}
{"counter":7783,"type":"move","frame":{"millis":36000,"tic":1260},"actor":{"position":{"x":-10988928,"y":81767808,"z":0,"angle":1610612736,"subsector":4566996760},"type":"shotgun_soldier","health":30,"id":4567155104}}
{"counter":7784,"type":"move","frame":{"millis":36000,"tic":1260},"actor":{"position":{"x":-21601856,"y":56157120,"z":0,"angle":2147483648,"subsector":4566993384},"type":"shotgun_soldier","health":30,"id":4567155632}}
{"counter":7785,"type":"move","frame":{"millis":36001,"tic":1260},"actor":{"position":{"x":-16644992,"y":55643392,"z":0,"angle":1073741824,"subsector":4566993320},"type":"shotgun_soldier","health":30,"id":4567155896}}
{"counter":7786,"type":"move","frame":{"millis":36001,"tic":1260},"actor":{"position":{"x":-7366656,"y":29794432,"z":0,"angle":536870912,"subsector":4566993432},"type":"shotgun_soldier","health":30,"id":4567156160}}
{"counter":7787,"type":"move","frame":{"millis":36001,"tic":1260},"actor":{"position":{"x":-1313472,"y":28597568,"z":0,"angle":1610612736,"subsector":4566993432},"type":"shotgun_soldier","health":30,"id":4567156424}}
{"counter":7788,"type":"move","frame":{"millis":36001,"tic":1260},"actor":{"position":{"x":10741208,"y":12532503,"z":0,"angle":1610612736,"subsector":4566993032},"type":"spectre","health":125,"id":4567162232}}
{"counter":7789,"type":"move","frame":{"millis":36030,"tic":1261},"actor":{"position":{"x":11311189,"y":26274897,"z":3670016,"angle":3238002688,"subsector":4566993496},"type":"player","health":36,"armor":53,"id":4567120880}}
{"counter":7790,"type":"move","frame":{"millis":36030,"tic":1261},"actor":{"position":{"x":11309074,"y":26238707,"z":3670016,"angle":3238002688,"subsector":4566993496},"type":"player","health":36,"armor":53,"id":4567120880}}
{"counter":7791,"type":"move","frame":{"millis":36030,"tic":1261},"actor":{"position":{"x":-206592,"y":24821504,"z":0,"angle":0,"subsector":4566993432},"type":"imp","health":60,"id":4567132928}}
{"counter":7792,"type":"move","frame":{"millis":36030,"tic":1261},"actor":{"position":{"x":1821696,"y":78918656,"z":0,"angle":0,"subsector":4566996760},"type":"soldier","health":20,"id":4567139000}}
{"counter":7793,"type":"move","frame":{"millis":36030,"tic":1261},"actor":{"position":{"x":-4660288,"y":29693888,"z":0,"angle":536870912,"subsector":4566993432},"type":"shotgun_soldier","health":30,"id":4567139792}}
{"counter":7794,"type":"move","frame":{"millis":36030,"tic":1261},"actor":{"position":{"x":59390304,"y":26427648,"z":0,"angle":0,"subsector":4566994312},"type":"spectre","health":150,"id":4567166984}}
{"counter":7795,"type":"move","frame":{"millis":36030,"tic":1261},"actor":{"position":{"x":2795904,"y":24959232,"z":0,"angle":0,"subsector":4566993432},"type":"shotgun_soldier","health":30,"id":4567172528}}
{"counter":7796,"type":"move","frame":{"millis":36058,"tic":1262},"actor":{"position":{"x":11309074,"y":26238707,"z":3670016,"angle":3238002688,"subsector":4566993496},"type":"player","health":36,"armor":53,"id":4567120880}}
{"counter":7797,"type":"move","frame":{"millis":36058,"tic":1262},"actor":{"position":{"x":11307208,"y":26203861,"z":3670016,"angle":3238002688,"subsector":4566993480},"type":"player","health":36,"armor":53,"id":4567120880}}
{"counter":7798,"type":"move","frame":{"millis":36058,"tic":1262},"actor":{"position":{"x":-9056128,"y":25309056,"z":0,"angle":3758096384,"subsector":4566993432},"type":"soldier","health":20,"id":4567137944}}
{"counter":7799,"type":"move","frame":{"millis":36058,"tic":1262},"actor":{"position":{"x":-26320448,"y":52444864,"z":0,"angle":0,"subsector":4566993384},"type":"shotgun_soldier","health":30,"id":4567155368}}
{"counter":7800,"type":"move","frame":{"millis":36058,"tic":1262},"actor":{"position":{"x":10741208,"y":13187863,"z":0,"angle":1073741824,"subsector":4566993032},"type":"spectre","health":125,"id":4567162232}}
{"counter":7801,"type":"move","frame":{"millis":36086,"tic":1263},"actor":{"position":{"x":11307208,"y":26203861,"z":3670016,"angle":3238002688,"subsector":4566993480},"type":"player","health":36,"armor":53,"id":4567120880}}
{"counter":7802,"type":"move","frame":{"millis":36086,"tic":1263},"actor":{"position":{"x":11305720,"y":26164091,"z":3670016,"angle":3238002688,"subsector":4566993480},"type":"player","health":36,"armor":53,"id":4567120880}}
{"counter":7803,"type":"move","frame":{"millis":36086,"tic":1263},"actor":{"position":{"x":11809792,"y":5428352,"z":0,"angle":3221225472,"subsector":4566993032},"type":"shotgun_soldier","health":30,"id":4567137680}}
{"counter":7804,"type":"move","frame":{"millis":36086,"tic":1263},"actor":{"position":{"x":-11815296,"y":27813888,"z":0,"angle":3758096384,"subsector":4566993432},"type":"soldier","health":20,"id":4567138208}}
{"counter":7805,"type":"move","frame":{"millis":36086,"tic":1263},"actor":{"position":{"x":-10988928,"y":81243520,"z":0,"angle":1610612736,"subsector":4566996760},"type":"shotgun_soldier","health":30,"id":4567155104}}
{"counter":7806,"type":"move","frame":{"millis":36086,"tic":1263},"actor":{"position":{"x":-22126144,"y":56157120,"z":0,"angle":2147483648,"subsector":4566993384},"type":"shotgun_soldier","health":30,"id":4567155632}}
{"counter":7807,"type":"move","frame":{"millis":36086,"tic":1263},"actor":{"position":{"x":-16120704,"y":55643392,"z":0,"angle":1610612736,"subsector":4566993320},"type":"shotgun_soldier","health":30,"id":4567155896}}
{"counter":7808,"type":"move","frame":{"millis":36086,"tic":1263},"actor":{"position":{"x":-7890944,"y":29794432,"z":0,"angle":1073741824,"subsector":4566993432},"type":"shotgun_soldier","health":30,"id":4567156160}}
{"counter":7809,"type":"move","frame":{"millis":36086,"tic":1263},"actor":{"position":{"x":-1313472,"y":29121856,"z":0,"angle":1073741824,"subsector":4566993432},"type":"shotgun_soldier","health":30,"id":4567156424}}
{"counter":7810,"type":"move","frame":{"millis":36086,"tic":1263},"actor":{"position":{"x":58920304,"y":25957648,"z":0,"angle":3758096384,"subsector":4566994312},"type":"spectre","health":150,"id":4567166984}}
{"counter":7811,"type":"move","frame":{"millis":36115,"tic":1264},"actor":{"position":{"x":11305720,"y":26164091,"z":3670016,"angle":3238002688,"subsector":4566993480},"type":"player","health":36,"armor":53,"id":4567120880}}
{"counter":7812,"type":"move","frame":{"millis":36115,"tic":1264},"actor":{"position":{"x":11305136,"y":26097338,"z":3670016,"angle":3238002688,"subsector":4566993480},"type":"player","health":36,"armor":53,"id":4567120880}}
{"counter":7813,"type":"move","frame":{"millis":36115,"tic":1264},"actor":{"position":{"x":169408,"y":25197504,"z":0,"angle":0,"subsector":4566993432},"type":"imp","health":60,"id":4567132928}}
{"counter":7814,"type":"move","frame":{"millis":36115,"tic":1264},"actor":{"position":{"x":-18048448,"y":52879168,"z":0,"angle":0,"subsector":4566993320},"type":"soldier","health":20,"id":4567138736}}
{"counter":7815,"type":"move","frame":{"millis":36115,"tic":1264},"actor":{"position":{"x":-5168960,"y":26680384,"z":0,"angle":1073741824,"subsector":4566993432},"type":"soldier","health":20,"id":4567139528}}
{"counter":7816,"type":"move","frame":{"millis":36115,"tic":1264},"actor":{"position":{"x":-5184576,"y":29693888,"z":0,"angle":1073741824,"subsector":4566993432},"type":"shotgun_soldier","health":30,"id":4567139792}}
{"counter":7817,"type":"move","frame":{"millis":36115,"tic":1264},"actor":{"position":{"x":10741208,"y":13843223,"z":0,"angle":1073741824,"subsector":4566993032},"type":"spectre","health":125,"id":4567162232}}
{"counter":7818,"type":"move","frame":{"millis":36115,"tic":1264},"actor":{"position":{"x":2795904,"y":25483520,"z":0,"angle":536870912,"subsector":4566993432},"type":"shotgun_soldier","health":30,"id":4567172528}}
{"counter":7819,"type":"move","frame":{"millis":36144,"tic":1265},"actor":{"position":{"x":11305136,"y":26097338,"z":3670016,"angle":3238002688,"subsector":4566993480},"type":"player","health":36,"armor":53,"id":4567120880}}
{"counter":7820,"type":"move","frame":{"millis":36144,"tic":1265},"actor":{"position":{"x":11304963,"y":26022511,"z":3670016,"angle":3238002688,"subsector":4566993480},"type":"player","health":36,"armor":53,"id":4567120880}}
{"counter":7821,"type":"move","frame":{"millis":36144,"tic":1265},"actor":{"position":{"x":2345984,"y":78918656,"z":0,"angle":0,"subsector":4566996760},"type":"soldier","health":20,"id":4567139000}}
{"counter":7822,"type":"move","frame":{"millis":36144,"tic":1265},"actor":{"position":{"x":-25796160,"y":52444864,"z":0,"angle":0,"subsector":4566993384},"type":"shotgun_soldier","health":30,"id":4567155368}}
{"counter":7823,"type":"move","frame":{"millis":36144,"tic":1265},"actor":{"position":{"x":58450304,"y":25487648,"z":0,"angle":3221225472,"subsector":4566994312},"type":"spectre","health":150,"id":4567166984}}
{"counter":7824,"type":"move","frame":{"millis":36173,"tic":1266},"actor":{"position":{"x":11304963,"y":26022511,"z":3670016,"angle":3238002688,"subsector":4566993480},"type":"player","health":36,"armor":53,"id":4567120880}}
{"counter":7825,"type":"move","frame":{"millis":36173,"tic":1266},"actor":{"position":{"x":11306387,"y":25891231,"z":3670016,"angle":3238002688,"subsector":4566993480},"type":"player","health":36,"armor":53,"id":4567120880}}
{"counter":7826,"type":"move","frame":{"millis":36173,"tic":1266},"actor":{"position":{"x":11809792,"y":4904064,"z":0,"angle":3221225472,"subsector":4566993032},"type":"shotgun_soldier","health":30,"id":4567137680}}
{"counter":7827,"type":"move","frame":{"millis":36173,"tic":1266},"actor":{"position":{"x":-8680128,"y":24933056,"z":0,"angle":3758096384,"subsector":4566993432},"type":"soldier","health":20,"id":4567137944}}
{"counter":7828,"type":"move","frame":{"millis":36173,"tic":1266},"actor":{"position":{"x":-10988928,"y":80719232,"z":0,"angle":2147483648,"subsector":4566996760},"type":"shotgun_soldier","health":30,"id":4567155104}}
{"counter":7829,"type":"move","frame":{"millis":36173,"tic":1266},"actor":{"position":{"x":-22650432,"y":56157120,"z":0,"angle":2147483648,"subsector":4566993384},"type":"shotgun_soldier","health":30,"id":4567155632}}
{"counter":7830,"type":"move","frame":{"millis":36173,"tic":1266},"actor":{"position":{"x":-16496704,"y":56019392,"z":0,"angle":1073741824,"subsector":4566993320},"type":"shotgun_soldier","health":30,"id":4567155896}}
{"counter":7831,"type":"move","frame":{"millis":36173,"tic":1266},"actor":{"position":{"x":-8415232,"y":29794432,"z":0,"angle":1610612736,"subsector":4566993432},"type":"shotgun_soldier","health":30,"id":4567156160}}
{"counter":7832,"type":"move","frame":{"millis":36173,"tic":1266},"actor":{"position":{"x":-1313472,"y":29646144,"z":0,"angle":1073741824,"subsector":4566993432},"type":"shotgun_soldier","health":30,"id":4567156424}}
{"counter":7833,"type":"move","frame":{"millis":36173,"tic":1266},"actor":{"position":{"x":10741208,"y":14498583,"z":0,"angle":1073741824,"subsector":4566993032},"type":"spectre","health":125,"id":4567162232}}
{"counter":7834,"type":"move","frame":{"millis":36200,"tic":1267},"actor":{"position":{"x":11306387,"y":25891231,"z":3670016,"angle":3238002688,"subsector":4566993480},"type":"player","health":36,"armor":53,"id":4567120880}}
{"counter":7835,"type":"move","frame":{"millis":36200,"tic":1267},"actor":{"position":{"x":11309310,"y":25706743,"z":3670016,"angle":3238002688,"subsector":4566993480},"type":"player","health":36,"armor":53,"id":4567120880}}
{"counter":7836,"type":"move","frame":{"millis":36200,"tic":1267},"actor":{"position":{"x":169408,"y":24673216,"z":0,"angle":536870912,"subsector":4566993432},"type":"imp","health":60,"id":4567132928}}
{"counter":7837,"type":"move","frame":{"millis":36200,"tic":1267},"actor":{"position":{"x":-11439296,"y":27437888,"z":0,"angle":3758096384,"subsector":4566993432},"type":"soldier","health":20,"id":4567138208}}
{"counter":7838,"type":"move","frame":{"millis":36200,"tic":1267},"actor":{"position":{"x":-5708864,"y":29693888,"z":0,"angle":1610612736,"subsector":4566993432},"type":"shotgun_soldier","health":30,"id":4567139792}}
{"counter":7839,"type":"move","frame":{"millis":36200,"tic":1267},"actor":{"position":{"x":57980304,"y":25017648,"z":0,"angle":2684354560,"subsector":4566994312},"type":"spectre","health":150,"id":4567166984}}
{"counter":7840,"type":"move","frame":{"millis":36200,"tic":1267},"actor":{"position":{"x":2795904,"y":26007808,"z":0,"angle":1073741824,"subsector":4566993432},"type":"shotgun_soldier","health":30,"id":4567172528}}
{"counter":7841,"type":"move","frame":{"millis":36229,"tic":1268},"actor":{"position":{"x":11309310,"y":25706743,"z":3670016,"angle":3238002688,"subsector":4566993480},"type":"player","health":36,"armor":53,"id":4567120880}}
{"counter":7842,"type":"move","frame":{"millis":36229,"tic":1268},"actor":{"position":{"x":11313846,"y":25463798,"z":3670016,"angle":3238002688,"subsector":4566993480},"type":"player","health":36,"armor":53,"id":4567120880}}
{"counter":7843,"type":"move","frame":{"millis":36229,"tic":1268},"actor":{"position":{"x":-17524160,"y":52879168,"z":0,"angle":0,"subsector":4566993320},"type":"soldier","health":20,"id":4567138736}}
{"counter":7844,"type":"move","frame":{"millis":36229,"tic":1268},"actor":{"position":{"x":-4792960,"y":26304384,"z":0,"angle":536870912,"subsector":4566993432},"type":"soldier","health":20,"id":4567139528}}
{"counter":7845,"type":"move","frame":{"millis":36229,"tic":1268},"actor":{"position":{"x":-25271872,"y":52444864,"z":0,"angle":0,"subsector":4566993384},"type":"shotgun_soldier","health":30,"id":4567155368}}
{"counter":7846,"type":"move","frame":{"millis":36229,"tic":1268},"actor":{"position":{"x":10741208,"y":15153943,"z":0,"angle":1073741824,"subsector":4566993032},"type":"spectre","health":125,"id":4567162232}}
{"counter":7847,"type":"move","frame":{"millis":36258,"tic":1269},"actor":{"position":{"x":11313846,"y":25463798,"z":3670016,"angle":3238002688,"subsector":4566993480},"type":"player","health":36,"armor":53,"id":4567120880}}
{"counter":7848,"type":"move","frame":{"millis":36258,"tic":1269},"actor":{"position":{"x":11320507,"y":25141261,"z":3670016,"angle":3238002688,"subsector":4566993480},"type":"player","health":36,"armor":53,"id":4567120880}}
{"counter":7849,"type":"move","frame":{"millis":36258,"tic":1269},"actor":{"position":{"x":11809792,"y":4379776,"z":0,"angle":3221225472,"subsector":4566993032},"type":"shotgun_soldier","health":30,"id":4567137680}}
{"counter":7850,"type":"move","frame":{"millis":36258,"tic":1269},"actor":{"position":{"x":2870272,"y":78918656,"z":0,"angle":0,"subsector":4566996760},"type":"soldier","health":20,"id":4567139000}}
{"counter":7851,"type":"move","frame":{"millis":36258,"tic":1269},"actor":{"position":{"x":-10988928,"y":80194944,"z":0,"angle":2684354560,"subsector":4566996760},"type":"shotgun_soldier","health":30,"id":4567155104}}
{"counter":7852,"type":"move","frame":{"millis":36258,"tic":1269},"actor":{"position":{"x":-23174720,"y":56157120,"z":0,"angle":2147483648,"subsector":4566993384},"type":"shotgun_soldier","health":30,"id":4567155632}}
{"counter":7853,"type":"move","frame":{"millis":36258,"tic":1269},"actor":{"position":{"x":-17020992,"y":56019392,"z":0,"angle":1610612736,"subsector":4566993320},"type":"shotgun_soldier","health":30,"id":4567155896}}
{"counter":7854,"type":"move","frame":{"millis":36258,"tic":1269},"actor":{"position":{"x":-8415232,"y":29270144,"z":0,"angle":2147483648,"subsector":4566993432},"type":"shotgun_soldier","health":30,"id":4567156160}}
{"counter":7855,"type":"move","frame":{"millis":36258,"tic":1269},"actor":{"position":{"x":-937472,"y":29270144,"z":0,"angle":1073741824,"subsector":4566993432},"type":"shotgun_soldier","health":30,"id":4567156424}}
{"counter":7856,"type":"move","frame":{"millis":36258,"tic":1269},"actor":{"position":{"x":57510304,"y":24547648,"z":0,"angle":2684354560,"subsector":4566994312},"type":"spectre","health":150,"id":4567166984}}
{"counter":7857,"type":"move","frame":{"millis":36286,"tic":1270},"actor":{"position":{"x":11327168,"y":24818724,"z":3670016,"angle":3238002688,"subsector":4566993480},"type":"player","health":36,"armor":53,"id":4567120880}}
{"counter":7858,"type":"move","frame":{"millis":36286,"tic":1270},"actor":{"position":{"x":-354880,"y":24673216,"z":0,"angle":0,"subsector":4566993432},"type":"imp","health":60,"id":4567132928}}
{"counter":7859,"type":"move","frame":{"millis":36286,"tic":1270},"actor":{"position":{"x":-8304128,"y":24557056,"z":0,"angle":3758096384,"subsector":4566993432},"type":"soldier","health":20,"id":4567137944}}
{"counter":7860,"type":"move","frame":{"millis":36286,"tic":1270},"actor":{"position":{"x":-5332864,"y":29317888,"z":0,"angle":2147483648,"subsector":4566993432},"type":"shotgun_soldier","health":30,"id":4567139792}}
{"counter":7861,"type":"move","frame":{"millis":36286,"tic":1270},"actor":{"position":{"x":10741208,"y":15809303,"z":524288,"angle":1073741824,"subsector":4566993032},"type":"spectre","health":125,"id":4567162232}}
{"counter":7862,"type":"move","frame":{"millis":36286,"tic":1270},"actor":{"position":{"x":2795904,"y":26532096,"z":0,"angle":1073741824,"subsector":4566993432},"type":"shotgun_soldier","health":30,"id":4567172528}}
{"counter":7863,"type":"move","frame":{"millis":36315,"tic":1271},"actor":{"position":{"x":11333829,"y":24496187,"z":3538944,"angle":3238002688,"subsector":4566993464},"type":"player","health":36,"armor":53,"id":4567120880}}
{"counter":7864,"type":"move","frame":{"millis":36315,"tic":1271},"actor":{"position":{"x":-11063296,"y":27061888,"z":0,"angle":3758096384,"subsector":4566993432},"type":"soldier","health":20,"id":4567138208}}
{"counter":7865,"type":"move","frame":{"millis":36315,"tic":1271},"actor":{"position":{"x":-24747584,"y":52444864,"z":0,"angle":0,"subsector":4566993384},"type":"shotgun_soldier","health":30,"id":4567155368}}
{"counter":7866,"type":"move","frame":{"millis":36315,"tic":1271},"actor":{"position":{"x":57040304,"y":24077648,"z":0,"angle":2684354560,"subsector":4566994312},"type":"spectre","health":150,"id":4567166984}}
{"counter":7867,"type":"move","frame":{"millis":36343,"tic":1272},"actor":{"position":{"x":11340490,"y":24173650,"z":3342336,"angle":3238002688,"subsector":4566993464},"type":"player","health":36,"armor":53,"id":4567120880}}
{"counter":7868,"type":"move","frame":{"millis":36343,"tic":1272},"actor":{"position":{"x":11809792,"y":3855488,"z":0,"angle":3221225472,"subsector":4566993032},"type":"shotgun_soldier","health":30,"id":4567137680}}
{"counter":7869,"type":"move","frame":{"millis":36343,"tic":1272},"actor":{"position":{"x":-16999872,"y":52879168,"z":0,"angle":0,"subsector":4566993320},"type":"soldier","health":20,"id":4567138736}}
{"counter":7870,"type":"move","frame":{"millis":36343,"tic":1272},"actor":{"position":{"x":-4416960,"y":25928384,"z":0,"angle":0,"subsector":4566993432},"type":"soldier","health":20,"id":4567139528}}
{"counter":7871,"type":"move","frame":{"millis":36343,"tic":1272},"actor":{"position":{"x":-10988928,"y":79670656,"z":0,"angle":3221225472,"subsector":4566996760},"type":"shotgun_soldier","health":30,"id":4567155104}}
{"counter":7872,"type":"move","frame":{"millis":36343,"tic":1272},"actor":{"position":{"x":-23699008,"y":56157120,"z":0,"angle":2147483648,"subsector":4566993384},"type":"shotgun_soldier","health":30,"id":4567155632}}
{"counter":7873,"type":"move","frame":{"millis":36343,"tic":1272},"actor":{"position":{"x":-17545280,"y":56019392,"z":0,"angle":2147483648,"subsector":4566993320},"type":"shotgun_soldier","health":30,"id":4567155896}}
{"counter":7874,"type":"move","frame":{"millis":36343,"tic":1272},"actor":{"position":{"x":-8415232,"y":28745856,"z":0,"angle":2684354560,"subsector":4566993432},"type":"shotgun_soldier","health":30,"id":4567156160}}
{"counter":7875,"type":"move","frame":{"millis":36343,"tic":1272},"actor":{"position":{"x":-561472,"y":28894144,"z":0,"angle":536870912,"subsector":4566993432},"type":"shotgun_soldier","health":30,"id":4567156424}}
{"counter":7876,"type":"move","frame":{"millis":36343,"tic":1272},"actor":{"position":{"x":10741208,"y":16464663,"z":524288,"angle":1073741824,"subsector":4566993032},"type":"spectre","health":125,"id":4567162232}}
{"counter":7877,"type":"move","frame":{"millis":36372,"tic":1273},"actor":{"position":{"x":11340490,"y":24173650,"z":3145728,"angle":3238002688,"subsector":4566993464},"type":"player","health":36,"armor":53,"id":4567120880}}
{"counter":7878,"type":"move","frame":{"millis":36372,"tic":1273},"actor":{"position":{"x":11346589,"y":23873633,"z":3145728,"angle":3238002688,"subsector":4566993464},"type":"player","health":36,"armor":53,"id":4567120880}}
{"counter":7879,"type":"move","frame":{"millis":36372,"tic":1273},"actor":{"position":{"x":-879168,"y":24673216,"z":0,"angle":536870912,"subsector":4566993432},"type":"imp","health":60,"id":4567132928}}
{"counter":7880,"type":"move","frame":{"millis":36372,"tic":1273},"actor":{"position":{"x":2870272,"y":79442944,"z":0,"angle":0,"subsector":4566996760},"type":"soldier","health":20,"id":4567139000}}
{"counter":7881,"type":"move","frame":{"millis":36372,"tic":1273},"actor":{"position":{"x":-4956864,"y":28941888,"z":0,"angle":2684354560,"subsector":4566993432},"type":"shotgun_soldier","health":30,"id":4567139792}}
{"counter":7882,"type":"move","frame":{"millis":36372,"tic":1273},"actor":{"position":{"x":56570304,"y":23607648,"z":0,"angle":2684354560,"subsector":4566994312},"type":"spectre","health":150,"id":4567166984}}
{"counter":7883,"type":"move","frame":{"millis":36372,"tic":1273},"actor":{"position":{"x":2795904,"y":27056384,"z":0,"angle":1073741824,"subsector":4566993432},"type":"shotgun_soldier","health":30,"id":4567172528}}
{"counter":7884,"type":"move","frame":{"millis":36400,"tic":1274},"actor":{"position":{"x":11346589,"y":23873633,"z":3145728,"angle":3238002688,"subsector":4566993464},"type":"player","health":36,"armor":53,"id":4567120880}}
{"counter":7885,"type":"move","frame":{"millis":36400,"tic":1274},"actor":{"position":{"x":11349921,"y":23689777,"z":3145728,"angle":3238002688,"subsector":4566993464},"type":"player","health":36,"armor":53,"id":4567120880}}
{"counter":7886,"type":"move","frame":{"millis":36400,"tic":1274},"actor":{"position":{"x":-7779840,"y":24557056,"z":0,"angle":3758096384,"subsector":4566993432},"type":"soldier","health":20,"id":4567137944}}
{"counter":7887,"type":"move","frame":{"millis":36400,"tic":1274},"actor":{"position":{"x":-24223296,"y":52444864,"z":0,"angle":0,"subsector":4566993384},"type":"shotgun_soldier","health":30,"id":4567155368}}
{"counter":7888,"type":"move","frame":{"millis":36400,"tic":1274},"actor":{"position":{"x":10741208,"y":17120023,"z":1048576,"angle":1073741824,"subsector":4566993096},"type":"spectre","health":125,"id":4567162232}}
{"counter":7889,"type":"move","frame":{"millis":36429,"tic":1275},"actor":{"position":{"x":11349921,"y":23689777,"z":3145728,"angle":3238002688,"subsector":4566993464},"type":"player","health":36,"armor":53,"id":4567120880}}
{"weapon_type":2,"counter":7890,"type":"attacked","frame":{"millis":36429,"tic":1275},"actor":{"position":{"x":11349921,"y":23689777,"z":3145728,"angle":3238002688,"subsector":4566993464},"type":"player","health":36,"armor":53,"id":4567120880}}
{"counter":7891,"type":"move","frame":{"millis":36429,"tic":1275},"actor":{"position":{"x":11352021,"y":23560009,"z":3145728,"angle":3238002688,"subsector":4566993464},"type":"player","health":36,"armor":53,"id":4567120880}}
{"counter":7892,"type":"move","frame":{"millis":36429,"tic":1275},"actor":{"position":{"x":11809792,"y":3331200,"z":0,"angle":3221225472,"subsector":4566993032},"type":"shotgun_soldier","health":30,"id":4567137680}}
{"counter":7893,"type":"move","frame":{"millis":36429,"tic":1275},"actor":{"position":{"x":-11063296,"y":26537600,"z":0,"angle":3758096384,"subsector":4566993432},"type":"soldier","health":20,"id":4567138208}}
{"counter":7894,"type":"move","frame":{"millis":36429,"tic":1275},"actor":{"position":{"x":-10988928,"y":79146368,"z":0,"angle":3221225472,"subsector":4566996760},"type":"shotgun_soldier","health":30,"id":4567155104}}
{"counter":7895,"type":"move","frame":{"millis":36429,"tic":1275},"actor":{"position":{"x":-24223296,"y":56157120,"z":0,"angle":2147483648,"subsector":4566993384},"type":"shotgun_soldier","health":30,"id":4567155632}}
{"counter":7896,"type":"move","frame":{"millis":36429,"tic":1275},"actor":{"position":{"x":-18069568,"y":56019392,"z":0,"angle":2147483648,"subsector":4566993320},"type":"shotgun_soldier","health":30,"id":4567155896}}
{"counter":7897,"type":"move","frame":{"millis":36429,"tic":1275},"actor":{"position":{"x":-8415232,"y":28221568,"z":0,"angle":3221225472,"subsector":4566993432},"type":"shotgun_soldier","health":30,"id":4567156160}}
{"counter":7898,"type":"move","frame":{"millis":36429,"tic":1275},"actor":{"position":{"x":-185472,"y":28518144,"z":0,"angle":0,"subsector":4566993432},"type":"shotgun_soldier","health":30,"id":4567156424}}
{"counter":7899,"type":"move","frame":{"millis":36429,"tic":1275},"actor":{"position":{"x":57225664,"y":23607648,"z":0,"angle":2684354560,"subsector":4566994312},"type":"spectre","health":150,"id":4567166984}}
{"counter":7900,"type":"move","frame":{"millis":36458,"tic":1276},"actor":{"position":{"x":11354121,"y":23430241,"z":3145728,"angle":3238002688,"subsector":4566993464},"type":"player","health":36,"armor":53,"id":4567120880}}
{"counter":7901,"type":"move","frame":{"millis":36458,"tic":1276},"actor":{"position":{"x":-1403456,"y":24673216,"z":0,"angle":1073741824,"subsector":4566993432},"type":"imp","health":60,"id":4567132928}}
{"counter":7902,"type":"move","frame":{"millis":36458,"tic":1276},"actor":{"position":{"x":-16475584,"y":52879168,"z":0,"angle":0,"subsector":4566993320},"type":"soldier","health":20,"id":4567138736}}
{"counter":7903,"type":"move","frame":{"millis":36458,"tic":1276},"actor":{"position":{"x":-4040960,"y":25552384,"z":0,"angle":3758096384,"subsector":4566993432},"type":"soldier","health":20,"id":4567139528}}
{"counter":7904,"type":"move","frame":{"millis":36458,"tic":1276},"actor":{"position":{"x":-4580864,"y":28565888,"z":0,"angle":3221225472,"subsector":4566993432},"type":"shotgun_soldier","health":30,"id":4567139792}}
{"counter":7905,"type":"move","frame":{"millis":36458,"tic":1276},"actor":{"position":{"x":10741208,"y":17775383,"z":1048576,"angle":1073741824,"subsector":4566993096},"type":"spectre","health":125,"id":4567162232}}
{"counter":7906,"type":"move","frame":{"millis":36458,"tic":1276},"actor":{"position":{"x":2795904,"y":27580672,"z":0,"angle":1073741824,"subsector":4566993432},"type":"shotgun_soldier","health":30,"id":4567172528}}
{"counter":7907,"type":"move","frame":{"millis":36486,"tic":1277},"actor":{"position":{"x":11356221,"y":23300473,"z":3014656,"angle":3238002688,"subsector":4566993464},"type":"player","health":36,"armor":53,"id":4567120880}}
{"counter":7908,"type":"move","frame":{"millis":36486,"tic":1277},"actor":{"position":{"x":2870272,"y":79967232,"z":0,"angle":536870912,"subsector":4566996760},"type":"soldier","health":20,"id":4567139000}}
{"counter":7909,"type":"move","frame":{"millis":36486,"tic":1277},"actor":{"position":{"x":-23699008,"y":52444864,"z":0,"angle":0,"subsector":4566993384},"type":"shotgun_soldier","health":30,"id":4567155368}}
{"counter":7910,"type":"move","frame":{"millis":36486,"tic":1277},"actor":{"position":{"x":57881024,"y":23607648,"z":0,"angle":3221225472,"subsector":4566994312},"type":"spectre","health":150,"id":4567166984}}
{"damage":5,"counter":7911,"type":"hit","frame":{"millis":36516,"tic":1278},"actor":{"position":{"x":11356221,"y":23300473,"z":2818048,"angle":3238002688,"subsector":4566993464},"type":"player","health":36,"armor":53,"id":4567120880},"target":{"position":{"x":10741208,"y":17775383,"z":1048576,"angle":1073741824,"subsector":4566993096},"type":"spectre","health":120,"id":4567162232}}
{"damage":15,"counter":7912,"type":"hit","frame":{"millis":36516,"tic":1278},"actor":{"position":{"x":11356221,"y":23300473,"z":2818048,"angle":3238002688,"subsector":4566993464},"type":"player","health":36,"armor":53,"id":4567120880},"target":{"position":{"x":10741208,"y":17775383,"z":1048576,"angle":1073741824,"subsector":4566993096},"type":"spectre","health":105,"id":4567162232}}
{"damage":5,"counter":7913,"type":"hit","frame":{"millis":36516,"tic":1278},"actor":{"position":{"x":11356221,"y":23300473,"z":2818048,"angle":3238002688,"subsector":4566993464},"type":"player","health":36,"armor":53,"id":4567120880},"target":{"position":{"x":10741208,"y":17775383,"z":1048576,"angle":1073741824,"subsector":4566993096},"type":"spectre","health":100,"id":4567162232}}
{"damage":15,"counter":7914,"type":"hit","frame":{"millis":36516,"tic":1278},"actor":{"position":{"x":11356221,"y":23300473,"z":2818048,"angle":3238002688,"subsector":4566993464},"type":"player","health":36,"armor":53,"id":4567120880},"target":{"position":{"x":10741208,"y":17775383,"z":1048576,"angle":1073741824,"subsector":4566993096},"type":"spectre","health":85,"id":4567162232}}
{"damage":10,"counter":7915,"type":"hit","frame":{"millis":36516,"tic":1278},"actor":{"position":{"x":11356221,"y":23300473,"z":2818048,"angle":3238002688,"subsector":4566993464},"type":"player","health":36,"armor":53,"id":4567120880},"target":{"position":{"x":10741208,"y":17775383,"z":1048576,"angle":1073741824,"subsector":4566993096},"type":"spectre","health":75,"id":4567162232}}
{"damage":15,"counter":7916,"type":"hit","frame":{"millis":36516,"tic":1278},"actor":{"position":{"x":11356221,"y":23300473,"z":2818048,"angle":3238002688,"subsector":4566993464},"type":"player","health":36,"armor":53,"id":4567120880},"target":{"position":{"x":10741208,"y":17775383,"z":1048576,"angle":1073741824,"subsector":4566993096},"type":"spectre","health":60,"id":4567162232}}
{"damage":10,"counter":7917,"type":"hit","frame":{"millis":36516,"tic":1278},"actor":{"position":{"x":11356221,"y":23300473,"z":2818048,"angle":3238002688,"subsector":4566993464},"type":"player","health":36,"armor":53,"id":4567120880},"target":{"position":{"x":10741208,"y":17775383,"z":1048576,"angle":1073741824,"subsector":4566993096},"type":"spectre","health":50,"id":4567162232}}
{"counter":7918,"type":"move","frame":{"millis":36516,"tic":1278},"actor":{"position":{"x":11358321,"y":23170705,"z":2818048,"angle":3238002688,"subsector":4566993464},"type":"player","health":36,"armor":53,"id":4567120880}}
{"counter":7919,"type":"move","frame":{"millis":36516,"tic":1278},"actor":{"position":{"x":11809792,"y":2806912,"z":0,"angle":3221225472,"subsector":4566993032},"type":"shotgun_soldier","health":30,"id":4567137680}}
{"counter":7920,"type":"move","frame":{"millis":36516,"tic":1278},"actor":{"position":{"x":-7255552,"y":24557056,"z":0,"angle":0,"subsector":4566993432},"type":"soldier","health":20,"id":4567137944}}
{"counter":7921,"type":"move","frame":{"millis":36516,"tic":1278},"actor":{"position":{"x":-10464640,"y":79146368,"z":0,"angle":3221225472,"subsector":4566996760},"type":"shotgun_soldier","health":30,"id":4567155104}}
{"counter":7922,"type":"move","frame":{"millis":36516,"tic":1278},"actor":{"position":{"x":-24747584,"y":56157120,"z":0,"angle":2147483648,"subsector":4566993384},"type":"shotgun_soldier","health":30,"id":4567155632}}
{"counter":7923,"type":"move","frame":{"millis":36516,"tic":1278},"actor":{"position":{"x":-18593856,"y":56019392,"z":0,"angle":2147483648,"subsector":4566993320},"type":"shotgun_soldier","health":30,"id":4567155896}}
{"counter":7924,"type":"move","frame":{"millis":36516,"tic":1278},"actor":{"position":{"x":-8415232,"y":27697280,"z":0,"angle":3221225472,"subsector":4566993432},"type":"shotgun_soldier","health":30,"id":4567156160}}
{"counter":7925,"type":"move","frame":{"millis":36516,"tic":1278},"actor":{"position":{"x":-185472,"y":27993856,"z":0,"angle":3758096384,"subsector":4566993432},"type":"shotgun_soldier","health":30,"id":4567156424}}
{"counter":7926,"type":"move","frame":{"millis":36516,"tic":1278},"actor":{"position":{"x":10724333,"y":17622713,"z":1048576,"angle":1073741824,"subsector":4566993096},"type":"spectre","health":50,"id":4567162232}}
{"counter":7927,"type":"move","frame":{"millis":36543,"tic":1279},"actor":{"position":{"x":11358321,"y":23170705,"z":2621440,"angle":3238002688,"subsector":4566993464},"type":"player","health":36,"armor":53,"id":4567120880}}
{"counter":7928,"type":"move","frame":{"millis":36543,"tic":1279},"actor":{"position":{"x":11359553,"y":23075741,"z":2621440,"angle":3238002688,"subsector":4566993464},"type":"player","health":36,"armor":53,"id":4567120880}}
{"counter":7929,"type":"move","frame":{"millis":36543,"tic":1279},"actor":{"position":{"x":-1403456,"y":24148928,"z":0,"angle":1610612736,"subsector":4566993432},"type":"imp","health":60,"id":4567132928}}
{"counter":7930,"type":"move","frame":{"millis":36543,"tic":1279},"actor":{"position":{"x":-11063296,"y":26013312,"z":0,"angle":3221225472,"subsector":4566993432},"type":"soldier","health":20,"id":4567138208}}
{"counter":7931,"type":"move","frame":{"millis":36543,"tic":1279},"actor":{"position":{"x":-4204864,"y":28189888,"z":0,"angle":3758096384,"subsector":4566993432},"type":"shotgun_soldier","health":30,"id":4567139792}}
{"counter":7932,"type":"move","frame":{"millis":36543,"tic":1279},"actor":{"position":{"x":10709040,"y":17484355,"z":1048576,"angle":1073741824,"subsector":4566993096},"type":"spectre","health":50,"id":4567162232}}
{"counter":7933,"type":"move","frame":{"millis":36543,"tic":1279},"actor":{"position":{"x":58536384,"y":23607648,"z":0,"angle":3758096384,"subsector":4566994312},"type":"spectre","health":150,"id":4567166984}}
{"counter":7934,"type":"move","frame":{"millis":36543,"tic":1279},"actor":{"position":{"x":2795904,"y":28104960,"z":0,"angle":1073741824,"subsector":4566993432},"type":"shotgun_soldier","health":30,"id":4567172528}}
{"counter":7935,"type":"move","frame":{"millis":36572,"tic":1280},"actor":{"position":{"x":11359553,"y":23075741,"z":2621440,"angle":3238002688,"subsector":4566993464},"type":"player","health":36,"armor":53,"id":4567120880}}
{"counter":7936,"type":"move","frame":{"millis":36572,"tic":1280},"actor":{"position":{"x":11360464,"y":22997868,"z":2621440,"angle":3238002688,"subsector":4566993144},"type":"player","health":36,"armor":53,"id":4567120880}}
{"counter":7937,"type":"move","frame":{"millis":36573,"tic":1280},"actor":{"position":{"x":-16099584,"y":53255168,"z":0,"angle":0,"subsector":4566993320},"type":"soldier","health":20,"id":4567138736}}
{"counter":7938,"type":"move","frame":{"millis":36573,"tic":1280},"actor":{"position":{"x":-4040960,"y":25028096,"z":0,"angle":3758096384,"subsector":4566993432},"type":"soldier","health":20,"id":4567139528}}
{"counter":7939,"type":"move","frame":{"millis":36573,"tic":1280},"actor":{"position":{"x":-23174720,"y":52444864,"z":0,"angle":0,"subsector":4566993384},"type":"shotgun_soldier","health":30,"id":4567155368}}
{"counter":7940,"type":"move","frame":{"millis":36573,"tic":1280},"actor":{"position":{"x":10695180,"y":17358968,"z":1048576,"angle":1073741824,"subsector":4566993096},"type":"spectre","health":50,"id":4567162232}}
{"counter":7941,"type":"move","frame":{"millis":36600,"tic":1281},"actor":{"position":{"x":11360464,"y":22997868,"z":2621440,"angle":3238002688,"subsector":4566993144},"type":"player","health":36,"armor":53,"id":4567120880}}
{"counter":7942,"type":"move","frame":{"millis":36600,"tic":1281},"actor":{"position":{"x":11361084,"y":22935484,"z":2621440,"angle":3238002688,"subsector":4566993144},"type":"player","health":36,"armor":53,"id":4567120880}}
{"counter":7943,"type":"move","frame":{"millis":36600,"tic":1281},"actor":{"position":{"x":11809792,"y":2282624,"z":0,"angle":3221225472,"subsector":4566993032},"type":"shotgun_soldier","health":30,"id":4567137680}}
{"counter":7944,"type":"move","frame":{"millis":36600,"tic":1281},"actor":{"position":{"x":2870272,"y":80491520,"z":0,"angle":1073741824,"subsector":4566996760},"type":"soldier","health":20,"id":4567139000}}
{"counter":7945,"type":"move","frame":{"millis":36600,"tic":1281},"actor":{"position":{"x":-9940352,"y":79146368,"z":0,"angle":3758096384,"subsector":4566996760},"type":"shotgun_soldier","health":30,"id":4567155104}}
{"counter":7946,"type":"move","frame":{"millis":36600,"tic":1281},"actor":{"position":{"x":-24371584,"y":55781120,"z":0,"angle":2147483648,"subsector":4566993384},"type":"shotgun_soldier","health":30,"id":4567155632}}
{"counter":7947,"type":"move","frame":{"millis":36600,"tic":1281},"actor":{"position":{"x":-19118144,"y":56019392,"z":0,"angle":2147483648,"subsector":4566993320},"type":"shotgun_soldier","health":30,"id":4567155896}}
{"counter":7948,"type":"move","frame":{"millis":36600,"tic":1281},"actor":{"position":{"x":-8039232,"y":27321280,"z":0,"angle":3221225472,"subsector":4566993432},"type":"shotgun_soldier","health":30,"id":4567156160}}
{"counter":7949,"type":"move","frame":{"millis":36600,"tic":1281},"actor":{"position":{"x":-185472,"y":27469568,"z":0,"angle":3221225472,"subsector":4566993432},"type":"shotgun_soldier","health":30,"id":4567156424}}
{"counter":7950,"type":"move","frame":{"millis":36600,"tic":1281},"actor":{"position":{"x":10682619,"y":17245336,"z":1048576,"angle":1073741824,"subsector":4566993096},"type":"spectre","health":50,"id":4567162232}}
{"counter":7951,"type":"move","frame":{"millis":36600,"tic":1281},"actor":{"position":{"x":10682619,"y":17900696,"z":1048576,"angle":1073741824,"subsector":4566993096},"type":"spectre","health":50,"id":4567162232}}
{"counter":7952,"type":"move","frame":{"millis":36600,"tic":1281},"actor":{"position":{"x":59191744,"y":23607648,"z":0,"angle":0,"subsector":4566994312},"type":"spectre","health":150,"id":4567166984}}
{"counter":7953,"type":"move","frame":{"millis":36629,"tic":1282},"actor":{"position":{"x":11361084,"y":22935484,"z":2621440,"angle":3238002688,"subsector":4566993144},"type":"player","health":36,"armor":53,"id":4567120880}}
{"counter":7954,"type":"move","frame":{"millis":36629,"tic":1282},"actor":{"position":{"x":11361440,"y":22887137,"z":2621440,"angle":3238002688,"subsector":4566993144},"type":"player","health":36,"armor":53,"id":4567120880}}
{"counter":7955,"type":"move","frame":{"millis":36629,"tic":1282},"actor":{"position":{"x":-1403456,"y":23624640,"z":0,"angle":2147483648,"subsector":4566993432},"type":"imp","health":60,"id":4567132928}}
{"counter":7956,"type":"move","frame":{"millis":36629,"tic":1282},"actor":{"position":{"x":-6731264,"y":24557056,"z":0,"angle":0,"subsector":4566993432},"type":"soldier","health":20,"id":4567137944}}
{"counter":7957,"type":"move","frame":{"millis":36629,"tic":1282},"actor":{"position":{"x":-3828864,"y":27813888,"z":0,"angle":3758096384,"subsector":4566993432},"type":"shotgun_soldier","health":30,"id":4567139792}}
{"counter":7958,"type":"move","frame":{"millis":36630,"tic":1282},"actor":{"position":{"x":10671235,"y":17797717,"z":1048576,"angle":1073741824,"subsector":4566993096},"type":"spectre","health":50,"id":4567162232}}
{"counter":7959,"type":"move","frame":{"millis":36630,"tic":1282},"actor":{"position":{"x":2795904,"y":28629248,"z":0,"angle":1073741824,"subsector":4566993432},"type":"shotgun_soldier","health":30,"id":4567172528}}
{"counter":7960,"type":"move","frame":{"millis":36658,"tic":1283},"actor":{"position":{"x":11361440,"y":22887137,"z":2621440,"angle":3238002688,"subsector":4566993144},"type":"player","health":36,"armor":53,"id":4567120880}}
{"counter":7961,"type":"move","frame":{"millis":36658,"tic":1283},"actor":{"position":{"x":11361710,"y":22845369,"z":2621440,"angle":3238002688,"subsector":4566993144},"type":"player","health":36,"armor":53,"id":4567120880}}
{"counter":7962,"type":"move","frame":{"millis":36658,"tic":1283},"actor":{"position":{"x":-11063296,"y":25489024,"z":0,"angle":3221225472,"subsector":4566993432},"type":"soldier","health":20,"id":4567138208}}
{"counter":7963,"type":"move","frame":{"millis":36658,"tic":1283},"actor":{"position":{"x":-23550720,"y":52068864,"z":0,"angle":0,"subsector":4566993384},"type":"shotgun_soldier","health":30,"id":4567155368}}
{"counter":7964,"type":"move","frame":{"millis":36658,"tic":1283},"actor":{"position":{"x":10660918,"y":17704392,"z":1048576,"angle":1073741824,"subsector":4566993096},"type":"spectre","health":50,"id":4567162232}}
{"counter":7965,"type":"move","frame":{"millis":36658,"tic":1283},"actor":{"position":{"x":11316278,"y":17704392,"z":1048576,"angle":1073741824,"subsector":4566993096},"type":"spectre","health":50,"id":4567162232}}
{"counter":7966,"type":"move","frame":{"millis":36658,"tic":1283},"actor":{"position":{"x":59847104,"y":23607648,"z":0,"angle":0,"subsector":4566994312},"type":"spectre","health":150,"id":4567166984}}
{"counter":7967,"type":"move","frame":{"millis":36686,"tic":1284},"actor":{"position":{"x":11361954,"y":22807516,"z":2621440,"angle":3238002688,"subsector":4566993144},"type":"player","health":36,"armor":53,"id":4567120880}}
{"counter":7968,"type":"move","frame":{"millis":36686,"tic":1284},"actor":{"position":{"x":11809792,"y":1758336,"z":0,"angle":3221225472,"subsector":4566993032},"type":"shotgun_soldier","health":30,"id":4567137680}}
{"counter":7969,"type":"move","frame":{"millis":36686,"tic":1284},"actor":{"position":{"x":-16099584,"y":52730880,"z":0,"angle":536870912,"subsector":4566993320},"type":"soldier","health":20,"id":4567138736}}
{"counter":7970,"type":"move","frame":{"millis":36686,"tic":1284},"actor":{"position":{"x":-4040960,"y":24503808,"z":0,"angle":3221225472,"subsector":4566993432},"type":"soldier","health":20,"id":4567139528}}
{"counter":7971,"type":"move","frame":{"millis":36686,"tic":1284},"actor":{"position":{"x":-9416064,"y":79146368,"z":0,"angle":0,"subsector":4566996760},"type":"shotgun_soldier","health":30,"id":4567155104}}
{"counter":7972,"type":"move","frame":{"millis":36686,"tic":1284},"actor":{"position":{"x":-23995584,"y":55405120,"z":0,"angle":2684354560,"subsector":4566993384},"type":"shotgun_soldier","health":30,"id":4567155632}}
{"counter":7973,"type":"move","frame":{"millis":36686,"tic":1284},"actor":{"position":{"x":-19642432,"y":56019392,"z":0,"angle":2147483648,"subsector":4566993320},"type":"shotgun_soldier","health":30,"id":4567155896}}
{"counter":7974,"type":"move","frame":{"millis":36686,"tic":1284},"actor":{"position":{"x":-7514944,"y":27321280,"z":0,"angle":3758096384,"subsector":4566993432},"type":"shotgun_soldier","health":30,"id":4567156160}}
{"counter":7975,"type":"move","frame":{"millis":36686,"tic":1284},"actor":{"position":{"x":-185472,"y":26945280,"z":0,"angle":3221225472,"subsector":4566993432},"type":"shotgun_soldier","health":30,"id":4567156424}}
{"counter":7976,"type":"move","frame":{"millis":36686,"tic":1284},"actor":{"position":{"x":11306928,"y":17619816,"z":1048576,"angle":1073741824,"subsector":4566993096},"type":"spectre","health":50,"id":4567162232}}
{"counter":7977,"type":"move","frame":{"millis":36715,"tic":1285},"actor":{"position":{"x":11361954,"y":22807516,"z":2621440,"angle":3238002688,"subsector":4566993144},"type":"player","health":36,"armor":53,"id":4567120880}}
{"counter":7978,"type":"move","frame":{"millis":36715,"tic":1285},"actor":{"position":{"x":11362072,"y":22777305,"z":2621440,"angle":3238002688,"subsector":4566993144},"type":"player","health":36,"armor":53,"id":4567120880}}
{"counter":7979,"type":"move","frame":{"millis":36715,"tic":1285},"actor":{"position":{"x":-1403456,"y":23100352,"z":0,"angle":2684354560,"subsector":4566993432},"type":"imp","health":60,"id":4567132928}}
{"counter":7980,"type":"move","frame":{"millis":36715,"tic":1285},"actor":{"position":{"x":2870272,"y":81015808,"z":0,"angle":1073741824,"subsector":4566996760},"type":"soldier","health":20,"id":4567139000}}
{"counter":7981,"type":"move","frame":{"millis":36715,"tic":1285},"actor":{"position":{"x":-3452864,"y":27437888,"z":0,"angle":3758096384,"subsector":4566993432},"type":"shotgun_soldier","health":30,"id":4567139792}}
{"counter":7982,"type":"move","frame":{"millis":36715,"tic":1285},"actor":{"position":{"x":11298454,"y":17543169,"z":1048576,"angle":1073741824,"subsector":4566993096},"type":"spectre","health":50,"id":4567162232}}
{"counter":7983,"type":"move","frame":{"millis":36715,"tic":1285},"actor":{"position":{"x":11953814,"y":17543169,"z":1048576,"angle":536870912,"subsector":4566993096},"type":"spectre","health":50,"id":4567162232}}
{"counter":7984,"type":"move","frame":{"millis":36715,"tic":1285},"actor":{"position":{"x":59377104,"y":23137648,"z":0,"angle":0,"subsector":4566994312},"type":"spectre","health":150,"id":4567166984}}
{"counter":7985,"type":"move","frame":{"millis":36715,"tic":1285},"actor":{"position":{"x":2795904,"y":29153536,"z":0,"angle":1073741824,"subsector":4566993432},"type":"shotgun_soldier","health":30,"id":4567172528}}
{"counter":7986,"type":"move","frame":{"millis":36743,"tic":1286},"actor":{"position":{"x":11362072,"y":22777305,"z":2621440,"angle":3238002688,"subsector":4566993144},"type":"player","health":36,"armor":53,"id":4567120880}}
{"counter":7987,"type":"move","frame":{"millis":36743,"tic":1286},"actor":{"position":{"x":11361667,"y":22770399,"z":2621440,"angle":3238002688,"subsector":4566993144},"type":"player","health":36,"armor":53,"id":4567120880}}
{"counter":7988,"type":"move","frame":{"millis":36743,"tic":1286},"actor":{"position":{"x":-6731264,"y":24032768,"z":0,"angle":0,"subsector":4566993432},"type":"soldier","health":20,"id":4567137944}}
{"counter":7989,"type":"move","frame":{"millis":36743,"tic":1286},"actor":{"position":{"x":-23926720,"y":51692864,"z":0,"angle":3758096384,"subsector":4566993384},"type":"shotgun_soldier","health":30,"id":4567155368}}
{"counter":7990,"type":"move","frame":{"millis":36743,"tic":1286},"actor":{"position":{"x":11946134,"y":17473707,"z":1048576,"angle":536870912,"subsector":4566993096},"type":"spectre","health":50,"id":4567162232}}
{"counter":7991,"type":"move","frame":{"millis":36772,"tic":1287},"actor":{"position":{"x":11361667,"y":22770399,"z":2621440,"angle":3238002688,"subsector":4566993144},"type":"player","health":36,"armor":53,"id":4567120880}}
{"counter":7992,"type":"move","frame":{"millis":36772,"tic":1287},"actor":{"position":{"x":11358747,"y":22866507,"z":2621440,"angle":3238002688,"subsector":4566993144},"type":"player","health":36,"armor":53,"id":4567120880}}
{"counter":7993,"type":"attacked","frame":{"millis":36772,"tic":1287},"actor":{"position":{"x":11809792,"y":1758336,"z":0,"angle":3221225472,"subsector":4566993032},"type":"shotgun_soldier","health":30,"id":4567137680},"target":{"position":{"x":11358747,"y":22866507,"z":2621440,"angle":3238002688,"subsector":4566993144},"type":"player","health":36,"armor":53,"id":4567120880}}
{"counter":7994,"type":"move","frame":{"millis":36772,"tic":1287},"actor":{"position":{"x":-11063296,"y":24964736,"z":0,"angle":3221225472,"subsector":4566993432},"type":"soldier","health":20,"id":4567138208}}
{"counter":7995,"type":"move","frame":{"millis":36772,"tic":1287},"actor":{"position":{"x":-8891776,"y":79146368,"z":0,"angle":0,"subsector":4566996760},"type":"shotgun_soldier","health":30,"id":4567155104}}
{"counter":7996,"type":"move","frame":{"millis":36772,"tic":1287},"actor":{"position":{"x":-23619584,"y":55029120,"z":0,"angle":3221225472,"subsector":4566993384},"type":"shotgun_soldier","health":30,"id":4567155632}}
{"counter":7997,"type":"move","frame":{"millis":36772,"tic":1287},"actor":{"position":{"x":-19266432,"y":55643392,"z":0,"angle":2147483648,"subsector":4566993320},"type":"shotgun_soldier","health":30,"id":4567155896}}
{"counter":7998,"type":"move","frame":{"millis":36772,"tic":1287},"actor":{"position":{"x":-6990656,"y":27321280,"z":0,"angle":0,"subsector":4566993432},"type":"shotgun_soldier","health":30,"id":4567156160}}
{"counter":7999,"type":"move","frame":{"millis":36772,"tic":1287},"actor":{"position":{"x":-185472,"y":26420992,"z":0,"angle":3221225472,"subsector":4566993432},"type":"shotgun_soldier","health":30,"id":4567156424}}
{"counter":8000,"type":"move","frame":{"millis":36772,"tic":1287},"actor":{"position":{"x":11939174,"y":17410757,"z":1048576,"angle":536870912,"subsector":4566993096},"type":"spectre","health":50,"id":4567162232}}
{"counter":8001,"type":"move","frame":{"millis":36772,"tic":1287},"actor":{"position":{"x":12594534,"y":17410757,"z":1048576,"angle":0,"subsector":4566993096},"type":"spectre","health":50,"id":4567162232}}
{"counter":8002,"type":"move","frame":{"millis":36772,"tic":1287},"actor":{"position":{"x":58907104,"y":22667648,"z":0,"angle":3758096384,"subsector":4566994312},"type":"spectre","health":150,"id":4567166984}}
{"counter":8003,"type":"move","frame":{"millis":36800,"tic":1288},"actor":{"position":{"x":11358747,"y":22866507,"z":2621440,"angle":3238002688,"subsector":4566993144},"type":"player","health":36,"armor":53,"id":4567120880}}
{"counter":8004,"type":"move","frame":{"millis":36801,"tic":1288},"actor":{"position":{"x":11354875,"y":23002740,"z":2621440,"angle":3238002688,"subsector":4566993144},"type":"player","health":36,"armor":53,"id":4567120880}}
{"counter":8005,"type":"move","frame":{"millis":36801,"tic":1288},"actor":{"position":{"x":-1403456,"y":22576064,"z":0,"angle":3221225472,"subsector":4566993240},"type":"imp","health":60,"id":4567132928}}
{"counter":8006,"type":"move","frame":{"millis":36801,"tic":1288},"actor":{"position":{"x":-16475584,"y":53106880,"z":0,"angle":0,"subsector":4566993320},"type":"soldier","health":20,"id":4567138736}}
{"counter":8007,"type":"move","frame":{"millis":36801,"tic":1288},"actor":{"position":{"x":-4040960,"y":23979520,"z":0,"angle":3221225472,"subsector":4566993432},"type":"soldier","health":20,"id":4567139528}}
{"counter":8008,"type":"move","frame":{"millis":36801,"tic":1288},"actor":{"position":{"x":-3076864,"y":27061888,"z":0,"angle":3758096384,"subsector":4566993432},"type":"shotgun_soldier","health":30,"id":4567139792}}
{"counter":8009,"type":"move","frame":{"millis":36801,"tic":1288},"actor":{"position":{"x":12588226,"y":17353708,"z":1048576,"angle":0,"subsector":4566993096},"type":"spectre","health":50,"id":4567162232}}
{"counter":8010,"type":"move","frame":{"millis":36801,"tic":1288},"actor":{"position":{"x":2795904,"y":29677824,"z":0,"angle":1073741824,"subsector":4566993432},"type":"shotgun_soldier","health":30,"id":4567172528}}
{"counter":8011,"type":"move","frame":{"millis":36829,"tic":1289},"actor":{"position":{"x":11354875,"y":23002740,"z":2621440,"angle":3238002688,"subsector":4566993144},"type":"player","health":36,"armor":53,"id":4567120880}}
{"counter":8012,"type":"move","frame":{"millis":36830,"tic":1289},"actor":{"position":{"x":11350447,"y":23163053,"z":2621440,"angle":3238002688,"subsector":4566993464},"type":"player","health":36,"armor":53,"id":4567120880}}
{"counter":8013,"type":"move","frame":{"millis":36830,"tic":1289},"actor":{"position":{"x":2870272,"y":81540096,"z":0,"angle":1073741824,"subsector":4566996760},"type":"soldier","health":20,"id":4567139000}}
{"counter":8014,"type":"move","frame":{"millis":36830,"tic":1289},"actor":{"position":{"x":-24451008,"y":51692864,"z":0,"angle":3221225472,"subsector":4566993384},"type":"shotgun_soldier","health":30,"id":4567155368}}
{"counter":8015,"type":"move","frame":{"millis":36830,"tic":1289},"actor":{"position":{"x":12582509,"y":17302007,"z":1048576,"angle":0,"subsector":4566993096},"type":"spectre","health":50,"id":4567162232}}
{"counter":8016,"type":"move","frame":{"millis":36830,"tic":1289},"actor":{"position":{"x":12112509,"y":17772007,"z":1048576,"angle":0,"subsector":4566993096},"type":"spectre","health":50,"id":4567162232}}
{"counter":8017,"type":"move","frame":{"millis":36830,"tic":1289},"actor":{"position":{"x":58437104,"y":22197648,"z":0,"angle":3221225472,"subsector":4566994312},"type":"spectre","health":150,"id":4567166984}}
{"counter":8018,"type":"move","frame":{"millis":36858,"tic":1290},"actor":{"position":{"x":11350447,"y":23163053,"z":2621440,"angle":3238002688,"subsector":4566993464},"type":"player","health":36,"armor":53,"id":4567120880}}
{"counter":8019,"type":"move","frame":{"millis":36858,"tic":1290},"actor":{"position":{"x":11345056,"y":23363614,"z":2621440,"angle":3238002688,"subsector":4566993464},"type":"player","health":36,"armor":53,"id":4567120880}}
{"counter":8020,"type":"move","frame":{"millis":36858,"tic":1290},"actor":{"position":{"x":-6731264,"y":23508480,"z":0,"angle":3758096384,"subsector":4566993432},"type":"soldier","health":20,"id":4567137944}}
{"counter":8021,"type":"move","frame":{"millis":36858,"tic":1290},"actor":{"position":{"x":-8367488,"y":79146368,"z":0,"angle":0,"subsector":4566996760},"type":"shotgun_soldier","health":30,"id":4567155104}}
{"counter":8022,"type":"move","frame":{"millis":36858,"tic":1290},"actor":{"position":{"x":-23243584,"y":54653120,"z":0,"angle":3758096384,"subsector":4566993384},"type":"shotgun_soldier","health":30,"id":4567155632}}
{"counter":8023,"type":"move","frame":{"millis":36858,"tic":1290},"actor":{"position":{"x":-19266432,"y":55119104,"z":0,"angle":2684354560,"subsector":4566993320},"type":"shotgun_soldier","health":30,"id":4567155896}}
{"counter":8024,"type":"move","frame":{"millis":36858,"tic":1290},"actor":{"position":{"x":-6614656,"y":26945280,"z":0,"angle":0,"subsector":4566993432},"type":"shotgun_soldier","health":30,"id":4567156160}}
{"counter":8025,"type":"move","frame":{"millis":36858,"tic":1290},"actor":{"position":{"x":-185472,"y":25896704,"z":0,"angle":3221225472,"subsector":4566993432},"type":"shotgun_soldier","health":30,"id":4567156424}}
{"counter":8026,"type":"move","frame":{"millis":36858,"tic":1290},"actor":{"position":{"x":12107327,"y":17725152,"z":1048576,"angle":0,"subsector":4566993096},"type":"spectre","health":50,"id":4567162232}}
{"counter":8027,"type":"move","frame":{"millis":36886,"tic":1291},"actor":{"position":{"x":11345056,"y":23363614,"z":2621440,"angle":3238002688,"subsector":4566993464},"type":"player","health":36,"armor":53,"id":4567120880}}
{"counter":8028,"type":"move","frame":{"millis":36886,"tic":1291},"actor":{"position":{"x":11339557,"y":23569940,"z":2621440,"angle":3238002688,"subsector":4566993464},"type":"player","health":36,"armor":53,"id":4567120880}}
{"counter":8029,"type":"move","frame":{"millis":36886,"tic":1291},"actor":{"position":{"x":-1403456,"y":22051776,"z":0,"angle":3221225472,"subsector":4566993240},"type":"imp","health":60,"id":4567132928}}
{"counter":8030,"type":"move","frame":{"millis":36886,"tic":1291},"actor":{"position":{"x":-11063296,"y":24440448,"z":0,"angle":3221225472,"subsector":4566993432},"type":"soldier","health":20,"id":4567138208}}
{"counter":8031,"type":"move","frame":{"millis":36886,"tic":1291},"actor":{"position":{"x":-3452864,"y":26685888,"z":0,"angle":3758096384,"subsector":4566993432},"type":"shotgun_soldier","health":30,"id":4567139792}}
{"counter":8032,"type":"move","frame":{"millis":36886,"tic":1291},"actor":{"position":{"x":12102630,"y":17682689,"z":1048576,"angle":0,"subsector":4566993096},"type":"spectre","health":50,"id":4567162232}}
{"counter":8033,"type":"move","frame":{"millis":36886,"tic":1291},"actor":{"position":{"x":11447270,"y":17682689,"z":1048576,"angle":536870912,"subsector":4566993096},"type":"spectre","health":50,"id":4567162232}}
{"counter":8034,"type":"move","frame":{"millis":36886,"tic":1291},"actor":{"position":{"x":57967104,"y":21727648,"z":0,"angle":2684354560,"subsector":4566994312},"type":"spectre","health":150,"id":4567166984}}
{"counter":8035,"type":"move","frame":{"millis":36886,"tic":1291},"actor":{"position":{"x":2419904,"y":29301824,"z":0,"angle":1073741824,"subsector":4566993432},"type":"shotgun_soldier","health":30,"id":4567172528}}
{"counter":8036,"type":"move","frame":{"millis":36915,"tic":1292},"actor":{"position":{"x":11339557,"y":23569940,"z":2621440,"angle":3238002688,"subsector":4566993464},"type":"player","health":36,"armor":53,"id":4567120880}}
{"counter":8037,"type":"move","frame":{"millis":36915,"tic":1292},"actor":{"position":{"x":11333960,"y":23781490,"z":2621440,"angle":3238002688,"subsector":4566993464},"type":"player","health":36,"armor":53,"id":4567120880}}
{"counter":8038,"type":"move","frame":{"millis":36915,"tic":1292},"actor":{"position":{"x":-16475584,"y":53631168,"z":0,"angle":536870912,"subsector":4566993320},"type":"soldier","health":20,"id":4567138736}}
{"counter":8039,"type":"move","frame":{"millis":36915,"tic":1292},"actor":{"position":{"x":-4040960,"y":23455232,"z":0,"angle":3221225472,"subsector":4566993432},"type":"soldier","health":20,"id":4567139528}}
{"counter":8040,"type":"move","frame":{"millis":36915,"tic":1292},"actor":{"position":{"x":-24975296,"y":51692864,"z":0,"angle":2684354560,"subsector":4566993384},"type":"shotgun_soldier","health":30,"id":4567155368}}
{"counter":8041,"type":"move","frame":{"millis":36915,"tic":1292},"actor":{"position":{"x":11443013,"y":17644206,"z":1048576,"angle":536870912,"subsector":4566993096},"type":"spectre","health":50,"id":4567162232}}
{"counter":8042,"type":"move","frame":{"millis":36943,"tic":1293},"actor":{"position":{"x":11333960,"y":23781490,"z":3145728,"angle":3238002688,"subsector":4566993464},"type":"player","health":36,"armor":53,"id":4567120880}}
{"counter":8043,"type":"move","frame":{"millis":36943,"tic":1293},"actor":{"position":{"x":11328682,"y":23981396,"z":3145728,"angle":3238002688,"subsector":4566993464},"type":"player","health":36,"armor":53,"id":4567120880}}
{"counter":8044,"type":"move","frame":{"millis":36943,"tic":1293},"actor":{"position":{"x":2870272,"y":82064384,"z":0,"angle":1073741824,"subsector":4566996760},"type":"soldier","health":20,"id":4567139000}}
{"counter":8045,"type":"move","frame":{"millis":36943,"tic":1293},"actor":{"position":{"x":-8367488,"y":79670656,"z":0,"angle":0,"subsector":4566996760},"type":"shotgun_soldier","health":30,"id":4567155104}}
{"counter":8046,"type":"move","frame":{"millis":36943,"tic":1293},"actor":{"position":{"x":-22719296,"y":54653120,"z":0,"angle":3758096384,"subsector":4566993384},"type":"shotgun_soldier","health":30,"id":4567155632}}
{"counter":8047,"type":"move","frame":{"millis":36943,"tic":1293},"actor":{"position":{"x":-19266432,"y":54594816,"z":0,"angle":3221225472,"subsector":4566993320},"type":"shotgun_soldier","health":30,"id":4567155896}}
{"counter":8048,"type":"move","frame":{"millis":36943,"tic":1293},"actor":{"position":{"x":-6238656,"y":26569280,"z":0,"angle":3758096384,"subsector":4566993432},"type":"shotgun_soldier","health":30,"id":4567156160}}
{"counter":8049,"type":"move","frame":{"millis":36943,"tic":1293},"actor":{"position":{"x":-185472,"y":25372416,"z":0,"angle":3221225472,"subsector":4566993432},"type":"shotgun_soldier","health":30,"id":4567156424}}
{"counter":8050,"type":"move","frame":{"millis":36943,"tic":1293},"actor":{"position":{"x":11439155,"y":17609330,"z":1048576,"angle":536870912,"subsector":4566993096},"type":"spectre","health":50,"id":4567162232}}
{"counter":8051,"type":"move","frame":{"millis":36943,"tic":1293},"actor":{"position":{"x":10783795,"y":17609330,"z":1048576,"angle":1073741824,"subsector":4566993096},"type":"spectre","health":50,"id":4567162232}}
{"counter":8052,"type":"move","frame":{"millis":36943,"tic":1293},"actor":{"position":{"x":57497104,"y":21257648,"z":0,"angle":2684354560,"subsector":4566994312},"type":"spectre","health":150,"id":4567166984}}
{"counter":8053,"type":"move","frame":{"millis":36972,"tic":1294},"actor":{"position":{"x":11328682,"y":23981396,"z":3145728,"angle":3238002688,"subsector":4566993464},"type":"player","health":36,"armor":53,"id":4567120880}}
{"counter":8054,"type":"move","frame":{"millis":36972,"tic":1294},"actor":{"position":{"x":11323693,"y":24170749,"z":3145728,"angle":3238002688,"subsector":4566993464},"type":"player","health":36,"armor":53,"id":4567120880}}
{"counter":8055,"type":"enter_subsector","frame":{"millis":36972,"tic":1294},"actor":{"position":{"x":-1403456,"y":21527488,"z":0,"angle":3221225472,"subsector":4566993256},"type":"imp","health":60,"id":4567132928}}
{"counter":8056,"type":"move","frame":{"millis":36972,"tic":1294},"actor":{"position":{"x":-1403456,"y":21527488,"z":0,"angle":3221225472,"subsector":4566993256},"type":"imp","health":60,"id":4567132928}}
{"counter":8057,"type":"move","frame":{"millis":36973,"tic":1294},"actor":{"position":{"x":-6731264,"y":22984192,"z":0,"angle":3221225472,"subsector":4566993240},"type":"soldier","health":20,"id":4567137944}}
{"counter":8058,"type":"move","frame":{"millis":36973,"tic":1294},"actor":{"position":{"x":-3076864,"y":26309888,"z":0,"angle":3221225472,"subsector":4566993432},"type":"shotgun_soldier","health":30,"id":4567139792}}
{"counter":8059,"type":"move","frame":{"millis":36973,"tic":1294},"actor":{"position":{"x":10780298,"y":17577723,"z":1048576,"angle":1073741824,"subsector":4566993096},"type":"spectre","health":50,"id":4567162232}}
{"counter":8060,"type":"move","frame":{"millis":36973,"tic":1294},"actor":{"position":{"x":2043904,"y":28925824,"z":0,"angle":1610612736,"subsector":4566993432},"type":"shotgun_soldier","health":30,"id":4567172528}}
{"counter":8061,"type":"move","frame":{"millis":37000,"tic":1295},"actor":{"position":{"x":11319171,"y":24342350,"z":3145728,"angle":3238002688,"subsector":4566993464},"type":"player","health":36,"armor":53,"id":4567120880}}
{"counter":8062,"type":"move","frame":{"millis":37000,"tic":1295},"actor":{"position":{"x":-10539008,"y":24440448,"z":0,"angle":3221225472,"subsector":4566993432},"type":"soldier","health":20,"id":4567138208}}
{"counter":8063,"type":"move","frame":{"millis":37000,"tic":1295},"actor":{"position":{"x":-24599296,"y":51316864,"z":0,"angle":2147483648,"subsector":4566993384},"type":"shotgun_soldier","health":30,"id":4567155368}}
{"counter":8064,"type":"move","frame":{"millis":37000,"tic":1295},"actor":{"position":{"x":10777128,"y":17549079,"z":1048576,"angle":1073741824,"subsector":4566993096},"type":"spectre","health":50,"id":4567162232}}
{"counter":8065,"type":"move","frame":{"millis":37000,"tic":1295},"actor":{"position":{"x":10121768,"y":17549079,"z":1048576,"angle":1610612736,"subsector":4566993096},"type":"spectre","health":50,"id":4567162232}}
{"counter":8066,"type":"move","frame":{"millis":37000,"tic":1295},"actor":{"position":{"x":57027104,"y":20787648,"z":0,"angle":2684354560,"subsector":4566994312},"type":"spectre","health":150,"id":4567166984}}
{"counter":8067,"type":"move","frame":{"millis":37029,"tic":1296},"actor":{"position":{"x":11315072,"y":24497863,"z":3145728,"angle":3238002688,"subsector":4566993464},"type":"player","health":36,"armor":53,"id":4567120880}}
{"counter":8068,"type":"move","frame":{"millis":37029,"tic":1296},"actor":{"position":{"x":-16475584,"y":54155456,"z":0,"angle":1073741824,"subsector":4566993320},"type":"soldier","health":20,"id":4567138736}}
{"counter":8069,"type":"move","frame":{"millis":37029,"tic":1296},"actor":{"position":{"x":-4040960,"y":22930944,"z":0,"angle":3221225472,"subsector":4566993240},"type":"soldier","health":20,"id":4567139528}}
{"counter":8070,"type":"move","frame":{"millis":37029,"tic":1296},"actor":{"position":{"x":-8367488,"y":80194944,"z":0,"angle":536870912,"subsector":4566996760},"type":"shotgun_soldier","health":30,"id":4567155104}}
{"counter":8071,"type":"move","frame":{"millis":37029,"tic":1296},"actor":{"position":{"x":-22195008,"y":54653120,"z":0,"angle":0,"subsector":4566993384},"type":"shotgun_soldier","health":30,"id":4567155632}}
{"counter":8072,"type":"move","frame":{"millis":37029,"tic":1296},"actor":{"position":{"x":-19266432,"y":54070528,"z":0,"angle":3221225472,"subsector":4566993320},"type":"shotgun_soldier","health":30,"id":4567155896}}
{"counter":8073,"type":"move","frame":{"millis":37029,"tic":1296},"actor":{"position":{"x":-5862656,"y":26193280,"z":0,"angle":3758096384,"subsector":4566993432},"type":"shotgun_soldier","health":30,"id":4567156160}}
{"counter":8074,"type":"move","frame":{"millis":37029,"tic":1296},"actor":{"position":{"x":-185472,"y":24848128,"z":0,"angle":3221225472,"subsector":4566993432},"type":"shotgun_soldier","health":30,"id":4567156424}}
{"counter":8075,"type":"move","frame":{"millis":37029,"tic":1296},"actor":{"position":{"x":10118895,"y":17523120,"z":1048576,"angle":1610612736,"subsector":4566993096},"type":"spectre","health":50,"id":4567162232}}
{"counter":8076,"type":"move","frame":{"millis":37059,"tic":1297},"actor":{"position":{"x":11315072,"y":24497863,"z":3145728,"angle":3238002688,"subsector":4566993464},"type":"player","health":36,"armor":53,"id":4567120880}}
{"counter":8077,"type":"move","frame":{"millis":37059,"tic":1297},"actor":{"position":{"x":11311459,"y":24634701,"z":3145728,"angle":3238002688,"subsector":4566993464},"type":"player","health":36,"armor":53,"id":4567120880}}
{"counter":8078,"type":"move","frame":{"millis":37059,"tic":1297},"actor":{"position":{"x":-1403456,"y":21003200,"z":0,"angle":3221225472,"subsector":4566993256},"type":"imp","health":60,"id":4567132928}}
{"damage":9,"counter":8079,"type":"hit","frame":{"millis":37059,"tic":1297},"actor":{"position":{"x":11809792,"y":1758336,"z":0,"angle":1088425538,"subsector":4566993032},"type":"shotgun_soldier","health":30,"id":4567137680},"target":{"position":{"x":10118895,"y":17523120,"z":1048576,"angle":1610612736,"subsector":4566993096},"type":"spectre","health":41,"id":4567162232}}
{"damage":12,"counter":8080,"type":"hit","frame":{"millis":37059,"tic":1297},"actor":{"position":{"x":11809792,"y":1758336,"z":0,"angle":1088425538,"subsector":4566993032},"type":"shotgun_soldier","health":30,"id":4567137680},"target":{"position":{"x":10118895,"y":17523120,"z":1048576,"angle":1610612736,"subsector":4566993096},"type":"spectre","health":29,"id":4567162232}}
{"counter":8081,"type":"move","frame":{"millis":37059,"tic":1297},"actor":{"position":{"x":2870272,"y":82588672,"z":0,"angle":1073741824,"subsector":4566996760},"type":"soldier","health":20,"id":4567139000}}
{"counter":8082,"type":"move","frame":{"millis":37059,"tic":1297},"actor":{"position":{"x":-3076864,"y":25785600,"z":0,"angle":3758096384,"subsector":4566993432},"type":"shotgun_soldier","health":30,"id":4567139792}}
{"counter":8083,"type":"move","frame":{"millis":37059,"tic":1297},"actor":{"position":{"x":10111730,"y":17542358,"z":1048576,"angle":1610612736,"subsector":4566993096},"type":"spectre","health":29,"id":4567162232}}
{"counter":8084,"type":"move","frame":{"millis":37059,"tic":1297},"actor":{"position":{"x":56557104,"y":20317648,"z":0,"angle":2684354560,"subsector":4566994312},"type":"spectre","health":150,"id":4567166984}}
{"counter":8085,"type":"move","frame":{"millis":37059,"tic":1297},"actor":{"position":{"x":1667904,"y":28549824,"z":0,"angle":2147483648,"subsector":4566993432},"type":"shotgun_soldier","health":30,"id":4567172528}}
{"counter":8086,"type":"move","frame":{"millis":37086,"tic":1298},"actor":{"position":{"x":11311459,"y":24634701,"z":3145728,"angle":3238002688,"subsector":4566993464},"type":"player","health":36,"armor":53,"id":4567120880}}
{"counter":8087,"type":"move","frame":{"millis":37086,"tic":1298},"actor":{"position":{"x":11308490,"y":24746425,"z":3145728,"angle":3238002688,"subsector":4566993480},"type":"player","health":36,"armor":53,"id":4567120880}}
{"counter":8088,"type":"move","frame":{"millis":37086,"tic":1298},"actor":{"position":{"x":-6731264,"y":22459904,"z":0,"angle":3221225472,"subsector":4566993240},"type":"soldier","health":20,"id":4567137944}}
{"counter":8089,"type":"move","frame":{"millis":37086,"tic":1298},"actor":{"position":{"x":-24975296,"y":50940864,"z":0,"angle":2684354560,"subsector":4566993384},"type":"shotgun_soldier","health":30,"id":4567155368}}
{"counter":8090,"type":"move","frame":{"millis":37086,"tic":1298},"actor":{"position":{"x":10105236,"y":17559792,"z":1048576,"angle":1610612736,"subsector":4566993096},"type":"spectre","health":29,"id":4567162232}}
{"counter":8091,"type":"move","frame":{"millis":37116,"tic":1299},"actor":{"position":{"x":11308490,"y":24746425,"z":3145728,"angle":3238002688,"subsector":4566993480},"type":"player","health":36,"armor":53,"id":4567120880}}
{"counter":8092,"type":"move","frame":{"millis":37116,"tic":1299},"actor":{"position":{"x":11306207,"y":24831295,"z":3145728,"angle":3238002688,"subsector":4566993480},"type":"player","health":36,"armor":53,"id":4567120880}}
{"counter":8093,"type":"move","frame":{"millis":37116,"tic":1299},"actor":{"position":{"x":-10014720,"y":24440448,"z":0,"angle":3758096384,"subsector":4566993432},"type":"soldier","health":20,"id":4567138208}}
{"counter":8094,"type":"move","frame":{"millis":37116,"tic":1299},"actor":{"position":{"x":-8367488,"y":80719232,"z":0,"angle":1073741824,"subsector":4566996760},"type":"shotgun_soldier","health":30,"id":4567155104}}
{"counter":8095,"type":"move","frame":{"millis":37116,"tic":1299},"actor":{"position":{"x":-22195008,"y":54128832,"z":0,"angle":0,"subsector":4566993384},"type":"shotgun_soldier","health":30,"id":4567155632}}
{"counter":8096,"type":"move","frame":{"millis":37116,"tic":1299},"actor":{"position":{"x":-19266432,"y":53546240,"z":0,"angle":3221225472,"subsector":4566993320},"type":"shotgun_soldier","health":30,"id":4567155896}}
{"counter":8097,"type":"move","frame":{"millis":37116,"tic":1299},"actor":{"position":{"x":-5862656,"y":25668992,"z":0,"angle":3758096384,"subsector":4566993432},"type":"shotgun_soldier","health":30,"id":4567156160}}
{"counter":8098,"type":"move","frame":{"millis":37116,"tic":1299},"actor":{"position":{"x":338816,"y":24848128,"z":0,"angle":3221225472,"subsector":4566993432},"type":"shotgun_soldier","health":30,"id":4567156424}}
{"counter":8099,"type":"move","frame":{"millis":37116,"tic":1299},"actor":{"position":{"x":10099350,"y":17575591,"z":1048576,"angle":1610612736,"subsector":4566993096},"type":"spectre","health":29,"id":4567162232}}
{"counter":8100,"type":"move","frame":{"millis":37116,"tic":1299},"actor":{"position":{"x":56557104,"y":20973008,"z":0,"angle":2684354560,"subsector":4566994312},"type":"spectre","health":150,"id":4567166984}}
{"counter":8101,"type":"move","frame":{"millis":37143,"tic":1300},"actor":{"position":{"x":11306207,"y":24831295,"z":3145728,"angle":3238002688,"subsector":4566993480},"type":"player","health":36,"armor":53,"id":4567120880}}
{"counter":8102,"type":"move","frame":{"millis":37143,"tic":1300},"actor":{"position":{"x":11304750,"y":24883639,"z":3145728,"angle":3238002688,"subsector":4566993480},"type":"player","health":36,"armor":53,"id":4567120880}}
{"counter":8103,"type":"enter_subsector","frame":{"millis":37143,"tic":1300},"actor":{"position":{"x":-1403456,"y":20478912,"z":0,"angle":3221225472,"subsector":4566993224},"type":"imp","health":60,"id":4567132928}}
{"counter":8104,"type":"move","frame":{"millis":37143,"tic":1300},"actor":{"position":{"x":-1403456,"y":20478912,"z":0,"angle":3221225472,"subsector":4566993224},"type":"imp","health":60,"id":4567132928}}
{"counter":8105,"type":"move","frame":{"millis":37143,"tic":1300},"actor":{"position":{"x":-16475584,"y":54679744,"z":0,"angle":1073741824,"subsector":4566993320},"type":"soldier","health":20,"id":4567138736}}
{"counter":8106,"type":"move","frame":{"millis":37143,"tic":1300},"actor":{"position":{"x":-4040960,"y":22406656,"z":0,"angle":3221225472,"subsector":4566993240},"type":"soldier","health":20,"id":4567139528}}
{"counter":8107,"type":"move","frame":{"millis":37143,"tic":1300},"actor":{"position":{"x":-3076864,"y":25261312,"z":0,"angle":3221225472,"subsector":4566993432},"type":"shotgun_soldier","health":30,"id":4567139792}}
{"counter":8108,"type":"move","frame":{"millis":37143,"tic":1300},"actor":{"position":{"x":10094015,"y":17589908,"z":1048576,"angle":1610612736,"subsector":4566993096},"type":"spectre","health":29,"id":4567162232}}
{"counter":8109,"type":"move","frame":{"millis":37143,"tic":1300},"actor":{"position":{"x":9438655,"y":17589908,"z":1048576,"angle":2147483648,"subsector":4566993096},"type":"spectre","health":29,"id":4567162232}}
{"counter":8110,"type":"move","frame":{"millis":37143,"tic":1300},"actor":{"position":{"x":1291904,"y":28173824,"z":0,"angle":2684354560,"subsector":4566993432},"type":"shotgun_soldier","health":30,"id":4567172528}}
{"counter":8111,"type":"move","frame":{"millis":37172,"tic":1301},"actor":{"position":{"x":11304750,"y":24883639,"z":3145728,"angle":3238002688,"subsector":4566993480},"type":"player","health":36,"armor":53,"id":4567120880}}
{"counter":8112,"type":"move","frame":{"millis":37172,"tic":1301},"actor":{"position":{"x":11305215,"y":24859417,"z":3145728,"angle":3238002688,"subsector":4566993480},"type":"player","health":36,"armor":53,"id":4567120880}}
{"counter":8113,"type":"move","frame":{"millis":37172,"tic":1301},"actor":{"position":{"x":2870272,"y":83112960,"z":0,"angle":1073741824,"subsector":4566996760},"type":"soldier","health":20,"id":4567139000}}
{"counter":8114,"type":"move","frame":{"millis":37172,"tic":1301},"actor":{"position":{"x":-24975296,"y":51465152,"z":0,"angle":2684354560,"subsector":4566993384},"type":"shotgun_soldier","health":30,"id":4567155368}}
{"counter":8115,"type":"move","frame":{"millis":37172,"tic":1301},"actor":{"position":{"x":9433820,"y":17602882,"z":1048576,"angle":2147483648,"subsector":4566993096},"type":"spectre","health":29,"id":4567162232}}
{"counter":8116,"type":"move","frame":{"millis":37172,"tic":1301},"actor":{"position":{"x":56557104,"y":21628368,"z":0,"angle":2147483648,"subsector":4566994312},"type":"spectre","health":150,"id":4567166984}}
{"counter":8117,"type":"move","frame":{"millis":37200,"tic":1302},"actor":{"position":{"x":11305215,"y":24859417,"z":3145728,"angle":3238002688,"subsector":4566993480},"type":"player","health":36,"armor":53,"id":4567120880}}
{"counter":8118,"type":"move","frame":{"millis":37200,"tic":1302},"actor":{"position":{"x":11307830,"y":24749429,"z":3145728,"angle":3238002688,"subsector":4566993480},"type":"player","health":36,"armor":53,"id":4567120880}}
{"counter":8119,"type":"enter_subsector","frame":{"millis":37201,"tic":1302},"actor":{"position":{"x":-6731264,"y":21935616,"z":0,"angle":3221225472,"subsector":4566993256},"type":"soldier","health":20,"id":4567137944}}
{"counter":8120,"type":"move","frame":{"millis":37201,"tic":1302},"actor":{"position":{"x":-6731264,"y":21935616,"z":0,"angle":3221225472,"subsector":4566993256},"type":"soldier","health":20,"id":4567137944}}
{"counter":8121,"type":"move","frame":{"millis":37201,"tic":1302},"actor":{"position":{"x":-8367488,"y":81243520,"z":0,"angle":1073741824,"subsector":4566996760},"type":"shotgun_soldier","health":30,"id":4567155104}}
{"counter":8122,"type":"move","frame":{"millis":37201,"tic":1302},"actor":{"position":{"x":-22195008,"y":53604544,"z":0,"angle":3758096384,"subsector":4566993384},"type":"shotgun_soldier","health":30,"id":4567155632}}
{"counter":8123,"type":"move","frame":{"millis":37201,"tic":1302},"actor":{"position":{"x":-19266432,"y":53021952,"z":0,"angle":3221225472,"subsector":4566993320},"type":"shotgun_soldier","health":30,"id":4567155896}}
{"counter":8124,"type":"move","frame":{"millis":37201,"tic":1302},"actor":{"position":{"x":-5862656,"y":25144704,"z":0,"angle":3221225472,"subsector":4566993432},"type":"shotgun_soldier","health":30,"id":4567156160}}
{"counter":8125,"type":"move","frame":{"millis":37201,"tic":1302},"actor":{"position":{"x":863104,"y":24848128,"z":0,"angle":3758096384,"subsector":4566993432},"type":"shotgun_soldier","health":30,"id":4567156424}}
{"counter":8126,"type":"move","frame":{"millis":37201,"tic":1302},"actor":{"position":{"x":9429438,"y":17614639,"z":1048576,"angle":2147483648,"subsector":4566993096},"type":"spectre","health":29,"id":4567162232}}
{"counter":8127,"type":"move","frame":{"millis":37201,"tic":1302},"actor":{"position":{"x":8774078,"y":17614639,"z":1048576,"angle":2147483648,"subsector":4566993096},"type":"spectre","health":29,"id":4567162232}}
{"counter":8128,"type":"move","frame":{"millis":37229,"tic":1303},"actor":{"position":{"x":11307830,"y":24749429,"z":3145728,"angle":3238002688,"subsector":4566993480},"type":"player","health":36,"armor":53,"id":4567120880}}
{"counter":8129,"type":"move","frame":{"millis":37229,"tic":1303},"actor":{"position":{"x":11311883,"y":24582189,"z":3145728,"angle":3238002688,"subsector":4566993464},"type":"player","health":36,"armor":53,"id":4567120880}}
{"counter":8130,"type":"move","frame":{"millis":37229,"tic":1303},"actor":{"position":{"x":-1403456,"y":19954624,"z":0,"angle":3221225472,"subsector":4566993224},"type":"imp","health":60,"id":4567132928}}
{"counter":8131,"type":"move","frame":{"millis":37229,"tic":1303},"actor":{"position":{"x":-9490432,"y":24440448,"z":0,"angle":0,"subsector":4566993432},"type":"soldier","health":20,"id":4567138208}}
{"counter":8132,"type":"move","frame":{"millis":37229,"tic":1303},"actor":{"position":{"x":-2552576,"y":25261312,"z":0,"angle":3221225472,"subsector":4566993432},"type":"shotgun_soldier","health":30,"id":4567139792}}
{"counter":8133,"type":"move","frame":{"millis":37229,"tic":1303},"actor":{"position":{"x":8770106,"y":17625293,"z":1048576,"angle":2147483648,"subsector":4566993096},"type":"spectre","health":29,"id":4567162232}}
{"counter":8134,"type":"move","frame":{"millis":37229,"tic":1303},"actor":{"position":{"x":56557104,"y":22283728,"z":0,"angle":1610612736,"subsector":4566994312},"type":"spectre","health":150,"id":4567166984}}
{"counter":8135,"type":"move","frame":{"millis":37229,"tic":1303},"actor":{"position":{"x":915904,"y":27797824,"z":0,"angle":2684354560,"subsector":4566993432},"type":"shotgun_soldier","health":30,"id":4567172528}}
{"counter":8136,"type":"move","frame":{"millis":37259,"tic":1304},"actor":{"position":{"x":11311883,"y":24582189,"z":3145728,"angle":3238002688,"subsector":4566993464},"type":"player","health":36,"armor":53,"id":4567120880}}
{"counter":8137,"type":"move","frame":{"millis":37259,"tic":1304},"actor":{"position":{"x":11317086,"y":24369206,"z":3145728,"angle":3238002688,"subsector":4566993464},"type":"player","health":36,"armor":53,"id":4567120880}}
{"counter":8138,"type":"move","frame":{"millis":37259,"tic":1304},"actor":{"position":{"x":-16475584,"y":55204032,"z":0,"angle":1073741824,"subsector":4566993320},"type":"soldier","health":20,"id":4567138736}}
{"counter":8139,"type":"enter_subsector","frame":{"millis":37259,"tic":1304},"actor":{"position":{"x":-4040960,"y":21882368,"z":0,"angle":3221225472,"subsector":4566993256},"type":"soldier","health":20,"id":4567139528}}
{"counter":8140,"type":"move","frame":{"millis":37259,"tic":1304},"actor":{"position":{"x":-4040960,"y":21882368,"z":0,"angle":3221225472,"subsector":4566993256},"type":"soldier","health":20,"id":4567139528}}
{"counter":8141,"type":"move","frame":{"millis":37259,"tic":1304},"actor":{"position":{"x":-24975296,"y":51989440,"z":0,"angle":2147483648,"subsector":4566993384},"type":"shotgun_soldier","health":30,"id":4567155368}}
{"counter":8142,"type":"move","frame":{"millis":37259,"tic":1304},"actor":{"position":{"x":8766506,"y":17634948,"z":1048576,"angle":2147483648,"subsector":4566993096},"type":"spectre","health":29,"id":4567162232}}
{"counter":8143,"type":"move","frame":{"millis":37259,"tic":1304},"actor":{"position":{"x":8296506,"y":17164948,"z":1048576,"angle":2147483648,"subsector":4566993096},"type":"spectre","health":29,"id":4567162232}}
{"counter":8144,"type":"move","frame":{"millis":37286,"tic":1305},"actor":{"position":{"x":11321801,"y":24176190,"z":3145728,"angle":3238002688,"subsector":4566993464},"type":"player","health":36,"armor":53,"id":4567120880}}
{"counter":8145,"type":"move","frame":{"millis":37286,"tic":1305},"actor":{"position":{"x":2870272,"y":83637248,"z":0,"angle":1073741824,"subsector":4566996760},"type":"soldier","health":20,"id":4567139000}}
{"counter":8146,"type":"move","frame":{"millis":37286,"tic":1305},"actor":{"position":{"x":-8367488,"y":81767808,"z":0,"angle":1073741824,"subsector":4566996760},"type":"shotgun_soldier","health":30,"id":4567155104}}
{"counter":8147,"type":"move","frame":{"millis":37286,"tic":1305},"actor":{"position":{"x":-22195008,"y":53080256,"z":0,"angle":3221225472,"subsector":4566993384},"type":"shotgun_soldier","health":30,"id":4567155632}}
{"counter":8148,"type":"move","frame":{"millis":37286,"tic":1305},"actor":{"position":{"x":-19266432,"y":53546240,"z":0,"angle":3221225472,"subsector":4566993320},"type":"shotgun_soldier","health":30,"id":4567155896}}
{"counter":8149,"type":"move","frame":{"millis":37286,"tic":1305},"actor":{"position":{"x":-5862656,"y":24620416,"z":0,"angle":3221225472,"subsector":4566993432},"type":"shotgun_soldier","health":30,"id":4567156160}}
{"counter":8150,"type":"move","frame":{"millis":37286,"tic":1305},"actor":{"position":{"x":1387392,"y":24848128,"z":0,"angle":0,"subsector":4566993432},"type":"shotgun_soldier","health":30,"id":4567156424}}
{"counter":8151,"type":"move","frame":{"millis":37286,"tic":1305},"actor":{"position":{"x":8293243,"y":17173697,"z":1048576,"angle":2147483648,"subsector":4566993096},"type":"spectre","health":29,"id":4567162232}}
{"counter":8152,"type":"move","frame":{"millis":37286,"tic":1305},"actor":{"position":{"x":56557104,"y":22939088,"z":0,"angle":1073741824,"subsector":4566994312},"type":"spectre","health":150,"id":4567166984}}
{"counter":8153,"type":"move","frame":{"millis":37315,"tic":1306},"actor":{"position":{"x":11326073,"y":24001269,"z":3145728,"angle":3238002688,"subsector":4566993464},"type":"player","health":36,"armor":53,"id":4567120880}}
{"counter":8154,"type":"move","frame":{"millis":37315,"tic":1306},"actor":{"position":{"x":-1403456,"y":19430336,"z":0,"angle":3221225472,"subsector":4566993176},"type":"imp","health":60,"id":4567132928}}
{"counter":8155,"type":"move","frame":{"millis":37315,"tic":1306},"actor":{"position":{"x":-6731264,"y":21411328,"z":0,"angle":3221225472,"subsector":4566993256},"type":"soldier","health":20,"id":4567137944}}
{"counter":8156,"type":"move","frame":{"millis":37315,"tic":1306},"actor":{"position":{"x":-2028288,"y":25261312,"z":0,"angle":3758096384,"subsector":4566993432},"type":"shotgun_soldier","health":30,"id":4567139792}}
{"counter":8157,"type":"move","frame":{"millis":37315,"tic":1306},"actor":{"position":{"x":8290285,"y":17181625,"z":1048576,"angle":2147483648,"subsector":4566993096},"type":"spectre","health":29,"id":4567162232}}
{"counter":8158,"type":"move","frame":{"millis":37315,"tic":1306},"actor":{"position":{"x":8290285,"y":17836985,"z":1048576,"angle":2684354560,"subsector":4566993096},"type":"spectre","health":29,"id":4567162232}}
{"counter":8159,"type":"move","frame":{"millis":37315,"tic":1306},"actor":{"position":{"x":1440192,"y":27797824,"z":0,"angle":2684354560,"subsector":4566993432},"type":"shotgun_soldier","health":30,"id":4567172528}}
{"counter":8160,"type":"move","frame":{"millis":37343,"tic":1307},"actor":{"position":{"x":11329944,"y":23842746,"z":3145728,"angle":3238002688,"subsector":4566993464},"type":"player","health":36,"armor":53,"id":4567120880}}
{"counter":8161,"type":"move","frame":{"millis":37343,"tic":1307},"actor":{"position":{"x":-8966144,"y":24440448,"z":0,"angle":0,"subsector":4566993432},"type":"soldier","health":20,"id":4567138208}}
{"counter":8162,"type":"move","frame":{"millis":37343,"tic":1307},"actor":{"position":{"x":-24975296,"y":52513728,"z":0,"angle":1610612736,"subsector":4566993384},"type":"shotgun_soldier","health":30,"id":4567155368}}
{"counter":8163,"type":"move","frame":{"millis":37343,"tic":1307},"actor":{"position":{"x":8287604,"y":17844169,"z":1048576,"angle":2684354560,"subsector":4566993096},"type":"spectre","health":29,"id":4567162232}}
{"counter":8164,"type":"move","frame":{"millis":37343,"tic":1307},"actor":{"position":{"x":56557104,"y":23594448,"z":0,"angle":1073741824,"subsector":4566994312},"type":"spectre","health":150,"id":4567166984}}
{"counter":8165,"type":"move","frame":{"millis":37372,"tic":1308},"actor":{"position":{"x":11329944,"y":23842746,"z":3145728,"angle":3238002688,"subsector":4566993464},"type":"player","health":36,"armor":53,"id":4567120880}}
{"counter":8166,"type":"move","frame":{"millis":37372,"tic":1308},"actor":{"position":{"x":11333349,"y":23703178,"z":3145728,"angle":3238002688,"subsector":4566993464},"type":"player","health":36,"armor":53,"id":4567120880}}
{"counter":8167,"type":"move","frame":{"millis":37372,"tic":1308},"actor":{"position":{"x":-16475584,"y":55728320,"z":0,"angle":1073741824,"subsector":4566993320},"type":"soldier","health":20,"id":4567138736}}
{"counter":8168,"type":"move","frame":{"millis":37372,"tic":1308},"actor":{"position":{"x":-4040960,"y":21358080,"z":0,"angle":3221225472,"subsector":4566993256},"type":"soldier","health":20,"id":4567139528}}
{"counter":8169,"type":"move","frame":{"millis":37372,"tic":1308},"actor":{"position":{"x":-7991488,"y":81391808,"z":0,"angle":1073741824,"subsector":4566996760},"type":"shotgun_soldier","health":30,"id":4567155104}}
{"counter":8170,"type":"move","frame":{"millis":37372,"tic":1308},"actor":{"position":{"x":-22195008,"y":53604544,"z":0,"angle":3221225472,"subsector":4566993384},"type":"shotgun_soldier","health":30,"id":4567155632}}
{"counter":8171,"type":"move","frame":{"millis":37372,"tic":1308},"actor":{"position":{"x":-19266432,"y":54070528,"z":0,"angle":3758096384,"subsector":4566993320},"type":"shotgun_soldier","health":30,"id":4567155896}}
{"counter":8172,"type":"move","frame":{"millis":37372,"tic":1308},"actor":{"position":{"x":-5862656,"y":24096128,"z":0,"angle":3221225472,"subsector":4566993432},"type":"shotgun_soldier","health":30,"id":4567156160}}
{"counter":8173,"type":"move","frame":{"millis":37372,"tic":1308},"actor":{"position":{"x":1911680,"y":24848128,"z":0,"angle":0,"subsector":4566993432},"type":"shotgun_soldier","health":30,"id":4567156424}}
{"counter":8174,"type":"move","frame":{"millis":37372,"tic":1308},"actor":{"position":{"x":8285174,"y":17850679,"z":1048576,"angle":2684354560,"subsector":4566993096},"type":"spectre","health":29,"id":4567162232}}
{"counter":8175,"type":"move","frame":{"millis":37372,"tic":1308},"actor":{"position":{"x":8940534,"y":17850679,"z":1048576,"angle":2147483648,"subsector":4566993096},"type":"spectre","health":29,"id":4567162232}}
{"counter":8176,"type":"move","frame":{"millis":37400,"tic":1309},"actor":{"position":{"x":11333349,"y":23703178,"z":3145728,"angle":3238002688,"subsector":4566993464},"type":"player","health":36,"armor":53,"id":4567120880}}
{"counter":8177,"type":"move","frame":{"millis":37400,"tic":1309},"actor":{"position":{"x":11336280,"y":23582836,"z":3145728,"angle":3238002688,"subsector":4566993464},"type":"player","health":36,"armor":53,"id":4567120880}}
{"counter":8178,"type":"move","frame":{"millis":37400,"tic":1309},"actor":{"position":{"x":-1403456,"y":18906048,"z":0,"angle":3221225472,"subsector":4566993176},"type":"imp","health":60,"id":4567132928}}
{"counter":8179,"type":"move","frame":{"millis":37400,"tic":1309},"actor":{"position":{"x":2870272,"y":84161536,"z":0,"angle":1073741824,"subsector":4566996760},"type":"soldier","health":20,"id":4567139000}}
{"counter":8180,"type":"move","frame":{"millis":37400,"tic":1309},"actor":{"position":{"x":-1504000,"y":25261312,"z":0,"angle":0,"subsector":4566993432},"type":"shotgun_soldier","health":30,"id":4567139792}}
{"counter":8181,"type":"move","frame":{"millis":37400,"tic":1309},"actor":{"position":{"x":8938331,"y":17856578,"z":1048576,"angle":2147483648,"subsector":4566993096},"type":"spectre","health":29,"id":4567162232}}
{"counter":8182,"type":"move","frame":{"millis":37400,"tic":1309},"actor":{"position":{"x":56557104,"y":24249808,"z":0,"angle":1073741824,"subsector":4566994312},"type":"spectre","health":150,"id":4567166984}}
{"counter":8183,"type":"move","frame":{"millis":37400,"tic":1309},"actor":{"position":{"x":1964480,"y":27797824,"z":0,"angle":3221225472,"subsector":4566993432},"type":"shotgun_soldier","health":30,"id":4567172528}}
{"counter":8184,"type":"move","frame":{"millis":37429,"tic":1310},"actor":{"position":{"x":11339211,"y":23462494,"z":3145728,"angle":3238002688,"subsector":4566993464},"type":"player","health":36,"armor":53,"id":4567120880}}
{"counter":8185,"type":"enter_subsector","frame":{"millis":37429,"tic":1310},"actor":{"position":{"x":-6731264,"y":20887040,"z":0,"angle":3221225472,"subsector":4566993224},"type":"soldier","health":20,"id":4567137944}}
{"counter":8186,"type":"move","frame":{"millis":37429,"tic":1310},"actor":{"position":{"x":-6731264,"y":20887040,"z":0,"angle":3221225472,"subsector":4566993224},"type":"soldier","health":20,"id":4567137944}}
{"counter":8187,"type":"move","frame":{"millis":37429,"tic":1310},"actor":{"position":{"x":-24975296,"y":53038016,"z":0,"angle":1073741824,"subsector":4566993384},"type":"shotgun_soldier","health":30,"id":4567155368}}
{"counter":8188,"type":"move","frame":{"millis":37430,"tic":1310},"actor":{"position":{"x":8936334,"y":17861923,"z":1048576,"angle":2147483648,"subsector":4566993096},"type":"spectre","health":29,"id":4567162232}}
{"counter":8189,"type":"move","frame":{"millis":37430,"tic":1310},"actor":{"position":{"x":9591694,"y":17861923,"z":1048576,"angle":2684354560,"subsector":4566993096},"type":"spectre","health":29,"id":4567162232}}
{"counter":8190,"type":"move","frame":{"millis":37458,"tic":1311},"actor":{"position":{"x":11342142,"y":23342152,"z":3014656,"angle":3238002688,"subsector":4566993464},"type":"player","health":36,"armor":53,"id":4567120880}}
{"counter":8191,"type":"move","frame":{"millis":37458,"tic":1311},"actor":{"position":{"x":-9342144,"y":24816448,"z":0,"angle":0,"subsector":4566993432},"type":"soldier","health":20,"id":4567138208}}
{"counter":8192,"type":"move","frame":{"millis":37458,"tic":1311},"actor":{"position":{"x":-7615488,"y":81015808,"z":0,"angle":536870912,"subsector":4566996760},"type":"shotgun_soldier","health":30,"id":4567155104}}
{"counter":8193,"type":"move","frame":{"millis":37458,"tic":1311},"actor":{"position":{"x":-22195008,"y":54128832,"z":0,"angle":3758096384,"subsector":4566993384},"type":"shotgun_soldier","health":30,"id":4567155632}}
{"counter":8194,"type":"move","frame":{"millis":37458,"tic":1311},"actor":{"position":{"x":-19266432,"y":54594816,"z":0,"angle":0,"subsector":4566993320},"type":"shotgun_soldier","health":30,"id":4567155896}}
{"counter":8195,"type":"move","frame":{"millis":37458,"tic":1311},"actor":{"position":{"x":-5338368,"y":24096128,"z":0,"angle":3221225472,"subsector":4566993432},"type":"shotgun_soldier","health":30,"id":4567156160}}
{"counter":8196,"type":"move","frame":{"millis":37458,"tic":1311},"actor":{"position":{"x":2435968,"y":24848128,"z":0,"angle":0,"subsector":4566993432},"type":"shotgun_soldier","health":30,"id":4567156424}}
{"counter":8197,"type":"move","frame":{"millis":37458,"tic":1311},"actor":{"position":{"x":9589884,"y":17866766,"z":1048576,"angle":2684354560,"subsector":4566993096},"type":"spectre","health":29,"id":4567162232}}
{"counter":8198,"type":"move","frame":{"millis":37458,"tic":1311},"actor":{"position":{"x":56557104,"y":24905168,"z":0,"angle":1073741824,"subsector":4566994312},"type":"spectre","health":150,"id":4567166984}}
{"counter":8199,"type":"move","frame":{"millis":37486,"tic":1312},"actor":{"position":{"x":11345073,"y":23221810,"z":2818048,"angle":3238002688,"subsector":4566993464},"type":"player","health":36,"armor":53,"id":4567120880}}
{"counter":8200,"type":"move","frame":{"millis":37487,"tic":1312},"actor":{"position":{"x":-1403456,"y":18381760,"z":0,"angle":3221225472,"subsector":4566993176},"type":"imp","health":60,"id":4567132928}}
{"counter":8201,"type":"move","frame":{"millis":37487,"tic":1312},"actor":{"position":{"x":-16475584,"y":56252608,"z":0,"angle":1073741824,"subsector":4566993320},"type":"soldier","health":20,"id":4567138736}}
{"counter":8202,"type":"enter_subsector","frame":{"millis":37487,"tic":1312},"actor":{"position":{"x":-4040960,"y":20833792,"z":0,"angle":3221225472,"subsector":4566993224},"type":"soldier","health":20,"id":4567139528}}
{"counter":8203,"type":"move","frame":{"millis":37487,"tic":1312},"actor":{"position":{"x":-4040960,"y":20833792,"z":0,"angle":3221225472,"subsector":4566993224},"type":"soldier","health":20,"id":4567139528}}
{"counter":8204,"type":"move","frame":{"millis":37487,"tic":1312},"actor":{"position":{"x":-1128000,"y":24885312,"z":0,"angle":0,"subsector":4566993432},"type":"shotgun_soldier","health":30,"id":4567139792}}
{"counter":8205,"type":"move","frame":{"millis":37487,"tic":1312},"actor":{"position":{"x":9588243,"y":17871154,"z":1048576,"angle":2684354560,"subsector":4566993096},"type":"spectre","health":29,"id":4567162232}}
{"counter":8206,"type":"move","frame":{"millis":37487,"tic":1312},"actor":{"position":{"x":10243603,"y":17871154,"z":1048576,"angle":3221225472,"subsector":4566993096},"type":"spectre","health":29,"id":4567162232}}
{"counter":8207,"type":"move","frame":{"millis":37487,"tic":1312},"actor":{"position":{"x":2488768,"y":27797824,"z":0,"angle":3758096384,"subsector":4566993432},"type":"shotgun_soldier","health":30,"id":4567172528}}
{"counter":8208,"type":"move","frame":{"millis":37515,"tic":1313},"actor":{"position":{"x":11345073,"y":23221810,"z":2621440,"angle":3238002688,"subsector":4566993464},"type":"player","health":36,"armor":53,"id":4567120880}}
{"counter":8209,"type":"move","frame":{"millis":37515,"tic":1313},"actor":{"position":{"x":11347697,"y":23113752,"z":2621440,"angle":3238002688,"subsector":4566993464},"type":"player","health":36,"armor":53,"id":4567120880}}
{"counter":8210,"type":"move","frame":{"millis":37515,"tic":1313},"actor":{"position":{"x":2494272,"y":84537536,"z":0,"angle":1073741824,"subsector":4566996760},"type":"soldier","health":20,"id":4567139000}}
{"counter":8211,"type":"move","frame":{"millis":37515,"tic":1313},"actor":{"position":{"x":-24975296,"y":53562304,"z":0,"angle":1073741824,"subsector":4566993384},"type":"shotgun_soldier","health":30,"id":4567155368}}
{"counter":8212,"type":"move","frame":{"millis":37515,"tic":1313},"actor":{"position":{"x":10242115,"y":17875130,"z":1048576,"angle":3221225472,"subsector":4566993096},"type":"spectre","health":29,"id":4567162232}}
{"counter":8213,"type":"move","frame":{"millis":37515,"tic":1313},"actor":{"position":{"x":56557104,"y":25560528,"z":0,"angle":1073741824,"subsector":4566994312},"type":"spectre","health":150,"id":4567166984}}
{"counter":8214,"type":"move","frame":{"millis":37544,"tic":1314},"actor":{"position":{"x":11347697,"y":23113752,"z":2621440,"angle":3238002688,"subsector":4566993464},"type":"player","health":36,"armor":53,"id":4567120880}}
{"counter":8215,"type":"move","frame":{"millis":37544,"tic":1314},"actor":{"position":{"x":11348748,"y":23069054,"z":2621440,"angle":3238002688,"subsector":4566993464},"type":"player","health":36,"armor":53,"id":4567120880}}
{"counter":8216,"type":"move","frame":{"millis":37544,"tic":1314},"actor":{"position":{"x":-6731264,"y":20362752,"z":0,"angle":3221225472,"subsector":4566993224},"type":"soldier","health":20,"id":4567137944}}
{"counter":8217,"type":"move","frame":{"millis":37544,"tic":1314},"actor":{"position":{"x":-7239488,"y":80639808,"z":0,"angle":0,"subsector":4566996760},"type":"shotgun_soldier","health":30,"id":4567155104}}
{"counter":8218,"type":"move","frame":{"millis":37544,"tic":1314},"actor":{"position":{"x":-22195008,"y":54653120,"z":0,"angle":0,"subsector":4566993384},"type":"shotgun_soldier","health":30,"id":4567155632}}
{"counter":8219,"type":"move","frame":{"millis":37544,"tic":1314},"actor":{"position":{"x":-19266432,"y":55119104,"z":0,"angle":536870912,"subsector":4566993320},"type":"shotgun_soldier","health":30,"id":4567155896}}
{"counter":8220,"type":"move","frame":{"millis":37544,"tic":1314},"actor":{"position":{"x":-4814080,"y":24096128,"z":0,"angle":3758096384,"subsector":4566993432},"type":"shotgun_soldier","health":30,"id":4567156160}}
{"counter":8221,"type":"move","frame":{"millis":37544,"tic":1314},"actor":{"position":{"x":2811968,"y":24472128,"z":0,"angle":0,"subsector":4566993432},"type":"shotgun_soldier","health":30,"id":4567156424}}
{"counter":8222,"type":"move","frame":{"millis":37544,"tic":1314},"actor":{"position":{"x":10897475,"y":17875130,"z":1048576,"angle":3758096384,"subsector":4566993096},"type":"spectre","health":29,"id":4567162232}}
{"counter":8223,"type":"move","frame":{"millis":37572,"tic":1315},"actor":{"position":{"x":11348748,"y":23069054,"z":2621440,"angle":3238002688,"subsector":4566993464},"type":"player","health":36,"armor":53,"id":4567120880}}
{"counter":8224,"type":"move","frame":{"millis":37572,"tic":1315},"actor":{"position":{"x":11348475,"y":23077682,"z":2621440,"angle":3238002688,"subsector":4566993464},"type":"player","health":36,"armor":53,"id":4567120880}}
{"counter":8225,"type":"move","frame":{"millis":37572,"tic":1315},"actor":{"position":{"x":-879168,"y":18381760,"z":0,"angle":3221225472,"subsector":4566993176},"type":"imp","health":60,"id":4567132928}}
{"counter":8226,"type":"move","frame":{"millis":37572,"tic":1315},"actor":{"position":{"x":-9718144,"y":25192448,"z":0,"angle":536870912,"subsector":4566993432},"type":"soldier","health":20,"id":4567138208}}
{"counter":8227,"type":"move","frame":{"millis":37572,"tic":1315},"actor":{"position":{"x":-752000,"y":24509312,"z":0,"angle":3758096384,"subsector":4566993432},"type":"shotgun_soldier","health":30,"id":4567139792}}
{"counter":8228,"type":"move","frame":{"millis":37572,"tic":1315},"actor":{"position":{"x":56557104,"y":26215888,"z":0,"angle":1073741824,"subsector":4566994312},"type":"spectre","health":150,"id":4567166984}}
{"counter":8229,"type":"move","frame":{"millis":37572,"tic":1315},"actor":{"position":{"x":2864768,"y":27421824,"z":0,"angle":0,"subsector":4566993432},"type":"shotgun_soldier","health":30,"id":4567172528}}
{"counter":8230,"type":"move","frame":{"millis":37601,"tic":1316},"actor":{"position":{"x":11348475,"y":23077682,"z":2621440,"angle":3238002688,"subsector":4566993464},"type":"player","health":36,"armor":53,"id":4567120880}}
{"counter":8231,"type":"move","frame":{"millis":37601,"tic":1316},"actor":{"position":{"x":11346696,"y":23146921,"z":2621440,"angle":3238002688,"subsector":4566993464},"type":"player","health":36,"armor":53,"id":4567120880}}
{"counter":8232,"type":"move","frame":{"millis":37601,"tic":1316},"actor":{"position":{"x":-16099584,"y":55876608,"z":0,"angle":1073741824,"subsector":4566993320},"type":"soldier","health":20,"id":4567138736}}
{"counter":8233,"type":"move","frame":{"millis":37601,"tic":1316},"actor":{"position":{"x":-4040960,"y":20309504,"z":0,"angle":3221225472,"subsector":4566993224},"type":"soldier","health":20,"id":4567139528}}
{"counter":8234,"type":"move","frame":{"millis":37601,"tic":1316},"actor":{"position":{"x":-24975296,"y":54086592,"z":0,"angle":1073741824,"subsector":4566993384},"type":"shotgun_soldier","health":30,"id":4567155368}}
{"counter":8235,"type":"move","frame":{"millis":37601,"tic":1316},"actor":{"position":{"x":11552835,"y":17875130,"z":1048576,"angle":0,"subsector":4566993096},"type":"spectre","health":29,"id":4567162232}}
{"counter":8236,"type":"move","frame":{"millis":37630,"tic":1317},"actor":{"position":{"x":11346696,"y":23146921,"z":2621440,"angle":3238002688,"subsector":4566993464},"type":"player","health":36,"armor":53,"id":4567120880}}
{"counter":8237,"type":"move","frame":{"millis":37630,"tic":1317},"actor":{"position":{"x":11342531,"y":23312035,"z":2621440,"angle":3238002688,"subsector":4566993464},"type":"player","health":36,"armor":53,"id":4567120880}}
{"counter":8238,"type":"move","frame":{"millis":37630,"tic":1317},"actor":{"position":{"x":11285504,"y":1758336,"z":0,"angle":1610612736,"subsector":4566993032},"type":"shotgun_soldier","health":30,"id":4567137680}}
{"counter":8239,"type":"move","frame":{"millis":37630,"tic":1317},"actor":{"position":{"x":1969984,"y":84537536,"z":0,"angle":1610612736,"subsector":4566996760},"type":"soldier","health":20,"id":4567139000}}
{"counter":8240,"type":"move","frame":{"millis":37630,"tic":1317},"actor":{"position":{"x":-6715200,"y":80639808,"z":0,"angle":3758096384,"subsector":4566996760},"type":"shotgun_soldier","health":30,"id":4567155104}}
{"counter":8241,"type":"move","frame":{"millis":37630,"tic":1317},"actor":{"position":{"x":-22195008,"y":55177408,"z":0,"angle":536870912,"subsector":4566993384},"type":"shotgun_soldier","health":30,"id":4567155632}}
{"counter":8242,"type":"move","frame":{"millis":37630,"tic":1317},"actor":{"position":{"x":-19266432,"y":55643392,"z":0,"angle":1073741824,"subsector":4566993320},"type":"shotgun_soldier","health":30,"id":4567155896}}
{"counter":8243,"type":"move","frame":{"millis":37630,"tic":1317},"actor":{"position":{"x":-4289792,"y":24096128,"z":0,"angle":0,"subsector":4566993432},"type":"shotgun_soldier","health":30,"id":4567156160}}
{"counter":8244,"type":"move","frame":{"millis":37630,"tic":1317},"actor":{"position":{"x":2287680,"y":24472128,"z":0,"angle":3758096384,"subsector":4566993432},"type":"shotgun_soldier","health":30,"id":4567156424}}
{"counter":8245,"type":"move","frame":{"millis":37630,"tic":1317},"actor":{"position":{"x":56557104,"y":26871248,"z":0,"angle":1073741824,"subsector":4566994312},"type":"spectre","health":150,"id":4567166984}}
{"counter":8246,"type":"move","frame":{"millis":37658,"tic":1318},"actor":{"position":{"x":11342531,"y":23312035,"z":2621440,"angle":3238002688,"subsector":4566993464},"type":"player","health":36,"armor":53,"id":4567120880}}
{"counter":8247,"type":"move","frame":{"millis":37658,"tic":1318},"actor":{"position":{"x":11337429,"y":23514899,"z":2621440,"angle":3238002688,"subsector":4566993464},"type":"player","health":36,"armor":53,"id":4567120880}}
{"counter":8248,"type":"move","frame":{"millis":37658,"tic":1318},"actor":{"position":{"x":-354880,"y":18381760,"z":0,"angle":3758096384,"subsector":4566993176},"type":"imp","health":60,"id":4567132928}}
{"counter":8249,"type":"move","frame":{"millis":37658,"tic":1318},"actor":{"position":{"x":-6731264,"y":19838464,"z":0,"angle":3221225472,"subsector":4566993176},"type":"soldier","health":20,"id":4567137944}}
{"counter":8250,"type":"move","frame":{"millis":37658,"tic":1318},"actor":{"position":{"x":-376000,"y":24885312,"z":0,"angle":3758096384,"subsector":4566993432},"type":"shotgun_soldier","health":30,"id":4567139792}}
{"counter":8251,"type":"move","frame":{"millis":37658,"tic":1318},"actor":{"position":{"x":12208195,"y":17875130,"z":1048576,"angle":0,"subsector":4566993096},"type":"spectre","health":29,"id":4567162232}}
{"counter":8252,"type":"move","frame":{"millis":37658,"tic":1318},"actor":{"position":{"x":2340480,"y":27421824,"z":0,"angle":3758096384,"subsector":4566993432},"type":"shotgun_soldier","health":30,"id":4567172528}}
{"counter":8253,"type":"move","frame":{"millis":37686,"tic":1319},"actor":{"position":{"x":11337429,"y":23514899,"z":2621440,"angle":3238002688,"subsector":4566993464},"type":"player","health":36,"armor":53,"id":4567120880}}
{"weapon_type":2,"counter":8254,"type":"attacked","frame":{"millis":37687,"tic":1319},"actor":{"position":{"x":11337429,"y":23514899,"z":2621440,"angle":3238002688,"subsector":4566993464},"type":"player","health":36,"armor":53,"id":4567120880}}
{"counter":8255,"type":"move","frame":{"millis":37687,"tic":1319},"actor":{"position":{"x":11331580,"y":23747880,"z":2621440,"angle":3238002688,"subsector":4566993464},"type":"player","health":36,"armor":53,"id":4567120880}}
{"counter":8256,"type":"move","frame":{"millis":37687,"tic":1319},"actor":{"position":{"x":-10094144,"y":25568448,"z":0,"angle":1073741824,"subsector":4566993432},"type":"soldier","health":20,"id":4567138208}}
{"counter":8257,"type":"move","frame":{"millis":37687,"tic":1319},"actor":{"position":{"x":-24975296,"y":54610880,"z":0,"angle":1073741824,"subsector":4566993384},"type":"shotgun_soldier","health":30,"id":4567155368}}
{"counter":8258,"type":"move","frame":{"millis":37687,"tic":1319},"actor":{"position":{"x":57212464,"y":26871248,"z":0,"angle":1073741824,"subsector":4566994312},"type":"spectre","health":150,"id":4567166984}}
{"counter":8259,"type":"move","frame":{"millis":37715,"tic":1320},"actor":{"position":{"x":11331580,"y":23747880,"z":3145728,"angle":3238002688,"subsector":4566993464},"type":"player","health":36,"armor":53,"id":4567120880}}
{"counter":8260,"type":"move","frame":{"millis":37715,"tic":1320},"actor":{"position":{"x":11325462,"y":23991776,"z":3145728,"angle":3238002688,"subsector":4566993464},"type":"player","health":36,"armor":53,"id":4567120880}}
{"counter":8261,"type":"move","frame":{"millis":37716,"tic":1320},"actor":{"position":{"x":10761216,"y":1758336,"z":0,"angle":2147483648,"subsector":4566993032},"type":"shotgun_soldier","health":30,"id":4567137680}}
{"counter":8262,"type":"move","frame":{"millis":37716,"tic":1320},"actor":{"position":{"x":-16099584,"y":55352320,"z":0,"angle":536870912,"subsector":4566993320},"type":"soldier","health":20,"id":4567138736}}
{"counter":8263,"type":"move","frame":{"millis":37716,"tic":1320},"actor":{"position":{"x":-4040960,"y":19785216,"z":0,"angle":3221225472,"subsector":4566993176},"type":"soldier","health":20,"id":4567139528}}
{"counter":8264,"type":"move","frame":{"millis":37716,"tic":1320},"actor":{"position":{"x":-6190912,"y":80639808,"z":0,"angle":0,"subsector":4566996760},"type":"shotgun_soldier","health":30,"id":4567155104}}
{"counter":8265,"type":"move","frame":{"millis":37716,"tic":1320},"actor":{"position":{"x":-22195008,"y":55701696,"z":0,"angle":1073741824,"subsector":4566993384},"type":"shotgun_soldier","health":30,"id":4567155632}}
{"counter":8266,"type":"move","frame":{"millis":37716,"tic":1320},"actor":{"position":{"x":-19266432,"y":56167680,"z":0,"angle":1073741824,"subsector":4566993320},"type":"shotgun_soldier","health":30,"id":4567155896}}
{"counter":8267,"type":"move","frame":{"millis":37716,"tic":1320},"actor":{"position":{"x":-3765504,"y":24096128,"z":0,"angle":0,"subsector":4566993432},"type":"shotgun_soldier","health":30,"id":4567156160}}
{"counter":8268,"type":"move","frame":{"millis":37716,"tic":1320},"actor":{"position":{"x":2811968,"y":24472128,"z":0,"angle":3221225472,"subsector":4566993432},"type":"shotgun_soldier","health":30,"id":4567156424}}
{"counter":8269,"type":"move","frame":{"millis":37716,"tic":1320},"actor":{"position":{"x":11738195,"y":17405130,"z":1048576,"angle":0,"subsector":4566993096},"type":"spectre","health":29,"id":4567162232}}
{"counter":8270,"type":"move","frame":{"millis":37743,"tic":1321},"actor":{"position":{"x":11325462,"y":23991776,"z":3145728,"angle":3238002688,"subsector":4566993464},"type":"player","health":36,"armor":53,"id":4567120880}}
{"counter":8271,"type":"move","frame":{"millis":37743,"tic":1321},"actor":{"position":{"x":11319100,"y":24245563,"z":3145728,"angle":3238002688,"subsector":4566993464},"type":"player","health":36,"armor":53,"id":4567120880}}
{"counter":8272,"type":"move","frame":{"millis":37743,"tic":1321},"actor":{"position":{"x":169408,"y":18381760,"z":0,"angle":0,"subsector":4566993176},"type":"imp","health":60,"id":4567132928}}
{"counter":8273,"type":"move","frame":{"millis":37743,"tic":1321},"actor":{"position":{"x":1445696,"y":84537536,"z":0,"angle":2147483648,"subsector":4566996760},"type":"soldier","health":20,"id":4567139000}}
{"counter":8274,"type":"move","frame":{"millis":37743,"tic":1321},"actor":{"position":{"x":0,"y":24509312,"z":0,"angle":0,"subsector":4566993432},"type":"shotgun_soldier","health":30,"id":4567139792}}
{"counter":8275,"type":"move","frame":{"millis":37743,"tic":1321},"actor":{"position":{"x":57867824,"y":26871248,"z":0,"angle":536870912,"subsector":4566994312},"type":"spectre","health":150,"id":4567166984}}
{"counter":8276,"type":"move","frame":{"millis":37743,"tic":1321},"actor":{"position":{"x":1816192,"y":27421824,"z":0,"angle":3221225472,"subsector":4566993432},"type":"shotgun_soldier","health":30,"id":4567172528}}
{"counter":8277,"type":"move","frame":{"millis":37772,"tic":1322},"actor":{"position":{"x":11319100,"y":24245563,"z":3145728,"angle":3238002688,"subsector":4566993464},"type":"player","health":36,"armor":53,"id":4567120880}}
{"damage":10,"counter":8278,"type":"hit","frame":{"millis":37772,"tic":1322},"actor":{"position":{"x":11319100,"y":24245563,"z":3145728,"angle":3238002688,"subsector":4566993464},"type":"player","health":36,"armor":53,"id":4567120880},"target":{"position":{"x":11738195,"y":17405130,"z":1048576,"angle":0,"subsector":4566993096},"type":"spectre","health":19,"id":4567162232}}
{"damage":10,"counter":8279,"type":"hit","frame":{"millis":37772,"tic":1322},"actor":{"position":{"x":11319100,"y":24245563,"z":3145728,"angle":3238002688,"subsector":4566993464},"type":"player","health":36,"armor":53,"id":4567120880},"target":{"position":{"x":11738195,"y":17405130,"z":1048576,"angle":0,"subsector":4566993096},"type":"spectre","health":9,"id":4567162232}}
{"damage":15,"counter":8280,"type":"hit","frame":{"millis":37772,"tic":1322},"actor":{"position":{"x":11319100,"y":24245563,"z":3145728,"angle":3238002688,"subsector":4566993464},"type":"player","health":36,"armor":53,"id":4567120880},"target":{"position":{"x":11738195,"y":17405130,"z":1048576,"angle":0,"subsector":4566993096},"type":"spectre","health":-6,"id":4567162232}}
{"counter":8281,"type":"killed","frame":{"millis":37772,"tic":1322},"actor":{"position":{"x":11319100,"y":24245563,"z":3145728,"angle":3238002688,"subsector":4566993464},"type":"player","health":36,"armor":53,"id":4567120880},"target":{"position":{"x":11738195,"y":17405130,"z":1048576,"angle":0,"subsector":4566993096},"type":"spectre","health":-6,"id":4567162232}}
{"counter":8282,"type":"move","frame":{"millis":37772,"tic":1322},"actor":{"position":{"x":11312415,"y":24512409,"z":3145728,"angle":3238002688,"subsector":4566993464},"type":"player","health":36,"armor":53,"id":4567120880}}
{"counter":8283,"type":"move","frame":{"millis":37773,"tic":1322},"actor":{"position":{"x":-6731264,"y":19314176,"z":0,"angle":3221225472,"subsector":4566993176},"type":"soldier","health":20,"id":4567137944}}
{"counter":8284,"type":"move","frame":{"millis":37773,"tic":1322},"actor":{"position":{"x":-24975296,"y":55135168,"z":0,"angle":1073741824,"subsector":4566993384},"type":"shotgun_soldier","health":30,"id":4567155368}}
{"counter":8285,"type":"move","frame":{"millis":37773,"tic":1322},"actor":{"position":{"x":11742560,"y":17333583,"z":1048576,"angle":0,"subsector":4566993096},"type":"spectre","health":-6,"id":4567162232}}
{"counter":8286,"type":"move","frame":{"millis":37801,"tic":1323},"actor":{"position":{"x":11312415,"y":24512409,"z":3145728,"angle":3238002688,"subsector":4566993464},"type":"player","health":36,"armor":53,"id":4567120880}}
{"counter":8287,"type":"move","frame":{"millis":37801,"tic":1323},"actor":{"position":{"x":11306253,"y":24758332,"z":3145728,"angle":3238002688,"subsector":4566993480},"type":"player","health":36,"armor":53,"id":4567120880}}
{"counter":8288,"type":"move","frame":{"millis":37801,"tic":1323},"actor":{"position":{"x":10236928,"y":1758336,"z":0,"angle":2147483648,"subsector":4566993032},"type":"shotgun_soldier","health":30,"id":4567137680}}
{"counter":8289,"type":"move","frame":{"millis":37801,"tic":1323},"actor":{"position":{"x":-10470144,"y":25944448,"z":0,"angle":1610612736,"subsector":4566993432},"type":"soldier","health":20,"id":4567138208}}
{"counter":8290,"type":"move","frame":{"millis":37801,"tic":1323},"actor":{"position":{"x":-5666624,"y":80639808,"z":0,"angle":0,"subsector":4566996760},"type":"shotgun_soldier","health":30,"id":4567155104}}
{"counter":8291,"type":"move","frame":{"millis":37801,"tic":1323},"actor":{"position":{"x":-22195008,"y":56225984,"z":0,"angle":1073741824,"subsector":4566993384},"type":"shotgun_soldier","health":30,"id":4567155632}}
{"counter":8292,"type":"move","frame":{"millis":37801,"tic":1323},"actor":{"position":{"x":-18890432,"y":55791680,"z":0,"angle":1073741824,"subsector":4566993320},"type":"shotgun_soldier","health":30,"id":4567155896}}
{"counter":8293,"type":"move","frame":{"millis":37801,"tic":1323},"actor":{"position":{"x":-3241216,"y":24096128,"z":0,"angle":0,"subsector":4566993432},"type":"shotgun_soldier","health":30,"id":4567156160}}
{"counter":8294,"type":"move","frame":{"millis":37801,"tic":1323},"actor":{"position":{"x":11746925,"y":17262036,"z":1048576,"angle":0,"subsector":4566993096},"type":"spectre","health":-6,"id":4567162232}}
{"counter":8295,"type":"move","frame":{"millis":37801,"tic":1323},"actor":{"position":{"x":58523184,"y":26871248,"z":0,"angle":0,"subsector":4566994312},"type":"spectre","health":150,"id":4567166984}}
{"counter":8296,"type":"move","frame":{"millis":37829,"tic":1324},"actor":{"position":{"x":11306253,"y":24758332,"z":3145728,"angle":3238002688,"subsector":4566993480},"type":"player","health":36,"armor":53,"id":4567120880}}
{"counter":8297,"type":"move","frame":{"millis":37829,"tic":1324},"actor":{"position":{"x":11300565,"y":24985293,"z":3145728,"angle":3238002688,"subsector":4566993480},"type":"player","health":36,"armor":53,"id":4567120880}}
{"counter":8298,"type":"move","frame":{"millis":37829,"tic":1324},"actor":{"position":{"x":693696,"y":18381760,"z":0,"angle":0,"subsector":4566993176},"type":"imp","health":60,"id":4567132928}}
{"counter":8299,"type":"move","frame":{"millis":37829,"tic":1324},"actor":{"position":{"x":-16099584,"y":54828032,"z":0,"angle":0,"subsector":4566993320},"type":"soldier","health":20,"id":4567138736}}
{"counter":8300,"type":"move","frame":{"millis":37829,"tic":1324},"actor":{"position":{"x":-4040960,"y":19260928,"z":0,"angle":3221225472,"subsector":4566993176},"type":"soldier","health":20,"id":4567139528}}
{"counter":8301,"type":"move","frame":{"millis":37829,"tic":1324},"actor":{"position":{"x":-524288,"y":24509312,"z":0,"angle":3758096384,"subsector":4566993432},"type":"shotgun_soldier","health":30,"id":4567139792}}
{"counter":8302,"type":"move","frame":{"millis":37829,"tic":1324},"actor":{"position":{"x":11751290,"y":17190489,"z":1048576,"angle":0,"subsector":4566993096},"type":"spectre","health":-6,"id":4567162232}}
{"counter":8303,"type":"move","frame":{"millis":37829,"tic":1324},"actor":{"position":{"x":1291904,"y":27421824,"z":0,"angle":2684354560,"subsector":4566993432},"type":"shotgun_soldier","health":30,"id":4567172528}}
{"counter":8304,"type":"move","frame":{"millis":37858,"tic":1325},"actor":{"position":{"x":11300565,"y":24985293,"z":3145728,"angle":3238002688,"subsector":4566993480},"type":"player","health":36,"armor":53,"id":4567120880}}
{"counter":8305,"type":"move","frame":{"millis":37858,"tic":1325},"actor":{"position":{"x":11294797,"y":25215544,"z":3145728,"angle":3238002688,"subsector":4566993480},"type":"player","health":36,"armor":53,"id":4567120880}}
{"counter":8306,"type":"move","frame":{"millis":37859,"tic":1325},"actor":{"position":{"x":921408,"y":84537536,"z":0,"angle":2147483648,"subsector":4566996760},"type":"soldier","health":20,"id":4567139000}}
{"counter":8307,"type":"move","frame":{"millis":37859,"tic":1325},"actor":{"position":{"x":-24975296,"y":55659456,"z":0,"angle":1073741824,"subsector":4566993384},"type":"shotgun_soldier","health":30,"id":4567155368}}
{"counter":8308,"type":"move","frame":{"millis":37859,"tic":1325},"actor":{"position":{"x":11755655,"y":17118942,"z":1048576,"angle":0,"subsector":4566993096},"type":"spectre","health":-6,"id":4567162232}}
{"counter":8309,"type":"move","frame":{"millis":37859,"tic":1325},"actor":{"position":{"x":59178544,"y":26871248,"z":0,"angle":0,"subsector":4566994312},"type":"spectre","health":150,"id":4567166984}}
{"counter":8310,"type":"move","frame":{"millis":37887,"tic":1326},"actor":{"position":{"x":11294797,"y":25215544,"z":3670016,"angle":3238002688,"subsector":4566993480},"type":"player","health":36,"armor":53,"id":4567120880}}
{"counter":8311,"type":"move","frame":{"millis":37887,"tic":1326},"actor":{"position":{"x":11289415,"y":25430350,"z":3670016,"angle":3238002688,"subsector":4566993480},"type":"player","health":36,"armor":53,"id":4567120880}}
{"counter":8312,"type":"move","frame":{"millis":37887,"tic":1326},"actor":{"position":{"x":9712640,"y":1758336,"z":0,"angle":2147483648,"subsector":4566993032},"type":"shotgun_soldier","health":30,"id":4567137680}}
{"counter":8313,"type":"move","frame":{"millis":37887,"tic":1326},"actor":{"position":{"x":-6731264,"y":18789888,"z":0,"angle":3221225472,"subsector":4566993176},"type":"soldier","health":20,"id":4567137944}}
{"counter":8314,"type":"move","frame":{"millis":37887,"tic":1326},"actor":{"position":{"x":-5142336,"y":80639808,"z":0,"angle":0,"subsector":4566996760},"type":"shotgun_soldier","health":30,"id":4567155104}}
{"counter":8315,"type":"move","frame":{"millis":37887,"tic":1326},"actor":{"position":{"x":-21819008,"y":55849984,"z":0,"angle":1073741824,"subsector":4566993384},"type":"shotgun_soldier","health":30,"id":4567155632}}
{"counter":8316,"type":"move","frame":{"millis":37887,"tic":1326},"actor":{"position":{"x":-18890432,"y":55267392,"z":0,"angle":536870912,"subsector":4566993320},"type":"shotgun_soldier","health":30,"id":4567155896}}
{"counter":8317,"type":"move","frame":{"millis":37887,"tic":1326},"actor":{"position":{"x":-3241216,"y":24620416,"z":0,"angle":0,"subsector":4566993432},"type":"shotgun_soldier","health":30,"id":4567156160}}
{"counter":8318,"type":"move","frame":{"millis":37887,"tic":1326},"actor":{"position":{"x":2287680,"y":24472128,"z":0,"angle":3758096384,"subsector":4566993432},"type":"shotgun_soldier","health":30,"id":4567156424}}
{"counter":8319,"type":"move","frame":{"millis":37887,"tic":1326},"actor":{"position":{"x":11760020,"y":17047395,"z":1048576,"angle":0,"subsector":4566993096},"type":"spectre","health":-6,"id":4567162232}}
{"counter":8320,"type":"move","frame":{"millis":37915,"tic":1327},"actor":{"position":{"x":11289415,"y":25430350,"z":3670016,"angle":3238002688,"subsector":4566993480},"type":"player","health":36,"armor":53,"id":4567120880}}
{"counter":8321,"type":"move","frame":{"millis":37915,"tic":1327},"actor":{"position":{"x":11284179,"y":25639348,"z":3670016,"angle":3238002688,"subsector":4566993480},"type":"player","health":36,"armor":53,"id":4567120880}}
{"counter":8322,"type":"move","frame":{"millis":37915,"tic":1327},"actor":{"position":{"x":1217984,"y":18381760,"z":0,"angle":0,"subsector":4566993176},"type":"imp","health":60,"id":4567132928}}
{"counter":8323,"type":"move","frame":{"millis":37915,"tic":1327},"actor":{"position":{"x":-10846144,"y":26320448,"z":0,"angle":1610612736,"subsector":4566993432},"type":"soldier","health":20,"id":4567138208}}
{"counter":8324,"type":"move","frame":{"millis":37915,"tic":1327},"actor":{"position":{"x":11764385,"y":16975848,"z":1048576,"angle":0,"subsector":4566993096},"type":"spectre","health":-6,"id":4567162232}}
{"counter":8325,"type":"move","frame":{"millis":37915,"tic":1327},"actor":{"position":{"x":59833904,"y":26871248,"z":0,"angle":0,"subsector":4566994312},"type":"spectre","health":150,"id":4567166984}}
{"counter":8326,"type":"move","frame":{"millis":37915,"tic":1327},"actor":{"position":{"x":767616,"y":27421824,"z":0,"angle":2147483648,"subsector":4566993432},"type":"shotgun_soldier","health":30,"id":4567172528}}
{"counter":8327,"type":"move","frame":{"millis":37943,"tic":1328},"actor":{"position":{"x":11284179,"y":25639348,"z":3670016,"angle":3238002688,"subsector":4566993480},"type":"player","health":36,"armor":53,"id":4567120880}}
{"counter":8328,"type":"move","frame":{"millis":37943,"tic":1328},"actor":{"position":{"x":11279279,"y":25834894,"z":3670016,"angle":3238002688,"subsector":4566993480},"type":"player","health":36,"armor":53,"id":4567120880}}
{"counter":8329,"type":"move","frame":{"millis":37943,"tic":1328},"actor":{"position":{"x":-16099584,"y":54303744,"z":0,"angle":3758096384,"subsector":4566993320},"type":"soldier","health":20,"id":4567138736}}
{"counter":8330,"type":"move","frame":{"millis":37943,"tic":1328},"actor":{"position":{"x":-4040960,"y":18736640,"z":0,"angle":3221225472,"subsector":4566993176},"type":"soldier","health":20,"id":4567139528}}
{"counter":8331,"type":"move","frame":{"millis":37943,"tic":1328},"actor":{"position":{"x":-24975296,"y":56183744,"z":0,"angle":1073741824,"subsector":4566993384},"type":"shotgun_soldier","health":30,"id":4567155368}}
{"counter":8332,"type":"move","frame":{"millis":37943,"tic":1328},"actor":{"position":{"x":11768750,"y":16904301,"z":1048576,"angle":0,"subsector":4566993096},"type":"spectre","health":-6,"id":4567162232}}
{"counter":8333,"type":"move","frame":{"millis":37972,"tic":1329},"actor":{"position":{"x":11274838,"y":26012107,"z":3670016,"angle":3238002688,"subsector":4566993480},"type":"player","health":36,"armor":53,"id":4567120880}}
{"counter":8334,"type":"move","frame":{"millis":37972,"tic":1329},"actor":{"position":{"x":9188352,"y":1758336,"z":0,"angle":2147483648,"subsector":4566993032},"type":"shotgun_soldier","health":30,"id":4567137680}}
{"counter":8335,"type":"move","frame":{"millis":37972,"tic":1329},"actor":{"position":{"x":397120,"y":84537536,"z":0,"angle":2147483648,"subsector":4566996760},"type":"soldier","health":20,"id":4567139000}}
{"counter":8336,"type":"move","frame":{"millis":37972,"tic":1329},"actor":{"position":{"x":-4618048,"y":80639808,"z":0,"angle":0,"subsector":4566996760},"type":"shotgun_soldier","health":30,"id":4567155104}}
{"counter":8337,"type":"move","frame":{"millis":37972,"tic":1329},"actor":{"position":{"x":-21819008,"y":55325696,"z":0,"angle":536870912,"subsector":4566993384},"type":"shotgun_soldier","health":30,"id":4567155632}}
{"counter":8338,"type":"move","frame":{"millis":37972,"tic":1329},"actor":{"position":{"x":-18890432,"y":54743104,"z":0,"angle":0,"subsector":4566993320},"type":"shotgun_soldier","health":30,"id":4567155896}}
{"counter":8339,"type":"move","frame":{"millis":37972,"tic":1329},"actor":{"position":{"x":-3241216,"y":25144704,"z":0,"angle":536870912,"subsector":4566993432},"type":"shotgun_soldier","health":30,"id":4567156160}}
{"counter":8340,"type":"move","frame":{"millis":37972,"tic":1329},"actor":{"position":{"x":2811968,"y":24472128,"z":0,"angle":3221225472,"subsector":4566993432},"type":"shotgun_soldier","health":30,"id":4567156424}}
{"counter":8341,"type":"move","frame":{"millis":37972,"tic":1329},"actor":{"position":{"x":11773115,"y":16832754,"z":1048576,"angle":0,"subsector":4566993096},"type":"spectre","health":-6,"id":4567162232}}
{"counter":8342,"type":"move","frame":{"millis":37972,"tic":1329},"actor":{"position":{"x":59363904,"y":26401248,"z":0,"angle":0,"subsector":4566994312},"type":"spectre","health":150,"id":4567166984}}
{"counter":8343,"type":"move","frame":{"millis":38000,"tic":1330},"actor":{"position":{"x":11270813,"y":26172706,"z":3670016,"angle":3238002688,"subsector":4566993480},"type":"player","health":36,"armor":53,"id":4567120880}}
{"counter":8344,"type":"move","frame":{"millis":38000,"tic":1330},"actor":{"position":{"x":1742272,"y":18381760,"z":0,"angle":0,"subsector":4566993176},"type":"imp","health":60,"id":4567132928}}
{"counter":8345,"type":"move","frame":{"millis":38000,"tic":1330},"actor":{"position":{"x":-6731264,"y":19314176,"z":0,"angle":3221225472,"subsector":4566993176},"type":"soldier","health":20,"id":4567137944}}
{"counter":8346,"type":"move","frame":{"millis":38000,"tic":1330},"actor":{"position":{"x":0,"y":24509312,"z":0,"angle":3221225472,"subsector":4566993432},"type":"shotgun_soldier","health":30,"id":4567139792}}
{"counter":8347,"type":"move","frame":{"millis":38000,"tic":1330},"actor":{"position":{"x":11777480,"y":16761207,"z":1048576,"angle":0,"subsector":4566993032},"type":"spectre","health":-6,"id":4567162232}}
{"counter":8348,"type":"move","frame":{"millis":38000,"tic":1330},"actor":{"position":{"x":243328,"y":27421824,"z":0,"angle":2147483648,"subsector":4566993432},"type":"shotgun_soldier","health":30,"id":4567172528}}
{"counter":8349,"type":"move","frame":{"millis":38029,"tic":1331},"actor":{"position":{"x":11267165,"y":26318248,"z":3670016,"angle":3238002688,"subsector":4566993496},"type":"player","health":36,"armor":53,"id":4567120880}}
{"counter":8350,"type":"move","frame":{"millis":38029,"tic":1331},"actor":{"position":{"x":-11222144,"y":26696448,"z":0,"angle":1610612736,"subsector":4566993432},"type":"soldier","health":20,"id":4567138208}}
{"counter":8351,"type":"move","frame":{"millis":38029,"tic":1331},"actor":{"position":{"x":-24975296,"y":56708032,"z":0,"angle":1073741824,"subsector":4566993384},"type":"shotgun_soldier","health":30,"id":4567155368}}
{"counter":8352,"type":"move","frame":{"millis":38029,"tic":1331},"actor":{"position":{"x":11781845,"y":16689660,"z":1048576,"angle":0,"subsector":4566993032},"type":"spectre","health":-6,"id":4567162232}}
{"counter":8353,"type":"move","frame":{"millis":38029,"tic":1331},"actor":{"position":{"x":58893904,"y":25931248,"z":0,"angle":3758096384,"subsector":4566994312},"type":"spectre","health":150,"id":4567166984}}
{"counter":8354,"type":"move","frame":{"millis":38058,"tic":1332},"actor":{"position":{"x":11263859,"y":26450145,"z":3670016,"angle":3238002688,"subsector":4566993496},"type":"player","health":36,"armor":53,"id":4567120880}}
{"counter":8355,"type":"move","frame":{"millis":38058,"tic":1332},"actor":{"position":{"x":8664064,"y":1758336,"z":0,"angle":2147483648,"subsector":4566993032},"type":"shotgun_soldier","health":30,"id":4567137680}}
{"counter":8356,"type":"move","frame":{"millis":38058,"tic":1332},"actor":{"position":{"x":-16099584,"y":53779456,"z":0,"angle":3221225472,"subsector":4566993320},"type":"soldier","health":20,"id":4567138736}}
{"counter":8357,"type":"move","frame":{"millis":38058,"tic":1332},"actor":{"position":{"x":-4040960,"y":18212352,"z":0,"angle":3221225472,"subsector":4566993176},"type":"soldier","health":20,"id":4567139528}}
{"counter":8358,"type":"move","frame":{"millis":38058,"tic":1332},"actor":{"position":{"x":-4093760,"y":80639808,"z":0,"angle":0,"subsector":4566996760},"type":"shotgun_soldier","health":30,"id":4567155104}}
{"counter":8359,"type":"move","frame":{"millis":38058,"tic":1332},"actor":{"position":{"x":-21819008,"y":54801408,"z":0,"angle":0,"subsector":4566993384},"type":"shotgun_soldier","health":30,"id":4567155632}}
{"counter":8360,"type":"move","frame":{"millis":38058,"tic":1332},"actor":{"position":{"x":-18890432,"y":54218816,"z":0,"angle":3758096384,"subsector":4566993320},"type":"shotgun_soldier","health":30,"id":4567155896}}
{"counter":8361,"type":"move","frame":{"millis":38058,"tic":1332},"actor":{"position":{"x":-2865216,"y":25520704,"z":0,"angle":1073741824,"subsector":4566993432},"type":"shotgun_soldier","health":30,"id":4567156160}}
{"counter":8362,"type":"move","frame":{"millis":38058,"tic":1332},"actor":{"position":{"x":11786210,"y":16618113,"z":1048576,"angle":0,"subsector":4566993032},"type":"spectre","health":-6,"id":4567162232}}
{"counter":8363,"type":"move","frame":{"millis":38086,"tic":1333},"actor":{"position":{"x":11263859,"y":26450145,"z":3670016,"angle":3238002688,"subsector":4566993496},"type":"player","health":36,"armor":53,"id":4567120880}}
{"counter":8364,"type":"move","frame":{"millis":38086,"tic":1333},"actor":{"position":{"x":11260913,"y":26567628,"z":3670016,"angle":3238002688,"subsector":4566993496},"type":"player","health":36,"armor":53,"id":4567120880}}
{"counter":8365,"type":"move","frame":{"millis":38086,"tic":1333},"actor":{"position":{"x":2266560,"y":18381760,"z":0,"angle":0,"subsector":4566993176},"type":"imp","health":60,"id":4567132928}}
{"counter":8366,"type":"move","frame":{"millis":38086,"tic":1333},"actor":{"position":{"x":-127168,"y":84537536,"z":0,"angle":2147483648,"subsector":4566996760},"type":"soldier","health":20,"id":4567139000}}
{"counter":8367,"type":"move","frame":{"millis":38086,"tic":1333},"actor":{"position":{"x":11790575,"y":16546566,"z":1048576,"angle":0,"subsector":4566993032},"type":"spectre","health":-6,"id":4567162232}}
{"counter":8368,"type":"move","frame":{"millis":38086,"tic":1333},"actor":{"position":{"x":58423904,"y":25461248,"z":0,"angle":3221225472,"subsector":4566994312},"type":"spectre","health":150,"id":4567166984}}
{"counter":8369,"type":"move","frame":{"millis":38086,"tic":1333},"actor":{"position":{"x":619328,"y":27797824,"z":0,"angle":2147483648,"subsector":4566993432},"type":"shotgun_soldier","health":30,"id":4567172528}}
{"counter":8370,"type":"move","frame":{"millis":38116,"tic":1334},"actor":{"position":{"x":11260913,"y":26567628,"z":3670016,"angle":3238002688,"subsector":4566993496},"type":"player","health":36,"armor":53,"id":4567120880}}
{"counter":8371,"type":"move","frame":{"millis":38116,"tic":1334},"actor":{"position":{"x":11258957,"y":26645433,"z":3670016,"angle":3238002688,"subsector":4566993496},"type":"player","health":36,"armor":53,"id":4567120880}}
{"counter":8372,"type":"move","frame":{"millis":38116,"tic":1334},"actor":{"position":{"x":-6731264,"y":19838464,"z":0,"angle":3758096384,"subsector":4566993176},"type":"soldier","health":20,"id":4567137944}}
{"counter":8373,"type":"move","frame":{"millis":38116,"tic":1334},"actor":{"position":{"x":-24975296,"y":57232320,"z":0,"angle":1073741824,"subsector":4566993384},"type":"shotgun_soldier","health":30,"id":4567155368}}
{"counter":8374,"type":"move","frame":{"millis":38116,"tic":1334},"actor":{"position":{"x":11794940,"y":16475019,"z":1048576,"angle":0,"subsector":4566993032},"type":"spectre","health":-6,"id":4567162232}}
{"counter":8375,"type":"move","frame":{"millis":38143,"tic":1335},"actor":{"position":{"x":11258957,"y":26645433,"z":3670016,"angle":3238002688,"subsector":4566993496},"type":"player","health":36,"armor":53,"id":4567120880}}
{"counter":8376,"type":"move","frame":{"millis":38143,"tic":1335},"actor":{"position":{"x":11257796,"y":26691374,"z":3670016,"angle":3238002688,"subsector":4566993496},"type":"player","health":36,"armor":53,"id":4567120880}}
{"counter":8377,"type":"move","frame":{"millis":38143,"tic":1335},"actor":{"position":{"x":8139776,"y":1758336,"z":0,"angle":2147483648,"subsector":4566993032},"type":"shotgun_soldier","health":30,"id":4567137680}}
{"counter":8378,"type":"move","frame":{"millis":38143,"tic":1335},"actor":{"position":{"x":-11598144,"y":27072448,"z":0,"angle":1610612736,"subsector":4566993432},"type":"soldier","health":20,"id":4567138208}}
{"counter":8379,"type":"move","frame":{"millis":38143,"tic":1335},"actor":{"position":{"x":-3569472,"y":80639808,"z":0,"angle":0,"subsector":4566996760},"type":"shotgun_soldier","health":30,"id":4567155104}}
{"counter":8380,"type":"move","frame":{"millis":38143,"tic":1335},"actor":{"position":{"x":-21819008,"y":54277120,"z":0,"angle":3758096384,"subsector":4566993384},"type":"shotgun_soldier","health":30,"id":4567155632}}
{"counter":8381,"type":"move","frame":{"millis":38143,"tic":1335},"actor":{"position":{"x":-18890432,"y":53694528,"z":0,"angle":3221225472,"subsector":4566993320},"type":"shotgun_soldier","health":30,"id":4567155896}}
{"counter":8382,"type":"move","frame":{"millis":38143,"tic":1335},"actor":{"position":{"x":-2865216,"y":26044992,"z":0,"angle":536870912,"subsector":4566993432},"type":"shotgun_soldier","health":30,"id":4567156160}}
{"counter":8383,"type":"move","frame":{"millis":38143,"tic":1335},"actor":{"position":{"x":2811968,"y":24996416,"z":0,"angle":3758096384,"subsector":4566993432},"type":"shotgun_soldier","health":30,"id":4567156424}}
{"counter":8384,"type":"move","frame":{"millis":38143,"tic":1335},"actor":{"position":{"x":11799305,"y":16403472,"z":1048576,"angle":0,"subsector":4566993032},"type":"spectre","health":-6,"id":4567162232}}
{"counter":8385,"type":"move","frame":{"millis":38143,"tic":1335},"actor":{"position":{"x":57953904,"y":24991248,"z":0,"angle":2684354560,"subsector":4566994312},"type":"spectre","health":150,"id":4567166984}}
{"counter":8386,"type":"move","frame":{"millis":38173,"tic":1336},"actor":{"position":{"x":11257796,"y":26691374,"z":3670016,"angle":3238002688,"subsector":4566993496},"type":"player","health":36,"armor":53,"id":4567120880}}
{"counter":8387,"type":"move","frame":{"millis":38173,"tic":1336},"actor":{"position":{"x":11257355,"y":26708439,"z":3670016,"angle":3238002688,"subsector":4566993496},"type":"player","health":36,"armor":53,"id":4567120880}}
{"counter":8388,"type":"move","frame":{"millis":38173,"tic":1336},"actor":{"position":{"x":2790848,"y":18381760,"z":0,"angle":0,"subsector":4566993176},"type":"imp","health":60,"id":4567132928}}
{"counter":8389,"type":"move","frame":{"millis":38173,"tic":1336},"actor":{"position":{"x":-16099584,"y":53255168,"z":0,"angle":3221225472,"subsector":4566993320},"type":"soldier","health":20,"id":4567138736}}
{"counter":8390,"type":"move","frame":{"millis":38173,"tic":1336},"actor":{"position":{"x":-4040960,"y":17688064,"z":0,"angle":3221225472,"subsector":4566993176},"type":"soldier","health":20,"id":4567139528}}
{"counter":8391,"type":"move","frame":{"millis":38173,"tic":1336},"actor":{"position":{"x":0,"y":25033600,"z":0,"angle":3758096384,"subsector":4566993432},"type":"shotgun_soldier","health":30,"id":4567139792}}
{"counter":8392,"type":"move","frame":{"millis":38173,"tic":1336},"actor":{"position":{"x":11803670,"y":16331925,"z":1048576,"angle":0,"subsector":4566993032},"type":"spectre","health":-6,"id":4567162232}}
{"counter":8393,"type":"move","frame":{"millis":38173,"tic":1336},"actor":{"position":{"x":995328,"y":28173824,"z":0,"angle":1610612736,"subsector":4566993432},"type":"shotgun_soldier","health":30,"id":4567172528}}
{"counter":8394,"type":"move","frame":{"millis":38200,"tic":1337},"actor":{"position":{"x":11257355,"y":26708439,"z":3670016,"angle":3238002688,"subsector":4566993496},"type":"player","health":36,"armor":53,"id":4567120880}}
{"counter":8395,"type":"move","frame":{"millis":38200,"tic":1337},"actor":{"position":{"x":11257567,"y":26699335,"z":3670016,"angle":3238002688,"subsector":4566993496},"type":"player","health":36,"armor":53,"id":4567120880}}
{"counter":8396,"type":"move","frame":{"millis":38200,"tic":1337},"actor":{"position":{"x":-651456,"y":84537536,"z":0,"angle":2147483648,"subsector":4566996760},"type":"soldier","health":20,"id":4567139000}}
{"counter":8397,"type":"move","frame":{"millis":38200,"tic":1337},"actor":{"position":{"x":-24975296,"y":57756608,"z":0,"angle":1073741824,"subsector":4566993384},"type":"shotgun_soldier","health":30,"id":4567155368}}
{"counter":8398,"type":"move","frame":{"millis":38200,"tic":1337},"actor":{"position":{"x":11808035,"y":16260378,"z":1048576,"angle":0,"subsector":4566993032},"type":"spectre","health":-6,"id":4567162232}}
{"counter":8399,"type":"move","frame":{"millis":38200,"tic":1337},"actor":{"position":{"x":57483904,"y":24521248,"z":0,"angle":2684354560,"subsector":4566994312},"type":"spectre","health":150,"id":4567166984}}
{"counter":8400,"type":"move","frame":{"millis":38230,"tic":1338},"actor":{"position":{"x":11257567,"y":26699335,"z":3670016,"angle":3238002688,"subsector":4566993496},"type":"player","health":36,"armor":53,"id":4567120880}}
{"counter":8401,"type":"move","frame":{"millis":38230,"tic":1338},"actor":{"position":{"x":11258626,"y":26656279,"z":3670016,"angle":3238002688,"subsector":4566993496},"type":"player","health":36,"armor":53,"id":4567120880}}
{"counter":8402,"type":"move","frame":{"millis":38230,"tic":1338},"actor":{"position":{"x":7615488,"y":1758336,"z":0,"angle":2147483648,"subsector":4566993032},"type":"shotgun_soldier","health":30,"id":4567137680}}
{"counter":8403,"type":"move","frame":{"millis":38230,"tic":1338},"actor":{"position":{"x":-6731264,"y":20362752,"z":0,"angle":0,"subsector":4566993224},"type":"soldier","health":20,"id":4567137944}}
{"counter":8404,"type":"move","frame":{"millis":38230,"tic":1338},"actor":{"position":{"x":-3045184,"y":80639808,"z":0,"angle":0,"subsector":4566996760},"type":"shotgun_soldier","health":30,"id":4567155104}}
{"counter":8405,"type":"move","frame":{"millis":38230,"tic":1338},"actor":{"position":{"x":-21819008,"y":53752832,"z":0,"angle":3221225472,"subsector":4566993384},"type":"shotgun_soldier","health":30,"id":4567155632}}
{"counter":8406,"type":"move","frame":{"millis":38230,"tic":1338},"actor":{"position":{"x":-18890432,"y":53170240,"z":0,"angle":3221225472,"subsector":4566993320},"type":"shotgun_soldier","health":30,"id":4567155896}}
{"counter":8407,"type":"move","frame":{"millis":38230,"tic":1338},"actor":{"position":{"x":-2865216,"y":26569280,"z":0,"angle":1073741824,"subsector":4566993432},"type":"shotgun_soldier","health":30,"id":4567156160}}
{"counter":8408,"type":"move","frame":{"millis":38230,"tic":1338},"actor":{"position":{"x":2811968,"y":25520704,"z":0,"angle":0,"subsector":4566993432},"type":"shotgun_soldier","health":30,"id":4567156424}}
{"counter":8409,"type":"move","frame":{"millis":38230,"tic":1338},"actor":{"position":{"x":11812400,"y":16188831,"z":917504,"angle":0,"subsector":4566993032},"type":"spectre","health":-6,"id":4567162232}}
{"counter":8410,"type":"move","frame":{"millis":38258,"tic":1339},"actor":{"position":{"x":11258626,"y":26656279,"z":3670016,"angle":3238002688,"subsector":4566993496},"type":"player","health":36,"armor":53,"id":4567120880}}
{"counter":8411,"type":"move","frame":{"millis":38258,"tic":1339},"actor":{"position":{"x":11261626,"y":26535365,"z":3670016,"angle":3238002688,"subsector":4566993496},"type":"player","health":36,"armor":53,"id":4567120880}}
{"counter":8412,"type":"move","frame":{"millis":38258,"tic":1339},"actor":{"position":{"x":2790848,"y":17857472,"z":0,"angle":0,"subsector":4566993176},"type":"imp","health":60,"id":4567132928}}
{"counter":8413,"type":"move","frame":{"millis":38258,"tic":1339},"actor":{"position":{"x":-11974144,"y":27448448,"z":0,"angle":1610612736,"subsector":4566993432},"type":"soldier","health":20,"id":4567138208}}
{"counter":8414,"type":"move","frame":{"millis":38258,"tic":1339},"actor":{"position":{"x":0,"y":24509312,"z":0,"angle":0,"subsector":4566993432},"type":"shotgun_soldier","health":30,"id":4567139792}}
{"counter":8415,"type":"move","frame":{"millis":38258,"tic":1339},"actor":{"position":{"x":11816765,"y":16117284,"z":720896,"angle":0,"subsector":4566993032},"type":"spectre","health":-6,"id":4567162232}}
{"counter":8416,"type":"move","frame":{"millis":38258,"tic":1339},"actor":{"position":{"x":57013904,"y":24991248,"z":0,"angle":2684354560,"subsector":4566994312},"type":"spectre","health":150,"id":4567166984}}
{"counter":8417,"type":"move","frame":{"millis":38258,"tic":1339},"actor":{"position":{"x":1371328,"y":28549824,"z":0,"angle":1073741824,"subsector":4566993432},"type":"shotgun_soldier","health":30,"id":4567172528}}
{"counter":8418,"type":"move","frame":{"millis":38286,"tic":1340},"actor":{"position":{"x":11261626,"y":26535365,"z":3670016,"angle":3238002688,"subsector":4566993496},"type":"player","health":36,"armor":53,"id":4567120880}}
{"counter":8419,"type":"move","frame":{"millis":38286,"tic":1340},"actor":{"position":{"x":11265466,"y":26380744,"z":3670016,"angle":3238002688,"subsector":4566993496},"type":"player","health":36,"armor":53,"id":4567120880}}
{"counter":8420,"type":"move","frame":{"millis":38286,"tic":1340},"actor":{"position":{"x":-16099584,"y":52730880,"z":0,"angle":3221225472,"subsector":4566993320},"type":"soldier","health":20,"id":4567138736}}
{"counter":8421,"type":"move","frame":{"millis":38286,"tic":1340},"actor":{"position":{"x":-4040960,"y":17163776,"z":0,"angle":3221225472,"subsector":4566993176},"type":"soldier","health":20,"id":4567139528}}
{"counter":8422,"type":"move","frame":{"millis":38286,"tic":1340},"actor":{"position":{"x":-24599296,"y":57380608,"z":0,"angle":1073741824,"subsector":4566993384},"type":"shotgun_soldier","health":30,"id":4567155368}}
{"counter":8423,"type":"move","frame":{"millis":38286,"tic":1340},"actor":{"position":{"x":11821130,"y":16045737,"z":524288,"angle":0,"subsector":4566993032},"type":"spectre","health":-6,"id":4567162232}}
{"counter":8424,"type":"move","frame":{"millis":38315,"tic":1341},"actor":{"position":{"x":11265466,"y":26380744,"z":3670016,"angle":3238002688,"subsector":4566993496},"type":"player","health":36,"armor":53,"id":4567120880}}
{"counter":8425,"type":"move","frame":{"millis":38315,"tic":1341},"actor":{"position":{"x":11270068,"y":26195576,"z":3670016,"angle":3238002688,"subsector":4566993480},"type":"player","health":36,"armor":53,"id":4567120880}}
{"counter":8426,"type":"move","frame":{"millis":38315,"tic":1341},"actor":{"position":{"x":7091200,"y":1758336,"z":0,"angle":2147483648,"subsector":4566993032},"type":"shotgun_soldier","health":30,"id":4567137680}}
{"counter":8427,"type":"move","frame":{"millis":38315,"tic":1341},"actor":{"position":{"x":-1175744,"y":84537536,"z":0,"angle":2147483648,"subsector":4566996760},"type":"soldier","health":20,"id":4567139000}}
{"counter":8428,"type":"move","frame":{"millis":38315,"tic":1341},"actor":{"position":{"x":-2669184,"y":80263808,"z":0,"angle":0,"subsector":4566996760},"type":"shotgun_soldier","health":30,"id":4567155104}}
{"counter":8429,"type":"move","frame":{"millis":38315,"tic":1341},"actor":{"position":{"x":-21819008,"y":53228544,"z":0,"angle":3221225472,"subsector":4566993384},"type":"shotgun_soldier","health":30,"id":4567155632}}
{"counter":8430,"type":"move","frame":{"millis":38315,"tic":1341},"actor":{"position":{"x":-18890432,"y":53694528,"z":0,"angle":3221225472,"subsector":4566993320},"type":"shotgun_soldier","health":30,"id":4567155896}}
{"counter":8431,"type":"move","frame":{"millis":38315,"tic":1341},"actor":{"position":{"x":-2865216,"y":27093568,"z":0,"angle":1073741824,"subsector":4566993432},"type":"shotgun_soldier","health":30,"id":4567156160}}
{"counter":8432,"type":"move","frame":{"millis":38315,"tic":1341},"actor":{"position":{"x":2811968,"y":24996416,"z":0,"angle":536870912,"subsector":4566993432},"type":"shotgun_soldier","health":30,"id":4567156424}}
{"counter":8433,"type":"move","frame":{"millis":38315,"tic":1341},"actor":{"position":{"x":11825495,"y":15974190,"z":524288,"angle":0,"subsector":4566993032},"type":"spectre","health":-6,"id":4567162232}}
{"counter":8434,"type":"move","frame":{"millis":38315,"tic":1341},"actor":{"position":{"x":56543904,"y":25461248,"z":0,"angle":2147483648,"subsector":4566994312},"type":"spectre","health":150,"id":4567166984}}
{"counter":8435,"type":"move","frame":{"millis":38344,"tic":1342},"actor":{"position":{"x":11270068,"y":26195576,"z":3670016,"angle":3238002688,"subsector":4566993480},"type":"player","health":36,"armor":53,"id":4567120880}}
{"counter":8436,"type":"move","frame":{"millis":38344,"tic":1342},"actor":{"position":{"x":11276789,"y":25925399,"z":3670016,"angle":3238002688,"subsector":4566993480},"type":"player","health":36,"armor":53,"id":4567120880}}
{"counter":8437,"type":"move","frame":{"millis":38344,"tic":1342},"actor":{"position":{"x":2790848,"y":17333184,"z":0,"angle":3758096384,"subsector":4566993176},"type":"imp","health":60,"id":4567132928}}
{"counter":8438,"type":"move","frame":{"millis":38344,"tic":1342},"actor":{"position":{"x":-6731264,"y":20887040,"z":0,"angle":536870912,"subsector":4566993224},"type":"soldier","health":20,"id":4567137944}}
{"counter":8439,"type":"move","frame":{"millis":38344,"tic":1342},"actor":{"position":{"x":0,"y":25033600,"z":0,"angle":3758096384,"subsector":4566993432},"type":"shotgun_soldier","health":30,"id":4567139792}}
{"counter":8440,"type":"move","frame":{"millis":38344,"tic":1342},"actor":{"position":{"x":11829860,"y":15902643,"z":524288,"angle":0,"subsector":4566993032},"type":"spectre","health":-6,"id":4567162232}}
{"counter":8441,"type":"move","frame":{"millis":38344,"tic":1342},"actor":{"position":{"x":1747328,"y":28925824,"z":0,"angle":536870912,"subsector":4566993432},"type":"shotgun_soldier","health":30,"id":4567172528}}
{"counter":8442,"type":"move","frame":{"millis":38372,"tic":1343},"actor":{"position":{"x":11276789,"y":25925399,"z":3670016,"angle":3238002688,"subsector":4566993480},"type":"player","health":36,"armor":53,"id":4567120880}}
{"counter":8443,"type":"move","frame":{"millis":38372,"tic":1343},"actor":{"position":{"x":11285277,"y":25584325,"z":3670016,"angle":3238002688,"subsector":4566993480},"type":"player","health":36,"armor":53,"id":4567120880}}
{"counter":8444,"type":"move","frame":{"millis":38372,"tic":1343},"actor":{"position":{"x":-12350144,"y":27824448,"z":0,"angle":1610612736,"subsector":4566993432},"type":"soldier","health":20,"id":4567138208}}
{"counter":8445,"type":"move","frame":{"millis":38372,"tic":1343},"actor":{"position":{"x":-24223296,"y":57004608,"z":0,"angle":536870912,"subsector":4566993384},"type":"shotgun_soldier","health":30,"id":4567155368}}
{"counter":8446,"type":"move","frame":{"millis":38372,"tic":1343},"actor":{"position":{"x":11834225,"y":15831096,"z":524288,"angle":0,"subsector":4566993032},"type":"spectre","health":-6,"id":4567162232}}
{"counter":8447,"type":"move","frame":{"millis":38372,"tic":1343},"actor":{"position":{"x":56543904,"y":24805888,"z":0,"angle":1610612736,"subsector":4566994312},"type":"spectre","health":150,"id":4567166984}}
{"counter":8448,"type":"move","frame":{"millis":38400,"tic":1344},"actor":{"position":{"x":11285277,"y":25584325,"z":3670016,"angle":3238002688,"subsector":4566993480},"type":"player","health":36,"armor":53,"id":4567120880}}
{"counter":8449,"type":"move","frame":{"millis":38400,"tic":1344},"actor":{"position":{"x":11295469,"y":25174906,"z":3670016,"angle":3238002688,"subsector":4566993480},"type":"player","health":36,"armor":53,"id":4567120880}}
{"counter":8450,"type":"move","frame":{"millis":38400,"tic":1344},"actor":{"position":{"x":6566912,"y":1758336,"z":0,"angle":2147483648,"subsector":4566993032},"type":"shotgun_soldier","health":30,"id":4567137680}}
{"counter":8451,"type":"move","frame":{"millis":38400,"tic":1344},"actor":{"position":{"x":-16099584,"y":53255168,"z":0,"angle":3221225472,"subsector":4566993320},"type":"soldier","health":20,"id":4567138736}}
{"counter":8452,"type":"move","frame":{"millis":38400,"tic":1344},"actor":{"position":{"x":-4040960,"y":16639488,"z":0,"angle":3221225472,"subsector":4566993176},"type":"soldier","health":20,"id":4567139528}}
{"counter":8453,"type":"move","frame":{"millis":38400,"tic":1344},"actor":{"position":{"x":-2669184,"y":79739520,"z":0,"angle":3758096384,"subsector":4566996760},"type":"shotgun_soldier","health":30,"id":4567155104}}
{"counter":8454,"type":"move","frame":{"millis":38400,"tic":1344},"actor":{"position":{"x":-21819008,"y":52704256,"z":0,"angle":3221225472,"subsector":4566993384},"type":"shotgun_soldier","health":30,"id":4567155632}}
{"counter":8455,"type":"move","frame":{"millis":38400,"tic":1344},"actor":{"position":{"x":-18890432,"y":54218816,"z":0,"angle":3758096384,"subsector":4566993320},"type":"shotgun_soldier","health":30,"id":4567155896}}
{"counter":8456,"type":"move","frame":{"millis":38400,"tic":1344},"actor":{"position":{"x":-2865216,"y":27617856,"z":0,"angle":1073741824,"subsector":4566993432},"type":"shotgun_soldier","health":30,"id":4567156160}}
{"counter":8457,"type":"move","frame":{"millis":38400,"tic":1344},"actor":{"position":{"x":2811968,"y":24472128,"z":0,"angle":0,"subsector":4566993432},"type":"shotgun_soldier","health":30,"id":4567156424}}
{"counter":8458,"type":"move","frame":{"millis":38400,"tic":1344},"actor":{"position":{"x":11838590,"y":15759549,"z":524288,"angle":0,"subsector":4566993032},"type":"spectre","health":-6,"id":4567162232}}
{"counter":8459,"type":"move","frame":{"millis":38429,"tic":1345},"actor":{"position":{"x":11295469,"y":25174906,"z":3670016,"angle":3221225472,"subsector":4566993480},"type":"player","health":36,"armor":53,"id":4567120880}}
{"counter":8460,"type":"move","frame":{"millis":38429,"tic":1345},"actor":{"position":{"x":11304744,"y":24701471,"z":3670016,"angle":3221225472,"subsector":4566993480},"type":"player","health":36,"armor":53,"id":4567120880}}
{"counter":8461,"type":"move","frame":{"millis":38429,"tic":1345},"actor":{"position":{"x":2790848,"y":16808896,"z":0,"angle":3221225472,"subsector":4566993176},"type":"imp","health":60,"id":4567132928}}
{"counter":8462,"type":"move","frame":{"millis":38429,"tic":1345},"actor":{"position":{"x":-1700032,"y":84537536,"z":0,"angle":2147483648,"subsector":4566996760},"type":"soldier","health":20,"id":4567139000}}
{"counter":8463,"type":"move","frame":{"millis":38429,"tic":1345},"actor":{"position":{"x":0,"y":25557888,"z":0,"angle":0,"subsector":4566993432},"type":"shotgun_soldier","health":30,"id":4567139792}}
{"counter":8464,"type":"move","frame":{"millis":38429,"tic":1345},"actor":{"position":{"x":11842955,"y":15688002,"z":524288,"angle":0,"subsector":4566993032},"type":"spectre","health":-6,"id":4567162232}}
{"counter":8465,"type":"move","frame":{"millis":38429,"tic":1345},"actor":{"position":{"x":56543904,"y":24150528,"z":0,"angle":2147483648,"subsector":4566994312},"type":"spectre","health":150,"id":4567166984}}
{"counter":8466,"type":"move","frame":{"millis":38429,"tic":1345},"actor":{"position":{"x":2123328,"y":29301824,"z":0,"angle":536870912,"subsector":4566993432},"type":"shotgun_soldier","health":30,"id":4567172528}}
{"counter":8467,"type":"move","frame":{"millis":38458,"tic":1346},"actor":{"position":{"x":11314019,"y":24228036,"z":3670016,"angle":3221225472,"subsector":4566993464},"type":"player","health":36,"armor":53,"id":4567120880}}
{"counter":8468,"type":"enter_subsector","frame":{"millis":38458,"tic":1346},"actor":{"position":{"x":-6731264,"y":21411328,"z":0,"angle":1073741824,"subsector":4566993256},"type":"soldier","health":20,"id":4567137944}}
{"counter":8469,"type":"move","frame":{"millis":38458,"tic":1346},"actor":{"position":{"x":-6731264,"y":21411328,"z":0,"angle":1073741824,"subsector":4566993256},"type":"soldier","health":20,"id":4567137944}}
{"counter":8470,"type":"move","frame":{"millis":38458,"tic":1346},"actor":{"position":{"x":-23847296,"y":56628608,"z":0,"angle":0,"subsector":4566993384},"type":"shotgun_soldier","health":30,"id":4567155368}}
{"counter":8471,"type":"move","frame":{"millis":38458,"tic":1346},"actor":{"position":{"x":11847320,"y":15616455,"z":524288,"angle":0,"subsector":4566993032},"type":"spectre","health":-6,"id":4567162232}}
{"counter":8472,"type":"move","frame":{"millis":38487,"tic":1347},"actor":{"position":{"x":11323294,"y":23754601,"z":3538944,"angle":3221225472,"subsector":4566993464},"type":"player","health":36,"armor":53,"id":4567120880}}
{"counter":8473,"type":"move","frame":{"millis":38487,"tic":1347},"actor":{"position":{"x":6042624,"y":1758336,"z":0,"angle":2147483648,"subsector":4566993192},"type":"shotgun_soldier","health":30,"id":4567137680}}
{"counter":8474,"type":"move","frame":{"millis":38487,"tic":1347},"actor":{"position":{"x":-12726144,"y":28200448,"z":0,"angle":1610612736,"subsector":4566993432},"type":"soldier","health":20,"id":4567138208}}
{"counter":8475,"type":"move","frame":{"millis":38487,"tic":1347},"actor":{"position":{"x":-2669184,"y":79215232,"z":0,"angle":3221225472,"subsector":4566996760},"type":"shotgun_soldier","health":30,"id":4567155104}}
{"counter":8476,"type":"move","frame":{"millis":38487,"tic":1347},"actor":{"position":{"x":-22343296,"y":52704256,"z":0,"angle":3221225472,"subsector":4566993384},"type":"shotgun_soldier","health":30,"id":4567155632}}
{"counter":8477,"type":"move","frame":{"millis":38487,"tic":1347},"actor":{"position":{"x":-18890432,"y":54743104,"z":0,"angle":0,"subsector":4566993320},"type":"shotgun_soldier","health":30,"id":4567155896}}
{"counter":8478,"type":"move","frame":{"millis":38487,"tic":1347},"actor":{"position":{"x":-2865216,"y":28142144,"z":0,"angle":1073741824,"subsector":4566993432},"type":"shotgun_soldier","health":30,"id":4567156160}}
{"counter":8479,"type":"move","frame":{"millis":38487,"tic":1347},"actor":{"position":{"x":2811968,"y":24996416,"z":0,"angle":3758096384,"subsector":4566993432},"type":"shotgun_soldier","health":30,"id":4567156424}}
{"counter":8480,"type":"move","frame":{"millis":38487,"tic":1347},"actor":{"position":{"x":11851685,"y":15544908,"z":524288,"angle":0,"subsector":4566993032},"type":"spectre","health":-6,"id":4567162232}}
{"counter":8481,"type":"move","frame":{"millis":38487,"tic":1347},"actor":{"position":{"x":56543904,"y":23495168,"z":0,"angle":2684354560,"subsector":4566994312},"type":"spectre","health":150,"id":4567166984}}
{"counter":8482,"type":"move","frame":{"millis":38515,"tic":1348},"actor":{"position":{"x":11332569,"y":23281166,"z":3342336,"angle":3204448256,"subsector":4566993464},"type":"player","health":36,"armor":53,"id":4567120880}}
{"counter":8483,"type":"move","frame":{"millis":38515,"tic":1348},"actor":{"position":{"x":2790848,"y":16284608,"z":0,"angle":3221225472,"subsector":4566993176},"type":"imp","health":60,"id":4567132928}}
{"counter":8484,"type":"move","frame":{"millis":38515,"tic":1348},"actor":{"position":{"x":-16099584,"y":53779456,"z":0,"angle":3758096384,"subsector":4566993320},"type":"soldier","health":20,"id":4567138736}}
{"counter":8485,"type":"move","frame":{"millis":38515,"tic":1348},"actor":{"position":{"x":-4040960,"y":16115200,"z":0,"angle":3221225472,"subsector":4566993176},"type":"soldier","health":20,"id":4567139528}}
{"counter":8486,"type":"move","frame":{"millis":38515,"tic":1348},"actor":{"position":{"x":0,"y":26082176,"z":0,"angle":536870912,"subsector":4566993432},"type":"shotgun_soldier","health":30,"id":4567139792}}
{"counter":8487,"type":"move","frame":{"millis":38515,"tic":1348},"actor":{"position":{"x":11856050,"y":15473361,"z":524288,"angle":0,"subsector":4566993032},"type":"spectre","health":-6,"id":4567162232}}
{"counter":8488,"type":"move","frame":{"millis":38515,"tic":1348},"actor":{"position":{"x":2499328,"y":29677824,"z":0,"angle":536870912,"subsector":4566993432},"type":"shotgun_soldier","health":30,"id":4567172528}}
{"counter":8489,"type":"move","frame":{"millis":38543,"tic":1349},"actor":{"position":{"x":11341844,"y":22807731,"z":3080192,"angle":3187671040,"subsector":4566993144},"type":"player","health":36,"armor":53,"id":4567120880}}
{"counter":8490,"type":"move","frame":{"millis":38544,"tic":1349},"actor":{"position":{"x":-2224320,"y":84537536,"z":0,"angle":2147483648,"subsector":4566996760},"type":"soldier","health":20,"id":4567139000}}
{"counter":8491,"type":"move","frame":{"millis":38544,"tic":1349},"actor":{"position":{"x":-23471296,"y":56252608,"z":0,"angle":3758096384,"subsector":4566993384},"type":"shotgun_soldier","health":30,"id":4567155368}}
{"counter":8492,"type":"move","frame":{"millis":38544,"tic":1349},"actor":{"position":{"x":11860415,"y":15401814,"z":524288,"angle":0,"subsector":4566993032},"type":"spectre","health":-6,"id":4567162232}}
{"counter":8493,"type":"move","frame":{"millis":38544,"tic":1349},"actor":{"position":{"x":56543904,"y":22839808,"z":0,"angle":3221225472,"subsector":4566994312},"type":"spectre","health":150,"id":4567166984}}
{"counter":8494,"type":"move","frame":{"millis":38573,"tic":1350},"actor":{"position":{"x":11351119,"y":22334296,"z":2752512,"angle":3170893824,"subsector":4566993144},"type":"player","health":36,"armor":53,"id":4567120880}}
{"counter":8495,"type":"move","frame":{"millis":38573,"tic":1350},"actor":{"position":{"x":5518336,"y":1758336,"z":0,"angle":2147483648,"subsector":4566993192},"type":"shotgun_soldier","health":30,"id":4567137680}}
{"counter":8496,"type":"move","frame":{"millis":38573,"tic":1350},"actor":{"position":{"x":-6355264,"y":21787328,"z":0,"angle":1073741824,"subsector":4566993256},"type":"soldier","health":20,"id":4567137944}}
{"counter":8497,"type":"move","frame":{"millis":38573,"tic":1350},"actor":{"position":{"x":-3193472,"y":79215232,"z":0,"angle":3221225472,"subsector":4566996760},"type":"shotgun_soldier","health":30,"id":4567155104}}
{"counter":8498,"type":"move","frame":{"millis":38573,"tic":1350},"actor":{"position":{"x":-22867584,"y":52704256,"z":0,"angle":2684354560,"subsector":4566993384},"type":"shotgun_soldier","health":30,"id":4567155632}}
{"counter":8499,"type":"move","frame":{"millis":38573,"tic":1350},"actor":{"position":{"x":-18890432,"y":55267392,"z":0,"angle":536870912,"subsector":4566993320},"type":"shotgun_soldier","health":30,"id":4567155896}}
{"counter":8500,"type":"move","frame":{"millis":38573,"tic":1350},"actor":{"position":{"x":-2865216,"y":28666432,"z":0,"angle":1073741824,"subsector":4566993432},"type":"shotgun_soldier","health":30,"id":4567156160}}
{"counter":8501,"type":"move","frame":{"millis":38573,"tic":1350},"actor":{"position":{"x":2811968,"y":25520704,"z":0,"angle":0,"subsector":4566993432},"type":"shotgun_soldier","health":30,"id":4567156424}}
{"counter":8502,"type":"move","frame":{"millis":38573,"tic":1350},"actor":{"position":{"x":11864780,"y":15330267,"z":524288,"angle":0,"subsector":4566993032},"type":"spectre","health":-6,"id":4567162232}}
{"counter":8503,"type":"move","frame":{"millis":38600,"tic":1351},"actor":{"position":{"x":11351119,"y":22334296,"z":2621440,"angle":3154116608,"subsector":4566993144},"type":"player","health":36,"armor":53,"id":4567120880}}
{"counter":8504,"type":"move","frame":{"millis":38600,"tic":1351},"actor":{"position":{"x":11355595,"y":21811944,"z":2621440,"angle":3154116608,"subsector":4566993144},"type":"player","health":36,"armor":53,"id":4567120880}}
{"counter":8505,"type":"move","frame":{"millis":38600,"tic":1351},"actor":{"position":{"x":2790848,"y":15760320,"z":0,"angle":3221225472,"subsector":4566993176},"type":"imp","health":60,"id":4567132928}}
{"counter":8506,"type":"move","frame":{"millis":38600,"tic":1351},"actor":{"position":{"x":-13102144,"y":28576448,"z":0,"angle":1610612736,"subsector":4566993432},"type":"soldier","health":20,"id":4567138208}}
{"counter":8507,"type":"move","frame":{"millis":38600,"tic":1351},"actor":{"position":{"x":0,"y":26606464,"z":0,"angle":1073741824,"subsector":4566993432},"type":"shotgun_soldier","health":30,"id":4567139792}}
{"counter":8508,"type":"move","frame":{"millis":38600,"tic":1351},"actor":{"position":{"x":11869145,"y":15258720,"z":524288,"angle":0,"subsector":4566993032},"type":"spectre","health":-6,"id":4567162232}}
{"counter":8509,"type":"move","frame":{"millis":38600,"tic":1351},"actor":{"position":{"x":56543904,"y":22184448,"z":0,"angle":3221225472,"subsector":4566994312},"type":"spectre","health":150,"id":4567166984}}
{"counter":8510,"type":"move","frame":{"millis":38600,"tic":1351},"actor":{"position":{"x":2875328,"y":30053824,"z":0,"angle":536870912,"subsector":4566993432},"type":"shotgun_soldier","health":30,"id":4567172528}}
{"counter":8511,"type":"move","frame":{"millis":38629,"tic":1352},"actor":{"position":{"x":11360071,"y":21289592,"z":2621440,"angle":3120562176,"subsector":4566993128},"type":"player","health":36,"armor":53,"id":4567120880}}
{"counter":8512,"type":"move","frame":{"millis":38629,"tic":1352},"actor":{"position":{"x":-16099584,"y":54303744,"z":0,"angle":0,"subsector":4566993320},"type":"soldier","health":20,"id":4567138736}}
{"counter":8513,"type":"move","frame":{"millis":38629,"tic":1352},"actor":{"position":{"x":-3664960,"y":16491200,"z":0,"angle":3221225472,"subsector":4566993176},"type":"soldier","health":20,"id":4567139528}}
{"counter":8514,"type":"move","frame":{"millis":38629,"tic":1352},"actor":{"position":{"x":-23095296,"y":55876608,"z":0,"angle":3758096384,"subsector":4566993384},"type":"shotgun_soldier","health":30,"id":4567155368}}
{"counter":8515,"type":"move","frame":{"millis":38629,"tic":1352},"actor":{"position":{"x":11873510,"y":15187173,"z":524288,"angle":0,"subsector":4566993032},"type":"spectre","health":-6,"id":4567162232}}
{"counter":8516,"type":"move","frame":{"millis":38658,"tic":1353},"actor":{"position":{"x":11364547,"y":20767240,"z":2490368,"angle":3103784960,"subsector":4566993128},"type":"player","health":36,"armor":53,"id":4567120880}}
{"counter":8517,"type":"move","frame":{"millis":38658,"tic":1353},"actor":{"position":{"x":4994048,"y":1758336,"z":0,"angle":2147483648,"subsector":4566993192},"type":"shotgun_soldier","health":30,"id":4567137680}}
{"counter":8518,"type":"move","frame":{"millis":38658,"tic":1353},"actor":{"position":{"x":-2748608,"y":84537536,"z":0,"angle":2147483648,"subsector":4566996760},"type":"soldier","health":20,"id":4567139000}}
{"counter":8519,"type":"move","frame":{"millis":38658,"tic":1353},"actor":{"position":{"x":-3717760,"y":79215232,"z":0,"angle":2684354560,"subsector":4566996760},"type":"shotgun_soldier","health":30,"id":4567155104}}
{"counter":8520,"type":"move","frame":{"millis":38658,"tic":1353},"actor":{"position":{"x":-23391872,"y":52704256,"z":0,"angle":2147483648,"subsector":4566993384},"type":"shotgun_soldier","health":30,"id":4567155632}}
{"counter":8521,"type":"move","frame":{"millis":38658,"tic":1353},"actor":{"position":{"x":-18890432,"y":55791680,"z":0,"angle":1073741824,"subsector":4566993320},"type":"shotgun_soldier","health":30,"id":4567155896}}
{"counter":8522,"type":"move","frame":{"millis":38658,"tic":1353},"actor":{"position":{"x":-2865216,"y":29190720,"z":0,"angle":1073741824,"subsector":4566993432},"type":"shotgun_soldier","health":30,"id":4567156160}}
{"counter":8523,"type":"move","frame":{"millis":38658,"tic":1353},"actor":{"position":{"x":2811968,"y":26044992,"z":0,"angle":536870912,"subsector":4566993432},"type":"shotgun_soldier","health":30,"id":4567156424}}
{"counter":8524,"type":"move","frame":{"millis":38658,"tic":1353},"actor":{"position":{"x":11877875,"y":15115626,"z":524288,"angle":0,"subsector":4566993032},"type":"spectre","health":-6,"id":4567162232}}
{"counter":8525,"type":"move","frame":{"millis":38658,"tic":1353},"actor":{"position":{"x":56543904,"y":21529088,"z":0,"angle":3221225472,"subsector":4566994312},"type":"spectre","health":150,"id":4567166984}}
{"counter":8526,"type":"move","frame":{"millis":38686,"tic":1354},"actor":{"position":{"x":11369023,"y":20244888,"z":2293760,"angle":3087007744,"subsector":4566993128},"type":"player","health":36,"armor":53,"id":4567120880}}
{"counter":8527,"type":"move","frame":{"millis":38686,"tic":1354},"actor":{"position":{"x":2790848,"y":15236032,"z":0,"angle":3221225472,"subsector":4566993176},"type":"imp","health":60,"id":4567132928}}
{"counter":8528,"type":"enter_subsector","frame":{"millis":38686,"tic":1354},"actor":{"position":{"x":-5979264,"y":22163328,"z":0,"angle":536870912,"subsector":4566993240},"type":"soldier","health":20,"id":4567137944}}
{"counter":8529,"type":"move","frame":{"millis":38686,"tic":1354},"actor":{"position":{"x":-5979264,"y":22163328,"z":0,"angle":536870912,"subsector":4566993240},"type":"soldier","health":20,"id":4567137944}}
{"counter":8530,"type":"move","frame":{"millis":38686,"tic":1354},"actor":{"position":{"x":0,"y":27130752,"z":0,"angle":1073741824,"subsector":4566993432},"type":"shotgun_soldier","health":30,"id":4567139792}}
{"counter":8531,"type":"move","frame":{"millis":38686,"tic":1354},"actor":{"position":{"x":11882240,"y":15044079,"z":524288,"angle":0,"subsector":4566993032},"type":"spectre","health":-6,"id":4567162232}}
{"counter":8532,"type":"move","frame":{"millis":38686,"tic":1354},"actor":{"position":{"x":2875328,"y":29529536,"z":0,"angle":536870912,"subsector":4566993432},"type":"shotgun_soldier","health":30,"id":4567172528}}
{"counter":8533,"type":"move","frame":{"millis":38715,"tic":1355},"actor":{"position":{"x":11373499,"y":19722536,"z":2031616,"angle":3070230528,"subsector":4566993112},"type":"player","health":36,"armor":53,"id":4567120880}}
{"counter":8534,"type":"move","frame":{"millis":38715,"tic":1355},"actor":{"position":{"x":-13478144,"y":28952448,"z":0,"angle":1610612736,"subsector":4566993432},"type":"soldier","health":20,"id":4567138208}}
{"counter":8535,"type":"move","frame":{"millis":38715,"tic":1355},"actor":{"position":{"x":-22719296,"y":55500608,"z":0,"angle":3758096384,"subsector":4566993384},"type":"shotgun_soldier","health":30,"id":4567155368}}
{"counter":8536,"type":"move","frame":{"millis":38715,"tic":1355},"actor":{"position":{"x":11886605,"y":14972532,"z":524288,"angle":0,"subsector":4566993032},"type":"spectre","health":-6,"id":4567162232}}
{"counter":8537,"type":"move","frame":{"millis":38715,"tic":1355},"actor":{"position":{"x":56543904,"y":20873728,"z":0,"angle":3221225472,"subsector":4566994312},"type":"spectre","health":150,"id":4567166984}}
{"weapon_type":2,"counter":8538,"type":"attacked","frame":{"millis":38743,"tic":1356},"actor":{"position":{"x":11373499,"y":19722536,"z":1703936,"angle":3036676096,"subsector":4566993112},"type":"player","health":36,"armor":53,"id":4567120880}}
{"counter":8539,"type":"move","frame":{"millis":38743,"tic":1356},"actor":{"position":{"x":11377975,"y":19200184,"z":1703936,"angle":3036676096,"subsector":4566993112},"type":"player","health":36,"armor":53,"id":4567120880}}
{"counter":8540,"type":"move","frame":{"millis":38743,"tic":1356},"actor":{"position":{"x":5370048,"y":2134336,"z":0,"angle":2147483648,"subsector":4566993192},"type":"shotgun_soldier","health":30,"id":4567137680}}
{"counter":8541,"type":"move","frame":{"millis":38743,"tic":1356},"actor":{"position":{"x":-16099584,"y":54828032,"z":0,"angle":536870912,"subsector":4566993320},"type":"soldier","health":20,"id":4567138736}}
{"counter":8542,"type":"move","frame":{"millis":38743,"tic":1356},"actor":{"position":{"x":-3288960,"y":16867200,"z":0,"angle":3758096384,"subsector":4566993176},"type":"soldier","health":20,"id":4567139528}}
{"counter":8543,"type":"move","frame":{"millis":38743,"tic":1356},"actor":{"position":{"x":-4242048,"y":79215232,"z":0,"angle":2147483648,"subsector":4566996760},"type":"shotgun_soldier","health":30,"id":4567155104}}
{"counter":8544,"type":"move","frame":{"millis":38743,"tic":1356},"actor":{"position":{"x":-23015872,"y":52328256,"z":0,"angle":2147483648,"subsector":4566993384},"type":"shotgun_soldier","health":30,"id":4567155632}}
{"counter":8545,"type":"move","frame":{"millis":38743,"tic":1356},"actor":{"position":{"x":-18890432,"y":56315968,"z":0,"angle":1073741824,"subsector":4566993320},"type":"shotgun_soldier","health":30,"id":4567155896}}
{"counter":8546,"type":"move","frame":{"millis":38743,"tic":1356},"actor":{"position":{"x":-2865216,"y":29715008,"z":0,"angle":1073741824,"subsector":4566993432},"type":"shotgun_soldier","health":30,"id":4567156160}}
{"counter":8547,"type":"move","frame":{"millis":38743,"tic":1356},"actor":{"position":{"x":2811968,"y":26569280,"z":0,"angle":1073741824,"subsector":4566993432},"type":"shotgun_soldier","health":30,"id":4567156424}}
{"counter":8548,"type":"move","frame":{"millis":38743,"tic":1356},"actor":{"position":{"x":11890970,"y":14900985,"z":524288,"angle":0,"subsector":4566993032},"type":"spectre","health":-6,"id":4567162232}}
{"counter":8549,"type":"move","frame":{"millis":38772,"tic":1357},"actor":{"position":{"x":11377975,"y":19200184,"z":1572864,"angle":3019898880,"subsector":4566993112},"type":"player","health":36,"armor":53,"id":4567120880}}
{"counter":8550,"type":"move","frame":{"millis":38772,"tic":1357},"actor":{"position":{"x":11412138,"y":18775833,"z":1572864,"angle":3019898880,"subsector":4566993112},"type":"player","health":36,"armor":53,"id":4567120880}}
{"counter":8551,"type":"move","frame":{"millis":38772,"tic":1357},"actor":{"position":{"x":2790848,"y":14711744,"z":0,"angle":3221225472,"subsector":4566993176},"type":"imp","health":60,"id":4567132928}}
{"counter":8552,"type":"move","frame":{"millis":38772,"tic":1357},"actor":{"position":{"x":-3272896,"y":84537536,"z":0,"angle":2147483648,"subsector":4566996760},"type":"soldier","health":20,"id":4567139000}}
{"counter":8553,"type":"move","frame":{"millis":38772,"tic":1357},"actor":{"position":{"x":0,"y":27655040,"z":0,"angle":1073741824,"subsector":4566993432},"type":"shotgun_soldier","health":30,"id":4567139792}}
{"counter":8554,"type":"move","frame":{"millis":38773,"tic":1357},"actor":{"position":{"x":11895335,"y":14829438,"z":524288,"angle":0,"subsector":4566993032},"type":"spectre","health":-6,"id":4567162232}}
{"counter":8555,"type":"move","frame":{"millis":38773,"tic":1357},"actor":{"position":{"x":56543904,"y":20218368,"z":0,"angle":3221225472,"subsector":4566994312},"type":"spectre","health":150,"id":4567166984}}
{"counter":8556,"type":"move","frame":{"millis":38773,"tic":1357},"actor":{"position":{"x":2875328,"y":30053824,"z":0,"angle":0,"subsector":4566993432},"type":"shotgun_soldier","health":30,"id":4567172528}}
{"counter":8557,"type":"move","frame":{"millis":38800,"tic":1358},"actor":{"position":{"x":11446301,"y":18351482,"z":1572864,"angle":3003121664,"subsector":4566993112},"type":"player","health":36,"armor":53,"id":4567120880}}
{"counter":8558,"type":"move","frame":{"millis":38800,"tic":1358},"actor":{"position":{"x":-5603264,"y":22539328,"z":0,"angle":536870912,"subsector":4566993240},"type":"soldier","health":20,"id":4567137944}}
{"counter":8559,"type":"move","frame":{"millis":38800,"tic":1358},"actor":{"position":{"x":-22343296,"y":55124608,"z":0,"angle":3758096384,"subsector":4566993384},"type":"shotgun_soldier","health":30,"id":4567155368}}
{"counter":8560,"type":"move","frame":{"millis":38800,"tic":1358},"actor":{"position":{"x":11899700,"y":14757891,"z":524288,"angle":0,"subsector":4566993032},"type":"spectre","health":-6,"id":4567162232}}
{"damage":5,"counter":8561,"type":"hit","frame":{"millis":38829,"tic":1359},"actor":{"position":{"x":11446301,"y":18351482,"z":1441792,"angle":2986344448,"subsector":4566993112},"type":"player","health":36,"armor":53,"id":4567120880},"target":{"position":{"x":5370048,"y":2134336,"z":0,"angle":2147483648,"subsector":4566993192},"type":"shotgun_soldier","health":25,"id":4567137680}}
{"counter":8562,"type":"targeted","frame":{"millis":38829,"tic":1359},"actor":{"position":{"x":11446301,"y":18351482,"z":1441792,"angle":2986344448,"subsector":4566993112},"type":"player","health":36,"armor":53,"id":4567120880},"target":{"position":{"x":5370048,"y":2134336,"z":0,"angle":2147483648,"subsector":4566993192},"type":"shotgun_soldier","health":25,"id":4567137680}}
{"damage":15,"counter":8563,"type":"hit","frame":{"millis":38829,"tic":1359},"actor":{"position":{"x":11446301,"y":18351482,"z":1441792,"angle":2986344448,"subsector":4566993112},"type":"player","health":36,"armor":53,"id":4567120880},"target":{"position":{"x":5370048,"y":2134336,"z":0,"angle":2147483648,"subsector":4566993192},"type":"shotgun_soldier","health":10,"id":4567137680}}
{"damage":15,"counter":8564,"type":"hit","frame":{"millis":38829,"tic":1359},"actor":{"position":{"x":11446301,"y":18351482,"z":1441792,"angle":2986344448,"subsector":4566993112},"type":"player","health":36,"armor":53,"id":4567120880},"target":{"position":{"x":5370048,"y":2134336,"z":0,"angle":2147483648,"subsector":4566993192},"type":"shotgun_soldier","health":-5,"id":4567137680}}
{"counter":8565,"type":"killed","frame":{"millis":38829,"tic":1359},"actor":{"position":{"x":11446301,"y":18351482,"z":1441792,"angle":2986344448,"subsector":4566993112},"type":"player","health":36,"armor":53,"id":4567120880},"target":{"position":{"x":5370048,"y":2134336,"z":0,"angle":2147483648,"subsector":4566993192},"type":"shotgun_soldier","health":-5,"id":4567137680}}
{"counter":8566,"type":"move","frame":{"millis":38829,"tic":1359},"actor":{"position":{"x":11480464,"y":17927131,"z":1441792,"angle":2986344448,"subsector":4566993096},"type":"player","health":36,"armor":53,"id":4567120880}}
{"counter":8567,"type":"move","frame":{"millis":38829,"tic":1359},"actor":{"position":{"x":5269430,"y":1865853,"z":0,"angle":2147483648,"subsector":4566993192},"type":"shotgun_soldier","health":-5,"id":4567137680}}
{"counter":8568,"type":"move","frame":{"millis":38829,"tic":1359},"actor":{"position":{"x":-12953856,"y":28952448,"z":0,"angle":1610612736,"subsector":4566993432},"type":"soldier","health":20,"id":4567138208}}
{"counter":8569,"type":"move","frame":{"millis":38829,"tic":1359},"actor":{"position":{"x":-3866048,"y":79591232,"z":0,"angle":2147483648,"subsector":4566996760},"type":"shotgun_soldier","health":30,"id":4567155104}}
{"counter":8570,"type":"move","frame":{"millis":38829,"tic":1359},"actor":{"position":{"x":-23540160,"y":52328256,"z":0,"angle":2684354560,"subsector":4566993384},"type":"shotgun_soldier","health":30,"id":4567155632}}
{"counter":8571,"type":"move","frame":{"millis":38829,"tic":1359},"actor":{"position":{"x":-19266432,"y":55939968,"z":0,"angle":1073741824,"subsector":4566993320},"type":"shotgun_soldier","health":30,"id":4567155896}}
{"counter":8572,"type":"move","frame":{"millis":38829,"tic":1359},"actor":{"position":{"x":-3241216,"y":30091008,"z":0,"angle":1073741824,"subsector":4566993432},"type":"shotgun_soldier","health":30,"id":4567156160}}
{"counter":8573,"type":"move","frame":{"millis":38829,"tic":1359},"actor":{"position":{"x":2811968,"y":27093568,"z":0,"angle":1073741824,"subsector":4566993432},"type":"shotgun_soldier","health":30,"id":4567156424}}
{"counter":8574,"type":"move","frame":{"millis":38829,"tic":1359},"actor":{"position":{"x":11904065,"y":14686344,"z":524288,"angle":0,"subsector":4566993032},"type":"spectre","health":-6,"id":4567162232}}
{"counter":8575,"type":"move","frame":{"millis":38829,"tic":1359},"actor":{"position":{"x":56543904,"y":19563008,"z":0,"angle":3221225472,"subsector":4566994312},"type":"spectre","health":150,"id":4567166984}}
{"counter":8576,"type":"move","frame":{"millis":38858,"tic":1360},"actor":{"position":{"x":11513558,"y":17839277,"z":1245184,"angle":2986344448,"subsector":4566993096},"type":"player","health":36,"armor":53,"id":4567120880}}
{"counter":8577,"type":"move","frame":{"millis":38858,"tic":1360},"actor":{"position":{"x":2790848,"y":14187456,"z":0,"angle":3221225472,"subsector":4566993176},"type":"imp","health":60,"id":4567132928}}
{"counter":8578,"type":"move","frame":{"millis":38858,"tic":1360},"actor":{"position":{"x":5178244,"y":1622540,"z":0,"angle":2147483648,"subsector":4566993192},"type":"shotgun_soldier","health":-5,"id":4567137680}}
{"counter":8579,"type":"move","frame":{"millis":38858,"tic":1360},"actor":{"position":{"x":-16099584,"y":55352320,"z":0,"angle":1073741824,"subsector":4566993320},"type":"soldier","health":20,"id":4567138736}}
{"counter":8580,"type":"move","frame":{"millis":38858,"tic":1360},"actor":{"position":{"x":-2912960,"y":17243200,"z":0,"angle":0,"subsector":4566993176},"type":"soldier","health":20,"id":4567139528}}
{"counter":8581,"type":"move","frame":{"millis":38858,"tic":1360},"actor":{"position":{"x":0,"y":28179328,"z":0,"angle":1073741824,"subsector":4566993432},"type":"shotgun_soldier","health":30,"id":4567139792}}
{"counter":8582,"type":"move","frame":{"millis":38858,"tic":1360},"actor":{"position":{"x":11908430,"y":14614797,"z":393216,"angle":0,"subsector":4566993032},"type":"spectre","health":-6,"id":4567162232}}
{"counter":8583,"type":"move","frame":{"millis":38886,"tic":1361},"actor":{"position":{"x":11513558,"y":17839277,"z":1048576,"angle":2986344448,"subsector":4566993096},"type":"player","health":36,"armor":53,"id":4567120880}}
{"counter":8584,"type":"move","frame":{"millis":38886,"tic":1361},"actor":{"position":{"x":11574039,"y":17935703,"z":1048576,"angle":2986344448,"subsector":4566993096},"type":"player","health":36,"armor":53,"id":4567120880}}
{"counter":8585,"type":"move","frame":{"millis":38886,"tic":1361},"actor":{"position":{"x":5095606,"y":1402037,"z":0,"angle":2147483648,"subsector":4566993192},"type":"shotgun_soldier","health":-5,"id":4567137680}}
{"counter":8586,"type":"move","frame":{"millis":38886,"tic":1361},"actor":{"position":{"x":-3797184,"y":84537536,"z":0,"angle":2147483648,"subsector":4566996760},"type":"soldier","health":20,"id":4567139000}}
{"counter":8587,"type":"move","frame":{"millis":38886,"tic":1361},"actor":{"position":{"x":-22867584,"y":55124608,"z":0,"angle":3758096384,"subsector":4566993384},"type":"shotgun_soldier","health":30,"id":4567155368}}
{"counter":8588,"type":"move","frame":{"millis":38886,"tic":1361},"actor":{"position":{"x":11912795,"y":14543250,"z":196608,"angle":0,"subsector":4566993032},"type":"spectre","health":-6,"id":4567162232}}
{"counter":8589,"type":"move","frame":{"millis":38886,"tic":1361},"actor":{"position":{"x":56543904,"y":18907648,"z":0,"angle":3221225472,"subsector":4566994312},"type":"spectre","health":150,"id":4567166984}}
{"counter":8590,"type":"move","frame":{"millis":38915,"tic":1362},"actor":{"position":{"x":11574039,"y":17935703,"z":1048576,"angle":2986344448,"subsector":4566993096},"type":"player","health":36,"armor":53,"id":4567120880}}
{"counter":8591,"type":"move","frame":{"millis":38916,"tic":1362},"actor":{"position":{"x":11631605,"y":18030803,"z":1048576,"angle":2986344448,"subsector":4566993096},"type":"player","health":36,"armor":53,"id":4567120880}}
{"counter":8592,"type":"move","frame":{"millis":38916,"tic":1362},"actor":{"position":{"x":5020715,"y":1202206,"z":0,"angle":2147483648,"subsector":4566993192},"type":"shotgun_soldier","health":-5,"id":4567137680}}
{"counter":8593,"type":"move","frame":{"millis":38916,"tic":1362},"actor":{"position":{"x":-5227264,"y":22915328,"z":0,"angle":536870912,"subsector":4566993240},"type":"soldier","health":20,"id":4567137944}}
{"counter":8594,"type":"move","frame":{"millis":38916,"tic":1362},"actor":{"position":{"x":-3490048,"y":79967232,"z":0,"angle":1610612736,"subsector":4566996760},"type":"shotgun_soldier","health":30,"id":4567155104}}
{"counter":8595,"type":"move","frame":{"millis":38916,"tic":1362},"actor":{"position":{"x":-24064448,"y":52328256,"z":0,"angle":2147483648,"subsector":4566993384},"type":"shotgun_soldier","health":30,"id":4567155632}}
{"counter":8596,"type":"move","frame":{"millis":38916,"tic":1362},"actor":{"position":{"x":-19642432,"y":55563968,"z":0,"angle":1610612736,"subsector":4566993320},"type":"shotgun_soldier","health":30,"id":4567155896}}
{"counter":8597,"type":"move","frame":{"millis":38916,"tic":1362},"actor":{"position":{"x":-2716928,"y":30091008,"z":0,"angle":1610612736,"subsector":4566993432},"type":"shotgun_soldier","health":30,"id":4567156160}}
{"counter":8598,"type":"move","frame":{"millis":38916,"tic":1362},"actor":{"position":{"x":2811968,"y":26569280,"z":0,"angle":1073741824,"subsector":4566993432},"type":"shotgun_soldier","health":30,"id":4567156424}}
{"counter":8599,"type":"move","frame":{"millis":38916,"tic":1362},"actor":{"position":{"x":11917160,"y":14471703,"z":0,"angle":0,"subsector":4566993032},"type":"spectre","health":-6,"id":4567162232}}
{"counter":8600,"type":"move","frame":{"millis":38943,"tic":1363},"actor":{"position":{"x":11683774,"y":18116987,"z":1048576,"angle":2986344448,"subsector":4566993096},"type":"player","health":36,"armor":53,"id":4567120880}}
{"counter":8601,"type":"move","frame":{"millis":38943,"tic":1363},"actor":{"position":{"x":2790848,"y":13663168,"z":0,"angle":3221225472,"subsector":4566993176},"type":"imp","health":60,"id":4567132928}}
{"counter":8602,"type":"move","frame":{"millis":38944,"tic":1363},"actor":{"position":{"x":4952845,"y":1021109,"z":0,"angle":2147483648,"subsector":4566993016},"type":"shotgun_soldier","health":-5,"id":4567137680}}
{"counter":8603,"type":"move","frame":{"millis":38944,"tic":1363},"actor":{"position":{"x":-12429568,"y":28952448,"z":0,"angle":1073741824,"subsector":4566993432},"type":"soldier","health":20,"id":4567138208}}
{"counter":8604,"type":"move","frame":{"millis":38944,"tic":1363},"actor":{"position":{"x":0,"y":28703616,"z":0,"angle":1073741824,"subsector":4566993432},"type":"shotgun_soldier","health":30,"id":4567139792}}
{"counter":8605,"type":"move","frame":{"millis":38944,"tic":1363},"actor":{"position":{"x":11921115,"y":14406863,"z":0,"angle":0,"subsector":4566993032},"type":"spectre","health":-6,"id":4567162232}}
{"counter":8606,"type":"move","frame":{"millis":38944,"tic":1363},"actor":{"position":{"x":56543904,"y":18252288,"z":0,"angle":3221225472,"subsector":4566994312},"type":"spectre","health":150,"id":4567166984}}
{"counter":8607,"type":"move","frame":{"millis":38944,"tic":1363},"actor":{"position":{"x":2875328,"y":29529536,"z":0,"angle":536870912,"subsector":4566993432},"type":"shotgun_soldier","health":30,"id":4567172528}}
{"counter":8608,"type":"move","frame":{"millis":38972,"tic":1364},"actor":{"position":{"x":11683774,"y":18116987,"z":1048576,"angle":2986344448,"subsector":4566993096},"type":"player","health":36,"armor":53,"id":4567120880}}
{"counter":8609,"type":"move","frame":{"millis":38972,"tic":1364},"actor":{"position":{"x":11729673,"y":18191233,"z":1048576,"angle":2986344448,"subsector":4566993096},"type":"player","health":36,"armor":53,"id":4567120880}}
{"counter":8610,"type":"move","frame":{"millis":38972,"tic":1364},"actor":{"position":{"x":4891337,"y":856989,"z":0,"angle":2147483648,"subsector":4566993016},"type":"shotgun_soldier","health":-5,"id":4567137680}}
{"counter":8611,"type":"move","frame":{"millis":38972,"tic":1364},"actor":{"position":{"x":-16099584,"y":55876608,"z":0,"angle":1073741824,"subsector":4566993320},"type":"soldier","health":20,"id":4567138736}}
{"counter":8612,"type":"move","frame":{"millis":38972,"tic":1364},"actor":{"position":{"x":-2536960,"y":17619200,"z":0,"angle":536870912,"subsector":4566993176},"type":"soldier","health":20,"id":4567139528}}
{"counter":8613,"type":"move","frame":{"millis":38972,"tic":1364},"actor":{"position":{"x":-23391872,"y":55124608,"z":0,"angle":3221225472,"subsector":4566993384},"type":"shotgun_soldier","health":30,"id":4567155368}}
{"counter":8614,"type":"move","frame":{"millis":38972,"tic":1364},"actor":{"position":{"x":11924699,"y":14348101,"z":0,"angle":0,"subsector":4566993032},"type":"spectre","health":-6,"id":4567162232}}
{"counter":8615,"type":"move","frame":{"millis":39000,"tic":1365},"actor":{"position":{"x":11729673,"y":18191233,"z":1048576,"angle":2986344448,"subsector":4566993096},"type":"player","health":36,"armor":53,"id":4567120880}}
{"counter":8616,"type":"move","frame":{"millis":39000,"tic":1365},"actor":{"position":{"x":11770578,"y":18256589,"z":1048576,"angle":2986344448,"subsector":4566993096},"type":"player","health":36,"armor":53,"id":4567120880}}
{"counter":8617,"type":"move","frame":{"millis":39000,"tic":1365},"actor":{"position":{"x":4835595,"y":708255,"z":0,"angle":2147483648,"subsector":4566993016},"type":"shotgun_soldier","health":-5,"id":4567137680}}
{"counter":8618,"type":"move","frame":{"millis":39000,"tic":1365},"actor":{"position":{"x":-4321472,"y":84537536,"z":0,"angle":2147483648,"subsector":4566996760},"type":"soldier","health":20,"id":4567139000}}
{"counter":8619,"type":"move","frame":{"millis":39000,"tic":1365},"actor":{"position":{"x":-3114048,"y":80343232,"z":0,"angle":1073741824,"subsector":4566996760},"type":"shotgun_soldier","health":30,"id":4567155104}}
{"counter":8620,"type":"move","frame":{"millis":39000,"tic":1365},"actor":{"position":{"x":-24588736,"y":52328256,"z":0,"angle":2147483648,"subsector":4566993384},"type":"shotgun_soldier","health":30,"id":4567155632}}
{"counter":8621,"type":"move","frame":{"millis":39000,"tic":1365},"actor":{"position":{"x":-20018432,"y":55187968,"z":0,"angle":2147483648,"subsector":4566993320},"type":"shotgun_soldier","health":30,"id":4567155896}}
{"counter":8622,"type":"move","frame":{"millis":39000,"tic":1365},"actor":{"position":{"x":-2716928,"y":29566720,"z":0,"angle":1073741824,"subsector":4566993432},"type":"shotgun_soldier","health":30,"id":4567156160}}
{"counter":8623,"type":"move","frame":{"millis":39000,"tic":1365},"actor":{"position":{"x":2811968,"y":26044992,"z":0,"angle":1610612736,"subsector":4566993432},"type":"shotgun_soldier","health":30,"id":4567156424}}
{"counter":8624,"type":"move","frame":{"millis":39000,"tic":1365},"actor":{"position":{"x":11927947,"y":14294847,"z":0,"angle":0,"subsector":4566993032},"type":"spectre","health":-6,"id":4567162232}}
{"counter":8625,"type":"move","frame":{"millis":39000,"tic":1365},"actor":{"position":{"x":56543904,"y":17596928,"z":0,"angle":3221225472,"subsector":4566994312},"type":"spectre","health":150,"id":4567166984}}
{"counter":8626,"type":"move","frame":{"millis":39029,"tic":1366},"actor":{"position":{"x":11770578,"y":18256589,"z":1048576,"angle":2986344448,"subsector":4566993096},"type":"player","health":36,"armor":53,"id":4567120880}}
{"counter":8627,"type":"move","frame":{"millis":39029,"tic":1366},"actor":{"position":{"x":11808337,"y":18317745,"z":1048576,"angle":2986344448,"subsector":4566993096},"type":"player","health":36,"armor":53,"id":4567120880}}
{"counter":8628,"type":"move","frame":{"millis":39029,"tic":1366},"actor":{"position":{"x":2790848,"y":13138880,"z":0,"angle":3221225472,"subsector":4566993176},"type":"imp","health":60,"id":4567132928}}
{"counter":8629,"type":"move","frame":{"millis":39029,"tic":1366},"actor":{"position":{"x":4785078,"y":573464,"z":0,"angle":2147483648,"subsector":4566993016},"type":"shotgun_soldier","health":-5,"id":4567137680}}
{"counter":8630,"type":"move","frame":{"millis":39029,"tic":1366},"actor":{"position":{"x":-4851264,"y":23291328,"z":0,"angle":536870912,"subsector":4566993432},"type":"soldier","health":20,"id":4567137944}}
{"counter":8631,"type":"move","frame":{"millis":39029,"tic":1366},"actor":{"position":{"x":0,"y":29227904,"z":0,"angle":1073741824,"subsector":4566993432},"type":"shotgun_soldier","health":30,"id":4567139792}}
{"counter":8632,"type":"move","frame":{"millis":39029,"tic":1366},"actor":{"position":{"x":11930890,"y":14246585,"z":0,"angle":0,"subsector":4566993032},"type":"spectre","health":-6,"id":4567162232}}
{"counter":8633,"type":"move","frame":{"millis":39029,"tic":1366},"actor":{"position":{"x":2875328,"y":29005248,"z":0,"angle":0,"subsector":4566993432},"type":"shotgun_soldier","health":30,"id":4567172528}}
{"counter":8634,"type":"move","frame":{"millis":39058,"tic":1367},"actor":{"position":{"x":11808337,"y":18317745,"z":1048576,"angle":2986344448,"subsector":4566993096},"type":"player","health":36,"armor":53,"id":4567120880}}
{"counter":8635,"type":"move","frame":{"millis":39058,"tic":1367},"actor":{"position":{"x":11845312,"y":18380881,"z":1048576,"angle":2986344448,"subsector":4566993112},"type":"player","health":36,"armor":53,"id":4567120880}}
{"counter":8636,"type":"move","frame":{"millis":39058,"tic":1367},"actor":{"position":{"x":4739296,"y":451309,"z":0,"angle":2147483648,"subsector":4566993016},"type":"shotgun_soldier","health":-5,"id":4567137680}}
{"counter":8637,"type":"move","frame":{"millis":39058,"tic":1367},"actor":{"position":{"x":-11905280,"y":28952448,"z":0,"angle":536870912,"subsector":4566993432},"type":"soldier","health":20,"id":4567138208}}
{"counter":8638,"type":"move","frame":{"millis":39058,"tic":1367},"actor":{"position":{"x":-23916160,"y":55124608,"z":0,"angle":2684354560,"subsector":4566993384},"type":"shotgun_soldier","health":30,"id":4567155368}}
{"counter":8639,"type":"move","frame":{"millis":39058,"tic":1367},"actor":{"position":{"x":11933557,"y":14202847,"z":0,"angle":0,"subsector":4566993032},"type":"spectre","health":-6,"id":4567162232}}
{"counter":8640,"type":"move","frame":{"millis":39058,"tic":1367},"actor":{"position":{"x":56543904,"y":16941568,"z":0,"angle":3221225472,"subsector":4566994312},"type":"spectre","health":150,"id":4567166984}}
{"counter":8641,"type":"move","frame":{"millis":39086,"tic":1368},"actor":{"position":{"x":11845312,"y":18380881,"z":1048576,"angle":2986344448,"subsector":4566993112},"type":"player","health":36,"armor":53,"id":4567120880}}
{"counter":8642,"type":"move","frame":{"millis":39086,"tic":1368},"actor":{"position":{"x":11895360,"y":18484382,"z":1048576,"angle":2986344448,"subsector":4566993112},"type":"player","health":36,"armor":53,"id":4567120880}}
{"counter":8643,"type":"move","frame":{"millis":39086,"tic":1368},"actor":{"position":{"x":4697806,"y":340606,"z":0,"angle":2147483648,"subsector":4566993016},"type":"shotgun_soldier","health":-5,"id":4567137680}}
{"counter":8644,"type":"move","frame":{"millis":39086,"tic":1368},"actor":{"position":{"x":-16475584,"y":56252608,"z":0,"angle":1073741824,"subsector":4566993320},"type":"soldier","health":20,"id":4567138736}}
{"counter":8645,"type":"move","frame":{"millis":39086,"tic":1368},"actor":{"position":{"x":-2160960,"y":17995200,"z":0,"angle":536870912,"subsector":4566993176},"type":"soldier","health":20,"id":4567139528}}
{"counter":8646,"type":"move","frame":{"millis":39086,"tic":1368},"actor":{"position":{"x":-2738048,"y":80719232,"z":0,"angle":536870912,"subsector":4566996760},"type":"shotgun_soldier","health":30,"id":4567155104}}
{"counter":8647,"type":"move","frame":{"millis":39086,"tic":1368},"actor":{"position":{"x":-25113024,"y":52328256,"z":0,"angle":2147483648,"subsector":4566993384},"type":"shotgun_soldier","health":30,"id":4567155632}}
{"counter":8648,"type":"move","frame":{"millis":39086,"tic":1368},"actor":{"position":{"x":-20394432,"y":54811968,"z":0,"angle":2684354560,"subsector":4566993320},"type":"shotgun_soldier","health":30,"id":4567155896}}
{"counter":8649,"type":"move","frame":{"millis":39086,"tic":1368},"actor":{"position":{"x":-2716928,"y":29042432,"z":0,"angle":1610612736,"subsector":4566993432},"type":"shotgun_soldier","health":30,"id":4567156160}}
{"counter":8650,"type":"move","frame":{"millis":39086,"tic":1368},"actor":{"position":{"x":2811968,"y":25520704,"z":0,"angle":2147483648,"subsector":4566993432},"type":"shotgun_soldier","health":30,"id":4567156424}}
{"counter":8651,"type":"move","frame":{"millis":39086,"tic":1368},"actor":{"position":{"x":11935973,"y":14163209,"z":0,"angle":0,"subsector":4566993032},"type":"spectre","health":-6,"id":4567162232}}
{"counter":8652,"type":"move","frame":{"millis":39115,"tic":1369},"actor":{"position":{"x":11895360,"y":18484382,"z":1048576,"angle":2986344448,"subsector":4566993112},"type":"player","health":36,"armor":53,"id":4567120880}}
{"counter":8653,"type":"move","frame":{"millis":39115,"tic":1369},"actor":{"position":{"x":11943472,"y":18585893,"z":1048576,"angle":2986344448,"subsector":4566993112},"type":"player","health":36,"armor":53,"id":4567120880}}
{"counter":8654,"type":"move","frame":{"millis":39115,"tic":1369},"actor":{"position":{"x":2790848,"y":12614592,"z":0,"angle":3221225472,"subsector":4566993176},"type":"imp","health":60,"id":4567132928}}
{"counter":8655,"type":"move","frame":{"millis":39115,"tic":1369},"actor":{"position":{"x":4660205,"y":240281,"z":0,"angle":2147483648,"subsector":4566993016},"type":"shotgun_soldier","health":-5,"id":4567137680}}
{"counter":8656,"type":"move","frame":{"millis":39115,"tic":1369},"actor":{"position":{"x":-4845760,"y":84537536,"z":0,"angle":2147483648,"subsector":4566996760},"type":"soldier","health":20,"id":4567139000}}
{"counter":8657,"type":"move","frame":{"millis":39115,"tic":1369},"actor":{"position":{"x":0,"y":29752192,"z":0,"angle":1073741824,"subsector":4566993432},"type":"shotgun_soldier","health":30,"id":4567139792}}
{"counter":8658,"type":"move","frame":{"millis":39115,"tic":1369},"actor":{"position":{"x":11938162,"y":14127287,"z":0,"angle":0,"subsector":4566993032},"type":"spectre","health":-6,"id":4567162232}}
{"counter":8659,"type":"move","frame":{"millis":39115,"tic":1369},"actor":{"position":{"x":56543904,"y":16286208,"z":0,"angle":3221225472,"subsector":4566994312},"type":"spectre","health":150,"id":4567166984}}
{"counter":8660,"type":"move","frame":{"millis":39115,"tic":1369},"actor":{"position":{"x":2875328,"y":28480960,"z":0,"angle":3758096384,"subsector":4566993432},"type":"shotgun_soldier","health":30,"id":4567172528}}
{"counter":8661,"type":"move","frame":{"millis":39143,"tic":1370},"actor":{"position":{"x":11943472,"y":18585893,"z":1048576,"angle":2986344448,"subsector":4566993112},"type":"player","health":36,"armor":53,"id":4567120880}}
{"counter":8662,"type":"move","frame":{"millis":39143,"tic":1370},"actor":{"position":{"x":11987762,"y":18679815,"z":1048576,"angle":2986344448,"subsector":4566993112},"type":"player","health":36,"armor":53,"id":4567120880}}
{"counter":8663,"type":"move","frame":{"millis":39143,"tic":1370},"actor":{"position":{"x":4626129,"y":149361,"z":0,"angle":2147483648,"subsector":4566993016},"type":"shotgun_soldier","health":-5,"id":4567137680}}
{"counter":8664,"type":"move","frame":{"millis":39143,"tic":1370},"actor":{"position":{"x":-4475264,"y":22915328,"z":0,"angle":536870912,"subsector":4566993240},"type":"soldier","health":20,"id":4567137944}}
{"counter":8665,"type":"move","frame":{"millis":39143,"tic":1370},"actor":{"position":{"x":-24440448,"y":55124608,"z":0,"angle":2147483648,"subsector":4566993384},"type":"shotgun_soldier","health":30,"id":4567155368}}
{"counter":8666,"type":"move","frame":{"millis":39143,"tic":1370},"actor":{"position":{"x":11940145,"y":14094732,"z":0,"angle":0,"subsector":4566993032},"type":"spectre","health":-6,"id":4567162232}}
{"counter":8667,"type":"move","frame":{"millis":39172,"tic":1371},"actor":{"position":{"x":11987762,"y":18679815,"z":1048576,"angle":2986344448,"subsector":4566993112},"type":"player","health":36,"armor":53,"id":4567120880}}
{"counter":8668,"type":"move","frame":{"millis":39173,"tic":1371},"actor":{"position":{"x":12027209,"y":18763002,"z":1048576,"angle":2986344448,"subsector":4566993112},"type":"player","health":36,"armor":53,"id":4567120880}}
{"counter":8669,"type":"move","frame":{"millis":39173,"tic":1371},"actor":{"position":{"x":4595247,"y":66964,"z":0,"angle":2147483648,"subsector":4566993016},"type":"shotgun_soldier","health":-5,"id":4567137680}}
{"counter":8670,"type":"move","frame":{"millis":39173,"tic":1371},"actor":{"position":{"x":-11380992,"y":28952448,"z":0,"angle":0,"subsector":4566993432},"type":"soldier","health":20,"id":4567138208}}
{"counter":8671,"type":"move","frame":{"millis":39173,"tic":1371},"actor":{"position":{"x":-2738048,"y":80194944,"z":0,"angle":536870912,"subsector":4566996760},"type":"shotgun_soldier","health":30,"id":4567155104}}
{"counter":8672,"type":"move","frame":{"millis":39173,"tic":1371},"actor":{"position":{"x":-25637312,"y":52328256,"z":0,"angle":2147483648,"subsector":4566993384},"type":"shotgun_soldier","health":30,"id":4567155632}}
{"counter":8673,"type":"move","frame":{"millis":39173,"tic":1371},"actor":{"position":{"x":-20770432,"y":54435968,"z":0,"angle":2684354560,"subsector":4566993320},"type":"shotgun_soldier","health":30,"id":4567155896}}
{"counter":8674,"type":"move","frame":{"millis":39173,"tic":1371},"actor":{"position":{"x":-2716928,"y":28518144,"z":0,"angle":2147483648,"subsector":4566993432},"type":"shotgun_soldier","health":30,"id":4567156160}}
{"counter":8675,"type":"move","frame":{"millis":39173,"tic":1371},"actor":{"position":{"x":2811968,"y":24996416,"z":0,"angle":2684354560,"subsector":4566993432},"type":"shotgun_soldier","health":30,"id":4567156424}}
{"counter":8676,"type":"move","frame":{"millis":39173,"tic":1371},"actor":{"position":{"x":11941942,"y":14065229,"z":0,"angle":0,"subsector":4566993032},"type":"spectre","health":-6,"id":4567162232}}
{"counter":8677,"type":"enter_subsector","frame":{"millis":39173,"tic":1371},"actor":{"position":{"x":56543904,"y":15630848,"z":0,"angle":3221225472,"subsector":4566994456},"type":"spectre","health":150,"id":4567166984}}
{"counter":8678,"type":"move","frame":{"millis":39173,"tic":1371},"actor":{"position":{"x":56543904,"y":15630848,"z":0,"angle":3221225472,"subsector":4566994456},"type":"spectre","health":150,"id":4567166984}}
{"counter":8679,"type":"move","frame":{"millis":39200,"tic":1372},"actor":{"position":{"x":12027209,"y":18763002,"z":1048576,"angle":2986344448,"subsector":4566993112},"type":"player","health":36,"armor":53,"id":4567120880}}
{"counter":8680,"type":"move","frame":{"millis":39200,"tic":1372},"actor":{"position":{"x":12060200,"y":18830675,"z":1048576,"angle":2986344448,"subsector":4566993112},"type":"player","health":36,"armor":53,"id":4567120880}}
{"counter":8681,"type":"move","frame":{"millis":39200,"tic":1372},"actor":{"position":{"x":2790848,"y":12090304,"z":0,"angle":3221225472,"subsector":4566993176},"type":"imp","health":60,"id":4567132928}}
{"counter":8682,"type":"move","frame":{"millis":39200,"tic":1372},"actor":{"position":{"x":4567260,"y":-7709,"z":0,"angle":2147483648,"subsector":4566993016},"type":"shotgun_soldier","health":-5,"id":4567137680}}
{"counter":8683,"type":"move","frame":{"millis":39200,"tic":1372},"actor":{"position":{"x":-16475584,"y":55728320,"z":0,"angle":1610612736,"subsector":4566993320},"type":"soldier","health":20,"id":4567138736}}
{"counter":8684,"type":"move","frame":{"millis":39201,"tic":1372},"actor":{"position":{"x":-1784960,"y":18371200,"z":0,"angle":536870912,"subsector":4566993176},"type":"soldier","health":20,"id":4567139528}}
{"counter":8685,"type":"move","frame":{"millis":39201,"tic":1372},"actor":{"position":{"x":0,"y":29227904,"z":0,"angle":1073741824,"subsector":4566993432},"type":"shotgun_soldier","health":30,"id":4567139792}}
{"counter":8686,"type":"move","frame":{"millis":39201,"tic":1372},"actor":{"position":{"x":11943570,"y":14038491,"z":0,"angle":0,"subsector":4566993032},"type":"spectre","health":-6,"id":4567162232}}
{"counter":8687,"type":"move","frame":{"millis":39201,"tic":1372},"actor":{"position":{"x":2875328,"y":27956672,"z":0,"angle":3221225472,"subsector":4566993432},"type":"shotgun_soldier","health":30,"id":4567172528}}
{"counter":8688,"type":"move","frame":{"millis":39229,"tic":1373},"actor":{"position":{"x":12060200,"y":18830675,"z":1048576,"angle":2986344448,"subsector":4566993112},"type":"player","health":36,"armor":53,"id":4567120880}}
{"counter":8689,"type":"move","frame":{"millis":39229,"tic":1373},"actor":{"position":{"x":12055638,"y":18795576,"z":1048576,"angle":2986344448,"subsector":4566993112},"type":"player","health":36,"armor":53,"id":4567120880}}
{"counter":8690,"type":"move","frame":{"millis":39229,"tic":1373},"actor":{"position":{"x":4541896,"y":-75382,"z":0,"angle":2147483648,"subsector":4566993016},"type":"shotgun_soldier","health":-5,"id":4567137680}}
{"counter":8691,"type":"move","frame":{"millis":39229,"tic":1373},"actor":{"position":{"x":-4469760,"y":84161536,"z":0,"angle":2147483648,"subsector":4566996760},"type":"soldier","health":20,"id":4567139000}}
{"counter":8692,"type":"move","frame":{"millis":39229,"tic":1373},"actor":{"position":{"x":-24964736,"y":55124608,"z":0,"angle":2147483648,"subsector":4566993384},"type":"shotgun_soldier","health":30,"id":4567155368}}
{"counter":8693,"type":"move","frame":{"millis":39229,"tic":1373},"actor":{"position":{"x":11945045,"y":14014259,"z":0,"angle":0,"subsector":4566993032},"type":"spectre","health":-6,"id":4567162232}}
{"counter":8694,"type":"move","frame":{"millis":39230,"tic":1373},"actor":{"position":{"x":56543904,"y":14975488,"z":0,"angle":3221225472,"subsector":4566994456},"type":"spectre","health":150,"id":4567166984}}
{"counter":8695,"type":"move","frame":{"millis":39258,"tic":1374},"actor":{"position":{"x":12055638,"y":18795576,"z":1048576,"angle":2986344448,"subsector":4566993112},"type":"player","health":36,"armor":53,"id":4567120880}}
{"counter":8696,"type":"move","frame":{"millis":39259,"tic":1374},"actor":{"position":{"x":12017043,"y":18667340,"z":1048576,"angle":2986344448,"subsector":4566993112},"type":"player","health":36,"armor":53,"id":4567120880}}
{"counter":8697,"type":"move","frame":{"millis":39259,"tic":1374},"actor":{"position":{"x":4518909,"y":-136711,"z":0,"angle":2147483648,"subsector":4566993016},"type":"shotgun_soldier","health":-5,"id":4567137680}}
{"counter":8698,"type":"move","frame":{"millis":39259,"tic":1374},"actor":{"position":{"x":-4099264,"y":22539328,"z":0,"angle":0,"subsector":4566993240},"type":"soldier","health":20,"id":4567137944}}
{"counter":8699,"type":"move","frame":{"millis":39259,"tic":1374},"actor":{"position":{"x":-2738048,"y":79670656,"z":0,"angle":0,"subsector":4566996760},"type":"shotgun_soldier","health":30,"id":4567155104}}
{"counter":8700,"type":"move","frame":{"millis":39259,"tic":1374},"actor":{"position":{"x":-26161600,"y":52328256,"z":0,"angle":2147483648,"subsector":4566993384},"type":"shotgun_soldier","health":30,"id":4567155632}}
{"counter":8701,"type":"move","frame":{"millis":39259,"tic":1374},"actor":{"position":{"x":-21146432,"y":54059968,"z":0,"angle":2684354560,"subsector":4566993384},"type":"shotgun_soldier","health":30,"id":4567155896}}
{"counter":8702,"type":"move","frame":{"millis":39259,"tic":1374},"actor":{"position":{"x":-2716928,"y":27993856,"z":0,"angle":2684354560,"subsector":4566993432},"type":"shotgun_soldier","health":30,"id":4567156160}}
{"counter":8703,"type":"move","frame":{"millis":39259,"tic":1374},"actor":{"position":{"x":2811968,"y":24472128,"z":0,"angle":3221225472,"subsector":4566993432},"type":"shotgun_soldier","health":30,"id":4567156424}}
{"counter":8704,"type":"move","frame":{"millis":39259,"tic":1374},"actor":{"position":{"x":11946381,"y":13992298,"z":0,"angle":0,"subsector":4566993032},"type":"spectre","health":-6,"id":4567162232}}
{"counter":8705,"type":"move","frame":{"millis":39286,"tic":1375},"actor":{"position":{"x":12017043,"y":18667340,"z":1048576,"angle":3003121664,"subsector":4566993112},"type":"player","health":36,"armor":53,"id":4567120880}}
{"counter":8706,"type":"move","frame":{"millis":39286,"tic":1375},"actor":{"position":{"x":11949983,"y":18453882,"z":1048576,"angle":3003121664,"subsector":4566993112},"type":"player","health":36,"armor":53,"id":4567120880}}
{"counter":8707,"type":"move","frame":{"millis":39286,"tic":1375},"actor":{"position":{"x":2790848,"y":11566016,"z":0,"angle":3221225472,"subsector":4566993176},"type":"imp","health":60,"id":4567132928}}
{"counter":8708,"type":"move","frame":{"millis":39286,"tic":1375},"actor":{"position":{"x":4498077,"y":-192291,"z":0,"angle":2147483648,"subsector":4566993016},"type":"shotgun_soldier","health":-5,"id":4567137680}}
{"counter":8709,"type":"move","frame":{"millis":39286,"tic":1375},"actor":{"position":{"x":-10856704,"y":28952448,"z":0,"angle":0,"subsector":4566993432},"type":"soldier","health":20,"id":4567138208}}
{"counter":8710,"type":"move","frame":{"millis":39286,"tic":1375},"actor":{"position":{"x":0,"y":28703616,"z":0,"angle":1610612736,"subsector":4566993432},"type":"shotgun_soldier","health":30,"id":4567139792}}
{"counter":8711,"type":"move","frame":{"millis":39286,"tic":1375},"actor":{"position":{"x":11947591,"y":13972395,"z":0,"angle":0,"subsector":4566993032},"type":"spectre","health":-6,"id":4567162232}}
{"counter":8712,"type":"move","frame":{"millis":39286,"tic":1375},"actor":{"position":{"x":56543904,"y":14320128,"z":0,"angle":3221225472,"subsector":4566994408},"type":"spectre","health":150,"id":4567166984}}
{"counter":8713,"type":"move","frame":{"millis":39286,"tic":1375},"actor":{"position":{"x":2875328,"y":27432384,"z":0,"angle":3221225472,"subsector":4566993432},"type":"shotgun_soldier","health":30,"id":4567172528}}
{"counter":8714,"type":"move","frame":{"millis":39315,"tic":1376},"actor":{"position":{"x":11949983,"y":18453882,"z":1048576,"angle":3003121664,"subsector":4566993112},"type":"player","health":36,"armor":53,"id":4567120880}}
{"counter":8715,"type":"move","frame":{"millis":39316,"tic":1376},"actor":{"position":{"x":11857126,"y":18163191,"z":1048576,"angle":3003121664,"subsector":4566993096},"type":"player","health":36,"armor":53,"id":4567120880}}
{"counter":8716,"type":"move","frame":{"millis":39316,"tic":1376},"actor":{"position":{"x":4479198,"y":-242661,"z":0,"angle":2147483648,"subsector":4566993016},"type":"shotgun_soldier","health":-5,"id":4567137680}}
{"counter":8717,"type":"move","frame":{"millis":39316,"tic":1376},"actor":{"position":{"x":-16475584,"y":55204032,"z":0,"angle":2147483648,"subsector":4566993320},"type":"soldier","health":20,"id":4567138736}}
{"counter":8718,"type":"move","frame":{"millis":39316,"tic":1376},"actor":{"position":{"x":-1408960,"y":18747200,"z":0,"angle":536870912,"subsector":4566993176},"type":"soldier","health":20,"id":4567139528}}
{"counter":8719,"type":"move","frame":{"millis":39316,"tic":1376},"actor":{"position":{"x":-25489024,"y":55124608,"z":0,"angle":2147483648,"subsector":4566993384},"type":"shotgun_soldier","health":30,"id":4567155368}}
{"counter":8720,"type":"move","frame":{"millis":39316,"tic":1376},"actor":{"position":{"x":11948687,"y":13954357,"z":0,"angle":0,"subsector":4566993032},"type":"spectre","health":-6,"id":4567162232}}
{"counter":8721,"type":"move","frame":{"millis":39343,"tic":1377},"actor":{"position":{"x":11857126,"y":18163191,"z":1048576,"angle":3003121664,"subsector":4566993096},"type":"player","health":36,"armor":53,"id":4567120880}}
{"counter":8722,"type":"move","frame":{"millis":39343,"tic":1377},"actor":{"position":{"x":11740891,"y":17802508,"z":1048576,"angle":3003121664,"subsector":4566993096},"type":"player","health":36,"armor":53,"id":4567120880}}
{"counter":8723,"type":"move","frame":{"millis":39343,"tic":1377},"actor":{"position":{"x":4462088,"y":-288309,"z":0,"angle":2147483648,"subsector":4566993016},"type":"shotgun_soldier","health":-5,"id":4567137680}}
{"counter":8724,"type":"move","frame":{"millis":39343,"tic":1377},"actor":{"position":{"x":-4093760,"y":83785536,"z":0,"angle":2684354560,"subsector":4566996760},"type":"soldier","health":20,"id":4567139000}}
{"counter":8725,"type":"move","frame":{"millis":39343,"tic":1377},"actor":{"position":{"x":-2738048,"y":79146368,"z":0,"angle":3758096384,"subsector":4566996760},"type":"shotgun_soldier","health":30,"id":4567155104}}
{"counter":8726,"type":"move","frame":{"millis":39343,"tic":1377},"actor":{"position":{"x":-26685888,"y":52328256,"z":0,"angle":2147483648,"subsector":4566993384},"type":"shotgun_soldier","health":30,"id":4567155632}}
{"counter":8727,"type":"move","frame":{"millis":39343,"tic":1377},"actor":{"position":{"x":-21522432,"y":53683968,"z":0,"angle":2684354560,"subsector":4566993384},"type":"shotgun_soldier","health":30,"id":4567155896}}
{"counter":8728,"type":"move","frame":{"millis":39343,"tic":1377},"actor":{"position":{"x":-2716928,"y":27469568,"z":0,"angle":3221225472,"subsector":4566993432},"type":"shotgun_soldier","health":30,"id":4567156160}}
{"counter":8729,"type":"move","frame":{"millis":39343,"tic":1377},"actor":{"position":{"x":2287680,"y":24472128,"z":0,"angle":3221225472,"subsector":4566993432},"type":"shotgun_soldier","health":30,"id":4567156424}}
{"counter":8730,"type":"move","frame":{"millis":39343,"tic":1377},"actor":{"position":{"x":11949680,"y":13938010,"z":0,"angle":0,"subsector":4566993032},"type":"spectre","health":-6,"id":4567162232}}
{"counter":8731,"type":"move","frame":{"millis":39343,"tic":1377},"actor":{"position":{"x":56543904,"y":13664768,"z":0,"angle":3221225472,"subsector":4566994408},"type":"spectre","health":150,"id":4567166984}}
{"counter":8732,"type":"move","frame":{"millis":39372,"tic":1378},"actor":{"position":{"x":11740891,"y":17802508,"z":1048576,"angle":3003121664,"subsector":4566993096},"type":"player","health":36,"armor":53,"id":4567120880}}
{"counter":8733,"type":"move","frame":{"millis":39372,"tic":1378},"actor":{"position":{"x":11603470,"y":17378395,"z":1048576,"angle":3003121664,"subsector":4566993096},"type":"player","health":36,"armor":53,"id":4567120880}}
{"counter":8734,"type":"move","frame":{"millis":39372,"tic":1378},"actor":{"position":{"x":2790848,"y":11041728,"z":0,"angle":3221225472,"subsector":4566993176},"type":"imp","health":60,"id":4567132928}}
{"counter":8735,"type":"move","frame":{"millis":39372,"tic":1378},"actor":{"position":{"x":4446582,"y":-329678,"z":0,"angle":2147483648,"subsector":4566993016},"type":"shotgun_soldier","health":-5,"id":4567137680}}
{"counter":8736,"type":"move","frame":{"millis":39372,"tic":1378},"actor":{"position":{"x":-3723264,"y":22163328,"z":0,"angle":3758096384,"subsector":4566993240},"type":"soldier","health":20,"id":4567137944}}
{"counter":8737,"type":"move","frame":{"millis":39372,"tic":1378},"actor":{"position":{"x":0,"y":28179328,"z":0,"angle":2147483648,"subsector":4566993432},"type":"shotgun_soldier","health":30,"id":4567139792}}
{"counter":8738,"type":"move","frame":{"millis":39372,"tic":1378},"actor":{"position":{"x":11950579,"y":13923195,"z":0,"angle":0,"subsector":4566993032},"type":"spectre","health":-6,"id":4567162232}}
{"counter":8739,"type":"move","frame":{"millis":39372,"tic":1378},"actor":{"position":{"x":2875328,"y":27956672,"z":0,"angle":3221225472,"subsector":4566993432},"type":"shotgun_soldier","health":30,"id":4567172528}}
{"counter":8740,"type":"move","frame":{"millis":39400,"tic":1379},"actor":{"position":{"x":11603470,"y":17378395,"z":1048576,"angle":3003121664,"subsector":4566993096},"type":"player","health":36,"armor":53,"id":4567120880}}
{"counter":8741,"type":"move","frame":{"millis":39401,"tic":1379},"actor":{"position":{"x":11446849,"y":16896798,"z":1048576,"angle":3003121664,"subsector":4566993096},"type":"player","health":36,"armor":53,"id":4567120880}}
{"counter":8742,"type":"move","frame":{"millis":39401,"tic":1379},"actor":{"position":{"x":4432529,"y":-367169,"z":0,"angle":2147483648,"subsector":4566993016},"type":"shotgun_soldier","health":-5,"id":4567137680}}
{"counter":8743,"type":"move","frame":{"millis":39401,"tic":1379},"actor":{"position":{"x":-10332416,"y":28952448,"z":0,"angle":0,"subsector":4566993432},"type":"soldier","health":20,"id":4567138208}}
{"counter":8744,"type":"move","frame":{"millis":39401,"tic":1379},"actor":{"position":{"x":-26013312,"y":55124608,"z":0,"angle":2147483648,"subsector":4566993384},"type":"shotgun_soldier","health":30,"id":4567155368}}
{"counter":8745,"type":"move","frame":{"millis":39401,"tic":1379},"actor":{"position":{"x":11950579,"y":13923195,"z":0,"angle":0,"subsector":4566993032},"type":"spectre","health":-6,"id":4567162232}}
{"counter":8746,"type":"move","frame":{"millis":39401,"tic":1379},"actor":{"position":{"x":56543904,"y":13009408,"z":0,"angle":3221225472,"subsector":4566994424},"type":"spectre","health":150,"id":4567166984}}
{"counter":8747,"type":"move","frame":{"millis":39430,"tic":1380},"actor":{"position":{"x":11290228,"y":16415201,"z":1048576,"angle":3003121664,"subsector":4566993032},"type":"player","health":36,"armor":53,"id":4567120880}}
{"counter":8748,"type":"move","frame":{"millis":39430,"tic":1380},"actor":{"position":{"x":4419793,"y":-401146,"z":0,"angle":2147483648,"subsector":4566993016},"type":"shotgun_soldier","health":-5,"id":4567137680}}
{"counter":8749,"type":"move","frame":{"millis":39430,"tic":1380},"actor":{"position":{"x":-16475584,"y":54679744,"z":0,"angle":2684354560,"subsector":4566993320},"type":"soldier","health":20,"id":4567138736}}
{"counter":8750,"type":"move","frame":{"millis":39430,"tic":1380},"actor":{"position":{"x":-1032960,"y":18371200,"z":0,"angle":536870912,"subsector":4566993176},"type":"soldier","health":20,"id":4567139528}}
{"counter":8751,"type":"move","frame":{"millis":39430,"tic":1380},"actor":{"position":{"x":-2213760,"y":79146368,"z":0,"angle":3221225472,"subsector":4566996760},"type":"shotgun_soldier","health":30,"id":4567155104}}
{"counter":8752,"type":"move","frame":{"millis":39430,"tic":1380},"actor":{"position":{"x":-27210176,"y":52328256,"z":0,"angle":2147483648,"subsector":4566993384},"type":"shotgun_soldier","health":30,"id":4567155632}}
{"counter":8753,"type":"move","frame":{"millis":39430,"tic":1380},"actor":{"position":{"x":-21898432,"y":53307968,"z":0,"angle":2684354560,"subsector":4566993384},"type":"shotgun_soldier","health":30,"id":4567155896}}
{"counter":8754,"type":"move","frame":{"millis":39430,"tic":1380},"actor":{"position":{"x":-2716928,"y":26945280,"z":0,"angle":3221225472,"subsector":4566993432},"type":"shotgun_soldier","health":30,"id":4567156160}}
{"counter":8755,"type":"move","frame":{"millis":39430,"tic":1380},"actor":{"position":{"x":1763392,"y":24472128,"z":0,"angle":2684354560,"subsector":4566993432},"type":"shotgun_soldier","health":30,"id":4567156424}}
{"counter":8756,"type":"move","frame":{"millis":39458,"tic":1381},"actor":{"position":{"x":11133607,"y":15933604,"z":917504,"angle":3003121664,"subsector":4566993032},"type":"player","health":36,"armor":53,"id":4567120880}}
{"counter":8757,"type":"move","frame":{"millis":39458,"tic":1381},"actor":{"position":{"x":2790848,"y":10517440,"z":0,"angle":3221225472,"subsector":4566993176},"type":"imp","health":60,"id":4567132928}}
{"counter":8758,"type":"move","frame":{"millis":39458,"tic":1381},"actor":{"position":{"x":4408251,"y":-431938,"z":0,"angle":2147483648,"subsector":4566993016},"type":"shotgun_soldier","health":-5,"id":4567137680}}
{"counter":8759,"type":"move","frame":{"millis":39458,"tic":1381},"actor":{"position":{"x":-3717760,"y":83409536,"z":0,"angle":3221225472,"subsector":4566996760},"type":"soldier","health":20,"id":4567139000}}
{"counter":8760,"type":"move","frame":{"millis":39458,"tic":1381},"actor":{"position":{"x":0,"y":27655040,"z":0,"angle":2684354560,"subsector":4566993432},"type":"shotgun_soldier","health":30,"id":4567139792}}
{"counter":8761,"type":"move","frame":{"millis":39458,"tic":1381},"actor":{"position":{"x":56543904,"y":12354048,"z":0,"angle":3221225472,"subsector":4566994424},"type":"spectre","health":150,"id":4567166984}}
{"counter":8762,"type":"move","frame":{"millis":39458,"tic":1381},"actor":{"position":{"x":2875328,"y":28480960,"z":0,"angle":3758096384,"subsector":4566993432},"type":"shotgun_soldier","health":30,"id":4567172528}}
{"counter":8763,"type":"move","frame":{"millis":39486,"tic":1382},"actor":{"position":{"x":10976986,"y":15452007,"z":720896,"angle":3003121664,"subsector":4566993032},"type":"player","health":36,"armor":53,"id":4567120880}}
{"counter":8764,"type":"move","frame":{"millis":39486,"tic":1382},"actor":{"position":{"x":4397791,"y":-459844,"z":0,"angle":2147483648,"subsector":4566993016},"type":"shotgun_soldier","health":-5,"id":4567137680}}
{"counter":8765,"type":"enter_subsector","frame":{"millis":39486,"tic":1382},"actor":{"position":{"x":-3347264,"y":21787328,"z":0,"angle":3758096384,"subsector":4566993256},"type":"soldier","health":20,"id":4567137944}}
{"counter":8766,"type":"move","frame":{"millis":39486,"tic":1382},"actor":{"position":{"x":-3347264,"y":21787328,"z":0,"angle":3758096384,"subsector":4566993256},"type":"soldier","health":20,"id":4567137944}}
{"counter":8767,"type":"move","frame":{"millis":39486,"tic":1382},"actor":{"position":{"x":-26537600,"y":55124608,"z":0,"angle":2147483648,"subsector":4566993384},"type":"shotgun_soldier","health":30,"id":4567155368}}
{"counter":8768,"type":"move","frame":{"millis":39515,"tic":1383},"actor":{"position":{"x":10820365,"y":14970410,"z":458752,"angle":3003121664,"subsector":4566993032},"type":"player","health":36,"armor":53,"id":4567120880}}
{"counter":8769,"type":"move","frame":{"millis":39515,"tic":1383},"actor":{"position":{"x":4388311,"y":-485134,"z":0,"angle":2147483648,"subsector":4566993016},"type":"shotgun_soldier","health":-5,"id":4567137680}}
{"counter":8770,"type":"move","frame":{"millis":39515,"tic":1383},"actor":{"position":{"x":-9956416,"y":28576448,"z":0,"angle":0,"subsector":4566993432},"type":"soldier","health":20,"id":4567138208}}
{"counter":8771,"type":"move","frame":{"millis":39515,"tic":1383},"actor":{"position":{"x":-1689472,"y":79146368,"z":0,"angle":3758096384,"subsector":4566996760},"type":"shotgun_soldier","health":30,"id":4567155104}}
{"counter":8772,"type":"move","frame":{"millis":39515,"tic":1383},"actor":{"position":{"x":-27734464,"y":52328256,"z":0,"angle":2147483648,"subsector":4566993352},"type":"shotgun_soldier","health":30,"id":4567155632}}
{"counter":8773,"type":"move","frame":{"millis":39515,"tic":1383},"actor":{"position":{"x":-22274432,"y":52931968,"z":0,"angle":2684354560,"subsector":4566993384},"type":"shotgun_soldier","health":30,"id":4567155896}}
{"counter":8774,"type":"move","frame":{"millis":39515,"tic":1383},"actor":{"position":{"x":-2716928,"y":26420992,"z":0,"angle":3221225472,"subsector":4566993432},"type":"shotgun_soldier","health":30,"id":4567156160}}
{"counter":8775,"type":"move","frame":{"millis":39515,"tic":1383},"actor":{"position":{"x":1239104,"y":24472128,"z":0,"angle":2147483648,"subsector":4566993432},"type":"shotgun_soldier","health":30,"id":4567156424}}
{"counter":8776,"type":"move","frame":{"millis":39515,"tic":1383},"actor":{"position":{"x":56543904,"y":11698688,"z":0,"angle":3221225472,"subsector":4566994424},"type":"spectre","health":150,"id":4567166984}}
{"counter":8777,"type":"move","frame":{"millis":39543,"tic":1384},"actor":{"position":{"x":10663744,"y":14488813,"z":131072,"angle":3003121664,"subsector":4566993032},"type":"player","health":36,"armor":53,"id":4567120880}}
{"counter":8778,"type":"move","frame":{"millis":39543,"tic":1384},"actor":{"position":{"x":2790848,"y":9993152,"z":0,"angle":3221225472,"subsector":4566993176},"type":"imp","health":60,"id":4567132928}}
{"counter":8779,"type":"move","frame":{"millis":39543,"tic":1384},"actor":{"position":{"x":4379719,"y":-508054,"z":0,"angle":2147483648,"subsector":4566993016},"type":"shotgun_soldier","health":-5,"id":4567137680}}
{"counter":8780,"type":"move","frame":{"millis":39543,"tic":1384},"actor":{"position":{"x":-16475584,"y":54155456,"z":0,"angle":3221225472,"subsector":4566993320},"type":"soldier","health":20,"id":4567138736}}
{"counter":8781,"type":"move","frame":{"millis":39543,"tic":1384},"actor":{"position":{"x":-656960,"y":17995200,"z":0,"angle":0,"subsector":4566993176},"type":"soldier","health":20,"id":4567139528}}
{"counter":8782,"type":"move","frame":{"millis":39543,"tic":1384},"actor":{"position":{"x":0,"y":27130752,"z":0,"angle":3221225472,"subsector":4566993432},"type":"shotgun_soldier","health":30,"id":4567139792}}
{"counter":8783,"type":"move","frame":{"millis":39543,"tic":1384},"actor":{"position":{"x":2875328,"y":29005248,"z":0,"angle":0,"subsector":4566993432},"type":"shotgun_soldier","health":30,"id":4567172528}}
{"counter":8784,"type":"move","frame":{"millis":39572,"tic":1385},"actor":{"position":{"x":10663744,"y":14488813,"z":0,"angle":3003121664,"subsector":4566993032},"type":"player","health":36,"armor":53,"id":4567120880}}
{"counter":8785,"type":"move","frame":{"millis":39572,"tic":1385},"actor":{"position":{"x":10475040,"y":13909972,"z":0,"angle":3003121664,"subsector":4566993032},"type":"player","health":36,"armor":53,"id":4567120880}}
{"counter":8786,"type":"move","frame":{"millis":39572,"tic":1385},"actor":{"position":{"x":4371932,"y":-528826,"z":0,"angle":2147483648,"subsector":4566993016},"type":"shotgun_soldier","health":-5,"id":4567137680}}
{"counter":8787,"type":"move","frame":{"millis":39572,"tic":1385},"actor":{"position":{"x":-3341760,"y":83033536,"z":0,"angle":3758096384,"subsector":4566996760},"type":"soldier","health":20,"id":4567139000}}
{"counter":8788,"type":"move","frame":{"millis":39572,"tic":1385},"actor":{"position":{"x":-27061888,"y":55124608,"z":0,"angle":2147483648,"subsector":4566993384},"type":"shotgun_soldier","health":30,"id":4567155368}}
{"counter":8789,"type":"move","frame":{"millis":39572,"tic":1385},"actor":{"position":{"x":56543904,"y":11043328,"z":0,"angle":3221225472,"subsector":4566994424},"type":"spectre","health":150,"id":4567166984}}
{"counter":8790,"type":"move","frame":{"millis":39601,"tic":1386},"actor":{"position":{"x":10475040,"y":13909972,"z":0,"angle":2986344448,"subsector":4566993032},"type":"player","health":36,"armor":53,"id":4567120880}}
{"counter":8791,"type":"move","frame":{"millis":39601,"tic":1386},"actor":{"position":{"x":10269567,"y":13288970,"z":0,"angle":2986344448,"subsector":4566993032},"type":"player","health":36,"armor":53,"id":4567120880}}
{"counter":8792,"type":"move","frame":{"millis":39601,"tic":1386},"actor":{"position":{"x":4364875,"y":-547651,"z":0,"angle":2147483648,"subsector":4566993016},"type":"shotgun_soldier","health":-5,"id":4567137680}}
{"counter":8793,"type":"move","frame":{"millis":39601,"tic":1386},"actor":{"position":{"x":-2971264,"y":21411328,"z":0,"angle":3758096384,"subsector":4566993256},"type":"soldier","health":20,"id":4567137944}}
{"counter":8794,"type":"move","frame":{"millis":39601,"tic":1386},"actor":{"position":{"x":-1165184,"y":79146368,"z":0,"angle":0,"subsector":4566996760},"type":"shotgun_soldier","health":30,"id":4567155104}}
{"counter":8795,"type":"move","frame":{"millis":39601,"tic":1386},"actor":{"position":{"x":-28258752,"y":52328256,"z":0,"angle":2147483648,"subsector":4566993352},"type":"shotgun_soldier","health":30,"id":4567155632}}
{"counter":8796,"type":"move","frame":{"millis":39601,"tic":1386},"actor":{"position":{"x":-22650432,"y":52555968,"z":0,"angle":2684354560,"subsector":4566993384},"type":"shotgun_soldier","health":30,"id":4567155896}}
{"counter":8797,"type":"move","frame":{"millis":39601,"tic":1386},"actor":{"position":{"x":-2716928,"y":25896704,"z":0,"angle":3221225472,"subsector":4566993432},"type":"shotgun_soldier","health":30,"id":4567156160}}
{"counter":8798,"type":"move","frame":{"millis":39601,"tic":1386},"actor":{"position":{"x":714816,"y":24472128,"z":0,"angle":2147483648,"subsector":4566993432},"type":"shotgun_soldier","health":30,"id":4567156424}}
{"counter":8799,"type":"move","frame":{"millis":39629,"tic":1387},"actor":{"position":{"x":10269567,"y":13288970,"z":0,"angle":2969567232,"subsector":4566993032},"type":"player","health":36,"armor":53,"id":4567120880}}
{"counter":8800,"type":"move","frame":{"millis":39629,"tic":1387},"actor":{"position":{"x":10046541,"y":12630634,"z":0,"angle":2969567232,"subsector":4566993032},"type":"player","health":36,"armor":53,"id":4567120880}}
{"counter":8801,"type":"move","frame":{"millis":39629,"tic":1387},"actor":{"position":{"x":2790848,"y":9468864,"z":0,"angle":3221225472,"subsector":4566993176},"type":"imp","health":60,"id":4567132928}}
{"counter":8802,"type":"move","frame":{"millis":39629,"tic":1387},"actor":{"position":{"x":4358479,"y":-564712,"z":0,"angle":2147483648,"subsector":4566993016},"type":"shotgun_soldier","health":-5,"id":4567137680}}
{"counter":8803,"type":"move","frame":{"millis":39629,"tic":1387},"actor":{"position":{"x":-9580416,"y":28200448,"z":0,"angle":3758096384,"subsector":4566993432},"type":"soldier","health":20,"id":4567138208}}
{"counter":8804,"type":"move","frame":{"millis":39629,"tic":1387},"actor":{"position":{"x":0,"y":27655040,"z":0,"angle":3221225472,"subsector":4566993432},"type":"shotgun_soldier","health":30,"id":4567139792}}
{"counter":8805,"type":"move","frame":{"millis":39629,"tic":1387},"actor":{"position":{"x":56073904,"y":11513328,"z":0,"angle":3221225472,"subsector":4566994424},"type":"spectre","health":150,"id":4567166984}}
{"counter":8806,"type":"move","frame":{"millis":39629,"tic":1387},"actor":{"position":{"x":2875328,"y":29529536,"z":0,"angle":536870912,"subsector":4566993432},"type":"shotgun_soldier","health":30,"id":4567172528}}
{"counter":8807,"type":"move","frame":{"millis":39659,"tic":1388},"actor":{"position":{"x":10046541,"y":12630634,"z":0,"angle":2952790016,"subsector":4566993032},"type":"player","health":36,"armor":53,"id":4567120880}}
{"counter":8808,"type":"move","frame":{"millis":39659,"tic":1388},"actor":{"position":{"x":9805273,"y":11939398,"z":0,"angle":2952790016,"subsector":4566993032},"type":"player","health":36,"armor":53,"id":4567120880}}
{"counter":8809,"type":"move","frame":{"millis":39659,"tic":1388},"actor":{"position":{"x":4352682,"y":-580174,"z":0,"angle":2147483648,"subsector":4566993016},"type":"shotgun_soldier","health":-5,"id":4567137680}}
{"counter":8810,"type":"move","frame":{"millis":39659,"tic":1388},"actor":{"position":{"x":-16475584,"y":53631168,"z":0,"angle":3221225472,"subsector":4566993320},"type":"soldier","health":20,"id":4567138736}}
{"counter":8811,"type":"move","frame":{"millis":39659,"tic":1388},"actor":{"position":{"x":-280960,"y":17619200,"z":0,"angle":3758096384,"subsector":4566993176},"type":"soldier","health":20,"id":4567139528}}
{"counter":8812,"type":"move","frame":{"millis":39659,"tic":1388},"actor":{"position":{"x":-27586176,"y":55124608,"z":0,"angle":2147483648,"subsector":4566993352},"type":"shotgun_soldier","health":30,"id":4567155368}}
{"counter":8813,"type":"move","frame":{"millis":39686,"tic":1389},"actor":{"position":{"x":9805273,"y":11939398,"z":0,"angle":2936012800,"subsector":4566993032},"type":"player","health":36,"armor":53,"id":4567120880}}
{"counter":8814,"type":"move","frame":{"millis":39686,"tic":1389},"actor":{"position":{"x":9545163,"y":11219335,"z":0,"angle":2936012800,"subsector":4566993032},"type":"player","health":36,"armor":53,"id":4567120880}}
{"counter":8815,"type":"move","frame":{"millis":39686,"tic":1389},"actor":{"position":{"x":4347428,"y":-594187,"z":0,"angle":2147483648,"subsector":4566993016},"type":"shotgun_soldier","health":-5,"id":4567137680}}
{"counter":8816,"type":"move","frame":{"millis":39686,"tic":1389},"actor":{"position":{"x":-2965760,"y":82657536,"z":0,"angle":3758096384,"subsector":4566996760},"type":"soldier","health":20,"id":4567139000}}
{"counter":8817,"type":"move","frame":{"millis":39686,"tic":1389},"actor":{"position":{"x":-640896,"y":79146368,"z":0,"angle":0,"subsector":4566996760},"type":"shotgun_soldier","health":30,"id":4567155104}}
{"counter":8818,"type":"move","frame":{"millis":39686,"tic":1389},"actor":{"position":{"x":-28783040,"y":52328256,"z":0,"angle":2147483648,"subsector":4566993352},"type":"shotgun_soldier","health":30,"id":4567155632}}
{"counter":8819,"type":"move","frame":{"millis":39686,"tic":1389},"actor":{"position":{"x":-22650432,"y":53080256,"z":0,"angle":2684354560,"subsector":4566993384},"type":"shotgun_soldier","health":30,"id":4567155896}}
{"counter":8820,"type":"move","frame":{"millis":39686,"tic":1389},"actor":{"position":{"x":-2716928,"y":25372416,"z":0,"angle":3221225472,"subsector":4566993432},"type":"shotgun_soldier","health":30,"id":4567156160}}
{"counter":8821,"type":"move","frame":{"millis":39686,"tic":1389},"actor":{"position":{"x":190528,"y":24472128,"z":0,"angle":2147483648,"subsector":4566993432},"type":"shotgun_soldier","health":30,"id":4567156424}}
{"counter":8822,"type":"move","frame":{"millis":39686,"tic":1389},"actor":{"position":{"x":55603904,"y":11983328,"z":0,"angle":2684354560,"subsector":4566994424},"type":"spectre","health":150,"id":4567166984}}
{"counter":8823,"type":"move","frame":{"millis":39716,"tic":1390},"actor":{"position":{"x":9545163,"y":11219335,"z":0,"angle":2919235584,"subsector":4566993032},"type":"player","health":36,"armor":53,"id":4567120880}}
{"counter":8824,"type":"move","frame":{"millis":39716,"tic":1390},"actor":{"position":{"x":9265692,"y":10474192,"z":0,"angle":2919235584,"subsector":4566993032},"type":"player","health":36,"armor":53,"id":4567120880}}
{"counter":8825,"type":"attacked","frame":{"millis":39716,"tic":1390},"actor":{"position":{"x":2790848,"y":9468864,"z":0,"angle":3221225472,"subsector":4566993176},"type":"imp","health":60,"id":4567132928},"target":{"position":{"x":9265692,"y":10474192,"z":0,"angle":2919235584,"subsector":4566993032},"type":"player","health":36,"armor":53,"id":4567120880}}
{"counter":8826,"type":"move","frame":{"millis":39716,"tic":1390},"actor":{"position":{"x":4342666,"y":-606887,"z":0,"angle":2147483648,"subsector":4566993016},"type":"shotgun_soldier","health":-5,"id":4567137680}}
{"counter":8827,"type":"move","frame":{"millis":39716,"tic":1390},"actor":{"position":{"x":-2595264,"y":21035328,"z":0,"angle":3758096384,"subsector":4566993256},"type":"soldier","health":20,"id":4567137944}}
{"counter":8828,"type":"move","frame":{"millis":39716,"tic":1390},"actor":{"position":{"x":0,"y":28179328,"z":0,"angle":3758096384,"subsector":4566993432},"type":"shotgun_soldier","health":30,"id":4567139792}}
{"counter":8829,"type":"move","frame":{"millis":39716,"tic":1390},"actor":{"position":{"x":2875328,"y":30053824,"z":0,"angle":1073741824,"subsector":4566993432},"type":"shotgun_soldier","health":30,"id":4567172528}}
{"counter":8830,"type":"move","frame":{"millis":39743,"tic":1391},"actor":{"position":{"x":9265692,"y":10474192,"z":0,"angle":2835349504,"subsector":4566993032},"type":"player","health":36,"armor":53,"id":4567120880}}
{"counter":8831,"type":"move","frame":{"millis":39743,"tic":1391},"actor":{"position":{"x":8957671,"y":9712373,"z":0,"angle":2835349504,"subsector":4566993032},"type":"player","health":36,"armor":53,"id":4567120880}}
{"counter":8832,"type":"move","frame":{"millis":39743,"tic":1391},"actor":{"position":{"x":4338350,"y":-618397,"z":0,"angle":2147483648,"subsector":4566993016},"type":"shotgun_soldier","health":-5,"id":4567137680}}
{"counter":8833,"type":"move","frame":{"millis":39743,"tic":1391},"actor":{"position":{"x":-9204416,"y":27824448,"z":0,"angle":3758096384,"subsector":4566993432},"type":"soldier","health":20,"id":4567138208}}
{"counter":8834,"type":"move","frame":{"millis":39743,"tic":1391},"actor":{"position":{"x":-28110464,"y":55124608,"z":0,"angle":2147483648,"subsector":4566993352},"type":"shotgun_soldier","health":30,"id":4567155368}}
{"counter":8835,"type":"move","frame":{"millis":39743,"tic":1391},"actor":{"position":{"x":55133904,"y":12453328,"z":0,"angle":2147483648,"subsector":4566994424},"type":"spectre","health":150,"id":4567166984}}
{"counter":8836,"type":"move","frame":{"millis":39772,"tic":1392},"actor":{"position":{"x":8957671,"y":9712373,"z":0,"angle":2734686208,"subsector":4566993032},"type":"player","health":36,"armor":53,"id":4567120880}}
{"counter":8837,"type":"move","frame":{"millis":39772,"tic":1392},"actor":{"position":{"x":8611671,"y":8944411,"z":0,"angle":2734686208,"subsector":4566993032},"type":"player","health":36,"armor":53,"id":4567120880}}
{"counter":8838,"type":"move","frame":{"millis":39772,"tic":1392},"actor":{"position":{"x":4334438,"y":-628828,"z":0,"angle":2147483648,"subsector":4566993016},"type":"shotgun_soldier","health":-5,"id":4567137680}}
{"counter":8839,"type":"move","frame":{"millis":39772,"tic":1392},"actor":{"position":{"x":-16475584,"y":53106880,"z":0,"angle":3221225472,"subsector":4566993320},"type":"soldier","health":20,"id":4567138736}}
{"counter":8840,"type":"move","frame":{"millis":39772,"tic":1392},"actor":{"position":{"x":95040,"y":17243200,"z":0,"angle":3758096384,"subsector":4566993176},"type":"soldier","health":20,"id":4567139528}}
{"counter":8841,"type":"move","frame":{"millis":39772,"tic":1392},"actor":{"position":{"x":-116608,"y":79146368,"z":0,"angle":0,"subsector":4566996760},"type":"shotgun_soldier","health":30,"id":4567155104}}
{"counter":8842,"type":"move","frame":{"millis":39772,"tic":1392},"actor":{"position":{"x":-29307328,"y":52328256,"z":0,"angle":2147483648,"subsector":4566993352},"type":"shotgun_soldier","health":30,"id":4567155632}}
{"counter":8843,"type":"move","frame":{"millis":39772,"tic":1392},"actor":{"position":{"x":-22650432,"y":53604544,"z":0,"angle":2147483648,"subsector":4566993384},"type":"shotgun_soldier","health":30,"id":4567155896}}
{"counter":8844,"type":"move","frame":{"millis":39773,"tic":1392},"actor":{"position":{"x":-2716928,"y":24848128,"z":0,"angle":3221225472,"subsector":4566993432},"type":"shotgun_soldier","health":30,"id":4567156160}}
{"counter":8845,"type":"move","frame":{"millis":39773,"tic":1392},"actor":{"position":{"x":190528,"y":24996416,"z":0,"angle":2147483648,"subsector":4566993432},"type":"shotgun_soldier","health":30,"id":4567156424}}
{"counter":8846,"type":"move","frame":{"millis":39801,"tic":1393},"actor":{"position":{"x":8611671,"y":8944411,"z":0,"angle":2650800128,"subsector":4566993032},"type":"player","health":36,"armor":53,"id":4567120880}}
{"counter":8847,"type":"move","frame":{"millis":39801,"tic":1393},"actor":{"position":{"x":8222261,"y":8179649,"z":0,"angle":2650800128,"subsector":4566993032},"type":"player","health":36,"armor":53,"id":4567120880}}
{"counter":8848,"type":"move","frame":{"millis":39801,"tic":1393},"actor":{"position":{"x":4330892,"y":-638282,"z":0,"angle":2147483648,"subsector":4566993016},"type":"shotgun_soldier","health":-5,"id":4567137680}}
{"counter":8849,"type":"move","frame":{"millis":39801,"tic":1393},"actor":{"position":{"x":-2965760,"y":82133248,"z":0,"angle":3758096384,"subsector":4566996760},"type":"soldier","health":20,"id":4567139000}}
{"counter":8850,"type":"move","frame":{"millis":39801,"tic":1393},"actor":{"position":{"x":0,"y":28703616,"z":0,"angle":0,"subsector":4566993432},"type":"shotgun_soldier","health":30,"id":4567139792}}
{"counter":8851,"type":"move","frame":{"millis":39801,"tic":1393},"actor":{"position":{"x":54663904,"y":11983328,"z":0,"angle":1610612736,"subsector":4566994424},"type":"spectre","health":150,"id":4567166984}}
{"counter":8852,"type":"move","frame":{"millis":39801,"tic":1393},"actor":{"position":{"x":2875328,"y":29529536,"z":0,"angle":1073741824,"subsector":4566993432},"type":"shotgun_soldier","health":30,"id":4567172528}}
{"counter":8853,"type":"move","frame":{"millis":39829,"tic":1394},"actor":{"position":{"x":8222261,"y":8179649,"z":0,"angle":2499805184,"subsector":4566993032},"type":"player","health":36,"armor":53,"id":4567120880}}
{"counter":8854,"type":"move","frame":{"millis":39829,"tic":1394},"actor":{"position":{"x":7780281,"y":7436076,"z":0,"angle":2499805184,"subsector":4566993032},"type":"player","health":36,"armor":53,"id":4567120880}}
{"counter":8855,"type":"move","frame":{"millis":39829,"tic":1394},"actor":{"position":{"x":4327678,"y":-646850,"z":0,"angle":2147483648,"subsector":4566993016},"type":"shotgun_soldier","health":-5,"id":4567137680}}
{"counter":8856,"type":"enter_subsector","frame":{"millis":39829,"tic":1394},"actor":{"position":{"x":-2219264,"y":20659328,"z":0,"angle":3758096384,"subsector":4566993224},"type":"soldier","health":20,"id":4567137944}}
{"counter":8857,"type":"move","frame":{"millis":39829,"tic":1394},"actor":{"position":{"x":-2219264,"y":20659328,"z":0,"angle":3758096384,"subsector":4566993224},"type":"soldier","health":20,"id":4567137944}}
{"counter":8858,"type":"move","frame":{"millis":39829,"tic":1394},"actor":{"position":{"x":-28634752,"y":55124608,"z":0,"angle":2147483648,"subsector":4566993352},"type":"shotgun_soldier","health":30,"id":4567155368}}
{"counter":8859,"type":"move","frame":{"millis":39858,"tic":1395},"actor":{"position":{"x":7780281,"y":7436076,"z":0,"angle":2315255808,"subsector":4566993032},"type":"player","health":36,"armor":53,"id":4567120880}}
{"counter":8860,"type":"move","frame":{"millis":39858,"tic":1395},"actor":{"position":{"x":7280415,"y":6737293,"z":0,"angle":2315255808,"subsector":4566993032},"type":"player","health":36,"armor":53,"id":4567120880}}
{"counter":8861,"type":"move","frame":{"millis":39858,"tic":1395},"actor":{"position":{"x":4324765,"y":-654615,"z":0,"angle":2147483648,"subsector":4566993016},"type":"shotgun_soldier","health":-5,"id":4567137680}}
{"counter":8862,"type":"move","frame":{"millis":39858,"tic":1395},"actor":{"position":{"x":-8828416,"y":27448448,"z":0,"angle":3758096384,"subsector":4566993432},"type":"soldier","health":20,"id":4567138208}}
{"counter":8863,"type":"move","frame":{"millis":39858,"tic":1395},"actor":{"position":{"x":407680,"y":79146368,"z":0,"angle":0,"subsector":4566996760},"type":"shotgun_soldier","health":30,"id":4567155104}}
{"counter":8864,"type":"move","frame":{"millis":39858,"tic":1395},"actor":{"position":{"x":-29831616,"y":52328256,"z":0,"angle":2147483648,"subsector":4566993352},"type":"shotgun_soldier","health":30,"id":4567155632}}
{"counter":8865,"type":"move","frame":{"millis":39858,"tic":1395},"actor":{"position":{"x":-22650432,"y":54128832,"z":0,"angle":1610612736,"subsector":4566993384},"type":"shotgun_soldier","health":30,"id":4567155896}}
{"counter":8866,"type":"move","frame":{"millis":39858,"tic":1395},"actor":{"position":{"x":-2716928,"y":24323840,"z":0,"angle":3221225472,"subsector":4566993432},"type":"shotgun_soldier","health":30,"id":4567156160}}
{"counter":8867,"type":"move","frame":{"millis":39858,"tic":1395},"actor":{"position":{"x":190528,"y":25520704,"z":0,"angle":1610612736,"subsector":4566993432},"type":"shotgun_soldier","health":30,"id":4567156424}}
{"counter":8868,"type":"move","frame":{"millis":39858,"tic":1395},"actor":{"position":{"x":54193904,"y":11513328,"z":0,"angle":2147483648,"subsector":4566994424},"type":"spectre","health":150,"id":4567166984}}
{"counter":8869,"type":"move","frame":{"millis":39887,"tic":1396},"actor":{"position":{"x":7280415,"y":6737293,"z":0,"angle":2113929216,"subsector":4566993032},"type":"player","health":36,"armor":53,"id":4567120880}}
{"counter":8870,"type":"move","frame":{"millis":39887,"tic":1396},"actor":{"position":{"x":6725132,"y":6109004,"z":0,"angle":2113929216,"subsector":4566993032},"type":"player","health":36,"armor":53,"id":4567120880}}
{"counter":8871,"type":"move","frame":{"millis":39887,"tic":1396},"actor":{"position":{"x":4322125,"y":-661653,"z":0,"angle":2147483648,"subsector":4566993016},"type":"shotgun_soldier","health":-5,"id":4567137680}}
{"counter":8872,"type":"move","frame":{"millis":39887,"tic":1396},"actor":{"position":{"x":-16099584,"y":52730880,"z":0,"angle":3221225472,"subsector":4566993320},"type":"soldier","health":20,"id":4567138736}}
{"counter":8873,"type":"move","frame":{"millis":39887,"tic":1396},"actor":{"position":{"x":471040,"y":16867200,"z":0,"angle":3758096384,"subsector":4566993176},"type":"soldier","health":20,"id":4567139528}}
{"counter":8874,"type":"move","frame":{"millis":39887,"tic":1396},"actor":{"position":{"x":0,"y":29227904,"z":0,"angle":536870912,"subsector":4566993432},"type":"shotgun_soldier","health":30,"id":4567139792}}
{"counter":8875,"type":"move","frame":{"millis":39887,"tic":1396},"actor":{"position":{"x":2875328,"y":29005248,"z":0,"angle":1610612736,"subsector":4566993432},"type":"shotgun_soldier","health":30,"id":4567172528}}
{"counter":8876,"type":"move","frame":{"millis":39915,"tic":1397},"actor":{"position":{"x":6725132,"y":6109004,"z":0,"angle":1879048192,"subsector":4566993032},"type":"player","health":36,"armor":53,"id":4567120880}}
{"counter":8877,"type":"move","frame":{"millis":39915,"tic":1397},"actor":{"position":{"x":6180273,"y":5556843,"z":0,"angle":1879048192,"subsector":4566993192},"type":"player","health":36,"armor":53,"id":4567120880}}
{"counter":8878,"type":"move","frame":{"millis":39915,"tic":1397},"actor":{"position":{"x":4319732,"y":-668032,"z":0,"angle":2147483648,"subsector":4566993016},"type":"shotgun_soldier","health":-5,"id":4567137680}}
{"counter":8879,"type":"move","frame":{"millis":39915,"tic":1397},"actor":{"position":{"x":-2965760,"y":81608960,"z":0,"angle":3221225472,"subsector":4566996760},"type":"soldier","health":20,"id":4567139000}}
{"counter":8880,"type":"move","frame":{"millis":39915,"tic":1397},"actor":{"position":{"x":-29159040,"y":55124608,"z":0,"angle":2147483648,"subsector":4566993352},"type":"shotgun_soldier","health":30,"id":4567155368}}
{"counter":8881,"type":"move","frame":{"millis":39915,"tic":1397},"actor":{"position":{"x":53723904,"y":11043328,"z":0,"angle":2684354560,"subsector":4566994424},"type":"spectre","health":150,"id":4567166984}}
{"counter":8882,"type":"move","frame":{"millis":39943,"tic":1398},"actor":{"position":{"x":6180273,"y":5556843,"z":0,"angle":1644167168,"subsector":4566993192},"type":"player","health":36,"armor":53,"id":4567120880}}
{"counter":8883,"type":"move","frame":{"millis":39943,"tic":1398},"actor":{"position":{"x":5762392,"y":4987709,"z":0,"angle":1644167168,"subsector":4566993192},"type":"player","health":36,"armor":53,"id":4567120880}}
{"counter":8884,"type":"move","frame":{"millis":39943,"tic":1398},"actor":{"position":{"x":4317563,"y":-673813,"z":0,"angle":2147483648,"subsector":4566993016},"type":"shotgun_soldier","health":-5,"id":4567137680}}
{"counter":8885,"type":"move","frame":{"millis":39943,"tic":1398},"actor":{"position":{"x":-1843264,"y":20283328,"z":0,"angle":3758096384,"subsector":4566993224},"type":"soldier","health":20,"id":4567137944}}
{"counter":8886,"type":"move","frame":{"millis":39944,"tic":1398},"actor":{"position":{"x":931968,"y":79146368,"z":0,"angle":0,"subsector":4566996760},"type":"shotgun_soldier","health":30,"id":4567155104}}
{"counter":8887,"type":"move","frame":{"millis":39944,"tic":1398},"actor":{"position":{"x":-30355904,"y":52328256,"z":0,"angle":2147483648,"subsector":4566993352},"type":"shotgun_soldier","health":30,"id":4567155632}}
{"counter":8888,"type":"move","frame":{"millis":39944,"tic":1398},"actor":{"position":{"x":-22650432,"y":54653120,"z":0,"angle":1073741824,"subsector":4566993384},"type":"shotgun_soldier","health":30,"id":4567155896}}
{"counter":8889,"type":"move","frame":{"millis":39944,"tic":1398},"actor":{"position":{"x":-2716928,"y":23799552,"z":0,"angle":3221225472,"subsector":4566993432},"type":"shotgun_soldier","health":30,"id":4567156160}}
{"counter":8890,"type":"move","frame":{"millis":39944,"tic":1398},"actor":{"position":{"x":190528,"y":26044992,"z":0,"angle":1073741824,"subsector":4566993432},"type":"shotgun_soldier","health":30,"id":4567156424}}
{"counter":8891,"type":"move","frame":{"millis":39972,"tic":1399},"actor":{"position":{"x":5762392,"y":4987709,"z":0,"angle":1409286144,"subsector":4566993192},"type":"player","health":36,"armor":53,"id":4567120880}}
{"counter":8892,"type":"move","frame":{"millis":39972,"tic":1399},"actor":{"position":{"x":5431991,"y":4381641,"z":0,"angle":1409286144,"subsector":4566993192},"type":"player","health":36,"armor":53,"id":4567120880}}
{"counter":8893,"type":"move","frame":{"millis":39972,"tic":1399},"actor":{"position":{"x":4315597,"y":-679053,"z":0,"angle":2147483648,"subsector":4566993016},"type":"shotgun_soldier","health":-5,"id":4567137680}}
{"counter":8894,"type":"move","frame":{"millis":39972,"tic":1399},"actor":{"position":{"x":-8452416,"y":27072448,"z":0,"angle":3758096384,"subsector":4566993432},"type":"soldier","health":20,"id":4567138208}}
{"counter":8895,"type":"move","frame":{"millis":39972,"tic":1399},"actor":{"position":{"x":0,"y":29752192,"z":0,"angle":1073741824,"subsector":4566993432},"type":"shotgun_soldier","health":30,"id":4567139792}}
{"counter":8896,"type":"move","frame":{"millis":39972,"tic":1399},"actor":{"position":{"x":53253904,"y":10573328,"z":0,"angle":2684354560,"subsector":4566994424},"type":"spectre","health":150,"id":4567166984}}
{"counter":8897,"type":"move","frame":{"millis":39972,"tic":1399},"actor":{"position":{"x":2875328,"y":28480960,"z":0,"angle":2147483648,"subsector":4566993432},"type":"shotgun_soldier","health":30,"id":4567172528}}
{"counter":8898,"type":"move","frame":{"millis":40000,"tic":1400},"actor":{"position":{"x":5431991,"y":4381641,"z":0,"angle":1325400064,"subsector":4566993192},"type":"player","health":36,"armor":53,"id":4567120880}}
{"counter":8899,"type":"move","frame":{"millis":40000,"tic":1400},"actor":{"position":{"x":5169454,"y":3736867,"z":0,"angle":1325400064,"subsector":4566993192},"type":"player","health":36,"armor":53,"id":4567120880}}
{"counter":8900,"type":"move","frame":{"millis":40000,"tic":1400},"actor":{"position":{"x":4313815,"y":-683802,"z":0,"angle":2147483648,"subsector":4566993016},"type":"shotgun_soldier","health":-5,"id":4567137680}}
{"counter":8901,"type":"move","frame":{"millis":40000,"tic":1400},"actor":{"position":{"x":-16099584,"y":53255168,"z":0,"angle":3758096384,"subsector":4566993320},"type":"soldier","health":20,"id":4567138736}}
{"counter":8902,"type":"move","frame":{"millis":40000,"tic":1400},"actor":{"position":{"x":847040,"y":16491200,"z":0,"angle":3758096384,"subsector":4566993176},"type":"soldier","health":20,"id":4567139528}}
{"counter":8903,"type":"move","frame":{"millis":40000,"tic":1400},"actor":{"position":{"x":-29683328,"y":55124608,"z":0,"angle":2147483648,"subsector":4566993352},"type":"shotgun_soldier","health":30,"id":4567155368}}
{"counter":8904,"type":"move","frame":{"millis":40029,"tic":1401},"actor":{"position":{"x":5169454,"y":3736867,"z":0,"angle":1308622848,"subsector":4566993192},"type":"player","health":36,"armor":53,"id":4567120880}}
{"counter":8905,"type":"move","frame":{"millis":40029,"tic":1401},"actor":{"position":{"x":4966063,"y":3056140,"z":0,"angle":1308622848,"subsector":4566993192},"type":"player","health":36,"armor":53,"id":4567120880}}
{"counter":8906,"type":"move","frame":{"millis":40029,"tic":1401},"actor":{"position":{"x":4312200,"y":-688106,"z":0,"angle":2147483648,"subsector":4566993016},"type":"shotgun_soldier","health":-5,"id":4567137680}}
{"counter":8907,"type":"move","frame":{"millis":40029,"tic":1401},"actor":{"position":{"x":-2965760,"y":81084672,"z":0,"angle":3221225472,"subsector":4566996760},"type":"soldier","health":20,"id":4567139000}}
{"counter":8908,"type":"move","frame":{"millis":40029,"tic":1401},"actor":{"position":{"x":1456256,"y":79146368,"z":0,"angle":0,"subsector":4566996760},"type":"shotgun_soldier","health":30,"id":4567155104}}
{"counter":8909,"type":"move","frame":{"millis":40029,"tic":1401},"actor":{"position":{"x":-30880192,"y":52328256,"z":0,"angle":2147483648,"subsector":4566993352},"type":"shotgun_soldier","health":30,"id":4567155632}}
{"counter":8910,"type":"move","frame":{"millis":40030,"tic":1401},"actor":{"position":{"x":-22650432,"y":55177408,"z":0,"angle":1073741824,"subsector":4566993384},"type":"shotgun_soldier","health":30,"id":4567155896}}
{"counter":8911,"type":"move","frame":{"millis":40030,"tic":1401},"actor":{"position":{"x":-2716928,"y":23275264,"z":0,"angle":3221225472,"subsector":4566993432},"type":"shotgun_soldier","health":30,"id":4567156160}}
{"counter":8912,"type":"move","frame":{"millis":40030,"tic":1401},"actor":{"position":{"x":190528,"y":26569280,"z":0,"angle":1073741824,"subsector":4566993432},"type":"shotgun_soldier","health":30,"id":4567156424}}
{"counter":8913,"type":"move","frame":{"millis":40030,"tic":1401},"actor":{"position":{"x":52598544,"y":10573328,"z":0,"angle":2684354560,"subsector":4566994424},"type":"spectre","health":150,"id":4567166984}}
{"counter":8914,"type":"move","frame":{"millis":40059,"tic":1402},"actor":{"position":{"x":4966063,"y":3056140,"z":0,"angle":1291845632,"subsector":4566993192},"type":"player","health":36,"armor":53,"id":4567120880}}
{"counter":8915,"type":"move","frame":{"millis":40059,"tic":1402},"actor":{"position":{"x":4813896,"y":2342012,"z":0,"angle":1291845632,"subsector":4566993192},"type":"player","health":36,"armor":53,"id":4567120880}}
{"counter":8916,"type":"move","frame":{"millis":40059,"tic":1402},"actor":{"position":{"x":4310736,"y":-692007,"z":0,"angle":2147483648,"subsector":4566993016},"type":"shotgun_soldier","health":-5,"id":4567137680}}
{"counter":8917,"type":"move","frame":{"millis":40059,"tic":1402},"actor":{"position":{"x":-1467264,"y":19907328,"z":0,"angle":3758096384,"subsector":4566993176},"type":"soldier","health":20,"id":4567137944}}
{"counter":8918,"type":"move","frame":{"millis":40059,"tic":1402},"actor":{"position":{"x":-376000,"y":30128192,"z":0,"angle":1073741824,"subsector":4566993432},"type":"shotgun_soldier","health":30,"id":4567139792}}
{"counter":8919,"type":"move","frame":{"millis":40059,"tic":1402},"actor":{"position":{"x":2875328,"y":27956672,"z":0,"angle":2684354560,"subsector":4566993432},"type":"shotgun_soldier","health":30,"id":4567172528}}
{"counter":8920,"type":"move","frame":{"millis":40086,"tic":1403},"actor":{"position":{"x":4813896,"y":2342012,"z":0,"angle":1291845632,"subsector":4566993192},"type":"player","health":36,"armor":53,"id":4567120880}}
{"counter":8921,"type":"move","frame":{"millis":40086,"tic":1403},"actor":{"position":{"x":4677280,"y":1690944,"z":0,"angle":1291845632,"subsector":4566993192},"type":"player","health":36,"armor":53,"id":4567120880}}
{"counter":8922,"type":"move","frame":{"millis":40086,"tic":1403},"actor":{"position":{"x":-8076416,"y":26696448,"z":0,"angle":3758096384,"subsector":4566993432},"type":"soldier","health":20,"id":4567138208}}
{"counter":8923,"type":"move","frame":{"millis":40087,"tic":1403},"actor":{"position":{"x":-30207616,"y":55124608,"z":0,"angle":2147483648,"subsector":4566993352},"type":"shotgun_soldier","health":30,"id":4567155368}}
{"counter":8924,"type":"move","frame":{"millis":40087,"tic":1403},"actor":{"position":{"x":51943184,"y":10573328,"z":0,"angle":2147483648,"subsector":4566994424},"type":"spectre","health":150,"id":4567166984}}
{"counter":8925,"type":"move","frame":{"millis":40116,"tic":1404},"actor":{"position":{"x":4677280,"y":1690944,"z":0,"angle":1291845632,"subsector":4566993192},"type":"player","health":36,"armor":53,"id":4567120880}}
{"counter":8926,"type":"move","frame":{"millis":40116,"tic":1404},"actor":{"position":{"x":4552827,"y":1102857,"z":0,"angle":1291845632,"subsector":4566993192},"type":"player","health":36,"armor":53,"id":4567120880}}
{"counter":8927,"type":"move","frame":{"millis":40116,"tic":1404},"actor":{"position":{"x":-16099584,"y":53779456,"z":0,"angle":0,"subsector":4566993320},"type":"soldier","health":20,"id":4567138736}}
{"counter":8928,"type":"move","frame":{"millis":40116,"tic":1404},"actor":{"position":{"x":1223040,"y":16115200,"z":0,"angle":3758096384,"subsector":4566993176},"type":"soldier","health":20,"id":4567139528}}
{"counter":8929,"type":"move","frame":{"millis":40116,"tic":1404},"actor":{"position":{"x":1980544,"y":79146368,"z":0,"angle":0,"subsector":4566996760},"type":"shotgun_soldier","health":30,"id":4567155104}}
{"counter":8930,"type":"move","frame":{"millis":40116,"tic":1404},"actor":{"position":{"x":-30504192,"y":51952256,"z":0,"angle":2147483648,"subsector":4566993352},"type":"shotgun_soldier","health":30,"id":4567155632}}
{"counter":8931,"type":"move","frame":{"millis":40116,"tic":1404},"actor":{"position":{"x":-22650432,"y":55701696,"z":0,"angle":1073741824,"subsector":4566993384},"type":"shotgun_soldier","health":30,"id":4567155896}}
{"counter":8932,"type":"move","frame":{"millis":40116,"tic":1404},"actor":{"position":{"x":-2716928,"y":22750976,"z":0,"angle":3221225472,"subsector":4566993240},"type":"shotgun_soldier","health":30,"id":4567156160}}
{"counter":8933,"type":"move","frame":{"millis":40116,"tic":1404},"actor":{"position":{"x":190528,"y":27093568,"z":0,"angle":1073741824,"subsector":4566993432},"type":"shotgun_soldier","health":30,"id":4567156424}}
{"counter":8934,"type":"move","frame":{"millis":40143,"tic":1405},"actor":{"position":{"x":4552827,"y":1102857,"z":0,"angle":1291845632,"subsector":4566993192},"type":"player","health":36,"armor":53,"id":4567120880}}
{"counter":8935,"type":"move","frame":{"millis":40143,"tic":1405},"actor":{"position":{"x":4432966,"y":591291,"z":0,"angle":1291845632,"subsector":4566993016},"type":"player","health":36,"armor":53,"id":4567120880}}
{"counter":8936,"type":"move","frame":{"millis":40143,"tic":1405},"actor":{"position":{"x":-2965760,"y":80560384,"z":0,"angle":3221225472,"subsector":4566996760},"type":"soldier","health":20,"id":4567139000}}
{"counter":8937,"type":"move","frame":{"millis":40143,"tic":1405},"actor":{"position":{"x":148288,"y":30128192,"z":0,"angle":1610612736,"subsector":4566993432},"type":"shotgun_soldier","health":30,"id":4567139792}}
{"counter":8938,"type":"move","frame":{"millis":40143,"tic":1405},"actor":{"position":{"x":51287824,"y":10573328,"z":0,"angle":2147483648,"subsector":4566994424},"type":"spectre","health":150,"id":4567166984}}
{"counter":8939,"type":"move","frame":{"millis":40143,"tic":1405},"actor":{"position":{"x":2875328,"y":27432384,"z":0,"angle":3221225472,"subsector":4566993432},"type":"shotgun_soldier","health":30,"id":4567172528}}
{"counter":8940,"type":"move","frame":{"millis":40172,"tic":1406},"actor":{"position":{"x":4432966,"y":591291,"z":0,"angle":1291845632,"subsector":4566993016},"type":"player","health":36,"armor":53,"id":4567120880}}
{"counter":8941,"type":"move","frame":{"millis":40173,"tic":1406},"actor":{"position":{"x":4292183,"y":224902,"z":0,"angle":1291845632,"subsector":4566993016},"type":"player","health":36,"armor":53,"id":4567120880}}
{"counter":8942,"type":"move","frame":{"millis":40173,"tic":1406},"actor":{"position":{"x":-1467264,"y":19383040,"z":0,"angle":3758096384,"subsector":4566993176},"type":"soldier","health":20,"id":4567137944}}
{"counter":8943,"type":"move","frame":{"millis":40173,"tic":1406},"actor":{"position":{"x":-30731904,"y":55124608,"z":0,"angle":2147483648,"subsector":4566993352},"type":"shotgun_soldier","health":30,"id":4567155368}}
{"counter":8944,"type":"move","frame":{"millis":40173,"tic":1406},"actor":{"position":{"x":2948123,"y":8498499,"z":2097152,"angle":3331082136,"subsector":4566993176},"type":"imp_fireball","health":1000,"id":4567690952}}
{"counter":8945,"type":"move","frame":{"millis":40200,"tic":1407},"actor":{"position":{"x":4292183,"y":224902,"z":0,"angle":1291845632,"subsector":4566993016},"type":"player","health":36,"armor":53,"id":4567120880}}
{"counter":8946,"type":"move","frame":{"millis":40201,"tic":1407},"actor":{"position":{"x":4141444,"y":-37142,"z":0,"angle":1291845632,"subsector":4566993016},"type":"player","health":36,"armor":53,"id":4567120880}}
{"counter":8947,"type":"move","frame":{"millis":40201,"tic":1407},"actor":{"position":{"x":-7700416,"y":26320448,"z":0,"angle":3758096384,"subsector":4566993432},"type":"soldier","health":20,"id":4567138208}}
{"counter":8948,"type":"move","frame":{"millis":40201,"tic":1407},"actor":{"position":{"x":2504832,"y":79146368,"z":0,"angle":0,"subsector":4566996760},"type":"shotgun_soldier","health":30,"id":4567155104}}
{"counter":8949,"type":"move","frame":{"millis":40201,"tic":1407},"actor":{"position":{"x":-30128192,"y":51576256,"z":0,"angle":2684354560,"subsector":4566993352},"type":"shotgun_soldier","health":30,"id":4567155632}}
{"counter":8950,"type":"move","frame":{"millis":40201,"tic":1407},"actor":{"position":{"x":-22650432,"y":56225984,"z":0,"angle":1073741824,"subsector":4566993384},"type":"shotgun_soldier","health":30,"id":4567155896}}
{"counter":8951,"type":"move","frame":{"millis":40201,"tic":1407},"actor":{"position":{"x":-2716928,"y":22226688,"z":0,"angle":3221225472,"subsector":4566993240},"type":"shotgun_soldier","health":30,"id":4567156160}}
{"counter":8952,"type":"move","frame":{"millis":40201,"tic":1407},"actor":{"position":{"x":-185472,"y":27469568,"z":0,"angle":1073741824,"subsector":4566993432},"type":"shotgun_soldier","health":30,"id":4567156424}}
{"counter":8953,"type":"move","frame":{"millis":40201,"tic":1407},"actor":{"position":{"x":50632464,"y":10573328,"z":0,"angle":2147483648,"subsector":4566994424},"type":"spectre","health":150,"id":4567166984}}
{"counter":8954,"type":"move","frame":{"millis":40201,"tic":1407},"actor":{"position":{"x":3052973,"y":7851589,"z":2097152,"angle":3331082136,"subsector":4566993176},"type":"imp_fireball","health":1000,"id":4567690952}}
{"counter":8955,"type":"move","frame":{"millis":40229,"tic":1408},"actor":{"position":{"x":4141444,"y":-37142,"z":0,"angle":1275068416,"subsector":4566993016},"type":"player","health":36,"armor":53,"id":4567120880}}
{"counter":8956,"type":"move","frame":{"millis":40229,"tic":1408},"actor":{"position":{"x":3986978,"y":-215834,"z":0,"angle":1275068416,"subsector":4566993016},"type":"player","health":36,"armor":53,"id":4567120880}}
{"counter":8957,"type":"move","frame":{"millis":40229,"tic":1408},"actor":{"position":{"x":-16099584,"y":54303744,"z":0,"angle":536870912,"subsector":4566993320},"type":"soldier","health":20,"id":4567138736}}
{"counter":8958,"type":"move","frame":{"millis":40229,"tic":1408},"actor":{"position":{"x":1599040,"y":15739200,"z":0,"angle":3758096384,"subsector":4566993176},"type":"soldier","health":20,"id":4567139528}}
{"counter":8959,"type":"move","frame":{"millis":40229,"tic":1408},"actor":{"position":{"x":672576,"y":30128192,"z":0,"angle":1073741824,"subsector":4566993432},"type":"shotgun_soldier","health":30,"id":4567139792}}
{"counter":8960,"type":"move","frame":{"millis":40229,"tic":1408},"actor":{"position":{"x":2875328,"y":26908096,"z":0,"angle":3221225472,"subsector":4566993432},"type":"shotgun_soldier","health":30,"id":4567172528}}
{"counter":8961,"type":"move","frame":{"millis":40229,"tic":1408},"actor":{"position":{"x":3157823,"y":7204679,"z":2097152,"angle":3331082136,"subsector":4566993176},"type":"imp_fireball","health":1000,"id":4567690952}}
{"counter":8962,"type":"move","frame":{"millis":40258,"tic":1409},"actor":{"position":{"x":3986978,"y":-215834,"z":0,"angle":1241513984,"subsector":4566993016},"type":"player","health":36,"armor":53,"id":4567120880}}
{"counter":8963,"type":"move","frame":{"millis":40258,"tic":1409},"actor":{"position":{"x":3827556,"y":-300305,"z":0,"angle":1241513984,"subsector":4566993016},"type":"player","health":36,"armor":53,"id":4567120880}}
{"counter":8964,"type":"move","frame":{"millis":40258,"tic":1409},"actor":{"position":{"x":-2965760,"y":80036096,"z":0,"angle":3221225472,"subsector":4566996760},"type":"soldier","health":20,"id":4567139000}}
{"counter":8965,"type":"move","frame":{"millis":40258,"tic":1409},"actor":{"position":{"x":-30355904,"y":54748608,"z":0,"angle":2147483648,"subsector":4566993352},"type":"shotgun_soldier","health":30,"id":4567155368}}
{"counter":8966,"type":"move","frame":{"millis":40258,"tic":1409},"actor":{"position":{"x":49977104,"y":10573328,"z":0,"angle":2147483648,"subsector":4566994424},"type":"spectre","health":150,"id":4567166984}}
{"counter":8967,"type":"move","frame":{"millis":40258,"tic":1409},"actor":{"position":{"x":3262673,"y":6557769,"z":2097152,"angle":3331082136,"subsector":4566993176},"type":"imp_fireball","health":1000,"id":4567690952}}
{"counter":8968,"type":"move","frame":{"millis":40286,"tic":1410},"actor":{"position":{"x":3827556,"y":-300305,"z":0,"angle":1224736768,"subsector":4566993016},"type":"player","health":36,"armor":53,"id":4567120880}}
{"counter":8969,"type":"move","frame":{"millis":40286,"tic":1410},"actor":{"position":{"x":3678134,"y":-354879,"z":0,"angle":1224736768,"subsector":4566993016},"type":"player","health":36,"armor":53,"id":4567120880}}
{"counter":8970,"type":"move","frame":{"millis":40286,"tic":1410},"actor":{"position":{"x":-1467264,"y":18858752,"z":0,"angle":3221225472,"subsector":4566993176},"type":"soldier","health":20,"id":4567137944}}
{"counter":8971,"type":"move","frame":{"millis":40286,"tic":1410},"actor":{"position":{"x":2880832,"y":79522368,"z":0,"angle":0,"subsector":4566996760},"type":"shotgun_soldier","health":30,"id":4567155104}}
{"counter":8972,"type":"move","frame":{"millis":40286,"tic":1410},"actor":{"position":{"x":-29752192,"y":51200256,"z":0,"angle":3221225472,"subsector":4566993352},"type":"shotgun_soldier","health":30,"id":4567155632}}
{"counter":8973,"type":"move","frame":{"millis":40286,"tic":1410},"actor":{"position":{"x":-22274432,"y":55849984,"z":0,"angle":1073741824,"subsector":4566993384},"type":"shotgun_soldier","health":30,"id":4567155896}}
{"counter":8974,"type":"enter_subsector","frame":{"millis":40286,"tic":1410},"actor":{"position":{"x":-2340928,"y":21850688,"z":0,"angle":3221225472,"subsector":4566993256},"type":"shotgun_soldier","health":30,"id":4567156160}}
{"counter":8975,"type":"move","frame":{"millis":40286,"tic":1410},"actor":{"position":{"x":-2340928,"y":21850688,"z":0,"angle":3221225472,"subsector":4566993256},"type":"shotgun_soldier","health":30,"id":4567156160}}
{"counter":8976,"type":"move","frame":{"millis":40286,"tic":1410},"actor":{"position":{"x":-185472,"y":26945280,"z":0,"angle":1610612736,"subsector":4566993432},"type":"shotgun_soldier","health":30,"id":4567156424}}
{"counter":8977,"type":"move","frame":{"millis":40286,"tic":1410},"actor":{"position":{"x":3367523,"y":5910859,"z":2097152,"angle":3331082136,"subsector":4566993176},"type":"imp_fireball","health":1000,"id":4567690952}}
{"counter":8978,"type":"move","frame":{"millis":40315,"tic":1411},"actor":{"position":{"x":3678134,"y":-354879,"z":0,"angle":1207959552,"subsector":4566993016},"type":"player","health":36,"armor":53,"id":4567120880}}
{"counter":8979,"type":"move","frame":{"millis":40315,"tic":1411},"actor":{"position":{"x":3541919,"y":-400321,"z":0,"angle":1207959552,"subsector":4566993016},"type":"player","health":36,"armor":53,"id":4567120880}}
{"counter":8980,"type":"move","frame":{"millis":40315,"tic":1411},"actor":{"position":{"x":-7324416,"y":25944448,"z":0,"angle":3758096384,"subsector":4566993432},"type":"soldier","health":20,"id":4567138208}}
{"counter":8981,"type":"move","frame":{"millis":40315,"tic":1411},"actor":{"position":{"x":1196864,"y":30128192,"z":0,"angle":536870912,"subsector":4566993432},"type":"shotgun_soldier","health":30,"id":4567139792}}
{"counter":8982,"type":"move","frame":{"millis":40315,"tic":1411},"actor":{"position":{"x":49321744,"y":10573328,"z":0,"angle":2147483648,"subsector":4566994424},"type":"spectre","health":150,"id":4567166984}}
{"counter":8983,"type":"move","frame":{"millis":40315,"tic":1411},"actor":{"position":{"x":2875328,"y":26383808,"z":0,"angle":3221225472,"subsector":4566993432},"type":"shotgun_soldier","health":30,"id":4567172528}}
{"counter":8984,"type":"move","frame":{"millis":40315,"tic":1411},"actor":{"position":{"x":3472373,"y":5263949,"z":2097152,"angle":3331082136,"subsector":4566993176},"type":"imp_fireball","health":1000,"id":4567690952}}
{"counter":8985,"type":"move","frame":{"millis":40343,"tic":1412},"actor":{"position":{"x":3541919,"y":-400321,"z":0,"angle":1174405120,"subsector":4566993016},"type":"player","health":36,"armor":53,"id":4567120880}}
{"counter":8986,"type":"move","frame":{"millis":40343,"tic":1412},"actor":{"position":{"x":3419076,"y":-445555,"z":0,"angle":1174405120,"subsector":4566993016},"type":"player","health":36,"armor":53,"id":4567120880}}
{"counter":8987,"type":"move","frame":{"millis":40343,"tic":1412},"actor":{"position":{"x":2790848,"y":8944576,"z":0,"angle":3221225472,"subsector":4566993176},"type":"imp","health":60,"id":4567132928}}
{"counter":8988,"type":"move","frame":{"millis":40343,"tic":1412},"actor":{"position":{"x":-16099584,"y":54828032,"z":0,"angle":1073741824,"subsector":4566993320},"type":"soldier","health":20,"id":4567138736}}
{"counter":8989,"type":"move","frame":{"millis":40343,"tic":1412},"actor":{"position":{"x":1975040,"y":15363200,"z":0,"angle":3758096384,"subsector":4566993176},"type":"soldier","health":20,"id":4567139528}}
{"counter":8990,"type":"move","frame":{"millis":40343,"tic":1412},"actor":{"position":{"x":-29979904,"y":54372608,"z":0,"angle":2684354560,"subsector":4566993352},"type":"shotgun_soldier","health":30,"id":4567155368}}
{"counter":8991,"type":"move","frame":{"millis":40343,"tic":1412},"actor":{"position":{"x":3577223,"y":4617039,"z":2097152,"angle":3331082136,"subsector":4566993176},"type":"imp_fireball","health":1000,"id":4567690952}}
{"counter":8992,"type":"move","frame":{"millis":40372,"tic":1413},"actor":{"position":{"x":3419076,"y":-445555,"z":0,"angle":1107296256,"subsector":4566993016},"type":"player","health":36,"armor":53,"id":4567120880}}
{"weapon_type":2,"counter":8993,"type":"attacked","frame":{"millis":40372,"tic":1413},"actor":{"position":{"x":3419076,"y":-445555,"z":0,"angle":1107296256,"subsector":4566993016},"type":"player","health":36,"armor":53,"id":4567120880}}
{"counter":8994,"type":"move","frame":{"millis":40372,"tic":1413},"actor":{"position":{"x":3312811,"y":-588823,"z":0,"angle":1107296256,"subsector":4566993016},"type":"player","health":36,"armor":53,"id":4567120880}}
{"counter":8995,"type":"move","frame":{"millis":40372,"tic":1413},"actor":{"position":{"x":-2965760,"y":79511808,"z":0,"angle":3221225472,"subsector":4566996760},"type":"soldier","health":20,"id":4567139000}}
{"counter":8996,"type":"move","frame":{"millis":40372,"tic":1413},"actor":{"position":{"x":2880832,"y":78998080,"z":0,"angle":536870912,"subsector":4566996760},"type":"shotgun_soldier","health":30,"id":4567155104}}
{"counter":8997,"type":"move","frame":{"millis":40372,"tic":1413},"actor":{"position":{"x":-29376192,"y":50824256,"z":0,"angle":3758096384,"subsector":4566993352},"type":"shotgun_soldier","health":30,"id":4567155632}}
{"counter":8998,"type":"move","frame":{"millis":40372,"tic":1413},"actor":{"position":{"x":-21898432,"y":55473984,"z":0,"angle":536870912,"subsector":4566993384},"type":"shotgun_soldier","health":30,"id":4567155896}}
{"counter":8999,"type":"move","frame":{"millis":40372,"tic":1413},"actor":{"position":{"x":-1816640,"y":21850688,"z":0,"angle":3758096384,"subsector":4566993256},"type":"shotgun_soldier","health":30,"id":4567156160}}
{"counter":9000,"type":"move","frame":{"millis":40372,"tic":1413},"actor":{"position":{"x":-185472,"y":26420992,"z":0,"angle":2147483648,"subsector":4566993432},"type":"shotgun_soldier","health":30,"id":4567156424}}
{"counter":9001,"type":"move","frame":{"millis":40372,"tic":1413},"actor":{"position":{"x":48666384,"y":10573328,"z":0,"angle":2147483648,"subsector":4566994424},"type":"spectre","health":150,"id":4567166984}}
{"counter":9002,"type":"move","frame":{"millis":40372,"tic":1413},"actor":{"position":{"x":3682073,"y":3970129,"z":2097152,"angle":3331082136,"subsector":4566993176},"type":"imp_fireball","health":1000,"id":4567690952}}
{"counter":9003,"type":"move","frame":{"millis":40400,"tic":1414},"actor":{"position":{"x":3312811,"y":-588823,"z":0,"angle":1056964608,"subsector":4566993016},"type":"player","health":36,"armor":53,"id":4567120880}}
{"armor":54,"counter":9004,"type":"armor_bonus","frame":{"millis":40400,"tic":1414},"actor":{"position":{"x":3312811,"y":-588823,"z":0,"angle":1056964608,"subsector":4566993016},"type":"player","health":36,"armor":54,"id":4567120880}}
{"armor":55,"counter":9005,"type":"armor_bonus","frame":{"millis":40400,"tic":1414},"actor":{"position":{"x":3312811,"y":-588823,"z":0,"angle":1056964608,"subsector":4566993016},"type":"player","health":36,"armor":55,"id":4567120880}}
{"armor":56,"counter":9006,"type":"armor_bonus","frame":{"millis":40400,"tic":1414},"actor":{"position":{"x":3312811,"y":-588823,"z":0,"angle":1056964608,"subsector":4566993016},"type":"player","health":36,"armor":56,"id":4567120880}}
{"counter":9007,"type":"move","frame":{"millis":40400,"tic":1414},"actor":{"position":{"x":3214034,"y":-821029,"z":0,"angle":1056964608,"subsector":4566993016},"type":"player","health":36,"armor":56,"id":4567120880}}
{"counter":9008,"type":"move","frame":{"millis":40400,"tic":1414},"actor":{"position":{"x":-1467264,"y":18334464,"z":0,"angle":3221225472,"subsector":4566993176},"type":"soldier","health":20,"id":4567137944}}
{"counter":9009,"type":"move","frame":{"millis":40400,"tic":1414},"actor":{"position":{"x":1721152,"y":30128192,"z":0,"angle":0,"subsector":4566993432},"type":"shotgun_soldier","health":30,"id":4567139792}}
{"counter":9010,"type":"move","frame":{"millis":40400,"tic":1414},"actor":{"position":{"x":2875328,"y":25859520,"z":0,"angle":3221225472,"subsector":4566993432},"type":"shotgun_soldier","health":30,"id":4567172528}}
{"counter":9011,"type":"move","frame":{"millis":40400,"tic":1414},"actor":{"position":{"x":3786923,"y":3323219,"z":2097152,"angle":3331082136,"subsector":4566993176},"type":"imp_fireball","health":1000,"id":4567690952}}
{"counter":9012,"type":"move","frame":{"millis":40430,"tic":1415},"actor":{"position":{"x":3214034,"y":-821029,"z":0,"angle":1040187392,"subsector":4566993016},"type":"player","health":36,"armor":56,"id":4567120880}}
{"counter":9013,"type":"move","frame":{"millis":40430,"tic":1415},"actor":{"position":{"x":3119532,"y":-1133745,"z":0,"angle":1040187392,"subsector":4566993016},"type":"player","health":36,"armor":56,"id":4567120880}}
{"counter":9014,"type":"move","frame":{"millis":40430,"tic":1415},"actor":{"position":{"x":2790848,"y":8420288,"z":0,"angle":3221225472,"subsector":4566993176},"type":"imp","health":60,"id":4567132928}}
{"counter":9015,"type":"move","frame":{"millis":40430,"tic":1415},"actor":{"position":{"x":-6948416,"y":25568448,"z":0,"angle":3758096384,"subsector":4566993432},"type":"soldier","health":20,"id":4567138208}}
{"counter":9016,"type":"move","frame":{"millis":40430,"tic":1415},"actor":{"position":{"x":-29603904,"y":53996608,"z":0,"angle":3221225472,"subsector":4566993352},"type":"shotgun_soldier","health":30,"id":4567155368}}
{"counter":9017,"type":"move","frame":{"millis":40430,"tic":1415},"actor":{"position":{"x":48011024,"y":10573328,"z":0,"angle":2147483648,"subsector":4566994424},"type":"spectre","health":150,"id":4567166984}}
{"counter":9018,"type":"move","frame":{"millis":40430,"tic":1415},"actor":{"position":{"x":3891773,"y":2676309,"z":2097152,"angle":3331082136,"subsector":4566993176},"type":"imp_fireball","health":1000,"id":4567690952}}
{"counter":9019,"type":"move","frame":{"millis":40458,"tic":1416},"actor":{"position":{"x":3119532,"y":-1133745,"z":0,"angle":1006632960,"subsector":4566993016},"type":"player","health":36,"armor":56,"id":4567120880}}
{"damage":15,"counter":9020,"type":"hit","frame":{"millis":40459,"tic":1416},"actor":{"position":{"x":3119532,"y":-1133745,"z":0,"angle":1006632960,"subsector":4566993016},"type":"player","health":36,"armor":56,"id":4567120880},"target":{"position":{"x":5242880,"y":11534336,"z":0,"angle":0,"subsector":4566993192},"type":"barrel","health":5,"id":4567170416}}
{"counter":9021,"type":"targeted","frame":{"millis":40459,"tic":1416},"actor":{"position":{"x":3119532,"y":-1133745,"z":0,"angle":1006632960,"subsector":4566993016},"type":"player","health":36,"armor":56,"id":4567120880},"target":{"position":{"x":5242880,"y":11534336,"z":0,"angle":0,"subsector":4566993192},"type":"barrel","health":5,"id":4567170416}}
{"damage":10,"counter":9022,"type":"hit","frame":{"millis":40459,"tic":1416},"actor":{"position":{"x":3119532,"y":-1133745,"z":0,"angle":1006632960,"subsector":4566993016},"type":"player","health":36,"armor":56,"id":4567120880},"target":{"position":{"x":5242880,"y":11534336,"z":0,"angle":0,"subsector":4566993192},"type":"barrel","health":-5,"id":4567170416}}
{"counter":9023,"type":"killed","frame":{"millis":40459,"tic":1416},"actor":{"position":{"x":3119532,"y":-1133745,"z":0,"angle":1006632960,"subsector":4566993016},"type":"player","health":36,"armor":56,"id":4567120880},"target":{"position":{"x":5242880,"y":11534336,"z":0,"angle":0,"subsector":4566993192},"type":"barrel","health":-5,"id":4567170416}}
{"damage":10,"counter":9024,"type":"hit","frame":{"millis":40459,"tic":1416},"actor":{"position":{"x":3119532,"y":-1133745,"z":0,"angle":1006632960,"subsector":4566993016},"type":"player","health":36,"armor":56,"id":4567120880},"target":{"position":{"x":2790848,"y":8420288,"z":0,"angle":3221225472,"subsector":4566993176},"type":"imp","health":50,"id":4567132928}}
{"counter":9025,"type":"targeted","frame":{"millis":40459,"tic":1416},"actor":{"position":{"x":3119532,"y":-1133745,"z":0,"angle":1006632960,"subsector":4566993016},"type":"player","health":36,"armor":56,"id":4567120880},"target":{"position":{"x":2790848,"y":8420288,"z":0,"angle":3221225472,"subsector":4566993176},"type":"imp","health":50,"id":4567132928}}
{"damage":5,"counter":9026,"type":"hit","frame":{"millis":40459,"tic":1416},"actor":{"position":{"x":3119532,"y":-1133745,"z":0,"angle":1006632960,"subsector":4566993016},"type":"player","health":36,"armor":56,"id":4567120880},"target":{"position":{"x":2790848,"y":8420288,"z":0,"angle":3221225472,"subsector":4566993176},"type":"imp","health":45,"id":4567132928}}
{"damage":5,"counter":9027,"type":"hit","frame":{"millis":40459,"tic":1416},"actor":{"position":{"x":3119532,"y":-1133745,"z":0,"angle":1006632960,"subsector":4566993016},"type":"player","health":36,"armor":56,"id":4567120880},"target":{"position":{"x":2790848,"y":8420288,"z":0,"angle":3221225472,"subsector":4566993176},"type":"imp","health":40,"id":4567132928}}
{"counter":9028,"type":"move","frame":{"millis":40459,"tic":1416},"actor":{"position":{"x":3023892,"y":-1519054,"z":0,"angle":1006632960,"subsector":4566993016},"type":"player","health":36,"armor":56,"id":4567120880}}
{"counter":9029,"type":"move","frame":{"millis":40459,"tic":1416},"actor":{"position":{"x":2785257,"y":8584029,"z":0,"angle":3221225472,"subsector":4566993176},"type":"imp","health":40,"id":4567132928}}
{"counter":9030,"type":"move","frame":{"millis":40459,"tic":1416},"actor":{"position":{"x":-16099584,"y":55352320,"z":0,"angle":1073741824,"subsector":4566993320},"type":"soldier","health":20,"id":4567138736}}
{"counter":9031,"type":"move","frame":{"millis":40459,"tic":1416},"actor":{"position":{"x":2351040,"y":14987200,"z":0,"angle":3758096384,"subsector":4566993176},"type":"soldier","health":20,"id":4567139528}}
{"counter":9032,"type":"move","frame":{"millis":40459,"tic":1416},"actor":{"position":{"x":2356544,"y":78998080,"z":0,"angle":0,"subsector":4566996760},"type":"shotgun_soldier","health":30,"id":4567155104}}
{"counter":9033,"type":"move","frame":{"millis":40459,"tic":1416},"actor":{"position":{"x":-29376192,"y":50299968,"z":0,"angle":3758096384,"subsector":4566993352},"type":"shotgun_soldier","health":30,"id":4567155632}}
{"counter":9034,"type":"move","frame":{"millis":40459,"tic":1416},"actor":{"position":{"x":-21522432,"y":55097984,"z":0,"angle":0,"subsector":4566993384},"type":"shotgun_soldier","health":30,"id":4567155896}}
{"counter":9035,"type":"move","frame":{"millis":40459,"tic":1416},"actor":{"position":{"x":-1440640,"y":21474688,"z":0,"angle":0,"subsector":4566993256},"type":"shotgun_soldier","health":30,"id":4567156160}}
{"counter":9036,"type":"move","frame":{"millis":40459,"tic":1416},"actor":{"position":{"x":-185472,"y":25896704,"z":0,"angle":2684354560,"subsector":4566993432},"type":"shotgun_soldier","health":30,"id":4567156424}}
{"counter":9037,"type":"move","frame":{"millis":40459,"tic":1416},"actor":{"position":{"x":5276730,"y":11736316,"z":0,"angle":0,"subsector":4566993192},"type":"barrel","health":-5,"id":4567170416}}
{"counter":9038,"type":"move","frame":{"millis":40459,"tic":1416},"actor":{"position":{"x":3996623,"y":2029399,"z":2097152,"angle":3331082136,"subsector":4566993176},"type":"imp_fireball","health":1000,"id":4567690952}}
{"counter":9039,"type":"move","frame":{"millis":40486,"tic":1417},"actor":{"position":{"x":3023892,"y":-1519054,"z":0,"angle":1006632960,"subsector":4566993016},"type":"player","health":36,"armor":56,"id":4567120880}}
{"counter":9040,"type":"move","frame":{"millis":40486,"tic":1417},"actor":{"position":{"x":2933619,"y":-1904929,"z":0,"angle":1006632960,"subsector":4566993016},"type":"player","health":36,"armor":56,"id":4567120880}}
{"counter":9041,"type":"move","frame":{"millis":40486,"tic":1417},"actor":{"position":{"x":2780190,"y":8732419,"z":0,"angle":3221225472,"subsector":4566993176},"type":"imp","health":40,"id":4567132928}}
{"counter":9042,"type":"move","frame":{"millis":40486,"tic":1417},"actor":{"position":{"x":-2965760,"y":78987520,"z":0,"angle":3221225472,"subsector":4566996760},"type":"soldier","health":20,"id":4567139000}}
{"counter":9043,"type":"move","frame":{"millis":40486,"tic":1417},"actor":{"position":{"x":2245440,"y":30128192,"z":0,"angle":0,"subsector":4566993432},"type":"shotgun_soldier","health":30,"id":4567139792}}
{"counter":9044,"type":"move","frame":{"millis":40486,"tic":1417},"actor":{"position":{"x":47355664,"y":10573328,"z":0,"angle":2147483648,"subsector":4566994424},"type":"spectre","health":150,"id":4567166984}}
{"counter":9045,"type":"move","frame":{"millis":40486,"tic":1417},"actor":{"position":{"x":5307406,"y":11919360,"z":0,"angle":0,"subsector":4566993192},"type":"barrel","health":-5,"id":4567170416}}
{"counter":9046,"type":"move","frame":{"millis":40486,"tic":1417},"actor":{"position":{"x":2875328,"y":25335232,"z":0,"angle":3221225472,"subsector":4566993432},"type":"shotgun_soldier","health":30,"id":4567172528}}
{"counter":9047,"type":"move","frame":{"millis":40486,"tic":1417},"actor":{"position":{"x":4101473,"y":1382489,"z":2097152,"angle":3331082136,"subsector":4566993176},"type":"imp_fireball","health":1000,"id":4567690952}}
{"counter":9048,"type":"move","frame":{"millis":40515,"tic":1418},"actor":{"position":{"x":2933619,"y":-1904929,"z":0,"angle":1006632960,"subsector":4566993016},"type":"player","health":36,"armor":56,"id":4567120880}}
{"counter":9049,"type":"move","frame":{"millis":40515,"tic":1418},"actor":{"position":{"x":2850409,"y":-2268897,"z":0,"angle":1006632960,"subsector":4566993016},"type":"player","health":36,"armor":56,"id":4567120880}}
{"counter":9050,"type":"move","frame":{"millis":40515,"tic":1418},"actor":{"position":{"x":2775598,"y":8866897,"z":0,"angle":3221225472,"subsector":4566993176},"type":"imp","health":40,"id":4567132928}}
{"counter":9051,"type":"move","frame":{"millis":40515,"tic":1418},"actor":{"position":{"x":-1467264,"y":17810176,"z":0,"angle":3221225472,"subsector":4566993176},"type":"soldier","health":20,"id":4567137944}}
{"counter":9052,"type":"move","frame":{"millis":40515,"tic":1418},"actor":{"position":{"x":-29227904,"y":53620608,"z":0,"angle":3758096384,"subsector":4566993352},"type":"shotgun_soldier","health":30,"id":4567155368}}
{"counter":9053,"type":"move","frame":{"millis":40515,"tic":1418},"actor":{"position":{"x":5307406,"y":11919360,"z":0,"angle":0,"subsector":4566993192},"type":"barrel","health":-5,"id":4567170416}}
{"counter":9054,"type":"move","frame":{"millis":40515,"tic":1418},"actor":{"position":{"x":4206323,"y":735579,"z":2097152,"angle":3331082136,"subsector":4566993016},"type":"imp_fireball","health":1000,"id":4567690952}}
{"counter":9055,"type":"move","frame":{"millis":40543,"tic":1419},"actor":{"position":{"x":2774999,"y":-2598743,"z":0,"angle":1006632960,"subsector":4566992936},"type":"player","health":36,"armor":56,"id":4567120880}}
{"counter":9056,"type":"move","frame":{"millis":40543,"tic":1419},"actor":{"position":{"x":2771436,"y":8988767,"z":0,"angle":3221225472,"subsector":4566993176},"type":"imp","health":40,"id":4567132928}}
{"counter":9057,"type":"move","frame":{"millis":40543,"tic":1419},"actor":{"position":{"x":2771436,"y":8464479,"z":0,"angle":3221225472,"subsector":4566993176},"type":"imp","health":40,"id":4567132928}}
{"counter":9058,"type":"move","frame":{"millis":40543,"tic":1419},"actor":{"position":{"x":-6572416,"y":25192448,"z":0,"angle":3758096384,"subsector":4566993432},"type":"soldier","health":20,"id":4567138208}}
{"counter":9059,"type":"move","frame":{"millis":40543,"tic":1419},"actor":{"position":{"x":1832256,"y":78998080,"z":0,"angle":536870912,"subsector":4566996760},"type":"shotgun_soldier","health":30,"id":4567155104}}
{"counter":9060,"type":"move","frame":{"millis":40543,"tic":1419},"actor":{"position":{"x":-29376192,"y":49775680,"z":0,"angle":3221225472,"subsector":4566993352},"type":"shotgun_soldier","health":30,"id":4567155632}}
{"counter":9061,"type":"move","frame":{"millis":40543,"tic":1419},"actor":{"position":{"x":-21146432,"y":54721984,"z":0,"angle":3758096384,"subsector":4566993384},"type":"shotgun_soldier","health":30,"id":4567155896}}
{"counter":9062,"type":"enter_subsector","frame":{"millis":40543,"tic":1419},"actor":{"position":{"x":-1440640,"y":20950400,"z":0,"angle":3758096384,"subsector":4566993224},"type":"shotgun_soldier","health":30,"id":4567156160}}
{"counter":9063,"type":"move","frame":{"millis":40543,"tic":1419},"actor":{"position":{"x":-1440640,"y":20950400,"z":0,"angle":3758096384,"subsector":4566993224},"type":"shotgun_soldier","health":30,"id":4567156160}}
{"counter":9064,"type":"move","frame":{"millis":40543,"tic":1419},"actor":{"position":{"x":-185472,"y":25372416,"z":0,"angle":3221225472,"subsector":4566993432},"type":"shotgun_soldier","health":30,"id":4567156424}}
{"counter":9065,"type":"move","frame":{"millis":40543,"tic":1419},"actor":{"position":{"x":46700304,"y":10573328,"z":0,"angle":2147483648,"subsector":4566994424},"type":"spectre","health":150,"id":4567166984}}
{"counter":9066,"type":"move","frame":{"millis":40543,"tic":1419},"actor":{"position":{"x":4311173,"y":88669,"z":2097152,"angle":3331082136,"subsector":4566993016},"type":"imp_fireball","health":1000,"id":4567690952}}
{"counter":9067,"type":"move","frame":{"millis":40572,"tic":1420},"actor":{"position":{"x":2706658,"y":-2897666,"z":0,"angle":1006632960,"subsector":4566992936},"type":"player","health":36,"armor":56,"id":4567120880}}
{"counter":9068,"type":"move","frame":{"millis":40572,"tic":1420},"actor":{"position":{"x":2767664,"y":8574923,"z":0,"angle":3221225472,"subsector":4566993176},"type":"imp","health":40,"id":4567132928}}
{"counter":9069,"type":"move","frame":{"millis":40572,"tic":1420},"actor":{"position":{"x":-16099584,"y":55876608,"z":0,"angle":1073741824,"subsector":4566993320},"type":"soldier","health":20,"id":4567138736}}
{"counter":9070,"type":"move","frame":{"millis":40572,"tic":1420},"actor":{"position":{"x":2727040,"y":14611200,"z":0,"angle":3758096384,"subsector":4566993176},"type":"soldier","health":20,"id":4567139528}}
{"counter":9071,"type":"move","frame":{"millis":40572,"tic":1420},"actor":{"position":{"x":2769728,"y":30128192,"z":0,"angle":0,"subsector":4566993432},"type":"shotgun_soldier","health":30,"id":4567139792}}
{"counter":9072,"type":"move","frame":{"millis":40572,"tic":1420},"actor":{"position":{"x":2875328,"y":24810944,"z":0,"angle":3221225472,"subsector":4566993432},"type":"shotgun_soldier","health":30,"id":4567172528}}
{"counter":9073,"type":"move","frame":{"millis":40572,"tic":1420},"actor":{"position":{"x":4416023,"y":-558241,"z":2097152,"angle":3331082136,"subsector":4566993016},"type":"imp_fireball","health":1000,"id":4567690952}}
{"counter":9074,"type":"move","frame":{"millis":40600,"tic":1421},"actor":{"position":{"x":2706658,"y":-2897666,"z":0,"angle":1006632960,"subsector":4566992936},"type":"player","health":36,"armor":56,"id":4567120880}}
{"counter":9075,"type":"move","frame":{"millis":40600,"tic":1421},"actor":{"position":{"x":2646850,"y":-3137072,"z":0,"angle":1006632960,"subsector":4566992984},"type":"player","health":36,"armor":56,"id":4567120880}}
{"counter":9076,"type":"move","frame":{"millis":40600,"tic":1421},"actor":{"position":{"x":2764245,"y":8675012,"z":0,"angle":3221225472,"subsector":4566993176},"type":"imp","health":40,"id":4567132928}}
{"counter":9077,"type":"move","frame":{"millis":40600,"tic":1421},"actor":{"position":{"x":-2441472,"y":78987520,"z":0,"angle":3221225472,"subsector":4566996760},"type":"soldier","health":20,"id":4567139000}}
{"counter":9078,"type":"move","frame":{"millis":40600,"tic":1421},"actor":{"position":{"x":-28851904,"y":53244608,"z":0,"angle":3758096384,"subsector":4566993352},"type":"shotgun_soldier","health":30,"id":4567155368}}
{"counter":9079,"type":"move","frame":{"millis":40600,"tic":1421},"actor":{"position":{"x":46044944,"y":10573328,"z":0,"angle":2147483648,"subsector":4566994424},"type":"spectre","health":150,"id":4567166984}}
{"counter":9080,"type":"move","frame":{"millis":40600,"tic":1421},"actor":{"position":{"x":4520873,"y":-1205151,"z":2097152,"angle":3331082136,"subsector":4566993016},"type":"imp_fireball","health":1000,"id":4567690952}}
{"counter":9081,"type":"move","frame":{"millis":40629,"tic":1422},"actor":{"position":{"x":2646850,"y":-3137072,"z":0,"angle":1006632960,"subsector":4566992984},"type":"player","health":36,"armor":56,"id":4567120880}}
{"counter":9082,"type":"move","frame":{"millis":40629,"tic":1422},"actor":{"position":{"x":2644067,"y":-3120767,"z":0,"angle":1006632960,"subsector":4566992984},"type":"player","health":36,"armor":56,"id":4567120880}}
{"counter":9083,"type":"move","frame":{"millis":40629,"tic":1422},"actor":{"position":{"x":2761146,"y":8765717,"z":0,"angle":3221225472,"subsector":4566993176},"type":"imp","health":40,"id":4567132928}}
{"counter":9084,"type":"move","frame":{"millis":40629,"tic":1422},"actor":{"position":{"x":2761146,"y":8241429,"z":0,"angle":3221225472,"subsector":4566993176},"type":"imp","health":40,"id":4567132928}}
{"counter":9085,"type":"move","frame":{"millis":40629,"tic":1422},"actor":{"position":{"x":-1467264,"y":17285888,"z":0,"angle":3221225472,"subsector":4566993176},"type":"soldier","health":20,"id":4567137944}}
{"counter":9086,"type":"move","frame":{"millis":40629,"tic":1422},"actor":{"position":{"x":1307968,"y":78998080,"z":0,"angle":1073741824,"subsector":4566996760},"type":"shotgun_soldier","health":30,"id":4567155104}}
{"counter":9087,"type":"move","frame":{"millis":40629,"tic":1422},"actor":{"position":{"x":-29376192,"y":49251392,"z":0,"angle":3221225472,"subsector":4566993352},"type":"shotgun_soldier","health":30,"id":4567155632}}
{"counter":9088,"type":"move","frame":{"millis":40629,"tic":1422},"actor":{"position":{"x":-20770432,"y":54345984,"z":0,"angle":3758096384,"subsector":4566993320},"type":"shotgun_soldier","health":30,"id":4567155896}}
{"counter":9089,"type":"move","frame":{"millis":40629,"tic":1422},"actor":{"position":{"x":-1440640,"y":20426112,"z":0,"angle":3221225472,"subsector":4566993224},"type":"shotgun_soldier","health":30,"id":4567156160}}
{"counter":9090,"type":"move","frame":{"millis":40629,"tic":1422},"actor":{"position":{"x":-185472,"y":24848128,"z":0,"angle":3221225472,"subsector":4566993432},"type":"shotgun_soldier","health":30,"id":4567156424}}
{"counter":9091,"type":"move","frame":{"millis":40629,"tic":1422},"actor":{"position":{"x":4625723,"y":-1852061,"z":2097152,"angle":3331082136,"subsector":4566993016},"type":"imp_fireball","health":1000,"id":4567690952}}
{"counter":9092,"type":"move","frame":{"millis":40659,"tic":1423},"actor":{"position":{"x":2644067,"y":-3120767,"z":0,"angle":1006632960,"subsector":4566992984},"type":"player","health":36,"armor":56,"id":4567120880}}
{"counter":9093,"type":"move","frame":{"millis":40659,"tic":1423},"actor":{"position":{"x":2644543,"y":-3075419,"z":0,"angle":1006632960,"subsector":4566992984},"type":"player","health":36,"armor":56,"id":4567120880}}
{"counter":9094,"type":"move","frame":{"millis":40659,"tic":1423},"actor":{"position":{"x":2758337,"y":8323630,"z":0,"angle":3221225472,"subsector":4566993176},"type":"imp","health":40,"id":4567132928}}
{"counter":9095,"type":"move","frame":{"millis":40659,"tic":1423},"actor":{"position":{"x":-6196416,"y":24816448,"z":0,"angle":3758096384,"subsector":4566993432},"type":"soldier","health":20,"id":4567138208}}
{"counter":9096,"type":"move","frame":{"millis":40659,"tic":1423},"actor":{"position":{"x":2769728,"y":29603904,"z":0,"angle":0,"subsector":4566993432},"type":"shotgun_soldier","health":30,"id":4567139792}}
{"counter":9097,"type":"move","frame":{"millis":40659,"tic":1423},"actor":{"position":{"x":45389584,"y":10573328,"z":0,"angle":2147483648,"subsector":4566994424},"type":"spectre","health":150,"id":4567166984}}
{"counter":9098,"type":"move","frame":{"millis":40659,"tic":1423},"actor":{"position":{"x":2499328,"y":24434944,"z":0,"angle":3221225472,"subsector":4566993432},"type":"shotgun_soldier","health":30,"id":4567172528}}
{"counter":9099,"type":"move","frame":{"millis":40659,"tic":1423},"actor":{"position":{"x":4730573,"y":-2498971,"z":2097152,"angle":3331082136,"subsector":4566992936},"type":"imp_fireball","health":1000,"id":4567690952}}
{"counter":9100,"type":"move","frame":{"millis":40686,"tic":1424},"actor":{"position":{"x":2644543,"y":-3075419,"z":0,"angle":1006632960,"subsector":4566992984},"type":"player","health":36,"armor":56,"id":4567120880}}
{"counter":9101,"type":"move","frame":{"millis":40686,"tic":1424},"actor":{"position":{"x":2648173,"y":-3001712,"z":0,"angle":1006632960,"subsector":4566992936},"type":"player","health":36,"armor":56,"id":4567120880}}
{"counter":9102,"type":"move","frame":{"millis":40686,"tic":1424},"actor":{"position":{"x":2755791,"y":8398124,"z":0,"angle":3221225472,"subsector":4566993176},"type":"imp","health":40,"id":4567132928}}
{"counter":9103,"type":"move","frame":{"millis":40686,"tic":1424},"actor":{"position":{"x":-16475584,"y":56252608,"z":0,"angle":1073741824,"subsector":4566993320},"type":"soldier","health":20,"id":4567138736}}
{"counter":9104,"type":"move","frame":{"millis":40686,"tic":1424},"actor":{"position":{"x":2727040,"y":14086912,"z":0,"angle":3758096384,"subsector":4566993176},"type":"soldier","health":20,"id":4567139528}}
{"counter":9105,"type":"move","frame":{"millis":40686,"tic":1424},"actor":{"position":{"x":-28475904,"y":52868608,"z":0,"angle":3758096384,"subsector":4566993352},"type":"shotgun_soldier","health":30,"id":4567155368}}
{"counter":9106,"type":"move","frame":{"millis":40686,"tic":1424},"actor":{"position":{"x":4835423,"y":-3145881,"z":2097152,"angle":3331082136,"subsector":4566992936},"type":"imp_fireball","health":1000,"id":4567690952}}
{"counter":9107,"type":"move","frame":{"millis":40715,"tic":1425},"actor":{"position":{"x":2648173,"y":-3001712,"z":0,"angle":1006632960,"subsector":4566992936},"type":"player","health":36,"armor":56,"id":4567120880}}
{"counter":9108,"type":"move","frame":{"millis":40715,"tic":1425},"actor":{"position":{"x":2652261,"y":-2926764,"z":0,"angle":1006632960,"subsector":4566992936},"type":"player","health":36,"armor":56,"id":4567120880}}
{"counter":9109,"type":"move","frame":{"millis":40715,"tic":1425},"actor":{"position":{"x":2753483,"y":8465634,"z":0,"angle":3221225472,"subsector":4566993176},"type":"imp","health":40,"id":4567132928}}
{"counter":9110,"type":"move","frame":{"millis":40715,"tic":1425},"actor":{"position":{"x":2753483,"y":7941346,"z":0,"angle":3221225472,"subsector":4566993176},"type":"imp","health":40,"id":4567132928}}
{"counter":9111,"type":"move","frame":{"millis":40715,"tic":1425},"actor":{"position":{"x":-1917184,"y":78987520,"z":0,"angle":3758096384,"subsector":4566996760},"type":"soldier","health":20,"id":4567139000}}
{"counter":9112,"type":"move","frame":{"millis":40715,"tic":1425},"actor":{"position":{"x":783680,"y":78998080,"z":0,"angle":1610612736,"subsector":4566996760},"type":"shotgun_soldier","health":30,"id":4567155104}}
{"counter":9113,"type":"move","frame":{"millis":40715,"tic":1425},"actor":{"position":{"x":-29376192,"y":48727104,"z":0,"angle":3221225472,"subsector":4566993352},"type":"shotgun_soldier","health":30,"id":4567155632}}
{"counter":9114,"type":"move","frame":{"millis":40715,"tic":1425},"actor":{"position":{"x":-20394432,"y":53969984,"z":0,"angle":3758096384,"subsector":4566993320},"type":"shotgun_soldier","health":30,"id":4567155896}}
{"counter":9115,"type":"move","frame":{"millis":40715,"tic":1425},"actor":{"position":{"x":-1816640,"y":20050112,"z":0,"angle":3221225472,"subsector":4566993224},"type":"shotgun_soldier","health":30,"id":4567156160}}
{"counter":9116,"type":"move","frame":{"millis":40715,"tic":1425},"actor":{"position":{"x":-561472,"y":24472128,"z":0,"angle":3221225472,"subsector":4566993432},"type":"shotgun_soldier","health":30,"id":4567156424}}
{"counter":9117,"type":"move","frame":{"millis":40715,"tic":1425},"actor":{"position":{"x":44734224,"y":10573328,"z":0,"angle":2147483648,"subsector":4566994424},"type":"spectre","health":150,"id":4567166984}}
{"counter":9118,"type":"move","frame":{"millis":40715,"tic":1425},"actor":{"position":{"x":4940273,"y":-3792791,"z":2097152,"angle":3331082136,"subsector":4566992984},"type":"imp_fireball","health":1000,"id":4567690952}}
{"counter":9119,"type":"move","frame":{"millis":40744,"tic":1426},"actor":{"position":{"x":2652261,"y":-2926764,"z":0,"angle":1006632960,"subsector":4566992936},"type":"player","health":36,"armor":56,"id":4567120880}}
{"counter":9120,"type":"move","frame":{"millis":40744,"tic":1426},"actor":{"position":{"x":2652261,"y":-2926764,"z":0,"angle":1006632960,"subsector":4566992936},"type":"player","health":36,"armor":56,"id":4567120880}}
{"counter":9121,"type":"move","frame":{"millis":40744,"tic":1426},"actor":{"position":{"x":2587743,"y":-2883018,"z":0,"angle":1006632960,"subsector":4566992936},"type":"player","health":36,"armor":56,"id":4567120880}}
{"counter":9122,"type":"move","frame":{"millis":40744,"tic":1426},"actor":{"position":{"x":2751391,"y":8002526,"z":0,"angle":3221225472,"subsector":4566993176},"type":"imp","health":40,"id":4567132928}}
{"counter":9123,"type":"move","frame":{"millis":40744,"tic":1426},"actor":{"position":{"x":-1467264,"y":16761600,"z":0,"angle":3221225472,"subsector":4566993176},"type":"soldier","health":20,"id":4567137944}}
{"counter":9124,"type":"move","frame":{"millis":40744,"tic":1426},"actor":{"position":{"x":2769728,"y":29079616,"z":0,"angle":3758096384,"subsector":4566993432},"type":"shotgun_soldier","health":30,"id":4567139792}}
{"counter":9125,"type":"move","frame":{"millis":40744,"tic":1426},"actor":{"position":{"x":2499328,"y":24959232,"z":0,"angle":2684354560,"subsector":4566993432},"type":"shotgun_soldier","health":30,"id":4567172528}}
{"counter":9126,"type":"move","frame":{"millis":40744,"tic":1426},"actor":{"position":{"x":4940273,"y":-3792791,"z":2097152,"angle":3331082136,"subsector":4566992984},"type":"imp_fireball","health":1000,"id":4567690952}}
{"counter":9127,"type":"move","frame":{"millis":40772,"tic":1427},"actor":{"position":{"x":2587743,"y":-2883018,"z":0,"angle":1006632960,"subsector":4566992936},"type":"player","health":36,"armor":56,"id":4567120880}}
{"counter":9128,"type":"move","frame":{"millis":40772,"tic":1427},"actor":{"position":{"x":2587743,"y":-2883018,"z":0,"angle":1006632960,"subsector":4566992936},"type":"player","health":36,"armor":56,"id":4567120880}}
{"counter":9129,"type":"move","frame":{"millis":40772,"tic":1427},"actor":{"position":{"x":2425363,"y":-2853760,"z":0,"angle":1006632960,"subsector":4566992936},"type":"player","health":36,"armor":56,"id":4567120880}}
{"counter":9130,"type":"move","frame":{"millis":40772,"tic":1427},"actor":{"position":{"x":2749495,"y":8057970,"z":0,"angle":3221225472,"subsector":4566993176},"type":"imp","health":40,"id":4567132928}}
{"counter":9131,"type":"move","frame":{"millis":40772,"tic":1427},"actor":{"position":{"x":-5820416,"y":24440448,"z":0,"angle":3758096384,"subsector":4566993432},"type":"soldier","health":20,"id":4567138208}}
{"counter":9132,"type":"move","frame":{"millis":40772,"tic":1427},"actor":{"position":{"x":-28099904,"y":52492608,"z":0,"angle":3758096384,"subsector":4566993352},"type":"shotgun_soldier","health":30,"id":4567155368}}
{"counter":9133,"type":"move","frame":{"millis":40772,"tic":1427},"actor":{"position":{"x":44078864,"y":10573328,"z":0,"angle":2147483648,"subsector":4566994408},"type":"spectre","health":150,"id":4567166984}}
{"damage":90,"counter":9134,"type":"hit","frame":{"millis":40772,"tic":1427},"actor":{"position":{"x":2425363,"y":-2853760,"z":0,"angle":1006632960,"subsector":4566992936},"type":"player","health":36,"armor":56,"id":4567120880},"target":{"position":{"x":2749495,"y":8057970,"z":0,"angle":3221225472,"subsector":4566993176},"type":"imp","health":-50,"id":4567132928}}
{"counter":9135,"type":"killed","frame":{"millis":40772,"tic":1427},"actor":{"position":{"x":2425363,"y":-2853760,"z":0,"angle":1006632960,"subsector":4566992936},"type":"player","health":36,"armor":56,"id":4567120880},"target":{"position":{"x":2749495,"y":8057970,"z":0,"angle":3221225472,"subsector":4566993176},"type":"imp","health":-50,"id":4567132928}}
{"counter":9136,"type":"move","frame":{"millis":40800,"tic":1428},"actor":{"position":{"x":2425363,"y":-2853760,"z":0,"angle":1006632960,"subsector":4566992936},"type":"player","health":36,"armor":56,"id":4567120880}}
{"counter":9137,"type":"move","frame":{"millis":40800,"tic":1428},"actor":{"position":{"x":2425363,"y":-2853760,"z":0,"angle":1006632960,"subsector":4566992936},"type":"player","health":36,"armor":56,"id":4567120880}}
{"counter":9138,"type":"move","frame":{"millis":40800,"tic":1428},"actor":{"position":{"x":2181494,"y":-2764257,"z":0,"angle":1006632960,"subsector":4566992936},"type":"player","health":36,"armor":56,"id":4567120880}}
{"counter":9139,"type":"move","frame":{"millis":40800,"tic":1428},"actor":{"position":{"x":2340762,"y":7493471,"z":0,"angle":3221225472,"subsector":4566993176},"type":"imp","health":-50,"id":4567132928}}
{"counter":9140,"type":"move","frame":{"millis":40800,"tic":1428},"actor":{"position":{"x":-16475584,"y":55728320,"z":0,"angle":1610612736,"subsector":4566993320},"type":"soldier","health":20,"id":4567138736}}
{"counter":9141,"type":"move","frame":{"millis":40800,"tic":1428},"actor":{"position":{"x":2727040,"y":13562624,"z":0,"angle":3221225472,"subsector":4566993176},"type":"soldier","health":20,"id":4567139528}}
{"counter":9142,"type":"move","frame":{"millis":40800,"tic":1428},"actor":{"position":{"x":1307968,"y":78998080,"z":0,"angle":2147483648,"subsector":4566996760},"type":"shotgun_soldier","health":30,"id":4567155104}}
{"counter":9143,"type":"move","frame":{"millis":40800,"tic":1428},"actor":{"position":{"x":-29376192,"y":48202816,"z":0,"angle":3221225472,"subsector":4566993352},"type":"shotgun_soldier","health":30,"id":4567155632}}
{"counter":9144,"type":"move","frame":{"millis":40800,"tic":1428},"actor":{"position":{"x":-20018432,"y":53593984,"z":0,"angle":3758096384,"subsector":4566993320},"type":"shotgun_soldier","health":30,"id":4567155896}}
{"counter":9145,"type":"move","frame":{"millis":40800,"tic":1428},"actor":{"position":{"x":-2192640,"y":19674112,"z":0,"angle":2684354560,"subsector":4566993176},"type":"shotgun_soldier","health":30,"id":4567156160}}
{"counter":9146,"type":"move","frame":{"millis":40800,"tic":1428},"actor":{"position":{"x":-561472,"y":24996416,"z":0,"angle":2684354560,"subsector":4566993432},"type":"shotgun_soldier","health":30,"id":4567156424}}
{"counter":9147,"type":"move","frame":{"millis":40829,"tic":1429},"actor":{"position":{"x":2181494,"y":-2764257,"z":0,"angle":1006632960,"subsector":4566992936},"type":"player","health":36,"armor":56,"id":4567120880}}
{"counter":9148,"type":"move","frame":{"millis":40829,"tic":1429},"actor":{"position":{"x":2181494,"y":-2764257,"z":0,"angle":1006632960,"subsector":4566992936},"type":"player","health":36,"armor":56,"id":4567120880}}
{"counter":9149,"type":"move","frame":{"millis":40829,"tic":1429},"actor":{"position":{"x":1864975,"y":-2607927,"z":0,"angle":1006632960,"subsector":4566992936},"type":"player","health":36,"armor":56,"id":4567120880}}
{"counter":9150,"type":"move","frame":{"millis":40829,"tic":1429},"actor":{"position":{"x":1970347,"y":6981893,"z":0,"angle":3221225472,"subsector":4566993176},"type":"imp","health":-50,"id":4567132928}}
{"counter":9151,"type":"move","frame":{"millis":40829,"tic":1429},"actor":{"position":{"x":-1392896,"y":78987520,"z":0,"angle":0,"subsector":4566996760},"type":"soldier","health":20,"id":4567139000}}
{"counter":9152,"type":"move","frame":{"millis":40829,"tic":1429},"actor":{"position":{"x":2769728,"y":28555328,"z":0,"angle":3221225472,"subsector":4566993432},"type":"shotgun_soldier","health":30,"id":4567139792}}
{"counter":9153,"type":"move","frame":{"millis":40829,"tic":1429},"actor":{"position":{"x":43423504,"y":10573328,"z":0,"angle":2147483648,"subsector":4566994408},"type":"spectre","health":150,"id":4567166984}}
{"counter":9154,"type":"move","frame":{"millis":40829,"tic":1429},"actor":{"position":{"x":2499328,"y":25483520,"z":0,"angle":2147483648,"subsector":4566993432},"type":"shotgun_soldier","health":30,"id":4567172528}}
{"counter":9155,"type":"move","frame":{"millis":40858,"tic":1430},"actor":{"position":{"x":1864975,"y":-2607927,"z":0,"angle":1006632960,"subsector":4566992936},"type":"player","health":36,"armor":56,"id":4567120880}}
{"counter":9156,"type":"move","frame":{"millis":40858,"tic":1430},"actor":{"position":{"x":1864975,"y":-2607927,"z":0,"angle":1006632960,"subsector":4566992936},"type":"player","health":36,"armor":56,"id":4567120880}}
{"counter":9157,"type":"move","frame":{"millis":40858,"tic":1430},"actor":{"position":{"x":1481017,"y":-2407341,"z":0,"angle":1006632960,"subsector":4566993016},"type":"player","health":36,"armor":56,"id":4567120880}}
{"counter":9158,"type":"move","frame":{"millis":40858,"tic":1430},"actor":{"position":{"x":1634658,"y":6518275,"z":0,"angle":3221225472,"subsector":4566993176},"type":"imp","health":-50,"id":4567132928}}
{"counter":9159,"type":"move","frame":{"millis":40858,"tic":1430},"actor":{"position":{"x":-1467264,"y":16237312,"z":0,"angle":3221225472,"subsector":4566993176},"type":"soldier","health":20,"id":4567137944}}
{"counter":9160,"type":"move","frame":{"millis":40858,"tic":1430},"actor":{"position":{"x":-27575616,"y":52492608,"z":0,"angle":3758096384,"subsector":4566993352},"type":"shotgun_soldier","health":30,"id":4567155368}}
{"counter":9161,"type":"move","frame":{"millis":40887,"tic":1431},"actor":{"position":{"x":1481017,"y":-2407341,"z":0,"angle":1006632960,"subsector":4566993016},"type":"player","health":36,"armor":56,"id":4567120880}}
{"counter":9162,"type":"move","frame":{"millis":40887,"tic":1431},"actor":{"position":{"x":1481017,"y":-2407341,"z":0,"angle":1006632960,"subsector":4566993016},"type":"player","health":36,"armor":56,"id":4567120880}}
{"counter":9163,"type":"move","frame":{"millis":40887,"tic":1431},"actor":{"position":{"x":1038421,"y":-2183352,"z":0,"angle":1006632960,"subsector":4566993016},"type":"player","health":36,"armor":56,"id":4567120880}}
{"counter":9164,"type":"move","frame":{"millis":40887,"tic":1431},"actor":{"position":{"x":1330439,"y":6098121,"z":0,"angle":3221225472,"subsector":4566993176},"type":"imp","health":-50,"id":4567132928}}
{"counter":9165,"type":"move","frame":{"millis":40887,"tic":1431},"actor":{"position":{"x":-5444416,"y":24064448,"z":0,"angle":3758096384,"subsector":4566993432},"type":"soldier","health":20,"id":4567138208}}
{"counter":9166,"type":"move","frame":{"millis":40887,"tic":1431},"actor":{"position":{"x":1832256,"y":78998080,"z":0,"angle":2684354560,"subsector":4566996760},"type":"shotgun_soldier","health":30,"id":4567155104}}
{"counter":9167,"type":"move","frame":{"millis":40887,"tic":1431},"actor":{"position":{"x":-29376192,"y":47678528,"z":0,"angle":3221225472,"subsector":4566993352},"type":"shotgun_soldier","health":30,"id":4567155632}}
{"counter":9168,"type":"move","frame":{"millis":40887,"tic":1431},"actor":{"position":{"x":-19642432,"y":53217984,"z":0,"angle":3758096384,"subsector":4566993320},"type":"shotgun_soldier","health":30,"id":4567155896}}
{"counter":9169,"type":"move","frame":{"millis":40887,"tic":1431},"actor":{"position":{"x":-2568640,"y":19298112,"z":0,"angle":2684354560,"subsector":4566993176},"type":"shotgun_soldier","health":30,"id":4567156160}}
{"counter":9170,"type":"move","frame":{"millis":40887,"tic":1431},"actor":{"position":{"x":-185472,"y":24620416,"z":0,"angle":2147483648,"subsector":4566993432},"type":"shotgun_soldier","health":30,"id":4567156424}}
{"counter":9171,"type":"move","frame":{"millis":40887,"tic":1431},"actor":{"position":{"x":42768144,"y":10573328,"z":0,"angle":2147483648,"subsector":4566994408},"type":"spectre","health":150,"id":4567166984}}
{"counter":9172,"type":"move","frame":{"millis":40915,"tic":1432},"actor":{"position":{"x":1038421,"y":-2183352,"z":0,"angle":1006632960,"subsector":4566993016},"type":"player","health":36,"armor":56,"id":4567120880}}
{"counter":9173,"type":"move","frame":{"millis":40915,"tic":1432},"actor":{"position":{"x":1038421,"y":-2183352,"z":0,"angle":1006632960,"subsector":4566993016},"type":"player","health":36,"armor":56,"id":4567120880}}
{"counter":9174,"type":"move","frame":{"millis":40915,"tic":1432},"actor":{"position":{"x":545404,"y":-1868457,"z":0,"angle":1006632960,"subsector":4566993016},"type":"player","health":36,"armor":56,"id":4567120880}}
{"counter":9175,"type":"move","frame":{"millis":40915,"tic":1432},"actor":{"position":{"x":1054740,"y":5717356,"z":0,"angle":3221225472,"subsector":4566993176},"type":"imp","health":-50,"id":4567132928}}
{"counter":9176,"type":"move","frame":{"millis":40915,"tic":1432},"actor":{"position":{"x":-16475584,"y":55204032,"z":0,"angle":2147483648,"subsector":4566993320},"type":"soldier","health":20,"id":4567138736}}
{"counter":9177,"type":"move","frame":{"millis":40915,"tic":1432},"actor":{"position":{"x":2727040,"y":13038336,"z":0,"angle":3221225472,"subsector":4566993176},"type":"soldier","health":20,"id":4567139528}}
{"counter":9178,"type":"move","frame":{"millis":40915,"tic":1432},"actor":{"position":{"x":2393728,"y":28179328,"z":0,"angle":3221225472,"subsector":4566993432},"type":"shotgun_soldier","health":30,"id":4567139792}}
{"counter":9179,"type":"move","frame":{"millis":40915,"tic":1432},"actor":{"position":{"x":2875328,"y":25107520,"z":0,"angle":1610612736,"subsector":4566993432},"type":"shotgun_soldier","health":30,"id":4567172528}}
{"counter":9180,"type":"move","frame":{"millis":40943,"tic":1433},"actor":{"position":{"x":545404,"y":-1868457,"z":0,"angle":1006632960,"subsector":4566993016},"type":"player","health":36,"armor":56,"id":4567120880}}
{"counter":9181,"type":"move","frame":{"millis":40943,"tic":1433},"actor":{"position":{"x":545404,"y":-1868457,"z":0,"angle":1006632960,"subsector":4566993016},"type":"player","health":36,"armor":56,"id":4567120880}}
{"counter":9182,"type":"move","frame":{"millis":40943,"tic":1433},"actor":{"position":{"x":73593,"y":-1502434,"z":0,"angle":1006632960,"subsector":4566993016},"type":"player","health":36,"armor":56,"id":4567120880}}
{"counter":9183,"type":"move","frame":{"millis":40943,"tic":1433},"actor":{"position":{"x":804887,"y":5372287,"z":0,"angle":3221225472,"subsector":4566993176},"type":"imp","health":-50,"id":4567132928}}
{"counter":9184,"type":"move","frame":{"millis":40943,"tic":1433},"actor":{"position":{"x":-868608,"y":78987520,"z":0,"angle":0,"subsector":4566996760},"type":"soldier","health":20,"id":4567139000}}
{"counter":9185,"type":"move","frame":{"millis":40943,"tic":1433},"actor":{"position":{"x":-27051328,"y":52492608,"z":0,"angle":0,"subsector":4566993384},"type":"shotgun_soldier","health":30,"id":4567155368}}
{"counter":9186,"type":"move","frame":{"millis":40943,"tic":1433},"actor":{"position":{"x":42112784,"y":10573328,"z":0,"angle":2147483648,"subsector":4566994408},"type":"spectre","health":150,"id":4567166984}}
{"counter":9187,"type":"move","frame":{"millis":40972,"tic":1434},"actor":{"position":{"x":73593,"y":-1502434,"z":0,"angle":1006632960,"subsector":4566993016},"type":"player","health":36,"armor":56,"id":4567120880}}
{"counter":9188,"type":"move","frame":{"millis":40972,"tic":1434},"actor":{"position":{"x":73593,"y":-1502434,"z":0,"angle":1006632960,"subsector":4566993016},"type":"player","health":36,"armor":56,"id":4567120880}}
{"counter":9189,"type":"move","frame":{"millis":40972,"tic":1434},"actor":{"position":{"x":-362695,"y":-1091676,"z":0,"angle":1006632960,"subsector":4566993016},"type":"player","health":36,"armor":56,"id":4567120880}}
{"counter":9190,"type":"move","frame":{"millis":40972,"tic":1434},"actor":{"position":{"x":578457,"y":5059568,"z":0,"angle":3221225472,"subsector":4566993176},"type":"imp","health":-50,"id":4567132928}}
{"counter":9191,"type":"attacked","frame":{"millis":40972,"tic":1434},"actor":{"position":{"x":-1467264,"y":16237312,"z":0,"angle":3221225472,"subsector":4566993176},"type":"soldier","health":20,"id":4567137944},"target":{"position":{"x":-362695,"y":-1091676,"z":0,"angle":1006632960,"subsector":4566993016},"type":"player","health":36,"armor":56,"id":4567120880}}
{"counter":9192,"type":"move","frame":{"millis":40972,"tic":1434},"actor":{"position":{"x":524288,"y":81788928,"z":0,"angle":3758096384,"subsector":4566996760},"type":"soldier","health":20,"id":4567138472}}
{"counter":9193,"type":"move","frame":{"millis":40972,"tic":1434},"actor":{"position":{"x":2356544,"y":78998080,"z":0,"angle":3221225472,"subsector":4566996760},"type":"shotgun_soldier","health":30,"id":4567155104}}
{"counter":9194,"type":"move","frame":{"millis":40972,"tic":1434},"actor":{"position":{"x":-29376192,"y":47154240,"z":0,"angle":3221225472,"subsector":4566993352},"type":"shotgun_soldier","health":30,"id":4567155632}}
{"counter":9195,"type":"move","frame":{"millis":40972,"tic":1434},"actor":{"position":{"x":-19266432,"y":52841984,"z":0,"angle":3758096384,"subsector":4566993320},"type":"shotgun_soldier","health":30,"id":4567155896}}
{"counter":9196,"type":"move","frame":{"millis":40972,"tic":1434},"actor":{"position":{"x":-2944640,"y":18922112,"z":0,"angle":2684354560,"subsector":4566993176},"type":"shotgun_soldier","health":30,"id":4567156160}}
{"counter":9197,"type":"move","frame":{"millis":40972,"tic":1434},"actor":{"position":{"x":-709760,"y":24620416,"z":0,"angle":2684354560,"subsector":4566993432},"type":"shotgun_soldier","health":30,"id":4567156424}}
{"counter":9198,"type":"move","frame":{"millis":41000,"tic":1435},"actor":{"position":{"x":-362695,"y":-1091676,"z":0,"angle":1040187392,"subsector":4566993016},"type":"player","health":36,"armor":56,"id":4567120880}}
{"counter":9199,"type":"move","frame":{"millis":41000,"tic":1435},"actor":{"position":{"x":-756686,"y":-690790,"z":0,"angle":1040187392,"subsector":4566993016},"type":"player","health":36,"armor":56,"id":4567120880}}
{"counter":9200,"type":"move","frame":{"millis":41000,"tic":1435},"actor":{"position":{"x":373254,"y":4776166,"z":0,"angle":3221225472,"subsector":4566993176},"type":"imp","health":-50,"id":4567132928}}
{"counter":9201,"type":"move","frame":{"millis":41000,"tic":1435},"actor":{"position":{"x":-5068416,"y":23688448,"z":0,"angle":3758096384,"subsector":4566993432},"type":"soldier","health":20,"id":4567138208}}
{"counter":9202,"type":"move","frame":{"millis":41000,"tic":1435},"actor":{"position":{"x":2017728,"y":27803328,"z":0,"angle":2684354560,"subsector":4566993432},"type":"shotgun_soldier","health":30,"id":4567139792}}
{"counter":9203,"type":"move","frame":{"millis":41000,"tic":1435},"actor":{"position":{"x":41457424,"y":10573328,"z":0,"angle":2147483648,"subsector":4566994408},"type":"spectre","health":150,"id":4567166984}}
{"counter":9204,"type":"move","frame":{"millis":41000,"tic":1435},"actor":{"position":{"x":2499328,"y":24731520,"z":0,"angle":2147483648,"subsector":4566993432},"type":"shotgun_soldier","health":30,"id":4567172528}}
{"counter":9205,"type":"move","frame":{"millis":41029,"tic":1436},"actor":{"position":{"x":-1113741,"y":-327488,"z":0,"angle":1040187392,"subsector":4566993016},"type":"player","health":36,"armor":56,"id":4567120880}}
{"counter":9206,"type":"move","frame":{"millis":41029,"tic":1436},"actor":{"position":{"x":187288,"y":4519332,"z":0,"angle":3221225472,"subsector":4566993176},"type":"imp","health":-50,"id":4567132928}}
{"counter":9207,"type":"move","frame":{"millis":41029,"tic":1436},"actor":{"position":{"x":-16475584,"y":54679744,"z":0,"angle":2684354560,"subsector":4566993320},"type":"soldier","health":20,"id":4567138736}}
{"counter":9208,"type":"move","frame":{"millis":41029,"tic":1436},"actor":{"position":{"x":2727040,"y":12514048,"z":0,"angle":3221225472,"subsector":4566993176},"type":"soldier","health":20,"id":4567139528}}
{"counter":9209,"type":"move","frame":{"millis":41030,"tic":1436},"actor":{"position":{"x":-26527040,"y":52492608,"z":0,"angle":0,"subsector":4566993384},"type":"shotgun_soldier","health":30,"id":4567155368}}
{"counter":9210,"type":"move","frame":{"millis":41058,"tic":1437},"actor":{"position":{"x":-1437323,"y":1754,"z":0,"angle":1040187392,"subsector":4566993016},"type":"player","health":36,"armor":56,"id":4567120880}}
{"counter":9211,"type":"move","frame":{"millis":41058,"tic":1437},"actor":{"position":{"x":18756,"y":4286576,"z":0,"angle":3221225472,"subsector":4566993176},"type":"imp","health":-50,"id":4567132928}}
{"counter":9212,"type":"move","frame":{"millis":41058,"tic":1437},"actor":{"position":{"x":-344320,"y":78987520,"z":0,"angle":0,"subsector":4566996760},"type":"soldier","health":20,"id":4567139000}}
{"counter":9213,"type":"move","frame":{"millis":41058,"tic":1437},"actor":{"position":{"x":2880832,"y":78998080,"z":0,"angle":3758096384,"subsector":4566996760},"type":"shotgun_soldier","health":30,"id":4567155104}}
{"counter":9214,"type":"move","frame":{"millis":41058,"tic":1437},"actor":{"position":{"x":-29376192,"y":46629952,"z":0,"angle":3221225472,"subsector":4566993352},"type":"shotgun_soldier","health":30,"id":4567155632}}
{"counter":9215,"type":"move","frame":{"millis":41058,"tic":1437},"actor":{"position":{"x":-19790720,"y":52841984,"z":0,"angle":3758096384,"subsector":4566993320},"type":"shotgun_soldier","health":30,"id":4567155896}}
{"counter":9216,"type":"attacked","frame":{"millis":41058,"tic":1437},"actor":{"position":{"x":-2944640,"y":18922112,"z":0,"angle":2684354560,"subsector":4566993176},"type":"shotgun_soldier","health":30,"id":4567156160},"target":{"position":{"x":-1437323,"y":1754,"z":0,"angle":1040187392,"subsector":4566993016},"type":"player","health":36,"armor":56,"id":4567120880}}
{"counter":9217,"type":"move","frame":{"millis":41058,"tic":1437},"actor":{"position":{"x":-1234048,"y":24620416,"z":0,"angle":2147483648,"subsector":4566993432},"type":"shotgun_soldier","health":30,"id":4567156424}}
{"counter":9218,"type":"move","frame":{"millis":41058,"tic":1437},"actor":{"position":{"x":40802064,"y":10573328,"z":0,"angle":2147483648,"subsector":4566994408},"type":"spectre","health":150,"id":4567166984}}
{"counter":9219,"type":"move","frame":{"millis":41086,"tic":1438},"actor":{"position":{"x":-1730570,"y":300129,"z":0,"angle":1040187392,"subsector":4566993016},"type":"player","health":36,"armor":56,"id":4567120880}}
{"counter":9220,"type":"move","frame":{"millis":41086,"tic":1438},"actor":{"position":{"x":-133977,"y":4075640,"z":0,"angle":3221225472,"subsector":4566993176},"type":"imp","health":-50,"id":4567132928}}
{"counter":9221,"type":"move","frame":{"millis":41086,"tic":1438},"actor":{"position":{"x":1048576,"y":81788928,"z":0,"angle":0,"subsector":4566996760},"type":"soldier","health":20,"id":4567138472}}
{"counter":9222,"type":"move","frame":{"millis":41086,"tic":1438},"actor":{"position":{"x":1641728,"y":27427328,"z":0,"angle":2684354560,"subsector":4566993432},"type":"shotgun_soldier","health":30,"id":4567139792}}
{"counter":9223,"type":"move","frame":{"millis":41086,"tic":1438},"actor":{"position":{"x":1975040,"y":24731520,"z":0,"angle":2684354560,"subsector":4566993432},"type":"shotgun_soldier","health":30,"id":4567172528}}
{"counter":9224,"type":"move","frame":{"millis":41115,"tic":1439},"actor":{"position":{"x":-1996326,"y":570531,"z":0,"angle":1040187392,"subsector":4566993016},"type":"player","health":36,"armor":56,"id":4567120880}}
{"counter":9225,"type":"move","frame":{"millis":41116,"tic":1439},"actor":{"position":{"x":-272392,"y":3884479,"z":0,"angle":3221225472,"subsector":4566993176},"type":"imp","health":-50,"id":4567132928}}
{"counter":9226,"type":"move","frame":{"millis":41116,"tic":1439},"actor":{"position":{"x":-4692416,"y":23312448,"z":0,"angle":3758096384,"subsector":4566993432},"type":"soldier","health":20,"id":4567138208}}
{"counter":9227,"type":"move","frame":{"millis":41116,"tic":1439},"actor":{"position":{"x":-26002752,"y":52492608,"z":0,"angle":0,"subsector":4566993384},"type":"shotgun_soldier","health":30,"id":4567155368}}
{"counter":9228,"type":"move","frame":{"millis":41116,"tic":1439},"actor":{"position":{"x":40146704,"y":10573328,"z":0,"angle":2147483648,"subsector":4566994408},"type":"spectre","health":150,"id":4567166984}}
{"counter":9229,"type":"move","frame":{"millis":41143,"tic":1440},"actor":{"position":{"x":-2237168,"y":815582,"z":0,"angle":1040187392,"subsector":4566993016},"type":"player","health":36,"armor":56,"id":4567120880}}
{"counter":9230,"type":"move","frame":{"millis":41143,"tic":1440},"actor":{"position":{"x":-397831,"y":3711239,"z":0,"angle":3221225472,"subsector":4566993176},"type":"imp","health":-50,"id":4567132928}}
{"counter":9231,"type":"move","frame":{"millis":41143,"tic":1440},"actor":{"position":{"x":-16099584,"y":54303744,"z":0,"angle":3221225472,"subsector":4566993320},"type":"soldier","health":20,"id":4567138736}}
{"counter":9232,"type":"move","frame":{"millis":41143,"tic":1440},"actor":{"position":{"x":2727040,"y":11989760,"z":0,"angle":3221225472,"subsector":4566993176},"type":"soldier","health":20,"id":4567139528}}
{"counter":9233,"type":"move","frame":{"millis":41144,"tic":1440},"actor":{"position":{"x":2356544,"y":78998080,"z":0,"angle":0,"subsector":4566996760},"type":"shotgun_soldier","health":30,"id":4567155104}}
{"counter":9234,"type":"move","frame":{"millis":41144,"tic":1440},"actor":{"position":{"x":-29376192,"y":46105664,"z":0,"angle":3221225472,"subsector":4566993352},"type":"shotgun_soldier","health":30,"id":4567155632}}
{"counter":9235,"type":"move","frame":{"millis":41144,"tic":1440},"actor":{"position":{"x":-20315008,"y":52841984,"z":0,"angle":3221225472,"subsector":4566993320},"type":"shotgun_soldier","health":30,"id":4567155896}}
{"counter":9236,"type":"move","frame":{"millis":41144,"tic":1440},"actor":{"position":{"x":-1758336,"y":24620416,"z":0,"angle":2147483648,"subsector":4566993432},"type":"shotgun_soldier","health":30,"id":4567156424}}
{"counter":9237,"type":"move","frame":{"millis":41172,"tic":1441},"actor":{"position":{"x":-2455432,"y":1037659,"z":0,"angle":1040187392,"subsector":4566993016},"type":"player","health":36,"armor":56,"id":4567120880}}
{"counter":9238,"type":"move","frame":{"millis":41172,"tic":1441},"actor":{"position":{"x":-511511,"y":3554240,"z":0,"angle":3221225472,"subsector":4566993176},"type":"imp","health":-50,"id":4567132928}}
{"counter":9239,"type":"move","frame":{"millis":41172,"tic":1441},"actor":{"position":{"x":-868608,"y":78987520,"z":0,"angle":0,"subsector":4566996760},"type":"soldier","health":20,"id":4567139000}}
{"counter":9240,"type":"move","frame":{"millis":41172,"tic":1441},"actor":{"position":{"x":1117440,"y":27427328,"z":0,"angle":2684354560,"subsector":4566993432},"type":"shotgun_soldier","health":30,"id":4567139792}}
{"counter":9241,"type":"move","frame":{"millis":41172,"tic":1441},"actor":{"position":{"x":39491344,"y":10573328,"z":0,"angle":2147483648,"subsector":4566994408},"type":"spectre","health":150,"id":4567166984}}
{"counter":9242,"type":"move","frame":{"millis":41172,"tic":1441},"actor":{"position":{"x":1450752,"y":24731520,"z":0,"angle":2147483648,"subsector":4566993432},"type":"shotgun_soldier","health":30,"id":4567172528}}
{"counter":9243,"type":"move","frame":{"millis":41200,"tic":1442},"actor":{"position":{"x":-2653234,"y":1037659,"z":0,"angle":1040187392,"subsector":4566993016},"type":"player","health":36,"armor":56,"id":4567120880}}
{"counter":9244,"type":"move","frame":{"millis":41200,"tic":1442},"actor":{"position":{"x":-614534,"y":3411959,"z":0,"angle":3221225472,"subsector":4566993176},"type":"imp","health":-50,"id":4567132928}}
{"counter":9245,"type":"move","frame":{"millis":41200,"tic":1442},"actor":{"position":{"x":1572864,"y":81788928,"z":0,"angle":0,"subsector":4566996760},"type":"soldier","health":20,"id":4567138472}}
{"counter":9246,"type":"move","frame":{"millis":41200,"tic":1442},"actor":{"position":{"x":-25478464,"y":52492608,"z":0,"angle":0,"subsector":4566993384},"type":"shotgun_soldier","health":30,"id":4567155368}}
{"counter":9247,"type":"move","frame":{"millis":41230,"tic":1443},"actor":{"position":{"x":-2832493,"y":1037659,"z":0,"angle":1023410176,"subsector":4566993016},"type":"player","health":36,"armor":56,"id":4567120880}}
{"counter":9248,"type":"move","frame":{"millis":41230,"tic":1443},"actor":{"position":{"x":-614534,"y":3411959,"z":0,"angle":3221225472,"subsector":4566993176},"type":"imp","health":-50,"id":4567132928}}
{"counter":9249,"type":"move","frame":{"millis":41230,"tic":1443},"actor":{"position":{"x":-4692416,"y":22788160,"z":0,"angle":3758096384,"subsector":4566993240},"type":"soldier","health":20,"id":4567138208}}
{"counter":9250,"type":"move","frame":{"millis":41230,"tic":1443},"actor":{"position":{"x":1832256,"y":78998080,"z":0,"angle":536870912,"subsector":4566996760},"type":"shotgun_soldier","health":30,"id":4567155104}}
{"counter":9251,"type":"move","frame":{"millis":41230,"tic":1443},"actor":{"position":{"x":-29000192,"y":45729664,"z":0,"angle":3221225472,"subsector":4566993352},"type":"shotgun_soldier","health":30,"id":4567155632}}
{"counter":9252,"type":"move","frame":{"millis":41230,"tic":1443},"actor":{"position":{"x":-20839296,"y":52841984,"z":0,"angle":2684354560,"subsector":4566993320},"type":"shotgun_soldier","health":30,"id":4567155896}}
{"counter":9253,"type":"move","frame":{"millis":41230,"tic":1443},"actor":{"position":{"x":-1758336,"y":24096128,"z":0,"angle":2147483648,"subsector":4566993432},"type":"shotgun_soldier","health":30,"id":4567156424}}
{"counter":9254,"type":"move","frame":{"millis":41230,"tic":1443},"actor":{"position":{"x":38835984,"y":10573328,"z":0,"angle":2147483648,"subsector":4566994408},"type":"spectre","health":150,"id":4567166984}}
{"counter":9255,"type":"move","frame":{"millis":41258,"tic":1444},"actor":{"position":{"x":-2994947,"y":1202949,"z":0,"angle":989855744,"subsector":4566993176},"type":"player","health":36,"armor":56,"id":4567120880}}
{"counter":9256,"type":"move","frame":{"millis":41258,"tic":1444},"actor":{"position":{"x":-16099584,"y":53779456,"z":0,"angle":3758096384,"subsector":4566993320},"type":"soldier","health":20,"id":4567138736}}
{"counter":9257,"type":"move","frame":{"millis":41258,"tic":1444},"actor":{"position":{"x":2727040,"y":11465472,"z":0,"angle":3221225472,"subsector":4566993176},"type":"soldier","health":20,"id":4567139528}}
{"counter":9258,"type":"move","frame":{"millis":41258,"tic":1444},"actor":{"position":{"x":593152,"y":27427328,"z":0,"angle":2147483648,"subsector":4566993432},"type":"shotgun_soldier","health":30,"id":4567139792}}
{"counter":9259,"type":"move","frame":{"millis":41258,"tic":1444},"actor":{"position":{"x":926464,"y":24731520,"z":0,"angle":2147483648,"subsector":4566993432},"type":"shotgun_soldier","health":30,"id":4567172528}}
{"counter":9260,"type":"move","frame":{"millis":41287,"tic":1445},"actor":{"position":{"x":-2994947,"y":1202949,"z":0,"angle":973078528,"subsector":4566993176},"type":"player","health":36,"armor":56,"id":4567120880}}
{"counter":9261,"type":"move","frame":{"millis":41287,"tic":1445},"actor":{"position":{"x":-3142771,"y":1348691,"z":0,"angle":973078528,"subsector":4566993176},"type":"player","health":36,"armor":56,"id":4567120880}}
{"counter":9262,"type":"move","frame":{"millis":41287,"tic":1445},"actor":{"position":{"x":-1392896,"y":78987520,"z":0,"angle":536870912,"subsector":4566996760},"type":"soldier","health":20,"id":4567139000}}
{"counter":9263,"type":"move","frame":{"millis":41287,"tic":1445},"actor":{"position":{"x":-24954176,"y":52492608,"z":0,"angle":0,"subsector":4566993384},"type":"shotgun_soldier","health":30,"id":4567155368}}
{"counter":9264,"type":"move","frame":{"millis":41287,"tic":1445},"actor":{"position":{"x":38180624,"y":10573328,"z":0,"angle":2147483648,"subsector":4566994408},"type":"spectre","health":150,"id":4567166984}}
{"counter":9265,"type":"move","frame":{"millis":41316,"tic":1446},"actor":{"position":{"x":-3142771,"y":1348691,"z":0,"angle":973078528,"subsector":4566993176},"type":"player","health":36,"armor":56,"id":4567120880}}
{"counter":9266,"type":"move","frame":{"millis":41316,"tic":1446},"actor":{"position":{"x":-3280334,"y":1456457,"z":0,"angle":973078528,"subsector":4566993176},"type":"player","health":36,"armor":56,"id":4567120880}}
{"counter":9267,"type":"move","frame":{"millis":41316,"tic":1446},"actor":{"position":{"x":2097152,"y":81788928,"z":0,"angle":0,"subsector":4566996760},"type":"soldier","health":20,"id":4567138472}}
{"counter":9268,"type":"move","frame":{"millis":41316,"tic":1446},"actor":{"position":{"x":1307968,"y":78998080,"z":0,"angle":1073741824,"subsector":4566996760},"type":"shotgun_soldier","health":30,"id":4567155104}}
{"counter":9269,"type":"move","frame":{"millis":41316,"tic":1446},"actor":{"position":{"x":-28624192,"y":45353664,"z":0,"angle":3758096384,"subsector":4566993352},"type":"shotgun_soldier","health":30,"id":4567155632}}
{"counter":9270,"type":"move","frame":{"millis":41316,"tic":1446},"actor":{"position":{"x":-21363584,"y":52841984,"z":0,"angle":2147483648,"subsector":4566993384},"type":"shotgun_soldier","health":30,"id":4567155896}}
{"counter":9271,"type":"move","frame":{"millis":41316,"tic":1446},"actor":{"position":{"x":-1758336,"y":23571840,"z":0,"angle":2684354560,"subsector":4566993432},"type":"shotgun_soldier","health":30,"id":4567156424}}
{"counter":9272,"type":"move","frame":{"millis":41344,"tic":1447},"actor":{"position":{"x":-3280334,"y":1456457,"z":0,"angle":989855744,"subsector":4566993176},"type":"player","health":36,"armor":56,"id":4567120880}}
{"counter":9273,"type":"move","frame":{"millis":41344,"tic":1447},"actor":{"position":{"x":-3410000,"y":1513465,"z":0,"angle":989855744,"subsector":4566993176},"type":"player","health":36,"armor":56,"id":4567120880}}
{"counter":9274,"type":"move","frame":{"millis":41344,"tic":1447},"actor":{"position":{"x":-4692416,"y":22263872,"z":0,"angle":3221225472,"subsector":4566993240},"type":"soldier","health":20,"id":4567138208}}
{"counter":9275,"type":"move","frame":{"millis":41344,"tic":1447},"actor":{"position":{"x":68864,"y":27427328,"z":0,"angle":2147483648,"subsector":4566993432},"type":"shotgun_soldier","health":30,"id":4567139792}}
{"damage":4,"counter":9276,"type":"hit","frame":{"millis":41344,"tic":1447},"actor":{"position":{"x":-2944640,"y":18922112,"z":0,"angle":3203205953,"subsector":4566993176},"type":"shotgun_soldier","health":30,"id":4567156160},"target":{"position":{"x":-3410000,"y":1513465,"z":0,"angle":989855744,"subsector":4566993176},"type":"player","health":32,"armor":54,"id":4567120880}}
{"damage":12,"counter":9277,"type":"hit","frame":{"millis":41344,"tic":1447},"actor":{"position":{"x":-2944640,"y":18922112,"z":0,"angle":3203205953,"subsector":4566993176},"type":"shotgun_soldier","health":30,"id":4567156160},"target":{"position":{"x":-1467264,"y":16237312,"z":0,"angle":3152038111,"subsector":4566993176},"type":"soldier","health":8,"id":4567137944}}
{"counter":9278,"type":"targeted","frame":{"millis":41344,"tic":1447},"actor":{"position":{"x":-2944640,"y":18922112,"z":0,"angle":3203205953,"subsector":4566993176},"type":"shotgun_soldier","health":30,"id":4567156160},"target":{"position":{"x":-1467264,"y":16237312,"z":0,"angle":3152038111,"subsector":4566993176},"type":"soldier","health":8,"id":4567137944}}
{"counter":9279,"type":"move","frame":{"millis":41344,"tic":1447},"actor":{"position":{"x":37525264,"y":10573328,"z":0,"angle":2147483648,"subsector":4566994408},"type":"spectre","health":150,"id":4567166984}}
{"counter":9280,"type":"move","frame":{"millis":41344,"tic":1447},"actor":{"position":{"x":1450752,"y":24731520,"z":0,"angle":2147483648,"subsector":4566993432},"type":"shotgun_soldier","health":30,"id":4567172528}}
{"counter":9281,"type":"move","frame":{"millis":41372,"tic":1448},"actor":{"position":{"x":-3410000,"y":1513465,"z":0,"angle":1006632960,"subsector":4566993176},"type":"player","health":32,"armor":54,"id":4567120880}}
{"counter":9282,"type":"move","frame":{"millis":41372,"tic":1448},"actor":{"position":{"x":-3530010,"y":1503763,"z":0,"angle":1006632960,"subsector":4566993176},"type":"player","health":32,"armor":54,"id":4567120880}}
{"counter":9283,"type":"move","frame":{"millis":41372,"tic":1448},"actor":{"position":{"x":-1419897,"y":16151173,"z":0,"angle":3152038111,"subsector":4566993176},"type":"soldier","health":8,"id":4567137944}}
{"counter":9284,"type":"move","frame":{"millis":41372,"tic":1448},"actor":{"position":{"x":-16099584,"y":53255168,"z":0,"angle":3221225472,"subsector":4566993320},"type":"soldier","health":20,"id":4567138736}}
{"counter":9285,"type":"move","frame":{"millis":41372,"tic":1448},"actor":{"position":{"x":2727040,"y":10941184,"z":0,"angle":3221225472,"subsector":4566993176},"type":"soldier","health":20,"id":4567139528}}
{"counter":9286,"type":"move","frame":{"millis":41372,"tic":1448},"actor":{"position":{"x":-24429888,"y":52492608,"z":0,"angle":0,"subsector":4566993384},"type":"shotgun_soldier","health":30,"id":4567155368}}
{"counter":9287,"type":"move","frame":{"millis":41400,"tic":1449},"actor":{"position":{"x":-3530010,"y":1503763,"z":0,"angle":1006632960,"subsector":4566993176},"type":"player","health":32,"armor":54,"id":4567120880}}
{"counter":9288,"type":"move","frame":{"millis":41400,"tic":1449},"actor":{"position":{"x":-3639370,"y":1488855,"z":0,"angle":1006632960,"subsector":4566993176},"type":"player","health":32,"armor":54,"id":4567120880}}
{"counter":9289,"type":"move","frame":{"millis":41400,"tic":1449},"actor":{"position":{"x":-1376971,"y":16073109,"z":0,"angle":3152038111,"subsector":4566993176},"type":"soldier","health":8,"id":4567137944}}
{"counter":9290,"type":"move","frame":{"millis":41400,"tic":1449},"actor":{"position":{"x":-1917184,"y":78987520,"z":0,"angle":1073741824,"subsector":4566996760},"type":"soldier","health":20,"id":4567139000}}
{"counter":9291,"type":"move","frame":{"millis":41400,"tic":1449},"actor":{"position":{"x":783680,"y":78998080,"z":0,"angle":1610612736,"subsector":4566996760},"type":"shotgun_soldier","health":30,"id":4567155104}}
{"counter":9292,"type":"move","frame":{"millis":41400,"tic":1449},"actor":{"position":{"x":-28624192,"y":44829376,"z":0,"angle":3758096384,"subsector":4566993352},"type":"shotgun_soldier","health":30,"id":4567155632}}
{"counter":9293,"type":"move","frame":{"millis":41400,"tic":1449},"actor":{"position":{"x":-21739584,"y":53217984,"z":0,"angle":2147483648,"subsector":4566993384},"type":"shotgun_soldier","health":30,"id":4567155896}}
{"counter":9294,"type":"move","frame":{"millis":41400,"tic":1449},"actor":{"position":{"x":-1758336,"y":23047552,"z":0,"angle":3221225472,"subsector":4566993240},"type":"shotgun_soldier","health":30,"id":4567156424}}
{"counter":9295,"type":"move","frame":{"millis":41401,"tic":1449},"actor":{"position":{"x":36869904,"y":10573328,"z":0,"angle":2147483648,"subsector":4566994408},"type":"spectre","health":150,"id":4567166984}}
{"counter":9296,"type":"move","frame":{"millis":41429,"tic":1450},"actor":{"position":{"x":-3639370,"y":1488855,"z":0,"angle":1006632960,"subsector":4566993176},"type":"player","health":32,"armor":54,"id":4567120880}}
{"counter":9297,"type":"move","frame":{"millis":41429,"tic":1450},"actor":{"position":{"x":-3738878,"y":1471267,"z":0,"angle":1006632960,"subsector":4566993176},"type":"player","health":32,"armor":54,"id":4567120880}}
{"counter":9298,"type":"move","frame":{"millis":41429,"tic":1450},"actor":{"position":{"x":-1338070,"y":16002363,"z":0,"angle":3152038111,"subsector":4566993176},"type":"soldier","health":8,"id":4567137944}}
{"counter":9299,"type":"move","frame":{"millis":41430,"tic":1450},"actor":{"position":{"x":2621440,"y":81788928,"z":0,"angle":0,"subsector":4566996760},"type":"soldier","health":20,"id":4567138472}}
{"counter":9300,"type":"move","frame":{"millis":41430,"tic":1450},"actor":{"position":{"x":-455424,"y":27427328,"z":0,"angle":2147483648,"subsector":4566993432},"type":"shotgun_soldier","health":30,"id":4567139792}}
{"counter":9301,"type":"move","frame":{"millis":41430,"tic":1450},"actor":{"position":{"x":1975040,"y":24731520,"z":0,"angle":2684354560,"subsector":4566993432},"type":"shotgun_soldier","health":30,"id":4567172528}}
{"counter":9302,"type":"move","frame":{"millis":41458,"tic":1451},"actor":{"position":{"x":-3738878,"y":1471267,"z":0,"angle":1023410176,"subsector":4566993176},"type":"player","health":32,"armor":54,"id":4567120880}}
{"counter":9303,"type":"move","frame":{"millis":41458,"tic":1451},"actor":{"position":{"x":-3829508,"y":1449199,"z":0,"angle":1023410176,"subsector":4566993176},"type":"player","health":32,"armor":54,"id":4567120880}}
{"counter":9304,"type":"move","frame":{"millis":41458,"tic":1451},"actor":{"position":{"x":-1302816,"y":15938249,"z":0,"angle":3152038111,"subsector":4566993176},"type":"soldier","health":8,"id":4567137944}}
{"counter":9305,"type":"enter_subsector","frame":{"millis":41458,"tic":1451},"actor":{"position":{"x":-4692416,"y":21739584,"z":0,"angle":3221225472,"subsector":4566993256},"type":"soldier","health":20,"id":4567138208}}
{"counter":9306,"type":"move","frame":{"millis":41458,"tic":1451},"actor":{"position":{"x":-4692416,"y":21739584,"z":0,"angle":3221225472,"subsector":4566993256},"type":"soldier","health":20,"id":4567138208}}
{"counter":9307,"type":"move","frame":{"millis":41458,"tic":1451},"actor":{"position":{"x":-24429888,"y":51968320,"z":0,"angle":0,"subsector":4566993384},"type":"shotgun_soldier","health":30,"id":4567155368}}
{"counter":9308,"type":"move","frame":{"millis":41458,"tic":1451},"actor":{"position":{"x":36214544,"y":10573328,"z":0,"angle":2147483648,"subsector":4566994408},"type":"spectre","health":150,"id":4567166984}}
{"counter":9309,"type":"move","frame":{"millis":41486,"tic":1452},"actor":{"position":{"x":-3911642,"y":1429199,"z":0,"angle":1023410176,"subsector":4566993176},"type":"player","health":32,"armor":54,"id":4567120880}}
{"counter":9310,"type":"move","frame":{"millis":41486,"tic":1452},"actor":{"position":{"x":-1270868,"y":15880145,"z":0,"angle":3152038111,"subsector":4566993176},"type":"soldier","health":8,"id":4567137944}}
{"counter":9311,"type":"move","frame":{"millis":41486,"tic":1452},"actor":{"position":{"x":-16099584,"y":52730880,"z":0,"angle":3221225472,"subsector":4566993320},"type":"soldier","health":20,"id":4567138736}}
{"counter":9312,"type":"move","frame":{"millis":41486,"tic":1452},"actor":{"position":{"x":2727040,"y":10416896,"z":0,"angle":3221225472,"subsector":4566993176},"type":"soldier","health":20,"id":4567139528}}
{"counter":9313,"type":"move","frame":{"millis":41486,"tic":1452},"actor":{"position":{"x":1307968,"y":78998080,"z":0,"angle":2147483648,"subsector":4566996760},"type":"shotgun_soldier","health":30,"id":4567155104}}
{"counter":9314,"type":"move","frame":{"millis":41486,"tic":1452},"actor":{"position":{"x":-28624192,"y":44305088,"z":0,"angle":3221225472,"subsector":4566993352},"type":"shotgun_soldier","health":30,"id":4567155632}}
{"counter":9315,"type":"move","frame":{"millis":41486,"tic":1452},"actor":{"position":{"x":-21739584,"y":52693696,"z":0,"angle":1610612736,"subsector":4566993384},"type":"shotgun_soldier","health":30,"id":4567155896}}
{"counter":9316,"type":"move","frame":{"millis":41486,"tic":1452},"actor":{"position":{"x":-1758336,"y":22523264,"z":0,"angle":3221225472,"subsector":4566993240},"type":"shotgun_soldier","health":30,"id":4567156424}}
{"counter":9317,"type":"move","frame":{"millis":41515,"tic":1453},"actor":{"position":{"x":-3986076,"y":1411074,"z":0,"angle":1023410176,"subsector":4566993176},"type":"player","health":32,"armor":54,"id":4567120880}}
{"counter":9318,"type":"move","frame":{"millis":41515,"tic":1453},"actor":{"position":{"x":-1241916,"y":15827488,"z":0,"angle":3152038111,"subsector":4566993176},"type":"soldier","health":8,"id":4567137944}}
{"counter":9319,"type":"move","frame":{"millis":41515,"tic":1453},"actor":{"position":{"x":-2441472,"y":78987520,"z":0,"angle":1610612736,"subsector":4566996760},"type":"soldier","health":20,"id":4567139000}}
{"counter":9320,"type":"move","frame":{"millis":41515,"tic":1453},"actor":{"position":{"x":-979712,"y":27427328,"z":0,"angle":2147483648,"subsector":4566993432},"type":"shotgun_soldier","health":30,"id":4567139792}}
{"counter":9321,"type":"move","frame":{"millis":41515,"tic":1453},"actor":{"position":{"x":35559184,"y":10573328,"z":0,"angle":2147483648,"subsector":4566994408},"type":"spectre","health":150,"id":4567166984}}
{"counter":9322,"type":"move","frame":{"millis":41515,"tic":1453},"actor":{"position":{"x":2499328,"y":24731520,"z":0,"angle":3221225472,"subsector":4566993432},"type":"shotgun_soldier","health":30,"id":4567172528}}
{"counter":9323,"type":"move","frame":{"millis":41543,"tic":1454},"actor":{"position":{"x":-4053532,"y":1394648,"z":0,"angle":1023410176,"subsector":4566993176},"type":"player","health":32,"armor":54,"id":4567120880}}
{"counter":9324,"type":"move","frame":{"millis":41543,"tic":1454},"actor":{"position":{"x":-1215679,"y":15779767,"z":0,"angle":3152038111,"subsector":4566993176},"type":"soldier","health":8,"id":4567137944}}
{"counter":9325,"type":"move","frame":{"millis":41543,"tic":1454},"actor":{"position":{"x":2245440,"y":82164928,"z":0,"angle":0,"subsector":4566996760},"type":"soldier","health":20,"id":4567138472}}
{"counter":9326,"type":"move","frame":{"millis":41543,"tic":1454},"actor":{"position":{"x":-24429888,"y":51444032,"z":0,"angle":3758096384,"subsector":4566993384},"type":"shotgun_soldier","health":30,"id":4567155368}}
{"counter":9327,"type":"move","frame":{"millis":41572,"tic":1455},"actor":{"position":{"x":-4053532,"y":1394648,"z":0,"angle":1006632960,"subsector":4566993176},"type":"player","health":32,"armor":54,"id":4567120880}}
{"counter":9328,"type":"move","frame":{"millis":41572,"tic":1455},"actor":{"position":{"x":-4115064,"y":1375684,"z":0,"angle":1006632960,"subsector":4566993176},"type":"player","health":32,"armor":54,"id":4567120880}}
{"counter":9329,"type":"move","frame":{"millis":41572,"tic":1455},"actor":{"position":{"x":-1191902,"y":15736519,"z":0,"angle":3152038111,"subsector":4566993176},"type":"soldier","health":8,"id":4567137944}}
{"counter":9330,"type":"enter_subsector","frame":{"millis":41572,"tic":1455},"actor":{"position":{"x":-5068416,"y":22115584,"z":0,"angle":3221225472,"subsector":4566993240},"type":"soldier","health":20,"id":4567138208}}
{"counter":9331,"type":"move","frame":{"millis":41572,"tic":1455},"actor":{"position":{"x":-5068416,"y":22115584,"z":0,"angle":3221225472,"subsector":4566993240},"type":"soldier","health":20,"id":4567138208}}
{"counter":9332,"type":"move","frame":{"millis":41572,"tic":1455},"actor":{"position":{"x":1832256,"y":78998080,"z":0,"angle":2684354560,"subsector":4566996760},"type":"shotgun_soldier","health":30,"id":4567155104}}
{"counter":9333,"type":"move","frame":{"millis":41572,"tic":1455},"actor":{"position":{"x":-28624192,"y":43780800,"z":0,"angle":3221225472,"subsector":4566993352},"type":"shotgun_soldier","health":30,"id":4567155632}}
{"counter":9334,"type":"move","frame":{"millis":41572,"tic":1455},"actor":{"position":{"x":-21215296,"y":52693696,"z":0,"angle":2147483648,"subsector":4566993384},"type":"shotgun_soldier","health":30,"id":4567155896}}
{"counter":9335,"type":"enter_subsector","frame":{"millis":41572,"tic":1455},"actor":{"position":{"x":-1758336,"y":21998976,"z":0,"angle":3221225472,"subsector":4566993256},"type":"shotgun_soldier","health":30,"id":4567156424}}
{"counter":9336,"type":"move","frame":{"millis":41572,"tic":1455},"actor":{"position":{"x":-1758336,"y":21998976,"z":0,"angle":3221225472,"subsector":4566993256},"type":"shotgun_soldier","health":30,"id":4567156424}}
{"counter":9337,"type":"move","frame":{"millis":41572,"tic":1455},"actor":{"position":{"x":34903824,"y":10573328,"z":0,"angle":2147483648,"subsector":4566994408},"type":"spectre","health":150,"id":4567166984}}
{"counter":9338,"type":"move","frame":{"millis":41600,"tic":1456},"actor":{"position":{"x":-4115064,"y":1375684,"z":0,"angle":1006632960,"subsector":4566993176},"type":"player","health":32,"armor":54,"id":4567120880}}
{"counter":9339,"type":"move","frame":{"millis":41600,"tic":1456},"actor":{"position":{"x":-4176027,"y":1305504,"z":0,"angle":1006632960,"subsector":4566993176},"type":"player","health":32,"armor":54,"id":4567120880}}
{"counter":9340,"type":"move","frame":{"millis":41600,"tic":1456},"actor":{"position":{"x":-1170355,"y":15697325,"z":0,"angle":3152038111,"subsector":4566993176},"type":"soldier","health":8,"id":4567137944}}
{"counter":9341,"type":"move","frame":{"millis":41600,"tic":1456},"actor":{"position":{"x":-16623872,"y":52730880,"z":0,"angle":3221225472,"subsector":4566993320},"type":"soldier","health":20,"id":4567138736}}
{"counter":9342,"type":"move","frame":{"millis":41600,"tic":1456},"actor":{"position":{"x":2727040,"y":9892608,"z":0,"angle":3221225472,"subsector":4566993176},"type":"soldier","health":20,"id":4567139528}}
{"counter":9343,"type":"move","frame":{"millis":41600,"tic":1456},"actor":{"position":{"x":-1504000,"y":27427328,"z":0,"angle":2147483648,"subsector":4566993432},"type":"shotgun_soldier","health":30,"id":4567139792}}
{"counter":9344,"type":"move","frame":{"millis":41600,"tic":1456},"actor":{"position":{"x":2875328,"y":25107520,"z":0,"angle":3758096384,"subsector":4566993432},"type":"shotgun_soldier","health":30,"id":4567172528}}
{"counter":9345,"type":"move","frame":{"millis":41630,"tic":1457},"actor":{"position":{"x":-4176027,"y":1305504,"z":0,"angle":1006632960,"subsector":4566993176},"type":"player","health":32,"armor":54,"id":4567120880}}
{"weapon_type":2,"counter":9346,"type":"attacked","frame":{"millis":41630,"tic":1457},"actor":{"position":{"x":-4176027,"y":1305504,"z":0,"angle":1006632960,"subsector":4566993176},"type":"player","health":32,"armor":54,"id":4567120880}}
{"counter":9347,"type":"move","frame":{"millis":41630,"tic":1457},"actor":{"position":{"x":-4241272,"y":1139993,"z":0,"angle":1006632960,"subsector":4566993176},"type":"player","health":32,"armor":54,"id":4567120880}}
{"counter":9348,"type":"move","frame":{"millis":41630,"tic":1457},"actor":{"position":{"x":-1150829,"y":15661805,"z":0,"angle":3152038111,"subsector":4566993176},"type":"soldier","health":8,"id":4567137944}}
{"counter":9349,"type":"move","frame":{"millis":41630,"tic":1457},"actor":{"position":{"x":-2965760,"y":78987520,"z":0,"angle":2147483648,"subsector":4566996760},"type":"soldier","health":20,"id":4567139000}}
{"counter":9350,"type":"move","frame":{"millis":41630,"tic":1457},"actor":{"position":{"x":-24805888,"y":51068032,"z":0,"angle":3221225472,"subsector":4566993384},"type":"shotgun_soldier","health":30,"id":4567155368}}
{"counter":9351,"type":"move","frame":{"millis":41630,"tic":1457},"actor":{"position":{"x":34248464,"y":10573328,"z":0,"angle":2147483648,"subsector":4566994408},"type":"spectre","health":150,"id":4567166984}}
{"counter":9352,"type":"move","frame":{"millis":41658,"tic":1458},"actor":{"position":{"x":-4241272,"y":1139993,"z":0,"angle":1006632960,"subsector":4566993176},"type":"player","health":32,"armor":54,"id":4567120880}}
{"counter":9353,"type":"move","frame":{"millis":41658,"tic":1458},"actor":{"position":{"x":-4310398,"y":888088,"z":0,"angle":1006632960,"subsector":4566993016},"type":"player","health":32,"armor":54,"id":4567120880}}
{"counter":9354,"type":"move","frame":{"millis":41658,"tic":1458},"actor":{"position":{"x":-1133134,"y":15629615,"z":0,"angle":3152038111,"subsector":4566993176},"type":"soldier","health":8,"id":4567137944}}
{"counter":9355,"type":"move","frame":{"millis":41658,"tic":1458},"actor":{"position":{"x":1869440,"y":82540928,"z":0,"angle":536870912,"subsector":4566996760},"type":"soldier","health":20,"id":4567138472}}
{"counter":9356,"type":"move","frame":{"millis":41658,"tic":1458},"actor":{"position":{"x":2356544,"y":78998080,"z":0,"angle":3221225472,"subsector":4566996760},"type":"shotgun_soldier","health":30,"id":4567155104}}
{"counter":9357,"type":"move","frame":{"millis":41658,"tic":1458},"actor":{"position":{"x":-28624192,"y":43256512,"z":0,"angle":3221225472,"subsector":4566993352},"type":"shotgun_soldier","health":30,"id":4567155632}}
{"counter":9358,"type":"move","frame":{"millis":41658,"tic":1458},"actor":{"position":{"x":-20691008,"y":52693696,"z":0,"angle":2684354560,"subsector":4566993320},"type":"shotgun_soldier","health":30,"id":4567155896}}
{"counter":9359,"type":"move","frame":{"millis":41658,"tic":1458},"actor":{"position":{"x":-2134336,"y":21622976,"z":0,"angle":3221225472,"subsector":4566993256},"type":"shotgun_soldier","health":30,"id":4567156424}}
{"counter":9360,"type":"move","frame":{"millis":41686,"tic":1459},"actor":{"position":{"x":-4310398,"y":888088,"z":0,"angle":1006632960,"subsector":4566993016},"type":"player","health":32,"armor":54,"id":4567120880}}
{"counter":9361,"type":"move","frame":{"millis":41686,"tic":1459},"actor":{"position":{"x":-4379442,"y":594577,"z":0,"angle":1006632960,"subsector":4566993016},"type":"player","health":32,"armor":54,"id":4567120880}}
{"counter":9362,"type":"move","frame":{"millis":41686,"tic":1459},"actor":{"position":{"x":-1117098,"y":15600442,"z":0,"angle":3152038111,"subsector":4566993176},"type":"soldier","health":8,"id":4567137944}}
{"counter":9363,"type":"move","frame":{"millis":41686,"tic":1459},"actor":{"position":{"x":-5444416,"y":22491584,"z":0,"angle":2684354560,"subsector":4566993240},"type":"soldier","health":20,"id":4567138208}}
{"counter":9364,"type":"move","frame":{"millis":41686,"tic":1459},"actor":{"position":{"x":-2028288,"y":27427328,"z":0,"angle":2147483648,"subsector":4566993432},"type":"shotgun_soldier","health":30,"id":4567139792}}
{"counter":9365,"type":"move","frame":{"millis":41686,"tic":1459},"actor":{"position":{"x":33593104,"y":10573328,"z":0,"angle":2147483648,"subsector":4566994408},"type":"spectre","health":150,"id":4567166984}}
{"counter":9366,"type":"move","frame":{"millis":41686,"tic":1459},"actor":{"position":{"x":2875328,"y":24583232,"z":0,"angle":0,"subsector":4566993432},"type":"shotgun_soldier","health":30,"id":4567172528}}
{"counter":9367,"type":"move","frame":{"millis":41716,"tic":1460},"actor":{"position":{"x":-4379442,"y":594577,"z":0,"angle":1006632960,"subsector":4566993016},"type":"player","health":32,"armor":54,"id":4567120880}}
{"damage":15,"counter":9368,"type":"hit","frame":{"millis":41716,"tic":1460},"actor":{"position":{"x":-4379442,"y":594577,"z":0,"angle":1006632960,"subsector":4566993016},"type":"player","health":32,"armor":54,"id":4567120880},"target":{"position":{"x":-2944640,"y":18922112,"z":0,"angle":3203205953,"subsector":4566993176},"type":"shotgun_soldier","health":15,"id":4567156160}}
{"counter":9369,"type":"targeted","frame":{"millis":41716,"tic":1460},"actor":{"position":{"x":-4379442,"y":594577,"z":0,"angle":1006632960,"subsector":4566993016},"type":"player","health":32,"armor":54,"id":4567120880},"target":{"position":{"x":-2944640,"y":18922112,"z":0,"angle":3203205953,"subsector":4566993176},"type":"shotgun_soldier","health":15,"id":4567156160}}
{"damage":15,"counter":9370,"type":"hit","frame":{"millis":41716,"tic":1460},"actor":{"position":{"x":-4379442,"y":594577,"z":0,"angle":1006632960,"subsector":4566993016},"type":"player","health":32,"armor":54,"id":4567120880},"target":{"position":{"x":-2944640,"y":18922112,"z":0,"angle":3203205953,"subsector":4566993176},"type":"shotgun_soldier","health":0,"id":4567156160}}
{"counter":9371,"type":"killed","frame":{"millis":41716,"tic":1460},"actor":{"position":{"x":-4379442,"y":594577,"z":0,"angle":1006632960,"subsector":4566993016},"type":"player","health":32,"armor":54,"id":4567120880},"target":{"position":{"x":-2944640,"y":18922112,"z":0,"angle":3203205953,"subsector":4566993176},"type":"shotgun_soldier","health":0,"id":4567156160}}
{"damage":10,"counter":9372,"type":"hit","frame":{"millis":41716,"tic":1460},"actor":{"position":{"x":-4379442,"y":594577,"z":0,"angle":1006632960,"subsector":4566993016},"type":"player","health":32,"armor":54,"id":4567120880},"target":{"position":{"x":-1117098,"y":15600442,"z":0,"angle":3152038111,"subsector":4566993176},"type":"soldier","health":-2,"id":4567137944}}
{"counter":9373,"type":"killed","frame":{"millis":41717,"tic":1460},"actor":{"position":{"x":-4379442,"y":594577,"z":0,"angle":1006632960,"subsector":4566993016},"type":"player","health":32,"armor":54,"id":4567120880},"target":{"position":{"x":-1117098,"y":15600442,"z":0,"angle":3152038111,"subsector":4566993176},"type":"soldier","health":-2,"id":4567137944}}
{"damage":10,"counter":9374,"type":"hit","frame":{"millis":41717,"tic":1460},"actor":{"position":{"x":-4379442,"y":594577,"z":0,"angle":1006632960,"subsector":4566993016},"type":"player","health":32,"armor":54,"id":4567120880},"target":{"position":{"x":-2134336,"y":21622976,"z":0,"angle":3221225472,"subsector":4566993256},"type":"shotgun_soldier","health":20,"id":4567156424}}
{"counter":9375,"type":"targeted","frame":{"millis":41717,"tic":1460},"actor":{"position":{"x":-4379442,"y":594577,"z":0,"angle":1006632960,"subsector":4566993016},"type":"player","health":32,"armor":54,"id":4567120880},"target":{"position":{"x":-2134336,"y":21622976,"z":0,"angle":3221225472,"subsector":4566993256},"type":"shotgun_soldier","health":20,"id":4567156424}}
{"damage":10,"counter":9376,"type":"hit","frame":{"millis":41717,"tic":1460},"actor":{"position":{"x":-4379442,"y":594577,"z":0,"angle":1006632960,"subsector":4566993016},"type":"player","health":32,"armor":54,"id":4567120880},"target":{"position":{"x":-2134336,"y":21622976,"z":0,"angle":3221225472,"subsector":4566993256},"type":"shotgun_soldier","health":10,"id":4567156424}}
{"damage":5,"counter":9377,"type":"hit","frame":{"millis":41717,"tic":1460},"actor":{"position":{"x":-4379442,"y":594577,"z":0,"angle":1006632960,"subsector":4566993016},"type":"player","health":32,"armor":54,"id":4567120880},"target":{"position":{"x":-2134336,"y":21622976,"z":0,"angle":3221225472,"subsector":4566993256},"type":"shotgun_soldier","health":5,"id":4567156424}}
{"damage":5,"counter":9378,"type":"hit","frame":{"millis":41717,"tic":1460},"actor":{"position":{"x":-4379442,"y":594577,"z":0,"angle":1006632960,"subsector":4566993016},"type":"player","health":32,"armor":54,"id":4567120880},"target":{"position":{"x":-2134336,"y":21622976,"z":0,"angle":3221225472,"subsector":4566993256},"type":"shotgun_soldier","health":0,"id":4567156424}}
{"counter":9379,"type":"killed","frame":{"millis":41717,"tic":1460},"actor":{"position":{"x":-4379442,"y":594577,"z":0,"angle":1006632960,"subsector":4566993016},"type":"player","health":32,"armor":54,"id":4567120880},"target":{"position":{"x":-2134336,"y":21622976,"z":0,"angle":3221225472,"subsector":4566993256},"type":"shotgun_soldier","health":0,"id":4567156424}}
{"counter":9380,"type":"move","frame":{"millis":41717,"tic":1460},"actor":{"position":{"x":-4442614,"y":322467,"z":0,"angle":1006632960,"subsector":4566993016},"type":"player","health":32,"armor":54,"id":4567120880}}
{"counter":9381,"type":"move","frame":{"millis":41717,"tic":1460},"actor":{"position":{"x":-1085201,"y":15654060,"z":0,"angle":3152038111,"subsector":4566993176},"type":"soldier","health":-2,"id":4567137944}}
{"counter":9382,"type":"move","frame":{"millis":41717,"tic":1460},"actor":{"position":{"x":-17148160,"y":52730880,"z":0,"angle":2684354560,"subsector":4566993320},"type":"soldier","health":20,"id":4567138736}}
{"counter":9383,"type":"move","frame":{"millis":41717,"tic":1460},"actor":{"position":{"x":2727040,"y":9368320,"z":0,"angle":3221225472,"subsector":4566993176},"type":"soldier","health":20,"id":4567139528}}
{"counter":9384,"type":"move","frame":{"millis":41717,"tic":1460},"actor":{"position":{"x":-24805888,"y":51592320,"z":0,"angle":2684354560,"subsector":4566993384},"type":"shotgun_soldier","health":30,"id":4567155368}}
{"counter":9385,"type":"move","frame":{"millis":41717,"tic":1460},"actor":{"position":{"x":-2944640,"y":18922112,"z":0,"angle":3203205953,"subsector":4566993176},"type":"shotgun_soldier","health":0,"id":4567156160}}
{"counter":9386,"type":"move","frame":{"millis":41717,"tic":1460},"actor":{"position":{"x":-2108282,"y":21867346,"z":0,"angle":3221225472,"subsector":4566993256},"type":"shotgun_soldier","health":0,"id":4567156424}}
{"counter":9387,"type":"move","frame":{"millis":41743,"tic":1461},"actor":{"position":{"x":-4499864,"y":75867,"z":0,"angle":1006632960,"subsector":4566993016},"type":"player","health":32,"armor":54,"id":4567120880}}
{"counter":9388,"type":"move","frame":{"millis":41743,"tic":1461},"actor":{"position":{"x":-1056295,"y":15702651,"z":0,"angle":3152038111,"subsector":4566993176},"type":"soldier","health":-2,"id":4567137944}}
{"counter":9389,"type":"move","frame":{"millis":41743,"tic":1461},"actor":{"position":{"x":-3490048,"y":78987520,"z":0,"angle":2147483648,"subsector":4566996760},"type":"soldier","health":20,"id":4567139000}}
{"counter":9390,"type":"move","frame":{"millis":41743,"tic":1461},"actor":{"position":{"x":2880832,"y":78998080,"z":0,"angle":3758096384,"subsector":4566996760},"type":"shotgun_soldier","health":30,"id":4567155104}}
{"counter":9391,"type":"move","frame":{"millis":41743,"tic":1461},"actor":{"position":{"x":-28624192,"y":42732224,"z":0,"angle":3221225472,"subsector":4566993352},"type":"shotgun_soldier","health":30,"id":4567155632}}
{"counter":9392,"type":"move","frame":{"millis":41743,"tic":1461},"actor":{"position":{"x":-20166720,"y":52693696,"z":0,"angle":3221225472,"subsector":4566993320},"type":"shotgun_soldier","health":30,"id":4567155896}}
{"counter":9393,"type":"enter_subsector","frame":{"millis":41743,"tic":1461},"actor":{"position":{"x":-2084671,"y":22088806,"z":0,"angle":3221225472,"subsector":4566993240},"type":"shotgun_soldier","health":0,"id":4567156424}}
{"counter":9394,"type":"move","frame":{"millis":41743,"tic":1461},"actor":{"position":{"x":-2084671,"y":22088806,"z":0,"angle":3221225472,"subsector":4566993240},"type":"shotgun_soldier","health":0,"id":4567156424}}
{"counter":9395,"type":"move","frame":{"millis":41743,"tic":1461},"actor":{"position":{"x":32937744,"y":10573328,"z":0,"angle":2147483648,"subsector":4566994408},"type":"spectre","health":150,"id":4567166984}}
{"counter":9396,"type":"move","frame":{"millis":41772,"tic":1462},"actor":{"position":{"x":-4499864,"y":75867,"z":0,"angle":1006632960,"subsector":4566993016},"type":"player","health":32,"armor":54,"id":4567120880}}
{"counter":9397,"type":"move","frame":{"millis":41772,"tic":1462},"actor":{"position":{"x":-4551348,"y":-143539,"z":0,"angle":1006632960,"subsector":4566993016},"type":"player","health":32,"armor":54,"id":4567120880}}
{"counter":9398,"type":"move","frame":{"millis":41772,"tic":1462},"actor":{"position":{"x":-1030099,"y":15746686,"z":0,"angle":3152038111,"subsector":4566993176},"type":"soldier","health":-2,"id":4567137944}}
{"counter":9399,"type":"move","frame":{"millis":41774,"tic":1462},"actor":{"position":{"x":1493440,"y":82916928,"z":0,"angle":1073741824,"subsector":4566996760},"type":"soldier","health":20,"id":4567138472}}
{"counter":9400,"type":"move","frame":{"millis":41774,"tic":1462},"actor":{"position":{"x":-2552576,"y":27427328,"z":0,"angle":2147483648,"subsector":4566993432},"type":"shotgun_soldier","health":30,"id":4567139792}}
{"counter":9401,"type":"move","frame":{"millis":41775,"tic":1462},"actor":{"position":{"x":-2063274,"y":22289504,"z":0,"angle":3221225472,"subsector":4566993240},"type":"shotgun_soldier","health":0,"id":4567156424}}
{"counter":9402,"type":"move","frame":{"millis":41775,"tic":1462},"actor":{"position":{"x":2351040,"y":24583232,"z":0,"angle":3758096384,"subsector":4566993432},"type":"shotgun_soldier","health":30,"id":4567172528}}
{"counter":9403,"type":"move","frame":{"millis":41800,"tic":1463},"actor":{"position":{"x":-4551348,"y":-143539,"z":0,"angle":1006632960,"subsector":4566993016},"type":"player","health":32,"armor":54,"id":4567120880}}
{"counter":9404,"type":"move","frame":{"millis":41800,"tic":1463},"actor":{"position":{"x":-4597807,"y":-340338,"z":0,"angle":1006632960,"subsector":4566993016},"type":"player","health":32,"armor":54,"id":4567120880}}
{"counter":9405,"type":"move","frame":{"millis":41800,"tic":1463},"actor":{"position":{"x":-1006359,"y":15786592,"z":0,"angle":3152038111,"subsector":4566993176},"type":"soldier","health":-2,"id":4567137944}}
{"counter":9406,"type":"move","frame":{"millis":41800,"tic":1463},"actor":{"position":{"x":-5820416,"y":22867584,"z":0,"angle":2147483648,"subsector":4566993240},"type":"soldier","health":20,"id":4567138208}}
{"counter":9407,"type":"move","frame":{"millis":41800,"tic":1463},"actor":{"position":{"x":-24805888,"y":52116608,"z":0,"angle":2147483648,"subsector":4566993384},"type":"shotgun_soldier","health":30,"id":4567155368}}
{"counter":9408,"type":"move","frame":{"millis":41800,"tic":1463},"actor":{"position":{"x":-2043883,"y":22471386,"z":0,"angle":3221225472,"subsector":4566993240},"type":"shotgun_soldier","health":0,"id":4567156424}}
{"counter":9409,"type":"move","frame":{"millis":41800,"tic":1463},"actor":{"position":{"x":32467744,"y":10103328,"z":0,"angle":2147483648,"subsector":4566994408},"type":"spectre","health":150,"id":4567166984}}
{"counter":9410,"type":"move","frame":{"millis":41829,"tic":1464},"actor":{"position":{"x":-4639911,"y":-518688,"z":0,"angle":1006632960,"subsector":4566993016},"type":"player","health":32,"armor":54,"id":4567120880}}
{"counter":9411,"type":"move","frame":{"millis":41829,"tic":1464},"actor":{"position":{"x":-984845,"y":15822756,"z":0,"angle":3152038111,"subsector":4566993176},"type":"soldier","health":-2,"id":4567137944}}
{"counter":9412,"type":"move","frame":{"millis":41829,"tic":1464},"actor":{"position":{"x":-16772160,"y":53106880,"z":0,"angle":2147483648,"subsector":4566993320},"type":"soldier","health":20,"id":4567138736}}
{"counter":9413,"type":"move","frame":{"millis":41829,"tic":1464},"actor":{"position":{"x":2727040,"y":8844032,"z":0,"angle":3221225472,"subsector":4566993176},"type":"soldier","health":20,"id":4567139528}}
{"counter":9414,"type":"move","frame":{"millis":41829,"tic":1464},"actor":{"position":{"x":2880832,"y":79522368,"z":0,"angle":0,"subsector":4566996760},"type":"shotgun_soldier","health":30,"id":4567155104}}
{"counter":9415,"type":"move","frame":{"millis":41829,"tic":1464},"actor":{"position":{"x":-28624192,"y":42207936,"z":0,"angle":3221225472,"subsector":4566993352},"type":"shotgun_soldier","health":30,"id":4567155632}}
{"counter":9416,"type":"move","frame":{"millis":41829,"tic":1464},"actor":{"position":{"x":-19642432,"y":52693696,"z":0,"angle":3758096384,"subsector":4566993320},"type":"shotgun_soldier","health":30,"id":4567155896}}
{"counter":9417,"type":"move","frame":{"millis":41829,"tic":1464},"actor":{"position":{"x":-2026310,"y":22636216,"z":0,"angle":3221225472,"subsector":4566993240},"type":"shotgun_soldier","health":0,"id":4567156424}}
{"counter":9418,"type":"move","frame":{"millis":41858,"tic":1465},"actor":{"position":{"x":-4678068,"y":-680318,"z":0,"angle":1006632960,"subsector":4566993016},"type":"player","health":32,"armor":54,"id":4567120880}}
{"counter":9419,"type":"move","frame":{"millis":41859,"tic":1465},"actor":{"position":{"x":-965348,"y":15855529,"z":0,"angle":3152038111,"subsector":4566993176},"type":"soldier","health":-2,"id":4567137944}}
{"counter":9420,"type":"move","frame":{"millis":41859,"tic":1465},"actor":{"position":{"x":-4014336,"y":78987520,"z":0,"angle":2147483648,"subsector":4566996760},"type":"soldier","health":20,"id":4567139000}}
{"counter":9421,"type":"move","frame":{"millis":41859,"tic":1465},"actor":{"position":{"x":-3076864,"y":27427328,"z":0,"angle":2147483648,"subsector":4566993432},"type":"shotgun_soldier","health":30,"id":4567139792}}
{"counter":9422,"type":"move","frame":{"millis":41859,"tic":1465},"actor":{"position":{"x":-2010385,"y":22785593,"z":0,"angle":3221225472,"subsector":4566993240},"type":"shotgun_soldier","health":0,"id":4567156424}}
{"counter":9423,"type":"move","frame":{"millis":41859,"tic":1465},"actor":{"position":{"x":31812384,"y":10103328,"z":0,"angle":2684354560,"subsector":4566994408},"type":"spectre","health":150,"id":4567166984}}
{"counter":9424,"type":"move","frame":{"millis":41859,"tic":1465},"actor":{"position":{"x":1826752,"y":24583232,"z":0,"angle":3221225472,"subsector":4566993432},"type":"shotgun_soldier","health":30,"id":4567172528}}
{"counter":9425,"type":"move","frame":{"millis":41886,"tic":1466},"actor":{"position":{"x":-4712648,"y":-826796,"z":0,"angle":1006632960,"subsector":4566993016},"type":"player","health":32,"armor":54,"id":4567120880}}
{"counter":9426,"type":"move","frame":{"millis":41886,"tic":1466},"actor":{"position":{"x":-947679,"y":15885229,"z":0,"angle":3152038111,"subsector":4566993176},"type":"soldier","health":-2,"id":4567137944}}
{"counter":9427,"type":"move","frame":{"millis":41886,"tic":1466},"actor":{"position":{"x":1117440,"y":83292928,"z":0,"angle":1610612736,"subsector":4566996760},"type":"soldier","health":20,"id":4567138472}}
{"counter":9428,"type":"move","frame":{"millis":41886,"tic":1466},"actor":{"position":{"x":-24805888,"y":52640896,"z":0,"angle":1610612736,"subsector":4566993384},"type":"shotgun_soldier","health":30,"id":4567155368}}
{"counter":9429,"type":"move","frame":{"millis":41886,"tic":1466},"actor":{"position":{"x":-1995953,"y":22920965,"z":0,"angle":3221225472,"subsector":4566993240},"type":"shotgun_soldier","health":0,"id":4567156424}}
{"counter":9430,"type":"move","frame":{"millis":41915,"tic":1467},"actor":{"position":{"x":-4743987,"y":-959542,"z":0,"angle":1006632960,"subsector":4566993016},"type":"player","health":32,"armor":54,"id":4567120880}}
{"counter":9431,"type":"move","frame":{"millis":41915,"tic":1467},"actor":{"position":{"x":-931667,"y":15912144,"z":0,"angle":3152038111,"subsector":4566993176},"type":"soldier","health":-2,"id":4567137944}}
{"counter":9432,"type":"move","frame":{"millis":41915,"tic":1467},"actor":{"position":{"x":-6196416,"y":23243584,"z":0,"angle":1610612736,"subsector":4566993432},"type":"soldier","health":20,"id":4567138208}}
{"counter":9433,"type":"move","frame":{"millis":41915,"tic":1467},"actor":{"position":{"x":2880832,"y":80046656,"z":0,"angle":536870912,"subsector":4566996760},"type":"shotgun_soldier","health":30,"id":4567155104}}
{"counter":9434,"type":"move","frame":{"millis":41915,"tic":1467},"actor":{"position":{"x":-28624192,"y":41683648,"z":0,"angle":3221225472,"subsector":4566993352},"type":"shotgun_soldier","health":30,"id":4567155632}}
{"counter":9435,"type":"move","frame":{"millis":41915,"tic":1467},"actor":{"position":{"x":-19642432,"y":53217984,"z":0,"angle":0,"subsector":4566993320},"type":"shotgun_soldier","health":30,"id":4567155896}}
{"counter":9436,"type":"move","frame":{"millis":41915,"tic":1467},"actor":{"position":{"x":-1982874,"y":23043645,"z":0,"angle":3221225472,"subsector":4566993240},"type":"shotgun_soldier","health":0,"id":4567156424}}
{"counter":9437,"type":"move","frame":{"millis":41915,"tic":1467},"actor":{"position":{"x":31157024,"y":10103328,"z":0,"angle":2147483648,"subsector":4566994408},"type":"spectre","health":150,"id":4567166984}}
{"counter":9438,"type":"move","frame":{"millis":41943,"tic":1468},"actor":{"position":{"x":-4772388,"y":-1079844,"z":0,"angle":1006632960,"subsector":4566993016},"type":"player","health":32,"armor":54,"id":4567120880}}
{"counter":9439,"type":"move","frame":{"millis":41943,"tic":1468},"actor":{"position":{"x":-917157,"y":15936535,"z":0,"angle":3152038111,"subsector":4566993176},"type":"soldier","health":-2,"id":4567137944}}
{"counter":9440,"type":"move","frame":{"millis":41943,"tic":1468},"actor":{"position":{"x":-16396160,"y":53482880,"z":0,"angle":1610612736,"subsector":4566993320},"type":"soldier","health":20,"id":4567138736}}
{"counter":9441,"type":"move","frame":{"millis":41943,"tic":1468},"actor":{"position":{"x":2727040,"y":8319744,"z":0,"angle":3221225472,"subsector":4566993176},"type":"soldier","health":20,"id":4567139528}}
{"counter":9442,"type":"move","frame":{"millis":41943,"tic":1468},"actor":{"position":{"x":-3601152,"y":27427328,"z":0,"angle":2147483648,"subsector":4566993432},"type":"shotgun_soldier","health":30,"id":4567139792}}
{"counter":9443,"type":"move","frame":{"millis":41943,"tic":1468},"actor":{"position":{"x":-1971022,"y":23154823,"z":0,"angle":3221225472,"subsector":4566993432},"type":"shotgun_soldier","health":0,"id":4567156424}}
{"counter":9444,"type":"move","frame":{"millis":41943,"tic":1468},"actor":{"position":{"x":1302464,"y":24583232,"z":0,"angle":2684354560,"subsector":4566993432},"type":"shotgun_soldier","health":30,"id":4567172528}}
{"counter":9445,"type":"move","frame":{"millis":41972,"tic":1469},"actor":{"position":{"x":-4772388,"y":-1079844,"z":0,"angle":1006632960,"subsector":4566993016},"type":"player","health":32,"armor":54,"id":4567120880}}
{"counter":9446,"type":"move","frame":{"millis":41972,"tic":1469},"actor":{"position":{"x":-4797928,"y":-1186830,"z":0,"angle":1006632960,"subsector":4566993016},"type":"player","health":32,"armor":54,"id":4567120880}}
{"counter":9447,"type":"move","frame":{"millis":41972,"tic":1469},"actor":{"position":{"x":-904008,"y":15958639,"z":0,"angle":3152038111,"subsector":4566993176},"type":"soldier","health":-2,"id":4567137944}}
{"counter":9448,"type":"move","frame":{"millis":41972,"tic":1469},"actor":{"position":{"x":-3638336,"y":79363520,"z":0,"angle":2147483648,"subsector":4566996760},"type":"soldier","health":20,"id":4567139000}}
{"counter":9449,"type":"move","frame":{"millis":41972,"tic":1469},"actor":{"position":{"x":-24805888,"y":53165184,"z":0,"angle":1073741824,"subsector":4566993384},"type":"shotgun_soldier","health":30,"id":4567155368}}
{"counter":9450,"type":"move","frame":{"millis":41972,"tic":1469},"actor":{"position":{"x":-1960282,"y":23255578,"z":0,"angle":3221225472,"subsector":4566993432},"type":"shotgun_soldier","health":0,"id":4567156424}}
{"counter":9451,"type":"move","frame":{"millis":41972,"tic":1469},"actor":{"position":{"x":30501664,"y":10103328,"z":0,"angle":2147483648,"subsector":4566994408},"type":"spectre","health":150,"id":4567166984}}
{"counter":9452,"type":"move","frame":{"millis":42000,"tic":1470},"actor":{"position":{"x":-4797928,"y":-1186830,"z":0,"angle":1006632960,"subsector":4566993016},"type":"player","health":32,"armor":54,"id":4567120880}}
{"counter":9453,"type":"move","frame":{"millis":42000,"tic":1470},"actor":{"position":{"x":-4820875,"y":-1281749,"z":0,"angle":1006632960,"subsector":4566993016},"type":"player","health":32,"armor":54,"id":4567120880}}
{"counter":9454,"type":"move","frame":{"millis":42000,"tic":1470},"actor":{"position":{"x":-892092,"y":15978670,"z":0,"angle":3152038111,"subsector":4566993176},"type":"soldier","health":-2,"id":4567137944}}
{"counter":9455,"type":"move","frame":{"millis":42000,"tic":1470},"actor":{"position":{"x":741440,"y":83668928,"z":0,"angle":1610612736,"subsector":4566996760},"type":"soldier","health":20,"id":4567138472}}
{"counter":9456,"type":"move","frame":{"millis":42000,"tic":1470},"actor":{"position":{"x":2504832,"y":79670656,"z":0,"angle":1073741824,"subsector":4566996760},"type":"shotgun_soldier","health":30,"id":4567155104}}
{"counter":9457,"type":"move","frame":{"millis":42000,"tic":1470},"actor":{"position":{"x":-28624192,"y":41159360,"z":0,"angle":3221225472,"subsector":4566993352},"type":"shotgun_soldier","health":30,"id":4567155632}}
{"counter":9458,"type":"move","frame":{"millis":42000,"tic":1470},"actor":{"position":{"x":-19642432,"y":53742272,"z":0,"angle":536870912,"subsector":4566993320},"type":"shotgun_soldier","health":30,"id":4567155896}}
{"counter":9459,"type":"move","frame":{"millis":42000,"tic":1470},"actor":{"position":{"x":-1950549,"y":23346887,"z":0,"angle":3221225472,"subsector":4566993432},"type":"shotgun_soldier","health":0,"id":4567156424}}
{"counter":9460,"type":"move","frame":{"millis":42030,"tic":1471},"actor":{"position":{"x":-4841671,"y":-1367770,"z":0,"angle":1006632960,"subsector":4566993016},"type":"player","health":32,"armor":54,"id":4567120880}}
{"counter":9461,"type":"move","frame":{"millis":42030,"tic":1471},"actor":{"position":{"x":-881294,"y":15996823,"z":0,"angle":3152038111,"subsector":4566993176},"type":"soldier","health":-2,"id":4567137944}}
{"counter":9462,"type":"move","frame":{"millis":42030,"tic":1471},"actor":{"position":{"x":-6572416,"y":23619584,"z":0,"angle":1610612736,"subsector":4566993432},"type":"soldier","health":20,"id":4567138208}}
{"counter":9463,"type":"move","frame":{"millis":42030,"tic":1471},"actor":{"position":{"x":-4125440,"y":27427328,"z":0,"angle":2147483648,"subsector":4566993432},"type":"shotgun_soldier","health":30,"id":4567139792}}
{"counter":9464,"type":"move","frame":{"millis":42030,"tic":1471},"actor":{"position":{"x":-1941729,"y":23429635,"z":0,"angle":3221225472,"subsector":4566993432},"type":"shotgun_soldier","health":0,"id":4567156424}}
{"counter":9465,"type":"move","frame":{"millis":42030,"tic":1471},"actor":{"position":{"x":29846304,"y":10103328,"z":0,"angle":2147483648,"subsector":4566994408},"type":"spectre","health":150,"id":4567166984}}
{"counter":9466,"type":"move","frame":{"millis":42030,"tic":1471},"actor":{"position":{"x":778176,"y":24583232,"z":0,"angle":2147483648,"subsector":4566993432},"type":"shotgun_soldier","health":30,"id":4567172528}}
{"counter":9467,"type":"move","frame":{"millis":42059,"tic":1472},"actor":{"position":{"x":-4860518,"y":-1445727,"z":0,"angle":1006632960,"subsector":4566993016},"type":"player","health":32,"armor":54,"id":4567120880}}
{"counter":9468,"type":"move","frame":{"millis":42059,"tic":1472},"actor":{"position":{"x":-871509,"y":16013274,"z":0,"angle":3152038111,"subsector":4566993176},"type":"soldier","health":-2,"id":4567137944}}
{"counter":9469,"type":"move","frame":{"millis":42059,"tic":1472},"actor":{"position":{"x":-16020160,"y":53858880,"z":0,"angle":1073741824,"subsector":4566993320},"type":"soldier","health":20,"id":4567138736}}
{"counter":9470,"type":"move","frame":{"millis":42059,"tic":1472},"actor":{"position":{"x":2727040,"y":7795456,"z":0,"angle":3221225472,"subsector":4566993176},"type":"soldier","health":20,"id":4567139528}}
{"counter":9471,"type":"move","frame":{"millis":42059,"tic":1472},"actor":{"position":{"x":-24805888,"y":53689472,"z":0,"angle":1073741824,"subsector":4566993384},"type":"shotgun_soldier","health":30,"id":4567155368}}
{"counter":9472,"type":"move","frame":{"millis":42059,"tic":1472},"actor":{"position":{"x":-1933736,"y":23504625,"z":0,"angle":3221225472,"subsector":4566993432},"type":"shotgun_soldier","health":0,"id":4567156424}}
{"counter":9473,"type":"move","frame":{"millis":42086,"tic":1473},"actor":{"position":{"x":-4860518,"y":-1445727,"z":0,"angle":1006632960,"subsector":4566993016},"type":"player","health":32,"armor":54,"id":4567120880}}
{"counter":9474,"type":"move","frame":{"millis":42086,"tic":1473},"actor":{"position":{"x":-4877400,"y":-1514338,"z":0,"angle":1006632960,"subsector":4566993016},"type":"player","health":32,"armor":54,"id":4567120880}}
{"counter":9475,"type":"move","frame":{"millis":42086,"tic":1473},"actor":{"position":{"x":-862642,"y":16028182,"z":0,"angle":3152038111,"subsector":4566993176},"type":"soldier","health":-2,"id":4567137944}}
{"counter":9476,"type":"move","frame":{"millis":42086,"tic":1473},"actor":{"position":{"x":-3262336,"y":79739520,"z":0,"angle":1610612736,"subsector":4566996760},"type":"soldier","health":20,"id":4567139000}}
{"counter":9477,"type":"move","frame":{"millis":42086,"tic":1473},"actor":{"position":{"x":2128832,"y":79294656,"z":0,"angle":1610612736,"subsector":4566996760},"type":"shotgun_soldier","health":30,"id":4567155104}}
{"counter":9478,"type":"move","frame":{"millis":42086,"tic":1473},"actor":{"position":{"x":-28624192,"y":40635072,"z":0,"angle":3221225472,"subsector":4566993352},"type":"shotgun_soldier","health":30,"id":4567155632}}
{"counter":9479,"type":"move","frame":{"millis":42086,"tic":1473},"actor":{"position":{"x":-19642432,"y":54266560,"z":0,"angle":1073741824,"subsector":4566993320},"type":"shotgun_soldier","health":30,"id":4567155896}}
{"counter":9480,"type":"move","frame":{"millis":42086,"tic":1473},"actor":{"position":{"x":-1926493,"y":23572584,"z":0,"angle":3221225472,"subsector":4566993432},"type":"shotgun_soldier","health":0,"id":4567156424}}
{"counter":9481,"type":"move","frame":{"millis":42086,"tic":1473},"actor":{"position":{"x":29190944,"y":10103328,"z":0,"angle":2147483648,"subsector":4566993064},"type":"spectre","health":150,"id":4567166984}}
{"counter":9482,"type":"move","frame":{"millis":42115,"tic":1474},"actor":{"position":{"x":-4877400,"y":-1514338,"z":0,"angle":1023410176,"subsector":4566993016},"type":"player","health":32,"armor":54,"id":4567120880}}
{"counter":9483,"type":"move","frame":{"millis":42115,"tic":1474},"actor":{"position":{"x":-4892551,"y":-1574475,"z":0,"angle":1023410176,"subsector":4566993016},"type":"player","health":32,"armor":54,"id":4567120880}}
{"counter":9484,"type":"move","frame":{"millis":42115,"tic":1474},"actor":{"position":{"x":-854607,"y":16041692,"z":0,"angle":3152038111,"subsector":4566993176},"type":"soldier","health":-2,"id":4567137944}}
{"counter":9485,"type":"move","frame":{"millis":42115,"tic":1474},"actor":{"position":{"x":365440,"y":84044928,"z":0,"angle":1610612736,"subsector":4566996760},"type":"soldier","health":20,"id":4567138472}}
{"counter":9486,"type":"attacked","frame":{"millis":42115,"tic":1474},"actor":{"position":{"x":-4125440,"y":27427328,"z":0,"angle":2147483648,"subsector":4566993432},"type":"shotgun_soldier","health":30,"id":4567139792},"target":{"position":{"x":-4892551,"y":-1574475,"z":0,"angle":1023410176,"subsector":4566993016},"type":"player","health":32,"armor":54,"id":4567120880}}
{"counter":9487,"type":"move","frame":{"millis":42115,"tic":1474},"actor":{"position":{"x":-1919930,"y":23634171,"z":0,"angle":3221225472,"subsector":4566993432},"type":"shotgun_soldier","health":0,"id":4567156424}}
{"counter":9488,"type":"move","frame":{"millis":42115,"tic":1474},"actor":{"position":{"x":253888,"y":24583232,"z":0,"angle":2147483648,"subsector":4566993432},"type":"shotgun_soldier","health":30,"id":4567172528}}
{"counter":9489,"type":"move","frame":{"millis":42143,"tic":1475},"actor":{"position":{"x":-4892551,"y":-1574475,"z":0,"angle":1023410176,"subsector":4566993016},"type":"player","health":32,"armor":54,"id":4567120880}}
{"counter":9490,"type":"move","frame":{"millis":42143,"tic":1475},"actor":{"position":{"x":-4975727,"y":-1623880,"z":0,"angle":1023410176,"subsector":4566993016},"type":"player","health":32,"armor":54,"id":4567120880}}
{"counter":9491,"type":"move","frame":{"millis":42144,"tic":1475},"actor":{"position":{"x":-847326,"y":16053935,"z":0,"angle":3152038111,"subsector":4566993176},"type":"soldier","health":-2,"id":4567137944}}
{"counter":9492,"type":"move","frame":{"millis":42144,"tic":1475},"actor":{"position":{"x":-6948416,"y":23995584,"z":0,"angle":1610612736,"subsector":4566993432},"type":"soldier","health":20,"id":4567138208}}
{"counter":9493,"type":"move","frame":{"millis":42144,"tic":1475},"actor":{"position":{"x":-24805888,"y":54213760,"z":0,"angle":1073741824,"subsector":4566993384},"type":"shotgun_soldier","health":30,"id":4567155368}}
{"counter":9494,"type":"move","frame":{"millis":42144,"tic":1475},"actor":{"position":{"x":-1919930,"y":23634171,"z":0,"angle":3221225472,"subsector":4566993432},"type":"shotgun_soldier","health":0,"id":4567156424}}
{"counter":9495,"type":"move","frame":{"millis":42144,"tic":1475},"actor":{"position":{"x":28535584,"y":10103328,"z":0,"angle":2147483648,"subsector":4566993064},"type":"spectre","health":150,"id":4567166984}}
{"counter":9496,"type":"move","frame":{"millis":42172,"tic":1476},"actor":{"position":{"x":-4975727,"y":-1623880,"z":0,"angle":1023410176,"subsector":4566993016},"type":"player","health":32,"armor":54,"id":4567120880}}
{"counter":9497,"type":"move","frame":{"millis":42172,"tic":1476},"actor":{"position":{"x":-5153231,"y":-1661161,"z":0,"angle":1023410176,"subsector":4566993016},"type":"player","health":32,"armor":54,"id":4567120880}}
{"counter":9498,"type":"move","frame":{"millis":42172,"tic":1476},"actor":{"position":{"x":-840728,"y":16065030,"z":0,"angle":3152038111,"subsector":4566993176},"type":"soldier","health":-2,"id":4567137944}}
{"counter":9499,"type":"move","frame":{"millis":42172,"tic":1476},"actor":{"position":{"x":-16020160,"y":53334592,"z":0,"angle":536870912,"subsector":4566993320},"type":"soldier","health":20,"id":4567138736}}
{"counter":9500,"type":"move","frame":{"millis":42172,"tic":1476},"actor":{"position":{"x":2727040,"y":7271168,"z":0,"angle":3221225472,"subsector":4566993176},"type":"soldier","health":20,"id":4567139528}}
{"counter":9501,"type":"move","frame":{"millis":42172,"tic":1476},"actor":{"position":{"x":1752832,"y":78918656,"z":0,"angle":2147483648,"subsector":4566996760},"type":"shotgun_soldier","health":30,"id":4567155104}}
{"counter":9502,"type":"move","frame":{"millis":42172,"tic":1476},"actor":{"position":{"x":-28624192,"y":40110784,"z":0,"angle":3221225472,"subsector":4566993352},"type":"shotgun_soldier","health":30,"id":4567155632}}
{"counter":9503,"type":"move","frame":{"millis":42172,"tic":1476},"actor":{"position":{"x":-19266432,"y":53890560,"z":0,"angle":1073741824,"subsector":4566993320},"type":"shotgun_soldier","health":30,"id":4567155896}}
{"counter":9504,"type":"move","frame":{"millis":42200,"tic":1477},"actor":{"position":{"x":-5153231,"y":-1661161,"z":0,"angle":1023410176,"subsector":4566993016},"type":"player","health":32,"armor":54,"id":4567120880}}
{"counter":9505,"type":"move","frame":{"millis":42200,"tic":1477},"actor":{"position":{"x":-5416219,"y":-1687454,"z":0,"angle":1023410176,"subsector":4566993016},"type":"player","health":32,"armor":54,"id":4567120880}}
{"counter":9506,"type":"move","frame":{"millis":42200,"tic":1477},"actor":{"position":{"x":-834749,"y":16075084,"z":0,"angle":3152038111,"subsector":4566993176},"type":"soldier","health":-2,"id":4567137944}}
{"counter":9507,"type":"move","frame":{"millis":42200,"tic":1477},"actor":{"position":{"x":-2886336,"y":80115520,"z":0,"angle":1073741824,"subsector":4566996760},"type":"soldier","health":20,"id":4567139000}}
{"counter":9508,"type":"move","frame":{"millis":42200,"tic":1477},"actor":{"position":{"x":27880224,"y":10103328,"z":0,"angle":2147483648,"subsector":4566993064},"type":"spectre","health":150,"id":4567166984}}
{"counter":9509,"type":"move","frame":{"millis":42201,"tic":1477},"actor":{"position":{"x":-270400,"y":24583232,"z":0,"angle":2147483648,"subsector":4566993432},"type":"shotgun_soldier","health":30,"id":4567172528}}
{"counter":9510,"type":"move","frame":{"millis":42230,"tic":1478},"actor":{"position":{"x":-5416219,"y":-1687454,"z":0,"angle":1023410176,"subsector":4566993016},"type":"player","health":32,"armor":54,"id":4567120880}}
{"counter":9511,"type":"move","frame":{"millis":42230,"tic":1478},"actor":{"position":{"x":-5416219,"y":-1687454,"z":0,"angle":1023410176,"subsector":4566993016},"type":"player","health":32,"armor":54,"id":4567120880}}
{"counter":9512,"type":"move","frame":{"millis":42230,"tic":1478},"actor":{"position":{"x":-5750533,"y":-1620048,"z":0,"angle":1023410176,"subsector":4566993016},"type":"player","health":32,"armor":54,"id":4567120880}}
{"counter":9513,"type":"move","frame":{"millis":42230,"tic":1478},"actor":{"position":{"x":-829331,"y":16084195,"z":0,"angle":3152038111,"subsector":4566993176},"type":"soldier","health":-2,"id":4567137944}}
{"counter":9514,"type":"move","frame":{"millis":42230,"tic":1478},"actor":{"position":{"x":-10560,"y":84420928,"z":0,"angle":1610612736,"subsector":4566996760},"type":"soldier","health":20,"id":4567138472}}
{"counter":9515,"type":"move","frame":{"millis":42230,"tic":1478},"actor":{"position":{"x":-24805888,"y":54738048,"z":0,"angle":1073741824,"subsector":4566993384},"type":"shotgun_soldier","health":30,"id":4567155368}}
{"counter":9516,"type":"move","frame":{"millis":42258,"tic":1479},"actor":{"position":{"x":-5750533,"y":-1620048,"z":0,"angle":1023410176,"subsector":4566993016},"type":"player","health":32,"armor":54,"id":4567120880}}
{"counter":9517,"type":"move","frame":{"millis":42258,"tic":1479},"actor":{"position":{"x":-5750533,"y":-1620048,"z":0,"angle":1023410176,"subsector":4566993016},"type":"player","health":32,"armor":54,"id":4567120880}}
{"counter":9518,"type":"move","frame":{"millis":42259,"tic":1479},"actor":{"position":{"x":-6150835,"y":-1486109,"z":0,"angle":1023410176,"subsector":4566993016},"type":"player","health":32,"armor":54,"id":4567120880}}
{"counter":9519,"type":"move","frame":{"millis":42259,"tic":1479},"actor":{"position":{"x":-824421,"y":16092451,"z":0,"angle":3152038111,"subsector":4566993176},"type":"soldier","health":-2,"id":4567137944}}
{"counter":9520,"type":"move","frame":{"millis":42259,"tic":1479},"actor":{"position":{"x":-6948416,"y":23471296,"z":0,"angle":1610612736,"subsector":4566993432},"type":"soldier","health":20,"id":4567138208}}
{"counter":9521,"type":"move","frame":{"millis":42259,"tic":1479},"actor":{"position":{"x":1228544,"y":78918656,"z":0,"angle":2684354560,"subsector":4566996760},"type":"shotgun_soldier","health":30,"id":4567155104}}
{"counter":9522,"type":"move","frame":{"millis":42259,"tic":1479},"actor":{"position":{"x":-28624192,"y":39586496,"z":0,"angle":3221225472,"subsector":4566993352},"type":"shotgun_soldier","health":30,"id":4567155632}}
{"counter":9523,"type":"move","frame":{"millis":42259,"tic":1479},"actor":{"position":{"x":-18890432,"y":53514560,"z":0,"angle":536870912,"subsector":4566993320},"type":"shotgun_soldier","health":30,"id":4567155896}}
{"counter":9524,"type":"move","frame":{"millis":42259,"tic":1479},"actor":{"position":{"x":27224864,"y":10103328,"z":0,"angle":2147483648,"subsector":4566993048},"type":"spectre","health":150,"id":4567166984}}
{"counter":9525,"type":"move","frame":{"millis":42286,"tic":1480},"actor":{"position":{"x":-6150835,"y":-1486109,"z":0,"angle":1023410176,"subsector":4566993016},"type":"player","health":32,"armor":54,"id":4567120880}}
{"counter":9526,"type":"move","frame":{"millis":42286,"tic":1480},"actor":{"position":{"x":-6150835,"y":-1486109,"z":0,"angle":1023410176,"subsector":4566993016},"type":"player","health":32,"armor":54,"id":4567120880}}
{"counter":9527,"type":"move","frame":{"millis":42286,"tic":1480},"actor":{"position":{"x":-6558733,"y":-1308025,"z":0,"angle":1023410176,"subsector":4566993016},"type":"player","health":32,"armor":54,"id":4567120880}}
{"counter":9528,"type":"move","frame":{"millis":42286,"tic":1480},"actor":{"position":{"x":-819972,"y":16099933,"z":0,"angle":3152038111,"subsector":4566993176},"type":"soldier","health":-2,"id":4567137944}}
{"counter":9529,"type":"move","frame":{"millis":42286,"tic":1480},"actor":{"position":{"x":-16020160,"y":52810304,"z":0,"angle":0,"subsector":4566993320},"type":"soldier","health":20,"id":4567138736}}
{"counter":9530,"type":"move","frame":{"millis":42286,"tic":1480},"actor":{"position":{"x":2727040,"y":6746880,"z":0,"angle":3221225472,"subsector":4566993176},"type":"soldier","health":20,"id":4567139528}}
{"counter":9531,"type":"move","frame":{"millis":42286,"tic":1480},"actor":{"position":{"x":-794688,"y":24583232,"z":0,"angle":2147483648,"subsector":4566993432},"type":"shotgun_soldier","health":30,"id":4567172528}}
{"counter":9532,"type":"move","frame":{"millis":42315,"tic":1481},"actor":{"position":{"x":-6558733,"y":-1308025,"z":0,"angle":1023410176,"subsector":4566993016},"type":"player","health":32,"armor":54,"id":4567120880}}
{"counter":9533,"type":"move","frame":{"millis":42315,"tic":1481},"actor":{"position":{"x":-6558733,"y":-1308025,"z":0,"angle":1023410176,"subsector":4566993016},"type":"player","health":32,"armor":54,"id":4567120880}}
{"counter":9534,"type":"move","frame":{"millis":42315,"tic":1481},"actor":{"position":{"x":-6990343,"y":-1039417,"z":0,"angle":1023410176,"subsector":4566993016},"type":"player","health":32,"armor":54,"id":4567120880}}
{"counter":9535,"type":"move","frame":{"millis":42315,"tic":1481},"actor":{"position":{"x":-815941,"y":16106713,"z":0,"angle":3152038111,"subsector":4566993176},"type":"soldier","health":-2,"id":4567137944}}
{"counter":9536,"type":"move","frame":{"millis":42315,"tic":1481},"actor":{"position":{"x":-2510336,"y":80491520,"z":0,"angle":536870912,"subsector":4566996760},"type":"soldier","health":20,"id":4567139000}}
{"counter":9537,"type":"move","frame":{"millis":42315,"tic":1481},"actor":{"position":{"x":-24805888,"y":55262336,"z":0,"angle":1073741824,"subsector":4566993384},"type":"shotgun_soldier","health":30,"id":4567155368}}
{"counter":9538,"type":"move","frame":{"millis":42315,"tic":1481},"actor":{"position":{"x":26569504,"y":10103328,"z":0,"angle":2147483648,"subsector":4566993048},"type":"spectre","health":150,"id":4567166984}}
{"counter":9539,"type":"move","frame":{"millis":42344,"tic":1482},"actor":{"position":{"x":-6990343,"y":-1039417,"z":0,"angle":1023410176,"subsector":4566993016},"type":"player","health":32,"armor":54,"id":4567120880}}
{"counter":9540,"type":"move","frame":{"millis":42344,"tic":1482},"actor":{"position":{"x":-6990343,"y":-1039417,"z":0,"angle":1023410176,"subsector":4566993016},"type":"player","health":32,"armor":54,"id":4567120880}}
{"counter":9541,"type":"move","frame":{"millis":42344,"tic":1482},"actor":{"position":{"x":-7424815,"y":-714779,"z":0,"angle":1023410176,"subsector":4566993016},"type":"player","health":32,"armor":54,"id":4567120880}}
{"counter":9542,"type":"move","frame":{"millis":42344,"tic":1482},"actor":{"position":{"x":-812288,"y":16112857,"z":0,"angle":3152038111,"subsector":4566993176},"type":"soldier","health":-2,"id":4567137944}}
{"counter":9543,"type":"move","frame":{"millis":42344,"tic":1482},"actor":{"position":{"x":-386560,"y":84044928,"z":0,"angle":1610612736,"subsector":4566996760},"type":"soldier","health":20,"id":4567138472}}
{"counter":9544,"type":"move","frame":{"millis":42344,"tic":1482},"actor":{"position":{"x":704256,"y":78918656,"z":0,"angle":2147483648,"subsector":4566996760},"type":"shotgun_soldier","health":30,"id":4567155104}}
{"counter":9545,"type":"move","frame":{"millis":42344,"tic":1482},"actor":{"position":{"x":-28624192,"y":39062208,"z":0,"angle":3221225472,"subsector":4566993352},"type":"shotgun_soldier","health":30,"id":4567155632}}
{"counter":9546,"type":"move","frame":{"millis":42344,"tic":1482},"actor":{"position":{"x":-18890432,"y":52990272,"z":0,"angle":0,"subsector":4566993320},"type":"shotgun_soldier","health":30,"id":4567155896}}
{"counter":9547,"type":"move","frame":{"millis":42372,"tic":1483},"actor":{"position":{"x":-7424815,"y":-714779,"z":0,"angle":1040187392,"subsector":4566993016},"type":"player","health":32,"armor":54,"id":4567120880}}
{"counter":9548,"type":"move","frame":{"millis":42372,"tic":1483},"actor":{"position":{"x":-7814768,"y":-342845,"z":0,"angle":1040187392,"subsector":4566993016},"type":"player","health":32,"armor":54,"id":4567120880}}
{"counter":9549,"type":"move","frame":{"millis":42372,"tic":1483},"actor":{"position":{"x":-808978,"y":16118425,"z":0,"angle":3152038111,"subsector":4566993176},"type":"soldier","health":-2,"id":4567137944}}
{"counter":9550,"type":"move","frame":{"millis":42372,"tic":1483},"actor":{"position":{"x":-6948416,"y":22947008,"z":0,"angle":2147483648,"subsector":4566993240},"type":"soldier","health":20,"id":4567138208}}
{"counter":9551,"type":"move","frame":{"millis":42372,"tic":1483},"actor":{"position":{"x":25914144,"y":10103328,"z":0,"angle":2147483648,"subsector":4566993048},"type":"spectre","health":150,"id":4567166984}}
{"counter":9552,"type":"move","frame":{"millis":42372,"tic":1483},"actor":{"position":{"x":-1318976,"y":24583232,"z":0,"angle":2147483648,"subsector":4566993432},"type":"shotgun_soldier","health":30,"id":4567172528}}
{"counter":9553,"type":"move","frame":{"millis":42400,"tic":1484},"actor":{"position":{"x":-7814768,"y":-342845,"z":0,"angle":1056964608,"subsector":4566993016},"type":"player","health":32,"armor":54,"id":4567120880}}
{"counter":9554,"type":"move","frame":{"millis":42400,"tic":1484},"actor":{"position":{"x":-8166135,"y":78162,"z":0,"angle":1056964608,"subsector":4566993016},"type":"player","health":32,"armor":54,"id":4567120880}}
{"counter":9555,"type":"move","frame":{"millis":42400,"tic":1484},"actor":{"position":{"x":-805979,"y":16123471,"z":0,"angle":3152038111,"subsector":4566993176},"type":"soldier","health":-2,"id":4567137944}}
{"counter":9556,"type":"move","frame":{"millis":42400,"tic":1484},"actor":{"position":{"x":-16020160,"y":53334592,"z":0,"angle":3758096384,"subsector":4566993320},"type":"soldier","health":20,"id":4567138736}}
{"counter":9557,"type":"move","frame":{"millis":42400,"tic":1484},"actor":{"position":{"x":2727040,"y":6222592,"z":0,"angle":3221225472,"subsector":4566993176},"type":"soldier","health":20,"id":4567139528}}
{"damage":12,"counter":9558,"type":"hit","frame":{"millis":42400,"tic":1484},"actor":{"position":{"x":-4125440,"y":27427328,"z":0,"angle":3121147527,"subsector":4566993432},"type":"shotgun_soldier","health":30,"id":4567139792},"target":{"position":{"x":-6948416,"y":22947008,"z":0,"angle":2147483648,"subsector":4566993240},"type":"soldier","health":8,"id":4567138208}}
{"counter":9559,"type":"targeted","frame":{"millis":42400,"tic":1484},"actor":{"position":{"x":-4125440,"y":27427328,"z":0,"angle":3121147527,"subsector":4566993432},"type":"shotgun_soldier","health":30,"id":4567139792},"target":{"position":{"x":-6948416,"y":22947008,"z":0,"angle":2147483648,"subsector":4566993240},"type":"soldier","health":8,"id":4567138208}}
{"damage":4,"counter":9560,"type":"hit","frame":{"millis":42400,"tic":1484},"actor":{"position":{"x":-4125440,"y":27427328,"z":0,"angle":3121147527,"subsector":4566993432},"type":"shotgun_soldier","health":30,"id":4567139792},"target":{"position":{"x":-8166135,"y":78162,"z":0,"angle":1056964608,"subsector":4566993016},"type":"player","health":28,"armor":52,"id":4567120880}}
{"counter":9561,"type":"move","frame":{"millis":42400,"tic":1484},"actor":{"position":{"x":-24805888,"y":55786624,"z":0,"angle":1073741824,"subsector":4566993384},"type":"shotgun_soldier","health":30,"id":4567155368}}
{"counter":9562,"type":"move","frame":{"millis":42429,"tic":1485},"actor":{"position":{"x":-8166135,"y":78162,"z":0,"angle":1056964608,"subsector":4566993016},"type":"player","health":28,"armor":52,"id":4567120880}}
{"counter":9563,"type":"move","frame":{"millis":42429,"tic":1485},"actor":{"position":{"x":-8491323,"y":427450,"z":0,"angle":1056964608,"subsector":4566993016},"type":"player","health":28,"armor":52,"id":4567120880}}
{"counter":9564,"type":"move","frame":{"millis":42429,"tic":1485},"actor":{"position":{"x":-803262,"y":16128043,"z":0,"angle":3152038111,"subsector":4566993176},"type":"soldier","health":-2,"id":4567137944}}
{"counter":9565,"type":"move","frame":{"millis":42429,"tic":1485},"actor":{"position":{"x":-7000784,"y":22863815,"z":0,"angle":2147483648,"subsector":4566993240},"type":"soldier","health":8,"id":4567138208}}
{"counter":9566,"type":"attacked","frame":{"millis":42429,"tic":1485},"actor":{"position":{"x":-2510336,"y":80491520,"z":0,"angle":536870912,"subsector":4566996760},"type":"soldier","health":20,"id":4567139000},"target":{"position":{"x":-8491323,"y":427450,"z":0,"angle":1056964608,"subsector":4566993016},"type":"player","health":28,"armor":52,"id":4567120880}}
{"counter":9567,"type":"move","frame":{"millis":42429,"tic":1485},"actor":{"position":{"x":179968,"y":78918656,"z":0,"angle":2147483648,"subsector":4566996760},"type":"shotgun_soldier","health":30,"id":4567155104}}
{"counter":9568,"type":"move","frame":{"millis":42429,"tic":1485},"actor":{"position":{"x":-28624192,"y":38537920,"z":0,"angle":3221225472,"subsector":4566993352},"type":"shotgun_soldier","health":30,"id":4567155632}}
{"counter":9569,"type":"move","frame":{"millis":42429,"tic":1485},"actor":{"position":{"x":-19266432,"y":53366272,"z":0,"angle":3758096384,"subsector":4566993320},"type":"shotgun_soldier","health":30,"id":4567155896}}
{"counter":9570,"type":"move","frame":{"millis":42429,"tic":1485},"actor":{"position":{"x":25258784,"y":10103328,"z":0,"angle":2147483648,"subsector":4566993048},"type":"spectre","health":150,"id":4567166984}}
{"counter":9571,"type":"move","frame":{"millis":42458,"tic":1486},"actor":{"position":{"x":-8491323,"y":427450,"z":0,"angle":1073741824,"subsector":4566993016},"type":"player","health":28,"armor":52,"id":4567120880}}
{"counter":9572,"type":"move","frame":{"millis":42458,"tic":1486},"actor":{"position":{"x":-8786030,"y":756279,"z":0,"angle":1073741824,"subsector":4566993016},"type":"player","health":28,"armor":52,"id":4567120880}}
{"counter":9573,"type":"move","frame":{"millis":42458,"tic":1486},"actor":{"position":{"x":-800800,"y":16132186,"z":0,"angle":3152038111,"subsector":4566993176},"type":"soldier","health":-2,"id":4567137944}}
{"counter":9574,"type":"move","frame":{"millis":42458,"tic":1486},"actor":{"position":{"x":-7048243,"y":22788421,"z":0,"angle":2147483648,"subsector":4566993240},"type":"soldier","health":8,"id":4567138208}}
{"counter":9575,"type":"move","frame":{"millis":42458,"tic":1486},"actor":{"position":{"x":-762560,"y":83668928,"z":0,"angle":2147483648,"subsector":4566996760},"type":"soldier","health":20,"id":4567138472}}
{"counter":9576,"type":"move","frame":{"millis":42458,"tic":1486},"actor":{"position":{"x":-1843264,"y":24583232,"z":0,"angle":2147483648,"subsector":4566993432},"type":"shotgun_soldier","health":30,"id":4567172528}}
{"counter":9577,"type":"move","frame":{"millis":42486,"tic":1487},"actor":{"position":{"x":-8786030,"y":756279,"z":0,"angle":1090519040,"subsector":4566993016},"type":"player","health":28,"armor":52,"id":4567120880}}
{"counter":9578,"type":"move","frame":{"millis":42486,"tic":1487},"actor":{"position":{"x":-9053263,"y":1060422,"z":0,"angle":1090519040,"subsector":4566993176},"type":"player","health":28,"armor":52,"id":4567120880}}
{"counter":9579,"type":"move","frame":{"millis":42486,"tic":1487},"actor":{"position":{"x":-798569,"y":16135940,"z":0,"angle":3152038111,"subsector":4566993176},"type":"soldier","health":-2,"id":4567137944}}
{"counter":9580,"type":"move","frame":{"millis":42486,"tic":1487},"actor":{"position":{"x":-7048243,"y":22788421,"z":0,"angle":2147483648,"subsector":4566993240},"type":"soldier","health":8,"id":4567138208}}
{"counter":9581,"type":"move","frame":{"millis":42486,"tic":1487},"actor":{"position":{"x":-24805888,"y":56310912,"z":0,"angle":1073741824,"subsector":4566993384},"type":"shotgun_soldier","health":30,"id":4567155368}}
{"counter":9582,"type":"move","frame":{"millis":42486,"tic":1487},"actor":{"position":{"x":24603424,"y":10103328,"z":0,"angle":2147483648,"subsector":4566993048},"type":"spectre","health":150,"id":4567166984}}
{"counter":9583,"type":"move","frame":{"millis":42516,"tic":1488},"actor":{"position":{"x":-9053263,"y":1060422,"z":0,"angle":1107296256,"subsector":4566993176},"type":"player","health":28,"armor":52,"id":4567120880}}
{"counter":9584,"type":"move","frame":{"millis":42516,"tic":1488},"actor":{"position":{"x":-9295545,"y":1338096,"z":0,"angle":1107296256,"subsector":4566993176},"type":"player","health":28,"armor":52,"id":4567120880}}
{"counter":9585,"type":"move","frame":{"millis":42516,"tic":1488},"actor":{"position":{"x":-16020160,"y":53858880,"z":0,"angle":0,"subsector":4566993320},"type":"soldier","health":20,"id":4567138736}}
{"counter":9586,"type":"attacked","frame":{"millis":42516,"tic":1488},"actor":{"position":{"x":2727040,"y":6222592,"z":0,"angle":3221225472,"subsector":4566993176},"type":"soldier","health":20,"id":4567139528},"target":{"position":{"x":-9295545,"y":1338096,"z":0,"angle":1107296256,"subsector":4566993176},"type":"player","health":28,"armor":52,"id":4567120880}}
{"counter":9587,"type":"move","frame":{"millis":42516,"tic":1488},"actor":{"position":{"x":179968,"y":79442944,"z":0,"angle":2147483648,"subsector":4566996760},"type":"shotgun_soldier","health":30,"id":4567155104}}
{"counter":9588,"type":"move","frame":{"millis":42516,"tic":1488},"actor":{"position":{"x":-28624192,"y":38013632,"z":0,"angle":3221225472,"subsector":4566993352},"type":"shotgun_soldier","health":30,"id":4567155632}}
{"counter":9589,"type":"move","frame":{"millis":42516,"tic":1488},"actor":{"position":{"x":-19642432,"y":53742272,"z":0,"angle":0,"subsector":4566993320},"type":"shotgun_soldier","health":30,"id":4567155896}}
{"counter":9590,"type":"move","frame":{"millis":42543,"tic":1489},"actor":{"position":{"x":-9515114,"y":1589738,"z":0,"angle":1107296256,"subsector":4566993176},"type":"player","health":28,"armor":52,"id":4567120880}}
{"counter":9591,"type":"move","frame":{"millis":42543,"tic":1489},"actor":{"position":{"x":24133424,"y":9633328,"z":0,"angle":2147483648,"subsector":4566993048},"type":"spectre","health":150,"id":4567166984}}
{"counter":9592,"type":"move","frame":{"millis":42543,"tic":1489},"actor":{"position":{"x":-2367552,"y":24583232,"z":0,"angle":2147483648,"subsector":4566993432},"type":"shotgun_soldier","health":30,"id":4567172528}}
{"counter":9593,"type":"move","frame":{"millis":42573,"tic":1490},"actor":{"position":{"x":-9515114,"y":1589738,"z":0,"angle":1107296256,"subsector":4566993176},"type":"player","health":28,"armor":52,"id":4567120880}}
{"counter":9594,"type":"move","frame":{"millis":42573,"tic":1490},"actor":{"position":{"x":-9714201,"y":1819833,"z":0,"angle":1107296256,"subsector":4566993176},"type":"player","health":28,"armor":52,"id":4567120880}}
{"counter":9595,"type":"move","frame":{"millis":42573,"tic":1490},"actor":{"position":{"x":-7048243,"y":22264133,"z":0,"angle":2684354560,"subsector":4566993240},"type":"soldier","health":8,"id":4567138208}}
{"counter":9596,"type":"move","frame":{"millis":42573,"tic":1490},"actor":{"position":{"x":-1138560,"y":83292928,"z":0,"angle":2684354560,"subsector":4566996760},"type":"soldier","health":20,"id":4567138472}}
{"counter":9597,"type":"move","frame":{"millis":42573,"tic":1490},"actor":{"position":{"x":-24805888,"y":56835200,"z":0,"angle":1073741824,"subsector":4566993384},"type":"shotgun_soldier","health":30,"id":4567155368}}
{"counter":9598,"type":"move","frame":{"millis":42600,"tic":1491},"actor":{"position":{"x":-9714201,"y":1819833,"z":0,"angle":1107296256,"subsector":4566993176},"type":"player","health":28,"armor":52,"id":4567120880}}
{"counter":9599,"type":"move","frame":{"millis":42600,"tic":1491},"actor":{"position":{"x":-9894726,"y":2030401,"z":0,"angle":1107296256,"subsector":4566993176},"type":"player","health":28,"armor":52,"id":4567120880}}
{"counter":9600,"type":"move","frame":{"millis":42600,"tic":1491},"actor":{"position":{"x":179968,"y":79967232,"z":0,"angle":1610612736,"subsector":4566996760},"type":"shotgun_soldier","health":30,"id":4567155104}}
{"counter":9601,"type":"move","frame":{"millis":42600,"tic":1491},"actor":{"position":{"x":-28624192,"y":37489344,"z":0,"angle":3221225472,"subsector":4566993352},"type":"shotgun_soldier","health":30,"id":4567155632}}
{"counter":9602,"type":"move","frame":{"millis":42600,"tic":1491},"actor":{"position":{"x":-20018432,"y":54118272,"z":0,"angle":536870912,"subsector":4566993320},"type":"shotgun_soldier","health":30,"id":4567155896}}
{"counter":9603,"type":"move","frame":{"millis":42600,"tic":1491},"actor":{"position":{"x":23663424,"y":9163328,"z":0,"angle":2684354560,"subsector":4566993048},"type":"spectre","health":150,"id":4567166984}}
{"counter":9604,"type":"move","frame":{"millis":42629,"tic":1492},"actor":{"position":{"x":-10058327,"y":2221228,"z":0,"angle":1107296256,"subsector":4566993176},"type":"player","health":28,"armor":52,"id":4567120880}}
{"counter":9605,"type":"move","frame":{"millis":42629,"tic":1492},"actor":{"position":{"x":-16020160,"y":54383168,"z":0,"angle":536870912,"subsector":4566993320},"type":"soldier","health":20,"id":4567138736}}
{"counter":9606,"type":"move","frame":{"millis":42629,"tic":1492},"actor":{"position":{"x":-2891840,"y":24583232,"z":0,"angle":2147483648,"subsector":4566993432},"type":"shotgun_soldier","health":30,"id":4567172528}}
{"counter":9607,"type":"move","frame":{"millis":42658,"tic":1493},"actor":{"position":{"x":-10206591,"y":2394164,"z":0,"angle":1107296256,"subsector":4566993176},"type":"player","health":28,"armor":52,"id":4567120880}}
{"counter":9608,"type":"move","frame":{"millis":42658,"tic":1493},"actor":{"position":{"x":-24805888,"y":57359488,"z":0,"angle":1073741824,"subsector":4566993384},"type":"shotgun_soldier","health":30,"id":4567155368}}
{"counter":9609,"type":"move","frame":{"millis":42658,"tic":1493},"actor":{"position":{"x":23193424,"y":8693328,"z":0,"angle":2684354560,"subsector":4566993048},"type":"spectre","health":150,"id":4567166984}}
{"counter":9610,"type":"move","frame":{"millis":42686,"tic":1494},"actor":{"position":{"x":-10206591,"y":2394164,"z":0,"angle":1107296256,"subsector":4566993176},"type":"player","health":28,"armor":52,"id":4567120880}}
{"counter":9611,"type":"move","frame":{"millis":42686,"tic":1494},"actor":{"position":{"x":-10340450,"y":2540659,"z":0,"angle":1107296256,"subsector":4566993176},"type":"player","health":28,"armor":52,"id":4567120880}}
{"counter":9612,"type":"enter_subsector","frame":{"millis":42686,"tic":1494},"actor":{"position":{"x":-7048243,"y":21739845,"z":0,"angle":3221225472,"subsector":4566993256},"type":"soldier","health":8,"id":4567138208}}
{"counter":9613,"type":"move","frame":{"millis":42686,"tic":1494},"actor":{"position":{"x":-7048243,"y":21739845,"z":0,"angle":3221225472,"subsector":4566993256},"type":"soldier","health":8,"id":4567138208}}
{"counter":9614,"type":"move","frame":{"millis":42686,"tic":1494},"actor":{"position":{"x":-1662848,"y":83292928,"z":0,"angle":2684354560,"subsector":4566996760},"type":"soldier","health":20,"id":4567138472}}
{"counter":9615,"type":"move","frame":{"millis":42686,"tic":1494},"actor":{"position":{"x":179968,"y":80491520,"z":0,"angle":1073741824,"subsector":4566996760},"type":"shotgun_soldier","health":30,"id":4567155104}}
{"counter":9616,"type":"move","frame":{"millis":42686,"tic":1494},"actor":{"position":{"x":-28624192,"y":36965056,"z":0,"angle":3221225472,"subsector":4566993352},"type":"shotgun_soldier","health":30,"id":4567155632}}
{"counter":9617,"type":"move","frame":{"millis":42686,"tic":1494},"actor":{"position":{"x":-20394432,"y":54494272,"z":0,"angle":1073741824,"subsector":4566993320},"type":"shotgun_soldier","health":30,"id":4567155896}}
{"counter":9618,"type":"move","frame":{"millis":42715,"tic":1495},"actor":{"position":{"x":-10340450,"y":2540659,"z":0,"angle":1090519040,"subsector":4566993176},"type":"player","health":28,"armor":52,"id":4567120880}}
{"counter":9619,"type":"move","frame":{"millis":42715,"tic":1495},"actor":{"position":{"x":-10459719,"y":2591526,"z":0,"angle":1090519040,"subsector":4566993176},"type":"player","health":28,"armor":52,"id":4567120880}}
{"damage":12,"counter":9620,"type":"hit","frame":{"millis":42715,"tic":1495},"actor":{"position":{"x":-2510336,"y":80491520,"z":0,"angle":3152038111,"subsector":4566996760},"type":"soldier","health":20,"id":4567139000},"target":{"position":{"x":-7048243,"y":21739845,"z":0,"angle":3221225472,"subsector":4566993256},"type":"soldier","health":-4,"id":4567138208}}
{"counter":9621,"type":"killed","frame":{"millis":42715,"tic":1495},"actor":{"position":{"x":-10459719,"y":2591526,"z":0,"angle":1090519040,"subsector":4566993176},"type":"player","health":28,"armor":52,"id":4567120880},"target":{"position":{"x":-7048243,"y":21739845,"z":0,"angle":3221225472,"subsector":4566993256},"type":"soldier","health":-4,"id":4567138208}}
{"counter":9622,"type":"move","frame":{"millis":42715,"tic":1495},"actor":{"position":{"x":22723424,"y":8223328,"z":0,"angle":2684354560,"subsector":4566993048},"type":"spectre","health":150,"id":4567166984}}
{"counter":9623,"type":"move","frame":{"millis":42715,"tic":1495},"actor":{"position":{"x":-3267840,"y":24207232,"z":0,"angle":2147483648,"subsector":4566993432},"type":"shotgun_soldier","health":30,"id":4567172528}}
{"counter":9624,"type":"move","frame":{"millis":42743,"tic":1496},"actor":{"position":{"x":-10459719,"y":2591526,"z":0,"angle":1090519040,"subsector":4566993176},"type":"player","health":28,"armor":52,"id":4567120880}}
{"counter":9625,"type":"move","frame":{"millis":42743,"tic":1496},"actor":{"position":{"x":-10567195,"y":2613055,"z":0,"angle":1090519040,"subsector":4566993176},"type":"player","health":28,"armor":52,"id":4567120880}}
{"counter":9626,"type":"move","frame":{"millis":42743,"tic":1496},"actor":{"position":{"x":-7055812,"y":21641833,"z":0,"angle":3221225472,"subsector":4566993256},"type":"soldier","health":-4,"id":4567138208}}
{"counter":9627,"type":"move","frame":{"millis":42743,"tic":1496},"actor":{"position":{"x":-16020160,"y":54907456,"z":0,"angle":1073741824,"subsector":4566993320},"type":"soldier","health":20,"id":4567138736}}
{"counter":9628,"type":"move","frame":{"millis":42743,"tic":1496},"actor":{"position":{"x":-24805888,"y":57883776,"z":0,"angle":1073741824,"subsector":4566993384},"type":"shotgun_soldier","health":30,"id":4567155368}}
{"counter":9629,"type":"move","frame":{"millis":42773,"tic":1497},"actor":{"position":{"x":-10567195,"y":2613055,"z":0,"angle":1090519040,"subsector":4566993176},"type":"player","health":28,"armor":52,"id":4567120880}}
{"counter":9630,"type":"move","frame":{"millis":42773,"tic":1497},"actor":{"position":{"x":-10664239,"y":2618233,"z":0,"angle":1090519040,"subsector":4566993176},"type":"player","health":28,"armor":52,"id":4567120880}}
{"counter":9631,"type":"move","frame":{"millis":42773,"tic":1497},"actor":{"position":{"x":-7062672,"y":21553009,"z":0,"angle":3221225472,"subsector":4566993256},"type":"soldier","health":-4,"id":4567138208}}
{"counter":9632,"type":"move","frame":{"millis":42773,"tic":1497},"actor":{"position":{"x":555968,"y":80115520,"z":0,"angle":1073741824,"subsector":4566996760},"type":"shotgun_soldier","health":30,"id":4567155104}}
{"counter":9633,"type":"move","frame":{"millis":42773,"tic":1497},"actor":{"position":{"x":-28624192,"y":36440768,"z":0,"angle":3221225472,"subsector":4566993352},"type":"shotgun_soldier","health":30,"id":4567155632}}
{"counter":9634,"type":"move","frame":{"millis":42773,"tic":1497},"actor":{"position":{"x":-20770432,"y":54870272,"z":0,"angle":1610612736,"subsector":4566993320},"type":"shotgun_soldier","health":30,"id":4567155896}}
{"counter":9635,"type":"move","frame":{"millis":42773,"tic":1497},"actor":{"position":{"x":22253424,"y":7753328,"z":0,"angle":2684354560,"subsector":4566993048},"type":"spectre","health":150,"id":4567166984}}
{"counter":9636,"type":"move","frame":{"millis":42800,"tic":1498},"actor":{"position":{"x":-10664239,"y":2618233,"z":0,"angle":1073741824,"subsector":4566993176},"type":"player","health":28,"armor":52,"id":4567120880}}
{"counter":9637,"type":"move","frame":{"millis":42800,"tic":1498},"actor":{"position":{"x":-10752172,"y":2586061,"z":0,"angle":1073741824,"subsector":4566993176},"type":"player","health":28,"armor":52,"id":4567120880}}
{"counter":9638,"type":"move","frame":{"millis":42800,"tic":1498},"actor":{"position":{"x":-7068889,"y":21472512,"z":0,"angle":3221225472,"subsector":4566993256},"type":"soldier","health":-4,"id":4567138208}}
{"counter":9639,"type":"move","frame":{"millis":42800,"tic":1498},"actor":{"position":{"x":-2187136,"y":83292928,"z":0,"angle":2147483648,"subsector":4566996760},"type":"soldier","health":20,"id":4567138472}}
{"damage":10,"counter":9640,"type":"hit","frame":{"millis":42800,"tic":1498},"actor":{"position":{"x":2727040,"y":6222592,"z":0,"angle":2327449216,"subsector":4566993176},"type":"soldier","health":20,"id":4567139528},"target":{"position":{"x":-10752172,"y":2586061,"z":0,"angle":1073741824,"subsector":4566993176},"type":"player","health":18,"armor":47,"id":4567120880}}
{"counter":9641,"type":"move","frame":{"millis":42800,"tic":1498},"actor":{"position":{"x":-3643840,"y":23831232,"z":0,"angle":2684354560,"subsector":4566993432},"type":"shotgun_soldier","health":30,"id":4567172528}}
{"counter":9642,"type":"move","frame":{"millis":42829,"tic":1499},"actor":{"position":{"x":-10752172,"y":2586061,"z":0,"angle":1056964608,"subsector":4566993176},"type":"player","health":18,"armor":47,"id":4567120880}}
{"counter":9643,"type":"move","frame":{"millis":42830,"tic":1499},"actor":{"position":{"x":-10951046,"y":2502382,"z":0,"angle":1056964608,"subsector":4566993176},"type":"player","health":18,"armor":47,"id":4567120880}}
{"counter":9644,"type":"move","frame":{"millis":42830,"tic":1499},"actor":{"position":{"x":-7074524,"y":21399561,"z":0,"angle":3221225472,"subsector":4566993256},"type":"soldier","health":-4,"id":4567138208}}
{"counter":9645,"type":"move","frame":{"millis":42830,"tic":1499},"actor":{"position":{"x":-24429888,"y":57507776,"z":0,"angle":1073741824,"subsector":4566993384},"type":"shotgun_soldier","health":30,"id":4567155368}}
{"counter":9646,"type":"move","frame":{"millis":42830,"tic":1499},"actor":{"position":{"x":21783424,"y":7283328,"z":0,"angle":2684354560,"subsector":4566993048},"type":"spectre","health":150,"id":4567166984}}
{"counter":9647,"type":"move","frame":{"millis":42858,"tic":1500},"actor":{"position":{"x":-10951046,"y":2502382,"z":0,"angle":1040187392,"subsector":4566993176},"type":"player","health":18,"armor":47,"id":4567120880}}
{"counter":9648,"type":"move","frame":{"millis":42858,"tic":1500},"actor":{"position":{"x":-11132473,"y":2402000,"z":0,"angle":1040187392,"subsector":4566993176},"type":"player","health":18,"armor":47,"id":4567120880}}
{"counter":9649,"type":"move","frame":{"millis":42858,"tic":1500},"actor":{"position":{"x":-7074524,"y":21399561,"z":0,"angle":3221225472,"subsector":4566993256},"type":"soldier","health":-4,"id":4567138208}}
{"counter":9650,"type":"move","frame":{"millis":42858,"tic":1500},"actor":{"position":{"x":-16020160,"y":55431744,"z":0,"angle":1073741824,"subsector":4566993320},"type":"soldier","health":20,"id":4567138736}}
{"counter":9651,"type":"move","frame":{"millis":42858,"tic":1500},"actor":{"position":{"x":931968,"y":79739520,"z":0,"angle":536870912,"subsector":4566996760},"type":"shotgun_soldier","health":30,"id":4567155104}}
{"counter":9652,"type":"move","frame":{"millis":42858,"tic":1500},"actor":{"position":{"x":-28624192,"y":35916480,"z":0,"angle":3221225472,"subsector":4566993352},"type":"shotgun_soldier","health":30,"id":4567155632}}
{"counter":9653,"type":"move","frame":{"millis":42858,"tic":1500},"actor":{"position":{"x":-21146432,"y":55246272,"z":0,"angle":1610612736,"subsector":4566993384},"type":"shotgun_soldier","health":30,"id":4567155896}}
{"counter":9654,"type":"move","frame":{"millis":42886,"tic":1501},"actor":{"position":{"x":-11132473,"y":2402000,"z":0,"angle":1023410176,"subsector":4566993176},"type":"player","health":18,"armor":47,"id":4567120880}}
{"counter":9655,"type":"move","frame":{"millis":42886,"tic":1501},"actor":{"position":{"x":-11300190,"y":2266093,"z":0,"angle":1023410176,"subsector":4566993176},"type":"player","health":18,"armor":47,"id":4567120880}}
{"counter":9656,"type":"move","frame":{"millis":42886,"tic":1501},"actor":{"position":{"x":21313424,"y":6813328,"z":0,"angle":2684354560,"subsector":4566993048},"type":"spectre","health":150,"id":4567166984}}
{"counter":9657,"type":"move","frame":{"millis":42886,"tic":1501},"actor":{"position":{"x":-4019840,"y":23455232,"z":0,"angle":2684354560,"subsector":4566993432},"type":"shotgun_soldier","health":30,"id":4567172528}}
{"counter":9658,"type":"move","frame":{"millis":42915,"tic":1502},"actor":{"position":{"x":-11300190,"y":2266093,"z":0,"angle":1006632960,"subsector":4566993176},"type":"player","health":18,"armor":47,"id":4567120880}}
{"weapon_type":2,"counter":9659,"type":"attacked","frame":{"millis":42915,"tic":1502},"actor":{"position":{"x":-11300190,"y":2266093,"z":0,"angle":1006632960,"subsector":4566993176},"type":"player","health":18,"armor":47,"id":4567120880}}
{"counter":9660,"type":"move","frame":{"millis":42915,"tic":1502},"actor":{"position":{"x":-11461781,"y":2045094,"z":0,"angle":1006632960,"subsector":4566993176},"type":"player","health":18,"armor":47,"id":4567120880}}
{"counter":9661,"type":"move","frame":{"millis":42915,"tic":1502},"actor":{"position":{"x":-2711424,"y":83292928,"z":0,"angle":2147483648,"subsector":4566996760},"type":"soldier","health":20,"id":4567138472}}
{"counter":9662,"type":"move","frame":{"millis":42915,"tic":1502},"actor":{"position":{"x":-24053888,"y":57131776,"z":0,"angle":536870912,"subsector":4566993384},"type":"shotgun_soldier","health":30,"id":4567155368}}
{"counter":9663,"type":"move","frame":{"millis":42943,"tic":1503},"actor":{"position":{"x":-11461781,"y":2045094,"z":0,"angle":1006632960,"subsector":4566993176},"type":"player","health":18,"armor":47,"id":4567120880}}
{"counter":9664,"type":"move","frame":{"millis":42943,"tic":1503},"actor":{"position":{"x":-11614621,"y":1779591,"z":0,"angle":1006632960,"subsector":4566993176},"type":"player","health":18,"armor":47,"id":4567120880}}
{"counter":9665,"type":"move","frame":{"millis":42943,"tic":1503},"actor":{"position":{"x":1307968,"y":79363520,"z":0,"angle":0,"subsector":4566996760},"type":"shotgun_soldier","health":30,"id":4567155104}}
{"counter":9666,"type":"move","frame":{"millis":42943,"tic":1503},"actor":{"position":{"x":-28624192,"y":35392192,"z":0,"angle":3221225472,"subsector":4566993416},"type":"shotgun_soldier","health":30,"id":4567155632}}
{"counter":9667,"type":"move","frame":{"millis":42943,"tic":1503},"actor":{"position":{"x":-21146432,"y":54721984,"z":0,"angle":1610612736,"subsector":4566993384},"type":"shotgun_soldier","health":30,"id":4567155896}}
{"counter":9668,"type":"move","frame":{"millis":42943,"tic":1503},"actor":{"position":{"x":20843424,"y":6343328,"z":0,"angle":2684354560,"subsector":4566993048},"type":"spectre","health":150,"id":4567166984}}
{"counter":9669,"type":"move","frame":{"millis":42972,"tic":1504},"actor":{"position":{"x":-11614621,"y":1779591,"z":0,"angle":1006632960,"subsector":4566993176},"type":"player","health":18,"armor":47,"id":4567120880}}
{"counter":9670,"type":"move","frame":{"millis":42972,"tic":1504},"actor":{"position":{"x":-11758732,"y":1481908,"z":0,"angle":1006632960,"subsector":4566993176},"type":"player","health":18,"armor":47,"id":4567120880}}
{"counter":9671,"type":"move","frame":{"millis":42972,"tic":1504},"actor":{"position":{"x":-16020160,"y":55956032,"z":0,"angle":1073741824,"subsector":4566993320},"type":"soldier","health":20,"id":4567138736}}
{"counter":9672,"type":"move","frame":{"millis":42972,"tic":1504},"actor":{"position":{"x":-4501440,"y":27051328,"z":0,"angle":2147483648,"subsector":4566993432},"type":"shotgun_soldier","health":30,"id":4567139792}}
{"counter":9673,"type":"move","frame":{"millis":42972,"tic":1504},"actor":{"position":{"x":-4395840,"y":23079232,"z":0,"angle":2684354560,"subsector":4566993432},"type":"shotgun_soldier","health":30,"id":4567172528}}
{"counter":9674,"type":"move","frame":{"millis":43000,"tic":1505},"actor":{"position":{"x":-11758732,"y":1481908,"z":0,"angle":1006632960,"subsector":4566993176},"type":"player","health":18,"armor":47,"id":4567120880}}
{"counter":9675,"type":"move","frame":{"millis":43000,"tic":1505},"actor":{"position":{"x":-11892532,"y":1179521,"z":0,"angle":1006632960,"subsector":4566993176},"type":"player","health":18,"armor":47,"id":4567120880}}
{"counter":9676,"type":"move","frame":{"millis":43000,"tic":1505},"actor":{"position":{"x":-24053888,"y":56607488,"z":0,"angle":0,"subsector":4566993384},"type":"shotgun_soldier","health":30,"id":4567155368}}
{"counter":9677,"type":"move","frame":{"millis":43000,"tic":1505},"actor":{"position":{"x":20373424,"y":5873328,"z":0,"angle":2684354560,"subsector":4566993048},"type":"spectre","health":150,"id":4567166984}}
{"counter":9678,"type":"move","frame":{"millis":43029,"tic":1506},"actor":{"position":{"x":-11892532,"y":1179521,"z":0,"angle":989855744,"subsector":4566993176},"type":"player","health":18,"armor":47,"id":4567120880}}
{"counter":9679,"type":"move","frame":{"millis":43029,"tic":1506},"actor":{"position":{"x":-12016538,"y":883122,"z":0,"angle":989855744,"subsector":4566993016},"type":"player","health":18,"armor":47,"id":4567120880}}
{"counter":9680,"type":"move","frame":{"millis":43029,"tic":1506},"actor":{"position":{"x":-3235712,"y":83292928,"z":0,"angle":2147483648,"subsector":4566996760},"type":"soldier","health":20,"id":4567138472}}
{"counter":9681,"type":"move","frame":{"millis":43029,"tic":1506},"actor":{"position":{"x":1683968,"y":78987520,"z":0,"angle":3758096384,"subsector":4566996760},"type":"shotgun_soldier","health":30,"id":4567155104}}
{"counter":9682,"type":"move","frame":{"millis":43029,"tic":1506},"actor":{"position":{"x":-28624192,"y":34867904,"z":0,"angle":3221225472,"subsector":4566993416},"type":"shotgun_soldier","health":30,"id":4567155632}}
{"counter":9683,"type":"move","frame":{"millis":43029,"tic":1506},"actor":{"position":{"x":-21146432,"y":54197696,"z":0,"angle":2147483648,"subsector":4566993384},"type":"shotgun_soldier","health":30,"id":4567155896}}
{"counter":9684,"type":"move","frame":{"millis":43058,"tic":1507},"actor":{"position":{"x":-12016538,"y":883122,"z":0,"angle":989855744,"subsector":4566993016},"type":"player","health":18,"armor":47,"id":4567120880}}
{"counter":9685,"type":"move","frame":{"millis":43059,"tic":1507},"actor":{"position":{"x":-12129169,"y":612477,"z":0,"angle":989855744,"subsector":4566993016},"type":"player","health":18,"armor":47,"id":4567120880}}
{"counter":9686,"type":"move","frame":{"millis":43059,"tic":1507},"actor":{"position":{"x":-4877440,"y":26675328,"z":0,"angle":2684354560,"subsector":4566993432},"type":"shotgun_soldier","health":30,"id":4567139792}}
{"counter":9687,"type":"move","frame":{"millis":43059,"tic":1507},"actor":{"position":{"x":19903424,"y":5403328,"z":0,"angle":2684354560,"subsector":4566993048},"type":"spectre","health":150,"id":4567166984}}
{"counter":9688,"type":"move","frame":{"millis":43059,"tic":1507},"actor":{"position":{"x":-4771840,"y":22703232,"z":0,"angle":2684354560,"subsector":4566993240},"type":"shotgun_soldier","health":30,"id":4567172528}}
{"counter":9689,"type":"move","frame":{"millis":43086,"tic":1508},"actor":{"position":{"x":-12129169,"y":612477,"z":0,"angle":989855744,"subsector":4566993016},"type":"player","health":18,"armor":47,"id":4567120880}}
{"counter":9690,"type":"move","frame":{"millis":43086,"tic":1508},"actor":{"position":{"x":-12231491,"y":365171,"z":0,"angle":989855744,"subsector":4566993016},"type":"player","health":18,"armor":47,"id":4567120880}}
{"counter":9691,"type":"move","frame":{"millis":43086,"tic":1508},"actor":{"position":{"x":-16396160,"y":55580032,"z":0,"angle":1073741824,"subsector":4566993320},"type":"soldier","health":20,"id":4567138736}}
{"counter":9692,"type":"move","frame":{"millis":43086,"tic":1508},"actor":{"position":{"x":-24053888,"y":56083200,"z":0,"angle":3758096384,"subsector":4566993384},"type":"shotgun_soldier","health":30,"id":4567155368}}
{"counter":9693,"type":"move","frame":{"millis":43115,"tic":1509},"actor":{"position":{"x":-12231491,"y":365171,"z":0,"angle":989855744,"subsector":4566993016},"type":"player","health":18,"armor":47,"id":4567120880}}
{"counter":9694,"type":"move","frame":{"millis":43115,"tic":1509},"actor":{"position":{"x":-12322472,"y":155277,"z":0,"angle":989855744,"subsector":4566993016},"type":"player","health":18,"armor":47,"id":4567120880}}
{"counter":9695,"type":"move","frame":{"millis":43115,"tic":1509},"actor":{"position":{"x":1159680,"y":78987520,"z":0,"angle":3758096384,"subsector":4566996760},"type":"shotgun_soldier","health":30,"id":4567155104}}
{"counter":9696,"type":"move","frame":{"millis":43115,"tic":1509},"actor":{"position":{"x":-28624192,"y":34343616,"z":0,"angle":3221225472,"subsector":4566993416},"type":"shotgun_soldier","health":30,"id":4567155632}}
{"counter":9697,"type":"move","frame":{"millis":43115,"tic":1509},"actor":{"position":{"x":-21146432,"y":53673408,"z":0,"angle":2684354560,"subsector":4566993384},"type":"shotgun_soldier","health":30,"id":4567155896}}
{"counter":9698,"type":"move","frame":{"millis":43115,"tic":1509},"actor":{"position":{"x":19433424,"y":4933328,"z":0,"angle":2684354560,"subsector":4566993048},"type":"spectre","health":150,"id":4567166984}}
{"counter":9699,"type":"move","frame":{"millis":43143,"tic":1510},"actor":{"position":{"x":-12322472,"y":155277,"z":0,"angle":989855744,"subsector":4566993016},"type":"player","health":18,"armor":47,"id":4567120880}}
{"counter":9700,"type":"move","frame":{"millis":43143,"tic":1510},"actor":{"position":{"x":-12404175,"y":-28842,"z":0,"angle":989855744,"subsector":4566993016},"type":"player","health":18,"armor":47,"id":4567120880}}
{"counter":9701,"type":"move","frame":{"millis":43143,"tic":1510},"actor":{"position":{"x":-3760000,"y":83292928,"z":0,"angle":2147483648,"subsector":4566996760},"type":"soldier","health":20,"id":4567138472}}
{"counter":9702,"type":"move","frame":{"millis":43143,"tic":1510},"actor":{"position":{"x":-5253440,"y":26299328,"z":0,"angle":2684354560,"subsector":4566993432},"type":"shotgun_soldier","health":30,"id":4567139792}}
{"counter":9703,"type":"move","frame":{"millis":43143,"tic":1510},"actor":{"position":{"x":-5147840,"y":22327232,"z":0,"angle":2684354560,"subsector":4566993240},"type":"shotgun_soldier","health":30,"id":4567172528}}
{"counter":9704,"type":"move","frame":{"millis":43172,"tic":1511},"actor":{"position":{"x":-12404175,"y":-28842,"z":0,"angle":989855744,"subsector":4566993016},"type":"player","health":18,"armor":47,"id":4567120880}}
{"counter":9705,"type":"move","frame":{"millis":43172,"tic":1511},"actor":{"position":{"x":-12477470,"y":-189602,"z":0,"angle":989855744,"subsector":4566993016},"type":"player","health":18,"armor":47,"id":4567120880}}
{"counter":9706,"type":"move","frame":{"millis":43172,"tic":1511},"actor":{"position":{"x":-2510336,"y":79967232,"z":0,"angle":3221225472,"subsector":4566996760},"type":"soldier","health":20,"id":4567139000}}
{"counter":9707,"type":"move","frame":{"millis":43172,"tic":1511},"actor":{"position":{"x":-24053888,"y":55558912,"z":0,"angle":3221225472,"subsector":4566993384},"type":"shotgun_soldier","health":30,"id":4567155368}}
{"counter":9708,"type":"move","frame":{"millis":43172,"tic":1511},"actor":{"position":{"x":18963424,"y":4463328,"z":0,"angle":2684354560,"subsector":4566993048},"type":"spectre","health":150,"id":4567166984}}
{"counter":9709,"type":"move","frame":{"millis":43200,"tic":1512},"actor":{"position":{"x":-12477470,"y":-189602,"z":0,"angle":989855744,"subsector":4566993016},"type":"player","health":18,"armor":47,"id":4567120880}}
{"counter":9710,"type":"move","frame":{"millis":43200,"tic":1512},"actor":{"position":{"x":-12542145,"y":-321063,"z":0,"angle":989855744,"subsector":4566993016},"type":"player","health":18,"armor":47,"id":4567120880}}
{"counter":9711,"type":"move","frame":{"millis":43200,"tic":1512},"actor":{"position":{"x":-16020160,"y":55204032,"z":0,"angle":1610612736,"subsector":4566993320},"type":"soldier","health":20,"id":4567138736}}
{"counter":9712,"type":"move","frame":{"millis":43200,"tic":1512},"actor":{"position":{"x":635392,"y":78987520,"z":0,"angle":3221225472,"subsector":4566996760},"type":"shotgun_soldier","health":30,"id":4567155104}}
{"counter":9713,"type":"move","frame":{"millis":43200,"tic":1512},"actor":{"position":{"x":-28624192,"y":33819328,"z":0,"angle":3221225472,"subsector":4566993400},"type":"shotgun_soldier","health":30,"id":4567155632}}
{"counter":9714,"type":"move","frame":{"millis":43200,"tic":1512},"actor":{"position":{"x":-21146432,"y":53149120,"z":0,"angle":3221225472,"subsector":4566993384},"type":"shotgun_soldier","health":30,"id":4567155896}}
{"counter":9715,"type":"move","frame":{"millis":43230,"tic":1513},"actor":{"position":{"x":-12542145,"y":-321063,"z":0,"angle":973078528,"subsector":4566993016},"type":"player","health":18,"armor":47,"id":4567120880}}
{"counter":9716,"type":"move","frame":{"millis":43230,"tic":1513},"actor":{"position":{"x":-12596262,"y":-409811,"z":0,"angle":973078528,"subsector":4566993016},"type":"player","health":18,"armor":47,"id":4567120880}}
{"counter":9717,"type":"move","frame":{"millis":43230,"tic":1513},"actor":{"position":{"x":-5629440,"y":25923328,"z":0,"angle":2684354560,"subsector":4566993432},"type":"shotgun_soldier","health":30,"id":4567139792}}
{"counter":9718,"type":"move","frame":{"millis":43230,"tic":1513},"actor":{"position":{"x":18493424,"y":3993328,"z":0,"angle":2684354560,"subsector":4566993048},"type":"spectre","health":150,"id":4567166984}}
{"counter":9719,"type":"enter_subsector","frame":{"millis":43230,"tic":1513},"actor":{"position":{"x":-5523840,"y":21951232,"z":0,"angle":2684354560,"subsector":4566993256},"type":"shotgun_soldier","health":30,"id":4567172528}}
{"counter":9720,"type":"move","frame":{"millis":43230,"tic":1513},"actor":{"position":{"x":-5523840,"y":21951232,"z":0,"angle":2684354560,"subsector":4566993256},"type":"shotgun_soldier","health":30,"id":4567172528}}
{"counter":9721,"type":"move","frame":{"millis":43258,"tic":1514},"actor":{"position":{"x":-12596262,"y":-409811,"z":0,"angle":939524096,"subsector":4566993016},"type":"player","health":18,"armor":47,"id":4567120880}}
{"counter":9722,"type":"move","frame":{"millis":43258,"tic":1514},"actor":{"position":{"x":-12633344,"y":-429976,"z":0,"angle":939524096,"subsector":4566993016},"type":"player","health":18,"armor":47,"id":4567120880}}
{"counter":9723,"type":"move","frame":{"millis":43258,"tic":1514},"actor":{"position":{"x":-4284288,"y":83292928,"z":0,"angle":2147483648,"subsector":4566996760},"type":"soldier","health":20,"id":4567138472}}
{"counter":9724,"type":"move","frame":{"millis":43258,"tic":1514},"actor":{"position":{"x":2351040,"y":5846592,"z":0,"angle":2684354560,"subsector":4566993176},"type":"soldier","health":20,"id":4567139528}}
{"counter":9725,"type":"move","frame":{"millis":43258,"tic":1514},"actor":{"position":{"x":-24053888,"y":55034624,"z":0,"angle":3221225472,"subsector":4566993384},"type":"shotgun_soldier","health":30,"id":4567155368}}
{"counter":9726,"type":"move","frame":{"millis":43286,"tic":1515},"actor":{"position":{"x":-12633344,"y":-429976,"z":0,"angle":922746880,"subsector":4566993016},"type":"player","health":18,"armor":47,"id":4567120880}}
{"counter":9727,"type":"move","frame":{"millis":43286,"tic":1515},"actor":{"position":{"x":-12662471,"y":-428267,"z":0,"angle":922746880,"subsector":4566993016},"type":"player","health":18,"armor":47,"id":4567120880}}
{"counter":9728,"type":"move","frame":{"millis":43286,"tic":1515},"actor":{"position":{"x":-2510336,"y":79442944,"z":0,"angle":3221225472,"subsector":4566996760},"type":"soldier","health":20,"id":4567139000}}
{"counter":9729,"type":"move","frame":{"millis":43286,"tic":1515},"actor":{"position":{"x":111104,"y":78987520,"z":0,"angle":2684354560,"subsector":4566996760},"type":"shotgun_soldier","health":30,"id":4567155104}}
{"counter":9730,"type":"move","frame":{"millis":43286,"tic":1515},"actor":{"position":{"x":-28624192,"y":33295040,"z":0,"angle":3221225472,"subsector":4566993400},"type":"shotgun_soldier","health":30,"id":4567155632}}
{"counter":9731,"type":"move","frame":{"millis":43286,"tic":1515},"actor":{"position":{"x":-20770432,"y":52773120,"z":0,"angle":3221225472,"subsector":4566993320},"type":"shotgun_soldier","health":30,"id":4567155896}}
{"counter":9732,"type":"move","frame":{"millis":43287,"tic":1515},"actor":{"position":{"x":18023424,"y":3523328,"z":0,"angle":2684354560,"subsector":4566993048},"type":"spectre","health":150,"id":4567166984}}
{"counter":9733,"type":"move","frame":{"millis":43315,"tic":1516},"actor":{"position":{"x":-12662471,"y":-428267,"z":0,"angle":922746880,"subsector":4566993016},"type":"player","health":18,"armor":47,"id":4567120880}}
{"counter":9734,"type":"move","frame":{"millis":43315,"tic":1516},"actor":{"position":{"x":-12687077,"y":-418726,"z":0,"angle":922746880,"subsector":4566993016},"type":"player","health":18,"armor":47,"id":4567120880}}
{"counter":9735,"type":"move","frame":{"millis":43315,"tic":1516},"actor":{"position":{"x":-16020160,"y":54679744,"z":0,"angle":2147483648,"subsector":4566993320},"type":"soldier","health":20,"id":4567138736}}
{"counter":9736,"type":"move","frame":{"millis":43315,"tic":1516},"actor":{"position":{"x":-6005440,"y":25547328,"z":0,"angle":2684354560,"subsector":4566993432},"type":"shotgun_soldier","health":30,"id":4567139792}}
{"counter":9737,"type":"move","frame":{"millis":43315,"tic":1516},"actor":{"position":{"x":-5899840,"y":21575232,"z":0,"angle":2684354560,"subsector":4566993256},"type":"shotgun_soldier","health":30,"id":4567172528}}
{"counter":9738,"type":"move","frame":{"millis":43343,"tic":1517},"actor":{"position":{"x":-12687077,"y":-418726,"z":0,"angle":922746880,"subsector":4566993016},"type":"player","health":18,"armor":47,"id":4567120880}}
{"counter":9739,"type":"move","frame":{"millis":43343,"tic":1517},"actor":{"position":{"x":-12708482,"y":-406084,"z":0,"angle":922746880,"subsector":4566993016},"type":"player","health":18,"armor":47,"id":4567120880}}
{"counter":9740,"type":"move","frame":{"millis":43343,"tic":1517},"actor":{"position":{"x":-24053888,"y":54510336,"z":0,"angle":3221225472,"subsector":4566993384},"type":"shotgun_soldier","health":30,"id":4567155368}}
{"counter":9741,"type":"move","frame":{"millis":43343,"tic":1517},"actor":{"position":{"x":17553424,"y":3053328,"z":0,"angle":2684354560,"subsector":4566993048},"type":"spectre","health":150,"id":4567166984}}
{"counter":9742,"type":"move","frame":{"millis":43373,"tic":1518},"actor":{"position":{"x":-12727881,"y":-394628,"z":0,"angle":922746880,"subsector":4566993016},"type":"player","health":18,"armor":47,"id":4567120880}}
{"counter":9743,"type":"move","frame":{"millis":43373,"tic":1518},"actor":{"position":{"x":-4808576,"y":83292928,"z":0,"angle":2147483648,"subsector":4566996760},"type":"soldier","health":20,"id":4567138472}}
{"counter":9744,"type":"move","frame":{"millis":43373,"tic":1518},"actor":{"position":{"x":1975040,"y":5470592,"z":0,"angle":2684354560,"subsector":4566993176},"type":"soldier","health":20,"id":4567139528}}
{"counter":9745,"type":"move","frame":{"millis":43373,"tic":1518},"actor":{"position":{"x":487104,"y":79363520,"z":0,"angle":2147483648,"subsector":4566996760},"type":"shotgun_soldier","health":30,"id":4567155104}}
{"counter":9746,"type":"move","frame":{"millis":43373,"tic":1518},"actor":{"position":{"x":-28624192,"y":32770752,"z":0,"angle":3221225472,"subsector":4566993400},"type":"shotgun_soldier","health":30,"id":4567155632}}
{"counter":9747,"type":"move","frame":{"millis":43373,"tic":1518},"actor":{"position":{"x":-20246144,"y":52773120,"z":0,"angle":3758096384,"subsector":4566993320},"type":"shotgun_soldier","health":30,"id":4567155896}}
{"counter":9748,"type":"move","frame":{"millis":43400,"tic":1519},"actor":{"position":{"x":-12745462,"y":-384246,"z":0,"angle":922746880,"subsector":4566993016},"type":"player","health":18,"armor":47,"id":4567120880}}
{"counter":9749,"type":"move","frame":{"millis":43400,"tic":1519},"actor":{"position":{"x":-2510336,"y":78918656,"z":0,"angle":3221225472,"subsector":4566996760},"type":"soldier","health":20,"id":4567139000}}
{"counter":9750,"type":"move","frame":{"millis":43400,"tic":1519},"actor":{"position":{"x":-6381440,"y":25171328,"z":0,"angle":2684354560,"subsector":4566993432},"type":"shotgun_soldier","health":30,"id":4567139792}}
{"counter":9751,"type":"move","frame":{"millis":43401,"tic":1519},"actor":{"position":{"x":17083424,"y":2583328,"z":0,"angle":2684354560,"subsector":4566993048},"type":"spectre","health":150,"id":4567166984}}
{"counter":9752,"type":"move","frame":{"millis":43401,"tic":1519},"actor":{"position":{"x":-6275840,"y":21199232,"z":0,"angle":2684354560,"subsector":4566993256},"type":"shotgun_soldier","health":30,"id":4567172528}}
{"counter":9753,"type":"move","frame":{"millis":43429,"tic":1520},"actor":{"position":{"x":-12761395,"y":-374838,"z":0,"angle":922746880,"subsector":4566993016},"type":"player","health":18,"armor":47,"id":4567120880}}
{"counter":9754,"type":"move","frame":{"millis":43429,"tic":1520},"actor":{"position":{"x":-16020160,"y":54155456,"z":0,"angle":2684354560,"subsector":4566993320},"type":"soldier","health":20,"id":4567138736}}
{"counter":9755,"type":"move","frame":{"millis":43429,"tic":1520},"actor":{"position":{"x":-24053888,"y":53986048,"z":0,"angle":3221225472,"subsector":4566993384},"type":"shotgun_soldier","health":30,"id":4567155368}}
{"counter":9756,"type":"move","frame":{"millis":43458,"tic":1521},"actor":{"position":{"x":-12761395,"y":-374838,"z":0,"angle":922746880,"subsector":4566993016},"type":"player","health":18,"armor":47,"id":4567120880}}
{"counter":9757,"type":"move","frame":{"millis":43458,"tic":1521},"actor":{"position":{"x":-12775388,"y":-364314,"z":0,"angle":922746880,"subsector":4566993016},"type":"player","health":18,"armor":47,"id":4567120880}}
{"counter":9758,"type":"move","frame":{"millis":43459,"tic":1521},"actor":{"position":{"x":863104,"y":79739520,"z":0,"angle":1610612736,"subsector":4566996760},"type":"shotgun_soldier","health":30,"id":4567155104}}
{"counter":9759,"type":"move","frame":{"millis":43459,"tic":1521},"actor":{"position":{"x":-28624192,"y":32246464,"z":0,"angle":3221225472,"subsector":4566993400},"type":"shotgun_soldier","health":30,"id":4567155632}}
{"counter":9760,"type":"move","frame":{"millis":43459,"tic":1521},"actor":{"position":{"x":-19721856,"y":52773120,"z":0,"angle":0,"subsector":4566993320},"type":"shotgun_soldier","health":30,"id":4567155896}}
{"counter":9761,"type":"move","frame":{"millis":43459,"tic":1521},"actor":{"position":{"x":16613424,"y":2113328,"z":0,"angle":2684354560,"subsector":4566993048},"type":"spectre","health":150,"id":4567166984}}
{"counter":9762,"type":"move","frame":{"millis":43486,"tic":1522},"actor":{"position":{"x":-12775388,"y":-364314,"z":0,"angle":922746880,"subsector":4566993016},"type":"player","health":18,"armor":47,"id":4567120880}}
{"counter":9763,"type":"move","frame":{"millis":43486,"tic":1522},"actor":{"position":{"x":-12787623,"y":-352779,"z":0,"angle":922746880,"subsector":4566993016},"type":"player","health":18,"armor":47,"id":4567120880}}
{"counter":9764,"type":"move","frame":{"millis":43486,"tic":1522},"actor":{"position":{"x":-5332864,"y":83292928,"z":0,"angle":2147483648,"subsector":4566996760},"type":"soldier","health":20,"id":4567138472}}
{"counter":9765,"type":"move","frame":{"millis":43486,"tic":1522},"actor":{"position":{"x":1599040,"y":5094592,"z":0,"angle":2684354560,"subsector":4566993176},"type":"soldier","health":20,"id":4567139528}}
{"counter":9766,"type":"move","frame":{"millis":43486,"tic":1522},"actor":{"position":{"x":-6757440,"y":24795328,"z":0,"angle":2684354560,"subsector":4566993432},"type":"shotgun_soldier","health":30,"id":4567139792}}
{"counter":9767,"type":"enter_subsector","frame":{"millis":43486,"tic":1522},"actor":{"position":{"x":-6651840,"y":20823232,"z":0,"angle":2684354560,"subsector":4566993224},"type":"shotgun_soldier","health":30,"id":4567172528}}
{"counter":9768,"type":"move","frame":{"millis":43486,"tic":1522},"actor":{"position":{"x":-6651840,"y":20823232,"z":0,"angle":2684354560,"subsector":4566993224},"type":"shotgun_soldier","health":30,"id":4567172528}}
{"counter":9769,"type":"move","frame":{"millis":43515,"tic":1523},"actor":{"position":{"x":-12798711,"y":-342326,"z":0,"angle":922746880,"subsector":4566993016},"type":"player","health":18,"armor":47,"id":4567120880}}
{"counter":9770,"type":"move","frame":{"millis":43515,"tic":1523},"actor":{"position":{"x":-3034624,"y":78918656,"z":0,"angle":3221225472,"subsector":4566996760},"type":"soldier","health":20,"id":4567139000}}
{"counter":9771,"type":"move","frame":{"millis":43515,"tic":1523},"actor":{"position":{"x":-24053888,"y":53461760,"z":0,"angle":3221225472,"subsector":4566993384},"type":"shotgun_soldier","health":30,"id":4567155368}}
{"counter":9772,"type":"move","frame":{"millis":43515,"tic":1523},"actor":{"position":{"x":16143424,"y":1643328,"z":0,"angle":2684354560,"subsector":4566993048},"type":"spectre","health":150,"id":4567166984}}
{"counter":9773,"type":"move","frame":{"millis":43544,"tic":1524},"actor":{"position":{"x":-12808760,"y":-332853,"z":0,"angle":922746880,"subsector":4566993016},"type":"player","health":18,"armor":47,"id":4567120880}}
{"counter":9774,"type":"move","frame":{"millis":43544,"tic":1524},"actor":{"position":{"x":-16020160,"y":53631168,"z":0,"angle":3221225472,"subsector":4566993320},"type":"soldier","health":20,"id":4567138736}}
{"counter":9775,"type":"move","frame":{"millis":43544,"tic":1524},"actor":{"position":{"x":1239104,"y":80115520,"z":0,"angle":1073741824,"subsector":4566996760},"type":"shotgun_soldier","health":30,"id":4567155104}}
{"counter":9776,"type":"move","frame":{"millis":43544,"tic":1524},"actor":{"position":{"x":-28624192,"y":31722176,"z":0,"angle":3221225472,"subsector":4566993400},"type":"shotgun_soldier","health":30,"id":4567155632}}
{"counter":9777,"type":"move","frame":{"millis":43544,"tic":1524},"actor":{"position":{"x":-19197568,"y":52773120,"z":0,"angle":0,"subsector":4566993320},"type":"shotgun_soldier","health":30,"id":4567155896}}
{"counter":9778,"type":"move","frame":{"millis":43572,"tic":1525},"actor":{"position":{"x":-12808760,"y":-332853,"z":0,"angle":922746880,"subsector":4566993016},"type":"player","health":18,"armor":47,"id":4567120880}}
{"counter":9779,"type":"move","frame":{"millis":43572,"tic":1525},"actor":{"position":{"x":-12818315,"y":-326268,"z":0,"angle":922746880,"subsector":4566993016},"type":"player","health":18,"armor":47,"id":4567120880}}
{"counter":9780,"type":"move","frame":{"millis":43572,"tic":1525},"actor":{"position":{"x":-7133440,"y":24419328,"z":0,"angle":2684354560,"subsector":4566993432},"type":"shotgun_soldier","health":30,"id":4567139792}}
{"counter":9781,"type":"move","frame":{"millis":43572,"tic":1525},"actor":{"position":{"x":15673424,"y":1173328,"z":0,"angle":2684354560,"subsector":4566993048},"type":"spectre","health":150,"id":4567166984}}
{"counter":9782,"type":"move","frame":{"millis":43572,"tic":1525},"actor":{"position":{"x":-7027840,"y":20447232,"z":0,"angle":2684354560,"subsector":4566993224},"type":"shotgun_soldier","health":30,"id":4567172528}}
{"counter":9783,"type":"move","frame":{"millis":43600,"tic":1526},"actor":{"position":{"x":-12818315,"y":-326268,"z":0,"angle":922746880,"subsector":4566993016},"type":"player","health":18,"armor":47,"id":4567120880}}
{"counter":9784,"type":"move","frame":{"millis":43600,"tic":1526},"actor":{"position":{"x":-12830111,"y":-334290,"z":0,"angle":922746880,"subsector":4566993016},"type":"player","health":18,"armor":47,"id":4567120880}}
{"counter":9785,"type":"move","frame":{"millis":43600,"tic":1526},"actor":{"position":{"x":-5857152,"y":83292928,"z":0,"angle":2147483648,"subsector":4566996760},"type":"soldier","health":20,"id":4567138472}}
{"counter":9786,"type":"move","frame":{"millis":43600,"tic":1526},"actor":{"position":{"x":1223040,"y":4718592,"z":0,"angle":2684354560,"subsector":4566993176},"type":"soldier","health":20,"id":4567139528}}
{"counter":9787,"type":"move","frame":{"millis":43601,"tic":1526},"actor":{"position":{"x":-24053888,"y":52937472,"z":0,"angle":3221225472,"subsector":4566993384},"type":"shotgun_soldier","health":30,"id":4567155368}}
{"counter":9788,"type":"move","frame":{"millis":43629,"tic":1527},"actor":{"position":{"x":-12840802,"y":-341560,"z":0,"angle":922746880,"subsector":4566993016},"type":"player","health":18,"armor":47,"id":4567120880}}
{"counter":9789,"type":"move","frame":{"millis":43629,"tic":1527},"actor":{"position":{"x":-3558912,"y":78918656,"z":0,"angle":2684354560,"subsector":4566996760},"type":"soldier","health":20,"id":4567139000}}
{"counter":9790,"type":"move","frame":{"millis":43629,"tic":1527},"actor":{"position":{"x":1615104,"y":80491520,"z":0,"angle":536870912,"subsector":4566996760},"type":"shotgun_soldier","health":30,"id":4567155104}}
{"counter":9791,"type":"move","frame":{"millis":43629,"tic":1527},"actor":{"position":{"x":-28624192,"y":31197888,"z":0,"angle":3221225472,"subsector":4566993400},"type":"shotgun_soldier","health":30,"id":4567155632}}
{"counter":9792,"type":"move","frame":{"millis":43629,"tic":1527},"actor":{"position":{"x":-18673280,"y":52773120,"z":0,"angle":0,"subsector":4566993320},"type":"shotgun_soldier","health":30,"id":4567155896}}
{"counter":9793,"type":"move","frame":{"millis":43629,"tic":1527},"actor":{"position":{"x":15673424,"y":517968,"z":0,"angle":2684354560,"subsector":4566993016},"type":"spectre","health":150,"id":4567166984}}
{"counter":9794,"type":"move","frame":{"millis":43658,"tic":1528},"actor":{"position":{"x":-12840802,"y":-341560,"z":0,"angle":922746880,"subsector":4566993016},"type":"player","health":18,"armor":47,"id":4567120880}}
{"counter":9795,"type":"move","frame":{"millis":43658,"tic":1528},"actor":{"position":{"x":-12852283,"y":-356143,"z":0,"angle":922746880,"subsector":4566993016},"type":"player","health":18,"armor":47,"id":4567120880}}
{"counter":9796,"type":"move","frame":{"millis":43658,"tic":1528},"actor":{"position":{"x":-16020160,"y":53106880,"z":0,"angle":3221225472,"subsector":4566993320},"type":"soldier","health":20,"id":4567138736}}
{"counter":9797,"type":"move","frame":{"millis":43658,"tic":1528},"actor":{"position":{"x":-7657728,"y":24419328,"z":0,"angle":2684354560,"subsector":4566993432},"type":"shotgun_soldier","health":30,"id":4567139792}}
{"counter":9798,"type":"move","frame":{"millis":43658,"tic":1528},"actor":{"position":{"x":-7027840,"y":19922944,"z":0,"angle":2684354560,"subsector":4566993176},"type":"shotgun_soldier","health":30,"id":4567172528}}
{"counter":9799,"type":"move","frame":{"millis":43686,"tic":1529},"actor":{"position":{"x":-12862688,"y":-369359,"z":0,"angle":922746880,"subsector":4566993016},"type":"player","health":18,"armor":47,"id":4567120880}}
{"counter":9800,"type":"move","frame":{"millis":43686,"tic":1529},"actor":{"position":{"x":-24053888,"y":52413184,"z":0,"angle":3221225472,"subsector":4566993384},"type":"shotgun_soldier","health":30,"id":4567155368}}
{"counter":9801,"type":"move","frame":{"millis":43686,"tic":1529},"actor":{"position":{"x":15673424,"y":-137392,"z":0,"angle":3221225472,"subsector":4566993016},"type":"spectre","health":150,"id":4567166984}}
{"counter":9802,"type":"move","frame":{"millis":43715,"tic":1530},"actor":{"position":{"x":-12872118,"y":-381336,"z":0,"angle":922746880,"subsector":4566993016},"type":"player","health":18,"armor":47,"id":4567120880}}
{"counter":9803,"type":"move","frame":{"millis":43715,"tic":1530},"actor":{"position":{"x":-6381440,"y":83292928,"z":0,"angle":2147483648,"subsector":4566996760},"type":"soldier","health":20,"id":4567138472}}
{"counter":9804,"type":"move","frame":{"millis":43715,"tic":1530},"actor":{"position":{"x":847040,"y":4342592,"z":0,"angle":2684354560,"subsector":4566993176},"type":"soldier","health":20,"id":4567139528}}
{"counter":9805,"type":"move","frame":{"millis":43715,"tic":1530},"actor":{"position":{"x":1991104,"y":80867520,"z":0,"angle":536870912,"subsector":4566996760},"type":"shotgun_soldier","health":30,"id":4567155104}}
{"counter":9806,"type":"move","frame":{"millis":43715,"tic":1530},"actor":{"position":{"x":-28624192,"y":30673600,"z":0,"angle":3221225472,"subsector":4566993400},"type":"shotgun_soldier","health":30,"id":4567155632}}
{"counter":9807,"type":"move","frame":{"millis":43715,"tic":1530},"actor":{"position":{"x":-18673280,"y":53297408,"z":0,"angle":0,"subsector":4566993320},"type":"shotgun_soldier","health":30,"id":4567155896}}
{"counter":9808,"type":"move","frame":{"millis":43743,"tic":1531},"actor":{"position":{"x":-12872118,"y":-381336,"z":0,"angle":922746880,"subsector":4566993016},"type":"player","health":18,"armor":47,"id":4567120880}}
{"counter":9809,"type":"move","frame":{"millis":43743,"tic":1531},"actor":{"position":{"x":-12881112,"y":-394190,"z":0,"angle":922746880,"subsector":4566993016},"type":"player","health":18,"armor":47,"id":4567120880}}
{"counter":9810,"type":"move","frame":{"millis":43743,"tic":1531},"actor":{"position":{"x":-4083200,"y":78918656,"z":0,"angle":2147483648,"subsector":4566996760},"type":"soldier","health":20,"id":4567139000}}
{"counter":9811,"type":"move","frame":{"millis":43743,"tic":1531},"actor":{"position":{"x":-8182016,"y":24419328,"z":0,"angle":2147483648,"subsector":4566993432},"type":"shotgun_soldier","health":30,"id":4567139792}}
{"counter":9812,"type":"move","frame":{"millis":43743,"tic":1531},"actor":{"position":{"x":15673424,"y":-792752,"z":0,"angle":3221225472,"subsector":4566992936},"type":"spectre","health":150,"id":4567166984}}
{"counter":9813,"type":"move","frame":{"millis":43743,"tic":1531},"actor":{"position":{"x":-7027840,"y":19398656,"z":0,"angle":3221225472,"subsector":4566993176},"type":"shotgun_soldier","health":30,"id":4567172528}}
{"counter":9814,"type":"move","frame":{"millis":43772,"tic":1532},"actor":{"position":{"x":-12881112,"y":-394190,"z":0,"angle":922746880,"subsector":4566993016},"type":"player","health":18,"armor":47,"id":4567120880}}
{"counter":9815,"type":"move","frame":{"millis":43773,"tic":1532},"actor":{"position":{"x":-12889711,"y":-407838,"z":0,"angle":922746880,"subsector":4566993016},"type":"player","health":18,"armor":47,"id":4567120880}}
{"counter":9816,"type":"move","frame":{"millis":43773,"tic":1532},"actor":{"position":{"x":-16020160,"y":53631168,"z":0,"angle":3221225472,"subsector":4566993320},"type":"soldier","health":20,"id":4567138736}}
{"counter":9817,"type":"move","frame":{"millis":43773,"tic":1532},"actor":{"position":{"x":-24053888,"y":51888896,"z":0,"angle":3221225472,"subsector":4566993384},"type":"shotgun_soldier","health":30,"id":4567155368}}
{"counter":9818,"type":"move","frame":{"millis":43801,"tic":1533},"actor":{"position":{"x":-12889711,"y":-407838,"z":0,"angle":922746880,"subsector":4566993016},"type":"player","health":18,"armor":47,"id":4567120880}}
{"counter":9819,"type":"move","frame":{"millis":43801,"tic":1533},"actor":{"position":{"x":-12900192,"y":-432198,"z":0,"angle":922746880,"subsector":4566993016},"type":"player","health":18,"armor":47,"id":4567120880}}
{"counter":9820,"type":"move","frame":{"millis":43801,"tic":1533},"actor":{"position":{"x":2367104,"y":81243520,"z":0,"angle":536870912,"subsector":4566996760},"type":"shotgun_soldier","health":30,"id":4567155104}}
{"counter":9821,"type":"move","frame":{"millis":43801,"tic":1533},"actor":{"position":{"x":-28624192,"y":30149312,"z":0,"angle":3221225472,"subsector":4566993400},"type":"shotgun_soldier","health":30,"id":4567155632}}
{"counter":9822,"type":"move","frame":{"millis":43801,"tic":1533},"actor":{"position":{"x":-18673280,"y":53821696,"z":0,"angle":536870912,"subsector":4566993320},"type":"shotgun_soldier","health":30,"id":4567155896}}
{"counter":9823,"type":"move","frame":{"millis":43801,"tic":1533},"actor":{"position":{"x":15673424,"y":-1448112,"z":0,"angle":3221225472,"subsector":4566992936},"type":"spectre","health":150,"id":4567166984}}
{"counter":9824,"type":"move","frame":{"millis":43829,"tic":1534},"actor":{"position":{"x":-12900192,"y":-432198,"z":0,"angle":922746880,"subsector":4566993016},"type":"player","health":18,"armor":47,"id":4567120880}}
{"counter":9825,"type":"move","frame":{"millis":43829,"tic":1534},"actor":{"position":{"x":-12912379,"y":-466266,"z":0,"angle":922746880,"subsector":4566993016},"type":"player","health":18,"armor":47,"id":4567120880}}
{"counter":9826,"type":"move","frame":{"millis":43829,"tic":1534},"actor":{"position":{"x":-6757440,"y":82916928,"z":0,"angle":2147483648,"subsector":4566996760},"type":"soldier","health":20,"id":4567138472}}
{"counter":9827,"type":"move","frame":{"millis":43829,"tic":1534},"actor":{"position":{"x":471040,"y":3966592,"z":0,"angle":2684354560,"subsector":4566993176},"type":"soldier","health":20,"id":4567139528}}
{"counter":9828,"type":"move","frame":{"millis":43829,"tic":1534},"actor":{"position":{"x":-8706304,"y":24419328,"z":0,"angle":2147483648,"subsector":4566993432},"type":"shotgun_soldier","health":30,"id":4567139792}}
{"counter":9829,"type":"move","frame":{"millis":43829,"tic":1534},"actor":{"position":{"x":-7027840,"y":18874368,"z":0,"angle":3221225472,"subsector":4566993176},"type":"shotgun_soldier","health":30,"id":4567172528}}
{"counter":9830,"type":"move","frame":{"millis":43858,"tic":1535},"actor":{"position":{"x":-12912379,"y":-466266,"z":0,"angle":922746880,"subsector":4566993016},"type":"player","health":18,"armor":47,"id":4567120880}}
{"counter":9831,"type":"move","frame":{"millis":43858,"tic":1535},"actor":{"position":{"x":-12925216,"y":-505135,"z":0,"angle":922746880,"subsector":4566993016},"type":"player","health":18,"armor":47,"id":4567120880}}
{"counter":9832,"type":"move","frame":{"millis":43858,"tic":1535},"actor":{"position":{"x":-3707200,"y":79294656,"z":0,"angle":2147483648,"subsector":4566996760},"type":"soldier","health":20,"id":4567139000}}
{"counter":9833,"type":"move","frame":{"millis":43858,"tic":1535},"actor":{"position":{"x":-23529600,"y":51888896,"z":0,"angle":3221225472,"subsector":4566993384},"type":"shotgun_soldier","health":30,"id":4567155368}}
{"counter":9834,"type":"move","frame":{"millis":43858,"tic":1535},"actor":{"position":{"x":16143424,"y":-978112,"z":0,"angle":3221225472,"subsector":4566992936},"type":"spectre","health":150,"id":4567166984}}
{"counter":9835,"type":"move","frame":{"millis":43886,"tic":1536},"actor":{"position":{"x":-12925216,"y":-505135,"z":0,"angle":922746880,"subsector":4566993016},"type":"player","health":18,"armor":47,"id":4567120880}}
{"counter":9836,"type":"move","frame":{"millis":43886,"tic":1536},"actor":{"position":{"x":-12939538,"y":-552352,"z":0,"angle":922746880,"subsector":4566993016},"type":"player","health":18,"armor":47,"id":4567120880}}
{"counter":9837,"type":"move","frame":{"millis":43886,"tic":1536},"actor":{"position":{"x":-16020160,"y":54155456,"z":0,"angle":3758096384,"subsector":4566993320},"type":"soldier","health":20,"id":4567138736}}
{"counter":9838,"type":"move","frame":{"millis":43886,"tic":1536},"actor":{"position":{"x":2743104,"y":81619520,"z":0,"angle":536870912,"subsector":4566996760},"type":"shotgun_soldier","health":30,"id":4567155104}}
{"counter":9839,"type":"move","frame":{"millis":43886,"tic":1536},"actor":{"position":{"x":-28624192,"y":29625024,"z":0,"angle":3221225472,"subsector":4566993400},"type":"shotgun_soldier","health":30,"id":4567155632}}
{"counter":9840,"type":"move","frame":{"millis":43886,"tic":1536},"actor":{"position":{"x":-18673280,"y":54345984,"z":0,"angle":1073741824,"subsector":4566993320},"type":"shotgun_soldier","health":30,"id":4567155896}}
{"counter":9841,"type":"move","frame":{"millis":43915,"tic":1537},"actor":{"position":{"x":-12939538,"y":-552352,"z":0,"angle":922746880,"subsector":4566993016},"type":"player","health":18,"armor":47,"id":4567120880}}
{"counter":9842,"type":"move","frame":{"millis":43915,"tic":1537},"actor":{"position":{"x":-12955654,"y":-609132,"z":0,"angle":922746880,"subsector":4566993016},"type":"player","health":18,"armor":47,"id":4567120880}}
{"counter":9843,"type":"move","frame":{"millis":43915,"tic":1537},"actor":{"position":{"x":-9230592,"y":24419328,"z":0,"angle":2147483648,"subsector":4566993432},"type":"shotgun_soldier","health":30,"id":4567139792}}
{"counter":9844,"type":"move","frame":{"millis":43915,"tic":1537},"actor":{"position":{"x":16613424,"y":-508112,"z":0,"angle":3758096384,"subsector":4566992936},"type":"spectre","health":150,"id":4567166984}}
{"counter":9845,"type":"move","frame":{"millis":43915,"tic":1537},"actor":{"position":{"x":-6651840,"y":19250368,"z":0,"angle":3221225472,"subsector":4566993176},"type":"shotgun_soldier","health":30,"id":4567172528}}
{"counter":9846,"type":"move","frame":{"millis":43944,"tic":1538},"actor":{"position":{"x":-12955654,"y":-609132,"z":0,"angle":922746880,"subsector":4566993016},"type":"player","health":18,"armor":47,"id":4567120880}}
{"counter":9847,"type":"move","frame":{"millis":43944,"tic":1538},"actor":{"position":{"x":-12970708,"y":-662588,"z":0,"angle":922746880,"subsector":4566993016},"type":"player","health":18,"armor":47,"id":4567120880}}
{"counter":9848,"type":"move","frame":{"millis":43944,"tic":1538},"actor":{"position":{"x":-7133440,"y":82540928,"z":0,"angle":2684354560,"subsector":4566996760},"type":"soldier","health":20,"id":4567138472}}
{"counter":9849,"type":"move","frame":{"millis":43944,"tic":1538},"actor":{"position":{"x":95040,"y":3590592,"z":0,"angle":2684354560,"subsector":4566993176},"type":"soldier","health":20,"id":4567139528}}
{"counter":9850,"type":"move","frame":{"millis":43944,"tic":1538},"actor":{"position":{"x":-23905600,"y":52264896,"z":0,"angle":3758096384,"subsector":4566993384},"type":"shotgun_soldier","health":30,"id":4567155368}}
{"weapon_type":2,"counter":9851,"type":"attacked","frame":{"millis":43972,"tic":1539},"actor":{"position":{"x":-12970708,"y":-662588,"z":0,"angle":922746880,"subsector":4566993016},"type":"player","health":18,"armor":47,"id":4567120880}}
{"counter":9852,"type":"move","frame":{"millis":43972,"tic":1539},"actor":{"position":{"x":-12984351,"y":-711033,"z":0,"angle":922746880,"subsector":4566993016},"type":"player","health":18,"armor":47,"id":4567120880}}
{"counter":9853,"type":"move","frame":{"millis":43972,"tic":1539},"actor":{"position":{"x":-3331200,"y":79670656,"z":0,"angle":1610612736,"subsector":4566996760},"type":"soldier","health":20,"id":4567139000}}
{"counter":9854,"type":"move","frame":{"millis":43972,"tic":1539},"actor":{"position":{"x":2743104,"y":81095232,"z":0,"angle":536870912,"subsector":4566996760},"type":"shotgun_soldier","health":30,"id":4567155104}}
{"counter":9855,"type":"move","frame":{"millis":43972,"tic":1539},"actor":{"position":{"x":-28624192,"y":29100736,"z":0,"angle":3221225472,"subsector":4566993400},"type":"shotgun_soldier","health":30,"id":4567155632}}
{"counter":9856,"type":"move","frame":{"millis":43972,"tic":1539},"actor":{"position":{"x":-18673280,"y":54870272,"z":0,"angle":1073741824,"subsector":4566993320},"type":"shotgun_soldier","health":30,"id":4567155896}}
{"counter":9857,"type":"move","frame":{"millis":43972,"tic":1539},"actor":{"position":{"x":17083424,"y":-38112,"z":0,"angle":0,"subsector":4566992936},"type":"spectre","health":150,"id":4567166984}}
{"counter":9858,"type":"move","frame":{"millis":44000,"tic":1540},"actor":{"position":{"x":-12996715,"y":-754937,"z":0,"angle":922746880,"subsector":4566993016},"type":"player","health":18,"armor":47,"id":4567120880}}
{"counter":9859,"type":"move","frame":{"millis":44000,"tic":1540},"actor":{"position":{"x":-16020160,"y":54679744,"z":0,"angle":0,"subsector":4566993320},"type":"soldier","health":20,"id":4567138736}}
{"counter":9860,"type":"move","frame":{"millis":44000,"tic":1540},"actor":{"position":{"x":-9754880,"y":24419328,"z":0,"angle":2147483648,"subsector":4566993432},"type":"shotgun_soldier","health":30,"id":4567139792}}
{"counter":9861,"type":"move","frame":{"millis":44000,"tic":1540},"actor":{"position":{"x":-6275840,"y":19626368,"z":0,"angle":3758096384,"subsector":4566993176},"type":"shotgun_soldier","health":30,"id":4567172528}}
{"counter":9862,"type":"move","frame":{"millis":44029,"tic":1541},"actor":{"position":{"x":-13007920,"y":-794725,"z":0,"angle":922746880,"subsector":4566993016},"type":"player","health":18,"armor":47,"id":4567120880}}
{"counter":9863,"type":"move","frame":{"millis":44029,"tic":1541},"actor":{"position":{"x":-24281600,"y":52640896,"z":0,"angle":0,"subsector":4566993384},"type":"shotgun_soldier","health":30,"id":4567155368}}
{"counter":9864,"type":"move","frame":{"millis":44029,"tic":1541},"actor":{"position":{"x":17553424,"y":431888,"z":0,"angle":536870912,"subsector":4566993016},"type":"spectre","health":150,"id":4567166984}}
{"damage":5,"counter":9865,"type":"hit","frame":{"millis":44058,"tic":1542},"actor":{"position":{"x":-13007920,"y":-794725,"z":0,"angle":922746880,"subsector":4566993016},"type":"player","health":18,"armor":47,"id":4567120880},"target":{"position":{"x":-8388608,"y":16777216,"z":0,"angle":0,"subsector":4566993176},"type":"barrel","health":15,"id":4567143224}}
{"counter":9866,"type":"targeted","frame":{"millis":44058,"tic":1542},"actor":{"position":{"x":-13007920,"y":-794725,"z":0,"angle":922746880,"subsector":4566993016},"type":"player","health":18,"armor":47,"id":4567120880},"target":{"position":{"x":-8388608,"y":16777216,"z":0,"angle":0,"subsector":4566993176},"type":"barrel","health":15,"id":4567143224}}
{"damage":5,"counter":9867,"type":"hit","frame":{"millis":44058,"tic":1542},"actor":{"position":{"x":-13007920,"y":-794725,"z":0,"angle":922746880,"subsector":4566993016},"type":"player","health":18,"armor":47,"id":4567120880},"target":{"position":{"x":-8388608,"y":16777216,"z":0,"angle":0,"subsector":4566993176},"type":"barrel","health":10,"id":4567143224}}
{"damage":15,"counter":9868,"type":"hit","frame":{"millis":44058,"tic":1542},"actor":{"position":{"x":-13007920,"y":-794725,"z":0,"angle":922746880,"subsector":4566993016},"type":"player","health":18,"armor":47,"id":4567120880},"target":{"position":{"x":-8388608,"y":16777216,"z":0,"angle":0,"subsector":4566993176},"type":"barrel","health":-5,"id":4567143224}}
{"counter":9869,"type":"killed","frame":{"millis":44058,"tic":1542},"actor":{"position":{"x":-13007920,"y":-794725,"z":0,"angle":922746880,"subsector":4566993016},"type":"player","health":18,"armor":47,"id":4567120880},"target":{"position":{"x":-8388608,"y":16777216,"z":0,"angle":0,"subsector":4566993176},"type":"barrel","health":-5,"id":4567143224}}
{"damage":5,"counter":9870,"type":"hit","frame":{"millis":44058,"tic":1542},"actor":{"position":{"x":-13007920,"y":-794725,"z":0,"angle":922746880,"subsector":4566993016},"type":"player","health":18,"armor":47,"id":4567120880},"target":{"position":{"x":-6275840,"y":19626368,"z":0,"angle":3758096384,"subsector":4566993176},"type":"shotgun_soldier","health":25,"id":4567172528}}
{"counter":9871,"type":"targeted","frame":{"millis":44058,"tic":1542},"actor":{"position":{"x":-13007920,"y":-794725,"z":0,"angle":922746880,"subsector":4566993016},"type":"player","health":18,"armor":47,"id":4567120880},"target":{"position":{"x":-6275840,"y":19626368,"z":0,"angle":3758096384,"subsector":4566993176},"type":"shotgun_soldier","health":25,"id":4567172528}}
{"damage":15,"counter":9872,"type":"hit","frame":{"millis":44058,"tic":1542},"actor":{"position":{"x":-13007920,"y":-794725,"z":0,"angle":922746880,"subsector":4566993016},"type":"player","health":18,"armor":47,"id":4567120880},"target":{"position":{"x":-6275840,"y":19626368,"z":0,"angle":3758096384,"subsector":4566993176},"type":"shotgun_soldier","health":10,"id":4567172528}}
{"damage":15,"counter":9873,"type":"hit","frame":{"millis":44058,"tic":1542},"actor":{"position":{"x":-13007920,"y":-794725,"z":0,"angle":922746880,"subsector":4566993016},"type":"player","health":18,"armor":47,"id":4567120880},"target":{"position":{"x":-6275840,"y":19626368,"z":0,"angle":3758096384,"subsector":4566993176},"type":"shotgun_soldier","health":-5,"id":4567172528}}
{"counter":9874,"type":"killed","frame":{"millis":44058,"tic":1542},"actor":{"position":{"x":-13007920,"y":-794725,"z":0,"angle":922746880,"subsector":4566993016},"type":"player","health":18,"armor":47,"id":4567120880},"target":{"position":{"x":-6275840,"y":19626368,"z":0,"angle":3758096384,"subsector":4566993176},"type":"shotgun_soldier","health":-5,"id":4567172528}}
{"counter":9875,"type":"move","frame":{"millis":44058,"tic":1542},"actor":{"position":{"x":-13018075,"y":-830783,"z":0,"angle":922746880,"subsector":4566993016},"type":"player","health":18,"armor":47,"id":4567120880}}
{"counter":9876,"type":"move","frame":{"millis":44058,"tic":1542},"actor":{"position":{"x":-7509440,"y":82164928,"z":0,"angle":2684354560,"subsector":4566996760},"type":"soldier","health":20,"id":4567138472}}
{"counter":9877,"type":"move","frame":{"millis":44058,"tic":1542},"actor":{"position":{"x":-280960,"y":3214592,"z":0,"angle":2684354560,"subsector":4566993176},"type":"soldier","health":20,"id":4567139528}}
{"counter":9878,"type":"move","frame":{"millis":44058,"tic":1542},"actor":{"position":{"x":-8336643,"y":16975308,"z":0,"angle":0,"subsector":4566993176},"type":"barrel","health":-5,"id":4567143224}}
{"counter":9879,"type":"move","frame":{"millis":44058,"tic":1542},"actor":{"position":{"x":2743104,"y":80570944,"z":0,"angle":0,"subsector":4566996760},"type":"shotgun_soldier","health":30,"id":4567155104}}
{"counter":9880,"type":"move","frame":{"millis":44058,"tic":1542},"actor":{"position":{"x":-28248192,"y":28724736,"z":0,"angle":3221225472,"subsector":4566993400},"type":"shotgun_soldier","health":30,"id":4567155632}}
{"counter":9881,"type":"move","frame":{"millis":44058,"tic":1542},"actor":{"position":{"x":-18673280,"y":55394560,"z":0,"angle":1073741824,"subsector":4566993320},"type":"shotgun_soldier","health":30,"id":4567155896}}
{"counter":9882,"type":"move","frame":{"millis":44058,"tic":1542},"actor":{"position":{"x":-6186009,"y":19898649,"z":0,"angle":3758096384,"subsector":4566993176},"type":"shotgun_soldier","health":-5,"id":4567172528}}
{"counter":9883,"type":"move","frame":{"millis":44086,"tic":1543},"actor":{"position":{"x":-13027278,"y":-863461,"z":0,"angle":922746880,"subsector":4566993016},"type":"player","health":18,"armor":47,"id":4567120880}}
{"counter":9884,"type":"move","frame":{"millis":44086,"tic":1543},"actor":{"position":{"x":-2955200,"y":80046656,"z":0,"angle":1073741824,"subsector":4566996760},"type":"soldier","health":20,"id":4567139000}}
{"counter":9885,"type":"move","frame":{"millis":44086,"tic":1543},"actor":{"position":{"x":-10279168,"y":24419328,"z":0,"angle":2147483648,"subsector":4566993432},"type":"shotgun_soldier","health":30,"id":4567139792}}
{"counter":9886,"type":"move","frame":{"millis":44086,"tic":1543},"actor":{"position":{"x":-8289550,"y":17154828,"z":0,"angle":0,"subsector":4566993176},"type":"barrel","health":-5,"id":4567143224}}
{"counter":9887,"type":"move","frame":{"millis":44086,"tic":1543},"actor":{"position":{"x":18023424,"y":901888,"z":0,"angle":536870912,"subsector":4566993016},"type":"spectre","health":150,"id":4567166984}}
{"counter":9888,"type":"move","frame":{"millis":44086,"tic":1543},"actor":{"position":{"x":-6104600,"y":20145403,"z":0,"angle":3758096384,"subsector":4566993224},"type":"shotgun_soldier","health":-5,"id":4567172528}}
{"counter":9889,"type":"move","frame":{"millis":44115,"tic":1544},"actor":{"position":{"x":-13035619,"y":-893076,"z":0,"angle":922746880,"subsector":4566993016},"type":"player","health":18,"armor":47,"id":4567120880}}
{"counter":9890,"type":"move","frame":{"millis":44115,"tic":1544},"actor":{"position":{"x":-16020160,"y":55204032,"z":0,"angle":536870912,"subsector":4566993320},"type":"soldier","health":20,"id":4567138736}}
{"counter":9891,"type":"move","frame":{"millis":44115,"tic":1544},"actor":{"position":{"x":-8246872,"y":17317518,"z":0,"angle":0,"subsector":4566993176},"type":"barrel","health":-5,"id":4567143224}}
{"counter":9892,"type":"move","frame":{"millis":44115,"tic":1544},"actor":{"position":{"x":-24657600,"y":53016896,"z":0,"angle":536870912,"subsector":4566993384},"type":"shotgun_soldier","health":30,"id":4567155368}}
{"counter":9893,"type":"move","frame":{"millis":44115,"tic":1544},"actor":{"position":{"x":-6030824,"y":20369023,"z":0,"angle":3758096384,"subsector":4566993224},"type":"shotgun_soldier","health":-5,"id":4567172528}}
{"counter":9894,"type":"move","frame":{"millis":44143,"tic":1545},"actor":{"position":{"x":-13043179,"y":-919915,"z":0,"angle":922746880,"subsector":4566993016},"type":"player","health":18,"armor":47,"id":4567120880}}
{"counter":9895,"type":"move","frame":{"millis":44143,"tic":1545},"actor":{"position":{"x":-8208196,"y":17464955,"z":0,"angle":0,"subsector":4566993176},"type":"barrel","health":-5,"id":4567143224}}
{"counter":9896,"type":"move","frame":{"millis":44143,"tic":1545},"actor":{"position":{"x":2743104,"y":80046656,"z":0,"angle":3758096384,"subsector":4566996760},"type":"shotgun_soldier","health":30,"id":4567155104}}
{"counter":9897,"type":"move","frame":{"millis":44143,"tic":1545},"actor":{"position":{"x":-27872192,"y":28348736,"z":0,"angle":3758096384,"subsector":4566993400},"type":"shotgun_soldier","health":30,"id":4567155632}}
{"counter":9898,"type":"move","frame":{"millis":44143,"tic":1545},"actor":{"position":{"x":-18673280,"y":55918848,"z":0,"angle":1073741824,"subsector":4566993320},"type":"shotgun_soldier","health":30,"id":4567155896}}
{"counter":9899,"type":"move","frame":{"millis":44143,"tic":1545},"actor":{"position":{"x":18493424,"y":1371888,"z":0,"angle":536870912,"subsector":4566993048},"type":"spectre","health":150,"id":4567166984}}
{"counter":9900,"type":"move","frame":{"millis":44143,"tic":1545},"actor":{"position":{"x":-5963965,"y":20571678,"z":0,"angle":3758096384,"subsector":4566993224},"type":"shotgun_soldier","health":-5,"id":4567172528}}
{"counter":9901,"type":"move","frame":{"millis":44172,"tic":1546},"actor":{"position":{"x":-13050031,"y":-944238,"z":0,"angle":922746880,"subsector":4566993016},"type":"player","health":18,"armor":47,"id":4567120880}}
{"counter":9902,"type":"move","frame":{"millis":44172,"tic":1546},"actor":{"position":{"x":-7885440,"y":81788928,"z":0,"angle":2684354560,"subsector":4566996760},"type":"soldier","health":20,"id":4567138472}}
{"counter":9903,"type":"move","frame":{"millis":44172,"tic":1546},"actor":{"position":{"x":-656960,"y":2838592,"z":0,"angle":2684354560,"subsector":4566993176},"type":"soldier","health":20,"id":4567139528}}
{"counter":9904,"type":"move","frame":{"millis":44172,"tic":1546},"actor":{"position":{"x":-10803456,"y":24419328,"z":0,"angle":2147483648,"subsector":4566993432},"type":"shotgun_soldier","health":30,"id":4567139792}}
{"counter":9905,"type":"move","frame":{"millis":44172,"tic":1546},"actor":{"position":{"x":-8173146,"y":17598569,"z":0,"angle":0,"subsector":4566993176},"type":"barrel","health":-5,"id":4567143224}}
{"counter":9906,"type":"move","frame":{"millis":44172,"tic":1546},"actor":{"position":{"x":-5903375,"y":20755334,"z":0,"angle":3758096384,"subsector":4566993224},"type":"shotgun_soldier","health":-5,"id":4567172528}}
{"counter":9907,"type":"move","frame":{"millis":44200,"tic":1547},"actor":{"position":{"x":-13056241,"y":-966281,"z":0,"angle":922746880,"subsector":4566993016},"type":"player","health":18,"armor":47,"id":4567120880}}
{"counter":9908,"type":"move","frame":{"millis":44200,"tic":1547},"actor":{"position":{"x":-2579200,"y":80422656,"z":0,"angle":536870912,"subsector":4566996760},"type":"soldier","health":20,"id":4567139000}}
{"counter":9909,"type":"move","frame":{"millis":44200,"tic":1547},"actor":{"position":{"x":-8141382,"y":17719656,"z":0,"angle":0,"subsector":4566993176},"type":"barrel","health":-5,"id":4567143224}}
{"counter":9910,"type":"move","frame":{"millis":44200,"tic":1547},"actor":{"position":{"x":-25033600,"y":53392896,"z":0,"angle":1073741824,"subsector":4566993384},"type":"shotgun_soldier","health":30,"id":4567155368}}
{"counter":9911,"type":"move","frame":{"millis":44200,"tic":1547},"actor":{"position":{"x":18963424,"y":1841888,"z":0,"angle":536870912,"subsector":4566993048},"type":"spectre","health":150,"id":4567166984}}
{"counter":9912,"type":"move","frame":{"millis":44200,"tic":1547},"actor":{"position":{"x":-5848466,"y":20921772,"z":0,"angle":3758096384,"subsector":4566993224},"type":"shotgun_soldier","health":-5,"id":4567172528}}
{"counter":9913,"type":"move","frame":{"millis":44229,"tic":1548},"actor":{"position":{"x":-13061869,"y":-986258,"z":0,"angle":922746880,"subsector":4566993016},"type":"player","health":18,"armor":47,"id":4567120880}}
{"counter":9914,"type":"move","frame":{"millis":44229,"tic":1548},"actor":{"position":{"x":-16020160,"y":55728320,"z":0,"angle":1073741824,"subsector":4566993320},"type":"soldier","health":20,"id":4567138736}}
{"counter":9915,"type":"move","frame":{"millis":44229,"tic":1548},"actor":{"position":{"x":-8112596,"y":17829391,"z":0,"angle":0,"subsector":4566993176},"type":"barrel","health":-5,"id":4567143224}}
{"counter":9916,"type":"move","frame":{"millis":44229,"tic":1548},"actor":{"position":{"x":2743104,"y":79522368,"z":0,"angle":3221225472,"subsector":4566996760},"type":"shotgun_soldier","health":30,"id":4567155104}}
{"counter":9917,"type":"move","frame":{"millis":44229,"tic":1548},"actor":{"position":{"x":-27496192,"y":27972736,"z":0,"angle":3758096384,"subsector":4566993400},"type":"shotgun_soldier","health":30,"id":4567155632}}
{"counter":9918,"type":"move","frame":{"millis":44229,"tic":1548},"actor":{"position":{"x":-19049280,"y":56294848,"z":0,"angle":1073741824,"subsector":4566993320},"type":"shotgun_soldier","health":30,"id":4567155896}}
{"counter":9919,"type":"enter_subsector","frame":{"millis":44229,"tic":1548},"actor":{"position":{"x":-5798705,"y":21072606,"z":0,"angle":3758096384,"subsector":4566993256},"type":"shotgun_soldier","health":-5,"id":4567172528}}
{"counter":9920,"type":"move","frame":{"millis":44229,"tic":1548},"actor":{"position":{"x":-5798705,"y":21072606,"z":0,"angle":3758096384,"subsector":4566993256},"type":"shotgun_soldier","health":-5,"id":4567172528}}
{"counter":9921,"type":"move","frame":{"millis":44258,"tic":1549},"actor":{"position":{"x":-13066970,"y":-1004363,"z":0,"angle":922746880,"subsector":4566993016},"type":"player","health":18,"armor":47,"id":4567120880}}
{"counter":9922,"type":"move","frame":{"millis":44258,"tic":1549},"actor":{"position":{"x":-11327744,"y":24419328,"z":0,"angle":2147483648,"subsector":4566993432},"type":"shotgun_soldier","health":30,"id":4567139792}}
{"counter":9923,"type":"move","frame":{"millis":44258,"tic":1549},"actor":{"position":{"x":-8086509,"y":17928838,"z":0,"angle":0,"subsector":4566993176},"type":"barrel","health":-5,"id":4567143224}}
{"counter":9924,"type":"move","frame":{"millis":44258,"tic":1549},"actor":{"position":{"x":19433424,"y":2311888,"z":0,"angle":536870912,"subsector":4566993048},"type":"spectre","health":150,"id":4567166984}}
{"counter":9925,"type":"move","frame":{"millis":44258,"tic":1549},"actor":{"position":{"x":-5753610,"y":21209299,"z":0,"angle":3758096384,"subsector":4566993256},"type":"shotgun_soldier","health":-5,"id":4567172528}}
{"counter":9926,"type":"move","frame":{"millis":44286,"tic":1550},"actor":{"position":{"x":-13066970,"y":-1004363,"z":0,"angle":922746880,"subsector":4566993016},"type":"player","health":18,"armor":47,"id":4567120880}}
{"counter":9927,"type":"move","frame":{"millis":44286,"tic":1550},"actor":{"position":{"x":-13072489,"y":-1024768,"z":0,"angle":922746880,"subsector":4566993016},"type":"player","health":18,"armor":47,"id":4567120880}}
{"counter":9928,"type":"move","frame":{"millis":44286,"tic":1550},"actor":{"position":{"x":-8261440,"y":81412928,"z":0,"angle":2684354560,"subsector":4566996760},"type":"soldier","health":20,"id":4567138472}}
{"counter":9929,"type":"move","frame":{"millis":44286,"tic":1550},"actor":{"position":{"x":-1032960,"y":2462592,"z":0,"angle":2684354560,"subsector":4566993176},"type":"soldier","health":20,"id":4567139528}}
{"counter":9930,"type":"move","frame":{"millis":44286,"tic":1550},"actor":{"position":{"x":-8062868,"y":18018961,"z":0,"angle":0,"subsector":4566993176},"type":"barrel","health":-5,"id":4567143224}}
{"counter":9931,"type":"move","frame":{"millis":44286,"tic":1550},"actor":{"position":{"x":-25409600,"y":53768896,"z":0,"angle":1610612736,"subsector":4566993384},"type":"shotgun_soldier","health":30,"id":4567155368}}
{"counter":9932,"type":"move","frame":{"millis":44286,"tic":1550},"actor":{"position":{"x":-5712743,"y":21333177,"z":0,"angle":3758096384,"subsector":4566993256},"type":"shotgun_soldier","health":-5,"id":4567172528}}
{"counter":9933,"type":"move","frame":{"millis":44315,"tic":1551},"actor":{"position":{"x":-13072489,"y":-1024768,"z":0,"angle":922746880,"subsector":4566993016},"type":"player","health":18,"armor":47,"id":4567120880}}
{"counter":9934,"type":"move","frame":{"millis":44315,"tic":1551},"actor":{"position":{"x":-13072489,"y":-1024768,"z":0,"angle":922746880,"subsector":4566993016},"type":"player","health":18,"armor":47,"id":4567120880}}
{"counter":9935,"type":"move","frame":{"millis":44315,"tic":1551},"actor":{"position":{"x":-13041107,"y":-1068208,"z":0,"angle":922746880,"subsector":4566993016},"type":"player","health":18,"armor":47,"id":4567120880}}
{"counter":9936,"type":"move","frame":{"millis":44315,"tic":1551},"actor":{"position":{"x":-2203200,"y":80798656,"z":0,"angle":536870912,"subsector":4566996760},"type":"soldier","health":20,"id":4567139000}}
{"counter":9937,"type":"move","frame":{"millis":44315,"tic":1551},"actor":{"position":{"x":-8041444,"y":18100634,"z":0,"angle":0,"subsector":4566993176},"type":"barrel","health":-5,"id":4567143224}}
{"counter":9938,"type":"move","frame":{"millis":44315,"tic":1551},"actor":{"position":{"x":2743104,"y":78998080,"z":0,"angle":3221225472,"subsector":4566996760},"type":"shotgun_soldier","health":30,"id":4567155104}}
{"counter":9939,"type":"move","frame":{"millis":44315,"tic":1551},"actor":{"position":{"x":-27120192,"y":27596736,"z":0,"angle":3758096384,"subsector":4566993400},"type":"shotgun_soldier","health":30,"id":4567155632}}
{"counter":9940,"type":"move","frame":{"millis":44315,"tic":1551},"actor":{"position":{"x":-19049280,"y":55770560,"z":0,"angle":1610612736,"subsector":4566993320},"type":"shotgun_soldier","health":30,"id":4567155896}}
{"counter":9941,"type":"move","frame":{"millis":44315,"tic":1551},"actor":{"position":{"x":19903424,"y":2781888,"z":0,"angle":536870912,"subsector":4566993048},"type":"spectre","health":150,"id":4567166984}}
{"counter":9942,"type":"move","frame":{"millis":44315,"tic":1551},"actor":{"position":{"x":-5675708,"y":21445441,"z":0,"angle":3758096384,"subsector":4566993256},"type":"shotgun_soldier","health":-5,"id":4567172528}}
{"counter":9943,"type":"move","frame":{"millis":44344,"tic":1552},"actor":{"position":{"x":-13041107,"y":-1068208,"z":0,"angle":922746880,"subsector":4566993016},"type":"player","health":18,"armor":47,"id":4567120880}}
{"counter":9944,"type":"move","frame":{"millis":44344,"tic":1552},"actor":{"position":{"x":-13041107,"y":-1068208,"z":0,"angle":922746880,"subsector":4566993016},"type":"player","health":18,"armor":47,"id":4567120880}}
{"counter":9945,"type":"move","frame":{"millis":44344,"tic":1552},"actor":{"position":{"x":-12971840,"y":-1131420,"z":0,"angle":922746880,"subsector":4566993016},"type":"player","health":18,"armor":47,"id":4567120880}}
{"counter":9946,"type":"move","frame":{"millis":44344,"tic":1552},"actor":{"position":{"x":-16020160,"y":56252608,"z":0,"angle":1073741824,"subsector":4566993320},"type":"soldier","health":20,"id":4567138736}}
{"counter":9947,"type":"move","frame":{"millis":44344,"tic":1552},"actor":{"position":{"x":-11852032,"y":24419328,"z":0,"angle":2147483648,"subsector":4566993432},"type":"shotgun_soldier","health":30,"id":4567139792}}
{"counter":9948,"type":"move","frame":{"millis":44344,"tic":1552},"actor":{"position":{"x":-8022029,"y":18174650,"z":0,"angle":0,"subsector":4566993176},"type":"barrel","health":-5,"id":4567143224}}
{"counter":9949,"type":"move","frame":{"millis":44344,"tic":1552},"actor":{"position":{"x":-5642146,"y":21547180,"z":0,"angle":3758096384,"subsector":4566993256},"type":"shotgun_soldier","health":-5,"id":4567172528}}
{"counter":9950,"type":"move","frame":{"millis":44372,"tic":1553},"actor":{"position":{"x":-12971840,"y":-1131420,"z":0,"angle":922746880,"subsector":4566993016},"type":"player","health":18,"armor":47,"id":4567120880}}
{"counter":9951,"type":"move","frame":{"millis":44372,"tic":1553},"actor":{"position":{"x":-12971840,"y":-1131420,"z":0,"angle":922746880,"subsector":4566993016},"type":"player","health":18,"armor":47,"id":4567120880}}
{"counter":9952,"type":"move","frame":{"millis":44372,"tic":1553},"actor":{"position":{"x":-12825618,"y":-1228401,"z":0,"angle":922746880,"subsector":4566993016},"type":"player","health":18,"armor":47,"id":4567120880}}
{"counter":9953,"type":"move","frame":{"millis":44372,"tic":1553},"actor":{"position":{"x":-8004435,"y":18241727,"z":0,"angle":0,"subsector":4566993176},"type":"barrel","health":-5,"id":4567143224}}
{"counter":9954,"type":"move","frame":{"millis":44372,"tic":1553},"actor":{"position":{"x":-25785600,"y":54144896,"z":0,"angle":1610612736,"subsector":4566993384},"type":"shotgun_soldier","health":30,"id":4567155368}}
{"counter":9955,"type":"move","frame":{"millis":44372,"tic":1553},"actor":{"position":{"x":20373424,"y":3251888,"z":0,"angle":536870912,"subsector":4566993048},"type":"spectre","health":150,"id":4567166984}}
{"counter":9956,"type":"move","frame":{"millis":44372,"tic":1553},"actor":{"position":{"x":-5611731,"y":21639380,"z":0,"angle":3758096384,"subsector":4566993256},"type":"shotgun_soldier","health":-5,"id":4567172528}}
{"counter":9957,"type":"move","frame":{"millis":44400,"tic":1554},"actor":{"position":{"x":-12693105,"y":-1316291,"z":0,"angle":922746880,"subsector":4566993016},"type":"player","health":18,"armor":47,"id":4567120880}}
{"counter":9958,"type":"move","frame":{"millis":44400,"tic":1554},"actor":{"position":{"x":-8637440,"y":81036928,"z":0,"angle":2684354560,"subsector":4566996760},"type":"soldier","health":20,"id":4567138472}}
{"counter":9959,"type":"move","frame":{"millis":44400,"tic":1554},"actor":{"position":{"x":-1408960,"y":2086592,"z":0,"angle":2684354560,"subsector":4566993176},"type":"soldier","health":20,"id":4567139528}}
{"counter":9960,"type":"move","frame":{"millis":44400,"tic":1554},"actor":{"position":{"x":-7988491,"y":18302515,"z":0,"angle":0,"subsector":4566993176},"type":"barrel","health":-5,"id":4567143224}}
{"counter":9961,"type":"move","frame":{"millis":44400,"tic":1554},"actor":{"position":{"x":2218816,"y":78998080,"z":0,"angle":3221225472,"subsector":4566996760},"type":"shotgun_soldier","health":30,"id":4567155104}}
{"counter":9962,"type":"move","frame":{"millis":44400,"tic":1554},"actor":{"position":{"x":-26744192,"y":27220736,"z":0,"angle":3758096384,"subsector":4566993400},"type":"shotgun_soldier","health":30,"id":4567155632}}
{"counter":9963,"type":"move","frame":{"millis":44400,"tic":1554},"actor":{"position":{"x":-19049280,"y":55246272,"z":0,"angle":2147483648,"subsector":4566993320},"type":"shotgun_soldier","health":30,"id":4567155896}}
{"counter":9964,"type":"move","frame":{"millis":44400,"tic":1554},"actor":{"position":{"x":-5584168,"y":21722936,"z":0,"angle":3758096384,"subsector":4566993256},"type":"shotgun_soldier","health":-5,"id":4567172528}}
{"counter":9965,"type":"move","frame":{"millis":44429,"tic":1555},"actor":{"position":{"x":-12693105,"y":-1316291,"z":0,"angle":922746880,"subsector":4566993016},"type":"player","health":18,"armor":47,"id":4567120880}}
{"counter":9966,"type":"move","frame":{"millis":44429,"tic":1555},"actor":{"position":{"x":-12693105,"y":-1316291,"z":0,"angle":922746880,"subsector":4566993016},"type":"player","health":18,"armor":47,"id":4567120880}}
{"counter":9967,"type":"move","frame":{"millis":44429,"tic":1555},"actor":{"position":{"x":-12471305,"y":-1410346,"z":0,"angle":922746880,"subsector":4566993016},"type":"player","health":18,"armor":47,"id":4567120880}}
{"counter":9968,"type":"move","frame":{"millis":44429,"tic":1555},"actor":{"position":{"x":-1827200,"y":81174656,"z":0,"angle":536870912,"subsector":4566996760},"type":"soldier","health":20,"id":4567139000}}
{"counter":9969,"type":"move","frame":{"millis":44429,"tic":1555},"actor":{"position":{"x":-12376320,"y":24419328,"z":0,"angle":2147483648,"subsector":4566993432},"type":"shotgun_soldier","health":30,"id":4567139792}}
{"counter":9970,"type":"move","frame":{"millis":44429,"tic":1555},"actor":{"position":{"x":-7974042,"y":18357604,"z":0,"angle":0,"subsector":4566993176},"type":"barrel","health":-5,"id":4567143224}}
{"counter":9971,"type":"move","frame":{"millis":44429,"tic":1555},"actor":{"position":{"x":20843424,"y":3721888,"z":0,"angle":536870912,"subsector":4566993048},"type":"spectre","health":150,"id":4567166984}}
{"counter":9972,"type":"move","frame":{"millis":44429,"tic":1555},"actor":{"position":{"x":-5559190,"y":21798658,"z":0,"angle":3758096384,"subsector":4566993256},"type":"shotgun_soldier","health":-5,"id":4567172528}}
{"counter":9973,"type":"move","frame":{"millis":44458,"tic":1556},"actor":{"position":{"x":-12471305,"y":-1410346,"z":0,"angle":922746880,"subsector":4566993016},"type":"player","health":18,"armor":47,"id":4567120880}}
{"counter":9974,"type":"move","frame":{"millis":44458,"tic":1556},"actor":{"position":{"x":-12471305,"y":-1410346,"z":0,"angle":922746880,"subsector":4566993016},"type":"player","health":18,"armor":47,"id":4567120880}}
{"counter":9975,"type":"move","frame":{"millis":44458,"tic":1556},"actor":{"position":{"x":-12209004,"y":-1503028,"z":0,"angle":922746880,"subsector":4566993016},"type":"player","health":18,"armor":47,"id":4567120880}}
{"counter":9976,"type":"move","frame":{"millis":44458,"tic":1556},"actor":{"position":{"x":-16396160,"y":55876608,"z":0,"angle":1073741824,"subsector":4566993320},"type":"soldier","health":20,"id":4567138736}}
{"counter":9977,"type":"move","frame":{"millis":44458,"tic":1556},"actor":{"position":{"x":-7960948,"y":18407528,"z":0,"angle":0,"subsector":4566993176},"type":"barrel","health":-5,"id":4567143224}}
{"counter":9978,"type":"move","frame":{"millis":44458,"tic":1556},"actor":{"position":{"x":-26161600,"y":54520896,"z":0,"angle":1610612736,"subsector":4566993384},"type":"shotgun_soldier","health":30,"id":4567155368}}
{"counter":9979,"type":"move","frame":{"millis":44458,"tic":1556},"actor":{"position":{"x":-5536554,"y":21867281,"z":0,"angle":3758096384,"subsector":4566993256},"type":"shotgun_soldier","health":-5,"id":4567172528}}
{"counter":9980,"type":"move","frame":{"millis":44486,"tic":1557},"actor":{"position":{"x":-12209004,"y":-1503028,"z":0,"angle":922746880,"subsector":4566993016},"type":"player","health":18,"armor":47,"id":4567120880}}
{"counter":9981,"type":"move","frame":{"millis":44486,"tic":1557},"actor":{"position":{"x":-12209004,"y":-1503028,"z":0,"angle":922746880,"subsector":4566993016},"type":"player","health":18,"armor":47,"id":4567120880}}
{"counter":9982,"type":"move","frame":{"millis":44486,"tic":1557},"actor":{"position":{"x":-11917993,"y":-1592674,"z":0,"angle":922746880,"subsector":4566993016},"type":"player","health":18,"armor":47,"id":4567120880}}
{"counter":9983,"type":"move","frame":{"millis":44486,"tic":1557},"actor":{"position":{"x":-7949082,"y":18452771,"z":0,"angle":0,"subsector":4566993176},"type":"barrel","health":-5,"id":4567143224}}
{"counter":9984,"type":"move","frame":{"millis":44486,"tic":1557},"actor":{"position":{"x":1694528,"y":78998080,"z":0,"angle":2684354560,"subsector":4566996760},"type":"shotgun_soldier","health":30,"id":4567155104}}
{"counter":9985,"type":"move","frame":{"millis":44486,"tic":1557},"actor":{"position":{"x":-26368192,"y":26844736,"z":0,"angle":3758096384,"subsector":4566993400},"type":"shotgun_soldier","health":30,"id":4567155632}}
{"counter":9986,"type":"move","frame":{"millis":44486,"tic":1557},"actor":{"position":{"x":-19049280,"y":54721984,"z":0,"angle":2684354560,"subsector":4566993320},"type":"shotgun_soldier","health":30,"id":4567155896}}
{"counter":9987,"type":"move","frame":{"millis":44486,"tic":1557},"actor":{"position":{"x":21313424,"y":4191888,"z":0,"angle":536870912,"subsector":4566993048},"type":"spectre","health":150,"id":4567166984}}
{"counter":9988,"type":"move","frame":{"millis":44486,"tic":1557},"actor":{"position":{"x":-5516041,"y":21929470,"z":0,"angle":3758096384,"subsector":4566993256},"type":"shotgun_soldier","health":-5,"id":4567172528}}
{"counter":9989,"type":"move","frame":{"millis":44515,"tic":1558},"actor":{"position":{"x":-11917993,"y":-1592674,"z":0,"angle":922746880,"subsector":4566993016},"type":"player","health":18,"armor":47,"id":4567120880}}
{"counter":9990,"type":"move","frame":{"millis":44515,"tic":1558},"actor":{"position":{"x":-11651130,"y":-1659928,"z":0,"angle":922746880,"subsector":4566993016},"type":"player","health":18,"armor":47,"id":4567120880}}
{"counter":9991,"type":"move","frame":{"millis":44515,"tic":1558},"actor":{"position":{"x":-9013440,"y":80660928,"z":0,"angle":2684354560,"subsector":4566996760},"type":"soldier","health":20,"id":4567138472}}
{"counter":9992,"type":"attacked","frame":{"millis":44515,"tic":1558},"actor":{"position":{"x":-1408960,"y":2086592,"z":0,"angle":2684354560,"subsector":4566993176},"type":"soldier","health":20,"id":4567139528},"target":{"position":{"x":-11651130,"y":-1659928,"z":0,"angle":922746880,"subsector":4566993016},"type":"player","health":18,"armor":47,"id":4567120880}}
{"counter":9993,"type":"move","frame":{"millis":44515,"tic":1558},"actor":{"position":{"x":-12900608,"y":24419328,"z":0,"angle":2147483648,"subsector":4566993432},"type":"shotgun_soldier","health":30,"id":4567139792}}
{"counter":9994,"type":"move","frame":{"millis":44515,"tic":1558},"actor":{"position":{"x":-7938329,"y":18493772,"z":0,"angle":0,"subsector":4566993176},"type":"barrel","health":-5,"id":4567143224}}
{"counter":9995,"type":"move","frame":{"millis":44515,"tic":1558},"actor":{"position":{"x":-5497452,"y":21985828,"z":0,"angle":3758096384,"subsector":4566993256},"type":"shotgun_soldier","health":-5,"id":4567172528}}
{"counter":9996,"type":"move","frame":{"millis":44543,"tic":1559},"actor":{"position":{"x":-11651130,"y":-1659928,"z":0,"angle":922746880,"subsector":4566993016},"type":"player","health":18,"armor":47,"id":4567120880}}
{"counter":9997,"type":"move","frame":{"millis":44543,"tic":1559},"actor":{"position":{"x":-11651130,"y":-1659928,"z":0,"angle":922746880,"subsector":4566993016},"type":"player","health":18,"armor":47,"id":4567120880}}
{"counter":9998,"type":"move","frame":{"millis":44543,"tic":1559},"actor":{"position":{"x":-11406564,"y":-1690006,"z":0,"angle":922746880,"subsector":4566993016},"type":"player","health":18,"armor":47,"id":4567120880}}
{"counter":9999,"type":"move","frame":{"millis":44543,"tic":1559},"actor":{"position":{"x":-1451200,"y":81550656,"z":0,"angle":536870912,"subsector":4566996760},"type":"soldier","health":20,"id":4567139000}}
{"counter":10000,"type":"move","frame":{"millis":44543,"tic":1559},"actor":{"position":{"x":-7928585,"y":18530929,"z":0,"angle":0,"subsector":4566993176},"type":"barrel","health":-5,"id":4567143224}}
{"counter":10001,"type":"move","frame":{"millis":44543,"tic":1559},"actor":{"position":{"x":-26537600,"y":54896896,"z":0,"angle":1610612736,"subsector":4566993384},"type":"shotgun_soldier","health":30,"id":4567155368}}
{"counter":10002,"type":"move","frame":{"millis":44543,"tic":1559},"actor":{"position":{"x":21783424,"y":4661888,"z":0,"angle":536870912,"subsector":4566993048},"type":"spectre","health":150,"id":4567166984}}
{"counter":10003,"type":"enter_subsector","frame":{"millis":44543,"tic":1559},"actor":{"position":{"x":-5480606,"y":22036902,"z":0,"angle":3758096384,"subsector":4566993240},"type":"shotgun_soldier","health":-5,"id":4567172528}}
{"counter":10004,"type":"move","frame":{"millis":44543,"tic":1559},"actor":{"position":{"x":-5480606,"y":22036902,"z":0,"angle":3758096384,"subsector":4566993240},"type":"shotgun_soldier","health":-5,"id":4567172528}}
{"counter":10005,"type":"move","frame":{"millis":44572,"tic":1560},"actor":{"position":{"x":-11406564,"y":-1690006,"z":0,"angle":922746880,"subsector":4566993016},"type":"player","health":18,"armor":47,"id":4567120880}}
{"counter":10006,"type":"move","frame":{"millis":44572,"tic":1560},"actor":{"position":{"x":-11406564,"y":-1690006,"z":0,"angle":922746880,"subsector":4566993016},"type":"player","health":18,"armor":47,"id":4567120880}}
{"counter":10007,"type":"move","frame":{"millis":44572,"tic":1560},"actor":{"position":{"x":-11183067,"y":-1671510,"z":0,"angle":922746880,"subsector":4566993016},"type":"player","health":18,"armor":47,"id":4567120880}}
{"counter":10008,"type":"move","frame":{"millis":44572,"tic":1560},"actor":{"position":{"x":-16020160,"y":55500608,"z":0,"angle":1610612736,"subsector":4566993320},"type":"soldier","health":20,"id":4567138736}}
{"counter":10009,"type":"move","frame":{"millis":44572,"tic":1560},"actor":{"position":{"x":-7919755,"y":18564602,"z":0,"angle":0,"subsector":4566993176},"type":"barrel","health":-5,"id":4567143224}}
{"counter":10010,"type":"move","frame":{"millis":44572,"tic":1560},"actor":{"position":{"x":1170240,"y":78998080,"z":0,"angle":2147483648,"subsector":4566996760},"type":"shotgun_soldier","health":30,"id":4567155104}}
{"counter":10011,"type":"move","frame":{"millis":44572,"tic":1560},"actor":{"position":{"x":-25992192,"y":26468736,"z":0,"angle":3758096384,"subsector":4566993400},"type":"shotgun_soldier","health":30,"id":4567155632}}
{"counter":10012,"type":"move","frame":{"millis":44572,"tic":1560},"actor":{"position":{"x":-19049280,"y":54197696,"z":0,"angle":3221225472,"subsector":4566993320},"type":"shotgun_soldier","health":30,"id":4567155896}}
{"counter":10013,"type":"move","frame":{"millis":44572,"tic":1560},"actor":{"position":{"x":-5465340,"y":22083187,"z":0,"angle":3758096384,"subsector":4566993240},"type":"shotgun_soldier","health":-5,"id":4567172528}}
{"counter":10014,"type":"move","frame":{"millis":44601,"tic":1561},"actor":{"position":{"x":-11183067,"y":-1671510,"z":0,"angle":922746880,"subsector":4566993016},"type":"player","health":18,"armor":47,"id":4567120880}}
{"counter":10015,"type":"move","frame":{"millis":44601,"tic":1561},"actor":{"position":{"x":-10972461,"y":-1618777,"z":0,"angle":922746880,"subsector":4566993016},"type":"player","health":18,"armor":47,"id":4567120880}}
{"counter":10016,"type":"move","frame":{"millis":44601,"tic":1561},"actor":{"position":{"x":-13424896,"y":24419328,"z":0,"angle":2147483648,"subsector":4566993432},"type":"shotgun_soldier","health":30,"id":4567139792}}
{"counter":10017,"type":"move","frame":{"millis":44601,"tic":1561},"actor":{"position":{"x":-7911753,"y":18595118,"z":0,"angle":0,"subsector":4566993176},"type":"barrel","health":-5,"id":4567143224}}
{"counter":10018,"type":"move","frame":{"millis":44601,"tic":1561},"actor":{"position":{"x":21128064,"y":4661888,"z":0,"angle":536870912,"subsector":4566993048},"type":"spectre","health":150,"id":4567166984}}
{"counter":10019,"type":"move","frame":{"millis":44601,"tic":1561},"actor":{"position":{"x":-5451506,"y":22125132,"z":0,"angle":3758096384,"subsector":4566993240},"type":"shotgun_soldier","health":-5,"id":4567172528}}
{"counter":10020,"type":"move","frame":{"millis":44629,"tic":1562},"actor":{"position":{"x":-10972461,"y":-1618777,"z":0,"angle":922746880,"subsector":4566993016},"type":"player","health":18,"armor":47,"id":4567120880}}
{"counter":10021,"type":"move","frame":{"millis":44629,"tic":1562},"actor":{"position":{"x":-10764579,"y":-1495049,"z":0,"angle":922746880,"subsector":4566993016},"type":"player","health":18,"armor":47,"id":4567120880}}
{"counter":10022,"type":"move","frame":{"millis":44629,"tic":1562},"actor":{"position":{"x":-9389440,"y":80284928,"z":0,"angle":2684354560,"subsector":4566996760},"type":"soldier","health":20,"id":4567138472}}
{"counter":10023,"type":"move","frame":{"millis":44629,"tic":1562},"actor":{"position":{"x":-7904502,"y":18622773,"z":0,"angle":0,"subsector":4566993176},"type":"barrel","health":-5,"id":4567143224}}
{"counter":10024,"type":"move","frame":{"millis":44629,"tic":1562},"actor":{"position":{"x":-26913600,"y":55272896,"z":0,"angle":1610612736,"subsector":4566993384},"type":"shotgun_soldier","health":30,"id":4567155368}}
{"counter":10025,"type":"move","frame":{"millis":44629,"tic":1562},"actor":{"position":{"x":-5438969,"y":22163144,"z":0,"angle":3758096384,"subsector":4566993240},"type":"shotgun_soldier","health":-5,"id":4567172528}}
{"counter":10026,"type":"move","frame":{"millis":44658,"tic":1563},"actor":{"position":{"x":-10764579,"y":-1495049,"z":0,"angle":922746880,"subsector":4566993016},"type":"player","health":18,"armor":47,"id":4567120880}}
{"counter":10027,"type":"move","frame":{"millis":44658,"tic":1563},"actor":{"position":{"x":-10553790,"y":-1283001,"z":0,"angle":922746880,"subsector":4566993016},"type":"player","health":18,"armor":47,"id":4567120880}}
{"counter":10028,"type":"move","frame":{"millis":44658,"tic":1563},"actor":{"position":{"x":-1075200,"y":81926656,"z":0,"angle":536870912,"subsector":4566996760},"type":"soldier","health":20,"id":4567139000}}
{"counter":10029,"type":"move","frame":{"millis":44658,"tic":1563},"actor":{"position":{"x":-7897931,"y":18647835,"z":0,"angle":0,"subsector":4566993176},"type":"barrel","health":-5,"id":4567143224}}
{"counter":10030,"type":"move","frame":{"millis":44658,"tic":1563},"actor":{"position":{"x":645952,"y":78998080,"z":0,"angle":2147483648,"subsector":4566996760},"type":"shotgun_soldier","health":30,"id":4567155104}}
{"counter":10031,"type":"move","frame":{"millis":44658,"tic":1563},"actor":{"position":{"x":-25616192,"y":26092736,"z":0,"angle":3758096384,"subsector":4566993400},"type":"shotgun_soldier","health":30,"id":4567155632}}
{"counter":10032,"type":"move","frame":{"millis":44658,"tic":1563},"actor":{"position":{"x":-19049280,"y":53673408,"z":0,"angle":3221225472,"subsector":4566993320},"type":"shotgun_soldier","health":30,"id":4567155896}}
{"counter":10033,"type":"move","frame":{"millis":44658,"tic":1563},"actor":{"position":{"x":20472704,"y":4661888,"z":0,"angle":1073741824,"subsector":4566993048},"type":"spectre","health":150,"id":4567166984}}
{"counter":10034,"type":"move","frame":{"millis":44658,"tic":1563},"actor":{"position":{"x":-5427608,"y":22197592,"z":0,"angle":3758096384,"subsector":4566993240},"type":"shotgun_soldier","health":-5,"id":4567172528}}
{"counter":10035,"type":"move","frame":{"millis":44686,"tic":1564},"actor":{"position":{"x":-10553790,"y":-1283001,"z":0,"angle":922746880,"subsector":4566993016},"type":"player","health":18,"armor":47,"id":4567120880}}
{"counter":10036,"type":"move","frame":{"millis":44686,"tic":1564},"actor":{"position":{"x":-10340367,"y":-990913,"z":0,"angle":922746880,"subsector":4566993016},"type":"player","health":18,"armor":47,"id":4567120880}}
{"counter":10037,"type":"move","frame":{"millis":44686,"tic":1564},"actor":{"position":{"x":-16020160,"y":54976320,"z":0,"angle":2147483648,"subsector":4566993320},"type":"soldier","health":20,"id":4567138736}}
{"counter":10038,"type":"move","frame":{"millis":44686,"tic":1564},"actor":{"position":{"x":-13949184,"y":24419328,"z":0,"angle":2147483648,"subsector":4566993432},"type":"shotgun_soldier","health":30,"id":4567139792}}
{"counter":10039,"type":"move","frame":{"millis":44686,"tic":1564},"actor":{"position":{"x":-7891977,"y":18670547,"z":0,"angle":0,"subsector":4566993176},"type":"barrel","health":-5,"id":4567143224}}
{"counter":10040,"type":"move","frame":{"millis":44686,"tic":1564},"actor":{"position":{"x":-5417313,"y":22228810,"z":0,"angle":3758096384,"subsector":4566993240},"type":"shotgun_soldier","health":-5,"id":4567172528}}
{"counter":10041,"type":"move","frame":{"millis":44715,"tic":1565},"actor":{"position":{"x":-10340367,"y":-990913,"z":0,"angle":939524096,"subsector":4566993016},"type":"player","health":18,"armor":47,"id":4567120880}}
{"counter":10042,"type":"move","frame":{"millis":44715,"tic":1565},"actor":{"position":{"x":-10127016,"y":-625770,"z":0,"angle":939524096,"subsector":4566993016},"type":"player","health":18,"armor":47,"id":4567120880}}
{"counter":10043,"type":"move","frame":{"millis":44715,"tic":1565},"actor":{"position":{"x":-7886582,"y":18691129,"z":0,"angle":0,"subsector":4566993176},"type":"barrel","health":-5,"id":4567143224}}
{"counter":10044,"type":"move","frame":{"millis":44715,"tic":1565},"actor":{"position":{"x":-26913600,"y":54748608,"z":0,"angle":1610612736,"subsector":4566993384},"type":"shotgun_soldier","health":30,"id":4567155368}}
{"counter":10045,"type":"move","frame":{"millis":44716,"tic":1565},"actor":{"position":{"x":19817344,"y":4661888,"z":0,"angle":1610612736,"subsector":4566993048},"type":"spectre","health":150,"id":4567166984}}
{"counter":10046,"type":"move","frame":{"millis":44716,"tic":1565},"actor":{"position":{"x":-5407984,"y":22257101,"z":0,"angle":3758096384,"subsector":4566993240},"type":"shotgun_soldier","health":-5,"id":4567172528}}
{"counter":10047,"type":"move","frame":{"millis":44743,"tic":1566},"actor":{"position":{"x":-10127016,"y":-625770,"z":0,"angle":956301312,"subsector":4566993016},"type":"player","health":18,"armor":47,"id":4567120880}}
{"counter":10048,"type":"move","frame":{"millis":44743,"tic":1566},"actor":{"position":{"x":-9916200,"y":-193962,"z":0,"angle":956301312,"subsector":4566993016},"type":"player","health":18,"armor":47,"id":4567120880}}
{"counter":10049,"type":"move","frame":{"millis":44743,"tic":1566},"actor":{"position":{"x":-9765440,"y":79908928,"z":0,"angle":2684354560,"subsector":4566996760},"type":"soldier","health":20,"id":4567138472}}
{"counter":10050,"type":"move","frame":{"millis":44743,"tic":1566},"actor":{"position":{"x":-7881693,"y":18709781,"z":0,"angle":0,"subsector":4566993176},"type":"barrel","health":-5,"id":4567143224}}
{"counter":10051,"type":"move","frame":{"millis":44743,"tic":1566},"actor":{"position":{"x":121664,"y":78998080,"z":0,"angle":2147483648,"subsector":4566996760},"type":"shotgun_soldier","health":30,"id":4567155104}}
{"counter":10052,"type":"move","frame":{"millis":44743,"tic":1566},"actor":{"position":{"x":-25240192,"y":25716736,"z":0,"angle":3758096384,"subsector":4566993432},"type":"shotgun_soldier","health":30,"id":4567155632}}
{"counter":10053,"type":"move","frame":{"millis":44743,"tic":1566},"actor":{"position":{"x":-19049280,"y":53149120,"z":0,"angle":3221225472,"subsector":4566993320},"type":"shotgun_soldier","health":30,"id":4567155896}}
{"counter":10054,"type":"move","frame":{"millis":44743,"tic":1566},"actor":{"position":{"x":-5399530,"y":22282739,"z":0,"angle":3758096384,"subsector":4566993240},"type":"shotgun_soldier","health":-5,"id":4567172528}}
{"counter":10055,"type":"move","frame":{"millis":44772,"tic":1567},"actor":{"position":{"x":-9916200,"y":-193962,"z":0,"angle":973078528,"subsector":4566993016},"type":"player","health":18,"armor":47,"id":4567120880}}
{"counter":10056,"type":"move","frame":{"millis":44772,"tic":1567},"actor":{"position":{"x":-9710163,"y":298660,"z":0,"angle":973078528,"subsector":4566993016},"type":"player","health":18,"armor":47,"id":4567120880}}
{"counter":10057,"type":"move","frame":{"millis":44772,"tic":1567},"actor":{"position":{"x":-699200,"y":82302656,"z":0,"angle":536870912,"subsector":4566996760},"type":"soldier","health":20,"id":4567139000}}
{"counter":10058,"type":"move","frame":{"millis":44772,"tic":1567},"actor":{"position":{"x":-14473472,"y":24419328,"z":0,"angle":2147483648,"subsector":4566993432},"type":"shotgun_soldier","health":30,"id":4567139792}}
{"counter":10059,"type":"move","frame":{"millis":44772,"tic":1567},"actor":{"position":{"x":-7877263,"y":18726684,"z":0,"angle":0,"subsector":4566993176},"type":"barrel","health":-5,"id":4567143224}}
{"counter":10060,"type":"move","frame":{"millis":44772,"tic":1567},"actor":{"position":{"x":19347344,"y":4191888,"z":0,"angle":2147483648,"subsector":4566993048},"type":"spectre","health":150,"id":4567166984}}
{"counter":10061,"type":"move","frame":{"millis":44772,"tic":1567},"actor":{"position":{"x":-5391869,"y":22305973,"z":0,"angle":3758096384,"subsector":4566993240},"type":"shotgun_soldier","health":-5,"id":4567172528}}
{"counter":10062,"type":"move","frame":{"millis":44800,"tic":1568},"actor":{"position":{"x":-9710163,"y":298660,"z":0,"angle":973078528,"subsector":4566993016},"type":"player","health":18,"armor":47,"id":4567120880}}
{"counter":10063,"type":"move","frame":{"millis":44801,"tic":1568},"actor":{"position":{"x":-9508457,"y":846394,"z":0,"angle":973078528,"subsector":4566993016},"type":"player","health":18,"armor":47,"id":4567120880}}
{"counter":10064,"type":"move","frame":{"millis":44801,"tic":1568},"actor":{"position":{"x":-16020160,"y":54452032,"z":0,"angle":2684354560,"subsector":4566993320},"type":"soldier","health":20,"id":4567138736}}
{"damage":4,"counter":10065,"type":"hit","frame":{"millis":44801,"tic":1568},"actor":{"position":{"x":-1408960,"y":2086592,"z":0,"angle":2251152136,"subsector":4566993176},"type":"soldier","health":20,"id":4567139528},"target":{"position":{"x":-9508457,"y":846394,"z":0,"angle":973078528,"subsector":4566993016},"type":"player","health":14,"armor":45,"id":4567120880}}
{"counter":10066,"type":"move","frame":{"millis":44801,"tic":1568},"actor":{"position":{"x":-7873249,"y":18742002,"z":0,"angle":0,"subsector":4566993176},"type":"barrel","health":-5,"id":4567143224}}
{"counter":10067,"type":"move","frame":{"millis":44801,"tic":1568},"actor":{"position":{"x":-26913600,"y":54224320,"z":0,"angle":2147483648,"subsector":4566993384},"type":"shotgun_soldier","health":30,"id":4567155368}}
{"counter":10068,"type":"move","frame":{"millis":44801,"tic":1568},"actor":{"position":{"x":-5384927,"y":22327028,"z":0,"angle":3758096384,"subsector":4566993240},"type":"shotgun_soldier","health":-5,"id":4567172528}}
{"counter":10069,"type":"move","frame":{"millis":44829,"tic":1569},"actor":{"position":{"x":-9508457,"y":846394,"z":0,"angle":973078528,"subsector":4566993016},"type":"player","health":14,"armor":45,"id":4567120880}}
{"counter":10070,"type":"move","frame":{"millis":44829,"tic":1569},"actor":{"position":{"x":-9359265,"y":1436656,"z":0,"angle":973078528,"subsector":4566993176},"type":"player","health":14,"armor":45,"id":4567120880}}
{"counter":10071,"type":"move","frame":{"millis":44829,"tic":1569},"actor":{"position":{"x":-7869612,"y":18755883,"z":0,"angle":0,"subsector":4566993176},"type":"barrel","health":-5,"id":4567143224}}
{"counter":10072,"type":"move","frame":{"millis":44829,"tic":1569},"actor":{"position":{"x":-402624,"y":78998080,"z":0,"angle":2147483648,"subsector":4566996760},"type":"shotgun_soldier","health":30,"id":4567155104}}
{"counter":10073,"type":"move","frame":{"millis":44829,"tic":1569},"actor":{"position":{"x":-24864192,"y":25340736,"z":0,"angle":3758096384,"subsector":4566993432},"type":"shotgun_soldier","health":30,"id":4567155632}}
{"counter":10074,"type":"move","frame":{"millis":44829,"tic":1569},"actor":{"position":{"x":-18673280,"y":52773120,"z":0,"angle":3221225472,"subsector":4566993320},"type":"shotgun_soldier","health":30,"id":4567155896}}
{"counter":10075,"type":"move","frame":{"millis":44829,"tic":1569},"actor":{"position":{"x":18877344,"y":3721888,"z":0,"angle":2684354560,"subsector":4566993048},"type":"spectre","health":150,"id":4567166984}}
{"counter":10076,"type":"move","frame":{"millis":44829,"tic":1569},"actor":{"position":{"x":-5378636,"y":22346109,"z":0,"angle":3758096384,"subsector":4566993240},"type":"shotgun_soldier","health":-5,"id":4567172528}}
{"counter":10077,"type":"move","frame":{"millis":44858,"tic":1570},"actor":{"position":{"x":-9359265,"y":1436656,"z":0,"angle":973078528,"subsector":4566993176},"type":"player","health":14,"armor":45,"id":4567120880}}
{"counter":10078,"type":"move","frame":{"millis":44858,"tic":1570},"actor":{"position":{"x":-9209075,"y":2072876,"z":0,"angle":973078528,"subsector":4566993176},"type":"player","health":14,"armor":45,"id":4567120880}}
{"counter":10079,"type":"move","frame":{"millis":44858,"tic":1570},"actor":{"position":{"x":-10141440,"y":79532928,"z":0,"angle":2684354560,"subsector":4566996760},"type":"soldier","health":20,"id":4567138472}}
{"counter":10080,"type":"move","frame":{"millis":44858,"tic":1570},"actor":{"position":{"x":-14997760,"y":24419328,"z":0,"angle":2147483648,"subsector":4566993432},"type":"shotgun_soldier","health":30,"id":4567139792}}
{"counter":10081,"type":"move","frame":{"millis":44858,"tic":1570},"actor":{"position":{"x":-7866316,"y":18768462,"z":0,"angle":0,"subsector":4566993176},"type":"barrel","health":-5,"id":4567143224}}
{"counter":10082,"type":"move","frame":{"millis":44858,"tic":1570},"actor":{"position":{"x":-5372935,"y":22363401,"z":0,"angle":3758096384,"subsector":4566993240},"type":"shotgun_soldier","health":-5,"id":4567172528}}
{"counter":10083,"type":"move","frame":{"millis":44886,"tic":1571},"actor":{"position":{"x":-9209075,"y":2072876,"z":0,"angle":973078528,"subsector":4566993176},"type":"player","health":14,"armor":45,"id":4567120880}}
{"counter":10084,"type":"move","frame":{"millis":44886,"tic":1571},"actor":{"position":{"x":-9057981,"y":2750746,"z":0,"angle":973078528,"subsector":4566993176},"type":"player","health":14,"armor":45,"id":4567120880}}
{"counter":10085,"type":"move","frame":{"millis":44886,"tic":1571},"actor":{"position":{"x":-323200,"y":82678656,"z":0,"angle":536870912,"subsector":4566996760},"type":"soldier","health":20,"id":4567139000}}
{"counter":10086,"type":"move","frame":{"millis":44886,"tic":1571},"actor":{"position":{"x":-7863329,"y":18779861,"z":0,"angle":0,"subsector":4566993176},"type":"barrel","health":-5,"id":4567143224}}
{"counter":10087,"type":"move","frame":{"millis":44886,"tic":1571},"actor":{"position":{"x":-26913600,"y":53700032,"z":0,"angle":2684354560,"subsector":4566993384},"type":"shotgun_soldier","health":30,"id":4567155368}}
{"counter":10088,"type":"move","frame":{"millis":44887,"tic":1571},"actor":{"position":{"x":18407344,"y":3251888,"z":0,"angle":2684354560,"subsector":4566993048},"type":"spectre","health":150,"id":4567166984}}
{"counter":10089,"type":"move","frame":{"millis":44887,"tic":1571},"actor":{"position":{"x":-5367769,"y":22379071,"z":0,"angle":3758096384,"subsector":4566993240},"type":"shotgun_soldier","health":-5,"id":4567172528}}
{"counter":10090,"type":"move","frame":{"millis":44915,"tic":1572},"actor":{"position":{"x":-9057981,"y":2750746,"z":0,"angle":973078528,"subsector":4566993176},"type":"player","health":14,"armor":45,"id":4567120880}}
{"counter":10091,"type":"move","frame":{"millis":44915,"tic":1572},"actor":{"position":{"x":-8906068,"y":3466361,"z":0,"angle":973078528,"subsector":4566993176},"type":"player","health":14,"armor":45,"id":4567120880}}
{"counter":10092,"type":"move","frame":{"millis":44916,"tic":1572},"actor":{"position":{"x":-16020160,"y":53927744,"z":0,"angle":3221225472,"subsector":4566993320},"type":"soldier","health":20,"id":4567138736}}
{"counter":10093,"type":"move","frame":{"millis":44916,"tic":1572},"actor":{"position":{"x":-7860623,"y":18790191,"z":0,"angle":0,"subsector":4566993176},"type":"barrel","health":-5,"id":4567143224}}
{"counter":10094,"type":"move","frame":{"millis":44916,"tic":1572},"actor":{"position":{"x":-926912,"y":78998080,"z":0,"angle":2147483648,"subsector":4566996760},"type":"shotgun_soldier","health":30,"id":4567155104}}
{"counter":10095,"type":"move","frame":{"millis":44916,"tic":1572},"actor":{"position":{"x":-24488192,"y":24964736,"z":0,"angle":3758096384,"subsector":4566993432},"type":"shotgun_soldier","health":30,"id":4567155632}}
{"counter":10096,"type":"move","frame":{"millis":44916,"tic":1572},"actor":{"position":{"x":-19197568,"y":52773120,"z":0,"angle":3758096384,"subsector":4566993320},"type":"shotgun_soldier","health":30,"id":4567155896}}
{"counter":10097,"type":"move","frame":{"millis":44916,"tic":1572},"actor":{"position":{"x":-5363088,"y":22393271,"z":0,"angle":3758096384,"subsector":4566993240},"type":"shotgun_soldier","health":-5,"id":4567172528}}
{"counter":10098,"type":"move","frame":{"millis":44943,"tic":1573},"actor":{"position":{"x":-8906068,"y":3466361,"z":0,"angle":973078528,"subsector":4566993176},"type":"player","health":14,"armor":45,"id":4567120880}}
{"counter":10099,"type":"move","frame":{"millis":44943,"tic":1573},"actor":{"position":{"x":-8753412,"y":4216183,"z":0,"angle":973078528,"subsector":4566993176},"type":"player","health":14,"armor":45,"id":4567120880}}
{"counter":10100,"type":"move","frame":{"millis":44943,"tic":1573},"actor":{"position":{"x":-15522048,"y":24419328,"z":0,"angle":2147483648,"subsector":4566993432},"type":"shotgun_soldier","health":30,"id":4567139792}}
{"counter":10101,"type":"move","frame":{"millis":44943,"tic":1573},"actor":{"position":{"x":-7858171,"y":18799552,"z":0,"angle":0,"subsector":4566993176},"type":"barrel","health":-5,"id":4567143224}}
{"counter":10102,"type":"move","frame":{"millis":44943,"tic":1573},"actor":{"position":{"x":17937344,"y":2781888,"z":0,"angle":2684354560,"subsector":4566993048},"type":"spectre","health":150,"id":4567166984}}
{"counter":10103,"type":"move","frame":{"millis":44943,"tic":1573},"actor":{"position":{"x":-5358846,"y":22406139,"z":0,"angle":3758096384,"subsector":4566993240},"type":"shotgun_soldier","health":-5,"id":4567172528}}
{"counter":10104,"type":"move","frame":{"millis":44972,"tic":1574},"actor":{"position":{"x":-8753412,"y":4216183,"z":0,"angle":973078528,"subsector":4566993176},"type":"player","health":14,"armor":45,"id":4567120880}}
{"counter":10105,"type":"move","frame":{"millis":44972,"tic":1574},"actor":{"position":{"x":-8600083,"y":4997005,"z":0,"angle":973078528,"subsector":4566993176},"type":"player","health":14,"armor":45,"id":4567120880}}
{"counter":10106,"type":"move","frame":{"millis":44972,"tic":1574},"actor":{"position":{"x":-10517440,"y":79156928,"z":0,"angle":2684354560,"subsector":4566996760},"type":"soldier","health":20,"id":4567138472}}
{"counter":10107,"type":"move","frame":{"millis":44972,"tic":1574},"actor":{"position":{"x":-7855949,"y":18808035,"z":0,"angle":0,"subsector":4566993176},"type":"barrel","health":-5,"id":4567143224}}
{"counter":10108,"type":"move","frame":{"millis":44972,"tic":1574},"actor":{"position":{"x":-26913600,"y":53175744,"z":0,"angle":3221225472,"subsector":4566993384},"type":"shotgun_soldier","health":30,"id":4567155368}}
{"counter":10109,"type":"move","frame":{"millis":44972,"tic":1574},"actor":{"position":{"x":-5355002,"y":22417800,"z":0,"angle":3758096384,"subsector":4566993240},"type":"shotgun_soldier","health":-5,"id":4567172528}}
{"counter":10110,"type":"move","frame":{"millis":45001,"tic":1575},"actor":{"position":{"x":-8600083,"y":4997005,"z":0,"angle":956301312,"subsector":4566993176},"type":"player","health":14,"armor":45,"id":4567120880}}
{"counter":10111,"type":"move","frame":{"millis":45001,"tic":1575},"actor":{"position":{"x":-8443662,"y":5805522,"z":0,"angle":956301312,"subsector":4566993176},"type":"player","health":14,"armor":45,"id":4567120880}}
{"counter":10112,"type":"move","frame":{"millis":45001,"tic":1575},"actor":{"position":{"x":52800,"y":83054656,"z":0,"angle":536870912,"subsector":4566996760},"type":"soldier","health":20,"id":4567139000}}
{"counter":10113,"type":"move","frame":{"millis":45001,"tic":1575},"actor":{"position":{"x":-7853936,"y":18815722,"z":0,"angle":0,"subsector":4566993176},"type":"barrel","health":-5,"id":4567143224}}
{"counter":10114,"type":"move","frame":{"millis":45001,"tic":1575},"actor":{"position":{"x":-1451200,"y":78998080,"z":0,"angle":2147483648,"subsector":4566996760},"type":"shotgun_soldier","health":30,"id":4567155104}}
{"counter":10115,"type":"move","frame":{"millis":45001,"tic":1575},"actor":{"position":{"x":-24112192,"y":24588736,"z":0,"angle":3758096384,"subsector":4566993432},"type":"shotgun_soldier","health":30,"id":4567155632}}
{"counter":10116,"type":"move","frame":{"millis":45001,"tic":1575},"actor":{"position":{"x":-19721856,"y":52773120,"z":0,"angle":3221225472,"subsector":4566993320},"type":"shotgun_soldier","health":30,"id":4567155896}}
{"counter":10117,"type":"move","frame":{"millis":45001,"tic":1575},"actor":{"position":{"x":17467344,"y":2311888,"z":0,"angle":2684354560,"subsector":4566993048},"type":"spectre","health":150,"id":4567166984}}
{"counter":10118,"type":"move","frame":{"millis":45001,"tic":1575},"actor":{"position":{"x":-5351519,"y":22428367,"z":0,"angle":3758096384,"subsector":4566993240},"type":"shotgun_soldier","health":-5,"id":4567172528}}
{"counter":10119,"type":"move","frame":{"millis":45029,"tic":1576},"actor":{"position":{"x":-8443662,"y":5805522,"z":0,"angle":939524096,"subsector":4566993176},"type":"player","health":14,"armor":45,"id":4567120880}}
{"counter":10120,"type":"move","frame":{"millis":45029,"tic":1576},"actor":{"position":{"x":-8281969,"y":6638679,"z":0,"angle":939524096,"subsector":4566993176},"type":"player","health":14,"armor":45,"id":4567120880}}
{"counter":10121,"type":"move","frame":{"millis":45029,"tic":1576},"actor":{"position":{"x":-16020160,"y":53403456,"z":0,"angle":3221225472,"subsector":4566993320},"type":"soldier","health":20,"id":4567138736}}
{"counter":10122,"type":"move","frame":{"millis":45029,"tic":1576},"actor":{"position":{"x":-16046336,"y":24419328,"z":0,"angle":2147483648,"subsector":4566993432},"type":"shotgun_soldier","health":30,"id":4567139792}}
{"counter":10123,"type":"move","frame":{"millis":45029,"tic":1576},"actor":{"position":{"x":-7852112,"y":18822688,"z":0,"angle":0,"subsector":4566993176},"type":"barrel","health":-5,"id":4567143224}}
{"counter":10124,"type":"move","frame":{"millis":45029,"tic":1576},"actor":{"position":{"x":-5348363,"y":22437943,"z":0,"angle":3758096384,"subsector":4566993240},"type":"shotgun_soldier","health":-5,"id":4567172528}}
{"counter":10125,"type":"move","frame":{"millis":45058,"tic":1577},"actor":{"position":{"x":-8281969,"y":6638679,"z":0,"angle":939524096,"subsector":4566993176},"type":"player","health":14,"armor":45,"id":4567120880}}
{"counter":10126,"type":"move","frame":{"millis":45058,"tic":1577},"actor":{"position":{"x":-8115498,"y":7494166,"z":0,"angle":939524096,"subsector":4566993176},"type":"player","health":14,"armor":45,"id":4567120880}}
{"counter":10127,"type":"move","frame":{"millis":45058,"tic":1577},"actor":{"position":{"x":-26913600,"y":52651456,"z":0,"angle":3221225472,"subsector":4566993384},"type":"shotgun_soldier","health":30,"id":4567155368}}
{"counter":10128,"type":"move","frame":{"millis":45058,"tic":1577},"actor":{"position":{"x":16997344,"y":1841888,"z":0,"angle":2684354560,"subsector":4566993048},"type":"spectre","health":150,"id":4567166984}}
{"counter":10129,"type":"move","frame":{"millis":45058,"tic":1577},"actor":{"position":{"x":-5345503,"y":22446621,"z":0,"angle":3758096384,"subsector":4566993240},"type":"shotgun_soldier","health":-5,"id":4567172528}}
{"counter":10130,"type":"move","frame":{"millis":45086,"tic":1578},"actor":{"position":{"x":-8115498,"y":7494166,"z":0,"angle":939524096,"subsector":4566993176},"type":"player","health":14,"armor":45,"id":4567120880}}
{"counter":10131,"type":"move","frame":{"millis":45087,"tic":1578},"actor":{"position":{"x":-7944697,"y":8369890,"z":0,"angle":939524096,"subsector":4566993176},"type":"player","health":14,"armor":45,"id":4567120880}}
{"counter":10132,"type":"move","frame":{"millis":45087,"tic":1578},"actor":{"position":{"x":-9993152,"y":79156928,"z":0,"angle":2684354560,"subsector":4566996760},"type":"soldier","health":20,"id":4567138472}}
{"counter":10133,"type":"move","frame":{"millis":45087,"tic":1578},"actor":{"position":{"x":-1975488,"y":78998080,"z":0,"angle":2147483648,"subsector":4566996760},"type":"shotgun_soldier","health":30,"id":4567155104}}
{"counter":10134,"type":"move","frame":{"millis":45087,"tic":1578},"actor":{"position":{"x":-23587904,"y":24588736,"z":0,"angle":3758096384,"subsector":4566993432},"type":"shotgun_soldier","health":30,"id":4567155632}}
{"counter":10135,"type":"move","frame":{"millis":45087,"tic":1578},"actor":{"position":{"x":-20246144,"y":52773120,"z":0,"angle":2684354560,"subsector":4566993320},"type":"shotgun_soldier","health":30,"id":4567155896}}
{"counter":10136,"type":"move","frame":{"millis":45087,"tic":1578},"actor":{"position":{"x":-5342912,"y":22454485,"z":0,"angle":3758096384,"subsector":4566993240},"type":"shotgun_soldier","health":-5,"id":4567172528}}
{"counter":10137,"type":"move","frame":{"millis":45115,"tic":1579},"actor":{"position":{"x":-7944697,"y":8369890,"z":0,"angle":939524096,"subsector":4566993176},"type":"player","health":14,"armor":45,"id":4567120880}}
{"counter":10138,"type":"move","frame":{"millis":45115,"tic":1579},"actor":{"position":{"x":-7769972,"y":9263953,"z":0,"angle":939524096,"subsector":4566993176},"type":"player","health":14,"armor":45,"id":4567120880}}
{"counter":10139,"type":"move","frame":{"millis":45115,"tic":1579},"actor":{"position":{"x":428800,"y":83430656,"z":0,"angle":536870912,"subsector":4566996760},"type":"soldier","health":20,"id":4567139000}}
{"counter":10140,"type":"move","frame":{"millis":45115,"tic":1579},"actor":{"position":{"x":-16570624,"y":24419328,"z":0,"angle":2147483648,"subsector":4566993432},"type":"shotgun_soldier","health":30,"id":4567139792}}
{"counter":10141,"type":"move","frame":{"millis":45115,"tic":1579},"actor":{"position":{"x":16527344,"y":1371888,"z":0,"angle":2684354560,"subsector":4566993048},"type":"spectre","health":150,"id":4567166984}}
{"counter":10142,"type":"move","frame":{"millis":45115,"tic":1579},"actor":{"position":{"x":-5340564,"y":22461611,"z":0,"angle":3758096384,"subsector":4566993240},"type":"shotgun_soldier","health":-5,"id":4567172528}}
{"counter":10143,"type":"move","frame":{"millis":45143,"tic":1580},"actor":{"position":{"x":-7769972,"y":9263953,"z":0,"angle":939524096,"subsector":4566993176},"type":"player","health":14,"armor":45,"id":4567120880}}
{"counter":10144,"type":"move","frame":{"millis":45143,"tic":1580},"actor":{"position":{"x":-7591691,"y":10174636,"z":0,"angle":939524096,"subsector":4566993176},"type":"player","health":14,"armor":45,"id":4567120880}}
{"counter":10145,"type":"move","frame":{"millis":45143,"tic":1580},"actor":{"position":{"x":-16020160,"y":52879168,"z":0,"angle":3221225472,"subsector":4566993320},"type":"soldier","health":20,"id":4567138736}}
{"counter":10146,"type":"move","frame":{"millis":45143,"tic":1580},"actor":{"position":{"x":-26389312,"y":52651456,"z":0,"angle":3221225472,"subsector":4566993384},"type":"shotgun_soldier","health":30,"id":4567155368}}
{"counter":10147,"type":"move","frame":{"millis":45144,"tic":1580},"actor":{"position":{"x":-5338437,"y":22468068,"z":0,"angle":3758096384,"subsector":4566993240},"type":"shotgun_soldier","health":-5,"id":4567172528}}
{"counter":10148,"type":"move","frame":{"millis":45172,"tic":1581},"actor":{"position":{"x":-7591691,"y":10174636,"z":0,"angle":956301312,"subsector":4566993176},"type":"player","health":14,"armor":45,"id":4567120880}}
{"counter":10149,"type":"move","frame":{"millis":45172,"tic":1581},"actor":{"position":{"x":-7412657,"y":11100840,"z":0,"angle":956301312,"subsector":4566993176},"type":"player","health":14,"armor":45,"id":4567120880}}
{"counter":10150,"type":"move","frame":{"millis":45172,"tic":1581},"actor":{"position":{"x":-2499776,"y":78998080,"z":0,"angle":2147483648,"subsector":4566996760},"type":"shotgun_soldier","health":30,"id":4567155104}}
{"counter":10151,"type":"move","frame":{"millis":45172,"tic":1581},"actor":{"position":{"x":-23063616,"y":24588736,"z":0,"angle":0,"subsector":4566993432},"type":"shotgun_soldier","health":30,"id":4567155632}}
{"counter":10152,"type":"move","frame":{"millis":45172,"tic":1581},"actor":{"position":{"x":-20770432,"y":52773120,"z":0,"angle":2147483648,"subsector":4566993320},"type":"shotgun_soldier","health":30,"id":4567155896}}
{"counter":10153,"type":"move","frame":{"millis":45172,"tic":1581},"actor":{"position":{"x":16057344,"y":901888,"z":0,"angle":2684354560,"subsector":4566993016},"type":"spectre","health":150,"id":4567166984}}
{"counter":10154,"type":"move","frame":{"millis":45172,"tic":1581},"actor":{"position":{"x":-5336510,"y":22473919,"z":0,"angle":3758096384,"subsector":4566993240},"type":"shotgun_soldier","health":-5,"id":4567172528}}
{"counter":10155,"type":"move","frame":{"millis":45200,"tic":1582},"actor":{"position":{"x":-7412657,"y":11100840,"z":0,"angle":956301312,"subsector":4566993176},"type":"player","health":14,"armor":45,"id":4567120880}}
{"counter":10156,"type":"move","frame":{"millis":45200,"tic":1582},"actor":{"position":{"x":-7232941,"y":12041110,"z":0,"angle":956301312,"subsector":4566993176},"type":"player","health":14,"armor":45,"id":4567120880}}
{"counter":10157,"type":"move","frame":{"millis":45200,"tic":1582},"actor":{"position":{"x":-9468864,"y":79156928,"z":0,"angle":3221225472,"subsector":4566996760},"type":"soldier","health":20,"id":4567138472}}
{"counter":10158,"type":"move","frame":{"millis":45200,"tic":1582},"actor":{"position":{"x":-17094912,"y":24419328,"z":0,"angle":2147483648,"subsector":4566993432},"type":"shotgun_soldier","health":30,"id":4567139792}}
{"counter":10159,"type":"move","frame":{"millis":45200,"tic":1582},"actor":{"position":{"x":-5334764,"y":22479221,"z":0,"angle":3758096384,"subsector":4566993240},"type":"shotgun_soldier","health":-5,"id":4567172528}}
{"counter":10160,"type":"move","frame":{"millis":45230,"tic":1583},"actor":{"position":{"x":-7232941,"y":12041110,"z":0,"angle":989855744,"subsector":4566993176},"type":"player","health":14,"armor":45,"id":4567120880}}
{"counter":10161,"type":"move","frame":{"millis":45230,"tic":1583},"actor":{"position":{"x":-7057579,"y":12994863,"z":0,"angle":989855744,"subsector":4566993176},"type":"player","health":14,"armor":45,"id":4567120880}}
{"counter":10162,"type":"move","frame":{"millis":45230,"tic":1583},"actor":{"position":{"x":804800,"y":83806656,"z":0,"angle":536870912,"subsector":4566996760},"type":"soldier","health":20,"id":4567139000}}
{"counter":10163,"type":"move","frame":{"millis":45230,"tic":1583},"actor":{"position":{"x":-25865024,"y":52651456,"z":0,"angle":3758096384,"subsector":4566993384},"type":"shotgun_soldier","health":30,"id":4567155368}}
{"counter":10164,"type":"move","frame":{"millis":45230,"tic":1583},"actor":{"position":{"x":15587344,"y":431888,"z":0,"angle":2684354560,"subsector":4566993016},"type":"spectre","health":150,"id":4567166984}}
{"counter":10165,"type":"move","frame":{"millis":45230,"tic":1583},"actor":{"position":{"x":-5333182,"y":22484025,"z":0,"angle":3758096384,"subsector":4566993240},"type":"shotgun_soldier","health":-5,"id":4567172528}}
{"counter":10166,"type":"move","frame":{"millis":45258,"tic":1584},"actor":{"position":{"x":-7057579,"y":12994863,"z":0,"angle":1073741824,"subsector":4566993176},"type":"player","health":14,"armor":45,"id":4567120880}}
{"counter":10167,"type":"move","frame":{"millis":45258,"tic":1584},"actor":{"position":{"x":-6898698,"y":13961599,"z":0,"angle":1073741824,"subsector":4566993176},"type":"player","health":14,"armor":45,"id":4567120880}}
{"counter":10168,"type":"move","frame":{"millis":45258,"tic":1584},"actor":{"position":{"x":-16396160,"y":53255168,"z":0,"angle":3221225472,"subsector":4566993320},"type":"soldier","health":20,"id":4567138736}}
{"counter":10169,"type":"move","frame":{"millis":45258,"tic":1584},"actor":{"position":{"x":-1784960,"y":2462592,"z":0,"angle":2684354560,"subsector":4566993176},"type":"soldier","health":20,"id":4567139528}}
{"counter":10170,"type":"move","frame":{"millis":45258,"tic":1584},"actor":{"position":{"x":-3024064,"y":78998080,"z":0,"angle":2147483648,"subsector":4566996760},"type":"shotgun_soldier","health":30,"id":4567155104}}
{"counter":10171,"type":"move","frame":{"millis":45258,"tic":1584},"actor":{"position":{"x":-22539328,"y":24588736,"z":0,"angle":0,"subsector":4566993432},"type":"shotgun_soldier","health":30,"id":4567155632}}
{"counter":10172,"type":"move","frame":{"millis":45258,"tic":1584},"actor":{"position":{"x":-21294720,"y":52773120,"z":0,"angle":2147483648,"subsector":4566993384},"type":"shotgun_soldier","health":30,"id":4567155896}}
{"counter":10173,"type":"move","frame":{"millis":45258,"tic":1584},"actor":{"position":{"x":-5331749,"y":22488378,"z":0,"angle":3758096384,"subsector":4566993240},"type":"shotgun_soldier","health":-5,"id":4567172528}}
{"counter":10174,"type":"move","frame":{"millis":45286,"tic":1585},"actor":{"position":{"x":-6898698,"y":13961599,"z":0,"angle":1191182336,"subsector":4566993176},"type":"player","health":14,"armor":45,"id":4567120880}}
{"counter":10175,"type":"move","frame":{"millis":45286,"tic":1585},"actor":{"position":{"x":-6764538,"y":14894198,"z":0,"angle":1191182336,"subsector":4566993176},"type":"player","health":14,"armor":45,"id":4567120880}}
{"counter":10176,"type":"move","frame":{"millis":45286,"tic":1585},"actor":{"position":{"x":-17619200,"y":24419328,"z":0,"angle":2147483648,"subsector":4566993432},"type":"shotgun_soldier","health":30,"id":4567139792}}
{"counter":10177,"type":"move","frame":{"millis":45286,"tic":1585},"actor":{"position":{"x":15587344,"y":1087248,"z":0,"angle":2684354560,"subsector":4566993048},"type":"spectre","health":150,"id":4567166984}}
{"counter":10178,"type":"move","frame":{"millis":45286,"tic":1585},"actor":{"position":{"x":-5330451,"y":22492322,"z":0,"angle":3758096384,"subsector":4566993240},"type":"shotgun_soldier","health":-5,"id":4567172528}}
{"counter":10179,"type":"move","frame":{"millis":45315,"tic":1586},"actor":{"position":{"x":-6764538,"y":14894198,"z":0,"angle":1476395008,"subsector":4566993176},"type":"player","health":14,"armor":45,"id":4567120880}}
{"counter":10180,"type":"move","frame":{"millis":45315,"tic":1586},"actor":{"position":{"x":-6634987,"y":15727448,"z":0,"angle":1476395008,"subsector":4566993176},"type":"player","health":14,"armor":45,"id":4567120880}}
{"counter":10181,"type":"move","frame":{"millis":45315,"tic":1586},"actor":{"position":{"x":-8944576,"y":79156928,"z":0,"angle":3758096384,"subsector":4566996760},"type":"soldier","health":20,"id":4567138472}}
{"counter":10182,"type":"move","frame":{"millis":45315,"tic":1586},"actor":{"position":{"x":-25340736,"y":52651456,"z":0,"angle":0,"subsector":4566993384},"type":"shotgun_soldier","health":30,"id":4567155368}}
{"counter":10183,"type":"move","frame":{"millis":45343,"tic":1587},"actor":{"position":{"x":-6634987,"y":15727448,"z":0,"angle":1660944384,"subsector":4566993176},"type":"player","health":14,"armor":45,"id":4567120880}}
{"counter":10184,"type":"move","frame":{"millis":45343,"tic":1587},"actor":{"position":{"x":-6492762,"y":16461186,"z":0,"angle":1660944384,"subsector":4566993176},"type":"player","health":14,"armor":45,"id":4567120880}}
{"counter":10185,"type":"move","frame":{"millis":45343,"tic":1587},"actor":{"position":{"x":1180800,"y":84182656,"z":0,"angle":536870912,"subsector":4566996760},"type":"soldier","health":20,"id":4567139000}}
{"counter":10186,"type":"move","frame":{"millis":45343,"tic":1587},"actor":{"position":{"x":-3548352,"y":78998080,"z":0,"angle":2147483648,"subsector":4566996760},"type":"shotgun_soldier","health":30,"id":4567155104}}
{"counter":10187,"type":"move","frame":{"millis":45343,"tic":1587},"actor":{"position":{"x":-22015040,"y":24588736,"z":0,"angle":0,"subsector":4566993432},"type":"shotgun_soldier","health":30,"id":4567155632}}
{"counter":10188,"type":"move","frame":{"millis":45343,"tic":1587},"actor":{"position":{"x":-21819008,"y":52773120,"z":0,"angle":2147483648,"subsector":4566993384},"type":"shotgun_soldier","health":30,"id":4567155896}}
{"counter":10189,"type":"move","frame":{"millis":45343,"tic":1587},"actor":{"position":{"x":15587344,"y":1742608,"z":0,"angle":2147483648,"subsector":4566993048},"type":"spectre","health":150,"id":4567166984}}
{"counter":10190,"type":"move","frame":{"millis":45372,"tic":1588},"actor":{"position":{"x":-6492762,"y":16461186,"z":0,"angle":1862270976,"subsector":4566993176},"type":"player","health":14,"armor":45,"id":4567120880}}
{"counter":10191,"type":"move","frame":{"millis":45372,"tic":1588},"actor":{"position":{"x":-6307694,"y":17101260,"z":0,"angle":1862270976,"subsector":4566993176},"type":"player","health":14,"armor":45,"id":4567120880}}
{"counter":10192,"type":"move","frame":{"millis":45372,"tic":1588},"actor":{"position":{"x":-16772160,"y":53631168,"z":0,"angle":2684354560,"subsector":4566993320},"type":"soldier","health":20,"id":4567138736}}
{"counter":10193,"type":"move","frame":{"millis":45372,"tic":1588},"actor":{"position":{"x":-2160960,"y":2838592,"z":0,"angle":2147483648,"subsector":4566993176},"type":"soldier","health":20,"id":4567139528}}
{"counter":10194,"type":"move","frame":{"millis":45372,"tic":1588},"actor":{"position":{"x":-18143488,"y":24419328,"z":0,"angle":2147483648,"subsector":4566993432},"type":"shotgun_soldier","health":30,"id":4567139792}}
{"counter":10195,"type":"move","frame":{"millis":45400,"tic":1589},"actor":{"position":{"x":-6307694,"y":17101260,"z":0,"angle":2264924160,"subsector":4566993176},"type":"player","health":14,"armor":45,"id":4567120880}}
{"counter":10196,"type":"move","frame":{"millis":45401,"tic":1589},"actor":{"position":{"x":-6039093,"y":17698870,"z":0,"angle":2264924160,"subsector":4566993176},"type":"player","health":14,"armor":45,"id":4567120880}}
{"counter":10197,"type":"move","frame":{"millis":45401,"tic":1589},"actor":{"position":{"x":-24816448,"y":52651456,"z":0,"angle":0,"subsector":4566993384},"type":"shotgun_soldier","health":30,"id":4567155368}}
{"counter":10198,"type":"move","frame":{"millis":45401,"tic":1589},"actor":{"position":{"x":15587344,"y":2397968,"z":0,"angle":1610612736,"subsector":4566993048},"type":"spectre","health":150,"id":4567166984}}
{"counter":10199,"type":"move","frame":{"millis":45430,"tic":1590},"actor":{"position":{"x":-6039093,"y":17698870,"z":0,"angle":2466250752,"subsector":4566993176},"type":"player","health":14,"armor":45,"id":4567120880}}
{"counter":10200,"type":"move","frame":{"millis":45430,"tic":1590},"actor":{"position":{"x":-5704226,"y":18286529,"z":0,"angle":2466250752,"subsector":4566993176},"type":"player","health":14,"armor":45,"id":4567120880}}
{"counter":10201,"type":"attacked","frame":{"millis":45430,"tic":1590},"actor":{"position":{"x":-8944576,"y":79156928,"z":0,"angle":0,"subsector":4566996760},"type":"soldier","health":20,"id":4567138472},"target":{"position":{"x":-5704226,"y":18286529,"z":0,"angle":2466250752,"subsector":4566993176},"type":"player","health":14,"armor":45,"id":4567120880}}
{"counter":10202,"type":"move","frame":{"millis":45430,"tic":1590},"actor":{"position":{"x":-4072640,"y":78998080,"z":0,"angle":2147483648,"subsector":4566996760},"type":"shotgun_soldier","health":30,"id":4567155104}}
{"counter":10203,"type":"move","frame":{"millis":45430,"tic":1590},"actor":{"position":{"x":-21490752,"y":24588736,"z":0,"angle":0,"subsector":4566993432},"type":"shotgun_soldier","health":30,"id":4567155632}}
{"counter":10204,"type":"move","frame":{"millis":45430,"tic":1590},"actor":{"position":{"x":-21443008,"y":53149120,"z":0,"angle":2147483648,"subsector":4566993384},"type":"shotgun_soldier","health":30,"id":4567155896}}
{"counter":10205,"type":"move","frame":{"millis":45458,"tic":1591},"actor":{"position":{"x":-5704226,"y":18286529,"z":0,"angle":2667577344,"subsector":4566993176},"type":"player","health":14,"armor":45,"id":4567120880}}
{"counter":10206,"type":"move","frame":{"millis":45458,"tic":1591},"actor":{"position":{"x":-5326619,"y":18889729,"z":0,"angle":2667577344,"subsector":4566993176},"type":"player","health":14,"armor":45,"id":4567120880}}
{"counter":10207,"type":"move","frame":{"millis":45458,"tic":1591},"actor":{"position":{"x":1180800,"y":83658368,"z":0,"angle":536870912,"subsector":4566996760},"type":"soldier","health":20,"id":4567139000}}
{"counter":10208,"type":"move","frame":{"millis":45458,"tic":1591},"actor":{"position":{"x":-18667776,"y":24419328,"z":0,"angle":2147483648,"subsector":4566993432},"type":"shotgun_soldier","health":30,"id":4567139792}}
{"counter":10209,"type":"move","frame":{"millis":45458,"tic":1591},"actor":{"position":{"x":15587344,"y":3053328,"z":0,"angle":1073741824,"subsector":4566993048},"type":"spectre","health":150,"id":4567166984}}
{"counter":10210,"type":"move","frame":{"millis":45486,"tic":1592},"actor":{"position":{"x":-5326619,"y":18889729,"z":0,"angle":2868903936,"subsector":4566993176},"type":"player","health":14,"armor":45,"id":4567120880}}
{"counter":10211,"type":"move","frame":{"millis":45486,"tic":1592},"actor":{"position":{"x":-4933976,"y":19525494,"z":0,"angle":2868903936,"subsector":4566993176},"type":"player","health":14,"armor":45,"id":4567120880}}
{"counter":10212,"type":"move","frame":{"millis":45486,"tic":1592},"actor":{"position":{"x":-17148160,"y":54007168,"z":0,"angle":2147483648,"subsector":4566993320},"type":"soldier","health":20,"id":4567138736}}
{"counter":10213,"type":"move","frame":{"millis":45486,"tic":1592},"actor":{"position":{"x":-2536960,"y":3214592,"z":0,"angle":1610612736,"subsector":4566993176},"type":"soldier","health":20,"id":4567139528}}
{"counter":10214,"type":"move","frame":{"millis":45486,"tic":1592},"actor":{"position":{"x":-24292160,"y":52651456,"z":0,"angle":0,"subsector":4566993384},"type":"shotgun_soldier","health":30,"id":4567155368}}
{"counter":10215,"type":"move","frame":{"millis":45515,"tic":1593},"actor":{"position":{"x":-4933976,"y":19525494,"z":0,"angle":3137339392,"subsector":4566993176},"type":"player","health":14,"armor":45,"id":4567120880}}
{"counter":10216,"type":"move","frame":{"millis":45515,"tic":1593},"actor":{"position":{"x":-4565649,"y":20203290,"z":0,"angle":3137339392,"subsector":4566993224},"type":"player","health":14,"armor":45,"id":4567120880}}
{"counter":10217,"type":"move","frame":{"millis":45515,"tic":1593},"actor":{"position":{"x":-3696640,"y":79374080,"z":0,"angle":2147483648,"subsector":4566996760},"type":"shotgun_soldier","health":30,"id":4567155104}}
{"counter":10218,"type":"move","frame":{"millis":45515,"tic":1593},"actor":{"position":{"x":-21490752,"y":25113024,"z":0,"angle":0,"subsector":4566993432},"type":"shotgun_soldier","health":30,"id":4567155632}}
{"counter":10219,"type":"move","frame":{"millis":45515,"tic":1593},"actor":{"position":{"x":-21067008,"y":53525120,"z":0,"angle":1610612736,"subsector":4566993384},"type":"shotgun_soldier","health":30,"id":4567155896}}
{"counter":10220,"type":"move","frame":{"millis":45515,"tic":1593},"actor":{"position":{"x":15587344,"y":3708688,"z":0,"angle":1073741824,"subsector":4566993048},"type":"spectre","health":150,"id":4567166984}}
{"counter":10221,"type":"move","frame":{"millis":45544,"tic":1594},"actor":{"position":{"x":-4565649,"y":20203290,"z":0,"angle":3154116608,"subsector":4566993224},"type":"player","health":14,"armor":45,"id":4567120880}}
{"counter":10222,"type":"move","frame":{"millis":45544,"tic":1594},"actor":{"position":{"x":-4227055,"y":20866458,"z":0,"angle":3154116608,"subsector":4566993224},"type":"player","health":14,"armor":45,"id":4567120880}}
{"counter":10223,"type":"move","frame":{"millis":45544,"tic":1594},"actor":{"position":{"x":-18291776,"y":24795328,"z":0,"angle":2147483648,"subsector":4566993432},"type":"shotgun_soldier","health":30,"id":4567139792}}
{"counter":10224,"type":"enter_subsector","frame":{"millis":45572,"tic":1595},"actor":{"position":{"x":-3920205,"y":21467454,"z":0,"angle":3154116608,"subsector":4566993256},"type":"player","health":14,"armor":45,"id":4567120880}}
{"counter":10225,"type":"move","frame":{"millis":45572,"tic":1595},"actor":{"position":{"x":-3920205,"y":21467454,"z":0,"angle":3154116608,"subsector":4566993256},"type":"player","health":14,"armor":45,"id":4567120880}}
{"counter":10226,"type":"move","frame":{"millis":45572,"tic":1595},"actor":{"position":{"x":1180800,"y":83134080,"z":0,"angle":0,"subsector":4566996760},"type":"soldier","health":20,"id":4567139000}}
{"counter":10227,"type":"move","frame":{"millis":45573,"tic":1595},"actor":{"position":{"x":-23767872,"y":52651456,"z":0,"angle":0,"subsector":4566993384},"type":"shotgun_soldier","health":30,"id":4567155368}}
{"counter":10228,"type":"move","frame":{"millis":45573,"tic":1595},"actor":{"position":{"x":15117344,"y":4178688,"z":0,"angle":1073741824,"subsector":4566993048},"type":"spectre","health":150,"id":4567166984}}
{"counter":10229,"type":"move","frame":{"millis":45601,"tic":1596},"actor":{"position":{"x":-3642123,"y":22012106,"z":0,"angle":3154116608,"subsector":4566993256},"type":"player","health":14,"armor":45,"id":4567120880}}
{"counter":10230,"type":"move","frame":{"millis":45601,"tic":1596},"actor":{"position":{"x":-17524160,"y":54383168,"z":0,"angle":1610612736,"subsector":4566993320},"type":"soldier","health":20,"id":4567138736}}
{"counter":10231,"type":"move","frame":{"millis":45601,"tic":1596},"actor":{"position":{"x":-2912960,"y":3590592,"z":0,"angle":1610612736,"subsector":4566993176},"type":"soldier","health":20,"id":4567139528}}
{"counter":10232,"type":"move","frame":{"millis":45601,"tic":1596},"actor":{"position":{"x":-3320640,"y":79750080,"z":0,"angle":1610612736,"subsector":4566996760},"type":"shotgun_soldier","health":30,"id":4567155104}}
{"counter":10233,"type":"move","frame":{"millis":45601,"tic":1596},"actor":{"position":{"x":-21490752,"y":25637312,"z":0,"angle":536870912,"subsector":4566993432},"type":"shotgun_soldier","health":30,"id":4567155632}}
{"counter":10234,"type":"move","frame":{"millis":45601,"tic":1596},"actor":{"position":{"x":-20691008,"y":53901120,"z":0,"angle":1073741824,"subsector":4566993320},"type":"shotgun_soldier","health":30,"id":4567155896}}
{"counter":10235,"type":"enter_subsector","frame":{"millis":45630,"tic":1597},"actor":{"position":{"x":-3390112,"y":22505696,"z":0,"angle":3154116608,"subsector":4566993240},"type":"player","health":14,"armor":45,"id":4567120880}}
{"counter":10236,"type":"move","frame":{"millis":45630,"tic":1597},"actor":{"position":{"x":-3390112,"y":22505696,"z":0,"angle":3154116608,"subsector":4566993240},"type":"player","health":14,"armor":45,"id":4567120880}}
{"counter":10237,"type":"move","frame":{"millis":45630,"tic":1597},"actor":{"position":{"x":-17915776,"y":25171328,"z":0,"angle":1610612736,"subsector":4566993432},"type":"shotgun_soldier","health":30,"id":4567139792}}
{"counter":10238,"type":"move","frame":{"millis":45630,"tic":1597},"actor":{"position":{"x":14647344,"y":4648688,"z":0,"angle":1610612736,"subsector":4566993032},"type":"spectre","health":150,"id":4567166984}}
{"counter":10239,"type":"move","frame":{"millis":45658,"tic":1598},"actor":{"position":{"x":-3161728,"y":22953011,"z":0,"angle":3154116608,"subsector":4566993240},"type":"player","health":14,"armor":45,"id":4567120880}}
{"counter":10240,"type":"move","frame":{"millis":45658,"tic":1598},"actor":{"position":{"x":-23391872,"y":52275456,"z":0,"angle":0,"subsector":4566993384},"type":"shotgun_soldier","health":30,"id":4567155368}}
{"counter":10241,"type":"move","frame":{"millis":45686,"tic":1599},"actor":{"position":{"x":-2954755,"y":23358390,"z":0,"angle":3154116608,"subsector":4566993432},"type":"player","health":14,"armor":45,"id":4567120880}}
{"counter":10242,"type":"move","frame":{"millis":45686,"tic":1599},"actor":{"position":{"x":1180800,"y":82609792,"z":0,"angle":3758096384,"subsector":4566996760},"type":"soldier","health":20,"id":4567139000}}
{"counter":10243,"type":"move","frame":{"millis":45686,"tic":1599},"actor":{"position":{"x":-2944640,"y":80126080,"z":0,"angle":1073741824,"subsector":4566996760},"type":"shotgun_soldier","health":30,"id":4567155104}}
{"counter":10244,"type":"move","frame":{"millis":45686,"tic":1599},"actor":{"position":{"x":-21490752,"y":26161600,"z":0,"angle":1073741824,"subsector":4566993432},"type":"shotgun_soldier","health":30,"id":4567155632}}
{"counter":10245,"type":"move","frame":{"millis":45686,"tic":1599},"actor":{"position":{"x":-20315008,"y":54277120,"z":0,"angle":536870912,"subsector":4566993320},"type":"shotgun_soldier","health":30,"id":4567155896}}
{"counter":10246,"type":"move","frame":{"millis":45686,"tic":1599},"actor":{"position":{"x":14177344,"y":5118688,"z":0,"angle":1610612736,"subsector":4566993032},"type":"spectre","health":150,"id":4567166984}}
{"counter":10247,"type":"move","frame":{"millis":45715,"tic":1600},"actor":{"position":{"x":-2767186,"y":23725764,"z":0,"angle":3154116608,"subsector":4566993432},"type":"player","health":14,"armor":45,"id":4567120880}}
{"counter":10248,"type":"move","frame":{"millis":45715,"tic":1600},"actor":{"position":{"x":-17524160,"y":53858880,"z":0,"angle":1610612736,"subsector":4566993320},"type":"soldier","health":20,"id":4567138736}}
{"counter":10249,"type":"move","frame":{"millis":45715,"tic":1600},"actor":{"position":{"x":-3288960,"y":3966592,"z":0,"angle":1610612736,"subsector":4566993176},"type":"soldier","health":20,"id":4567139528}}
{"counter":10250,"type":"move","frame":{"millis":45715,"tic":1600},"actor":{"position":{"x":-17539776,"y":25547328,"z":0,"angle":1073741824,"subsector":4566993432},"type":"shotgun_soldier","health":30,"id":4567139792}}
{"counter":10251,"type":"move","frame":{"millis":45743,"tic":1601},"actor":{"position":{"x":-2597202,"y":24058696,"z":0,"angle":3154116608,"subsector":4566993432},"type":"player","health":14,"armor":45,"id":4567120880}}
{"counter":10252,"type":"move","frame":{"millis":45743,"tic":1601},"actor":{"position":{"x":-23015872,"y":52651456,"z":0,"angle":3758096384,"subsector":4566993384},"type":"shotgun_soldier","health":30,"id":4567155368}}
{"counter":10253,"type":"move","frame":{"millis":45743,"tic":1601},"actor":{"position":{"x":13707344,"y":5588688,"z":0,"angle":1610612736,"subsector":4566993032},"type":"spectre","health":150,"id":4567166984}}
{"counter":10254,"type":"move","frame":{"millis":45773,"tic":1602},"actor":{"position":{"x":-2597202,"y":24058696,"z":0,"angle":3154116608,"subsector":4566993432},"type":"player","health":14,"armor":45,"id":4567120880}}
{"counter":10255,"type":"move","frame":{"millis":45773,"tic":1602},"actor":{"position":{"x":-2442955,"y":24362453,"z":0,"angle":3154116608,"subsector":4566993432},"type":"player","health":14,"armor":45,"id":4567120880}}
{"counter":10256,"type":"move","frame":{"millis":45773,"tic":1602},"actor":{"position":{"x":-2568640,"y":80502080,"z":0,"angle":536870912,"subsector":4566996760},"type":"shotgun_soldier","health":30,"id":4567155104}}
{"counter":10257,"type":"move","frame":{"millis":45773,"tic":1602},"actor":{"position":{"x":-21490752,"y":26685888,"z":0,"angle":1073741824,"subsector":4566993432},"type":"shotgun_soldier","health":30,"id":4567155632}}
{"counter":10258,"type":"move","frame":{"millis":45773,"tic":1602},"actor":{"position":{"x":-20315008,"y":53752832,"z":0,"angle":536870912,"subsector":4566993320},"type":"shotgun_soldier","health":30,"id":4567155896}}
{"counter":10259,"type":"move","frame":{"millis":45800,"tic":1603},"actor":{"position":{"x":-2442955,"y":24362453,"z":0,"angle":3154116608,"subsector":4566993432},"type":"player","health":14,"armor":45,"id":4567120880}}
{"counter":10260,"type":"move","frame":{"millis":45800,"tic":1603},"actor":{"position":{"x":-2305169,"y":24617350,"z":0,"angle":3154116608,"subsector":4566993432},"type":"player","health":14,"armor":45,"id":4567120880}}
{"counter":10261,"type":"attacked","frame":{"millis":45800,"tic":1603},"actor":{"position":{"x":1180800,"y":82609792,"z":0,"angle":3221225472,"subsector":4566996760},"type":"soldier","health":20,"id":4567139000},"target":{"position":{"x":-2305169,"y":24617350,"z":0,"angle":3154116608,"subsector":4566993432},"type":"player","health":14,"armor":45,"id":4567120880}}
{"counter":10262,"type":"move","frame":{"millis":45800,"tic":1603},"actor":{"position":{"x":-17163776,"y":25923328,"z":0,"angle":536870912,"subsector":4566993432},"type":"shotgun_soldier","health":30,"id":4567139792}}
{"counter":10263,"type":"move","frame":{"millis":45800,"tic":1603},"actor":{"position":{"x":13237344,"y":6058688,"z":0,"angle":1610612736,"subsector":4566993032},"type":"spectre","health":150,"id":4567166984}}
{"counter":10264,"type":"move","frame":{"millis":45829,"tic":1604},"actor":{"position":{"x":-2305169,"y":24617350,"z":0,"angle":3137339392,"subsector":4566993432},"type":"player","health":14,"armor":45,"id":4567120880}}
{"counter":10265,"type":"move","frame":{"millis":45829,"tic":1604},"actor":{"position":{"x":-2192797,"y":24746715,"z":0,"angle":3137339392,"subsector":4566993432},"type":"player","health":14,"armor":45,"id":4567120880}}
{"counter":10266,"type":"move","frame":{"millis":45829,"tic":1604},"actor":{"position":{"x":-17524160,"y":53334592,"z":0,"angle":2147483648,"subsector":4566993320},"type":"soldier","health":20,"id":4567138736}}
{"counter":10267,"type":"move","frame":{"millis":45829,"tic":1604},"actor":{"position":{"x":-3664960,"y":4342592,"z":0,"angle":1610612736,"subsector":4566993176},"type":"soldier","health":20,"id":4567139528}}
{"counter":10268,"type":"move","frame":{"millis":45829,"tic":1604},"actor":{"position":{"x":-23540160,"y":52651456,"z":0,"angle":0,"subsector":4566993384},"type":"shotgun_soldier","health":30,"id":4567155368}}
{"counter":10269,"type":"move","frame":{"millis":45858,"tic":1605},"actor":{"position":{"x":-2192797,"y":24746715,"z":0,"angle":3154116608,"subsector":4566993432},"type":"player","health":14,"armor":45,"id":4567120880}}
{"counter":10270,"type":"move","frame":{"millis":45858,"tic":1605},"actor":{"position":{"x":-2100957,"y":24762042,"z":0,"angle":3154116608,"subsector":4566993432},"type":"player","health":14,"armor":45,"id":4567120880}}
{"counter":10271,"type":"move","frame":{"millis":45858,"tic":1605},"actor":{"position":{"x":-2192640,"y":80878080,"z":0,"angle":536870912,"subsector":4566996760},"type":"shotgun_soldier","health":30,"id":4567155104}}
{"counter":10272,"type":"move","frame":{"millis":45858,"tic":1605},"actor":{"position":{"x":-21490752,"y":27210176,"z":0,"angle":1073741824,"subsector":4566993432},"type":"shotgun_soldier","health":30,"id":4567155632}}
{"counter":10273,"type":"move","frame":{"millis":45858,"tic":1605},"actor":{"position":{"x":-20315008,"y":53228544,"z":0,"angle":0,"subsector":4566993320},"type":"shotgun_soldier","health":30,"id":4567155896}}
{"counter":10274,"type":"move","frame":{"millis":45858,"tic":1605},"actor":{"position":{"x":12767344,"y":6528688,"z":0,"angle":1610612736,"subsector":4566993032},"type":"spectre","health":150,"id":4567166984}}
{"counter":10275,"type":"move","frame":{"millis":45887,"tic":1606},"actor":{"position":{"x":-2100957,"y":24762042,"z":0,"angle":3170893824,"subsector":4566993432},"type":"player","health":14,"armor":45,"id":4567120880}}
{"counter":10276,"type":"move","frame":{"millis":45887,"tic":1606},"actor":{"position":{"x":-2025221,"y":24673807,"z":0,"angle":3170893824,"subsector":4566993432},"type":"player","health":14,"armor":45,"id":4567120880}}
{"counter":10277,"type":"move","frame":{"millis":45887,"tic":1606},"actor":{"position":{"x":-16787776,"y":26299328,"z":0,"angle":536870912,"subsector":4566993432},"type":"shotgun_soldier","health":30,"id":4567139792}}
{"counter":10278,"type":"move","frame":{"millis":45915,"tic":1607},"actor":{"position":{"x":-2025221,"y":24673807,"z":0,"angle":3170893824,"subsector":4566993432},"type":"player","health":14,"armor":45,"id":4567120880}}
{"counter":10279,"type":"move","frame":{"millis":45915,"tic":1607},"actor":{"position":{"x":-1964080,"y":24491719,"z":0,"angle":3170893824,"subsector":4566993432},"type":"player","health":14,"armor":45,"id":4567120880}}
{"counter":10280,"type":"move","frame":{"millis":45915,"tic":1607},"actor":{"position":{"x":-24064448,"y":52651456,"z":0,"angle":536870912,"subsector":4566993384},"type":"shotgun_soldier","health":30,"id":4567155368}}
{"counter":10281,"type":"move","frame":{"millis":45915,"tic":1607},"actor":{"position":{"x":12297344,"y":6998688,"z":0,"angle":1610612736,"subsector":4566993032},"type":"spectre","health":150,"id":4567166984}}
{"counter":10282,"type":"move","frame":{"millis":45943,"tic":1608},"actor":{"position":{"x":-1964080,"y":24491719,"z":0,"angle":3170893824,"subsector":4566993432},"type":"player","health":14,"armor":45,"id":4567120880}}
{"counter":10283,"type":"move","frame":{"millis":45944,"tic":1608},"actor":{"position":{"x":-1916165,"y":24224576,"z":0,"angle":3170893824,"subsector":4566993432},"type":"player","health":14,"armor":45,"id":4567120880}}
{"counter":10284,"type":"move","frame":{"millis":45944,"tic":1608},"actor":{"position":{"x":-17524160,"y":52810304,"z":0,"angle":2684354560,"subsector":4566993320},"type":"soldier","health":20,"id":4567138736}}
{"counter":10285,"type":"move","frame":{"millis":45944,"tic":1608},"actor":{"position":{"x":-4040960,"y":4718592,"z":0,"angle":1610612736,"subsector":4566993176},"type":"soldier","health":20,"id":4567139528}}
{"counter":10286,"type":"move","frame":{"millis":45944,"tic":1608},"actor":{"position":{"x":-1816640,"y":81254080,"z":0,"angle":536870912,"subsector":4566996760},"type":"shotgun_soldier","health":30,"id":4567155104}}
{"counter":10287,"type":"move","frame":{"millis":45944,"tic":1608},"actor":{"position":{"x":-21490752,"y":27734464,"z":0,"angle":1073741824,"subsector":4566993432},"type":"shotgun_soldier","health":30,"id":4567155632}}
{"counter":10288,"type":"move","frame":{"millis":45944,"tic":1608},"actor":{"position":{"x":-20315008,"y":52704256,"z":0,"angle":3758096384,"subsector":4566993320},"type":"shotgun_soldier","health":30,"id":4567155896}}
{"counter":10289,"type":"move","frame":{"millis":45972,"tic":1609},"actor":{"position":{"x":-1916165,"y":24224576,"z":0,"angle":3170893824,"subsector":4566993432},"type":"player","health":14,"armor":45,"id":4567120880}}
{"counter":10290,"type":"move","frame":{"millis":45972,"tic":1609},"actor":{"position":{"x":-1880237,"y":23880352,"z":0,"angle":3170893824,"subsector":4566993432},"type":"player","health":14,"armor":45,"id":4567120880}}
{"counter":10291,"type":"move","frame":{"millis":45972,"tic":1609},"actor":{"position":{"x":-16411776,"y":26675328,"z":0,"angle":536870912,"subsector":4566993432},"type":"shotgun_soldier","health":30,"id":4567139792}}
{"counter":10292,"type":"move","frame":{"millis":45972,"tic":1609},"actor":{"position":{"x":11827344,"y":7468688,"z":0,"angle":1610612736,"subsector":4566993032},"type":"spectre","health":150,"id":4567166984}}
{"counter":10293,"type":"move","frame":{"millis":46000,"tic":1610},"actor":{"position":{"x":-1880237,"y":23880352,"z":0,"angle":3170893824,"subsector":4566993432},"type":"player","health":14,"armor":45,"id":4567120880}}
{"counter":10294,"type":"move","frame":{"millis":46000,"tic":1610},"actor":{"position":{"x":-1855172,"y":23466274,"z":0,"angle":3170893824,"subsector":4566993432},"type":"player","health":14,"armor":45,"id":4567120880}}
{"counter":10295,"type":"move","frame":{"millis":46000,"tic":1610},"actor":{"position":{"x":-24588736,"y":52651456,"z":0,"angle":1073741824,"subsector":4566993384},"type":"shotgun_soldier","health":30,"id":4567155368}}
{"counter":10296,"type":"move","frame":{"millis":46029,"tic":1611},"actor":{"position":{"x":-1855172,"y":23466274,"z":0,"angle":3170893824,"subsector":4566993432},"type":"player","health":14,"armor":45,"id":4567120880}}
{"counter":10297,"type":"move","frame":{"millis":46029,"tic":1611},"actor":{"position":{"x":-1839951,"y":22988890,"z":0,"angle":3170893824,"subsector":4566993240},"type":"player","health":14,"armor":45,"id":4567120880}}
{"counter":10298,"type":"move","frame":{"millis":46029,"tic":1611},"actor":{"position":{"x":-1440640,"y":81630080,"z":0,"angle":536870912,"subsector":4566996760},"type":"shotgun_soldier","health":30,"id":4567155104}}
{"counter":10299,"type":"move","frame":{"millis":46029,"tic":1611},"actor":{"position":{"x":-21490752,"y":28258752,"z":0,"angle":1073741824,"subsector":4566993432},"type":"shotgun_soldier","health":30,"id":4567155632}}
{"counter":10300,"type":"move","frame":{"millis":46029,"tic":1611},"actor":{"position":{"x":-20691008,"y":53080256,"z":0,"angle":3221225472,"subsector":4566993320},"type":"shotgun_soldier","health":30,"id":4567155896}}
{"counter":10301,"type":"move","frame":{"millis":46029,"tic":1611},"actor":{"position":{"x":11357344,"y":7938688,"z":0,"angle":1610612736,"subsector":4566993032},"type":"spectre","health":150,"id":4567166984}}
{"counter":10302,"type":"move","frame":{"millis":46059,"tic":1612},"actor":{"position":{"x":-1839951,"y":22988890,"z":0,"angle":3170893824,"subsector":4566993240},"type":"player","health":14,"armor":45,"id":4567120880}}
{"weapon_type":2,"counter":10303,"type":"attacked","frame":{"millis":46059,"tic":1612},"actor":{"position":{"x":-1839951,"y":22988890,"z":0,"angle":3170893824,"subsector":4566993240},"type":"player","health":14,"armor":45,"id":4567120880}}
{"counter":10304,"type":"move","frame":{"millis":46059,"tic":1612},"actor":{"position":{"x":-1833651,"y":22454135,"z":0,"angle":3170893824,"subsector":4566993240},"type":"player","health":14,"armor":45,"id":4567120880}}
{"counter":10305,"type":"move","frame":{"millis":46059,"tic":1612},"actor":{"position":{"x":-16999872,"y":52810304,"z":0,"angle":3221225472,"subsector":4566993320},"type":"soldier","health":20,"id":4567138736}}
{"counter":10306,"type":"move","frame":{"millis":46059,"tic":1612},"actor":{"position":{"x":-4416960,"y":5094592,"z":0,"angle":1610612736,"subsector":4566993176},"type":"soldier","health":20,"id":4567139528}}
{"counter":10307,"type":"move","frame":{"millis":46059,"tic":1612},"actor":{"position":{"x":-16035776,"y":27051328,"z":0,"angle":536870912,"subsector":4566993432},"type":"shotgun_soldier","health":30,"id":4567139792}}
{"counter":10308,"type":"move","frame":{"millis":46086,"tic":1613},"actor":{"position":{"x":-1833651,"y":22454135,"z":0,"angle":3170893824,"subsector":4566993240},"type":"player","health":14,"armor":45,"id":4567120880}}
{"counter":10309,"type":"enter_subsector","frame":{"millis":46086,"tic":1613},"actor":{"position":{"x":-1835436,"y":21867388,"z":0,"angle":3170893824,"subsector":4566993256},"type":"player","health":14,"armor":45,"id":4567120880}}
{"counter":10310,"type":"move","frame":{"millis":46086,"tic":1613},"actor":{"position":{"x":-1835436,"y":21867388,"z":0,"angle":3170893824,"subsector":4566993256},"type":"player","health":14,"armor":45,"id":4567120880}}
{"counter":10311,"type":"move","frame":{"millis":46086,"tic":1613},"actor":{"position":{"x":-25113024,"y":52651456,"z":0,"angle":1610612736,"subsector":4566993384},"type":"shotgun_soldier","health":30,"id":4567155368}}
{"counter":10312,"type":"move","frame":{"millis":46086,"tic":1613},"actor":{"position":{"x":10887344,"y":8408688,"z":0,"angle":1610612736,"subsector":4566993032},"type":"spectre","health":150,"id":4567166984}}
{"counter":10313,"type":"move","frame":{"millis":46115,"tic":1614},"actor":{"position":{"x":-1835436,"y":21867388,"z":0,"angle":3170893824,"subsector":4566993256},"type":"player","health":14,"armor":45,"id":4567120880}}
{"counter":10314,"type":"move","frame":{"millis":46115,"tic":1614},"actor":{"position":{"x":-1844548,"y":21233523,"z":0,"angle":3170893824,"subsector":4566993256},"type":"player","health":14,"armor":45,"id":4567120880}}
{"counter":10315,"type":"move","frame":{"millis":46115,"tic":1614},"actor":{"position":{"x":-1440640,"y":81105792,"z":0,"angle":536870912,"subsector":4566996760},"type":"shotgun_soldier","health":30,"id":4567155104}}
{"counter":10316,"type":"move","frame":{"millis":46115,"tic":1614},"actor":{"position":{"x":-21490752,"y":28783040,"z":0,"angle":1073741824,"subsector":4566993432},"type":"shotgun_soldier","health":30,"id":4567155632}}
{"counter":10317,"type":"move","frame":{"millis":46115,"tic":1614},"actor":{"position":{"x":-21067008,"y":53456256,"z":0,"angle":2684354560,"subsector":4566993384},"type":"shotgun_soldier","health":30,"id":4567155896}}
{"counter":10318,"type":"move","frame":{"millis":46143,"tic":1615},"actor":{"position":{"x":-1844548,"y":21233523,"z":0,"angle":3170893824,"subsector":4566993256},"type":"player","health":14,"armor":45,"id":4567120880}}
{"damage":15,"counter":10319,"type":"hit","frame":{"millis":46143,"tic":1615},"actor":{"position":{"x":-1844548,"y":21233523,"z":0,"angle":3170893824,"subsector":4566993256},"type":"player","health":14,"armor":45,"id":4567120880},"target":{"position":{"x":-4416960,"y":5094592,"z":0,"angle":1610612736,"subsector":4566993176},"type":"soldier","health":5,"id":4567139528}}
{"counter":10320,"type":"targeted","frame":{"millis":46143,"tic":1615},"actor":{"position":{"x":-1844548,"y":21233523,"z":0,"angle":3170893824,"subsector":4566993256},"type":"player","health":14,"armor":45,"id":4567120880},"target":{"position":{"x":-4416960,"y":5094592,"z":0,"angle":1610612736,"subsector":4566993176},"type":"soldier","health":5,"id":4567139528}}
{"damage":10,"counter":10321,"type":"hit","frame":{"millis":46143,"tic":1615},"actor":{"position":{"x":-1844548,"y":21233523,"z":0,"angle":3170893824,"subsector":4566993256},"type":"player","health":14,"armor":45,"id":4567120880},"target":{"position":{"x":-4416960,"y":5094592,"z":0,"angle":1610612736,"subsector":4566993176},"type":"soldier","health":-5,"id":4567139528}}
{"counter":10322,"type":"killed","frame":{"millis":46143,"tic":1615},"actor":{"position":{"x":-1844548,"y":21233523,"z":0,"angle":3170893824,"subsector":4566993256},"type":"player","health":14,"armor":45,"id":4567120880},"target":{"position":{"x":-4416960,"y":5094592,"z":0,"angle":1610612736,"subsector":4566993176},"type":"soldier","health":-5,"id":4567139528}}
{"counter":10323,"type":"enter_subsector","frame":{"millis":46143,"tic":1615},"actor":{"position":{"x":-1860300,"y":20556957,"z":0,"angle":3170893824,"subsector":4566993224},"type":"player","health":14,"armor":45,"id":4567120880}}
{"counter":10324,"type":"move","frame":{"millis":46143,"tic":1615},"actor":{"position":{"x":-1860300,"y":20556957,"z":0,"angle":3170893824,"subsector":4566993224},"type":"player","health":14,"armor":45,"id":4567120880}}
{"counter":10325,"type":"move","frame":{"millis":46143,"tic":1615},"actor":{"position":{"x":-4449105,"y":4892332,"z":0,"angle":1610612736,"subsector":4566993176},"type":"soldier","health":-5,"id":4567139528}}
{"counter":10326,"type":"move","frame":{"millis":46143,"tic":1615},"actor":{"position":{"x":-15659776,"y":27427328,"z":0,"angle":536870912,"subsector":4566993432},"type":"shotgun_soldier","health":30,"id":4567139792}}
{"counter":10327,"type":"move","frame":{"millis":46143,"tic":1615},"actor":{"position":{"x":10417344,"y":8878688,"z":0,"angle":1610612736,"subsector":4566993032},"type":"spectre","health":150,"id":4567166984}}
{"counter":10328,"type":"move","frame":{"millis":46173,"tic":1616},"actor":{"position":{"x":-1860300,"y":20556957,"z":0,"angle":3170893824,"subsector":4566993224},"type":"player","health":14,"armor":45,"id":4567120880}}
{"counter":10329,"type":"move","frame":{"millis":46173,"tic":1616},"actor":{"position":{"x":-1882070,"y":19841694,"z":0,"angle":3170893824,"subsector":4566993176},"type":"player","health":14,"armor":45,"id":4567120880}}
{"counter":10330,"type":"move","frame":{"millis":46173,"tic":1616},"actor":{"position":{"x":-8420288,"y":79156928,"z":0,"angle":3758096384,"subsector":4566996760},"type":"soldier","health":20,"id":4567138472}}
{"counter":10331,"type":"move","frame":{"millis":46173,"tic":1616},"actor":{"position":{"x":-16475584,"y":52810304,"z":0,"angle":3758096384,"subsector":4566993320},"type":"soldier","health":20,"id":4567138736}}
{"counter":10332,"type":"move","frame":{"millis":46173,"tic":1616},"actor":{"position":{"x":-4478237,"y":4709033,"z":0,"angle":1610612736,"subsector":4566993176},"type":"soldier","health":-5,"id":4567139528}}
{"counter":10333,"type":"move","frame":{"millis":46173,"tic":1616},"actor":{"position":{"x":-25637312,"y":52651456,"z":0,"angle":2147483648,"subsector":4566993384},"type":"shotgun_soldier","health":30,"id":4567155368}}
{"counter":10334,"type":"move","frame":{"millis":46200,"tic":1617},"actor":{"position":{"x":-1882070,"y":19841694,"z":0,"angle":3170893824,"subsector":4566993176},"type":"player","health":14,"armor":45,"id":4567120880}}
{"counter":10335,"type":"move","frame":{"millis":46200,"tic":1617},"actor":{"position":{"x":-1909294,"y":19091361,"z":0,"angle":3170893824,"subsector":4566993176},"type":"player","health":14,"armor":45,"id":4567120880}}
{"counter":10336,"type":"move","frame":{"millis":46200,"tic":1617},"actor":{"position":{"x":-4504638,"y":4542918,"z":0,"angle":1610612736,"subsector":4566993176},"type":"soldier","health":-5,"id":4567139528}}
{"counter":10337,"type":"move","frame":{"millis":46200,"tic":1617},"actor":{"position":{"x":-1440640,"y":80581504,"z":0,"angle":0,"subsector":4566996760},"type":"shotgun_soldier","health":30,"id":4567155104}}
{"counter":10338,"type":"move","frame":{"millis":46200,"tic":1617},"actor":{"position":{"x":-21490752,"y":29307328,"z":0,"angle":1073741824,"subsector":4566993432},"type":"shotgun_soldier","health":30,"id":4567155632}}
{"counter":10339,"type":"move","frame":{"millis":46200,"tic":1617},"actor":{"position":{"x":-21067008,"y":52931968,"z":0,"angle":2147483648,"subsector":4566993384},"type":"shotgun_soldier","health":30,"id":4567155896}}
{"counter":10340,"type":"move","frame":{"millis":46200,"tic":1617},"actor":{"position":{"x":9947344,"y":9348688,"z":0,"angle":1610612736,"subsector":4566993032},"type":"spectre","health":150,"id":4567166984}}
{"counter":10341,"type":"move","frame":{"millis":46229,"tic":1618},"actor":{"position":{"x":-1909294,"y":19091361,"z":0,"angle":3170893824,"subsector":4566993176},"type":"player","health":14,"armor":45,"id":4567120880}}
{"counter":10342,"type":"move","frame":{"millis":46229,"tic":1618},"actor":{"position":{"x":-1941460,"y":18309246,"z":0,"angle":3170893824,"subsector":4566993176},"type":"player","health":14,"armor":45,"id":4567120880}}
{"counter":10343,"type":"move","frame":{"millis":46229,"tic":1618},"actor":{"position":{"x":-4528564,"y":4392376,"z":0,"angle":1610612736,"subsector":4566993176},"type":"soldier","health":-5,"id":4567139528}}
{"counter":10344,"type":"move","frame":{"millis":46229,"tic":1618},"actor":{"position":{"x":-15283776,"y":27803328,"z":0,"angle":536870912,"subsector":4566993432},"type":"shotgun_soldier","health":30,"id":4567139792}}
{"counter":10345,"type":"move","frame":{"millis":46258,"tic":1619},"actor":{"position":{"x":-1941460,"y":18309246,"z":0,"angle":3170893824,"subsector":4566993176},"type":"player","health":14,"armor":45,"id":4567120880}}
{"counter":10346,"type":"move","frame":{"millis":46258,"tic":1619},"actor":{"position":{"x":-1978105,"y":17498329,"z":0,"angle":3170893824,"subsector":4566993176},"type":"player","health":14,"armor":45,"id":4567120880}}
{"counter":10347,"type":"move","frame":{"millis":46258,"tic":1619},"actor":{"position":{"x":-4550247,"y":4255947,"z":0,"angle":1610612736,"subsector":4566993176},"type":"soldier","health":-5,"id":4567139528}}
{"counter":10348,"type":"move","frame":{"millis":46258,"tic":1619},"actor":{"position":{"x":-26161600,"y":52651456,"z":0,"angle":2147483648,"subsector":4566993384},"type":"shotgun_soldier","health":30,"id":4567155368}}
{"counter":10349,"type":"move","frame":{"millis":46258,"tic":1619},"actor":{"position":{"x":9477344,"y":9818688,"z":0,"angle":1610612736,"subsector":4566993032},"type":"spectre","health":150,"id":4567166984}}
{"counter":10350,"type":"move","frame":{"millis":46287,"tic":1620},"actor":{"position":{"x":-1978105,"y":17498329,"z":0,"angle":3170893824,"subsector":4566993176},"type":"player","health":14,"armor":45,"id":4567120880}}
{"counter":10351,"type":"move","frame":{"millis":46287,"tic":1620},"actor":{"position":{"x":-2018809,"y":16661310,"z":0,"angle":3170893824,"subsector":4566993176},"type":"player","health":14,"armor":45,"id":4567120880}}
{"counter":10352,"type":"move","frame":{"millis":46287,"tic":1620},"actor":{"position":{"x":-8796288,"y":79532928,"z":0,"angle":0,"subsector":4566996760},"type":"soldier","health":20,"id":4567138472}}
{"counter":10353,"type":"move","frame":{"millis":46287,"tic":1620},"actor":{"position":{"x":-16099584,"y":53186304,"z":0,"angle":0,"subsector":4566993320},"type":"soldier","health":20,"id":4567138736}}
{"counter":10354,"type":"move","frame":{"millis":46287,"tic":1620},"actor":{"position":{"x":-4569898,"y":4132308,"z":0,"angle":1610612736,"subsector":4566993176},"type":"soldier","health":-5,"id":4567139528}}
{"counter":10355,"type":"move","frame":{"millis":46287,"tic":1620},"actor":{"position":{"x":-1440640,"y":80057216,"z":0,"angle":3758096384,"subsector":4566996760},"type":"shotgun_soldier","health":30,"id":4567155104}}
{"counter":10356,"type":"move","frame":{"millis":46287,"tic":1620},"actor":{"position":{"x":-21490752,"y":29831616,"z":0,"angle":1073741824,"subsector":4566993432},"type":"shotgun_soldier","health":30,"id":4567155632}}
{"counter":10357,"type":"move","frame":{"millis":46287,"tic":1620},"actor":{"position":{"x":-20542720,"y":52931968,"z":0,"angle":2684354560,"subsector":4566993320},"type":"shotgun_soldier","health":30,"id":4567155896}}
{"counter":10358,"type":"move","frame":{"millis":46315,"tic":1621},"actor":{"position":{"x":-2018809,"y":16661310,"z":0,"angle":3170893824,"subsector":4566993176},"type":"player","health":14,"armor":45,"id":4567120880}}
{"counter":10359,"type":"move","frame":{"millis":46315,"tic":1621},"actor":{"position":{"x":-2063191,"y":15800636,"z":0,"angle":3170893824,"subsector":4566993176},"type":"player","health":14,"armor":45,"id":4567120880}}
{"counter":10360,"type":"move","frame":{"millis":46315,"tic":1621},"actor":{"position":{"x":-4587707,"y":4020260,"z":0,"angle":1610612736,"subsector":4566993176},"type":"soldier","health":-5,"id":4567139528}}
{"counter":10361,"type":"move","frame":{"millis":46315,"tic":1621},"actor":{"position":{"x":-14907776,"y":28179328,"z":0,"angle":536870912,"subsector":4566993432},"type":"shotgun_soldier","health":30,"id":4567139792}}
{"counter":10362,"type":"move","frame":{"millis":46315,"tic":1621},"actor":{"position":{"x":9007344,"y":10288688,"z":0,"angle":1610612736,"subsector":4566993032},"type":"spectre","health":150,"id":4567166984}}
{"counter":10363,"type":"move","frame":{"millis":46343,"tic":1622},"actor":{"position":{"x":-2063191,"y":15800636,"z":0,"angle":3170893824,"subsector":4566993176},"type":"player","health":14,"armor":45,"id":4567120880}}
{"counter":10364,"type":"move","frame":{"millis":46343,"tic":1622},"actor":{"position":{"x":-2110907,"y":14918525,"z":0,"angle":3170893824,"subsector":4566993176},"type":"player","health":14,"armor":45,"id":4567120880}}
{"counter":10365,"type":"move","frame":{"millis":46343,"tic":1622},"actor":{"position":{"x":-4603847,"y":3918716,"z":0,"angle":1610612736,"subsector":4566993176},"type":"soldier","health":-5,"id":4567139528}}
{"counter":10366,"type":"move","frame":{"millis":46343,"tic":1622},"actor":{"position":{"x":-26685888,"y":52651456,"z":0,"angle":2147483648,"subsector":4566993384},"type":"shotgun_soldier","health":30,"id":4567155368}}
{"counter":10367,"type":"move","frame":{"millis":46372,"tic":1623},"actor":{"position":{"x":-2110907,"y":14918525,"z":0,"angle":3170893824,"subsector":4566993176},"type":"player","health":14,"armor":45,"id":4567120880}}
{"counter":10368,"type":"move","frame":{"millis":46372,"tic":1623},"actor":{"position":{"x":-2161644,"y":14016986,"z":0,"angle":3170893824,"subsector":4566993176},"type":"player","health":14,"armor":45,"id":4567120880}}
{"counter":10369,"type":"move","frame":{"millis":46372,"tic":1623},"actor":{"position":{"x":-4618474,"y":3826691,"z":0,"angle":1610612736,"subsector":4566993176},"type":"soldier","health":-5,"id":4567139528}}
{"counter":10370,"type":"move","frame":{"millis":46372,"tic":1623},"actor":{"position":{"x":-1440640,"y":79532928,"z":0,"angle":3221225472,"subsector":4566996760},"type":"shotgun_soldier","health":30,"id":4567155104}}
{"counter":10371,"type":"move","frame":{"millis":46373,"tic":1623},"actor":{"position":{"x":-21114752,"y":29455616,"z":0,"angle":1073741824,"subsector":4566993432},"type":"shotgun_soldier","health":30,"id":4567155632}}
{"counter":10372,"type":"move","frame":{"millis":46373,"tic":1623},"actor":{"position":{"x":-20018432,"y":52931968,"z":0,"angle":3221225472,"subsector":4566993320},"type":"shotgun_soldier","health":30,"id":4567155896}}
{"counter":10373,"type":"move","frame":{"millis":46373,"tic":1623},"actor":{"position":{"x":8537344,"y":10758688,"z":0,"angle":1610612736,"subsector":4566993032},"type":"spectre","health":150,"id":4567166984}}
{"counter":10374,"type":"move","frame":{"millis":46400,"tic":1624},"actor":{"position":{"x":-2161644,"y":14016986,"z":0,"angle":3170893824,"subsector":4566993176},"type":"player","health":14,"armor":45,"id":4567120880}}
{"counter":10375,"type":"move","frame":{"millis":46400,"tic":1624},"actor":{"position":{"x":-2215119,"y":13097841,"z":0,"angle":3170893824,"subsector":4566993176},"type":"player","health":14,"armor":45,"id":4567120880}}
{"counter":10376,"type":"move","frame":{"millis":46400,"tic":1624},"actor":{"position":{"x":-9172288,"y":79908928,"z":0,"angle":536870912,"subsector":4566996760},"type":"soldier","health":20,"id":4567138472}}
{"counter":10377,"type":"move","frame":{"millis":46400,"tic":1624},"actor":{"position":{"x":-16099584,"y":53710592,"z":0,"angle":536870912,"subsector":4566993320},"type":"soldier","health":20,"id":4567138736}}
{"counter":10378,"type":"move","frame":{"millis":46400,"tic":1624},"actor":{"position":{"x":-4631730,"y":3743293,"z":0,"angle":1610612736,"subsector":4566993176},"type":"soldier","health":-5,"id":4567139528}}
{"counter":10379,"type":"move","frame":{"millis":46400,"tic":1624},"actor":{"position":{"x":-14531776,"y":28555328,"z":0,"angle":536870912,"subsector":4566993432},"type":"shotgun_soldier","health":30,"id":4567139792}}
{"counter":10380,"type":"move","frame":{"millis":46430,"tic":1625},"actor":{"position":{"x":-2215119,"y":13097841,"z":0,"angle":3137339392,"subsector":4566993176},"type":"player","health":14,"armor":45,"id":4567120880}}
{"counter":10381,"type":"move","frame":{"millis":46430,"tic":1625},"actor":{"position":{"x":-2276077,"y":12163230,"z":0,"angle":3137339392,"subsector":4566993176},"type":"player","health":14,"armor":45,"id":4567120880}}
{"counter":10382,"type":"move","frame":{"millis":46430,"tic":1625},"actor":{"position":{"x":-4643744,"y":3667713,"z":0,"angle":1610612736,"subsector":4566993176},"type":"soldier","health":-5,"id":4567139528}}
{"counter":10383,"type":"move","frame":{"millis":46430,"tic":1625},"actor":{"position":{"x":-27210176,"y":52651456,"z":0,"angle":2147483648,"subsector":4566993384},"type":"shotgun_soldier","health":30,"id":4567155368}}
{"counter":10384,"type":"move","frame":{"millis":46430,"tic":1625},"actor":{"position":{"x":8537344,"y":11414048,"z":0,"angle":1610612736,"subsector":4566993032},"type":"spectre","health":150,"id":4567166984}}
{"counter":10385,"type":"move","frame":{"millis":46459,"tic":1626},"actor":{"position":{"x":-2276077,"y":12163230,"z":0,"angle":3087007744,"subsector":4566993176},"type":"player","health":14,"armor":45,"id":4567120880}}
{"counter":10386,"type":"move","frame":{"millis":46459,"tic":1626},"actor":{"position":{"x":-2351259,"y":11215798,"z":0,"angle":3087007744,"subsector":4566993176},"type":"player","health":14,"armor":45,"id":4567120880}}
{"counter":10387,"type":"move","frame":{"millis":46459,"tic":1626},"actor":{"position":{"x":-4654632,"y":3599218,"z":0,"angle":1610612736,"subsector":4566993176},"type":"soldier","health":-5,"id":4567139528}}
{"counter":10388,"type":"move","frame":{"millis":46459,"tic":1626},"actor":{"position":{"x":-1816640,"y":79156928,"z":0,"angle":3221225472,"subsector":4566996760},"type":"shotgun_soldier","health":30,"id":4567155104}}
{"counter":10389,"type":"move","frame":{"millis":46459,"tic":1626},"actor":{"position":{"x":-20738752,"y":29079616,"z":0,"angle":536870912,"subsector":4566993432},"type":"shotgun_soldier","health":30,"id":4567155632}}
{"counter":10390,"type":"move","frame":{"millis":46459,"tic":1626},"actor":{"position":{"x":-19494144,"y":52931968,"z":0,"angle":3758096384,"subsector":4566993320},"type":"shotgun_soldier","health":30,"id":4567155896}}
{"counter":10391,"type":"move","frame":{"millis":46486,"tic":1627},"actor":{"position":{"x":-2351259,"y":11215798,"z":0,"angle":2986344448,"subsector":4566993176},"type":"player","health":14,"armor":45,"id":4567120880}}
{"counter":10392,"type":"move","frame":{"millis":46486,"tic":1627},"actor":{"position":{"x":-2453853,"y":10260760,"z":0,"angle":2986344448,"subsector":4566993176},"type":"player","health":14,"armor":45,"id":4567120880}}
{"counter":10393,"type":"move","frame":{"millis":46486,"tic":1627},"actor":{"position":{"x":-4664500,"y":3537144,"z":0,"angle":1610612736,"subsector":4566993176},"type":"soldier","health":-5,"id":4567139528}}
{"counter":10394,"type":"move","frame":{"millis":46486,"tic":1627},"actor":{"position":{"x":-14155776,"y":28931328,"z":0,"angle":536870912,"subsector":4566993432},"type":"shotgun_soldier","health":30,"id":4567139792}}
{"counter":10395,"type":"move","frame":{"millis":46486,"tic":1627},"actor":{"position":{"x":8537344,"y":12069408,"z":0,"angle":1073741824,"subsector":4566993032},"type":"spectre","health":150,"id":4567166984}}
{"counter":10396,"type":"move","frame":{"millis":46515,"tic":1628},"actor":{"position":{"x":-2453853,"y":10260760,"z":0,"angle":2885681152,"subsector":4566993176},"type":"player","health":14,"armor":45,"id":4567120880}}
{"counter":10397,"type":"move","frame":{"millis":46515,"tic":1628},"actor":{"position":{"x":-2595065,"y":9304929,"z":0,"angle":2885681152,"subsector":4566993176},"type":"player","health":14,"armor":45,"id":4567120880}}
{"counter":10398,"type":"move","frame":{"millis":46515,"tic":1628},"actor":{"position":{"x":-9548288,"y":80284928,"z":0,"angle":1073741824,"subsector":4566996760},"type":"soldier","health":20,"id":4567138472}}
{"counter":10399,"type":"move","frame":{"millis":46515,"tic":1628},"actor":{"position":{"x":-16099584,"y":54234880,"z":0,"angle":1073741824,"subsector":4566993320},"type":"soldier","health":20,"id":4567138736}}
{"counter":10400,"type":"move","frame":{"millis":46515,"tic":1628},"actor":{"position":{"x":-4673443,"y":3480889,"z":0,"angle":1610612736,"subsector":4566993176},"type":"soldier","health":-5,"id":4567139528}}
{"counter":10401,"type":"move","frame":{"millis":46515,"tic":1628},"actor":{"position":{"x":-27734464,"y":52651456,"z":0,"angle":2147483648,"subsector":4566993352},"type":"shotgun_soldier","health":30,"id":4567155368}}
{"counter":10402,"type":"move","frame":{"millis":46544,"tic":1629},"actor":{"position":{"x":-2595065,"y":9304929,"z":0,"angle":2852126720,"subsector":4566993176},"type":"player","health":14,"armor":45,"id":4567120880}}
{"counter":10403,"type":"move","frame":{"millis":46544,"tic":1629},"actor":{"position":{"x":-2775649,"y":8350855,"z":0,"angle":2852126720,"subsector":4566993176},"type":"player","health":14,"armor":45,"id":4567120880}}
{"counter":10404,"type":"move","frame":{"millis":46544,"tic":1629},"actor":{"position":{"x":804800,"y":82233792,"z":0,"angle":3221225472,"subsector":4566996760},"type":"soldier","health":20,"id":4567139000}}
{"counter":10405,"type":"move","frame":{"millis":46544,"tic":1629},"actor":{"position":{"x":-4681548,"y":3429907,"z":0,"angle":1610612736,"subsector":4566993176},"type":"soldier","health":-5,"id":4567139528}}
{"counter":10406,"type":"move","frame":{"millis":46544,"tic":1629},"actor":{"position":{"x":-2340928,"y":79156928,"z":0,"angle":2684354560,"subsector":4566996760},"type":"shotgun_soldier","health":30,"id":4567155104}}
{"counter":10407,"type":"move","frame":{"millis":46544,"tic":1629},"actor":{"position":{"x":-20362752,"y":28703616,"z":0,"angle":0,"subsector":4566993432},"type":"shotgun_soldier","health":30,"id":4567155632}}
{"counter":10408,"type":"move","frame":{"millis":46544,"tic":1629},"actor":{"position":{"x":-18969856,"y":52931968,"z":0,"angle":0,"subsector":4566993320},"type":"shotgun_soldier","health":30,"id":4567155896}}
{"counter":10409,"type":"move","frame":{"millis":46544,"tic":1629},"actor":{"position":{"x":8537344,"y":12724768,"z":0,"angle":1073741824,"subsector":4566993032},"type":"spectre","health":150,"id":4567166984}}
{"counter":10410,"type":"move","frame":{"millis":46572,"tic":1630},"actor":{"position":{"x":-2775649,"y":8350855,"z":0,"angle":2785017856,"subsector":4566993176},"type":"player","health":14,"armor":45,"id":4567120880}}
{"counter":10411,"type":"move","frame":{"millis":46572,"tic":1630},"actor":{"position":{"x":-3000272,"y":7403954,"z":0,"angle":2785017856,"subsector":4566993176},"type":"player","health":14,"armor":45,"id":4567120880}}
{"counter":10412,"type":"move","frame":{"millis":46572,"tic":1630},"actor":{"position":{"x":-4688894,"y":3383704,"z":0,"angle":1610612736,"subsector":4566993176},"type":"soldier","health":-5,"id":4567139528}}
{"counter":10413,"type":"move","frame":{"millis":46572,"tic":1630},"actor":{"position":{"x":-13779776,"y":29307328,"z":0,"angle":536870912,"subsector":4566993432},"type":"shotgun_soldier","health":30,"id":4567139792}}
{"counter":10414,"type":"move","frame":{"millis":46600,"tic":1631},"actor":{"position":{"x":-3000272,"y":7403954,"z":0,"angle":2701131776,"subsector":4566993176},"type":"player","health":14,"armor":45,"id":4567120880}}
{"counter":10415,"type":"move","frame":{"millis":46600,"tic":1631},"actor":{"position":{"x":-3274417,"y":6471634,"z":0,"angle":2701131776,"subsector":4566993176},"type":"player","health":14,"armor":45,"id":4567120880}}
{"counter":10416,"type":"move","frame":{"millis":46600,"tic":1631},"actor":{"position":{"x":-4695552,"y":3341832,"z":0,"angle":1610612736,"subsector":4566993176},"type":"soldier","health":-5,"id":4567139528}}
{"counter":10417,"type":"move","frame":{"millis":46601,"tic":1631},"actor":{"position":{"x":-28258752,"y":52651456,"z":0,"angle":2147483648,"subsector":4566993352},"type":"shotgun_soldier","health":30,"id":4567155368}}
{"counter":10418,"type":"move","frame":{"millis":46601,"tic":1631},"actor":{"position":{"x":8537344,"y":13380128,"z":0,"angle":1073741824,"subsector":4566993032},"type":"spectre","health":150,"id":4567166984}}
{"counter":10419,"type":"move","frame":{"millis":46629,"tic":1632},"actor":{"position":{"x":-3274417,"y":6471634,"z":0,"angle":2617245696,"subsector":4566993176},"type":"player","health":14,"armor":45,"id":4567120880}}
{"counter":10420,"type":"move","frame":{"millis":46629,"tic":1632},"actor":{"position":{"x":-3601993,"y":5561726,"z":0,"angle":2617245696,"subsector":4566993176},"type":"player","health":14,"armor":45,"id":4567120880}}
{"counter":10421,"type":"move","frame":{"millis":46629,"tic":1632},"actor":{"position":{"x":-9924288,"y":80660928,"z":0,"angle":1610612736,"subsector":4566996760},"type":"soldier","health":20,"id":4567138472}}
{"counter":10422,"type":"move","frame":{"millis":46629,"tic":1632},"actor":{"position":{"x":-16099584,"y":54759168,"z":0,"angle":1073741824,"subsector":4566993320},"type":"soldier","health":20,"id":4567138736}}
{"counter":10423,"type":"move","frame":{"millis":46629,"tic":1632},"actor":{"position":{"x":-4695552,"y":3341832,"z":0,"angle":1610612736,"subsector":4566993176},"type":"soldier","health":-5,"id":4567139528}}
{"counter":10424,"type":"move","frame":{"millis":46629,"tic":1632},"actor":{"position":{"x":-2865216,"y":79156928,"z":0,"angle":2147483648,"subsector":4566996760},"type":"shotgun_soldier","health":30,"id":4567155104}}
{"counter":10425,"type":"move","frame":{"millis":46629,"tic":1632},"actor":{"position":{"x":-19986752,"y":28327616,"z":0,"angle":3758096384,"subsector":4566993432},"type":"shotgun_soldier","health":30,"id":4567155632}}
{"counter":10426,"type":"move","frame":{"millis":46629,"tic":1632},"actor":{"position":{"x":-19345856,"y":53307968,"z":0,"angle":0,"subsector":4566993320},"type":"shotgun_soldier","health":30,"id":4567155896}}
{"counter":10427,"type":"move","frame":{"millis":46658,"tic":1633},"actor":{"position":{"x":-3601993,"y":5561726,"z":0,"angle":2533359616,"subsector":4566993176},"type":"player","health":14,"armor":45,"id":4567120880}}
{"counter":10428,"type":"move","frame":{"millis":46658,"tic":1633},"actor":{"position":{"x":-3985350,"y":4682305,"z":0,"angle":2533359616,"subsector":4566993176},"type":"player","health":14,"armor":45,"id":4567120880}}
{"counter":10429,"type":"move","frame":{"millis":46658,"tic":1633},"actor":{"position":{"x":428800,"y":81857792,"z":0,"angle":2684354560,"subsector":4566996760},"type":"soldier","health":20,"id":4567139000}}
{"counter":10430,"type":"move","frame":{"millis":46658,"tic":1633},"actor":{"position":{"x":-13403776,"y":29683328,"z":0,"angle":536870912,"subsector":4566993432},"type":"shotgun_soldier","health":30,"id":4567139792}}
{"counter":10431,"type":"move","frame":{"millis":46658,"tic":1633},"actor":{"position":{"x":8537344,"y":14035488,"z":0,"angle":1073741824,"subsector":4566993032},"type":"spectre","health":150,"id":4567166984}}
{"counter":10432,"type":"move","frame":{"millis":46686,"tic":1634},"actor":{"position":{"x":-3985350,"y":4682305,"z":0,"angle":2449473536,"subsector":4566993176},"type":"player","health":14,"armor":45,"id":4567120880}}
{"counter":10433,"type":"move","frame":{"millis":46686,"tic":1634},"actor":{"position":{"x":-4425320,"y":3841513,"z":0,"angle":2449473536,"subsector":4566993176},"type":"player","health":14,"armor":45,"id":4567120880}}
{"counter":10434,"type":"move","frame":{"millis":46686,"tic":1634},"actor":{"position":{"x":-28783040,"y":52651456,"z":0,"angle":2147483648,"subsector":4566993352},"type":"shotgun_soldier","health":30,"id":4567155368}}
{"counter":10435,"type":"move","frame":{"millis":46715,"tic":1635},"actor":{"position":{"x":-4425320,"y":3841513,"z":0,"angle":2365587456,"subsector":4566993176},"type":"player","health":14,"armor":45,"id":4567120880}}
{"counter":10436,"type":"move","frame":{"millis":46715,"tic":1635},"actor":{"position":{"x":-4921262,"y":3047387,"z":0,"angle":2365587456,"subsector":4566993176},"type":"player","health":14,"armor":45,"id":4567120880}}
{"counter":10437,"type":"move","frame":{"millis":46715,"tic":1635},"actor":{"position":{"x":-3389504,"y":79156928,"z":0,"angle":2147483648,"subsector":4566996760},"type":"shotgun_soldier","health":30,"id":4567155104}}
{"counter":10438,"type":"move","frame":{"millis":46715,"tic":1635},"actor":{"position":{"x":-19610752,"y":27951616,"z":0,"angle":3758096384,"subsector":4566993432},"type":"shotgun_soldier","health":30,"id":4567155632}}
{"counter":10439,"type":"move","frame":{"millis":46715,"tic":1635},"actor":{"position":{"x":-19721856,"y":53683968,"z":0,"angle":536870912,"subsector":4566993320},"type":"shotgun_soldier","health":30,"id":4567155896}}
{"counter":10440,"type":"move","frame":{"millis":46715,"tic":1635},"actor":{"position":{"x":8537344,"y":14690848,"z":0,"angle":1073741824,"subsector":4566993032},"type":"spectre","health":150,"id":4567166984}}
{"counter":10441,"type":"move","frame":{"millis":46743,"tic":1636},"actor":{"position":{"x":-4921262,"y":3047387,"z":0,"angle":2281701376,"subsector":4566993176},"type":"player","health":14,"armor":45,"id":4567120880}}
{"counter":10442,"type":"move","frame":{"millis":46743,"tic":1636},"actor":{"position":{"x":-5471134,"y":2307694,"z":0,"angle":2281701376,"subsector":4566993176},"type":"player","health":14,"armor":45,"id":4567120880}}
{"counter":10443,"type":"move","frame":{"millis":46743,"tic":1636},"actor":{"position":{"x":-10300288,"y":81036928,"z":0,"angle":1610612736,"subsector":4566996760},"type":"soldier","health":20,"id":4567138472}}
{"counter":10444,"type":"move","frame":{"millis":46743,"tic":1636},"actor":{"position":{"x":-16099584,"y":55283456,"z":0,"angle":1073741824,"subsector":4566993320},"type":"soldier","health":20,"id":4567138736}}
{"counter":10445,"type":"move","frame":{"millis":46743,"tic":1636},"actor":{"position":{"x":-13027776,"y":30059328,"z":0,"angle":536870912,"subsector":4566993432},"type":"shotgun_soldier","health":30,"id":4567139792}}
{"counter":10446,"type":"move","frame":{"millis":46772,"tic":1637},"actor":{"position":{"x":-5471134,"y":2307694,"z":0,"angle":2197815296,"subsector":4566993176},"type":"player","health":14,"armor":45,"id":4567120880}}
{"counter":10447,"type":"move","frame":{"millis":46772,"tic":1637},"actor":{"position":{"x":-6071575,"y":1629775,"z":0,"angle":2197815296,"subsector":4566993176},"type":"player","health":14,"armor":45,"id":4567120880}}
{"counter":10448,"type":"move","frame":{"millis":46772,"tic":1637},"actor":{"position":{"x":52800,"y":81481792,"z":0,"angle":2684354560,"subsector":4566996760},"type":"soldier","health":20,"id":4567139000}}
{"counter":10449,"type":"move","frame":{"millis":46772,"tic":1637},"actor":{"position":{"x":-29307328,"y":52651456,"z":0,"angle":2147483648,"subsector":4566993352},"type":"shotgun_soldier","health":30,"id":4567155368}}
{"counter":10450,"type":"move","frame":{"millis":46772,"tic":1637},"actor":{"position":{"x":8537344,"y":15346208,"z":0,"angle":1073741824,"subsector":4566993032},"type":"spectre","health":150,"id":4567166984}}
{"counter":10451,"type":"move","frame":{"millis":46800,"tic":1638},"actor":{"position":{"x":-6071575,"y":1629775,"z":0,"angle":2197815296,"subsector":4566993176},"type":"player","health":14,"armor":45,"id":4567120880}}
{"counter":10452,"type":"move","frame":{"millis":46800,"tic":1638},"actor":{"position":{"x":-6717844,"y":1007838,"z":0,"angle":2197815296,"subsector":4566993016},"type":"player","health":14,"armor":45,"id":4567120880}}
{"counter":10453,"type":"move","frame":{"millis":46800,"tic":1638},"actor":{"position":{"x":-3913792,"y":79156928,"z":0,"angle":2147483648,"subsector":4566996760},"type":"shotgun_soldier","health":30,"id":4567155104}}
{"counter":10454,"type":"move","frame":{"millis":46800,"tic":1638},"actor":{"position":{"x":-19234752,"y":27575616,"z":0,"angle":3758096384,"subsector":4566993432},"type":"shotgun_soldier","health":30,"id":4567155632}}
{"counter":10455,"type":"move","frame":{"millis":46800,"tic":1638},"actor":{"position":{"x":-20097856,"y":54059968,"z":0,"angle":1073741824,"subsector":4566993320},"type":"shotgun_soldier","health":30,"id":4567155896}}
{"counter":10456,"type":"move","frame":{"millis":46829,"tic":1639},"actor":{"position":{"x":-6717844,"y":1007838,"z":0,"angle":2197815296,"subsector":4566993016},"type":"player","health":14,"armor":45,"id":4567120880}}
{"counter":10457,"type":"move","frame":{"millis":46829,"tic":1639},"actor":{"position":{"x":-7354586,"y":440421,"z":0,"angle":2197815296,"subsector":4566993016},"type":"player","health":14,"armor":45,"id":4567120880}}
{"counter":10458,"type":"move","frame":{"millis":46829,"tic":1639},"actor":{"position":{"x":-12651776,"y":29683328,"z":0,"angle":536870912,"subsector":4566993432},"type":"shotgun_soldier","health":30,"id":4567139792}}
{"counter":10459,"type":"move","frame":{"millis":46829,"tic":1639},"actor":{"position":{"x":8537344,"y":16001568,"z":524288,"angle":1073741824,"subsector":4566993032},"type":"spectre","health":150,"id":4567166984}}
{"counter":10460,"type":"move","frame":{"millis":46858,"tic":1640},"actor":{"position":{"x":-7354586,"y":440421,"z":0,"angle":2197815296,"subsector":4566993016},"type":"player","health":14,"armor":45,"id":4567120880}}
{"counter":10461,"type":"move","frame":{"millis":46858,"tic":1640},"actor":{"position":{"x":-7982694,"y":-77587,"z":0,"angle":2197815296,"subsector":4566993016},"type":"player","health":14,"armor":45,"id":4567120880}}
{"counter":10462,"type":"move","frame":{"millis":46858,"tic":1640},"actor":{"position":{"x":-10676288,"y":81412928,"z":0,"angle":1610612736,"subsector":4566996760},"type":"soldier","health":20,"id":4567138472}}
{"counter":10463,"type":"move","frame":{"millis":46858,"tic":1640},"actor":{"position":{"x":-16099584,"y":55807744,"z":0,"angle":1073741824,"subsector":4566993320},"type":"soldier","health":20,"id":4567138736}}
{"counter":10464,"type":"move","frame":{"millis":46858,"tic":1640},"actor":{"position":{"x":-29831616,"y":52651456,"z":0,"angle":2147483648,"subsector":4566993352},"type":"shotgun_soldier","health":30,"id":4567155368}}
{"counter":10465,"type":"move","frame":{"millis":46886,"tic":1641},"actor":{"position":{"x":-7982694,"y":-77587,"z":0,"angle":2197815296,"subsector":4566993016},"type":"player","health":14,"armor":45,"id":4567120880}}
{"counter":10466,"type":"move","frame":{"millis":46886,"tic":1641},"actor":{"position":{"x":-8602977,"y":-550818,"z":0,"angle":2197815296,"subsector":4566993016},"type":"player","health":14,"armor":45,"id":4567120880}}
{"counter":10467,"type":"move","frame":{"millis":46886,"tic":1641},"actor":{"position":{"x":-323200,"y":81105792,"z":0,"angle":2684354560,"subsector":4566996760},"type":"soldier","health":20,"id":4567139000}}
{"counter":10468,"type":"move","frame":{"millis":46886,"tic":1641},"actor":{"position":{"x":-4289792,"y":79532928,"z":0,"angle":2147483648,"subsector":4566996760},"type":"shotgun_soldier","health":30,"id":4567155104}}
{"counter":10469,"type":"move","frame":{"millis":46886,"tic":1641},"actor":{"position":{"x":-18858752,"y":27199616,"z":0,"angle":3758096384,"subsector":4566993432},"type":"shotgun_soldier","health":30,"id":4567155632}}
{"counter":10470,"type":"move","frame":{"millis":46886,"tic":1641},"actor":{"position":{"x":-20473856,"y":54435968,"z":0,"angle":1610612736,"subsector":4566993320},"type":"shotgun_soldier","health":30,"id":4567155896}}
{"counter":10471,"type":"move","frame":{"millis":46886,"tic":1641},"actor":{"position":{"x":8537344,"y":16656928,"z":524288,"angle":1073741824,"subsector":4566993032},"type":"spectre","health":150,"id":4567166984}}
{"counter":10472,"type":"move","frame":{"millis":46915,"tic":1642},"actor":{"position":{"x":-9165109,"y":-979684,"z":0,"angle":2197815296,"subsector":4566993016},"type":"player","health":14,"armor":45,"id":4567120880}}
{"counter":10473,"type":"move","frame":{"millis":46915,"tic":1642},"actor":{"position":{"x":-12275776,"y":29307328,"z":0,"angle":0,"subsector":4566993432},"type":"shotgun_soldier","health":30,"id":4567139792}}
{"counter":10474,"type":"move","frame":{"millis":46943,"tic":1643},"actor":{"position":{"x":-9674542,"y":-1368344,"z":0,"angle":2181038080,"subsector":4566993016},"type":"player","health":14,"armor":45,"id":4567120880}}
{"counter":10475,"type":"move","frame":{"millis":46943,"tic":1643},"actor":{"position":{"x":-30355904,"y":52651456,"z":0,"angle":2147483648,"subsector":4566993352},"type":"shotgun_soldier","health":30,"id":4567155368}}
{"counter":10476,"type":"move","frame":{"millis":46943,"tic":1643},"actor":{"position":{"x":8537344,"y":17312288,"z":1048576,"angle":1073741824,"subsector":4566993096},"type":"spectre","health":150,"id":4567166984}}
{"counter":10477,"type":"move","frame":{"millis":46972,"tic":1644},"actor":{"position":{"x":-9674542,"y":-1368344,"z":0,"angle":2130706432,"subsector":4566993016},"type":"player","health":14,"armor":45,"id":4567120880}}
{"counter":10478,"type":"move","frame":{"millis":46972,"tic":1644},"actor":{"position":{"x":-10187401,"y":-1719332,"z":0,"angle":2130706432,"subsector":4566993016},"type":"player","health":14,"armor":45,"id":4567120880}}
{"counter":10479,"type":"move","frame":{"millis":46972,"tic":1644},"actor":{"position":{"x":-11052288,"y":81788928,"z":0,"angle":1610612736,"subsector":4566996760},"type":"soldier","health":20,"id":4567138472}}
{"counter":10480,"type":"move","frame":{"millis":46972,"tic":1644},"actor":{"position":{"x":-16099584,"y":56332032,"z":0,"angle":1073741824,"subsector":4566993320},"type":"soldier","health":20,"id":4567138736}}
{"counter":10481,"type":"move","frame":{"millis":46972,"tic":1644},"actor":{"position":{"x":-4289792,"y":79008640,"z":0,"angle":1610612736,"subsector":4566996760},"type":"shotgun_soldier","health":30,"id":4567155104}}
{"counter":10482,"type":"move","frame":{"millis":46972,"tic":1644},"actor":{"position":{"x":-18482752,"y":26823616,"z":0,"angle":3758096384,"subsector":4566993432},"type":"shotgun_soldier","health":30,"id":4567155632}}
{"counter":10483,"type":"move","frame":{"millis":46972,"tic":1644},"actor":{"position":{"x":-20849856,"y":54811968,"z":0,"angle":1610612736,"subsector":4566993320},"type":"shotgun_soldier","health":30,"id":4567155896}}
{"counter":10484,"type":"move","frame":{"millis":47000,"tic":1645},"actor":{"position":{"x":-10187401,"y":-1719332,"z":0,"angle":2063597568,"subsector":4566993016},"type":"player","health":14,"armor":45,"id":4567120880}}
{"counter":10485,"type":"move","frame":{"millis":47000,"tic":1645},"actor":{"position":{"x":-10660311,"y":-2036416,"z":0,"angle":2063597568,"subsector":4566993016},"type":"player","health":14,"armor":45,"id":4567120880}}
{"counter":10486,"type":"move","frame":{"millis":47000,"tic":1645},"actor":{"position":{"x":-699200,"y":80729792,"z":0,"angle":2684354560,"subsector":4566996760},"type":"soldier","health":20,"id":4567139000}}
{"counter":10487,"type":"move","frame":{"millis":47000,"tic":1645},"actor":{"position":{"x":-11899776,"y":28931328,"z":0,"angle":3758096384,"subsector":4566993432},"type":"shotgun_soldier","health":30,"id":4567139792}}
{"counter":10488,"type":"move","frame":{"millis":47000,"tic":1645},"actor":{"position":{"x":9192704,"y":17312288,"z":1048576,"angle":1073741824,"subsector":4566993096},"type":"spectre","health":150,"id":4567166984}}
{"counter":10489,"type":"move","frame":{"millis":47029,"tic":1646},"actor":{"position":{"x":-11088886,"y":-2323774,"z":0,"angle":1946157056,"subsector":4566993016},"type":"player","health":14,"armor":45,"id":4567120880}}
{"counter":10490,"type":"move","frame":{"millis":47029,"tic":1646},"actor":{"position":{"x":-30880192,"y":52651456,"z":0,"angle":2147483648,"subsector":4566993352},"type":"shotgun_soldier","health":30,"id":4567155368}}
{"counter":10491,"type":"move","frame":{"millis":47058,"tic":1647},"actor":{"position":{"x":-11477283,"y":-2584193,"z":0,"angle":1660944384,"subsector":4566993016},"type":"player","health":14,"armor":45,"id":4567120880}}
{"counter":10492,"type":"move","frame":{"millis":47058,"tic":1647},"actor":{"position":{"x":-3765504,"y":79008640,"z":0,"angle":2147483648,"subsector":4566996760},"type":"shotgun_soldier","health":30,"id":4567155104}}
{"counter":10493,"type":"move","frame":{"millis":47058,"tic":1647},"actor":{"position":{"x":-18106752,"y":26447616,"z":0,"angle":3758096384,"subsector":4566993432},"type":"shotgun_soldier","health":30,"id":4567155632}}
{"counter":10494,"type":"move","frame":{"millis":47058,"tic":1647},"actor":{"position":{"x":-21225856,"y":55187968,"z":0,"angle":1610612736,"subsector":4566993384},"type":"shotgun_soldier","health":30,"id":4567155896}}
{"counter":10495,"type":"move","frame":{"millis":47058,"tic":1647},"actor":{"position":{"x":9848064,"y":17312288,"z":1048576,"angle":536870912,"subsector":4566993096},"type":"spectre","health":150,"id":4567166984}}
{"counter":10496,"type":"move","frame":{"millis":47087,"tic":1648},"actor":{"position":{"x":-11477283,"y":-2584193,"z":0,"angle":1426063360,"subsector":4566993016},"type":"player","health":14,"armor":45,"id":4567120880}}
{"counter":10497,"type":"move","frame":{"millis":47087,"tic":1648},"actor":{"position":{"x":-11830279,"y":-2818417,"z":0,"angle":1426063360,"subsector":4566993016},"type":"player","health":14,"armor":45,"id":4567120880}}
{"counter":10498,"type":"move","frame":{"millis":47087,"tic":1648},"actor":{"position":{"x":-11428288,"y":82164928,"z":0,"angle":1610612736,"subsector":4566996760},"type":"soldier","health":20,"id":4567138472}}
{"counter":10499,"type":"move","frame":{"millis":47087,"tic":1648},"actor":{"position":{"x":-16475584,"y":55956032,"z":0,"angle":1073741824,"subsector":4566993320},"type":"soldier","health":20,"id":4567138736}}
{"counter":10500,"type":"move","frame":{"millis":47087,"tic":1648},"actor":{"position":{"x":-11523776,"y":28555328,"z":0,"angle":3758096384,"subsector":4566993432},"type":"shotgun_soldier","health":30,"id":4567139792}}
{"counter":10501,"type":"move","frame":{"millis":47115,"tic":1649},"actor":{"position":{"x":-11830279,"y":-2818417,"z":0,"angle":1207959552,"subsector":4566993016},"type":"player","health":14,"armor":45,"id":4567120880}}
{"counter":10502,"type":"move","frame":{"millis":47115,"tic":1649},"actor":{"position":{"x":-12154586,"y":-3008590,"z":0,"angle":1207959552,"subsector":4566993016},"type":"player","health":14,"armor":45,"id":4567120880}}
{"counter":10503,"type":"move","frame":{"millis":47115,"tic":1649},"actor":{"position":{"x":-1075200,"y":80353792,"z":0,"angle":2684354560,"subsector":4566996760},"type":"soldier","health":20,"id":4567139000}}
{"counter":10504,"type":"move","frame":{"millis":47115,"tic":1649},"actor":{"position":{"x":-30504192,"y":52275456,"z":0,"angle":2147483648,"subsector":4566993352},"type":"shotgun_soldier","health":30,"id":4567155368}}
{"counter":10505,"type":"move","frame":{"millis":47115,"tic":1649},"actor":{"position":{"x":10503424,"y":17312288,"z":1048576,"angle":0,"subsector":4566993096},"type":"spectre","health":150,"id":4567166984}}
{"counter":10506,"type":"move","frame":{"millis":47143,"tic":1650},"actor":{"position":{"x":-12154586,"y":-3008590,"z":0,"angle":922746880,"subsector":4566993016},"type":"player","health":14,"armor":45,"id":4567120880}}
{"counter":10507,"type":"move","frame":{"millis":47143,"tic":1650},"actor":{"position":{"x":-12444011,"y":-3160951,"z":0,"angle":922746880,"subsector":4566993016},"type":"player","health":14,"armor":45,"id":4567120880}}
{"counter":10508,"type":"move","frame":{"millis":47143,"tic":1650},"actor":{"position":{"x":-4141504,"y":79384640,"z":0,"angle":2684354560,"subsector":4566996760},"type":"shotgun_soldier","health":30,"id":4567155104}}
{"counter":10509,"type":"move","frame":{"millis":47144,"tic":1650},"actor":{"position":{"x":-17730752,"y":26071616,"z":0,"angle":3758096384,"subsector":4566993432},"type":"shotgun_soldier","health":30,"id":4567155632}}
{"counter":10510,"type":"move","frame":{"millis":47144,"tic":1650},"actor":{"position":{"x":-21601856,"y":55563968,"z":0,"angle":1610612736,"subsector":4566993384},"type":"shotgun_soldier","health":30,"id":4567155896}}
{"counter":10511,"type":"move","frame":{"millis":47173,"tic":1651},"actor":{"position":{"x":-12444011,"y":-3160951,"z":0,"angle":788529152,"subsector":4566993016},"type":"player","health":14,"armor":45,"id":4567120880}}
{"counter":10512,"type":"move","frame":{"millis":47173,"tic":1651},"actor":{"position":{"x":-12702987,"y":-3291539,"z":0,"angle":788529152,"subsector":4566993016},"type":"player","health":14,"armor":45,"id":4567120880}}
{"counter":10513,"type":"move","frame":{"millis":47173,"tic":1651},"actor":{"position":{"x":-11147776,"y":28179328,"z":0,"angle":3758096384,"subsector":4566993432},"type":"shotgun_soldier","health":30,"id":4567139792}}
{"counter":10514,"type":"move","frame":{"millis":47173,"tic":1651},"actor":{"position":{"x":11158784,"y":17312288,"z":1048576,"angle":0,"subsector":4566993096},"type":"spectre","health":150,"id":4567166984}}
{"counter":10515,"type":"move","frame":{"millis":47200,"tic":1652},"actor":{"position":{"x":-12702987,"y":-3291539,"z":0,"angle":671088640,"subsector":4566993016},"type":"player","health":14,"armor":45,"id":4567120880}}
{"counter":10516,"type":"move","frame":{"millis":47200,"tic":1652},"actor":{"position":{"x":-12935410,"y":-3406479,"z":0,"angle":671088640,"subsector":4566993016},"type":"player","health":14,"armor":45,"id":4567120880}}
{"counter":10517,"type":"move","frame":{"millis":47200,"tic":1652},"actor":{"position":{"x":-11804288,"y":82540928,"z":0,"angle":1610612736,"subsector":4566996760},"type":"soldier","health":20,"id":4567138472}}
{"counter":10518,"type":"move","frame":{"millis":47200,"tic":1652},"actor":{"position":{"x":-16851584,"y":55580032,"z":0,"angle":1610612736,"subsector":4566993320},"type":"soldier","health":20,"id":4567138736}}
{"counter":10519,"type":"move","frame":{"millis":47200,"tic":1652},"actor":{"position":{"x":-30128192,"y":51899456,"z":0,"angle":2684354560,"subsector":4566993352},"type":"shotgun_soldier","health":30,"id":4567155368}}
{"counter":10520,"type":"move","frame":{"millis":47230,"tic":1653},"actor":{"position":{"x":-12935410,"y":-3406479,"z":0,"angle":587202560,"subsector":4566993016},"type":"player","health":14,"armor":45,"id":4567120880}}
{"counter":10521,"type":"move","frame":{"millis":47230,"tic":1653},"actor":{"position":{"x":-13160753,"y":-3527708,"z":0,"angle":587202560,"subsector":4566993016},"type":"player","health":14,"armor":45,"id":4567120880}}
{"counter":10522,"type":"move","frame":{"millis":47230,"tic":1653},"actor":{"position":{"x":-1451200,"y":79977792,"z":0,"angle":2684354560,"subsector":4566996760},"type":"soldier","health":20,"id":4567139000}}
{"counter":10523,"type":"move","frame":{"millis":47230,"tic":1653},"actor":{"position":{"x":-4141504,"y":79908928,"z":0,"angle":2147483648,"subsector":4566996760},"type":"shotgun_soldier","health":30,"id":4567155104}}
{"counter":10524,"type":"move","frame":{"millis":47230,"tic":1653},"actor":{"position":{"x":-17354752,"y":25695616,"z":0,"angle":3758096384,"subsector":4566993432},"type":"shotgun_soldier","health":30,"id":4567155632}}
{"counter":10525,"type":"move","frame":{"millis":47230,"tic":1653},"actor":{"position":{"x":-21977856,"y":55939968,"z":0,"angle":1610612736,"subsector":4566993384},"type":"shotgun_soldier","health":30,"id":4567155896}}
{"counter":10526,"type":"move","frame":{"millis":47230,"tic":1653},"actor":{"position":{"x":11814144,"y":17312288,"z":1048576,"angle":0,"subsector":4566993096},"type":"spectre","health":150,"id":4567166984}}
{"counter":10527,"type":"move","frame":{"millis":47258,"tic":1654},"actor":{"position":{"x":-13364971,"y":-3637572,"z":0,"angle":503316480,"subsector":4566993016},"type":"player","health":14,"armor":45,"id":4567120880}}
{"counter":10528,"type":"move","frame":{"millis":47258,"tic":1654},"actor":{"position":{"x":-10771776,"y":27803328,"z":0,"angle":3758096384,"subsector":4566993432},"type":"shotgun_soldier","health":30,"id":4567139792}}
{"counter":10529,"type":"move","frame":{"millis":47287,"tic":1655},"actor":{"position":{"x":-13550044,"y":-3737137,"z":0,"angle":419430400,"subsector":4566993016},"type":"player","health":14,"armor":45,"id":4567120880}}
{"counter":10530,"type":"move","frame":{"millis":47287,"tic":1655},"actor":{"position":{"x":-29752192,"y":51523456,"z":0,"angle":3221225472,"subsector":4566993352},"type":"shotgun_soldier","health":30,"id":4567155368}}
{"counter":10531,"type":"move","frame":{"millis":47287,"tic":1655},"actor":{"position":{"x":12469504,"y":17312288,"z":1048576,"angle":0,"subsector":4566993096},"type":"spectre","health":150,"id":4567166984}}
{"counter":10532,"type":"move","frame":{"millis":47315,"tic":1656},"actor":{"position":{"x":-13717767,"y":-3827368,"z":0,"angle":419430400,"subsector":4566993016},"type":"player","health":14,"armor":45,"id":4567120880}}
{"counter":10533,"type":"move","frame":{"millis":47315,"tic":1656},"actor":{"position":{"x":-12180288,"y":82916928,"z":0,"angle":1610612736,"subsector":4566996760},"type":"soldier","health":20,"id":4567138472}}
{"counter":10534,"type":"move","frame":{"millis":47315,"tic":1656},"actor":{"position":{"x":-17227584,"y":55204032,"z":0,"angle":2147483648,"subsector":4566993320},"type":"soldier","health":20,"id":4567138736}}
{"counter":10535,"type":"move","frame":{"millis":47315,"tic":1656},"actor":{"position":{"x":-4141504,"y":80433216,"z":0,"angle":1610612736,"subsector":4566996760},"type":"shotgun_soldier","health":30,"id":4567155104}}
{"counter":10536,"type":"move","frame":{"millis":47315,"tic":1656},"actor":{"position":{"x":-16978752,"y":25319616,"z":0,"angle":3758096384,"subsector":4566993432},"type":"shotgun_soldier","health":30,"id":4567155632}}
{"counter":10537,"type":"move","frame":{"millis":47315,"tic":1656},"actor":{"position":{"x":-22353856,"y":56315968,"z":0,"angle":1610612736,"subsector":4566993384},"type":"shotgun_soldier","health":30,"id":4567155896}}
{"counter":10538,"type":"move","frame":{"millis":47343,"tic":1657},"actor":{"position":{"x":-13869766,"y":-3909140,"z":0,"angle":419430400,"subsector":4566993016},"type":"player","health":14,"armor":45,"id":4567120880}}
{"counter":10539,"type":"move","frame":{"millis":47343,"tic":1657},"actor":{"position":{"x":-1451200,"y":79453504,"z":0,"angle":2684354560,"subsector":4566996760},"type":"soldier","health":20,"id":4567139000}}
{"counter":10540,"type":"move","frame":{"millis":47343,"tic":1657},"actor":{"position":{"x":-10395776,"y":27427328,"z":0,"angle":3758096384,"subsector":4566993432},"type":"shotgun_soldier","health":30,"id":4567139792}}
{"counter":10541,"type":"move","frame":{"millis":47343,"tic":1657},"actor":{"position":{"x":11999504,"y":16842288,"z":1048576,"angle":0,"subsector":4566993096},"type":"spectre","health":150,"id":4567166984}}
{"counter":10542,"type":"move","frame":{"millis":47372,"tic":1658},"actor":{"position":{"x":-14007516,"y":-3983246,"z":0,"angle":419430400,"subsector":4566993016},"type":"player","health":14,"armor":45,"id":4567120880}}
{"counter":10543,"type":"move","frame":{"millis":47372,"tic":1658},"actor":{"position":{"x":-29376192,"y":51147456,"z":0,"angle":3758096384,"subsector":4566993352},"type":"shotgun_soldier","health":30,"id":4567155368}}
{"counter":10544,"type":"move","frame":{"millis":47401,"tic":1659},"actor":{"position":{"x":-14132352,"y":-4050405,"z":0,"angle":419430400,"subsector":4566993016},"type":"player","health":14,"armor":45,"id":4567120880}}
{"counter":10545,"type":"move","frame":{"millis":47401,"tic":1659},"actor":{"position":{"x":-4141504,"y":80957504,"z":0,"angle":1073741824,"subsector":4566996760},"type":"shotgun_soldier","health":30,"id":4567155104}}
{"counter":10546,"type":"move","frame":{"millis":47401,"tic":1659},"actor":{"position":{"x":-16602752,"y":24943616,"z":0,"angle":3758096384,"subsector":4566993432},"type":"shotgun_soldier","health":30,"id":4567155632}}
{"counter":10547,"type":"move","frame":{"millis":47401,"tic":1659},"actor":{"position":{"x":-22353856,"y":55791680,"z":0,"angle":1610612736,"subsector":4566993384},"type":"shotgun_soldier","health":30,"id":4567155896}}
{"counter":10548,"type":"move","frame":{"millis":47401,"tic":1659},"actor":{"position":{"x":11529504,"y":16372288,"z":1048576,"angle":3758096384,"subsector":4566993032},"type":"spectre","health":150,"id":4567166984}}
{"counter":10549,"type":"move","frame":{"millis":47429,"tic":1660},"actor":{"position":{"x":-14245485,"y":-4111268,"z":0,"angle":419430400,"subsector":4566993016},"type":"player","health":14,"armor":45,"id":4567120880}}
{"counter":10550,"type":"move","frame":{"millis":47429,"tic":1660},"actor":{"position":{"x":-12556288,"y":83292928,"z":0,"angle":1610612736,"subsector":4566996760},"type":"soldier","health":20,"id":4567138472}}
{"counter":10551,"type":"move","frame":{"millis":47429,"tic":1660},"actor":{"position":{"x":-17603584,"y":54828032,"z":0,"angle":2684354560,"subsector":4566993320},"type":"soldier","health":20,"id":4567138736}}
{"counter":10552,"type":"move","frame":{"millis":47429,"tic":1660},"actor":{"position":{"x":-10771776,"y":27051328,"z":0,"angle":3758096384,"subsector":4566993432},"type":"shotgun_soldier","health":30,"id":4567139792}}
{"counter":10553,"type":"move","frame":{"millis":47458,"tic":1661},"actor":{"position":{"x":-14348012,"y":-4166426,"z":0,"angle":419430400,"subsector":4566993016},"type":"player","health":14,"armor":45,"id":4567120880}}
{"counter":10554,"type":"move","frame":{"millis":47458,"tic":1661},"actor":{"position":{"x":-1451200,"y":78929216,"z":0,"angle":3221225472,"subsector":4566996760},"type":"soldier","health":20,"id":4567139000}}
{"counter":10555,"type":"move","frame":{"millis":47458,"tic":1661},"actor":{"position":{"x":-29376192,"y":50623168,"z":0,"angle":3758096384,"subsector":4566993352},"type":"shotgun_soldier","health":30,"id":4567155368}}
{"counter":10556,"type":"move","frame":{"millis":47458,"tic":1661},"actor":{"position":{"x":11059504,"y":15902288,"z":524288,"angle":3221225472,"subsector":4566993032},"type":"spectre","health":150,"id":4567166984}}
{"counter":10557,"type":"move","frame":{"millis":47486,"tic":1662},"actor":{"position":{"x":-14440928,"y":-4216413,"z":0,"angle":419430400,"subsector":4566993016},"type":"player","health":14,"armor":45,"id":4567120880}}
{"counter":10558,"type":"move","frame":{"millis":47487,"tic":1662},"actor":{"position":{"x":-4141504,"y":81481792,"z":0,"angle":1073741824,"subsector":4566996760},"type":"shotgun_soldier","health":30,"id":4567155104}}
{"counter":10559,"type":"move","frame":{"millis":47487,"tic":1662},"actor":{"position":{"x":-16226752,"y":24567616,"z":0,"angle":3758096384,"subsector":4566993432},"type":"shotgun_soldier","health":30,"id":4567155632}}
{"counter":10560,"type":"move","frame":{"millis":47487,"tic":1662},"actor":{"position":{"x":-22353856,"y":55267392,"z":0,"angle":2147483648,"subsector":4566993384},"type":"shotgun_soldier","health":30,"id":4567155896}}
{"counter":10561,"type":"move","frame":{"millis":47515,"tic":1663},"actor":{"position":{"x":-14525134,"y":-4261714,"z":0,"angle":419430400,"subsector":4566993016},"type":"player","health":14,"armor":45,"id":4567120880}}
{"counter":10562,"type":"move","frame":{"millis":47515,"tic":1663},"actor":{"position":{"x":-11147776,"y":26675328,"z":0,"angle":3221225472,"subsector":4566993432},"type":"shotgun_soldier","health":30,"id":4567139792}}
{"counter":10563,"type":"move","frame":{"millis":47515,"tic":1663},"actor":{"position":{"x":10589504,"y":15432288,"z":524288,"angle":2684354560,"subsector":4566993032},"type":"spectre","health":150,"id":4567166984}}
{"counter":10564,"type":"move","frame":{"millis":47543,"tic":1664},"actor":{"position":{"x":-14525134,"y":-4261714,"z":0,"angle":385875968,"subsector":4566993016},"type":"player","health":14,"armor":45,"id":4567120880}}
{"counter":10565,"type":"move","frame":{"millis":47543,"tic":1664},"actor":{"position":{"x":-14533984,"y":-4260013,"z":0,"angle":385875968,"subsector":4566993016},"type":"player","health":14,"armor":45,"id":4567120880}}
{"counter":10566,"type":"move","frame":{"millis":47543,"tic":1664},"actor":{"position":{"x":-12932288,"y":83668928,"z":0,"angle":1610612736,"subsector":4566996760},"type":"soldier","health":20,"id":4567138472}}
{"counter":10567,"type":"move","frame":{"millis":47543,"tic":1664},"actor":{"position":{"x":-17979584,"y":54452032,"z":0,"angle":2684354560,"subsector":4566993320},"type":"soldier","health":20,"id":4567138736}}
{"counter":10568,"type":"move","frame":{"millis":47543,"tic":1664},"actor":{"position":{"x":-29376192,"y":50098880,"z":0,"angle":3221225472,"subsector":4566993352},"type":"shotgun_soldier","health":30,"id":4567155368}}
{"counter":10569,"type":"move","frame":{"millis":47572,"tic":1665},"actor":{"position":{"x":-14533984,"y":-4260013,"z":0,"angle":369098752,"subsector":4566993016},"type":"player","health":14,"armor":45,"id":4567120880}}
{"counter":10570,"type":"move","frame":{"millis":47572,"tic":1665},"actor":{"position":{"x":-14522687,"y":-4246884,"z":0,"angle":369098752,"subsector":4566993016},"type":"player","health":14,"armor":45,"id":4567120880}}
{"counter":10571,"type":"move","frame":{"millis":47572,"tic":1665},"actor":{"position":{"x":-926912,"y":78929216,"z":0,"angle":3221225472,"subsector":4566996760},"type":"soldier","health":20,"id":4567139000}}
{"counter":10572,"type":"move","frame":{"millis":47572,"tic":1665},"actor":{"position":{"x":-4141504,"y":82006080,"z":0,"angle":1073741824,"subsector":4566996760},"type":"shotgun_soldier","health":30,"id":4567155104}}
{"counter":10573,"type":"move","frame":{"millis":47572,"tic":1665},"actor":{"position":{"x":-15702464,"y":24567616,"z":0,"angle":3758096384,"subsector":4566993432},"type":"shotgun_soldier","health":30,"id":4567155632}}
{"counter":10574,"type":"move","frame":{"millis":47572,"tic":1665},"actor":{"position":{"x":-22353856,"y":54743104,"z":0,"angle":2684354560,"subsector":4566993384},"type":"shotgun_soldier","health":30,"id":4567155896}}
{"counter":10575,"type":"move","frame":{"millis":47572,"tic":1665},"actor":{"position":{"x":10119504,"y":14962288,"z":524288,"angle":2684354560,"subsector":4566993032},"type":"spectre","health":150,"id":4567166984}}
{"counter":10576,"type":"move","frame":{"millis":47600,"tic":1666},"actor":{"position":{"x":-14522687,"y":-4246884,"z":0,"angle":335544320,"subsector":4566993016},"type":"player","health":14,"armor":45,"id":4567120880}}
{"counter":10577,"type":"move","frame":{"millis":47600,"tic":1666},"actor":{"position":{"x":-14452860,"y":-4203105,"z":0,"angle":335544320,"subsector":4566993016},"type":"player","health":14,"armor":45,"id":4567120880}}
{"counter":10578,"type":"move","frame":{"millis":47600,"tic":1666},"actor":{"position":{"x":-11523776,"y":26299328,"z":0,"angle":2684354560,"subsector":4566993432},"type":"shotgun_soldier","health":30,"id":4567139792}}
{"counter":10579,"type":"move","frame":{"millis":47629,"tic":1667},"actor":{"position":{"x":-14452860,"y":-4203105,"z":0,"angle":335544320,"subsector":4566993016},"type":"player","health":14,"armor":45,"id":4567120880}}
{"counter":10580,"type":"move","frame":{"millis":47629,"tic":1667},"actor":{"position":{"x":-14299291,"y":-4115127,"z":0,"angle":335544320,"subsector":4566993016},"type":"player","health":14,"armor":45,"id":4567120880}}
{"counter":10581,"type":"move","frame":{"millis":47629,"tic":1667},"actor":{"position":{"x":-29376192,"y":49574592,"z":0,"angle":3221225472,"subsector":4566993352},"type":"shotgun_soldier","health":30,"id":4567155368}}
{"counter":10582,"type":"move","frame":{"millis":47629,"tic":1667},"actor":{"position":{"x":9649504,"y":14492288,"z":524288,"angle":2684354560,"subsector":4566993032},"type":"spectre","health":150,"id":4567166984}}
{"counter":10583,"type":"move","frame":{"millis":47658,"tic":1668},"actor":{"position":{"x":-14299291,"y":-4115127,"z":0,"angle":335544320,"subsector":4566993016},"type":"player","health":14,"armor":45,"id":4567120880}}
{"counter":10584,"type":"move","frame":{"millis":47658,"tic":1668},"actor":{"position":{"x":-14069831,"y":-3987093,"z":0,"angle":335544320,"subsector":4566993016},"type":"player","health":14,"armor":45,"id":4567120880}}
{"counter":10585,"type":"move","frame":{"millis":47658,"tic":1668},"actor":{"position":{"x":-13308288,"y":84044928,"z":0,"angle":1610612736,"subsector":4566996760},"type":"soldier","health":20,"id":4567138472}}
{"counter":10586,"type":"move","frame":{"millis":47658,"tic":1668},"actor":{"position":{"x":-18355584,"y":54076032,"z":0,"angle":2684354560,"subsector":4566993320},"type":"soldier","health":20,"id":4567138736}}
{"counter":10587,"type":"move","frame":{"millis":47658,"tic":1668},"actor":{"position":{"x":-4141504,"y":82530368,"z":0,"angle":1073741824,"subsector":4566996760},"type":"shotgun_soldier","health":30,"id":4567155104}}
{"counter":10588,"type":"move","frame":{"millis":47658,"tic":1668},"actor":{"position":{"x":-15178176,"y":24567616,"z":0,"angle":0,"subsector":4566993432},"type":"shotgun_soldier","health":30,"id":4567155632}}
{"counter":10589,"type":"move","frame":{"millis":47658,"tic":1668},"actor":{"position":{"x":-22353856,"y":54218816,"z":0,"angle":3221225472,"subsector":4566993384},"type":"shotgun_soldier","health":30,"id":4567155896}}
{"counter":10590,"type":"move","frame":{"millis":47686,"tic":1669},"actor":{"position":{"x":-14069831,"y":-3987093,"z":0,"angle":335544320,"subsector":4566993016},"type":"player","health":14,"armor":45,"id":4567120880}}
{"counter":10591,"type":"move","frame":{"millis":47686,"tic":1669},"actor":{"position":{"x":-13771594,"y":-3822759,"z":0,"angle":335544320,"subsector":4566993016},"type":"player","health":14,"armor":45,"id":4567120880}}
{"counter":10592,"type":"move","frame":{"millis":47686,"tic":1669},"actor":{"position":{"x":-402624,"y":78929216,"z":0,"angle":3758096384,"subsector":4566996760},"type":"soldier","health":20,"id":4567139000}}
{"counter":10593,"type":"move","frame":{"millis":47686,"tic":1669},"actor":{"position":{"x":-11899776,"y":25923328,"z":0,"angle":2684354560,"subsector":4566993432},"type":"shotgun_soldier","health":30,"id":4567139792}}
{"counter":10594,"type":"move","frame":{"millis":47686,"tic":1669},"actor":{"position":{"x":9179504,"y":14022288,"z":0,"angle":2684354560,"subsector":4566993032},"type":"spectre","health":150,"id":4567166984}}
{"counter":10595,"type":"move","frame":{"millis":47715,"tic":1670},"actor":{"position":{"x":-13771594,"y":-3822759,"z":0,"angle":335544320,"subsector":4566993016},"type":"player","health":14,"armor":45,"id":4567120880}}
{"counter":10596,"type":"move","frame":{"millis":47715,"tic":1670},"actor":{"position":{"x":-13411028,"y":-3625528,"z":0,"angle":335544320,"subsector":4566993016},"type":"player","health":14,"armor":45,"id":4567120880}}
{"counter":10597,"type":"move","frame":{"millis":47715,"tic":1670},"actor":{"position":{"x":-29376192,"y":49050304,"z":0,"angle":3221225472,"subsector":4566993352},"type":"shotgun_soldier","health":30,"id":4567155368}}
{"counter":10598,"type":"move","frame":{"millis":47743,"tic":1671},"actor":{"position":{"x":-13411028,"y":-3625528,"z":0,"angle":335544320,"subsector":4566993016},"type":"player","health":14,"armor":45,"id":4567120880}}
{"counter":10599,"type":"move","frame":{"millis":47743,"tic":1671},"actor":{"position":{"x":-12993977,"y":-3398484,"z":0,"angle":335544320,"subsector":4566993016},"type":"player","health":14,"armor":45,"id":4567120880}}
{"counter":10600,"type":"move","frame":{"millis":47743,"tic":1671},"actor":{"position":{"x":-4141504,"y":83054656,"z":0,"angle":1073741824,"subsector":4566996760},"type":"shotgun_soldier","health":30,"id":4567155104}}
{"counter":10601,"type":"move","frame":{"millis":47743,"tic":1671},"actor":{"position":{"x":-14653888,"y":24567616,"z":0,"angle":0,"subsector":4566993432},"type":"shotgun_soldier","health":30,"id":4567155632}}
{"counter":10602,"type":"move","frame":{"millis":47743,"tic":1671},"actor":{"position":{"x":-22353856,"y":53694528,"z":0,"angle":3221225472,"subsector":4566993384},"type":"shotgun_soldier","health":30,"id":4567155896}}
{"counter":10603,"type":"move","frame":{"millis":47743,"tic":1671},"actor":{"position":{"x":8709504,"y":13552288,"z":0,"angle":2684354560,"subsector":4566993032},"type":"spectre","health":150,"id":4567166984}}
{"counter":10604,"type":"move","frame":{"millis":47772,"tic":1672},"actor":{"position":{"x":-12993977,"y":-3398484,"z":0,"angle":335544320,"subsector":4566993016},"type":"player","health":14,"armor":45,"id":4567120880}}
{"counter":10605,"type":"move","frame":{"millis":47773,"tic":1672},"actor":{"position":{"x":-12525736,"y":-3144422,"z":0,"angle":335544320,"subsector":4566993016},"type":"player","health":14,"armor":45,"id":4567120880}}
{"counter":10606,"type":"move","frame":{"millis":47773,"tic":1672},"actor":{"position":{"x":-13684288,"y":84420928,"z":0,"angle":1610612736,"subsector":4566996760},"type":"soldier","health":20,"id":4567138472}}
{"counter":10607,"type":"move","frame":{"millis":47773,"tic":1672},"actor":{"position":{"x":-18731584,"y":53700032,"z":0,"angle":2684354560,"subsector":4566993320},"type":"soldier","health":20,"id":4567138736}}
{"counter":10608,"type":"move","frame":{"millis":47773,"tic":1672},"actor":{"position":{"x":-11899776,"y":25399040,"z":0,"angle":2684354560,"subsector":4566993432},"type":"shotgun_soldier","health":30,"id":4567139792}}
{"counter":10609,"type":"move","frame":{"millis":47800,"tic":1673},"actor":{"position":{"x":-12525736,"y":-3144422,"z":0,"angle":335544320,"subsector":4566993016},"type":"player","health":14,"armor":45,"id":4567120880}}
{"counter":10610,"type":"move","frame":{"millis":47800,"tic":1673},"actor":{"position":{"x":-12011104,"y":-2865875,"z":0,"angle":335544320,"subsector":4566993016},"type":"player","health":14,"armor":45,"id":4567120880}}
{"counter":10611,"type":"move","frame":{"millis":47800,"tic":1673},"actor":{"position":{"x":121664,"y":78929216,"z":0,"angle":0,"subsector":4566996760},"type":"soldier","health":20,"id":4567139000}}
{"counter":10612,"type":"move","frame":{"millis":47800,"tic":1673},"actor":{"position":{"x":-29376192,"y":48526016,"z":0,"angle":3221225472,"subsector":4566993352},"type":"shotgun_soldier","health":30,"id":4567155368}}
{"counter":10613,"type":"move","frame":{"millis":47800,"tic":1673},"actor":{"position":{"x":8709504,"y":12896928,"z":0,"angle":2684354560,"subsector":4566993032},"type":"spectre","health":150,"id":4567166984}}
{"counter":10614,"type":"move","frame":{"millis":47829,"tic":1674},"actor":{"position":{"x":-12011104,"y":-2865875,"z":0,"angle":335544320,"subsector":4566993016},"type":"player","health":14,"armor":45,"id":4567120880}}
{"counter":10615,"type":"move","frame":{"millis":47829,"tic":1674},"actor":{"position":{"x":-11454430,"y":-2565138,"z":0,"angle":335544320,"subsector":4566993016},"type":"player","health":14,"armor":45,"id":4567120880}}
{"counter":10616,"type":"move","frame":{"millis":47829,"tic":1674},"actor":{"position":{"x":-4141504,"y":83578944,"z":0,"angle":1073741824,"subsector":4566996760},"type":"shotgun_soldier","health":30,"id":4567155104}}
{"counter":10617,"type":"move","frame":{"millis":47829,"tic":1674},"actor":{"position":{"x":-15029888,"y":24943616,"z":0,"angle":0,"subsector":4566993432},"type":"shotgun_soldier","health":30,"id":4567155632}}
{"counter":10618,"type":"move","frame":{"millis":47829,"tic":1674},"actor":{"position":{"x":-22353856,"y":53170240,"z":0,"angle":3221225472,"subsector":4566993384},"type":"shotgun_soldier","health":30,"id":4567155896}}
{"counter":10619,"type":"move","frame":{"millis":47858,"tic":1675},"actor":{"position":{"x":-11454430,"y":-2565138,"z":0,"angle":335544320,"subsector":4566993016},"type":"player","health":14,"armor":45,"id":4567120880}}
{"counter":10620,"type":"move","frame":{"millis":47858,"tic":1675},"actor":{"position":{"x":-10859656,"y":-2244292,"z":0,"angle":335544320,"subsector":4566993016},"type":"player","health":14,"armor":45,"id":4567120880}}
{"counter":10621,"type":"move","frame":{"millis":47858,"tic":1675},"actor":{"position":{"x":-11899776,"y":24874752,"z":0,"angle":3221225472,"subsector":4566993432},"type":"shotgun_soldier","health":30,"id":4567139792}}
{"counter":10622,"type":"move","frame":{"millis":47858,"tic":1675},"actor":{"position":{"x":8709504,"y":12241568,"z":0,"angle":3221225472,"subsector":4566993032},"type":"spectre","health":150,"id":4567166984}}
{"counter":10623,"type":"move","frame":{"millis":47887,"tic":1676},"actor":{"position":{"x":-10859656,"y":-2244292,"z":0,"angle":335544320,"subsector":4566993016},"type":"player","health":14,"armor":45,"id":4567120880}}
{"counter":10624,"type":"move","frame":{"millis":47887,"tic":1676},"actor":{"position":{"x":-10230354,"y":-1905222,"z":0,"angle":335544320,"subsector":4566993016},"type":"player","health":14,"armor":45,"id":4567120880}}
{"counter":10625,"type":"move","frame":{"millis":47887,"tic":1676},"actor":{"position":{"x":-13684288,"y":83896640,"z":0,"angle":1610612736,"subsector":4566996760},"type":"soldier","health":20,"id":4567138472}}
{"counter":10626,"type":"move","frame":{"millis":47887,"tic":1676},"actor":{"position":{"x":-19107584,"y":53324032,"z":0,"angle":2684354560,"subsector":4566993320},"type":"soldier","health":20,"id":4567138736}}
{"counter":10627,"type":"move","frame":{"millis":47887,"tic":1676},"actor":{"position":{"x":-29376192,"y":48001728,"z":0,"angle":3221225472,"subsector":4566993352},"type":"shotgun_soldier","health":30,"id":4567155368}}
{"counter":10628,"type":"move","frame":{"millis":47915,"tic":1677},"actor":{"position":{"x":-10230354,"y":-1905222,"z":0,"angle":335544320,"subsector":4566993016},"type":"player","health":14,"armor":45,"id":4567120880}}
{"counter":10629,"type":"move","frame":{"millis":47915,"tic":1677},"actor":{"position":{"x":-9569761,"y":-1549636,"z":0,"angle":335544320,"subsector":4566993016},"type":"player","health":14,"armor":45,"id":4567120880}}
{"counter":10630,"type":"move","frame":{"millis":47915,"tic":1677},"actor":{"position":{"x":645952,"y":78929216,"z":0,"angle":0,"subsector":4566996760},"type":"soldier","health":20,"id":4567139000}}
{"counter":10631,"type":"move","frame":{"millis":47915,"tic":1677},"actor":{"position":{"x":-4141504,"y":84103232,"z":0,"angle":1073741824,"subsector":4566996760},"type":"shotgun_soldier","health":30,"id":4567155104}}
{"counter":10632,"type":"move","frame":{"millis":47915,"tic":1677},"actor":{"position":{"x":-15405888,"y":25319616,"z":0,"angle":536870912,"subsector":4566993432},"type":"shotgun_soldier","health":30,"id":4567155632}}
{"counter":10633,"type":"move","frame":{"millis":47915,"tic":1677},"actor":{"position":{"x":-22353856,"y":52645952,"z":0,"angle":3221225472,"subsector":4566993384},"type":"shotgun_soldier","health":30,"id":4567155896}}
{"counter":10634,"type":"move","frame":{"millis":47915,"tic":1677},"actor":{"position":{"x":8709504,"y":11586208,"z":0,"angle":3221225472,"subsector":4566993032},"type":"spectre","health":150,"id":4567166984}}
{"counter":10635,"type":"move","frame":{"millis":47943,"tic":1678},"actor":{"position":{"x":-9569761,"y":-1549636,"z":0,"angle":335544320,"subsector":4566993016},"type":"player","health":14,"armor":45,"id":4567120880}}
{"counter":10636,"type":"move","frame":{"millis":47943,"tic":1678},"actor":{"position":{"x":-8880810,"y":-1179083,"z":0,"angle":335544320,"subsector":4566993016},"type":"player","health":14,"armor":45,"id":4567120880}}
{"counter":10637,"type":"move","frame":{"millis":47943,"tic":1678},"actor":{"position":{"x":-11523776,"y":24498752,"z":0,"angle":3221225472,"subsector":4566993432},"type":"shotgun_soldier","health":30,"id":4567139792}}
{"counter":10638,"type":"move","frame":{"millis":47972,"tic":1679},"actor":{"position":{"x":-8880810,"y":-1179083,"z":0,"angle":335544320,"subsector":4566993016},"type":"player","health":14,"armor":45,"id":4567120880}}
{"counter":10639,"type":"move","frame":{"millis":47973,"tic":1679},"actor":{"position":{"x":-8166160,"y":-794966,"z":0,"angle":335544320,"subsector":4566993016},"type":"player","health":14,"armor":45,"id":4567120880}}
{"counter":10640,"type":"move","frame":{"millis":47973,"tic":1679},"actor":{"position":{"x":-29376192,"y":47477440,"z":0,"angle":3221225472,"subsector":4566993352},"type":"shotgun_soldier","health":30,"id":4567155368}}
{"counter":10641,"type":"move","frame":{"millis":47973,"tic":1679},"actor":{"position":{"x":8709504,"y":10930848,"z":0,"angle":3221225472,"subsector":4566993032},"type":"spectre","health":150,"id":4567166984}}
{"counter":10642,"type":"move","frame":{"millis":48000,"tic":1680},"actor":{"position":{"x":-8166160,"y":-794966,"z":0,"angle":352321536,"subsector":4566993016},"type":"player","health":14,"armor":45,"id":4567120880}}
{"counter":10643,"type":"move","frame":{"millis":48000,"tic":1680},"actor":{"position":{"x":-7429433,"y":-396354,"z":0,"angle":352321536,"subsector":4566993016},"type":"player","health":14,"armor":45,"id":4567120880}}
{"counter":10644,"type":"move","frame":{"millis":48000,"tic":1680},"actor":{"position":{"x":-13684288,"y":83372352,"z":0,"angle":2147483648,"subsector":4566996760},"type":"soldier","health":20,"id":4567138472}}
{"counter":10645,"type":"move","frame":{"millis":48000,"tic":1680},"actor":{"position":{"x":-19483584,"y":52948032,"z":0,"angle":2684354560,"subsector":4566993320},"type":"soldier","health":20,"id":4567138736}}
{"counter":10646,"type":"move","frame":{"millis":48000,"tic":1680},"actor":{"position":{"x":-4141504,"y":84627520,"z":0,"angle":1073741824,"subsector":4566996760},"type":"shotgun_soldier","health":30,"id":4567155104}}
{"counter":10647,"type":"move","frame":{"millis":48000,"tic":1680},"actor":{"position":{"x":-15781888,"y":25695616,"z":0,"angle":1073741824,"subsector":4566993432},"type":"shotgun_soldier","health":30,"id":4567155632}}
{"counter":10648,"type":"move","frame":{"millis":48000,"tic":1680},"actor":{"position":{"x":-22878144,"y":52645952,"z":0,"angle":3221225472,"subsector":4566993384},"type":"shotgun_soldier","health":30,"id":4567155896}}
{"counter":10649,"type":"move","frame":{"millis":48029,"tic":1681},"actor":{"position":{"x":-7429433,"y":-396354,"z":0,"angle":369098752,"subsector":4566993016},"type":"player","health":14,"armor":45,"id":4567120880}}
{"counter":10650,"type":"move","frame":{"millis":48029,"tic":1681},"actor":{"position":{"x":-6673965,"y":17564,"z":0,"angle":369098752,"subsector":4566993016},"type":"player","health":14,"armor":45,"id":4567120880}}
{"counter":10651,"type":"move","frame":{"millis":48029,"tic":1681},"actor":{"position":{"x":1170240,"y":78929216,"z":0,"angle":0,"subsector":4566996760},"type":"soldier","health":20,"id":4567139000}}
{"counter":10652,"type":"move","frame":{"millis":48029,"tic":1681},"actor":{"position":{"x":-10999488,"y":24498752,"z":0,"angle":3758096384,"subsector":4566993432},"type":"shotgun_soldier","health":30,"id":4567139792}}
{"counter":10653,"type":"move","frame":{"millis":48029,"tic":1681},"actor":{"position":{"x":8709504,"y":10275488,"z":0,"angle":3221225472,"subsector":4566993032},"type":"spectre","health":150,"id":4567166984}}
{"counter":10654,"type":"move","frame":{"millis":48058,"tic":1682},"actor":{"position":{"x":-6673965,"y":17564,"z":0,"angle":402653184,"subsector":4566993016},"type":"player","health":14,"armor":45,"id":4567120880}}
{"counter":10655,"type":"move","frame":{"millis":48058,"tic":1682},"actor":{"position":{"x":-5904203,"y":449598,"z":0,"angle":402653184,"subsector":4566993016},"type":"player","health":14,"armor":45,"id":4567120880}}
{"counter":10656,"type":"move","frame":{"millis":48058,"tic":1682},"actor":{"position":{"x":-29376192,"y":46953152,"z":0,"angle":3221225472,"subsector":4566993352},"type":"shotgun_soldier","health":30,"id":4567155368}}
{"counter":10657,"type":"move","frame":{"millis":48086,"tic":1683},"actor":{"position":{"x":-5904203,"y":449598,"z":0,"angle":469762048,"subsector":4566993016},"type":"player","health":14,"armor":45,"id":4567120880}}
{"counter":10658,"type":"move","frame":{"millis":48086,"tic":1683},"actor":{"position":{"x":-5127476,"y":906120,"z":0,"angle":469762048,"subsector":4566993016},"type":"player","health":14,"armor":45,"id":4567120880}}
{"counter":10659,"type":"move","frame":{"millis":48086,"tic":1683},"actor":{"position":{"x":-4517504,"y":84251520,"z":0,"angle":1073741824,"subsector":4566996760},"type":"shotgun_soldier","health":30,"id":4567155104}}
{"counter":10660,"type":"move","frame":{"millis":48086,"tic":1683},"actor":{"position":{"x":-15781888,"y":25171328,"z":0,"angle":1610612736,"subsector":4566993432},"type":"shotgun_soldier","health":30,"id":4567155632}}
{"counter":10661,"type":"move","frame":{"millis":48086,"tic":1683},"actor":{"position":{"x":-23402432,"y":52645952,"z":0,"angle":2684354560,"subsector":4566993384},"type":"shotgun_soldier","health":30,"id":4567155896}}
{"counter":10662,"type":"move","frame":{"millis":48086,"tic":1683},"actor":{"position":{"x":8709504,"y":9620128,"z":0,"angle":3221225472,"subsector":4566993032},"type":"spectre","health":150,"id":4567166984}}
{"counter":10663,"type":"move","frame":{"millis":48115,"tic":1684},"actor":{"position":{"x":-5127476,"y":906120,"z":0,"angle":553648128,"subsector":4566993016},"type":"player","health":14,"armor":45,"id":4567120880}}
{"weapon_type":2,"counter":10664,"type":"attacked","frame":{"millis":48115,"tic":1684},"actor":{"position":{"x":-5127476,"y":906120,"z":0,"angle":553648128,"subsector":4566993016},"type":"player","health":14,"armor":45,"id":4567120880}}
{"counter":10665,"type":"move","frame":{"millis":48115,"tic":1684},"actor":{"position":{"x":-4352989,"y":1394032,"z":0,"angle":553648128,"subsector":4566993176},"type":"player","health":14,"armor":45,"id":4567120880}}
{"counter":10666,"type":"move","frame":{"millis":48115,"tic":1684},"actor":{"position":{"x":-13684288,"y":82848064,"z":0,"angle":2684354560,"subsector":4566996760},"type":"soldier","health":20,"id":4567138472}}
{"counter":10667,"type":"move","frame":{"millis":48115,"tic":1684},"actor":{"position":{"x":-18959296,"y":52948032,"z":0,"angle":2684354560,"subsector":4566993320},"type":"soldier","health":20,"id":4567138736}}
{"counter":10668,"type":"move","frame":{"millis":48115,"tic":1684},"actor":{"position":{"x":-10475200,"y":24498752,"z":0,"angle":0,"subsector":4566993432},"type":"shotgun_soldier","health":30,"id":4567139792}}
{"counter":10669,"type":"move","frame":{"millis":48143,"tic":1685},"actor":{"position":{"x":-4352989,"y":1394032,"z":0,"angle":587202560,"subsector":4566993176},"type":"player","health":14,"armor":45,"id":4567120880}}
{"counter":10670,"type":"move","frame":{"millis":48143,"tic":1685},"actor":{"position":{"x":-3584257,"y":1913764,"z":0,"angle":587202560,"subsector":4566993176},"type":"player","health":14,"armor":45,"id":4567120880}}
{"counter":10671,"type":"move","frame":{"millis":48143,"tic":1685},"actor":{"position":{"x":1694528,"y":78929216,"z":0,"angle":0,"subsector":4566996760},"type":"soldier","health":20,"id":4567139000}}
{"counter":10672,"type":"move","frame":{"millis":48143,"tic":1685},"actor":{"position":{"x":-29376192,"y":46428864,"z":0,"angle":3221225472,"subsector":4566993352},"type":"shotgun_soldier","health":30,"id":4567155368}}
{"counter":10673,"type":"move","frame":{"millis":48143,"tic":1685},"actor":{"position":{"x":8239504,"y":9150128,"z":0,"angle":3221225472,"subsector":4566993032},"type":"spectre","health":150,"id":4567166984}}
{"counter":10674,"type":"move","frame":{"millis":48172,"tic":1686},"actor":{"position":{"x":-3584257,"y":1913764,"z":0,"angle":587202560,"subsector":4566993176},"type":"player","health":14,"armor":45,"id":4567120880}}
{"counter":10675,"type":"move","frame":{"millis":48172,"tic":1686},"actor":{"position":{"x":-2820740,"y":2462333,"z":0,"angle":587202560,"subsector":4566993176},"type":"player","health":14,"armor":45,"id":4567120880}}
{"counter":10676,"type":"move","frame":{"millis":48172,"tic":1686},"actor":{"position":{"x":-4893504,"y":83875520,"z":0,"angle":1610612736,"subsector":4566996760},"type":"shotgun_soldier","health":30,"id":4567155104}}
{"counter":10677,"type":"move","frame":{"millis":48172,"tic":1686},"actor":{"position":{"x":-15781888,"y":24647040,"z":0,"angle":2147483648,"subsector":4566993432},"type":"shotgun_soldier","health":30,"id":4567155632}}
{"counter":10678,"type":"move","frame":{"millis":48172,"tic":1686},"actor":{"position":{"x":-23926720,"y":52645952,"z":0,"angle":2147483648,"subsector":4566993384},"type":"shotgun_soldier","health":30,"id":4567155896}}
{"counter":10679,"type":"move","frame":{"millis":48200,"tic":1687},"actor":{"position":{"x":-2820740,"y":2462333,"z":0,"angle":587202560,"subsector":4566993176},"type":"player","health":14,"armor":45,"id":4567120880}}
{"counter":10680,"type":"move","frame":{"millis":48200,"tic":1687},"actor":{"position":{"x":-2061949,"y":3037035,"z":0,"angle":587202560,"subsector":4566993176},"type":"player","health":14,"armor":45,"id":4567120880}}
{"counter":10681,"type":"move","frame":{"millis":48200,"tic":1687},"actor":{"position":{"x":-9950912,"y":24498752,"z":0,"angle":0,"subsector":4566993432},"type":"shotgun_soldier","health":30,"id":4567139792}}
{"counter":10682,"type":"move","frame":{"millis":48200,"tic":1687},"actor":{"position":{"x":7769504,"y":8680128,"z":0,"angle":2684354560,"subsector":4566993032},"type":"spectre","health":150,"id":4567166984}}
{"counter":10683,"type":"move","frame":{"millis":48230,"tic":1688},"actor":{"position":{"x":-2061949,"y":3037035,"z":0,"angle":587202560,"subsector":4566993176},"type":"player","health":14,"armor":45,"id":4567120880}}
{"counter":10684,"type":"move","frame":{"millis":48230,"tic":1688},"actor":{"position":{"x":-1307441,"y":3635420,"z":0,"angle":587202560,"subsector":4566993176},"type":"player","health":14,"armor":45,"id":4567120880}}
{"counter":10685,"type":"move","frame":{"millis":48230,"tic":1688},"actor":{"position":{"x":-13684288,"y":82323776,"z":0,"angle":3221225472,"subsector":4566996760},"type":"soldier","health":20,"id":4567138472}}
{"counter":10686,"type":"move","frame":{"millis":48230,"tic":1688},"actor":{"position":{"x":-18435008,"y":52948032,"z":0,"angle":3221225472,"subsector":4566993320},"type":"soldier","health":20,"id":4567138736}}
{"counter":10687,"type":"move","frame":{"millis":48230,"tic":1688},"actor":{"position":{"x":-29376192,"y":45904576,"z":0,"angle":3221225472,"subsector":4566993352},"type":"shotgun_soldier","health":30,"id":4567155368}}
{"counter":10688,"type":"move","frame":{"millis":48259,"tic":1689},"actor":{"position":{"x":-1307441,"y":3635420,"z":0,"angle":587202560,"subsector":4566993176},"type":"player","health":14,"armor":45,"id":4567120880}}
{"counter":10689,"type":"move","frame":{"millis":48259,"tic":1689},"actor":{"position":{"x":-556815,"y":4255268,"z":0,"angle":587202560,"subsector":4566993176},"type":"player","health":14,"armor":45,"id":4567120880}}
{"counter":10690,"type":"move","frame":{"millis":48259,"tic":1689},"actor":{"position":{"x":2218816,"y":78929216,"z":0,"angle":0,"subsector":4566996760},"type":"soldier","health":20,"id":4567139000}}
{"counter":10691,"type":"move","frame":{"millis":48259,"tic":1689},"actor":{"position":{"x":-4517504,"y":83499520,"z":0,"angle":2147483648,"subsector":4566996760},"type":"shotgun_soldier","health":30,"id":4567155104}}
{"counter":10692,"type":"move","frame":{"millis":48259,"tic":1689},"actor":{"position":{"x":-15257600,"y":24647040,"z":0,"angle":2684354560,"subsector":4566993432},"type":"shotgun_soldier","health":30,"id":4567155632}}
{"counter":10693,"type":"move","frame":{"millis":48259,"tic":1689},"actor":{"position":{"x":-24451008,"y":52645952,"z":0,"angle":2147483648,"subsector":4566993384},"type":"shotgun_soldier","health":30,"id":4567155896}}
{"counter":10694,"type":"move","frame":{"millis":48259,"tic":1689},"actor":{"position":{"x":7299504,"y":8210128,"z":0,"angle":2684354560,"subsector":4566993032},"type":"spectre","health":150,"id":4567166984}}
{"counter":10695,"type":"move","frame":{"millis":48287,"tic":1690},"actor":{"position":{"x":-556815,"y":4255268,"z":0,"angle":587202560,"subsector":4566993176},"type":"player","health":14,"armor":45,"id":4567120880}}
{"counter":10696,"type":"move","frame":{"millis":48287,"tic":1690},"actor":{"position":{"x":190293,"y":4894567,"z":0,"angle":587202560,"subsector":4566993176},"type":"player","health":14,"armor":45,"id":4567120880}}
{"counter":10697,"type":"move","frame":{"millis":48287,"tic":1690},"actor":{"position":{"x":-9426624,"y":24498752,"z":0,"angle":0,"subsector":4566993432},"type":"shotgun_soldier","health":30,"id":4567139792}}
{"counter":10698,"type":"move","frame":{"millis":48315,"tic":1691},"actor":{"position":{"x":190293,"y":4894567,"z":0,"angle":587202560,"subsector":4566993176},"type":"player","health":14,"armor":45,"id":4567120880}}
{"counter":10699,"type":"move","frame":{"millis":48315,"tic":1691},"actor":{"position":{"x":934213,"y":5551493,"z":0,"angle":587202560,"subsector":4566993176},"type":"player","health":14,"armor":45,"id":4567120880}}
{"counter":10700,"type":"move","frame":{"millis":48315,"tic":1691},"actor":{"position":{"x":-29376192,"y":45380288,"z":0,"angle":3221225472,"subsector":4566993352},"type":"shotgun_soldier","health":30,"id":4567155368}}
{"counter":10701,"type":"move","frame":{"millis":48315,"tic":1691},"actor":{"position":{"x":6829504,"y":7740128,"z":0,"angle":2684354560,"subsector":4566993032},"type":"spectre","health":150,"id":4567166984}}
{"counter":10702,"type":"move","frame":{"millis":48343,"tic":1692},"actor":{"position":{"x":934213,"y":5551493,"z":0,"angle":587202560,"subsector":4566993176},"type":"player","health":14,"armor":45,"id":4567120880}}
{"counter":10703,"type":"move","frame":{"millis":48343,"tic":1692},"actor":{"position":{"x":1632457,"y":6174754,"z":0,"angle":587202560,"subsector":4566993176},"type":"player","health":14,"armor":45,"id":4567120880}}
{"counter":10704,"type":"move","frame":{"millis":48343,"tic":1692},"actor":{"position":{"x":-13684288,"y":81799488,"z":0,"angle":3221225472,"subsector":4566996760},"type":"soldier","health":20,"id":4567138472}}
{"counter":10705,"type":"move","frame":{"millis":48343,"tic":1692},"actor":{"position":{"x":-17910720,"y":52948032,"z":0,"angle":3758096384,"subsector":4566993320},"type":"soldier","health":20,"id":4567138736}}
{"counter":10706,"type":"move","frame":{"millis":48343,"tic":1692},"actor":{"position":{"x":-4141504,"y":83123520,"z":0,"angle":2684354560,"subsector":4566996760},"type":"shotgun_soldier","health":30,"id":4567155104}}
{"counter":10707,"type":"move","frame":{"millis":48343,"tic":1692},"actor":{"position":{"x":-14733312,"y":24647040,"z":0,"angle":3221225472,"subsector":4566993432},"type":"shotgun_soldier","health":30,"id":4567155632}}
{"counter":10708,"type":"move","frame":{"millis":48343,"tic":1692},"actor":{"position":{"x":-24975296,"y":52645952,"z":0,"angle":2147483648,"subsector":4566993384},"type":"shotgun_soldier","health":30,"id":4567155896}}
{"counter":10709,"type":"move","frame":{"millis":48372,"tic":1693},"actor":{"position":{"x":1632457,"y":6174754,"z":0,"angle":570425344,"subsector":4566993176},"type":"player","health":14,"armor":45,"id":4567120880}}
{"counter":10710,"type":"move","frame":{"millis":48373,"tic":1693},"actor":{"position":{"x":2228121,"y":6698598,"z":0,"angle":570425344,"subsector":4566993176},"type":"player","health":14,"armor":45,"id":4567120880}}
{"counter":10711,"type":"move","frame":{"millis":48373,"tic":1693},"actor":{"position":{"x":2743104,"y":78929216,"z":0,"angle":0,"subsector":4566996760},"type":"soldier","health":20,"id":4567139000}}
{"counter":10712,"type":"move","frame":{"millis":48373,"tic":1693},"actor":{"position":{"x":-8902336,"y":24498752,"z":0,"angle":0,"subsector":4566993432},"type":"shotgun_soldier","health":30,"id":4567139792}}
{"counter":10713,"type":"move","frame":{"millis":48373,"tic":1693},"actor":{"position":{"x":6359504,"y":7270128,"z":0,"angle":2684354560,"subsector":4566993032},"type":"spectre","health":150,"id":4567166984}}
{"counter":10714,"type":"move","frame":{"millis":48400,"tic":1694},"actor":{"position":{"x":2228121,"y":6698598,"z":0,"angle":553648128,"subsector":4566993176},"type":"player","health":14,"armor":45,"id":4567120880}}
{"counter":10715,"type":"move","frame":{"millis":48400,"tic":1694},"actor":{"position":{"x":2697361,"y":7099141,"z":0,"angle":553648128,"subsector":4566993176},"type":"player","health":14,"armor":45,"id":4567120880}}
{"counter":10716,"type":"move","frame":{"millis":48400,"tic":1694},"actor":{"position":{"x":-29376192,"y":44856000,"z":0,"angle":3221225472,"subsector":4566993352},"type":"shotgun_soldier","health":30,"id":4567155368}}
{"counter":10717,"type":"move","frame":{"millis":48429,"tic":1695},"actor":{"position":{"x":2697361,"y":7099141,"z":0,"angle":520093696,"subsector":4566993176},"type":"player","health":14,"armor":45,"id":4567120880}}
{"counter":10718,"type":"move","frame":{"millis":48429,"tic":1695},"actor":{"position":{"x":3048474,"y":7391497,"z":0,"angle":520093696,"subsector":4566993176},"type":"player","health":14,"armor":45,"id":4567120880}}
{"counter":10719,"type":"move","frame":{"millis":48429,"tic":1695},"actor":{"position":{"x":-3765504,"y":82747520,"z":0,"angle":3221225472,"subsector":4566996760},"type":"shotgun_soldier","health":30,"id":4567155104}}
{"counter":10720,"type":"move","frame":{"millis":48429,"tic":1695},"actor":{"position":{"x":-14209024,"y":24647040,"z":0,"angle":3758096384,"subsector":4566993432},"type":"shotgun_soldier","health":30,"id":4567155632}}
{"counter":10721,"type":"move","frame":{"millis":48429,"tic":1695},"actor":{"position":{"x":-25499584,"y":52645952,"z":0,"angle":2147483648,"subsector":4566993384},"type":"shotgun_soldier","health":30,"id":4567155896}}
{"counter":10722,"type":"move","frame":{"millis":48458,"tic":1696},"actor":{"position":{"x":3048474,"y":7391497,"z":0,"angle":503316480,"subsector":4566993176},"type":"player","health":14,"armor":45,"id":4567120880}}
{"counter":10723,"type":"move","frame":{"millis":48458,"tic":1696},"actor":{"position":{"x":3290823,"y":7587648,"z":0,"angle":503316480,"subsector":4566993176},"type":"player","health":14,"armor":45,"id":4567120880}}
{"counter":10724,"type":"move","frame":{"millis":48458,"tic":1696},"actor":{"position":{"x":-13684288,"y":81275200,"z":0,"angle":3221225472,"subsector":4566996760},"type":"soldier","health":20,"id":4567138472}}
{"counter":10725,"type":"move","frame":{"millis":48458,"tic":1696},"actor":{"position":{"x":-17386432,"y":52948032,"z":0,"angle":0,"subsector":4566993320},"type":"soldier","health":20,"id":4567138736}}
{"counter":10726,"type":"move","frame":{"millis":48459,"tic":1696},"actor":{"position":{"x":-8378048,"y":24498752,"z":0,"angle":0,"subsector":4566993432},"type":"shotgun_soldier","health":30,"id":4567139792}}
{"counter":10727,"type":"move","frame":{"millis":48486,"tic":1697},"actor":{"position":{"x":3290823,"y":7587648,"z":0,"angle":486539264,"subsector":4566993176},"type":"player","health":14,"armor":45,"id":4567120880}}
{"counter":10728,"type":"move","frame":{"millis":48486,"tic":1697},"actor":{"position":{"x":3290823,"y":7698494,"z":0,"angle":486539264,"subsector":4566993176},"type":"player","health":14,"armor":45,"id":4567120880}}
{"counter":10729,"type":"move","frame":{"millis":48486,"tic":1697},"actor":{"position":{"x":2367104,"y":79305216,"z":0,"angle":0,"subsector":4566996760},"type":"soldier","health":20,"id":4567139000}}
{"counter":10730,"type":"move","frame":{"millis":48486,"tic":1697},"actor":{"position":{"x":-29376192,"y":44331712,"z":0,"angle":3221225472,"subsector":4566993352},"type":"shotgun_soldier","health":30,"id":4567155368}}
{"counter":10731,"type":"move","frame":{"millis":48515,"tic":1698},"actor":{"position":{"x":3290823,"y":7698494,"z":0,"angle":486539264,"subsector":4566993176},"type":"player","health":14,"armor":45,"id":4567120880}}
{"counter":10732,"type":"move","frame":{"millis":48515,"tic":1698},"actor":{"position":{"x":3342101,"y":7732033,"z":0,"angle":486539264,"subsector":4566993176},"type":"player","health":14,"armor":45,"id":4567120880}}
{"counter":10733,"type":"move","frame":{"millis":48515,"tic":1698},"actor":{"position":{"x":-3389504,"y":82371520,"z":0,"angle":3758096384,"subsector":4566996760},"type":"shotgun_soldier","health":30,"id":4567155104}}
{"counter":10734,"type":"move","frame":{"millis":48515,"tic":1698},"actor":{"position":{"x":-13684736,"y":24647040,"z":0,"angle":0,"subsector":4566993432},"type":"shotgun_soldier","health":30,"id":4567155632}}
{"counter":10735,"type":"move","frame":{"millis":48515,"tic":1698},"actor":{"position":{"x":-25123584,"y":52269952,"z":0,"angle":2147483648,"subsector":4566993384},"type":"shotgun_soldier","health":30,"id":4567155896}}
{"counter":10736,"type":"move","frame":{"millis":48543,"tic":1699},"actor":{"position":{"x":3342101,"y":7732033,"z":0,"angle":486539264,"subsector":4566993176},"type":"player","health":14,"armor":45,"id":4567120880}}
{"counter":10737,"type":"move","frame":{"millis":48543,"tic":1699},"actor":{"position":{"x":3311058,"y":7695512,"z":0,"angle":486539264,"subsector":4566993176},"type":"player","health":14,"armor":45,"id":4567120880}}
{"counter":10738,"type":"move","frame":{"millis":48543,"tic":1699},"actor":{"position":{"x":-7853760,"y":24498752,"z":0,"angle":0,"subsector":4566993432},"type":"shotgun_soldier","health":30,"id":4567139792}}
{"counter":10739,"type":"move","frame":{"millis":48572,"tic":1700},"actor":{"position":{"x":3311058,"y":7695512,"z":0,"angle":486539264,"subsector":4566993176},"type":"player","health":14,"armor":45,"id":4567120880}}
{"counter":10740,"type":"move","frame":{"millis":48572,"tic":1700},"actor":{"position":{"x":3205412,"y":7595499,"z":0,"angle":486539264,"subsector":4566993176},"type":"player","health":14,"armor":45,"id":4567120880}}
{"counter":10741,"type":"move","frame":{"millis":48572,"tic":1700},"actor":{"position":{"x":-13684288,"y":80750912,"z":0,"angle":3221225472,"subsector":4566996760},"type":"soldier","health":20,"id":4567138472}}
{"counter":10742,"type":"move","frame":{"millis":48572,"tic":1700},"actor":{"position":{"x":-16862144,"y":52948032,"z":0,"angle":0,"subsector":4566993320},"type":"soldier","health":20,"id":4567138736}}
{"counter":10743,"type":"move","frame":{"millis":48572,"tic":1700},"actor":{"position":{"x":-29376192,"y":43807424,"z":0,"angle":3221225472,"subsector":4566993352},"type":"shotgun_soldier","health":30,"id":4567155368}}
{"counter":10744,"type":"move","frame":{"millis":48600,"tic":1701},"actor":{"position":{"x":3205412,"y":7595499,"z":0,"angle":486539264,"subsector":4566993176},"type":"player","health":14,"armor":45,"id":4567120880}}
{"counter":10745,"type":"move","frame":{"millis":48600,"tic":1701},"actor":{"position":{"x":3032157,"y":7437947,"z":0,"angle":486539264,"subsector":4566993176},"type":"player","health":14,"armor":45,"id":4567120880}}
{"counter":10746,"type":"move","frame":{"millis":48601,"tic":1701},"actor":{"position":{"x":1991104,"y":79681216,"z":0,"angle":536870912,"subsector":4566996760},"type":"soldier","health":20,"id":4567139000}}
{"counter":10747,"type":"move","frame":{"millis":48601,"tic":1701},"actor":{"position":{"x":-3013504,"y":81995520,"z":0,"angle":3758096384,"subsector":4566996760},"type":"shotgun_soldier","health":30,"id":4567155104}}
{"counter":10748,"type":"move","frame":{"millis":48601,"tic":1701},"actor":{"position":{"x":-13160448,"y":24647040,"z":0,"angle":0,"subsector":4566993432},"type":"shotgun_soldier","health":30,"id":4567155632}}
{"counter":10749,"type":"move","frame":{"millis":48601,"tic":1701},"actor":{"position":{"x":-24747584,"y":51893952,"z":0,"angle":2684354560,"subsector":4566993384},"type":"shotgun_soldier","health":30,"id":4567155896}}
{"counter":10750,"type":"move","frame":{"millis":48630,"tic":1702},"actor":{"position":{"x":3032157,"y":7437947,"z":0,"angle":469762048,"subsector":4566993176},"type":"player","health":14,"armor":45,"id":4567120880}}
{"counter":10751,"type":"move","frame":{"millis":48630,"tic":1702},"actor":{"position":{"x":2796012,"y":7230172,"z":0,"angle":469762048,"subsector":4566993176},"type":"player","health":14,"armor":45,"id":4567120880}}
{"counter":10752,"type":"move","frame":{"millis":48630,"tic":1702},"actor":{"position":{"x":-7329472,"y":24498752,"z":0,"angle":0,"subsector":4566993432},"type":"shotgun_soldier","health":30,"id":4567139792}}
{"counter":10753,"type":"move","frame":{"millis":48658,"tic":1703},"actor":{"position":{"x":2796012,"y":7230172,"z":0,"angle":452984832,"subsector":4566993176},"type":"player","health":14,"armor":45,"id":4567120880}}
{"counter":10754,"type":"move","frame":{"millis":48658,"tic":1703},"actor":{"position":{"x":2501303,"y":6978845,"z":0,"angle":452984832,"subsector":4566993176},"type":"player","health":14,"armor":45,"id":4567120880}}
{"counter":10755,"type":"move","frame":{"millis":48658,"tic":1703},"actor":{"position":{"x":-29376192,"y":43283136,"z":0,"angle":3221225472,"subsector":4566993352},"type":"shotgun_soldier","health":30,"id":4567155368}}
{"counter":10756,"type":"move","frame":{"millis":48686,"tic":1704},"actor":{"position":{"x":2501303,"y":6978845,"z":0,"angle":452984832,"subsector":4566993176},"type":"player","health":14,"armor":45,"id":4567120880}}
{"counter":10757,"type":"move","frame":{"millis":48686,"tic":1704},"actor":{"position":{"x":2153520,"y":6688049,"z":0,"angle":452984832,"subsector":4566993176},"type":"player","health":14,"armor":45,"id":4567120880}}
{"counter":10758,"type":"move","frame":{"millis":48686,"tic":1704},"actor":{"position":{"x":-13308288,"y":80374912,"z":0,"angle":3221225472,"subsector":4566996760},"type":"soldier","health":20,"id":4567138472}}
{"counter":10759,"type":"move","frame":{"millis":48686,"tic":1704},"actor":{"position":{"x":-16337856,"y":52948032,"z":0,"angle":0,"subsector":4566993320},"type":"soldier","health":20,"id":4567138736}}
{"counter":10760,"type":"move","frame":{"millis":48686,"tic":1704},"actor":{"position":{"x":-2637504,"y":81619520,"z":0,"angle":3758096384,"subsector":4566996760},"type":"shotgun_soldier","health":30,"id":4567155104}}
{"counter":10761,"type":"move","frame":{"millis":48686,"tic":1704},"actor":{"position":{"x":-12636160,"y":24647040,"z":0,"angle":0,"subsector":4566993432},"type":"shotgun_soldier","health":30,"id":4567155632}}
{"counter":10762,"type":"move","frame":{"millis":48686,"tic":1704},"actor":{"position":{"x":-24371584,"y":51517952,"z":0,"angle":3221225472,"subsector":4566993384},"type":"shotgun_soldier","health":30,"id":4567155896}}
{"counter":10763,"type":"move","frame":{"millis":48715,"tic":1705},"actor":{"position":{"x":2153520,"y":6688049,"z":0,"angle":452984832,"subsector":4566993176},"type":"player","health":14,"armor":45,"id":4567120880}}
{"counter":10764,"type":"move","frame":{"millis":48715,"tic":1705},"actor":{"position":{"x":1757639,"y":6361485,"z":0,"angle":452984832,"subsector":4566993176},"type":"player","health":14,"armor":45,"id":4567120880}}
{"counter":10765,"type":"move","frame":{"millis":48715,"tic":1705},"actor":{"position":{"x":1615104,"y":80057216,"z":0,"angle":1073741824,"subsector":4566996760},"type":"soldier","health":20,"id":4567139000}}
{"counter":10766,"type":"move","frame":{"millis":48715,"tic":1705},"actor":{"position":{"x":-6805184,"y":24498752,"z":0,"angle":0,"subsector":4566993432},"type":"shotgun_soldier","health":30,"id":4567139792}}
{"counter":10767,"type":"move","frame":{"millis":48744,"tic":1706},"actor":{"position":{"x":1757639,"y":6361485,"z":0,"angle":452984832,"subsector":4566993176},"type":"player","health":14,"armor":45,"id":4567120880}}
{"counter":10768,"type":"move","frame":{"millis":48744,"tic":1706},"actor":{"position":{"x":1318169,"y":6002506,"z":0,"angle":452984832,"subsector":4566993176},"type":"player","health":14,"armor":45,"id":4567120880}}
{"counter":10769,"type":"move","frame":{"millis":48744,"tic":1706},"actor":{"position":{"x":-29376192,"y":42758848,"z":0,"angle":3221225472,"subsector":4566993352},"type":"shotgun_soldier","health":30,"id":4567155368}}
{"counter":10770,"type":"move","frame":{"millis":48773,"tic":1707},"actor":{"position":{"x":1318169,"y":6002506,"z":0,"angle":452984832,"subsector":4566993176},"type":"player","health":14,"armor":45,"id":4567120880}}
{"counter":10771,"type":"move","frame":{"millis":48773,"tic":1707},"actor":{"position":{"x":839197,"y":5614151,"z":0,"angle":452984832,"subsector":4566993176},"type":"player","health":14,"armor":45,"id":4567120880}}
{"counter":10772,"type":"move","frame":{"millis":48773,"tic":1707},"actor":{"position":{"x":-2261504,"y":81243520,"z":0,"angle":3758096384,"subsector":4566996760},"type":"shotgun_soldier","health":30,"id":4567155104}}
{"counter":10773,"type":"move","frame":{"millis":48773,"tic":1707},"actor":{"position":{"x":-12111872,"y":24647040,"z":0,"angle":0,"subsector":4566993432},"type":"shotgun_soldier","health":30,"id":4567155632}}
{"counter":10774,"type":"move","frame":{"millis":48773,"tic":1707},"actor":{"position":{"x":-23995584,"y":51893952,"z":0,"angle":3758096384,"subsector":4566993384},"type":"shotgun_soldier","health":30,"id":4567155896}}
{"counter":10775,"type":"move","frame":{"millis":48800,"tic":1708},"actor":{"position":{"x":839197,"y":5614151,"z":0,"angle":452984832,"subsector":4566993176},"type":"player","health":14,"armor":45,"id":4567120880}}
{"counter":10776,"type":"move","frame":{"millis":48800,"tic":1708},"actor":{"position":{"x":324426,"y":5199174,"z":0,"angle":452984832,"subsector":4566993176},"type":"player","health":14,"armor":45,"id":4567120880}}
{"counter":10777,"type":"move","frame":{"millis":48800,"tic":1708},"actor":{"position":{"x":-12932288,"y":79998912,"z":0,"angle":3758096384,"subsector":4566996760},"type":"soldier","health":20,"id":4567138472}}
{"counter":10778,"type":"move","frame":{"millis":48800,"tic":1708},"actor":{"position":{"x":-16713856,"y":53324032,"z":0,"angle":0,"subsector":4566993320},"type":"soldier","health":20,"id":4567138736}}
{"counter":10779,"type":"move","frame":{"millis":48800,"tic":1708},"actor":{"position":{"x":-6280896,"y":24498752,"z":0,"angle":0,"subsector":4566993432},"type":"shotgun_soldier","health":30,"id":4567139792}}
{"counter":10780,"type":"move","frame":{"millis":48830,"tic":1709},"actor":{"position":{"x":324426,"y":5199174,"z":0,"angle":452984832,"subsector":4566993176},"type":"player","health":14,"armor":45,"id":4567120880}}
{"counter":10781,"type":"move","frame":{"millis":48830,"tic":1709},"actor":{"position":{"x":-222788,"y":4760071,"z":0,"angle":452984832,"subsector":4566993176},"type":"player","health":14,"armor":45,"id":4567120880}}
{"counter":10782,"type":"move","frame":{"millis":48830,"tic":1709},"actor":{"position":{"x":1239104,"y":79681216,"z":0,"angle":1610612736,"subsector":4566996760},"type":"soldier","health":20,"id":4567139000}}
{"counter":10783,"type":"move","frame":{"millis":48830,"tic":1709},"actor":{"position":{"x":-29376192,"y":42234560,"z":0,"angle":3221225472,"subsector":4566993352},"type":"shotgun_soldier","health":30,"id":4567155368}}
{"counter":10784,"type":"move","frame":{"millis":48859,"tic":1710},"actor":{"position":{"x":-222788,"y":4760071,"z":0,"angle":452984832,"subsector":4566993176},"type":"player","health":14,"armor":45,"id":4567120880}}
{"counter":10785,"type":"move","frame":{"millis":48859,"tic":1710},"actor":{"position":{"x":-799403,"y":4299103,"z":0,"angle":452984832,"subsector":4566993176},"type":"player","health":14,"armor":45,"id":4567120880}}
{"counter":10786,"type":"move","frame":{"millis":48859,"tic":1710},"actor":{"position":{"x":-1885504,"y":80867520,"z":0,"angle":3758096384,"subsector":4566996760},"type":"shotgun_soldier","health":30,"id":4567155104}}
{"counter":10787,"type":"move","frame":{"millis":48859,"tic":1710},"actor":{"position":{"x":-11587584,"y":24647040,"z":0,"angle":0,"subsector":4566993432},"type":"shotgun_soldier","health":30,"id":4567155632}}
{"counter":10788,"type":"move","frame":{"millis":48859,"tic":1710},"actor":{"position":{"x":-23619584,"y":52269952,"z":0,"angle":0,"subsector":4566993384},"type":"shotgun_soldier","health":30,"id":4567155896}}
{"counter":10789,"type":"move","frame":{"millis":48886,"tic":1711},"actor":{"position":{"x":-799403,"y":4299103,"z":0,"angle":452984832,"subsector":4566993176},"type":"player","health":14,"armor":45,"id":4567120880}}
{"counter":10790,"type":"move","frame":{"millis":48886,"tic":1711},"actor":{"position":{"x":-1402663,"y":3818320,"z":0,"angle":452984832,"subsector":4566993176},"type":"player","health":14,"armor":45,"id":4567120880}}
{"counter":10791,"type":"move","frame":{"millis":48886,"tic":1711},"actor":{"position":{"x":-5904896,"y":24122752,"z":0,"angle":0,"subsector":4566993432},"type":"shotgun_soldier","health":30,"id":4567139792}}
{"counter":10792,"type":"move","frame":{"millis":48915,"tic":1712},"actor":{"position":{"x":-1402663,"y":3818320,"z":0,"angle":452984832,"subsector":4566993176},"type":"player","health":14,"armor":45,"id":4567120880}}
{"counter":10793,"type":"move","frame":{"millis":48915,"tic":1712},"actor":{"position":{"x":-2030070,"y":3319580,"z":0,"angle":452984832,"subsector":4566993176},"type":"player","health":14,"armor":45,"id":4567120880}}
{"counter":10794,"type":"move","frame":{"millis":48915,"tic":1712},"actor":{"position":{"x":-12556288,"y":79622912,"z":0,"angle":3758096384,"subsector":4566996760},"type":"soldier","health":20,"id":4567138472}}
{"counter":10795,"type":"move","frame":{"millis":48915,"tic":1712},"actor":{"position":{"x":-17089856,"y":53700032,"z":0,"angle":536870912,"subsector":4566993320},"type":"soldier","health":20,"id":4567138736}}
{"counter":10796,"type":"move","frame":{"millis":48915,"tic":1712},"actor":{"position":{"x":-29000192,"y":41858560,"z":0,"angle":3221225472,"subsector":4566993352},"type":"shotgun_soldier","health":30,"id":4567155368}}
{"counter":10797,"type":"move","frame":{"millis":48943,"tic":1713},"actor":{"position":{"x":-2030070,"y":3319580,"z":0,"angle":419430400,"subsector":4566993176},"type":"player","health":14,"armor":45,"id":4567120880}}
{"counter":10798,"type":"move","frame":{"millis":48943,"tic":1713},"actor":{"position":{"x":-2635485,"y":2841638,"z":0,"angle":419430400,"subsector":4566993176},"type":"player","health":14,"armor":45,"id":4567120880}}
{"counter":10799,"type":"move","frame":{"millis":48943,"tic":1713},"actor":{"position":{"x":863104,"y":79305216,"z":0,"angle":2147483648,"subsector":4566996760},"type":"soldier","health":20,"id":4567139000}}
{"counter":10800,"type":"move","frame":{"millis":48943,"tic":1713},"actor":{"position":{"x":-2261504,"y":80491520,"z":0,"angle":3758096384,"subsector":4566996760},"type":"shotgun_soldier","health":30,"id":4567155104}}
{"counter":10801,"type":"move","frame":{"millis":48943,"tic":1713},"actor":{"position":{"x":-11063296,"y":24647040,"z":0,"angle":0,"subsector":4566993432},"type":"shotgun_soldier","health":30,"id":4567155632}}
{"counter":10802,"type":"move","frame":{"millis":48943,"tic":1713},"actor":{"position":{"x":-23243584,"y":52645952,"z":0,"angle":536870912,"subsector":4566993384},"type":"shotgun_soldier","health":30,"id":4567155896}}
{"counter":10803,"type":"move","frame":{"millis":48972,"tic":1714},"actor":{"position":{"x":-2635485,"y":2841638,"z":0,"angle":402653184,"subsector":4566993176},"type":"player","health":14,"armor":45,"id":4567120880}}
{"counter":10804,"type":"move","frame":{"millis":48972,"tic":1714},"actor":{"position":{"x":-3207977,"y":2392564,"z":0,"angle":402653184,"subsector":4566993176},"type":"player","health":14,"armor":45,"id":4567120880}}
{"counter":10805,"type":"move","frame":{"millis":48972,"tic":1714},"actor":{"position":{"x":-5528896,"y":23746752,"z":0,"angle":3758096384,"subsector":4566993432},"type":"shotgun_soldier","health":30,"id":4567139792}}
{"counter":10806,"type":"move","frame":{"millis":49001,"tic":1715},"actor":{"position":{"x":-3207977,"y":2392564,"z":0,"angle":369098752,"subsector":4566993176},"type":"player","health":14,"armor":45,"id":4567120880}}
{"counter":10807,"type":"move","frame":{"millis":49001,"tic":1715},"actor":{"position":{"x":-3703968,"y":1999285,"z":0,"angle":369098752,"subsector":4566993176},"type":"player","health":14,"armor":45,"id":4567120880}}
{"counter":10808,"type":"move","frame":{"millis":49001,"tic":1715},"actor":{"position":{"x":-28624192,"y":41482560,"z":0,"angle":3758096384,"subsector":4566993352},"type":"shotgun_soldier","health":30,"id":4567155368}}
{"counter":10809,"type":"move","frame":{"millis":49029,"tic":1716},"actor":{"position":{"x":-4153460,"y":1642875,"z":0,"angle":369098752,"subsector":4566993176},"type":"player","health":14,"armor":45,"id":4567120880}}
{"counter":10810,"type":"move","frame":{"millis":49029,"tic":1716},"actor":{"position":{"x":-12180288,"y":79246912,"z":0,"angle":3758096384,"subsector":4566996760},"type":"soldier","health":20,"id":4567138472}}
{"counter":10811,"type":"move","frame":{"millis":49029,"tic":1716},"actor":{"position":{"x":-17465856,"y":54076032,"z":0,"angle":1073741824,"subsector":4566993320},"type":"soldier","health":20,"id":4567138736}}
{"counter":10812,"type":"move","frame":{"millis":49029,"tic":1716},"actor":{"position":{"x":-2637504,"y":80115520,"z":0,"angle":3221225472,"subsector":4566996760},"type":"shotgun_soldier","health":30,"id":4567155104}}
{"counter":10813,"type":"move","frame":{"millis":49029,"tic":1716},"actor":{"position":{"x":-10539008,"y":24647040,"z":0,"angle":0,"subsector":4566993432},"type":"shotgun_soldier","health":30,"id":4567155632}}
{"counter":10814,"type":"move","frame":{"millis":49029,"tic":1716},"actor":{"position":{"x":-22867584,"y":53021952,"z":0,"angle":536870912,"subsector":4566993384},"type":"shotgun_soldier","health":30,"id":4567155896}}
{"counter":10815,"type":"move","frame":{"millis":49058,"tic":1717},"actor":{"position":{"x":-4153460,"y":1642875,"z":0,"angle":352321536,"subsector":4566993176},"type":"player","health":14,"armor":45,"id":4567120880}}
{"counter":10816,"type":"move","frame":{"millis":49058,"tic":1717},"actor":{"position":{"x":-4510931,"y":1348161,"z":0,"angle":352321536,"subsector":4566993176},"type":"player","health":14,"armor":45,"id":4567120880}}
{"counter":10817,"type":"move","frame":{"millis":49058,"tic":1717},"actor":{"position":{"x":487104,"y":78929216,"z":0,"angle":2684354560,"subsector":4566996760},"type":"soldier","health":20,"id":4567139000}}
{"counter":10818,"type":"move","frame":{"millis":49058,"tic":1717},"actor":{"position":{"x":-5152896,"y":23370752,"z":0,"angle":3758096384,"subsector":4566993432},"type":"shotgun_soldier","health":30,"id":4567139792}}
{"counter":10819,"type":"move","frame":{"millis":49087,"tic":1718},"actor":{"position":{"x":-4510931,"y":1348161,"z":0,"angle":335544320,"subsector":4566993176},"type":"player","health":14,"armor":45,"id":4567120880}}
{"counter":10820,"type":"move","frame":{"millis":49087,"tic":1718},"actor":{"position":{"x":-4813221,"y":1092669,"z":0,"angle":335544320,"subsector":4566993176},"type":"player","health":14,"armor":45,"id":4567120880}}
{"counter":10821,"type":"move","frame":{"millis":49087,"tic":1718},"actor":{"position":{"x":-28624192,"y":40958272,"z":0,"angle":3758096384,"subsector":4566993352},"type":"shotgun_soldier","health":30,"id":4567155368}}
{"counter":10822,"type":"move","frame":{"millis":49116,"tic":1719},"actor":{"position":{"x":-4813221,"y":1092669,"z":0,"angle":335544320,"subsector":4566993176},"type":"player","health":14,"armor":45,"id":4567120880}}
{"counter":10823,"type":"move","frame":{"millis":49116,"tic":1719},"actor":{"position":{"x":-5067309,"y":871756,"z":0,"angle":335544320,"subsector":4566993016},"type":"player","health":14,"armor":45,"id":4567120880}}
{"counter":10824,"type":"move","frame":{"millis":49116,"tic":1719},"actor":{"position":{"x":-3013504,"y":79739520,"z":0,"angle":2684354560,"subsector":4566996760},"type":"shotgun_soldier","health":30,"id":4567155104}}
{"counter":10825,"type":"move","frame":{"millis":49116,"tic":1719},"actor":{"position":{"x":-10014720,"y":24647040,"z":0,"angle":0,"subsector":4566993432},"type":"shotgun_soldier","health":30,"id":4567155632}}
{"counter":10826,"type":"move","frame":{"millis":49116,"tic":1719},"actor":{"position":{"x":-22491584,"y":53397952,"z":0,"angle":536870912,"subsector":4566993384},"type":"shotgun_soldier","health":30,"id":4567155896}}
{"counter":10827,"type":"move","frame":{"millis":49116,"tic":1719},"actor":{"position":{"x":5889504,"y":6800128,"z":0,"angle":2684354560,"subsector":4566993192},"type":"spectre","health":150,"id":4567166984}}
{"counter":10828,"type":"move","frame":{"millis":49143,"tic":1720},"actor":{"position":{"x":-5067309,"y":871756,"z":0,"angle":335544320,"subsector":4566993016},"type":"player","health":14,"armor":45,"id":4567120880}}
{"counter":10829,"type":"move","frame":{"millis":49144,"tic":1720},"actor":{"position":{"x":-5295772,"y":672519,"z":0,"angle":335544320,"subsector":4566993016},"type":"player","health":14,"armor":45,"id":4567120880}}
{"counter":10830,"type":"move","frame":{"millis":49144,"tic":1720},"actor":{"position":{"x":-11656000,"y":79246912,"z":0,"angle":3758096384,"subsector":4566996760},"type":"soldier","health":20,"id":4567138472}}
{"counter":10831,"type":"move","frame":{"millis":49144,"tic":1720},"actor":{"position":{"x":-17841856,"y":54452032,"z":0,"angle":1610612736,"subsector":4566993320},"type":"soldier","health":20,"id":4567138736}}
{"counter":10832,"type":"move","frame":{"millis":49144,"tic":1720},"actor":{"position":{"x":-5152896,"y":23370752,"z":0,"angle":3758096384,"subsector":4566993432},"type":"shotgun_soldier","health":30,"id":4567139792}}
{"counter":10833,"type":"move","frame":{"millis":49173,"tic":1721},"actor":{"position":{"x":-5295772,"y":672519,"z":0,"angle":335544320,"subsector":4566993016},"type":"player","health":14,"armor":45,"id":4567120880}}
{"weapon_type":2,"counter":10834,"type":"attacked","frame":{"millis":49173,"tic":1721},"actor":{"position":{"x":-5295772,"y":672519,"z":0,"angle":335544320,"subsector":4566993016},"type":"player","health":14,"armor":45,"id":4567120880}}
{"counter":10835,"type":"move","frame":{"millis":49173,"tic":1721},"actor":{"position":{"x":-5556991,"y":462977,"z":0,"angle":335544320,"subsector":4566993016},"type":"player","health":14,"armor":45,"id":4567120880}}
{"counter":10836,"type":"move","frame":{"millis":49173,"tic":1721},"actor":{"position":{"x":-37184,"y":78929216,"z":0,"angle":2684354560,"subsector":4566996760},"type":"soldier","health":20,"id":4567139000}}
{"counter":10837,"type":"move","frame":{"millis":49173,"tic":1721},"actor":{"position":{"x":-28624192,"y":40433984,"z":0,"angle":3221225472,"subsector":4566993352},"type":"shotgun_soldier","health":30,"id":4567155368}}
{"counter":10838,"type":"move","frame":{"millis":49173,"tic":1721},"actor":{"position":{"x":5419504,"y":6330128,"z":0,"angle":2684354560,"subsector":4566993192},"type":"spectre","health":150,"id":4567166984}}
{"counter":10839,"type":"move","frame":{"millis":49200,"tic":1722},"actor":{"position":{"x":-5556991,"y":462977,"z":0,"angle":335544320,"subsector":4566993016},"type":"player","health":14,"armor":45,"id":4567120880}}
{"counter":10840,"type":"move","frame":{"millis":49200,"tic":1722},"actor":{"position":{"x":-5840672,"y":247960,"z":0,"angle":335544320,"subsector":4566993016},"type":"player","health":14,"armor":45,"id":4567120880}}
{"counter":10841,"type":"move","frame":{"millis":49200,"tic":1722},"actor":{"position":{"x":-3389504,"y":79363520,"z":0,"angle":2684354560,"subsector":4566996760},"type":"shotgun_soldier","health":30,"id":4567155104}}
{"counter":10842,"type":"move","frame":{"millis":49200,"tic":1722},"actor":{"position":{"x":-9490432,"y":24647040,"z":0,"angle":0,"subsector":4566993432},"type":"shotgun_soldier","health":30,"id":4567155632}}
{"counter":10843,"type":"move","frame":{"millis":49200,"tic":1722},"actor":{"position":{"x":-22115584,"y":53773952,"z":0,"angle":536870912,"subsector":4566993384},"type":"shotgun_soldier","health":30,"id":4567155896}}
{"counter":10844,"type":"move","frame":{"millis":49229,"tic":1723},"actor":{"position":{"x":-5840672,"y":247960,"z":0,"angle":335544320,"subsector":4566993016},"type":"player","health":14,"armor":45,"id":4567120880}}
{"counter":10845,"type":"move","frame":{"millis":49229,"tic":1723},"actor":{"position":{"x":-6139291,"y":30879,"z":0,"angle":335544320,"subsector":4566993016},"type":"player","health":14,"armor":45,"id":4567120880}}
{"counter":10846,"type":"move","frame":{"millis":49229,"tic":1723},"actor":{"position":{"x":-5152896,"y":23370752,"z":0,"angle":3758096384,"subsector":4566993432},"type":"shotgun_soldier","health":30,"id":4567139792}}
{"counter":10847,"type":"move","frame":{"millis":49229,"tic":1723},"actor":{"position":{"x":4949504,"y":5860128,"z":0,"angle":2684354560,"subsector":4566993192},"type":"spectre","health":150,"id":4567166984}}
{"counter":10848,"type":"move","frame":{"millis":49258,"tic":1724},"actor":{"position":{"x":-6139291,"y":30879,"z":0,"angle":335544320,"subsector":4566993016},"type":"player","health":14,"armor":45,"id":4567120880}}
{"damage":10,"counter":10849,"type":"hit","frame":{"millis":49258,"tic":1724},"actor":{"position":{"x":-6139291,"y":30879,"z":0,"angle":335544320,"subsector":4566993016},"type":"player","health":14,"armor":45,"id":4567120880},"target":{"position":{"x":4949504,"y":5860128,"z":0,"angle":2684354560,"subsector":4566993192},"type":"spectre","health":140,"id":4567166984}}
{"counter":10850,"type":"targeted","frame":{"millis":49258,"tic":1724},"actor":{"position":{"x":-6139291,"y":30879,"z":0,"angle":335544320,"subsector":4566993016},"type":"player","health":14,"armor":45,"id":4567120880},"target":{"position":{"x":4949504,"y":5860128,"z":0,"angle":2684354560,"subsector":4566993192},"type":"spectre","health":140,"id":4567166984}}
{"damage":15,"counter":10851,"type":"hit","frame":{"millis":49258,"tic":1724},"actor":{"position":{"x":-6139291,"y":30879,"z":0,"angle":335544320,"subsector":4566993016},"type":"player","health":14,"armor":45,"id":4567120880},"target":{"position":{"x":4949504,"y":5860128,"z":0,"angle":2684354560,"subsector":4566993192},"type":"spectre","health":125,"id":4567166984}}
{"damage":15,"counter":10852,"type":"hit","frame":{"millis":49258,"tic":1724},"actor":{"position":{"x":-6139291,"y":30879,"z":0,"angle":335544320,"subsector":4566993016},"type":"player","health":14,"armor":45,"id":4567120880},"target":{"position":{"x":4949504,"y":5860128,"z":0,"angle":2684354560,"subsector":4566993192},"type":"spectre","health":110,"id":4567166984}}
{"damage":5,"counter":10853,"type":"hit","frame":{"millis":49258,"tic":1724},"actor":{"position":{"x":-6139291,"y":30879,"z":0,"angle":335544320,"subsector":4566993016},"type":"player","health":14,"armor":45,"id":4567120880},"target":{"position":{"x":4949504,"y":5860128,"z":0,"angle":2684354560,"subsector":4566993192},"type":"spectre","health":105,"id":4567166984}}
{"damage":5,"counter":10854,"type":"hit","frame":{"millis":49258,"tic":1724},"actor":{"position":{"x":-6139291,"y":30879,"z":0,"angle":335544320,"subsector":4566993016},"type":"player","health":14,"armor":45,"id":4567120880},"target":{"position":{"x":4949504,"y":5860128,"z":0,"angle":2684354560,"subsector":4566993192},"type":"spectre","health":100,"id":4567166984}}
{"damage":10,"counter":10855,"type":"hit","frame":{"millis":49259,"tic":1724},"actor":{"position":{"x":-6139291,"y":30879,"z":0,"angle":335544320,"subsector":4566993016},"type":"player","health":14,"armor":45,"id":4567120880},"target":{"position":{"x":4949504,"y":5860128,"z":0,"angle":2684354560,"subsector":4566993192},"type":"spectre","health":90,"id":4567166984}}
{"damage":10,"counter":10856,"type":"hit","frame":{"millis":49259,"tic":1724},"actor":{"position":{"x":-6139291,"y":30879,"z":0,"angle":335544320,"subsector":4566993016},"type":"player","health":14,"armor":45,"id":4567120880},"target":{"position":{"x":4949504,"y":5860128,"z":0,"angle":2684354560,"subsector":4566993192},"type":"spectre","health":80,"id":4567166984}}
{"counter":10857,"type":"move","frame":{"millis":49259,"tic":1724},"actor":{"position":{"x":-6431585,"y":-177445,"z":0,"angle":335544320,"subsector":4566993016},"type":"player","health":14,"armor":45,"id":4567120880}}
{"counter":10858,"type":"move","frame":{"millis":49259,"tic":1724},"actor":{"position":{"x":-11131712,"y":79246912,"z":0,"angle":0,"subsector":4566996760},"type":"soldier","health":20,"id":4567138472}}
{"counter":10859,"type":"move","frame":{"millis":49259,"tic":1724},"actor":{"position":{"x":-18217856,"y":54828032,"z":0,"angle":1610612736,"subsector":4566993320},"type":"soldier","health":20,"id":4567138736}}
{"counter":10860,"type":"move","frame":{"millis":49259,"tic":1724},"actor":{"position":{"x":-28624192,"y":39909696,"z":0,"angle":3221225472,"subsector":4566993352},"type":"shotgun_soldier","health":30,"id":4567155368}}
{"counter":10861,"type":"move","frame":{"millis":49259,"tic":1724},"actor":{"position":{"x":5076421,"y":5926782,"z":0,"angle":2684354560,"subsector":4566993192},"type":"spectre","health":80,"id":4567166984}}
{"counter":10862,"type":"move","frame":{"millis":49286,"tic":1725},"actor":{"position":{"x":-6431585,"y":-177445,"z":0,"angle":352321536,"subsector":4566993016},"type":"player","health":14,"armor":45,"id":4567120880}}
{"counter":10863,"type":"move","frame":{"millis":49286,"tic":1725},"actor":{"position":{"x":-6726764,"y":-383412,"z":0,"angle":352321536,"subsector":4566993016},"type":"player","health":14,"armor":45,"id":4567120880}}
{"counter":10864,"type":"move","frame":{"millis":49286,"tic":1725},"actor":{"position":{"x":-561472,"y":78929216,"z":0,"angle":2147483648,"subsector":4566996760},"type":"soldier","health":20,"id":4567139000}}
{"counter":10865,"type":"move","frame":{"millis":49286,"tic":1725},"actor":{"position":{"x":-3765504,"y":78987520,"z":0,"angle":2684354560,"subsector":4566996760},"type":"shotgun_soldier","health":30,"id":4567155104}}
{"counter":10866,"type":"move","frame":{"millis":49286,"tic":1725},"actor":{"position":{"x":-8966144,"y":24647040,"z":0,"angle":0,"subsector":4566993432},"type":"shotgun_soldier","health":30,"id":4567155632}}
{"counter":10867,"type":"move","frame":{"millis":49286,"tic":1725},"actor":{"position":{"x":-21739584,"y":54149952,"z":0,"angle":536870912,"subsector":4566993384},"type":"shotgun_soldier","health":30,"id":4567155896}}
{"counter":10868,"type":"move","frame":{"millis":49286,"tic":1725},"actor":{"position":{"x":5191439,"y":5987187,"z":0,"angle":2684354560,"subsector":4566993192},"type":"spectre","health":80,"id":4567166984}}
{"counter":10869,"type":"move","frame":{"millis":49315,"tic":1726},"actor":{"position":{"x":-6726764,"y":-383412,"z":0,"angle":352321536,"subsector":4566993016},"type":"player","health":14,"armor":45,"id":4567120880}}
{"counter":10870,"type":"move","frame":{"millis":49315,"tic":1726},"actor":{"position":{"x":-7006741,"y":-577141,"z":0,"angle":352321536,"subsector":4566993016},"type":"player","health":14,"armor":45,"id":4567120880}}
{"counter":10871,"type":"move","frame":{"millis":49315,"tic":1726},"actor":{"position":{"x":-5152896,"y":23370752,"z":0,"angle":3758096384,"subsector":4566993432},"type":"shotgun_soldier","health":30,"id":4567139792}}
{"counter":10872,"type":"move","frame":{"millis":49315,"tic":1726},"actor":{"position":{"x":5295674,"y":6041929,"z":0,"angle":2684354560,"subsector":4566993192},"type":"spectre","health":80,"id":4567166984}}
{"counter":10873,"type":"move","frame":{"millis":49343,"tic":1727},"actor":{"position":{"x":-7260471,"y":-752708,"z":0,"angle":352321536,"subsector":4566993016},"type":"player","health":14,"armor":45,"id":4567120880}}
{"counter":10874,"type":"move","frame":{"millis":49343,"tic":1727},"actor":{"position":{"x":-28624192,"y":39385408,"z":0,"angle":3221225472,"subsector":4566993352},"type":"shotgun_soldier","health":30,"id":4567155368}}
{"counter":10875,"type":"move","frame":{"millis":49343,"tic":1727},"actor":{"position":{"x":5390136,"y":6091538,"z":0,"angle":2684354560,"subsector":4566993192},"type":"spectre","health":80,"id":4567166984}}
{"counter":10876,"type":"move","frame":{"millis":49343,"tic":1727},"actor":{"position":{"x":4920136,"y":5621538,"z":0,"angle":2684354560,"subsector":4566993192},"type":"spectre","health":80,"id":4567166984}}
{"counter":10877,"type":"move","frame":{"millis":49372,"tic":1728},"actor":{"position":{"x":-7260471,"y":-752708,"z":0,"angle":352321536,"subsector":4566993016},"type":"player","health":14,"armor":45,"id":4567120880}}
{"counter":10878,"type":"move","frame":{"millis":49372,"tic":1728},"actor":{"position":{"x":-7492196,"y":-912827,"z":0,"angle":352321536,"subsector":4566993016},"type":"player","health":14,"armor":45,"id":4567120880}}
{"counter":10879,"type":"move","frame":{"millis":49372,"tic":1728},"actor":{"position":{"x":-10607424,"y":79246912,"z":0,"angle":0,"subsector":4566996760},"type":"soldier","health":20,"id":4567138472}}
{"counter":10880,"type":"move","frame":{"millis":49372,"tic":1728},"actor":{"position":{"x":-18593856,"y":55204032,"z":0,"angle":1610612736,"subsector":4566993320},"type":"soldier","health":20,"id":4567138736}}
{"counter":10881,"type":"move","frame":{"millis":49372,"tic":1728},"actor":{"position":{"x":-4289792,"y":78987520,"z":0,"angle":2684354560,"subsector":4566996760},"type":"shotgun_soldier","health":30,"id":4567155104}}
{"counter":10882,"type":"move","frame":{"millis":49372,"tic":1728},"actor":{"position":{"x":-8441856,"y":24647040,"z":0,"angle":0,"subsector":4566993432},"type":"shotgun_soldier","health":30,"id":4567155632}}
{"counter":10883,"type":"move","frame":{"millis":49372,"tic":1728},"actor":{"position":{"x":-21363584,"y":54525952,"z":0,"angle":536870912,"subsector":4566993384},"type":"shotgun_soldier","health":30,"id":4567155896}}
{"counter":10884,"type":"move","frame":{"millis":49372,"tic":1728},"actor":{"position":{"x":5005742,"y":5666496,"z":0,"angle":2684354560,"subsector":4566993192},"type":"spectre","health":80,"id":4567166984}}
{"counter":10885,"type":"move","frame":{"millis":49400,"tic":1729},"actor":{"position":{"x":-7702197,"y":-1057935,"z":0,"angle":352321536,"subsector":4566993016},"type":"player","health":14,"armor":45,"id":4567120880}}
{"counter":10886,"type":"move","frame":{"millis":49400,"tic":1729},"actor":{"position":{"x":-1085760,"y":78929216,"z":0,"angle":2147483648,"subsector":4566996760},"type":"soldier","health":20,"id":4567139000}}
{"counter":10887,"type":"move","frame":{"millis":49400,"tic":1729},"actor":{"position":{"x":-5152896,"y":23370752,"z":0,"angle":3758096384,"subsector":4566993432},"type":"shotgun_soldier","health":30,"id":4567139792}}
{"counter":10888,"type":"move","frame":{"millis":49400,"tic":1729},"actor":{"position":{"x":5083322,"y":5707239,"z":0,"angle":2684354560,"subsector":4566993192},"type":"spectre","health":80,"id":4567166984}}
{"counter":10889,"type":"move","frame":{"millis":49401,"tic":1729},"actor":{"position":{"x":4613322,"y":5237239,"z":0,"angle":2684354560,"subsector":4566993192},"type":"spectre","health":80,"id":4567166984}}
{"counter":10890,"type":"move","frame":{"millis":49430,"tic":1730},"actor":{"position":{"x":-7702197,"y":-1057935,"z":0,"angle":352321536,"subsector":4566993016},"type":"player","health":14,"armor":45,"id":4567120880}}
{"counter":10891,"type":"move","frame":{"millis":49430,"tic":1730},"actor":{"position":{"x":-7894293,"y":-1190451,"z":0,"angle":352321536,"subsector":4566993016},"type":"player","health":14,"armor":45,"id":4567120880}}
{"counter":10892,"type":"move","frame":{"millis":49430,"tic":1730},"actor":{"position":{"x":-28624192,"y":38861120,"z":0,"angle":3221225472,"subsector":4566993352},"type":"shotgun_soldier","health":30,"id":4567155368}}
{"counter":10893,"type":"move","frame":{"millis":49430,"tic":1730},"actor":{"position":{"x":4683628,"y":5274162,"z":0,"angle":2684354560,"subsector":4566993192},"type":"spectre","health":80,"id":4567166984}}
{"counter":10894,"type":"move","frame":{"millis":49458,"tic":1731},"actor":{"position":{"x":-8068380,"y":-1310544,"z":0,"angle":352321536,"subsector":4566993016},"type":"player","health":14,"armor":45,"id":4567120880}}
{"counter":10895,"type":"move","frame":{"millis":49458,"tic":1731},"actor":{"position":{"x":-3913792,"y":79363520,"z":0,"angle":2147483648,"subsector":4566996760},"type":"shotgun_soldier","health":30,"id":4567155104}}
{"counter":10896,"type":"move","frame":{"millis":49458,"tic":1731},"actor":{"position":{"x":-7917568,"y":24647040,"z":0,"angle":0,"subsector":4566993432},"type":"shotgun_soldier","health":30,"id":4567155632}}
{"counter":10897,"type":"move","frame":{"millis":49458,"tic":1731},"actor":{"position":{"x":-21363584,"y":54001664,"z":0,"angle":536870912,"subsector":4566993384},"type":"shotgun_soldier","health":30,"id":4567155896}}
{"counter":10898,"type":"move","frame":{"millis":49458,"tic":1731},"actor":{"position":{"x":4747342,"y":5307623,"z":0,"angle":2684354560,"subsector":4566993192},"type":"spectre","health":80,"id":4567166984}}
{"counter":10899,"type":"move","frame":{"millis":49458,"tic":1731},"actor":{"position":{"x":4277342,"y":4837623,"z":0,"angle":2684354560,"subsector":4566993192},"type":"spectre","health":80,"id":4567166984}}
{"counter":10900,"type":"move","frame":{"millis":49486,"tic":1732},"actor":{"position":{"x":-8226147,"y":-1419379,"z":0,"angle":352321536,"subsector":4566993016},"type":"player","health":14,"armor":45,"id":4567120880}}
{"counter":10901,"type":"move","frame":{"millis":49486,"tic":1732},"actor":{"position":{"x":-10083136,"y":79246912,"z":0,"angle":0,"subsector":4566996760},"type":"soldier","health":20,"id":4567138472}}
{"counter":10902,"type":"move","frame":{"millis":49486,"tic":1732},"actor":{"position":{"x":-18593856,"y":54679744,"z":0,"angle":1610612736,"subsector":4566993320},"type":"soldier","health":20,"id":4567138736}}
{"counter":10903,"type":"move","frame":{"millis":49486,"tic":1732},"actor":{"position":{"x":-5152896,"y":23370752,"z":0,"angle":3758096384,"subsector":4566993432},"type":"shotgun_soldier","health":30,"id":4567139792}}
{"counter":10904,"type":"move","frame":{"millis":49486,"tic":1732},"actor":{"position":{"x":4335082,"y":4867947,"z":0,"angle":2684354560,"subsector":4566993192},"type":"spectre","health":80,"id":4567166984}}
{"counter":10905,"type":"move","frame":{"millis":49515,"tic":1733},"actor":{"position":{"x":-8369124,"y":-1518011,"z":0,"angle":352321536,"subsector":4566993016},"type":"player","health":14,"armor":45,"id":4567120880}}
{"counter":10906,"type":"move","frame":{"millis":49515,"tic":1733},"actor":{"position":{"x":-709760,"y":79305216,"z":0,"angle":2147483648,"subsector":4566996760},"type":"soldier","health":20,"id":4567139000}}
{"counter":10907,"type":"move","frame":{"millis":49515,"tic":1733},"actor":{"position":{"x":-28624192,"y":38336832,"z":0,"angle":3221225472,"subsector":4566993352},"type":"shotgun_soldier","health":30,"id":4567155368}}
{"counter":10908,"type":"move","frame":{"millis":49515,"tic":1733},"actor":{"position":{"x":4387408,"y":4895428,"z":0,"angle":2684354560,"subsector":4566993192},"type":"spectre","health":80,"id":4567166984}}
{"counter":10909,"type":"move","frame":{"millis":49515,"tic":1733},"actor":{"position":{"x":3917408,"y":4425428,"z":0,"angle":2684354560,"subsector":4566993176},"type":"spectre","health":80,"id":4567166984}}
{"counter":10910,"type":"move","frame":{"millis":49543,"tic":1734},"actor":{"position":{"x":-8369124,"y":-1518011,"z":0,"angle":352321536,"subsector":4566993016},"type":"player","health":14,"armor":45,"id":4567120880}}
{"counter":10911,"type":"move","frame":{"millis":49543,"tic":1734},"actor":{"position":{"x":-8496916,"y":-1606387,"z":0,"angle":352321536,"subsector":4566993016},"type":"player","health":14,"armor":45,"id":4567120880}}
{"counter":10912,"type":"move","frame":{"millis":49543,"tic":1734},"actor":{"position":{"x":-3537792,"y":79739520,"z":0,"angle":1610612736,"subsector":4566996760},"type":"shotgun_soldier","health":30,"id":4567155104}}
{"counter":10913,"type":"move","frame":{"millis":49543,"tic":1734},"actor":{"position":{"x":-7917568,"y":25171328,"z":0,"angle":0,"subsector":4566993432},"type":"shotgun_soldier","health":30,"id":4567155632}}
{"counter":10914,"type":"move","frame":{"millis":49543,"tic":1734},"actor":{"position":{"x":-21363584,"y":53477376,"z":0,"angle":0,"subsector":4566993384},"type":"shotgun_soldier","health":30,"id":4567155896}}
{"counter":10915,"type":"move","frame":{"millis":49543,"tic":1734},"actor":{"position":{"x":3964828,"y":4450332,"z":0,"angle":2684354560,"subsector":4566993176},"type":"spectre","health":80,"id":4567166984}}
{"counter":10916,"type":"move","frame":{"millis":49572,"tic":1735},"actor":{"position":{"x":-8496916,"y":-1606387,"z":0,"angle":352321536,"subsector":4566993016},"type":"player","health":14,"armor":45,"id":4567120880}}
{"counter":10917,"type":"move","frame":{"millis":49572,"tic":1735},"actor":{"position":{"x":-8610947,"y":-1685468,"z":0,"angle":352321536,"subsector":4566993016},"type":"player","health":14,"armor":45,"id":4567120880}}
{"counter":10918,"type":"move","frame":{"millis":49572,"tic":1735},"actor":{"position":{"x":-5152896,"y":23370752,"z":0,"angle":3758096384,"subsector":4566993432},"type":"shotgun_soldier","health":30,"id":4567139792}}
{"counter":10919,"type":"move","frame":{"millis":49572,"tic":1735},"actor":{"position":{"x":4007802,"y":4472901,"z":0,"angle":2684354560,"subsector":4566993176},"type":"spectre","health":80,"id":4567166984}}
{"counter":10920,"type":"move","frame":{"millis":49572,"tic":1735},"actor":{"position":{"x":3537802,"y":4002901,"z":0,"angle":2684354560,"subsector":4566993176},"type":"spectre","health":80,"id":4567166984}}
{"counter":10921,"type":"move","frame":{"millis":49600,"tic":1736},"actor":{"position":{"x":-8610947,"y":-1685468,"z":0,"angle":352321536,"subsector":4566993016},"type":"player","health":14,"armor":45,"id":4567120880}}
{"counter":10922,"type":"move","frame":{"millis":49600,"tic":1736},"actor":{"position":{"x":-8708944,"y":-1754106,"z":0,"angle":352321536,"subsector":4566993016},"type":"player","health":14,"armor":45,"id":4567120880}}
{"counter":10923,"type":"move","frame":{"millis":49600,"tic":1736},"actor":{"position":{"x":-9558848,"y":79246912,"z":0,"angle":0,"subsector":4566996760},"type":"soldier","health":20,"id":4567138472}}
{"counter":10924,"type":"move","frame":{"millis":49600,"tic":1736},"actor":{"position":{"x":-18593856,"y":54155456,"z":0,"angle":2147483648,"subsector":4566993320},"type":"soldier","health":20,"id":4567138736}}
{"counter":10925,"type":"move","frame":{"millis":49600,"tic":1736},"actor":{"position":{"x":-28624192,"y":37812544,"z":0,"angle":3221225472,"subsector":4566993352},"type":"shotgun_soldier","health":30,"id":4567155368}}
{"counter":10926,"type":"move","frame":{"millis":49600,"tic":1736},"actor":{"position":{"x":3576747,"y":4023354,"z":0,"angle":2684354560,"subsector":4566993176},"type":"spectre","health":80,"id":4567166984}}
{"counter":10927,"type":"move","frame":{"millis":49629,"tic":1737},"actor":{"position":{"x":-8708944,"y":-1754106,"z":0,"angle":352321536,"subsector":4566993016},"type":"player","health":14,"armor":45,"id":4567120880}}
{"counter":10928,"type":"move","frame":{"millis":49629,"tic":1737},"actor":{"position":{"x":-8794191,"y":-1814290,"z":0,"angle":352321536,"subsector":4566993016},"type":"player","health":14,"armor":45,"id":4567120880}}
{"counter":10929,"type":"move","frame":{"millis":49630,"tic":1737},"actor":{"position":{"x":-333760,"y":79681216,"z":0,"angle":1610612736,"subsector":4566996760},"type":"soldier","health":20,"id":4567139000}}
{"counter":10930,"type":"move","frame":{"millis":49630,"tic":1737},"actor":{"position":{"x":-3161792,"y":80115520,"z":0,"angle":1073741824,"subsector":4566996760},"type":"shotgun_soldier","health":30,"id":4567155104}}
{"counter":10931,"type":"move","frame":{"millis":49630,"tic":1737},"actor":{"position":{"x":-7917568,"y":25695616,"z":0,"angle":536870912,"subsector":4566993432},"type":"shotgun_soldier","health":30,"id":4567155632}}
{"counter":10932,"type":"move","frame":{"millis":49630,"tic":1737},"actor":{"position":{"x":-21363584,"y":52953088,"z":0,"angle":3758096384,"subsector":4566993384},"type":"shotgun_soldier","health":30,"id":4567155896}}
{"counter":10933,"type":"move","frame":{"millis":49630,"tic":1737},"actor":{"position":{"x":3612040,"y":4041889,"z":0,"angle":2684354560,"subsector":4566993176},"type":"spectre","health":80,"id":4567166984}}
{"counter":10934,"type":"move","frame":{"millis":49630,"tic":1737},"actor":{"position":{"x":3142040,"y":3571889,"z":0,"angle":2684354560,"subsector":4566993176},"type":"spectre","health":80,"id":4567166984}}
{"counter":10935,"type":"move","frame":{"millis":49659,"tic":1738},"actor":{"position":{"x":-8794191,"y":-1814290,"z":0,"angle":352321536,"subsector":4566993016},"type":"player","health":14,"armor":45,"id":4567120880}}
{"counter":10936,"type":"move","frame":{"millis":49659,"tic":1738},"actor":{"position":{"x":-8866103,"y":-1865802,"z":0,"angle":352321536,"subsector":4566993016},"type":"player","health":14,"armor":45,"id":4567120880}}
{"counter":10937,"type":"move","frame":{"millis":49659,"tic":1738},"actor":{"position":{"x":-5152896,"y":23370752,"z":0,"angle":3758096384,"subsector":4566993432},"type":"shotgun_soldier","health":30,"id":4567139792}}
{"counter":10938,"type":"move","frame":{"millis":49659,"tic":1738},"actor":{"position":{"x":3174024,"y":3588686,"z":0,"angle":2684354560,"subsector":4566993176},"type":"spectre","health":80,"id":4567166984}}
{"counter":10939,"type":"move","frame":{"millis":49687,"tic":1739},"actor":{"position":{"x":-8866103,"y":-1865802,"z":0,"angle":352321536,"subsector":4566993016},"type":"player","health":14,"armor":45,"id":4567120880}}
{"counter":10940,"type":"move","frame":{"millis":49687,"tic":1739},"actor":{"position":{"x":-8902770,"y":-1896323,"z":0,"angle":352321536,"subsector":4566993016},"type":"player","health":14,"armor":45,"id":4567120880}}
{"counter":10941,"type":"move","frame":{"millis":49687,"tic":1739},"actor":{"position":{"x":-28624192,"y":37288256,"z":0,"angle":3221225472,"subsector":4566993352},"type":"shotgun_soldier","health":30,"id":4567155368}}
{"counter":10942,"type":"move","frame":{"millis":49687,"tic":1739},"actor":{"position":{"x":3203009,"y":3603908,"z":0,"angle":2684354560,"subsector":4566993176},"type":"spectre","health":80,"id":4567166984}}
{"counter":10943,"type":"move","frame":{"millis":49687,"tic":1739},"actor":{"position":{"x":2733009,"y":3133908,"z":0,"angle":2684354560,"subsector":4566993176},"type":"spectre","health":80,"id":4567166984}}
{"counter":10944,"type":"move","frame":{"millis":49715,"tic":1740},"actor":{"position":{"x":-8902770,"y":-1896323,"z":0,"angle":352321536,"subsector":4566993016},"type":"player","health":14,"armor":45,"id":4567120880}}
{"counter":10945,"type":"move","frame":{"millis":49715,"tic":1740},"actor":{"position":{"x":-8916404,"y":-1912872,"z":0,"angle":352321536,"subsector":4566993016},"type":"player","health":14,"armor":45,"id":4567120880}}
{"counter":10946,"type":"move","frame":{"millis":49715,"tic":1740},"actor":{"position":{"x":-9034560,"y":79246912,"z":0,"angle":0,"subsector":4566996760},"type":"soldier","health":20,"id":4567138472}}
{"counter":10947,"type":"move","frame":{"millis":49716,"tic":1740},"actor":{"position":{"x":-18593856,"y":53631168,"z":0,"angle":2684354560,"subsector":4566993320},"type":"soldier","health":20,"id":4567138736}}
{"counter":10948,"type":"move","frame":{"millis":49716,"tic":1740},"actor":{"position":{"x":-3161792,"y":79591232,"z":0,"angle":536870912,"subsector":4566996760},"type":"shotgun_soldier","health":30,"id":4567155104}}
{"counter":10949,"type":"move","frame":{"millis":49716,"tic":1740},"actor":{"position":{"x":-7917568,"y":26219904,"z":0,"angle":1073741824,"subsector":4566993432},"type":"shotgun_soldier","health":30,"id":4567155632}}
{"counter":10950,"type":"move","frame":{"millis":49716,"tic":1740},"actor":{"position":{"x":-21887872,"y":52953088,"z":0,"angle":3221225472,"subsector":4566993384},"type":"shotgun_soldier","health":30,"id":4567155896}}
{"counter":10951,"type":"move","frame":{"millis":49716,"tic":1740},"actor":{"position":{"x":2759276,"y":3147702,"z":0,"angle":2684354560,"subsector":4566993176},"type":"spectre","health":80,"id":4567166984}}
{"counter":10952,"type":"move","frame":{"millis":49744,"tic":1741},"actor":{"position":{"x":-8916404,"y":-1912872,"z":0,"angle":352321536,"subsector":4566993016},"type":"player","health":14,"armor":45,"id":4567120880}}
{"counter":10953,"type":"move","frame":{"millis":49744,"tic":1741},"actor":{"position":{"x":-8925197,"y":-1925850,"z":0,"angle":352321536,"subsector":4566993016},"type":"player","health":14,"armor":45,"id":4567120880}}
{"counter":10954,"type":"move","frame":{"millis":49744,"tic":1741},"actor":{"position":{"x":42240,"y":80057216,"z":0,"angle":1073741824,"subsector":4566996760},"type":"soldier","health":20,"id":4567139000}}
{"counter":10955,"type":"move","frame":{"millis":49744,"tic":1741},"actor":{"position":{"x":-5152896,"y":23370752,"z":0,"angle":3758096384,"subsector":4566993432},"type":"shotgun_soldier","health":30,"id":4567139792}}
{"counter":10956,"type":"move","frame":{"millis":49744,"tic":1741},"actor":{"position":{"x":2783080,"y":3160202,"z":0,"angle":2684354560,"subsector":4566993176},"type":"spectre","health":80,"id":4567166984}}
{"counter":10957,"type":"move","frame":{"millis":49744,"tic":1741},"actor":{"position":{"x":2313080,"y":2690202,"z":0,"angle":2684354560,"subsector":4566993176},"type":"spectre","health":80,"id":4567166984}}
{"counter":10958,"type":"move","frame":{"millis":49772,"tic":1742},"actor":{"position":{"x":-8925197,"y":-1925850,"z":0,"angle":352321536,"subsector":4566993016},"type":"player","health":14,"armor":45,"id":4567120880}}
{"counter":10959,"type":"move","frame":{"millis":49772,"tic":1742},"actor":{"position":{"x":-8931385,"y":-1936602,"z":0,"angle":352321536,"subsector":4566993016},"type":"player","health":14,"armor":45,"id":4567120880}}
{"counter":10960,"type":"move","frame":{"millis":49772,"tic":1742},"actor":{"position":{"x":-28624192,"y":36763968,"z":0,"angle":3221225472,"subsector":4566993352},"type":"shotgun_soldier","health":30,"id":4567155368}}
{"counter":10961,"type":"move","frame":{"millis":49772,"tic":1742},"actor":{"position":{"x":2334652,"y":2701530,"z":0,"angle":2684354560,"subsector":4566993176},"type":"spectre","health":80,"id":4567166984}}
{"counter":10962,"type":"move","frame":{"millis":49801,"tic":1743},"actor":{"position":{"x":-8936993,"y":-1946346,"z":0,"angle":352321536,"subsector":4566993016},"type":"player","health":14,"armor":45,"id":4567120880}}
{"counter":10963,"type":"move","frame":{"millis":49801,"tic":1743},"actor":{"position":{"x":-3161792,"y":79066944,"z":0,"angle":0,"subsector":4566996760},"type":"shotgun_soldier","health":30,"id":4567155104}}
{"counter":10964,"type":"move","frame":{"millis":49801,"tic":1743},"actor":{"position":{"x":-7917568,"y":26744192,"z":0,"angle":1073741824,"subsector":4566993432},"type":"shotgun_soldier","health":30,"id":4567155632}}
{"counter":10965,"type":"move","frame":{"millis":49801,"tic":1743},"actor":{"position":{"x":-22412160,"y":52953088,"z":0,"angle":2684354560,"subsector":4566993384},"type":"shotgun_soldier","health":30,"id":4567155896}}
{"counter":10966,"type":"move","frame":{"millis":49801,"tic":1743},"actor":{"position":{"x":2354201,"y":2711796,"z":0,"angle":2684354560,"subsector":4566993176},"type":"spectre","health":80,"id":4567166984}}
{"counter":10967,"type":"move","frame":{"millis":49801,"tic":1743},"actor":{"position":{"x":1884201,"y":2241796,"z":0,"angle":2684354560,"subsector":4566993176},"type":"spectre","health":80,"id":4567166984}}
{"counter":10968,"type":"move","frame":{"millis":49829,"tic":1744},"actor":{"position":{"x":-8942076,"y":-1955177,"z":0,"angle":352321536,"subsector":4566993016},"type":"player","health":14,"armor":45,"id":4567120880}}
{"counter":10969,"type":"move","frame":{"millis":49830,"tic":1744},"actor":{"position":{"x":-8510272,"y":79246912,"z":0,"angle":0,"subsector":4566996760},"type":"soldier","health":20,"id":4567138472}}
{"counter":10970,"type":"move","frame":{"millis":49830,"tic":1744},"actor":{"position":{"x":-18593856,"y":53106880,"z":0,"angle":3221225472,"subsector":4566993320},"type":"soldier","health":20,"id":4567138736}}
{"counter":10971,"type":"move","frame":{"millis":49830,"tic":1744},"actor":{"position":{"x":-5152896,"y":23370752,"z":0,"angle":3758096384,"subsector":4566993432},"type":"shotgun_soldier","health":30,"id":4567139792}}
{"counter":10972,"type":"move","frame":{"millis":49830,"tic":1744},"actor":{"position":{"x":1901917,"y":2251099,"z":0,"angle":2684354560,"subsector":4566993176},"type":"spectre","health":80,"id":4567166984}}
{"counter":10973,"type":"move","frame":{"millis":49858,"tic":1745},"actor":{"position":{"x":-8946683,"y":-1963181,"z":0,"angle":352321536,"subsector":4566993016},"type":"player","health":14,"armor":45,"id":4567120880}}
{"counter":10974,"type":"move","frame":{"millis":49858,"tic":1745},"actor":{"position":{"x":418240,"y":80433216,"z":0,"angle":536870912,"subsector":4566996760},"type":"soldier","health":20,"id":4567139000}}
{"counter":10975,"type":"move","frame":{"millis":49858,"tic":1745},"actor":{"position":{"x":-28624192,"y":36239680,"z":0,"angle":3221225472,"subsector":4566993352},"type":"shotgun_soldier","health":30,"id":4567155368}}
{"counter":10976,"type":"move","frame":{"millis":49858,"tic":1745},"actor":{"position":{"x":1917972,"y":2259529,"z":0,"angle":2684354560,"subsector":4566993176},"type":"spectre","health":80,"id":4567166984}}
{"counter":10977,"type":"move","frame":{"millis":49858,"tic":1745},"actor":{"position":{"x":1447972,"y":1789529,"z":0,"angle":2684354560,"subsector":4566993176},"type":"spectre","health":80,"id":4567166984}}
{"counter":10978,"type":"move","frame":{"millis":49886,"tic":1746},"actor":{"position":{"x":-8946683,"y":-1963181,"z":0,"angle":352321536,"subsector":4566993016},"type":"player","health":14,"armor":45,"id":4567120880}}
{"counter":10979,"type":"move","frame":{"millis":49886,"tic":1746},"actor":{"position":{"x":-8972238,"y":-1982557,"z":0,"angle":352321536,"subsector":4566993016},"type":"player","health":14,"armor":45,"id":4567120880}}
{"counter":10980,"type":"move","frame":{"millis":49886,"tic":1746},"actor":{"position":{"x":-3686080,"y":79066944,"z":0,"angle":3758096384,"subsector":4566996760},"type":"shotgun_soldier","health":30,"id":4567155104}}
{"counter":10981,"type":"move","frame":{"millis":49886,"tic":1746},"actor":{"position":{"x":-7917568,"y":27268480,"z":0,"angle":1073741824,"subsector":4566993432},"type":"shotgun_soldier","health":30,"id":4567155632}}
{"counter":10982,"type":"move","frame":{"millis":49886,"tic":1746},"actor":{"position":{"x":-22936448,"y":52953088,"z":0,"angle":2147483648,"subsector":4566993384},"type":"shotgun_soldier","health":30,"id":4567155896}}
{"counter":10983,"type":"move","frame":{"millis":49886,"tic":1746},"actor":{"position":{"x":1462521,"y":1797168,"z":0,"angle":2684354560,"subsector":4566993176},"type":"spectre","health":80,"id":4567166984}}
{"counter":10984,"type":"move","frame":{"millis":49915,"tic":1747},"actor":{"position":{"x":-8972238,"y":-1982557,"z":0,"angle":352321536,"subsector":4566993016},"type":"player","health":14,"armor":45,"id":4567120880}}
{"counter":10985,"type":"move","frame":{"millis":49915,"tic":1747},"actor":{"position":{"x":-9052407,"y":-2032441,"z":0,"angle":352321536,"subsector":4566993016},"type":"player","health":14,"armor":45,"id":4567120880}}
{"counter":10986,"type":"move","frame":{"millis":49915,"tic":1747},"actor":{"position":{"x":-5152896,"y":23370752,"z":0,"angle":3758096384,"subsector":4566993432},"type":"shotgun_soldier","health":30,"id":4567139792}}
{"counter":10987,"type":"move","frame":{"millis":49916,"tic":1747},"actor":{"position":{"x":1475706,"y":1804090,"z":0,"angle":2684354560,"subsector":4566993176},"type":"spectre","health":80,"id":4567166984}}
{"counter":10988,"type":"move","frame":{"millis":49916,"tic":1747},"actor":{"position":{"x":1005706,"y":1334090,"z":0,"angle":2684354560,"subsector":4566993176},"type":"spectre","health":80,"id":4567166984}}
{"counter":10989,"type":"move","frame":{"millis":49944,"tic":1748},"actor":{"position":{"x":-9052407,"y":-2032441,"z":0,"angle":335544320,"subsector":4566993016},"type":"player","health":14,"armor":45,"id":4567120880}}
{"counter":10990,"type":"move","frame":{"millis":49944,"tic":1748},"actor":{"position":{"x":-9215351,"y":-2125954,"z":0,"angle":335544320,"subsector":4566993016},"type":"player","health":14,"armor":45,"id":4567120880}}
{"counter":10991,"type":"move","frame":{"millis":49944,"tic":1748},"actor":{"position":{"x":-8886272,"y":79622912,"z":0,"angle":0,"subsector":4566996760},"type":"soldier","health":20,"id":4567138472}}
{"counter":10992,"type":"move","frame":{"millis":49944,"tic":1748},"actor":{"position":{"x":-18217856,"y":52730880,"z":0,"angle":3221225472,"subsector":4566993320},"type":"soldier","health":20,"id":4567138736}}
{"counter":10993,"type":"move","frame":{"millis":49944,"tic":1748},"actor":{"position":{"x":-28624192,"y":35715392,"z":0,"angle":3221225472,"subsector":4566993352},"type":"shotgun_soldier","health":30,"id":4567155368}}
{"counter":10994,"type":"move","frame":{"millis":49944,"tic":1748},"actor":{"position":{"x":1017654,"y":1340363,"z":0,"angle":2684354560,"subsector":4566993176},"type":"spectre","health":80,"id":4567166984}}
{"counter":10995,"type":"move","frame":{"millis":49972,"tic":1749},"actor":{"position":{"x":-9215351,"y":-2125954,"z":0,"angle":335544320,"subsector":4566993016},"type":"player","health":14,"armor":45,"id":4567120880}}
{"counter":10996,"type":"move","frame":{"millis":49972,"tic":1749},"actor":{"position":{"x":-9406358,"y":-2233888,"z":0,"angle":335544320,"subsector":4566993016},"type":"player","health":14,"armor":45,"id":4567120880}}
{"counter":10997,"type":"move","frame":{"millis":49972,"tic":1749},"actor":{"position":{"x":418240,"y":79908928,"z":0,"angle":536870912,"subsector":4566996760},"type":"soldier","health":20,"id":4567139000}}
{"counter":10998,"type":"move","frame":{"millis":49973,"tic":1749},"actor":{"position":{"x":-4210368,"y":79066944,"z":0,"angle":3221225472,"subsector":4566996760},"type":"shotgun_soldier","health":30,"id":4567155104}}
{"counter":10999,"type":"move","frame":{"millis":49973,"tic":1749},"actor":{"position":{"x":-7917568,"y":27792768,"z":0,"angle":1073741824,"subsector":4566993432},"type":"shotgun_soldier","health":30,"id":4567155632}}
{"counter":11000,"type":"move","frame":{"millis":49973,"tic":1749},"actor":{"position":{"x":-23460736,"y":52953088,"z":0,"angle":2147483648,"subsector":4566993384},"type":"shotgun_soldier","health":30,"id":4567155896}}
{"counter":11001,"type":"move","frame":{"millis":49973,"tic":1749},"actor":{"position":{"x":1028481,"y":1346047,"z":0,"angle":2684354560,"subsector":4566993176},"type":"spectre","health":80,"id":4567166984}}
{"counter":11002,"type":"move","frame":{"millis":49973,"tic":1749},"actor":{"position":{"x":558481,"y":876047,"z":0,"angle":2684354560,"subsector":4566993016},"type":"spectre","health":80,"id":4567166984}}
{"counter":11003,"type":"move","frame":{"millis":50001,"tic":1750},"actor":{"position":{"x":-9406358,"y":-2233888,"z":0,"angle":335544320,"subsector":4566993016},"type":"player","health":14,"armor":45,"id":4567120880}}
{"counter":11004,"type":"move","frame":{"millis":50001,"tic":1750},"actor":{"position":{"x":-9619187,"y":-2352959,"z":0,"angle":335544320,"subsector":4566993016},"type":"player","health":14,"armor":45,"id":4567120880}}
{"counter":11005,"type":"move","frame":{"millis":50001,"tic":1750},"actor":{"position":{"x":-5528896,"y":22994752,"z":0,"angle":3758096384,"subsector":4566993240},"type":"shotgun_soldier","health":30,"id":4567139792}}
{"counter":11006,"type":"move","frame":{"millis":50001,"tic":1750},"actor":{"position":{"x":568292,"y":881198,"z":0,"angle":2684354560,"subsector":4566993016},"type":"spectre","health":80,"id":4567166984}}
{"counter":11007,"type":"move","frame":{"millis":50029,"tic":1751},"actor":{"position":{"x":-9619187,"y":-2352959,"z":0,"angle":335544320,"subsector":4566993016},"type":"player","health":14,"armor":45,"id":4567120880}}
{"counter":11008,"type":"move","frame":{"millis":50029,"tic":1751},"actor":{"position":{"x":-9862626,"y":-2487919,"z":0,"angle":335544320,"subsector":4566993016},"type":"player","health":14,"armor":45,"id":4567120880}}
{"counter":11009,"type":"move","frame":{"millis":50029,"tic":1751},"actor":{"position":{"x":-28624192,"y":35191104,"z":0,"angle":3221225472,"subsector":4566993416},"type":"shotgun_soldier","health":30,"id":4567155368}}
{"counter":11010,"type":"move","frame":{"millis":50029,"tic":1751},"actor":{"position":{"x":577183,"y":885866,"z":0,"angle":2684354560,"subsector":4566993016},"type":"spectre","health":80,"id":4567166984}}
{"counter":11011,"type":"move","frame":{"millis":50029,"tic":1751},"actor":{"position":{"x":107183,"y":415866,"z":0,"angle":2684354560,"subsector":4566993016},"type":"spectre","health":80,"id":4567166984}}
{"counter":11012,"type":"move","frame":{"millis":50058,"tic":1752},"actor":{"position":{"x":-9862626,"y":-2487919,"z":0,"angle":335544320,"subsector":4566993016},"type":"player","health":14,"armor":45,"id":4567120880}}
{"counter":11013,"type":"move","frame":{"millis":50058,"tic":1752},"actor":{"position":{"x":-10173533,"y":-2658532,"z":0,"angle":335544320,"subsector":4566993016},"type":"player","health":14,"armor":45,"id":4567120880}}
{"counter":11014,"type":"move","frame":{"millis":50058,"tic":1752},"actor":{"position":{"x":-9262272,"y":79998912,"z":0,"angle":536870912,"subsector":4566996760},"type":"soldier","health":20,"id":4567138472}}
{"counter":11015,"type":"move","frame":{"millis":50058,"tic":1752},"actor":{"position":{"x":-17693568,"y":52730880,"z":0,"angle":3758096384,"subsector":4566993320},"type":"soldier","health":20,"id":4567138736}}
{"counter":11016,"type":"move","frame":{"millis":50058,"tic":1752},"actor":{"position":{"x":-3834368,"y":79442944,"z":0,"angle":2684354560,"subsector":4566996760},"type":"shotgun_soldier","health":30,"id":4567155104}}
{"counter":11017,"type":"move","frame":{"millis":50058,"tic":1752},"actor":{"position":{"x":-7917568,"y":28317056,"z":0,"angle":1073741824,"subsector":4566993432},"type":"shotgun_soldier","health":30,"id":4567155632}}
{"counter":11018,"type":"move","frame":{"millis":50058,"tic":1752},"actor":{"position":{"x":-23985024,"y":52953088,"z":0,"angle":2147483648,"subsector":4566993384},"type":"shotgun_soldier","health":30,"id":4567155896}}
{"counter":11019,"type":"move","frame":{"millis":50058,"tic":1752},"actor":{"position":{"x":115240,"y":420096,"z":0,"angle":2684354560,"subsector":4566993016},"type":"spectre","health":80,"id":4567166984}}
{"counter":11020,"type":"move","frame":{"millis":50086,"tic":1753},"actor":{"position":{"x":-10173533,"y":-2658532,"z":0,"angle":335544320,"subsector":4566993016},"type":"player","health":14,"armor":45,"id":4567120880}}
{"counter":11021,"type":"move","frame":{"millis":50086,"tic":1753},"actor":{"position":{"x":-10531136,"y":-2853727,"z":0,"angle":335544320,"subsector":4566993016},"type":"player","health":14,"armor":45,"id":4567120880}}
{"counter":11022,"type":"move","frame":{"millis":50086,"tic":1753},"actor":{"position":{"x":418240,"y":79384640,"z":0,"angle":0,"subsector":4566996760},"type":"soldier","health":20,"id":4567139000}}
{"counter":11023,"type":"move","frame":{"millis":50086,"tic":1753},"actor":{"position":{"x":-5904896,"y":22618752,"z":0,"angle":3221225472,"subsector":4566993240},"type":"shotgun_soldier","health":30,"id":4567139792}}
{"counter":11024,"type":"move","frame":{"millis":50086,"tic":1753},"actor":{"position":{"x":122541,"y":423929,"z":0,"angle":2684354560,"subsector":4566993016},"type":"spectre","health":80,"id":4567166984}}
{"counter":11025,"type":"move","frame":{"millis":50086,"tic":1753},"actor":{"position":{"x":-347459,"y":-46071,"z":0,"angle":2684354560,"subsector":4566993016},"type":"spectre","health":80,"id":4567166984}}
{"counter":11026,"type":"move","frame":{"millis":50115,"tic":1754},"actor":{"position":{"x":-10531136,"y":-2853727,"z":0,"angle":318767104,"subsector":4566993016},"type":"player","health":14,"armor":45,"id":4567120880}}
{"counter":11027,"type":"move","frame":{"millis":50115,"tic":1754},"actor":{"position":{"x":-10946663,"y":-3076698,"z":0,"angle":318767104,"subsector":4566993016},"type":"player","health":14,"armor":45,"id":4567120880}}
{"counter":11028,"type":"move","frame":{"millis":50115,"tic":1754},"actor":{"position":{"x":-28624192,"y":34666816,"z":0,"angle":3221225472,"subsector":4566993416},"type":"shotgun_soldier","health":30,"id":4567155368}}
{"counter":11029,"type":"move","frame":{"millis":50115,"tic":1754},"actor":{"position":{"x":-340843,"y":-42598,"z":0,"angle":2684354560,"subsector":4566993016},"type":"spectre","health":80,"id":4567166984}}
{"counter":11030,"type":"move","frame":{"millis":50143,"tic":1755},"actor":{"position":{"x":-10946663,"y":-3076698,"z":0,"angle":301989888,"subsector":4566993016},"type":"player","health":14,"armor":45,"id":4567120880}}
{"counter":11031,"type":"move","frame":{"millis":50143,"tic":1755},"actor":{"position":{"x":-11415787,"y":-3322582,"z":0,"angle":301989888,"subsector":4566993016},"type":"player","health":14,"armor":45,"id":4567120880}}
{"counter":11032,"type":"move","frame":{"millis":50143,"tic":1755},"actor":{"position":{"x":-3458368,"y":79818944,"z":0,"angle":3221225472,"subsector":4566996760},"type":"shotgun_soldier","health":30,"id":4567155104}}
{"counter":11033,"type":"move","frame":{"millis":50143,"tic":1755},"actor":{"position":{"x":-7917568,"y":28841344,"z":0,"angle":1073741824,"subsector":4566993432},"type":"shotgun_soldier","health":30,"id":4567155632}}
{"counter":11034,"type":"move","frame":{"millis":50143,"tic":1755},"actor":{"position":{"x":-24509312,"y":52953088,"z":0,"angle":2147483648,"subsector":4566993384},"type":"shotgun_soldier","health":30,"id":4567155896}}
{"counter":11035,"type":"move","frame":{"millis":50143,"tic":1755},"actor":{"position":{"x":-334848,"y":-39451,"z":0,"angle":2684354560,"subsector":4566993016},"type":"spectre","health":80,"id":4567166984}}
{"counter":11036,"type":"move","frame":{"millis":50143,"tic":1755},"actor":{"position":{"x":-804848,"y":-509451,"z":0,"angle":2684354560,"subsector":4566993016},"type":"spectre","health":80,"id":4567166984}}
{"counter":11037,"type":"move","frame":{"millis":50172,"tic":1756},"actor":{"position":{"x":-11415787,"y":-3322582,"z":0,"angle":268435456,"subsector":4566993016},"type":"player","health":14,"armor":45,"id":4567120880}}
{"counter":11038,"type":"move","frame":{"millis":50172,"tic":1756},"actor":{"position":{"x":-11935521,"y":-3584637,"z":0,"angle":268435456,"subsector":4566993016},"type":"player","health":14,"armor":45,"id":4567120880}}
{"counter":11039,"type":"move","frame":{"millis":50172,"tic":1756},"actor":{"position":{"x":-9638272,"y":80374912,"z":0,"angle":1073741824,"subsector":4566996760},"type":"soldier","health":20,"id":4567138472}}
{"counter":11040,"type":"move","frame":{"millis":50172,"tic":1756},"actor":{"position":{"x":-17169280,"y":52730880,"z":0,"angle":0,"subsector":4566993320},"type":"soldier","health":20,"id":4567138736}}
{"counter":11041,"type":"move","frame":{"millis":50172,"tic":1756},"actor":{"position":{"x":-6280896,"y":22242752,"z":0,"angle":2684354560,"subsector":4566993240},"type":"shotgun_soldier","health":30,"id":4567139792}}
{"counter":11042,"type":"move","frame":{"millis":50172,"tic":1756},"actor":{"position":{"x":-799416,"y":-506600,"z":0,"angle":2684354560,"subsector":4566993016},"type":"spectre","health":80,"id":4567166984}}
{"counter":11043,"type":"move","frame":{"millis":50200,"tic":1757},"actor":{"position":{"x":-11935521,"y":-3584637,"z":0,"angle":251658240,"subsector":4566993016},"type":"player","health":14,"armor":45,"id":4567120880}}
{"counter":11044,"type":"move","frame":{"millis":50200,"tic":1757},"actor":{"position":{"x":-12502054,"y":-3859015,"z":0,"angle":251658240,"subsector":4566993016},"type":"player","health":14,"armor":45,"id":4567120880}}
{"counter":11045,"type":"move","frame":{"millis":50200,"tic":1757},"actor":{"position":{"x":42240,"y":79008640,"z":0,"angle":3758096384,"subsector":4566996760},"type":"soldier","health":20,"id":4567139000}}
{"counter":11046,"type":"move","frame":{"millis":50200,"tic":1757},"actor":{"position":{"x":-28624192,"y":34142528,"z":0,"angle":3221225472,"subsector":4566993400},"type":"shotgun_soldier","health":30,"id":4567155368}}
{"counter":11047,"type":"move","frame":{"millis":50200,"tic":1757},"actor":{"position":{"x":-794494,"y":-504017,"z":0,"angle":2684354560,"subsector":4566993016},"type":"spectre","health":80,"id":4567166984}}
{"counter":11048,"type":"move","frame":{"millis":50200,"tic":1757},"actor":{"position":{"x":-1264494,"y":-974017,"z":0,"angle":2684354560,"subsector":4566993016},"type":"spectre","health":80,"id":4567166984}}
{"counter":11049,"type":"move","frame":{"millis":50229,"tic":1758},"actor":{"position":{"x":-12502054,"y":-3859015,"z":0,"angle":234881024,"subsector":4566993016},"type":"player","health":14,"armor":45,"id":4567120880}}
{"weapon_type":2,"counter":11050,"type":"attacked","frame":{"millis":50229,"tic":1758},"actor":{"position":{"x":-12502054,"y":-3859015,"z":0,"angle":234881024,"subsector":4566993016},"type":"player","health":14,"armor":45,"id":4567120880}}
{"counter":11051,"type":"move","frame":{"millis":50229,"tic":1758},"actor":{"position":{"x":-13111875,"y":-4142206,"z":0,"angle":234881024,"subsector":4566993016},"type":"player","health":14,"armor":45,"id":4567120880}}
{"counter":11052,"type":"move","frame":{"millis":50229,"tic":1758},"actor":{"position":{"x":-3082368,"y":80194944,"z":0,"angle":3758096384,"subsector":4566996760},"type":"shotgun_soldier","health":30,"id":4567155104}}
{"counter":11053,"type":"move","frame":{"millis":50229,"tic":1758},"actor":{"position":{"x":-7917568,"y":29365632,"z":0,"angle":1073741824,"subsector":4566993432},"type":"shotgun_soldier","health":30,"id":4567155632}}
{"counter":11054,"type":"move","frame":{"millis":50229,"tic":1758},"actor":{"position":{"x":-25033600,"y":52953088,"z":0,"angle":2147483648,"subsector":4566993384},"type":"shotgun_soldier","health":30,"id":4567155896}}
{"counter":11055,"type":"move","frame":{"millis":50229,"tic":1758},"actor":{"position":{"x":-1260034,"y":-971677,"z":0,"angle":2684354560,"subsector":4566993016},"type":"spectre","health":80,"id":4567166984}}
{"counter":11056,"type":"move","frame":{"millis":50258,"tic":1759},"actor":{"position":{"x":-13111875,"y":-4142206,"z":0,"angle":234881024,"subsector":4566993016},"type":"player","health":14,"armor":45,"id":4567120880}}
{"counter":11057,"type":"move","frame":{"millis":50258,"tic":1759},"actor":{"position":{"x":-13760926,"y":-4433383,"z":0,"angle":234881024,"subsector":4566993016},"type":"player","health":14,"armor":45,"id":4567120880}}
{"counter":11058,"type":"enter_subsector","frame":{"millis":50258,"tic":1759},"actor":{"position":{"x":-6656896,"y":21866752,"z":0,"angle":2684354560,"subsector":4566993256},"type":"shotgun_soldier","health":30,"id":4567139792}}
{"counter":11059,"type":"move","frame":{"millis":50258,"tic":1759},"actor":{"position":{"x":-6656896,"y":21866752,"z":0,"angle":2684354560,"subsector":4566993256},"type":"shotgun_soldier","health":30,"id":4567139792}}
{"counter":11060,"type":"move","frame":{"millis":50258,"tic":1759},"actor":{"position":{"x":-1255993,"y":-969557,"z":0,"angle":2684354560,"subsector":4566993016},"type":"spectre","health":80,"id":4567166984}}
{"counter":11061,"type":"move","frame":{"millis":50258,"tic":1759},"actor":{"position":{"x":-1725993,"y":-1439557,"z":0,"angle":2684354560,"subsector":4566993016},"type":"spectre","health":80,"id":4567166984}}
{"counter":11062,"type":"move","frame":{"millis":50286,"tic":1760},"actor":{"position":{"x":-13760926,"y":-4433383,"z":0,"angle":234881024,"subsector":4566993016},"type":"player","health":14,"armor":45,"id":4567120880}}
{"counter":11063,"type":"move","frame":{"millis":50286,"tic":1760},"actor":{"position":{"x":-14430105,"y":-4726272,"z":0,"angle":234881024,"subsector":4566993016},"type":"player","health":14,"armor":45,"id":4567120880}}
{"counter":11064,"type":"move","frame":{"millis":50286,"tic":1760},"actor":{"position":{"x":-10014272,"y":80750912,"z":0,"angle":1610612736,"subsector":4566996760},"type":"soldier","health":20,"id":4567138472}}
{"counter":11065,"type":"move","frame":{"millis":50286,"tic":1760},"actor":{"position":{"x":-16644992,"y":52730880,"z":0,"angle":0,"subsector":4566993320},"type":"soldier","health":20,"id":4567138736}}
{"counter":11066,"type":"move","frame":{"millis":50286,"tic":1760},"actor":{"position":{"x":-28624192,"y":33618240,"z":0,"angle":3221225472,"subsector":4566993400},"type":"shotgun_soldier","health":30,"id":4567155368}}
{"counter":11067,"type":"move","frame":{"millis":50315,"tic":1761},"actor":{"position":{"x":-14430105,"y":-4726272,"z":0,"angle":234881024,"subsector":4566993016},"type":"player","health":14,"armor":45,"id":4567120880}}
{"damage":10,"counter":11068,"type":"hit","frame":{"millis":50315,"tic":1761},"actor":{"position":{"x":-14430105,"y":-4726272,"z":0,"angle":234881024,"subsector":4566993016},"type":"player","health":14,"armor":45,"id":4567120880},"target":{"position":{"x":-1725993,"y":-1439557,"z":0,"angle":2684354560,"subsector":4566993016},"type":"spectre","health":70,"id":4567166984}}
{"damage":10,"counter":11069,"type":"hit","frame":{"millis":50315,"tic":1761},"actor":{"position":{"x":-14430105,"y":-4726272,"z":0,"angle":234881024,"subsector":4566993016},"type":"player","health":14,"armor":45,"id":4567120880},"target":{"position":{"x":-1725993,"y":-1439557,"z":0,"angle":2684354560,"subsector":4566993016},"type":"spectre","health":60,"id":4567166984}}
{"damage":5,"counter":11070,"type":"hit","frame":{"millis":50315,"tic":1761},"actor":{"position":{"x":-14430105,"y":-4726272,"z":0,"angle":234881024,"subsector":4566993016},"type":"player","health":14,"armor":45,"id":4567120880},"target":{"position":{"x":-1725993,"y":-1439557,"z":0,"angle":2684354560,"subsector":4566993016},"type":"spectre","health":55,"id":4567166984}}
{"damage":15,"counter":11071,"type":"hit","frame":{"millis":50315,"tic":1761},"actor":{"position":{"x":-14430105,"y":-4726272,"z":0,"angle":234881024,"subsector":4566993016},"type":"player","health":14,"armor":45,"id":4567120880},"target":{"position":{"x":-1725993,"y":-1439557,"z":0,"angle":2684354560,"subsector":4566993016},"type":"spectre","health":40,"id":4567166984}}
{"damage":10,"counter":11072,"type":"hit","frame":{"millis":50315,"tic":1761},"actor":{"position":{"x":-14430105,"y":-4726272,"z":0,"angle":234881024,"subsector":4566993016},"type":"player","health":14,"armor":45,"id":4567120880},"target":{"position":{"x":-1725993,"y":-1439557,"z":0,"angle":2684354560,"subsector":4566993016},"type":"spectre","health":30,"id":4567166984}}
{"damage":10,"counter":11073,"type":"hit","frame":{"millis":50315,"tic":1761},"actor":{"position":{"x":-14430105,"y":-4726272,"z":0,"angle":234881024,"subsector":4566993016},"type":"player","health":14,"armor":45,"id":4567120880},"target":{"position":{"x":-1725993,"y":-1439557,"z":0,"angle":2684354560,"subsector":4566993016},"type":"spectre","health":20,"id":4567166984}}
{"damage":10,"counter":11074,"type":"hit","frame":{"millis":50315,"tic":1761},"actor":{"position":{"x":-14430105,"y":-4726272,"z":0,"angle":234881024,"subsector":4566993016},"type":"player","health":14,"armor":45,"id":4567120880},"target":{"position":{"x":-1725993,"y":-1439557,"z":0,"angle":2684354560,"subsector":4566993016},"type":"spectre","health":10,"id":4567166984}}
{"counter":11075,"type":"move","frame":{"millis":50315,"tic":1761},"actor":{"position":{"x":-15086677,"y":-5009661,"z":0,"angle":234881024,"subsector":4566993016},"type":"player","health":14,"armor":45,"id":4567120880}}
{"counter":11076,"type":"move","frame":{"millis":50315,"tic":1761},"actor":{"position":{"x":-333760,"y":79384640,"z":0,"angle":3221225472,"subsector":4566996760},"type":"soldier","health":20,"id":4567139000}}
{"counter":11077,"type":"move","frame":{"millis":50315,"tic":1761},"actor":{"position":{"x":-3082368,"y":79670656,"z":0,"angle":0,"subsector":4566996760},"type":"shotgun_soldier","health":30,"id":4567155104}}
{"counter":11078,"type":"move","frame":{"millis":50315,"tic":1761},"actor":{"position":{"x":-7917568,"y":29889920,"z":0,"angle":1073741824,"subsector":4566993432},"type":"shotgun_soldier","health":30,"id":4567155632}}
{"counter":11079,"type":"move","frame":{"millis":50315,"tic":1761},"actor":{"position":{"x":-25557888,"y":52953088,"z":0,"angle":2147483648,"subsector":4566993384},"type":"shotgun_soldier","health":30,"id":4567155896}}
{"counter":11080,"type":"move","frame":{"millis":50315,"tic":1761},"actor":{"position":{"x":-1587190,"y":-1403717,"z":0,"angle":2684354560,"subsector":4566993016},"type":"spectre","health":10,"id":4567166984}}
{"counter":11081,"type":"move","frame":{"millis":50344,"tic":1762},"actor":{"position":{"x":-15086677,"y":-5009661,"z":0,"angle":234881024,"subsector":4566993016},"type":"player","health":14,"armor":45,"id":4567120880}}
{"counter":11082,"type":"move","frame":{"millis":50344,"tic":1762},"actor":{"position":{"x":-15697120,"y":-5272009,"z":0,"angle":234881024,"subsector":4566993016},"type":"player","health":14,"armor":45,"id":4567120880}}
{"counter":11083,"type":"move","frame":{"millis":50344,"tic":1762},"actor":{"position":{"x":-7032896,"y":21490752,"z":0,"angle":2684354560,"subsector":4566993256},"type":"shotgun_soldier","health":30,"id":4567139792}}
{"counter":11084,"type":"move","frame":{"millis":50344,"tic":1762},"actor":{"position":{"x":-1461400,"y":-1371237,"z":0,"angle":2684354560,"subsector":4566993016},"type":"spectre","health":10,"id":4567166984}}
{"counter":11085,"type":"move","frame":{"millis":50372,"tic":1763},"actor":{"position":{"x":-15697120,"y":-5272009,"z":0,"angle":234881024,"subsector":4566993016},"type":"player","health":14,"armor":45,"id":4567120880}}
{"counter":11086,"type":"move","frame":{"millis":50372,"tic":1763},"actor":{"position":{"x":-16252262,"y":-5510453,"z":0,"angle":234881024,"subsector":4566992968},"type":"player","health":14,"armor":45,"id":4567120880}}
{"counter":11087,"type":"move","frame":{"millis":50372,"tic":1763},"actor":{"position":{"x":-28624192,"y":33093952,"z":0,"angle":3221225472,"subsector":4566993400},"type":"shotgun_soldier","health":30,"id":4567155368}}
{"counter":11088,"type":"move","frame":{"millis":50372,"tic":1763},"actor":{"position":{"x":-1347403,"y":-1341802,"z":0,"angle":2684354560,"subsector":4566993016},"type":"spectre","health":10,"id":4567166984}}
{"counter":11089,"type":"move","frame":{"millis":50400,"tic":1764},"actor":{"position":{"x":-16755360,"y":-5726543,"z":0,"angle":234881024,"subsector":4566992968},"type":"player","health":14,"armor":45,"id":4567120880}}
{"counter":11090,"type":"move","frame":{"millis":50400,"tic":1764},"actor":{"position":{"x":-10390272,"y":81126912,"z":0,"angle":1610612736,"subsector":4566996760},"type":"soldier","health":20,"id":4567138472}}
{"counter":11091,"type":"move","frame":{"millis":50400,"tic":1764},"actor":{"position":{"x":-16120704,"y":52730880,"z":0,"angle":0,"subsector":4566993320},"type":"soldier","health":20,"id":4567138736}}
{"counter":11092,"type":"move","frame":{"millis":50400,"tic":1764},"actor":{"position":{"x":-3082368,"y":79146368,"z":0,"angle":3758096384,"subsector":4566996760},"type":"shotgun_soldier","health":30,"id":4567155104}}
{"counter":11093,"type":"move","frame":{"millis":50400,"tic":1764},"actor":{"position":{"x":-8293568,"y":29513920,"z":0,"angle":1073741824,"subsector":4566993432},"type":"shotgun_soldier","health":30,"id":4567155632}}
{"counter":11094,"type":"move","frame":{"millis":50400,"tic":1764},"actor":{"position":{"x":-26082176,"y":52953088,"z":0,"angle":2147483648,"subsector":4566993384},"type":"shotgun_soldier","health":30,"id":4567155896}}
{"counter":11095,"type":"move","frame":{"millis":50401,"tic":1764},"actor":{"position":{"x":-1244094,"y":-1315127,"z":0,"angle":2684354560,"subsector":4566993016},"type":"spectre","health":10,"id":4567166984}}
{"counter":11096,"type":"move","frame":{"millis":50401,"tic":1764},"actor":{"position":{"x":-1714094,"y":-1785127,"z":0,"angle":2684354560,"subsector":4566993016},"type":"spectre","health":10,"id":4567166984}}
{"counter":11097,"type":"move","frame":{"millis":50430,"tic":1765},"actor":{"position":{"x":-17211293,"y":-5922375,"z":0,"angle":234881024,"subsector":4566992968},"type":"player","health":14,"armor":45,"id":4567120880}}
{"counter":11098,"type":"move","frame":{"millis":50430,"tic":1765},"actor":{"position":{"x":-333760,"y":79908928,"z":0,"angle":2684354560,"subsector":4566996760},"type":"soldier","health":20,"id":4567139000}}
{"counter":11099,"type":"enter_subsector","frame":{"millis":50430,"tic":1765},"actor":{"position":{"x":-7032896,"y":20966464,"z":0,"angle":2684354560,"subsector":4566993224},"type":"shotgun_soldier","health":30,"id":4567139792}}
{"counter":11100,"type":"move","frame":{"millis":50430,"tic":1765},"actor":{"position":{"x":-7032896,"y":20966464,"z":0,"angle":2684354560,"subsector":4566993224},"type":"shotgun_soldier","health":30,"id":4567139792}}
{"counter":11101,"type":"move","frame":{"millis":50430,"tic":1765},"actor":{"position":{"x":-1620471,"y":-1760953,"z":0,"angle":2684354560,"subsector":4566993016},"type":"spectre","health":10,"id":4567166984}}
{"counter":11102,"type":"move","frame":{"millis":50458,"tic":1766},"actor":{"position":{"x":-17624483,"y":-6099848,"z":0,"angle":234881024,"subsector":4566992968},"type":"player","health":14,"armor":45,"id":4567120880}}
{"counter":11103,"type":"move","frame":{"millis":50458,"tic":1766},"actor":{"position":{"x":-28624192,"y":32569664,"z":0,"angle":3221225472,"subsector":4566993400},"type":"shotgun_soldier","health":30,"id":4567155368}}
{"counter":11104,"type":"move","frame":{"millis":50458,"tic":1766},"actor":{"position":{"x":-1535626,"y":-1739046,"z":0,"angle":2684354560,"subsector":4566993016},"type":"spectre","health":10,"id":4567166984}}
{"counter":11105,"type":"move","frame":{"millis":50458,"tic":1766},"actor":{"position":{"x":-2005626,"y":-2209046,"z":0,"angle":2684354560,"subsector":4566993016},"type":"spectre","health":10,"id":4567166984}}
{"counter":11106,"type":"move","frame":{"millis":50486,"tic":1767},"actor":{"position":{"x":-17998937,"y":-6260683,"z":0,"angle":234881024,"subsector":4566992968},"type":"player","health":14,"armor":45,"id":4567120880}}
{"counter":11107,"type":"move","frame":{"millis":50486,"tic":1767},"actor":{"position":{"x":-3606656,"y":79146368,"z":0,"angle":3221225472,"subsector":4566996760},"type":"shotgun_soldier","health":30,"id":4567155104}}
{"counter":11108,"type":"move","frame":{"millis":50486,"tic":1767},"actor":{"position":{"x":-8669568,"y":29137920,"z":0,"angle":1610612736,"subsector":4566993432},"type":"shotgun_soldier","health":30,"id":4567155632}}
{"counter":11109,"type":"move","frame":{"millis":50486,"tic":1767},"actor":{"position":{"x":-26606464,"y":52953088,"z":0,"angle":2147483648,"subsector":4566993384},"type":"shotgun_soldier","health":30,"id":4567155896}}
{"counter":11110,"type":"move","frame":{"millis":50486,"tic":1767},"actor":{"position":{"x":-1928736,"y":-2189193,"z":0,"angle":2684354560,"subsector":4566993016},"type":"spectre","health":10,"id":4567166984}}
{"counter":11111,"type":"move","frame":{"millis":50515,"tic":1768},"actor":{"position":{"x":-18338286,"y":-6406440,"z":0,"angle":234881024,"subsector":4566992968},"type":"player","health":14,"armor":45,"id":4567120880}}
{"counter":11112,"type":"move","frame":{"millis":50515,"tic":1768},"actor":{"position":{"x":-10766272,"y":81502912,"z":0,"angle":1610612736,"subsector":4566996760},"type":"soldier","health":20,"id":4567138472}}
{"counter":11113,"type":"move","frame":{"millis":50515,"tic":1768},"actor":{"position":{"x":-16120704,"y":53255168,"z":0,"angle":0,"subsector":4566993320},"type":"soldier","health":20,"id":4567138736}}
{"counter":11114,"type":"move","frame":{"millis":50515,"tic":1768},"actor":{"position":{"x":-7032896,"y":20442176,"z":0,"angle":3221225472,"subsector":4566993224},"type":"shotgun_soldier","health":30,"id":4567139792}}
{"counter":11115,"type":"move","frame":{"millis":50515,"tic":1768},"actor":{"position":{"x":-1859055,"y":-2171202,"z":0,"angle":2684354560,"subsector":4566993016},"type":"spectre","health":10,"id":4567166984}}
{"counter":11116,"type":"move","frame":{"millis":50515,"tic":1768},"actor":{"position":{"x":-2514415,"y":-2171202,"z":0,"angle":2684354560,"subsector":4566993016},"type":"spectre","health":10,"id":4567166984}}
{"counter":11117,"type":"move","frame":{"millis":50543,"tic":1769},"actor":{"position":{"x":-18645822,"y":-6538533,"z":0,"angle":234881024,"subsector":4566992968},"type":"player","health":14,"armor":45,"id":4567120880}}
{"counter":11118,"type":"move","frame":{"millis":50543,"tic":1769},"actor":{"position":{"x":-333760,"y":80433216,"z":0,"angle":2147483648,"subsector":4566996760},"type":"soldier","health":20,"id":4567139000}}
{"counter":11119,"type":"move","frame":{"millis":50543,"tic":1769},"actor":{"position":{"x":-28624192,"y":32045376,"z":0,"angle":3221225472,"subsector":4566993400},"type":"shotgun_soldier","health":30,"id":4567155368}}
{"counter":11120,"type":"move","frame":{"millis":50543,"tic":1769},"actor":{"position":{"x":-2451267,"y":-2154898,"z":0,"angle":2684354560,"subsector":4566993016},"type":"spectre","health":10,"id":4567166984}}
{"counter":11121,"type":"move","frame":{"millis":50573,"tic":1770},"actor":{"position":{"x":-18924527,"y":-6658243,"z":0,"angle":234881024,"subsector":4566992968},"type":"player","health":14,"armor":45,"id":4567120880}}
{"counter":11122,"type":"move","frame":{"millis":50573,"tic":1770},"actor":{"position":{"x":-4130944,"y":79146368,"z":0,"angle":2684354560,"subsector":4566996760},"type":"shotgun_soldier","health":30,"id":4567155104}}
{"counter":11123,"type":"move","frame":{"millis":50573,"tic":1770},"actor":{"position":{"x":-9045568,"y":28761920,"z":0,"angle":2147483648,"subsector":4566993432},"type":"shotgun_soldier","health":30,"id":4567155632}}
{"counter":11124,"type":"move","frame":{"millis":50573,"tic":1770},"actor":{"position":{"x":-27130752,"y":52953088,"z":0,"angle":2147483648,"subsector":4566993384},"type":"shotgun_soldier","health":30,"id":4567155896}}
{"counter":11125,"type":"move","frame":{"millis":50573,"tic":1770},"actor":{"position":{"x":-2394040,"y":-2140123,"z":0,"angle":2684354560,"subsector":4566993016},"type":"spectre","health":10,"id":4567166984}}
{"counter":11126,"type":"move","frame":{"millis":50573,"tic":1770},"actor":{"position":{"x":-3049400,"y":-2140123,"z":0,"angle":2147483648,"subsector":4566993016},"type":"spectre","health":10,"id":4567166984}}
{"counter":11127,"type":"move","frame":{"millis":50600,"tic":1771},"actor":{"position":{"x":-19177104,"y":-6766731,"z":0,"angle":234881024,"subsector":4566992968},"type":"player","health":14,"armor":45,"id":4567120880}}
{"counter":11128,"type":"move","frame":{"millis":50600,"tic":1771},"actor":{"position":{"x":-7032896,"y":19917888,"z":0,"angle":3221225472,"subsector":4566993176},"type":"shotgun_soldier","health":30,"id":4567139792}}
{"counter":11129,"type":"move","frame":{"millis":50600,"tic":1771},"actor":{"position":{"x":-2997539,"y":-2126734,"z":0,"angle":2147483648,"subsector":4566993016},"type":"spectre","health":10,"id":4567166984}}
{"counter":11130,"type":"move","frame":{"millis":50629,"tic":1772},"actor":{"position":{"x":-19177104,"y":-6766731,"z":0,"angle":234881024,"subsector":4566992968},"type":"player","health":14,"armor":45,"id":4567120880}}
{"counter":11131,"type":"move","frame":{"millis":50629,"tic":1772},"actor":{"position":{"x":-19402146,"y":-6863668,"z":0,"angle":234881024,"subsector":4566992968},"type":"player","health":14,"armor":45,"id":4567120880}}
{"counter":11132,"type":"move","frame":{"millis":50629,"tic":1772},"actor":{"position":{"x":-11142272,"y":81878912,"z":0,"angle":1610612736,"subsector":4566996760},"type":"soldier","health":20,"id":4567138472}}
{"counter":11133,"type":"move","frame":{"millis":50629,"tic":1772},"actor":{"position":{"x":-16120704,"y":53779456,"z":0,"angle":536870912,"subsector":4566993320},"type":"soldier","health":20,"id":4567138736}}
{"counter":11134,"type":"move","frame":{"millis":50629,"tic":1772},"actor":{"position":{"x":-28624192,"y":31521088,"z":0,"angle":3221225472,"subsector":4566993400},"type":"shotgun_soldier","health":30,"id":4567155368}}
{"counter":11135,"type":"move","frame":{"millis":50629,"tic":1772},"actor":{"position":{"x":-2950540,"y":-2114601,"z":0,"angle":2147483648,"subsector":4566993016},"type":"spectre","health":10,"id":4567166984}}
{"counter":11136,"type":"move","frame":{"millis":50629,"tic":1772},"actor":{"position":{"x":-3605900,"y":-2114601,"z":0,"angle":2147483648,"subsector":4566993016},"type":"spectre","health":10,"id":4567166984}}
{"counter":11137,"type":"move","frame":{"millis":50658,"tic":1773},"actor":{"position":{"x":-19402146,"y":-6863668,"z":0,"angle":251658240,"subsector":4566992968},"type":"player","health":14,"armor":45,"id":4567120880}}
{"counter":11138,"type":"move","frame":{"millis":50658,"tic":1773},"actor":{"position":{"x":-19598450,"y":-6948567,"z":0,"angle":251658240,"subsector":4566992968},"type":"player","health":14,"armor":45,"id":4567120880}}
{"counter":11139,"type":"move","frame":{"millis":50659,"tic":1773},"actor":{"position":{"x":-333760,"y":80957504,"z":0,"angle":1610612736,"subsector":4566996760},"type":"soldier","health":20,"id":4567139000}}
{"counter":11140,"type":"move","frame":{"millis":50659,"tic":1773},"actor":{"position":{"x":-4130944,"y":79670656,"z":0,"angle":2147483648,"subsector":4566996760},"type":"shotgun_soldier","health":30,"id":4567155104}}
{"counter":11141,"type":"move","frame":{"millis":50659,"tic":1773},"actor":{"position":{"x":-9421568,"y":28385920,"z":0,"angle":2684354560,"subsector":4566993432},"type":"shotgun_soldier","health":30,"id":4567155632}}
{"counter":11142,"type":"move","frame":{"millis":50659,"tic":1773},"actor":{"position":{"x":-27655040,"y":52953088,"z":0,"angle":2147483648,"subsector":4566993352},"type":"shotgun_soldier","health":30,"id":4567155896}}
{"counter":11143,"type":"move","frame":{"millis":50659,"tic":1773},"actor":{"position":{"x":-3563308,"y":-2103606,"z":0,"angle":2147483648,"subsector":4566993016},"type":"spectre","health":10,"id":4567166984}}
{"counter":11144,"type":"move","frame":{"millis":50686,"tic":1774},"actor":{"position":{"x":-19598450,"y":-6948567,"z":0,"angle":268435456,"subsector":4566992968},"type":"player","health":14,"armor":45,"id":4567120880}}
{"counter":11145,"type":"move","frame":{"millis":50686,"tic":1774},"actor":{"position":{"x":-19763109,"y":-7020016,"z":0,"angle":268435456,"subsector":4566992968},"type":"player","health":14,"armor":45,"id":4567120880}}
{"counter":11146,"type":"move","frame":{"millis":50686,"tic":1774},"actor":{"position":{"x":-7032896,"y":19393600,"z":0,"angle":3221225472,"subsector":4566993176},"type":"shotgun_soldier","health":30,"id":4567139792}}
{"counter":11147,"type":"move","frame":{"millis":50686,"tic":1774},"actor":{"position":{"x":-3524709,"y":-2093642,"z":0,"angle":2147483648,"subsector":4566993016},"type":"spectre","health":10,"id":4567166984}}
{"counter":11148,"type":"move","frame":{"millis":50686,"tic":1774},"actor":{"position":{"x":-4180069,"y":-2093642,"z":0,"angle":2147483648,"subsector":4566993016},"type":"spectre","health":10,"id":4567166984}}
{"counter":11149,"type":"move","frame":{"millis":50715,"tic":1775},"actor":{"position":{"x":-19763109,"y":-7020016,"z":0,"angle":335544320,"subsector":4566992968},"type":"player","health":14,"armor":45,"id":4567120880}}
{"counter":11150,"type":"move","frame":{"millis":50715,"tic":1775},"actor":{"position":{"x":-19865382,"y":-7059649,"z":0,"angle":335544320,"subsector":4566992968},"type":"player","health":14,"armor":45,"id":4567120880}}
{"counter":11151,"type":"move","frame":{"millis":50716,"tic":1775},"actor":{"position":{"x":-28624192,"y":30996800,"z":0,"angle":3221225472,"subsector":4566993400},"type":"shotgun_soldier","health":30,"id":4567155368}}
{"counter":11152,"type":"move","frame":{"millis":50716,"tic":1775},"actor":{"position":{"x":-4145089,"y":-2084613,"z":0,"angle":2147483648,"subsector":4566993016},"type":"spectre","health":10,"id":4567166984}}
{"counter":11153,"type":"move","frame":{"millis":50743,"tic":1776},"actor":{"position":{"x":-19865382,"y":-7059649,"z":0,"angle":369098752,"subsector":4566992968},"type":"player","health":14,"armor":45,"id":4567120880}}
{"counter":11154,"type":"move","frame":{"millis":50743,"tic":1776},"actor":{"position":{"x":-19908893,"y":-7066069,"z":0,"angle":369098752,"subsector":4566992968},"type":"player","health":14,"armor":45,"id":4567120880}}
{"counter":11155,"type":"move","frame":{"millis":50743,"tic":1776},"actor":{"position":{"x":-11518272,"y":82254912,"z":0,"angle":1610612736,"subsector":4566996760},"type":"soldier","health":20,"id":4567138472}}
{"counter":11156,"type":"move","frame":{"millis":50743,"tic":1776},"actor":{"position":{"x":-16120704,"y":54303744,"z":0,"angle":1073741824,"subsector":4566993320},"type":"soldier","health":20,"id":4567138736}}
{"counter":11157,"type":"move","frame":{"millis":50743,"tic":1776},"actor":{"position":{"x":-4130944,"y":80194944,"z":0,"angle":1610612736,"subsector":4566996760},"type":"shotgun_soldier","health":30,"id":4567155104}}
{"counter":11158,"type":"move","frame":{"millis":50743,"tic":1776},"actor":{"position":{"x":-9797568,"y":28009920,"z":0,"angle":2684354560,"subsector":4566993432},"type":"shotgun_soldier","health":30,"id":4567155632}}
{"counter":11159,"type":"move","frame":{"millis":50743,"tic":1776},"actor":{"position":{"x":-28179328,"y":52953088,"z":0,"angle":2147483648,"subsector":4566993352},"type":"shotgun_soldier","health":30,"id":4567155896}}
{"counter":11160,"type":"move","frame":{"millis":50743,"tic":1776},"actor":{"position":{"x":-4113389,"y":-2076431,"z":0,"angle":2147483648,"subsector":4566993016},"type":"spectre","health":10,"id":4567166984}}
{"counter":11161,"type":"move","frame":{"millis":50743,"tic":1776},"actor":{"position":{"x":-4768749,"y":-2076431,"z":0,"angle":2147483648,"subsector":4566993016},"type":"spectre","health":10,"id":4567166984}}
{"counter":11162,"type":"move","frame":{"millis":50772,"tic":1777},"actor":{"position":{"x":-19908893,"y":-7066069,"z":0,"angle":402653184,"subsector":4566992968},"type":"player","health":14,"armor":45,"id":4567120880}}
{"counter":11163,"type":"move","frame":{"millis":50772,"tic":1777},"actor":{"position":{"x":-19883634,"y":-7028628,"z":0,"angle":402653184,"subsector":4566992968},"type":"player","health":14,"armor":45,"id":4567120880}}
{"counter":11164,"type":"move","frame":{"millis":50772,"tic":1777},"actor":{"position":{"x":-709760,"y":80581504,"z":0,"angle":1073741824,"subsector":4566996760},"type":"soldier","health":20,"id":4567139000}}
{"counter":11165,"type":"move","frame":{"millis":50772,"tic":1777},"actor":{"position":{"x":-7032896,"y":18869312,"z":0,"angle":3221225472,"subsector":4566993176},"type":"shotgun_soldier","health":30,"id":4567139792}}
{"counter":11166,"type":"move","frame":{"millis":50772,"tic":1777},"actor":{"position":{"x":-4740021,"y":-2069017,"z":0,"angle":2147483648,"subsector":4566993016},"type":"spectre","health":10,"id":4567166984}}
{"counter":11167,"type":"move","frame":{"millis":50800,"tic":1778},"actor":{"position":{"x":-19883634,"y":-7028628,"z":0,"angle":402653184,"subsector":4566992968},"type":"player","health":14,"armor":45,"id":4567120880}}
{"counter":11168,"type":"move","frame":{"millis":50800,"tic":1778},"actor":{"position":{"x":-19855637,"y":-6991283,"z":0,"angle":402653184,"subsector":4566992968},"type":"player","health":14,"armor":45,"id":4567120880}}
{"counter":11169,"type":"move","frame":{"millis":50800,"tic":1778},"actor":{"position":{"x":-28624192,"y":30472512,"z":0,"angle":3221225472,"subsector":4566993400},"type":"shotgun_soldier","health":30,"id":4567155368}}
{"counter":11170,"type":"move","frame":{"millis":50800,"tic":1778},"actor":{"position":{"x":-4713987,"y":-2062299,"z":0,"angle":2147483648,"subsector":4566993016},"type":"spectre","health":10,"id":4567166984}}
{"counter":11171,"type":"move","frame":{"millis":50800,"tic":1778},"actor":{"position":{"x":-5369347,"y":-2062299,"z":0,"angle":2147483648,"subsector":4566993016},"type":"spectre","health":10,"id":4567166984}}
{"counter":11172,"type":"move","frame":{"millis":50829,"tic":1779},"actor":{"position":{"x":-19830265,"y":-6957440,"z":0,"angle":402653184,"subsector":4566992968},"type":"player","health":14,"armor":45,"id":4567120880}}
{"counter":11173,"type":"move","frame":{"millis":50829,"tic":1779},"actor":{"position":{"x":-4130944,"y":80719232,"z":0,"angle":1073741824,"subsector":4566996760},"type":"shotgun_soldier","health":30,"id":4567155104}}
{"counter":11174,"type":"move","frame":{"millis":50829,"tic":1779},"actor":{"position":{"x":-10173568,"y":27633920,"z":0,"angle":2684354560,"subsector":4566993432},"type":"shotgun_soldier","health":30,"id":4567155632}}
{"counter":11175,"type":"move","frame":{"millis":50829,"tic":1779},"actor":{"position":{"x":-28703616,"y":52953088,"z":0,"angle":2147483648,"subsector":4566993352},"type":"shotgun_soldier","health":30,"id":4567155896}}
{"counter":11176,"type":"move","frame":{"millis":50829,"tic":1779},"actor":{"position":{"x":-5345754,"y":-2056211,"z":0,"angle":2147483648,"subsector":4566993016},"type":"spectre","health":10,"id":4567166984}}
{"counter":11177,"type":"move","frame":{"millis":50858,"tic":1780},"actor":{"position":{"x":-19807272,"y":-6926770,"z":0,"angle":402653184,"subsector":4566992968},"type":"player","health":14,"armor":45,"id":4567120880}}
{"counter":11178,"type":"move","frame":{"millis":50858,"tic":1780},"actor":{"position":{"x":-11894272,"y":82630912,"z":0,"angle":1610612736,"subsector":4566996760},"type":"soldier","health":20,"id":4567138472}}
{"counter":11179,"type":"move","frame":{"millis":50858,"tic":1780},"actor":{"position":{"x":-16120704,"y":54828032,"z":0,"angle":1073741824,"subsector":4566993320},"type":"soldier","health":20,"id":4567138736}}
{"counter":11180,"type":"move","frame":{"millis":50858,"tic":1780},"actor":{"position":{"x":-7032896,"y":18345024,"z":0,"angle":3221225472,"subsector":4566993176},"type":"shotgun_soldier","health":30,"id":4567139792}}
{"counter":11181,"type":"move","frame":{"millis":50858,"tic":1780},"actor":{"position":{"x":-5324373,"y":-2050694,"z":0,"angle":2147483648,"subsector":4566993016},"type":"spectre","health":10,"id":4567166984}}
{"counter":11182,"type":"move","frame":{"millis":50858,"tic":1780},"actor":{"position":{"x":-5979733,"y":-2050694,"z":0,"angle":2147483648,"subsector":4566993016},"type":"spectre","health":10,"id":4567166984}}
{"counter":11183,"type":"move","frame":{"millis":50886,"tic":1781},"actor":{"position":{"x":-19786435,"y":-6898976,"z":0,"angle":402653184,"subsector":4566992968},"type":"player","health":14,"armor":45,"id":4567120880}}
{"counter":11184,"type":"move","frame":{"millis":50886,"tic":1781},"actor":{"position":{"x":-1085760,"y":80205504,"z":0,"angle":1610612736,"subsector":4566996760},"type":"soldier","health":20,"id":4567139000}}
{"counter":11185,"type":"move","frame":{"millis":50886,"tic":1781},"actor":{"position":{"x":-28248192,"y":30096512,"z":0,"angle":3221225472,"subsector":4566993400},"type":"shotgun_soldier","health":30,"id":4567155368}}
{"counter":11186,"type":"move","frame":{"millis":50886,"tic":1781},"actor":{"position":{"x":-5960357,"y":-2045695,"z":0,"angle":2147483648,"subsector":4566993016},"type":"spectre","health":10,"id":4567166984}}
{"counter":11187,"type":"move","frame":{"millis":50916,"tic":1782},"actor":{"position":{"x":-19767552,"y":-6873788,"z":0,"angle":402653184,"subsector":4566992968},"type":"player","health":14,"armor":45,"id":4567120880}}
{"counter":11188,"type":"move","frame":{"millis":50916,"tic":1782},"actor":{"position":{"x":-4130944,"y":81243520,"z":0,"angle":1073741824,"subsector":4566996760},"type":"shotgun_soldier","health":30,"id":4567155104}}
{"counter":11189,"type":"move","frame":{"millis":50916,"tic":1782},"actor":{"position":{"x":-10549568,"y":27257920,"z":0,"angle":2684354560,"subsector":4566993432},"type":"shotgun_soldier","health":30,"id":4567155632}}
{"counter":11190,"type":"move","frame":{"millis":50916,"tic":1782},"actor":{"position":{"x":-28327616,"y":52577088,"z":0,"angle":2147483648,"subsector":4566993352},"type":"shotgun_soldier","health":30,"id":4567155896}}
{"counter":11191,"type":"move","frame":{"millis":50916,"tic":1782},"actor":{"position":{"x":-5942798,"y":-2041165,"z":0,"angle":2147483648,"subsector":4566993016},"type":"spectre","health":10,"id":4567166984}}
{"counter":11192,"type":"move","frame":{"millis":50916,"tic":1782},"actor":{"position":{"x":-6598158,"y":-2041165,"z":0,"angle":2147483648,"subsector":4566993016},"type":"spectre","health":10,"id":4567166984}}
{"counter":11193,"type":"move","frame":{"millis":50943,"tic":1783},"actor":{"position":{"x":-19750440,"y":-6850962,"z":0,"angle":402653184,"subsector":4566992968},"type":"player","health":14,"armor":45,"id":4567120880}}
{"counter":11194,"type":"move","frame":{"millis":50943,"tic":1783},"actor":{"position":{"x":-7032896,"y":17820736,"z":0,"angle":3221225472,"subsector":4566993176},"type":"shotgun_soldier","health":30,"id":4567139792}}
{"counter":11195,"type":"move","frame":{"millis":50944,"tic":1783},"actor":{"position":{"x":-6582246,"y":-2037060,"z":0,"angle":2147483648,"subsector":4566993016},"type":"spectre","health":10,"id":4567166984}}
{"counter":11196,"type":"move","frame":{"millis":50972,"tic":1784},"actor":{"position":{"x":-19734933,"y":-6830276,"z":0,"angle":402653184,"subsector":4566992968},"type":"player","health":14,"armor":45,"id":4567120880}}
{"counter":11197,"type":"move","frame":{"millis":50972,"tic":1784},"actor":{"position":{"x":-12270272,"y":83006912,"z":0,"angle":1610612736,"subsector":4566996760},"type":"soldier","health":20,"id":4567138472}}
{"counter":11198,"type":"move","frame":{"millis":50972,"tic":1784},"actor":{"position":{"x":-16120704,"y":55352320,"z":0,"angle":1073741824,"subsector":4566993320},"type":"soldier","health":20,"id":4567138736}}
{"counter":11199,"type":"move","frame":{"millis":50972,"tic":1784},"actor":{"position":{"x":-27872192,"y":29720512,"z":0,"angle":3758096384,"subsector":4566993400},"type":"shotgun_soldier","health":30,"id":4567155368}}
{"counter":11200,"type":"move","frame":{"millis":50972,"tic":1784},"actor":{"position":{"x":-6567826,"y":-2033340,"z":0,"angle":2147483648,"subsector":4566993016},"type":"spectre","health":10,"id":4567166984}}
{"counter":11201,"type":"move","frame":{"millis":50972,"tic":1784},"actor":{"position":{"x":-7223186,"y":-2033340,"z":0,"angle":2147483648,"subsector":4566993016},"type":"spectre","health":10,"id":4567166984}}
{"counter":11202,"type":"move","frame":{"millis":51001,"tic":1785},"actor":{"position":{"x":-19720880,"y":-6811530,"z":0,"angle":402653184,"subsector":4566992968},"type":"player","health":14,"armor":45,"id":4567120880}}
{"counter":11203,"type":"move","frame":{"millis":51001,"tic":1785},"actor":{"position":{"x":-1461760,"y":79829504,"z":0,"angle":2147483648,"subsector":4566996760},"type":"soldier","health":20,"id":4567139000}}
{"counter":11204,"type":"move","frame":{"millis":51001,"tic":1785},"actor":{"position":{"x":-4130944,"y":81767808,"z":0,"angle":1073741824,"subsector":4566996760},"type":"shotgun_soldier","health":30,"id":4567155104}}
{"counter":11205,"type":"move","frame":{"millis":51001,"tic":1785},"actor":{"position":{"x":-10925568,"y":26881920,"z":0,"angle":2684354560,"subsector":4566993432},"type":"shotgun_soldier","health":30,"id":4567155632}}
{"counter":11206,"type":"move","frame":{"millis":51001,"tic":1785},"actor":{"position":{"x":-27803328,"y":52577088,"z":0,"angle":2684354560,"subsector":4566993352},"type":"shotgun_soldier","health":30,"id":4567155896}}
{"counter":11207,"type":"move","frame":{"millis":51001,"tic":1785},"actor":{"position":{"x":-7210118,"y":-2029969,"z":0,"angle":2147483648,"subsector":4566993016},"type":"spectre","health":10,"id":4567166984}}
{"counter":11208,"type":"move","frame":{"millis":51029,"tic":1786},"actor":{"position":{"x":-19708145,"y":-6794542,"z":0,"angle":402653184,"subsector":4566992968},"type":"player","health":14,"armor":45,"id":4567120880}}
{"counter":11209,"type":"move","frame":{"millis":51029,"tic":1786},"actor":{"position":{"x":-7032896,"y":17296448,"z":0,"angle":3221225472,"subsector":4566993176},"type":"shotgun_soldier","health":30,"id":4567139792}}
{"counter":11210,"type":"move","frame":{"millis":51029,"tic":1786},"actor":{"position":{"x":-7198276,"y":-2026915,"z":0,"angle":2147483648,"subsector":4566993016},"type":"spectre","health":10,"id":4567166984}}
{"counter":11211,"type":"move","frame":{"millis":51029,"tic":1786},"actor":{"position":{"x":-7853636,"y":-2026915,"z":0,"angle":2147483648,"subsector":4566993016},"type":"spectre","health":10,"id":4567166984}}
{"counter":11212,"type":"move","frame":{"millis":51058,"tic":1787},"actor":{"position":{"x":-19708145,"y":-6794542,"z":0,"angle":369098752,"subsector":4566992968},"type":"player","health":14,"armor":45,"id":4567120880}}
{"counter":11213,"type":"move","frame":{"millis":51058,"tic":1787},"actor":{"position":{"x":-19640405,"y":-6745434,"z":0,"angle":369098752,"subsector":4566992968},"type":"player","health":14,"armor":45,"id":4567120880}}
{"counter":11214,"type":"move","frame":{"millis":51058,"tic":1787},"actor":{"position":{"x":-27496192,"y":29344512,"z":0,"angle":3758096384,"subsector":4566993400},"type":"shotgun_soldier","health":30,"id":4567155368}}
{"counter":11215,"type":"move","frame":{"millis":51058,"tic":1787},"actor":{"position":{"x":-7842905,"y":-2024148,"z":0,"angle":2147483648,"subsector":4566993016},"type":"spectre","health":10,"id":4567166984}}
{"counter":11216,"type":"move","frame":{"millis":51086,"tic":1788},"actor":{"position":{"x":-19640405,"y":-6745434,"z":0,"angle":352321536,"subsector":4566992968},"type":"player","health":14,"armor":45,"id":4567120880}}
{"counter":11217,"type":"move","frame":{"millis":51086,"tic":1788},"actor":{"position":{"x":-19586143,"y":-6704971,"z":0,"angle":352321536,"subsector":4566992968},"type":"player","health":14,"armor":45,"id":4567120880}}
{"counter":11218,"type":"move","frame":{"millis":51086,"tic":1788},"actor":{"position":{"x":-12646272,"y":83382912,"z":0,"angle":1610612736,"subsector":4566996760},"type":"soldier","health":20,"id":4567138472}}
{"counter":11219,"type":"move","frame":{"millis":51086,"tic":1788},"actor":{"position":{"x":-16120704,"y":55876608,"z":0,"angle":1073741824,"subsector":4566993320},"type":"soldier","health":20,"id":4567138736}}
{"counter":11220,"type":"move","frame":{"millis":51086,"tic":1788},"actor":{"position":{"x":-4130944,"y":82292096,"z":0,"angle":1073741824,"subsector":4566996760},"type":"shotgun_soldier","health":30,"id":4567155104}}
{"counter":11221,"type":"move","frame":{"millis":51086,"tic":1788},"actor":{"position":{"x":-11301568,"y":26505920,"z":0,"angle":2684354560,"subsector":4566993432},"type":"shotgun_soldier","health":30,"id":4567155632}}
{"counter":11222,"type":"move","frame":{"millis":51086,"tic":1788},"actor":{"position":{"x":-27279040,"y":52577088,"z":0,"angle":3221225472,"subsector":4566993352},"type":"shotgun_soldier","health":30,"id":4567155896}}
{"counter":11223,"type":"move","frame":{"millis":51086,"tic":1788},"actor":{"position":{"x":-7833181,"y":-2021641,"z":0,"angle":2147483648,"subsector":4566993016},"type":"spectre","health":10,"id":4567166984}}
{"counter":11224,"type":"move","frame":{"millis":51086,"tic":1788},"actor":{"position":{"x":-8488541,"y":-2021641,"z":0,"angle":2147483648,"subsector":4566993016},"type":"spectre","health":10,"id":4567166984}}
{"counter":11225,"type":"move","frame":{"millis":51115,"tic":1789},"actor":{"position":{"x":-19536969,"y":-6668302,"z":0,"angle":352321536,"subsector":4566992968},"type":"player","health":14,"armor":45,"id":4567120880}}
{"counter":11226,"type":"move","frame":{"millis":51115,"tic":1789},"actor":{"position":{"x":-1837760,"y":79453504,"z":0,"angle":2684354560,"subsector":4566996760},"type":"soldier","health":20,"id":4567139000}}
{"counter":11227,"type":"move","frame":{"millis":51115,"tic":1789},"actor":{"position":{"x":-7032896,"y":16772160,"z":0,"angle":3221225472,"subsector":4566993176},"type":"shotgun_soldier","health":30,"id":4567139792}}
{"counter":11228,"type":"move","frame":{"millis":51115,"tic":1789},"actor":{"position":{"x":-8479729,"y":-2019370,"z":0,"angle":2147483648,"subsector":4566993016},"type":"spectre","health":10,"id":4567166984}}
{"counter":11229,"type":"move","frame":{"millis":51143,"tic":1790},"actor":{"position":{"x":-19536969,"y":-6668302,"z":0,"angle":335544320,"subsector":4566992968},"type":"player","health":14,"armor":45,"id":4567120880}}
{"counter":11230,"type":"move","frame":{"millis":51143,"tic":1790},"actor":{"position":{"x":-19523105,"y":-6651495,"z":0,"angle":335544320,"subsector":4566992968},"type":"player","health":14,"armor":45,"id":4567120880}}
{"counter":11231,"type":"move","frame":{"millis":51143,"tic":1790},"actor":{"position":{"x":-27120192,"y":28968512,"z":0,"angle":3758096384,"subsector":4566993400},"type":"shotgun_soldier","health":30,"id":4567155368}}
{"counter":11232,"type":"move","frame":{"millis":51143,"tic":1790},"actor":{"position":{"x":-8471744,"y":-2017312,"z":0,"angle":2147483648,"subsector":4566993016},"type":"spectre","health":10,"id":4567166984}}
{"counter":11233,"type":"move","frame":{"millis":51143,"tic":1790},"actor":{"position":{"x":-9127104,"y":-2017312,"z":0,"angle":2147483648,"subsector":4566993016},"type":"spectre","health":10,"id":4567166984}}
{"counter":11234,"type":"move","frame":{"millis":51172,"tic":1791},"actor":{"position":{"x":-19523105,"y":-6651495,"z":0,"angle":318767104,"subsector":4566992968},"type":"player","health":14,"armor":45,"id":4567120880}}
{"counter":11235,"type":"move","frame":{"millis":51172,"tic":1791},"actor":{"position":{"x":-19550779,"y":-6656537,"z":0,"angle":318767104,"subsector":4566992968},"type":"player","health":14,"armor":45,"id":4567120880}}
{"counter":11236,"type":"move","frame":{"millis":51172,"tic":1791},"actor":{"position":{"x":-4130944,"y":82816384,"z":0,"angle":1073741824,"subsector":4566996760},"type":"shotgun_soldier","health":30,"id":4567155104}}
{"counter":11237,"type":"move","frame":{"millis":51172,"tic":1791},"actor":{"position":{"x":-11677568,"y":26129920,"z":0,"angle":2684354560,"subsector":4566993432},"type":"shotgun_soldier","health":30,"id":4567155632}}
{"counter":11238,"type":"move","frame":{"millis":51172,"tic":1791},"actor":{"position":{"x":-26754752,"y":52577088,"z":0,"angle":3758096384,"subsector":4566993384},"type":"shotgun_soldier","health":30,"id":4567155896}}
{"counter":11239,"type":"move","frame":{"millis":51172,"tic":1791},"actor":{"position":{"x":-9119868,"y":-2015447,"z":0,"angle":2147483648,"subsector":4566993016},"type":"spectre","health":10,"id":4567166984}}
{"counter":11240,"type":"move","frame":{"millis":51200,"tic":1792},"actor":{"position":{"x":-19550779,"y":-6656537,"z":0,"angle":318767104,"subsector":4566992968},"type":"player","health":14,"armor":45,"id":4567120880}}
{"counter":11241,"type":"move","frame":{"millis":51200,"tic":1792},"actor":{"position":{"x":-19667308,"y":-6707182,"z":0,"angle":318767104,"subsector":4566992968},"type":"player","health":14,"armor":45,"id":4567120880}}
{"counter":11242,"type":"move","frame":{"millis":51200,"tic":1792},"actor":{"position":{"x":-13022272,"y":83758912,"z":0,"angle":1610612736,"subsector":4566996760},"type":"soldier","health":20,"id":4567138472}}
{"counter":11243,"type":"move","frame":{"millis":51200,"tic":1792},"actor":{"position":{"x":-16496704,"y":55500608,"z":0,"angle":1073741824,"subsector":4566993320},"type":"soldier","health":20,"id":4567138736}}
{"counter":11244,"type":"move","frame":{"millis":51200,"tic":1792},"actor":{"position":{"x":-7032896,"y":16247872,"z":0,"angle":3221225472,"subsector":4566993176},"type":"shotgun_soldier","health":30,"id":4567139792}}
{"counter":11245,"type":"move","frame":{"millis":51200,"tic":1792},"actor":{"position":{"x":-9113311,"y":-2013757,"z":0,"angle":2147483648,"subsector":4566993016},"type":"spectre","health":10,"id":4567166984}}
{"counter":11246,"type":"move","frame":{"millis":51200,"tic":1792},"actor":{"position":{"x":-9768671,"y":-2013757,"z":0,"angle":2147483648,"subsector":4566993016},"type":"spectre","health":10,"id":4567166984}}
{"counter":11247,"type":"move","frame":{"millis":51229,"tic":1793},"actor":{"position":{"x":-19667308,"y":-6707182,"z":0,"angle":318767104,"subsector":4566992968},"type":"player","health":14,"armor":45,"id":4567120880}}
{"counter":11248,"type":"move","frame":{"millis":51229,"tic":1793},"actor":{"position":{"x":-19864362,"y":-6799155,"z":0,"angle":318767104,"subsector":4566992968},"type":"player","health":14,"armor":45,"id":4567120880}}
{"counter":11249,"type":"move","frame":{"millis":51229,"tic":1793},"actor":{"position":{"x":-2213760,"y":79077504,"z":0,"angle":2684354560,"subsector":4566996760},"type":"soldier","health":20,"id":4567139000}}
{"counter":11250,"type":"move","frame":{"millis":51229,"tic":1793},"actor":{"position":{"x":-26744192,"y":28592512,"z":0,"angle":3758096384,"subsector":4566993400},"type":"shotgun_soldier","health":30,"id":4567155368}}
{"counter":11251,"type":"move","frame":{"millis":51229,"tic":1793},"actor":{"position":{"x":-9762729,"y":-2012226,"z":0,"angle":2147483648,"subsector":4566993016},"type":"spectre","health":10,"id":4567166984}}
{"counter":11252,"type":"move","frame":{"millis":51258,"tic":1794},"actor":{"position":{"x":-19864362,"y":-6799155,"z":0,"angle":318767104,"subsector":4566992968},"type":"player","health":14,"armor":45,"id":4567120880}}
{"counter":11253,"type":"move","frame":{"millis":51258,"tic":1794},"actor":{"position":{"x":-19915227,"y":-6913825,"z":0,"angle":318767104,"subsector":4566992968},"type":"player","health":14,"armor":45,"id":4567120880}}
{"counter":11254,"type":"move","frame":{"millis":51258,"tic":1794},"actor":{"position":{"x":-4506944,"y":82440384,"z":0,"angle":1073741824,"subsector":4566996760},"type":"shotgun_soldier","health":30,"id":4567155104}}
{"counter":11255,"type":"move","frame":{"millis":51258,"tic":1794},"actor":{"position":{"x":-12053568,"y":25753920,"z":0,"angle":2684354560,"subsector":4566993432},"type":"shotgun_soldier","health":30,"id":4567155632}}
{"counter":11256,"type":"move","frame":{"millis":51258,"tic":1794},"actor":{"position":{"x":-26230464,"y":52577088,"z":0,"angle":0,"subsector":4566993384},"type":"shotgun_soldier","health":30,"id":4567155896}}
{"counter":11257,"type":"move","frame":{"millis":51258,"tic":1794},"actor":{"position":{"x":-9757345,"y":-2010839,"z":0,"angle":2147483648,"subsector":4566993016},"type":"spectre","health":10,"id":4567166984}}
{"counter":11258,"type":"move","frame":{"millis":51258,"tic":1794},"actor":{"position":{"x":-10412705,"y":-2010839,"z":0,"angle":2147483648,"subsector":4566993016},"type":"spectre","health":10,"id":4567166984}}
{"counter":11259,"type":"move","frame":{"millis":51286,"tic":1795},"actor":{"position":{"x":-19915227,"y":-6913825,"z":0,"angle":318767104,"subsector":4566992968},"type":"player","health":14,"armor":45,"id":4567120880}}
{"weapon_type":2,"counter":11260,"type":"attacked","frame":{"millis":51286,"tic":1795},"actor":{"position":{"x":-19915227,"y":-6913825,"z":0,"angle":318767104,"subsector":4566992968},"type":"player","health":14,"armor":45,"id":4567120880}}
{"counter":11261,"type":"move","frame":{"millis":51286,"tic":1795},"actor":{"position":{"x":-19921790,"y":-7014616,"z":0,"angle":318767104,"subsector":4566992968},"type":"player","health":14,"armor":45,"id":4567120880}}
{"counter":11262,"type":"move","frame":{"millis":51286,"tic":1795},"actor":{"position":{"x":-7032896,"y":15723584,"z":0,"angle":3221225472,"subsector":4566993176},"type":"shotgun_soldier","health":30,"id":4567139792}}
{"counter":11263,"type":"move","frame":{"millis":51286,"tic":1795},"actor":{"position":{"x":-10407826,"y":-2009583,"z":0,"angle":2147483648,"subsector":4566993016},"type":"spectre","health":10,"id":4567166984}}
{"counter":11264,"type":"move","frame":{"millis":51315,"tic":1796},"actor":{"position":{"x":-19921790,"y":-7014616,"z":0,"angle":318767104,"subsector":4566992968},"type":"player","health":14,"armor":45,"id":4567120880}}
{"counter":11265,"type":"move","frame":{"millis":51315,"tic":1796},"actor":{"position":{"x":-19921790,"y":-7110064,"z":0,"angle":318767104,"subsector":4566992968},"type":"player","health":14,"armor":45,"id":4567120880}}
{"counter":11266,"type":"move","frame":{"millis":51315,"tic":1796},"actor":{"position":{"x":-13398272,"y":84134912,"z":0,"angle":1610612736,"subsector":4566996760},"type":"soldier","health":20,"id":4567138472}}
{"counter":11267,"type":"move","frame":{"millis":51315,"tic":1796},"actor":{"position":{"x":-16872704,"y":55124608,"z":0,"angle":1610612736,"subsector":4566993320},"type":"soldier","health":20,"id":4567138736}}
{"counter":11268,"type":"move","frame":{"millis":51315,"tic":1796},"actor":{"position":{"x":-26368192,"y":28216512,"z":0,"angle":3758096384,"subsector":4566993400},"type":"shotgun_soldier","health":30,"id":4567155368}}
{"counter":11269,"type":"move","frame":{"millis":51315,"tic":1796},"actor":{"position":{"x":-10403405,"y":-2008445,"z":0,"angle":2147483648,"subsector":4566993016},"type":"spectre","health":10,"id":4567166984}}
{"counter":11270,"type":"move","frame":{"millis":51315,"tic":1796},"actor":{"position":{"x":-10873405,"y":-2478445,"z":0,"angle":2147483648,"subsector":4566993016},"type":"spectre","health":10,"id":4567166984}}
{"counter":11271,"type":"move","frame":{"millis":51343,"tic":1797},"actor":{"position":{"x":-19921790,"y":-7110064,"z":0,"angle":318767104,"subsector":4566992968},"type":"player","health":14,"armor":45,"id":4567120880}}
{"counter":11272,"type":"move","frame":{"millis":51343,"tic":1797},"actor":{"position":{"x":-19921790,"y":-7198407,"z":0,"angle":318767104,"subsector":4566992968},"type":"player","health":14,"armor":45,"id":4567120880}}
{"counter":11273,"type":"move","frame":{"millis":51343,"tic":1797},"actor":{"position":{"x":-2738048,"y":79077504,"z":0,"angle":2684354560,"subsector":4566996760},"type":"soldier","health":20,"id":4567139000}}
{"counter":11274,"type":"move","frame":{"millis":51343,"tic":1797},"actor":{"position":{"x":-4882944,"y":82064384,"z":0,"angle":1610612736,"subsector":4566996760},"type":"shotgun_soldier","health":30,"id":4567155104}}
{"counter":11275,"type":"move","frame":{"millis":51343,"tic":1797},"actor":{"position":{"x":-12429568,"y":25377920,"z":0,"angle":2684354560,"subsector":4566993432},"type":"shotgun_soldier","health":30,"id":4567155632}}
{"counter":11276,"type":"move","frame":{"millis":51343,"tic":1797},"actor":{"position":{"x":-25706176,"y":52577088,"z":0,"angle":0,"subsector":4566993384},"type":"shotgun_soldier","health":30,"id":4567155896}}
{"counter":11277,"type":"move","frame":{"millis":51343,"tic":1797},"actor":{"position":{"x":-10869399,"y":-2477414,"z":0,"angle":2147483648,"subsector":4566993016},"type":"spectre","health":10,"id":4567166984}}
{"damage":15,"counter":11278,"type":"hit","frame":{"millis":51372,"tic":1798},"actor":{"position":{"x":-19921790,"y":-7198407,"z":0,"angle":318767104,"subsector":4566992968},"type":"player","health":14,"armor":45,"id":4567120880},"target":{"position":{"x":-10869399,"y":-2477414,"z":0,"angle":2147483648,"subsector":4566993016},"type":"spectre","health":-5,"id":4567166984}}
{"counter":11279,"type":"killed","frame":{"millis":51372,"tic":1798},"actor":{"position":{"x":-19921790,"y":-7198407,"z":0,"angle":318767104,"subsector":4566992968},"type":"player","health":14,"armor":45,"id":4567120880},"target":{"position":{"x":-10869399,"y":-2477414,"z":0,"angle":2147483648,"subsector":4566993016},"type":"spectre","health":-5,"id":4567166984}}
{"counter":11280,"type":"move","frame":{"millis":51372,"tic":1798},"actor":{"position":{"x":-19921790,"y":-7278468,"z":0,"angle":318767104,"subsector":4566992968},"type":"player","health":14,"armor":45,"id":4567120880}}
{"counter":11281,"type":"move","frame":{"millis":51372,"tic":1798},"actor":{"position":{"x":-7032896,"y":15199296,"z":0,"angle":3221225472,"subsector":4566993176},"type":"shotgun_soldier","health":30,"id":4567139792}}
{"counter":11282,"type":"move","frame":{"millis":51372,"tic":1798},"actor":{"position":{"x":-10842159,"y":-2463215,"z":0,"angle":2147483648,"subsector":4566993016},"type":"spectre","health":-5,"id":4567166984}}
{"counter":11283,"type":"move","frame":{"millis":51400,"tic":1799},"actor":{"position":{"x":-19924796,"y":-7351024,"z":0,"angle":318767104,"subsector":4566992968},"type":"player","health":14,"armor":45,"id":4567120880}}
{"counter":11284,"type":"move","frame":{"millis":51400,"tic":1799},"actor":{"position":{"x":-25992192,"y":27840512,"z":0,"angle":3758096384,"subsector":4566993400},"type":"shotgun_soldier","health":30,"id":4567155368}}
{"counter":11285,"type":"move","frame":{"millis":51400,"tic":1799},"actor":{"position":{"x":-10817473,"y":-2450348,"z":0,"angle":2147483648,"subsector":4566993016},"type":"spectre","health":-5,"id":4567166984}}
{"counter":11286,"type":"move","frame":{"millis":51429,"tic":1800},"actor":{"position":{"x":-19924796,"y":-7351024,"z":0,"angle":318767104,"subsector":4566992968},"type":"player","health":14,"armor":45,"id":4567120880}}
{"counter":11287,"type":"move","frame":{"millis":51429,"tic":1800},"actor":{"position":{"x":-19929350,"y":-7417700,"z":0,"angle":318767104,"subsector":4566992968},"type":"player","health":14,"armor":45,"id":4567120880}}
{"counter":11288,"type":"move","frame":{"millis":51429,"tic":1800},"actor":{"position":{"x":-13774272,"y":84510912,"z":0,"angle":1610612736,"subsector":4566996760},"type":"soldier","health":20,"id":4567138472}}
{"counter":11289,"type":"move","frame":{"millis":51429,"tic":1800},"actor":{"position":{"x":-17248704,"y":54748608,"z":0,"angle":2147483648,"subsector":4566993320},"type":"soldier","health":20,"id":4567138736}}
{"counter":11290,"type":"move","frame":{"millis":51429,"tic":1800},"actor":{"position":{"x":-5407232,"y":82064384,"z":0,"angle":2147483648,"subsector":4566996760},"type":"shotgun_soldier","health":30,"id":4567155104}}
{"counter":11291,"type":"move","frame":{"millis":51429,"tic":1800},"actor":{"position":{"x":-12805568,"y":25001920,"z":0,"angle":2684354560,"subsector":4566993432},"type":"shotgun_soldier","health":30,"id":4567155632}}
{"counter":11292,"type":"move","frame":{"millis":51429,"tic":1800},"actor":{"position":{"x":-25181888,"y":52577088,"z":0,"angle":0,"subsector":4566993384},"type":"shotgun_soldier","health":30,"id":4567155896}}
{"counter":11293,"type":"move","frame":{"millis":51429,"tic":1800},"actor":{"position":{"x":-10795102,"y":-2438688,"z":0,"angle":2147483648,"subsector":4566993016},"type":"spectre","health":-5,"id":4567166984}}
{"counter":11294,"type":"move","frame":{"millis":51458,"tic":1801},"actor":{"position":{"x":-19929350,"y":-7417700,"z":0,"angle":318767104,"subsector":4566992968},"type":"player","health":14,"armor":45,"id":4567120880}}
{"counter":11295,"type":"move","frame":{"millis":51458,"tic":1801},"actor":{"position":{"x":-19937136,"y":-7479969,"z":0,"angle":318767104,"subsector":4566992968},"type":"player","health":14,"armor":45,"id":4567120880}}
{"counter":11296,"type":"move","frame":{"millis":51458,"tic":1801},"actor":{"position":{"x":-3262336,"y":79077504,"z":0,"angle":2147483648,"subsector":4566996760},"type":"soldier","health":20,"id":4567139000}}
{"counter":11297,"type":"move","frame":{"millis":51458,"tic":1801},"actor":{"position":{"x":-7032896,"y":14675008,"z":0,"angle":3221225472,"subsector":4566993176},"type":"shotgun_soldier","health":30,"id":4567139792}}
{"counter":11298,"type":"move","frame":{"millis":51458,"tic":1801},"actor":{"position":{"x":-10774829,"y":-2428122,"z":0,"angle":2147483648,"subsector":4566993016},"type":"spectre","health":-5,"id":4567166984}}
{"counter":11299,"type":"move","frame":{"millis":51486,"tic":1802},"actor":{"position":{"x":-19937136,"y":-7479969,"z":0,"angle":318767104,"subsector":4566992968},"type":"player","health":14,"armor":45,"id":4567120880}}
{"counter":11300,"type":"move","frame":{"millis":51486,"tic":1802},"actor":{"position":{"x":-19947851,"y":-7538244,"z":0,"angle":318767104,"subsector":4566992968},"type":"player","health":14,"armor":45,"id":4567120880}}
{"counter":11301,"type":"move","frame":{"millis":51486,"tic":1802},"actor":{"position":{"x":-25616192,"y":27464512,"z":0,"angle":3758096384,"subsector":4566993400},"type":"shotgun_soldier","health":30,"id":4567155368}}
{"counter":11302,"type":"move","frame":{"millis":51486,"tic":1802},"actor":{"position":{"x":-10756457,"y":-2418547,"z":0,"angle":2147483648,"subsector":4566993016},"type":"spectre","health":-5,"id":4567166984}}
{"counter":11303,"type":"move","frame":{"millis":51515,"tic":1803},"actor":{"position":{"x":-19947851,"y":-7538244,"z":0,"angle":318767104,"subsector":4566992968},"type":"player","health":14,"armor":45,"id":4567120880}}
{"counter":11304,"type":"move","frame":{"millis":51515,"tic":1803},"actor":{"position":{"x":-19961220,"y":-7592899,"z":0,"angle":318767104,"subsector":4566992968},"type":"player","health":14,"armor":45,"id":4567120880}}
{"counter":11305,"type":"move","frame":{"millis":51515,"tic":1803},"actor":{"position":{"x":-5931520,"y":82064384,"z":0,"angle":2147483648,"subsector":4566996760},"type":"shotgun_soldier","health":30,"id":4567155104}}
{"counter":11306,"type":"move","frame":{"millis":51515,"tic":1803},"actor":{"position":{"x":-13181568,"y":24625920,"z":0,"angle":2684354560,"subsector":4566993432},"type":"shotgun_soldier","health":30,"id":4567155632}}
{"counter":11307,"type":"move","frame":{"millis":51515,"tic":1803},"actor":{"position":{"x":-24657600,"y":52577088,"z":0,"angle":0,"subsector":4566993384},"type":"shotgun_soldier","health":30,"id":4567155896}}
{"counter":11308,"type":"move","frame":{"millis":51515,"tic":1803},"actor":{"position":{"x":-10739808,"y":-2409870,"z":0,"angle":2147483648,"subsector":4566993016},"type":"spectre","health":-5,"id":4567166984}}
{"counter":11309,"type":"move","frame":{"millis":51543,"tic":1804},"actor":{"position":{"x":-19961220,"y":-7592899,"z":0,"angle":318767104,"subsector":4566992968},"type":"player","health":14,"armor":45,"id":4567120880}}
{"counter":11310,"type":"move","frame":{"millis":51543,"tic":1804},"actor":{"position":{"x":-19975165,"y":-7643353,"z":0,"angle":318767104,"subsector":4566992968},"type":"player","health":14,"armor":45,"id":4567120880}}
{"counter":11311,"type":"move","frame":{"millis":51543,"tic":1804},"actor":{"position":{"x":-14150272,"y":84134912,"z":0,"angle":1610612736,"subsector":4566996760},"type":"soldier","health":20,"id":4567138472}}
{"counter":11312,"type":"move","frame":{"millis":51543,"tic":1804},"actor":{"position":{"x":-17624704,"y":54372608,"z":0,"angle":2684354560,"subsector":4566993320},"type":"soldier","health":20,"id":4567138736}}
{"counter":11313,"type":"move","frame":{"millis":51543,"tic":1804},"actor":{"position":{"x":-7032896,"y":14150720,"z":0,"angle":3221225472,"subsector":4566993176},"type":"shotgun_soldier","health":30,"id":4567139792}}
{"counter":11314,"type":"move","frame":{"millis":51543,"tic":1804},"actor":{"position":{"x":-10724720,"y":-2402007,"z":0,"angle":2147483648,"subsector":4566993016},"type":"spectre","health":-5,"id":4567166984}}
{"counter":11315,"type":"move","frame":{"millis":51572,"tic":1805},"actor":{"position":{"x":-19975165,"y":-7643353,"z":0,"angle":335544320,"subsector":4566992968},"type":"player","health":14,"armor":45,"id":4567120880}}
{"counter":11316,"type":"move","frame":{"millis":51572,"tic":1805},"actor":{"position":{"x":-19989609,"y":-7690044,"z":0,"angle":335544320,"subsector":4566992968},"type":"player","health":14,"armor":45,"id":4567120880}}
{"counter":11317,"type":"move","frame":{"millis":51572,"tic":1805},"actor":{"position":{"x":-3786624,"y":79077504,"z":0,"angle":2147483648,"subsector":4566996760},"type":"soldier","health":20,"id":4567139000}}
{"counter":11318,"type":"move","frame":{"millis":51572,"tic":1805},"actor":{"position":{"x":-25240192,"y":27088512,"z":0,"angle":3758096384,"subsector":4566993400},"type":"shotgun_soldier","health":30,"id":4567155368}}
{"counter":11319,"type":"move","frame":{"millis":51572,"tic":1805},"actor":{"position":{"x":-10711047,"y":-2394882,"z":0,"angle":2147483648,"subsector":4566993016},"type":"spectre","health":-5,"id":4567166984}}
{"counter":11320,"type":"move","frame":{"millis":51600,"tic":1806},"actor":{"position":{"x":-19989609,"y":-7690044,"z":0,"angle":335544320,"subsector":4566992968},"type":"player","health":14,"armor":45,"id":4567120880}}
{"counter":11321,"type":"move","frame":{"millis":51600,"tic":1806},"actor":{"position":{"x":-20004505,"y":-7733325,"z":0,"angle":335544320,"subsector":4566992968},"type":"player","health":14,"armor":45,"id":4567120880}}
{"counter":11322,"type":"move","frame":{"millis":51600,"tic":1806},"actor":{"position":{"x":-6455808,"y":82064384,"z":0,"angle":2147483648,"subsector":4566996760},"type":"shotgun_soldier","health":30,"id":4567155104}}
{"counter":11323,"type":"move","frame":{"millis":51600,"tic":1806},"actor":{"position":{"x":-13705856,"y":24625920,"z":0,"angle":2684354560,"subsector":4566993432},"type":"shotgun_soldier","health":30,"id":4567155632}}
{"counter":11324,"type":"move","frame":{"millis":51600,"tic":1806},"actor":{"position":{"x":-24133312,"y":52577088,"z":0,"angle":0,"subsector":4566993384},"type":"shotgun_soldier","health":30,"id":4567155896}}
{"counter":11325,"type":"move","frame":{"millis":51600,"tic":1806},"actor":{"position":{"x":-10698656,"y":-2388425,"z":0,"angle":2147483648,"subsector":4566993016},"type":"spectre","health":-5,"id":4567166984}}
{"counter":11326,"type":"move","frame":{"millis":51629,"tic":1807},"actor":{"position":{"x":-20018005,"y":-7772549,"z":0,"angle":335544320,"subsector":4566992968},"type":"player","health":14,"armor":45,"id":4567120880}}
{"counter":11327,"type":"move","frame":{"millis":51629,"tic":1807},"actor":{"position":{"x":-7408896,"y":13774720,"z":0,"angle":3221225472,"subsector":4566993176},"type":"shotgun_soldier","health":30,"id":4567139792}}
{"counter":11328,"type":"move","frame":{"millis":51629,"tic":1807},"actor":{"position":{"x":-10687427,"y":-2382574,"z":0,"angle":2147483648,"subsector":4566993016},"type":"spectre","health":-5,"id":4567166984}}
{"counter":11329,"type":"move","frame":{"millis":51658,"tic":1808},"actor":{"position":{"x":-20018005,"y":-7772549,"z":0,"angle":335544320,"subsector":4566992968},"type":"player","health":14,"armor":45,"id":4567120880}}
{"counter":11330,"type":"move","frame":{"millis":51658,"tic":1808},"actor":{"position":{"x":-20028435,"y":-7807130,"z":0,"angle":335544320,"subsector":4566992968},"type":"player","health":14,"armor":45,"id":4567120880}}
{"counter":11331,"type":"move","frame":{"millis":51658,"tic":1808},"actor":{"position":{"x":-14526272,"y":83758912,"z":0,"angle":2147483648,"subsector":4566996760},"type":"soldier","health":20,"id":4567138472}}
{"counter":11332,"type":"move","frame":{"millis":51658,"tic":1808},"actor":{"position":{"x":-18000704,"y":53996608,"z":0,"angle":2684354560,"subsector":4566993320},"type":"soldier","health":20,"id":4567138736}}
{"counter":11333,"type":"move","frame":{"millis":51658,"tic":1808},"actor":{"position":{"x":-24864192,"y":26712512,"z":0,"angle":3758096384,"subsector":4566993432},"type":"shotgun_soldier","health":30,"id":4567155368}}
{"counter":11334,"type":"move","frame":{"millis":51658,"tic":1808},"actor":{"position":{"x":-10677251,"y":-2377272,"z":0,"angle":2147483648,"subsector":4566993016},"type":"spectre","health":-5,"id":4567166984}}
{"counter":11335,"type":"move","frame":{"millis":51686,"tic":1809},"actor":{"position":{"x":-20028435,"y":-7807130,"z":0,"angle":335544320,"subsector":4566992968},"type":"player","health":14,"armor":45,"id":4567120880}}
{"counter":11336,"type":"move","frame":{"millis":51686,"tic":1809},"actor":{"position":{"x":-20025248,"y":-7831708,"z":0,"angle":335544320,"subsector":4566992968},"type":"player","health":14,"armor":45,"id":4567120880}}
{"counter":11337,"type":"move","frame":{"millis":51686,"tic":1809},"actor":{"position":{"x":-4310912,"y":79077504,"z":0,"angle":2147483648,"subsector":4566996760},"type":"soldier","health":20,"id":4567139000}}
{"counter":11338,"type":"move","frame":{"millis":51686,"tic":1809},"actor":{"position":{"x":-6980096,"y":82064384,"z":0,"angle":2147483648,"subsector":4566996760},"type":"shotgun_soldier","health":30,"id":4567155104}}
{"counter":11339,"type":"move","frame":{"millis":51686,"tic":1809},"actor":{"position":{"x":-14230144,"y":24625920,"z":0,"angle":2147483648,"subsector":4566993432},"type":"shotgun_soldier","health":30,"id":4567155632}}
{"counter":11340,"type":"move","frame":{"millis":51686,"tic":1809},"actor":{"position":{"x":-23609024,"y":52577088,"z":0,"angle":0,"subsector":4566993384},"type":"shotgun_soldier","health":30,"id":4567155896}}
{"counter":11341,"type":"move","frame":{"millis":51686,"tic":1809},"actor":{"position":{"x":-10668029,"y":-2372468,"z":0,"angle":2147483648,"subsector":4566993016},"type":"spectre","health":-5,"id":4567166984}}
{"counter":11342,"type":"move","frame":{"millis":51715,"tic":1810},"actor":{"position":{"x":-20025248,"y":-7831708,"z":0,"angle":335544320,"subsector":4566992968},"type":"player","health":14,"armor":45,"id":4567120880}}
{"counter":11343,"type":"move","frame":{"millis":51715,"tic":1810},"actor":{"position":{"x":-20020555,"y":-7853016,"z":0,"angle":335544320,"subsector":4566992968},"type":"player","health":14,"armor":45,"id":4567120880}}
{"counter":11344,"type":"move","frame":{"millis":51715,"tic":1810},"actor":{"position":{"x":-7784896,"y":13398720,"z":0,"angle":2684354560,"subsector":4566993176},"type":"shotgun_soldier","health":30,"id":4567139792}}
{"counter":11345,"type":"move","frame":{"millis":51715,"tic":1810},"actor":{"position":{"x":-10659672,"y":-2368115,"z":0,"angle":2147483648,"subsector":4566993016},"type":"spectre","health":-5,"id":4567166984}}
{"counter":11346,"type":"move","frame":{"millis":51743,"tic":1811},"actor":{"position":{"x":-20016302,"y":-7872327,"z":0,"angle":335544320,"subsector":4566992968},"type":"player","health":14,"armor":45,"id":4567120880}}
{"counter":11347,"type":"move","frame":{"millis":51743,"tic":1811},"actor":{"position":{"x":-24488192,"y":26336512,"z":0,"angle":3758096384,"subsector":4566993432},"type":"shotgun_soldier","health":30,"id":4567155368}}
{"counter":11348,"type":"move","frame":{"millis":51743,"tic":1811},"actor":{"position":{"x":-10652099,"y":-2364171,"z":0,"angle":2147483648,"subsector":4566993016},"type":"spectre","health":-5,"id":4567166984}}
{"counter":11349,"type":"move","frame":{"millis":51772,"tic":1812},"actor":{"position":{"x":-20016302,"y":-7872327,"z":0,"angle":335544320,"subsector":4566992968},"type":"player","health":14,"armor":45,"id":4567120880}}
{"counter":11350,"type":"move","frame":{"millis":51773,"tic":1812},"actor":{"position":{"x":-19967304,"y":-7865676,"z":0,"angle":335544320,"subsector":4566992968},"type":"player","health":14,"armor":45,"id":4567120880}}
{"counter":11351,"type":"move","frame":{"millis":51773,"tic":1812},"actor":{"position":{"x":-14902272,"y":83382912,"z":0,"angle":2684354560,"subsector":4566996760},"type":"soldier","health":20,"id":4567138472}}
{"counter":11352,"type":"move","frame":{"millis":51773,"tic":1812},"actor":{"position":{"x":-18376704,"y":53620608,"z":0,"angle":2684354560,"subsector":4566993320},"type":"soldier","health":20,"id":4567138736}}
{"counter":11353,"type":"move","frame":{"millis":51773,"tic":1812},"actor":{"position":{"x":-7504384,"y":82064384,"z":0,"angle":2147483648,"subsector":4566996760},"type":"shotgun_soldier","health":30,"id":4567155104}}
{"counter":11354,"type":"move","frame":{"millis":51773,"tic":1812},"actor":{"position":{"x":-14754432,"y":24625920,"z":0,"angle":2147483648,"subsector":4566993432},"type":"shotgun_soldier","health":30,"id":4567155632}}
{"counter":11355,"type":"move","frame":{"millis":51773,"tic":1812},"actor":{"position":{"x":-23084736,"y":52577088,"z":0,"angle":0,"subsector":4566993384},"type":"shotgun_soldier","health":30,"id":4567155896}}
{"counter":11356,"type":"move","frame":{"millis":51773,"tic":1812},"actor":{"position":{"x":-10645236,"y":-2360597,"z":0,"angle":2147483648,"subsector":4566993016},"type":"spectre","health":-5,"id":4567166984}}
{"counter":11357,"type":"move","frame":{"millis":51801,"tic":1813},"actor":{"position":{"x":-19967304,"y":-7865676,"z":0,"angle":352321536,"subsector":4566992968},"type":"player","health":14,"armor":45,"id":4567120880}}
{"counter":11358,"type":"move","frame":{"millis":51801,"tic":1813},"actor":{"position":{"x":-19833824,"y":-7809143,"z":0,"angle":352321536,"subsector":4566992968},"type":"player","health":14,"armor":45,"id":4567120880}}
{"counter":11359,"type":"move","frame":{"millis":51801,"tic":1813},"actor":{"position":{"x":-3934912,"y":79453504,"z":0,"angle":2147483648,"subsector":4566996760},"type":"soldier","health":20,"id":4567139000}}
{"counter":11360,"type":"move","frame":{"millis":51801,"tic":1813},"actor":{"position":{"x":-8160896,"y":13022720,"z":0,"angle":2684354560,"subsector":4566993176},"type":"shotgun_soldier","health":30,"id":4567139792}}
{"counter":11361,"type":"move","frame":{"millis":51801,"tic":1813},"actor":{"position":{"x":-10639017,"y":-2357359,"z":0,"angle":2147483648,"subsector":4566993016},"type":"spectre","health":-5,"id":4567166984}}
{"counter":11362,"type":"move","frame":{"millis":51829,"tic":1814},"actor":{"position":{"x":-19833824,"y":-7809143,"z":0,"angle":369098752,"subsector":4566992968},"type":"player","health":14,"armor":45,"id":4567120880}}
{"counter":11363,"type":"move","frame":{"millis":51829,"tic":1814},"actor":{"position":{"x":-19625048,"y":-7705234,"z":0,"angle":369098752,"subsector":4566992968},"type":"player","health":14,"armor":45,"id":4567120880}}
{"counter":11364,"type":"move","frame":{"millis":51829,"tic":1814},"actor":{"position":{"x":-24112192,"y":25960512,"z":0,"angle":3758096384,"subsector":4566993432},"type":"shotgun_soldier","health":30,"id":4567155368}}
{"counter":11365,"type":"move","frame":{"millis":51829,"tic":1814},"actor":{"position":{"x":-10633382,"y":-2354425,"z":0,"angle":2147483648,"subsector":4566993016},"type":"spectre","health":-5,"id":4567166984}}
{"counter":11366,"type":"move","frame":{"millis":51859,"tic":1815},"actor":{"position":{"x":-19625048,"y":-7705234,"z":0,"angle":385875968,"subsector":4566992968},"type":"player","health":14,"armor":45,"id":4567120880}}
{"counter":11367,"type":"move","frame":{"millis":51859,"tic":1815},"actor":{"position":{"x":-19349355,"y":-7556252,"z":0,"angle":385875968,"subsector":4566992968},"type":"player","health":14,"armor":45,"id":4567120880}}
{"counter":11368,"type":"move","frame":{"millis":51859,"tic":1815},"actor":{"position":{"x":-8028672,"y":82064384,"z":0,"angle":2147483648,"subsector":4566996760},"type":"shotgun_soldier","health":30,"id":4567155104}}
{"counter":11369,"type":"move","frame":{"millis":51859,"tic":1815},"actor":{"position":{"x":-15278720,"y":24625920,"z":0,"angle":2147483648,"subsector":4566993432},"type":"shotgun_soldier","health":30,"id":4567155632}}
{"counter":11370,"type":"move","frame":{"millis":51859,"tic":1815},"actor":{"position":{"x":-22560448,"y":52577088,"z":0,"angle":0,"subsector":4566993384},"type":"shotgun_soldier","health":30,"id":4567155896}}
{"counter":11371,"type":"move","frame":{"millis":51859,"tic":1815},"actor":{"position":{"x":-10628276,"y":-2351767,"z":0,"angle":2147483648,"subsector":4566993016},"type":"spectre","health":-5,"id":4567166984}}
{"counter":11372,"type":"move","frame":{"millis":51886,"tic":1816},"actor":{"position":{"x":-19349355,"y":-7556252,"z":0,"angle":402653184,"subsector":4566992968},"type":"player","health":14,"armor":45,"id":4567120880}}
{"counter":11373,"type":"move","frame":{"millis":51886,"tic":1816},"actor":{"position":{"x":-19014389,"y":-7364317,"z":0,"angle":402653184,"subsector":4566992968},"type":"player","health":14,"armor":45,"id":4567120880}}
{"counter":11374,"type":"move","frame":{"millis":51886,"tic":1816},"actor":{"position":{"x":-15278272,"y":83006912,"z":0,"angle":2684354560,"subsector":4566996760},"type":"soldier","health":20,"id":4567138472}}
{"counter":11375,"type":"move","frame":{"millis":51886,"tic":1816},"actor":{"position":{"x":-18752704,"y":53244608,"z":0,"angle":2684354560,"subsector":4566993320},"type":"soldier","health":20,"id":4567138736}}
{"counter":11376,"type":"move","frame":{"millis":51886,"tic":1816},"actor":{"position":{"x":-8536896,"y":12646720,"z":0,"angle":2684354560,"subsector":4566993176},"type":"shotgun_soldier","health":30,"id":4567139792}}
{"counter":11377,"type":"move","frame":{"millis":51886,"tic":1816},"actor":{"position":{"x":-10623649,"y":-2349359,"z":0,"angle":2147483648,"subsector":4566993016},"type":"spectre","health":-5,"id":4567166984}}
{"counter":11378,"type":"move","frame":{"millis":51915,"tic":1817},"actor":{"position":{"x":-19014389,"y":-7364317,"z":0,"angle":419430400,"subsector":4566992968},"type":"player","health":14,"armor":45,"id":4567120880}}
{"counter":11379,"type":"move","frame":{"millis":51915,"tic":1817},"actor":{"position":{"x":-18627131,"y":-7131383,"z":0,"angle":419430400,"subsector":4566992968},"type":"player","health":14,"armor":45,"id":4567120880}}
{"counter":11380,"type":"move","frame":{"millis":51915,"tic":1817},"actor":{"position":{"x":-3558912,"y":79829504,"z":0,"angle":1610612736,"subsector":4566996760},"type":"soldier","health":20,"id":4567139000}}
{"counter":11381,"type":"move","frame":{"millis":51915,"tic":1817},"actor":{"position":{"x":-23736192,"y":25584512,"z":0,"angle":3758096384,"subsector":4566993432},"type":"shotgun_soldier","health":30,"id":4567155368}}
{"counter":11382,"type":"move","frame":{"millis":51915,"tic":1817},"actor":{"position":{"x":-10619456,"y":-2347177,"z":0,"angle":2147483648,"subsector":4566993016},"type":"spectre","health":-5,"id":4567166984}}
{"counter":11383,"type":"move","frame":{"millis":51944,"tic":1818},"actor":{"position":{"x":-18627131,"y":-7131383,"z":0,"angle":436207616,"subsector":4566992968},"type":"player","health":14,"armor":45,"id":4567120880}}
{"counter":11384,"type":"move","frame":{"millis":51944,"tic":1818},"actor":{"position":{"x":-18193954,"y":-6859258,"z":0,"angle":436207616,"subsector":4566992968},"type":"player","health":14,"armor":45,"id":4567120880}}
{"counter":11385,"type":"move","frame":{"millis":51944,"tic":1818},"actor":{"position":{"x":-8552960,"y":82064384,"z":0,"angle":2147483648,"subsector":4566996760},"type":"shotgun_soldier","health":30,"id":4567155104}}
{"counter":11386,"type":"move","frame":{"millis":51944,"tic":1818},"actor":{"position":{"x":-15803008,"y":24625920,"z":0,"angle":2147483648,"subsector":4566993432},"type":"shotgun_soldier","health":30,"id":4567155632}}
{"counter":11387,"type":"move","frame":{"millis":51944,"tic":1818},"actor":{"position":{"x":-22936448,"y":52953088,"z":0,"angle":0,"subsector":4566993384},"type":"shotgun_soldier","health":30,"id":4567155896}}
{"counter":11388,"type":"move","frame":{"millis":51944,"tic":1818},"actor":{"position":{"x":-10615657,"y":-2345200,"z":0,"angle":2147483648,"subsector":4566993016},"type":"spectre","health":-5,"id":4567166984}}
{"counter":11389,"type":"move","frame":{"millis":51972,"tic":1819},"actor":{"position":{"x":-18193954,"y":-6859258,"z":0,"angle":452984832,"subsector":4566992968},"type":"player","health":14,"armor":45,"id":4567120880}}
{"counter":11390,"type":"move","frame":{"millis":51972,"tic":1819},"actor":{"position":{"x":-17720687,"y":-6549616,"z":0,"angle":452984832,"subsector":4566992968},"type":"player","health":14,"armor":45,"id":4567120880}}
{"counter":11391,"type":"move","frame":{"millis":51972,"tic":1819},"actor":{"position":{"x":-8912896,"y":12270720,"z":0,"angle":2684354560,"subsector":4566993176},"type":"shotgun_soldier","health":30,"id":4567139792}}
{"counter":11392,"type":"move","frame":{"millis":52001,"tic":1820},"actor":{"position":{"x":-17720687,"y":-6549616,"z":0,"angle":469762048,"subsector":4566992968},"type":"player","health":14,"armor":45,"id":4567120880}}
{"counter":11393,"type":"move","frame":{"millis":52001,"tic":1820},"actor":{"position":{"x":-17212658,"y":-6204011,"z":0,"angle":469762048,"subsector":4566992968},"type":"player","health":14,"armor":45,"id":4567120880}}
{"counter":11394,"type":"move","frame":{"millis":52001,"tic":1820},"actor":{"position":{"x":-15654272,"y":82630912,"z":0,"angle":2684354560,"subsector":4566996760},"type":"soldier","health":20,"id":4567138472}}
{"counter":11395,"type":"move","frame":{"millis":52001,"tic":1820},"actor":{"position":{"x":-19128704,"y":52868608,"z":0,"angle":2684354560,"subsector":4566993320},"type":"soldier","health":20,"id":4567138736}}
{"counter":11396,"type":"move","frame":{"millis":52001,"tic":1820},"actor":{"position":{"x":-23360192,"y":25208512,"z":0,"angle":3758096384,"subsector":4566993432},"type":"shotgun_soldier","health":30,"id":4567155368}}
{"counter":11397,"type":"move","frame":{"millis":52030,"tic":1821},"actor":{"position":{"x":-17212658,"y":-6204011,"z":0,"angle":486539264,"subsector":4566992968},"type":"player","health":14,"armor":45,"id":4567120880}}
{"counter":11398,"type":"move","frame":{"millis":52030,"tic":1821},"actor":{"position":{"x":-16674745,"y":-5823893,"z":0,"angle":486539264,"subsector":4566992968},"type":"player","health":14,"armor":45,"id":4567120880}}
{"counter":11399,"type":"move","frame":{"millis":52030,"tic":1821},"actor":{"position":{"x":-3182912,"y":80205504,"z":0,"angle":1073741824,"subsector":4566996760},"type":"soldier","health":20,"id":4567139000}}
{"counter":11400,"type":"move","frame":{"millis":52030,"tic":1821},"actor":{"position":{"x":-9077248,"y":82064384,"z":0,"angle":2147483648,"subsector":4566996760},"type":"shotgun_soldier","health":30,"id":4567155104}}
{"counter":11401,"type":"move","frame":{"millis":52030,"tic":1821},"actor":{"position":{"x":-16327296,"y":24625920,"z":0,"angle":2147483648,"subsector":4566993432},"type":"shotgun_soldier","health":30,"id":4567155632}}
{"counter":11402,"type":"move","frame":{"millis":52030,"tic":1821},"actor":{"position":{"x":-23312448,"y":53329088,"z":0,"angle":536870912,"subsector":4566993384},"type":"shotgun_soldier","health":30,"id":4567155896}}
{"counter":11403,"type":"move","frame":{"millis":52058,"tic":1822},"actor":{"position":{"x":-16674745,"y":-5823893,"z":0,"angle":503316480,"subsector":4566992968},"type":"player","health":14,"armor":45,"id":4567120880}}
{"counter":11404,"type":"move","frame":{"millis":52058,"tic":1822},"actor":{"position":{"x":-16111416,"y":-5410617,"z":0,"angle":503316480,"subsector":4566993016},"type":"player","health":14,"armor":45,"id":4567120880}}
{"counter":11405,"type":"move","frame":{"millis":52058,"tic":1822},"actor":{"position":{"x":-9288896,"y":11894720,"z":0,"angle":2684354560,"subsector":4566993176},"type":"shotgun_soldier","health":30,"id":4567139792}}
{"counter":11406,"type":"move","frame":{"millis":52086,"tic":1823},"actor":{"position":{"x":-16111416,"y":-5410617,"z":0,"angle":520093696,"subsector":4566993016},"type":"player","health":14,"armor":45,"id":4567120880}}
{"counter":11407,"type":"move","frame":{"millis":52086,"tic":1823},"actor":{"position":{"x":-15526766,"y":-4965451,"z":0,"angle":520093696,"subsector":4566993016},"type":"player","health":14,"armor":45,"id":4567120880}}
{"counter":11408,"type":"move","frame":{"millis":52086,"tic":1823},"actor":{"position":{"x":-22984192,"y":24832512,"z":0,"angle":3758096384,"subsector":4566993432},"type":"shotgun_soldier","health":30,"id":4567155368}}
{"counter":11409,"type":"move","frame":{"millis":52116,"tic":1824},"actor":{"position":{"x":-15526766,"y":-4965451,"z":0,"angle":536870912,"subsector":4566993016},"type":"player","health":14,"armor":45,"id":4567120880}}
{"counter":11410,"type":"move","frame":{"millis":52116,"tic":1824},"actor":{"position":{"x":-14924548,"y":-4489586,"z":0,"angle":536870912,"subsector":4566993016},"type":"player","health":14,"armor":45,"id":4567120880}}
{"counter":11411,"type":"move","frame":{"millis":52116,"tic":1824},"actor":{"position":{"x":-16030272,"y":82254912,"z":0,"angle":2684354560,"subsector":4566996760},"type":"soldier","health":20,"id":4567138472}}
{"counter":11412,"type":"move","frame":{"millis":52116,"tic":1824},"actor":{"position":{"x":-18604416,"y":52868608,"z":0,"angle":2684354560,"subsector":4566993320},"type":"soldier","health":20,"id":4567138736}}
{"counter":11413,"type":"move","frame":{"millis":52116,"tic":1824},"actor":{"position":{"x":-9601536,"y":82064384,"z":0,"angle":2147483648,"subsector":4566996760},"type":"shotgun_soldier","health":30,"id":4567155104}}
{"counter":11414,"type":"move","frame":{"millis":52116,"tic":1824},"actor":{"position":{"x":-16851584,"y":24625920,"z":0,"angle":2147483648,"subsector":4566993432},"type":"shotgun_soldier","health":30,"id":4567155632}}
{"counter":11415,"type":"move","frame":{"millis":52116,"tic":1824},"actor":{"position":{"x":-23688448,"y":53705088,"z":0,"angle":1073741824,"subsector":4566993384},"type":"shotgun_soldier","health":30,"id":4567155896}}
{"counter":11416,"type":"move","frame":{"millis":52143,"tic":1825},"actor":{"position":{"x":-14924548,"y":-4489586,"z":0,"angle":553648128,"subsector":4566993016},"type":"player","health":14,"armor":45,"id":4567120880}}
{"counter":11417,"type":"move","frame":{"millis":52143,"tic":1825},"actor":{"position":{"x":-14308209,"y":-3984145,"z":0,"angle":553648128,"subsector":4566993016},"type":"player","health":14,"armor":45,"id":4567120880}}
{"counter":11418,"type":"move","frame":{"millis":52143,"tic":1825},"actor":{"position":{"x":-2806912,"y":80581504,"z":0,"angle":536870912,"subsector":4566996760},"type":"soldier","health":20,"id":4567139000}}
{"counter":11419,"type":"move","frame":{"millis":52143,"tic":1825},"actor":{"position":{"x":-9664896,"y":11518720,"z":0,"angle":2684354560,"subsector":4566993176},"type":"shotgun_soldier","health":30,"id":4567139792}}
{"counter":11420,"type":"move","frame":{"millis":52172,"tic":1826},"actor":{"position":{"x":-14308209,"y":-3984145,"z":0,"angle":570425344,"subsector":4566993016},"type":"player","health":14,"armor":45,"id":4567120880}}
{"counter":11421,"type":"move","frame":{"millis":52172,"tic":1826},"actor":{"position":{"x":-13680915,"y":-3450192,"z":0,"angle":570425344,"subsector":4566993016},"type":"player","health":14,"armor":45,"id":4567120880}}
{"counter":11422,"type":"move","frame":{"millis":52172,"tic":1826},"actor":{"position":{"x":-22608192,"y":24456512,"z":0,"angle":3758096384,"subsector":4566993432},"type":"shotgun_soldier","health":30,"id":4567155368}}
{"counter":11423,"type":"move","frame":{"millis":52200,"tic":1827},"actor":{"position":{"x":-13680915,"y":-3450192,"z":0,"angle":587202560,"subsector":4566993016},"type":"player","health":14,"armor":45,"id":4567120880}}
{"counter":11424,"type":"move","frame":{"millis":52200,"tic":1827},"actor":{"position":{"x":-13045576,"y":-2888736,"z":0,"angle":587202560,"subsector":4566993016},"type":"player","health":14,"armor":45,"id":4567120880}}
{"counter":11425,"type":"move","frame":{"millis":52200,"tic":1827},"actor":{"position":{"x":-10125824,"y":82064384,"z":0,"angle":2147483648,"subsector":4566996760},"type":"shotgun_soldier","health":30,"id":4567155104}}
{"counter":11426,"type":"move","frame":{"millis":52200,"tic":1827},"actor":{"position":{"x":-17375872,"y":24625920,"z":0,"angle":2147483648,"subsector":4566993432},"type":"shotgun_soldier","health":30,"id":4567155632}}
{"counter":11427,"type":"move","frame":{"millis":52200,"tic":1827},"actor":{"position":{"x":-24064448,"y":54081088,"z":0,"angle":1610612736,"subsector":4566993384},"type":"shotgun_soldier","health":30,"id":4567155896}}
{"counter":11428,"type":"move","frame":{"millis":52229,"tic":1828},"actor":{"position":{"x":-13045576,"y":-2888736,"z":0,"angle":620756992,"subsector":4566993016},"type":"player","health":14,"armor":45,"id":4567120880}}
{"counter":11429,"type":"move","frame":{"millis":52229,"tic":1828},"actor":{"position":{"x":-12406833,"y":-2299167,"z":0,"angle":620756992,"subsector":4566993016},"type":"player","health":14,"armor":45,"id":4567120880}}
{"counter":11430,"type":"move","frame":{"millis":52229,"tic":1828},"actor":{"position":{"x":-16406272,"y":81878912,"z":0,"angle":2684354560,"subsector":4566996760},"type":"soldier","health":20,"id":4567138472}}
{"counter":11431,"type":"move","frame":{"millis":52229,"tic":1828},"actor":{"position":{"x":-18080128,"y":52868608,"z":0,"angle":3221225472,"subsector":4566993320},"type":"soldier","health":20,"id":4567138736}}
{"counter":11432,"type":"move","frame":{"millis":52229,"tic":1828},"actor":{"position":{"x":-10040896,"y":11142720,"z":0,"angle":2684354560,"subsector":4566993176},"type":"shotgun_soldier","health":30,"id":4567139792}}
{"counter":11433,"type":"move","frame":{"millis":52259,"tic":1829},"actor":{"position":{"x":-12406833,"y":-2299167,"z":0,"angle":687865856,"subsector":4566993016},"type":"player","health":14,"armor":45,"id":4567120880}}
{"counter":11434,"type":"move","frame":{"millis":52259,"tic":1829},"actor":{"position":{"x":-11773223,"y":-1678339,"z":0,"angle":687865856,"subsector":4566993016},"type":"player","health":14,"armor":45,"id":4567120880}}
{"counter":11435,"type":"move","frame":{"millis":52259,"tic":1829},"actor":{"position":{"x":-2430912,"y":80957504,"z":0,"angle":536870912,"subsector":4566996760},"type":"soldier","health":20,"id":4567139000}}
{"counter":11436,"type":"move","frame":{"millis":52259,"tic":1829},"actor":{"position":{"x":-22083904,"y":24456512,"z":0,"angle":3758096384,"subsector":4566993432},"type":"shotgun_soldier","health":30,"id":4567155368}}
{"counter":11437,"type":"move","frame":{"millis":52286,"tic":1830},"actor":{"position":{"x":-11773223,"y":-1678339,"z":0,"angle":687865856,"subsector":4566993016},"type":"player","health":14,"armor":45,"id":4567120880}}
{"counter":11438,"type":"move","frame":{"millis":52286,"tic":1830},"actor":{"position":{"x":-11144264,"y":-1029182,"z":0,"angle":687865856,"subsector":4566993016},"type":"player","health":14,"armor":45,"id":4567120880}}
{"counter":11439,"type":"move","frame":{"millis":52286,"tic":1830},"actor":{"position":{"x":-10650112,"y":82064384,"z":0,"angle":2147483648,"subsector":4566996760},"type":"shotgun_soldier","health":30,"id":4567155104}}
{"counter":11440,"type":"move","frame":{"millis":52286,"tic":1830},"actor":{"position":{"x":-17900160,"y":24625920,"z":0,"angle":2147483648,"subsector":4566993432},"type":"shotgun_soldier","health":30,"id":4567155632}}
{"counter":11441,"type":"move","frame":{"millis":52286,"tic":1830},"actor":{"position":{"x":-24440448,"y":54457088,"z":0,"angle":1610612736,"subsector":4566993384},"type":"shotgun_soldier","health":30,"id":4567155896}}
{"counter":11442,"type":"move","frame":{"millis":52315,"tic":1831},"actor":{"position":{"x":-11144264,"y":-1029182,"z":0,"angle":855638016,"subsector":4566993016},"type":"player","health":14,"armor":45,"id":4567120880}}
{"counter":11443,"type":"move","frame":{"millis":52315,"tic":1831},"actor":{"position":{"x":-10542188,"y":-343641,"z":0,"angle":855638016,"subsector":4566993016},"type":"player","health":14,"armor":45,"id":4567120880}}
{"counter":11444,"type":"attacked","frame":{"millis":52315,"tic":1831},"actor":{"position":{"x":-10040896,"y":11142720,"z":0,"angle":2684354560,"subsector":4566993176},"type":"shotgun_soldier","health":30,"id":4567139792},"target":{"position":{"x":-10542188,"y":-343641,"z":0,"angle":855638016,"subsector":4566993016},"type":"player","health":14,"armor":45,"id":4567120880}}
{"counter":11445,"type":"move","frame":{"millis":52343,"tic":1832},"actor":{"position":{"x":-10542188,"y":-343641,"z":0,"angle":855638016,"subsector":4566993016},"type":"player","health":14,"armor":45,"id":4567120880}}
{"weapon_type":2,"counter":11446,"type":"attacked","frame":{"millis":52343,"tic":1832},"actor":{"position":{"x":-10542188,"y":-343641,"z":0,"angle":855638016,"subsector":4566993016},"type":"player","health":14,"armor":45,"id":4567120880}}
{"counter":11447,"type":"move","frame":{"millis":52343,"tic":1832},"actor":{"position":{"x":-9964475,"y":374873,"z":0,"angle":855638016,"subsector":4566993016},"type":"player","health":14,"armor":45,"id":4567120880}}
{"counter":11448,"type":"move","frame":{"millis":52343,"tic":1832},"actor":{"position":{"x":-16782272,"y":81502912,"z":0,"angle":2684354560,"subsector":4566996760},"type":"soldier","health":20,"id":4567138472}}
{"counter":11449,"type":"move","frame":{"millis":52343,"tic":1832},"actor":{"position":{"x":-17555840,"y":52868608,"z":0,"angle":3758096384,"subsector":4566993320},"type":"soldier","health":20,"id":4567138736}}
{"counter":11450,"type":"move","frame":{"millis":52343,"tic":1832},"actor":{"position":{"x":-21559616,"y":24456512,"z":0,"angle":0,"subsector":4566993432},"type":"shotgun_soldier","health":30,"id":4567155368}}
{"counter":11451,"type":"move","frame":{"millis":52372,"tic":1833},"actor":{"position":{"x":-9964475,"y":374873,"z":0,"angle":905969664,"subsector":4566993016},"type":"player","health":14,"armor":45,"id":4567120880}}
{"counter":11452,"type":"move","frame":{"millis":52372,"tic":1833},"actor":{"position":{"x":-9416081,"y":1125366,"z":0,"angle":905969664,"subsector":4566993176},"type":"player","health":14,"armor":45,"id":4567120880}}
{"counter":11453,"type":"move","frame":{"millis":52372,"tic":1833},"actor":{"position":{"x":-2054912,"y":81333504,"z":0,"angle":536870912,"subsector":4566996760},"type":"soldier","health":20,"id":4567139000}}
{"counter":11454,"type":"move","frame":{"millis":52372,"tic":1833},"actor":{"position":{"x":-11174400,"y":82064384,"z":0,"angle":2147483648,"subsector":4566996760},"type":"shotgun_soldier","health":30,"id":4567155104}}
{"counter":11455,"type":"move","frame":{"millis":52372,"tic":1833},"actor":{"position":{"x":-18424448,"y":24625920,"z":0,"angle":2147483648,"subsector":4566993432},"type":"shotgun_soldier","health":30,"id":4567155632}}
{"counter":11456,"type":"move","frame":{"millis":52372,"tic":1833},"actor":{"position":{"x":-24816448,"y":54833088,"z":0,"angle":1610612736,"subsector":4566993384},"type":"shotgun_soldier","health":30,"id":4567155896}}
{"counter":11457,"type":"move","frame":{"millis":52401,"tic":1834},"actor":{"position":{"x":-9416081,"y":1125366,"z":0,"angle":922746880,"subsector":4566993176},"type":"player","health":14,"armor":45,"id":4567120880}}
{"counter":11458,"type":"move","frame":{"millis":52401,"tic":1834},"actor":{"position":{"x":-8896703,"y":1905420,"z":0,"angle":922746880,"subsector":4566993176},"type":"player","health":14,"armor":45,"id":4567120880}}
{"counter":11459,"type":"move","frame":{"millis":52429,"tic":1835},"actor":{"position":{"x":-8896703,"y":1905420,"z":0,"angle":922746880,"subsector":4566993176},"type":"player","health":14,"armor":45,"id":4567120880}}
{"counter":11460,"type":"move","frame":{"millis":52430,"tic":1835},"actor":{"position":{"x":-8403621,"y":2712263,"z":0,"angle":922746880,"subsector":4566993176},"type":"player","health":14,"armor":45,"id":4567120880}}
{"counter":11461,"type":"move","frame":{"millis":52430,"tic":1835},"actor":{"position":{"x":-21935616,"y":24832512,"z":0,"angle":0,"subsector":4566993432},"type":"shotgun_soldier","health":30,"id":4567155368}}
{"counter":11462,"type":"move","frame":{"millis":52458,"tic":1836},"actor":{"position":{"x":-8403621,"y":2712263,"z":0,"angle":922746880,"subsector":4566993176},"type":"player","health":14,"armor":45,"id":4567120880}}
{"counter":11463,"type":"move","frame":{"millis":52458,"tic":1836},"actor":{"position":{"x":-7944224,"y":3499419,"z":0,"angle":922746880,"subsector":4566993176},"type":"player","health":14,"armor":45,"id":4567120880}}
{"counter":11464,"type":"move","frame":{"millis":52458,"tic":1836},"actor":{"position":{"x":-17158272,"y":81126912,"z":0,"angle":2684354560,"subsector":4566996760},"type":"soldier","health":20,"id":4567138472}}
{"counter":11465,"type":"move","frame":{"millis":52458,"tic":1836},"actor":{"position":{"x":-17031552,"y":52868608,"z":0,"angle":0,"subsector":4566993320},"type":"soldier","health":20,"id":4567138736}}
{"counter":11466,"type":"move","frame":{"millis":52458,"tic":1836},"actor":{"position":{"x":-11698688,"y":82064384,"z":0,"angle":2147483648,"subsector":4566996760},"type":"shotgun_soldier","health":30,"id":4567155104}}
{"counter":11467,"type":"move","frame":{"millis":52458,"tic":1836},"actor":{"position":{"x":-18948736,"y":24625920,"z":0,"angle":2147483648,"subsector":4566993432},"type":"shotgun_soldier","health":30,"id":4567155632}}
{"counter":11468,"type":"move","frame":{"millis":52458,"tic":1836},"actor":{"position":{"x":-25192448,"y":55209088,"z":0,"angle":1610612736,"subsector":4566993384},"type":"shotgun_soldier","health":30,"id":4567155896}}
{"counter":11469,"type":"move","frame":{"millis":52486,"tic":1837},"actor":{"position":{"x":-7944224,"y":3499419,"z":0,"angle":939524096,"subsector":4566993176},"type":"player","health":14,"armor":45,"id":4567120880}}
{"counter":11470,"type":"move","frame":{"millis":52487,"tic":1837},"actor":{"position":{"x":-7522314,"y":4240901,"z":0,"angle":939524096,"subsector":4566993176},"type":"player","health":14,"armor":45,"id":4567120880}}
{"counter":11471,"type":"move","frame":{"millis":52487,"tic":1837},"actor":{"position":{"x":-1678912,"y":81709504,"z":0,"angle":536870912,"subsector":4566996760},"type":"soldier","health":20,"id":4567139000}}
{"counter":11472,"type":"move","frame":{"millis":52515,"tic":1838},"actor":{"position":{"x":-7522314,"y":4240901,"z":0,"angle":973078528,"subsector":4566993176},"type":"player","health":14,"armor":45,"id":4567120880}}
{"counter":11473,"type":"move","frame":{"millis":52515,"tic":1838},"actor":{"position":{"x":-7151948,"y":4831831,"z":0,"angle":973078528,"subsector":4566993176},"type":"player","health":14,"armor":45,"id":4567120880}}
{"counter":11474,"type":"move","frame":{"millis":52515,"tic":1838},"actor":{"position":{"x":-22311616,"y":25208512,"z":0,"angle":536870912,"subsector":4566993432},"type":"shotgun_soldier","health":30,"id":4567155368}}
{"counter":11475,"type":"move","frame":{"millis":52543,"tic":1839},"actor":{"position":{"x":-7151948,"y":4831831,"z":0,"angle":1006632960,"subsector":4566993176},"type":"player","health":14,"armor":45,"id":4567120880}}
{"counter":11476,"type":"move","frame":{"millis":52543,"tic":1839},"actor":{"position":{"x":-6823502,"y":5293986,"z":0,"angle":1006632960,"subsector":4566993176},"type":"player","health":14,"armor":45,"id":4567120880}}
{"counter":11477,"type":"move","frame":{"millis":52543,"tic":1839},"actor":{"position":{"x":-12222976,"y":82064384,"z":0,"angle":2147483648,"subsector":4566996760},"type":"shotgun_soldier","health":30,"id":4567155104}}
{"counter":11478,"type":"move","frame":{"millis":52543,"tic":1839},"actor":{"position":{"x":-19473024,"y":24625920,"z":0,"angle":2147483648,"subsector":4566993432},"type":"shotgun_soldier","health":30,"id":4567155632}}
{"counter":11479,"type":"move","frame":{"millis":52543,"tic":1839},"actor":{"position":{"x":-25568448,"y":55585088,"z":0,"angle":1610612736,"subsector":4566993384},"type":"shotgun_soldier","health":30,"id":4567155896}}
{"counter":11480,"type":"move","frame":{"millis":52572,"tic":1840},"actor":{"position":{"x":-6823502,"y":5293986,"z":0,"angle":1056964608,"subsector":4566993176},"type":"player","health":14,"armor":45,"id":4567120880}}
{"counter":11481,"type":"move","frame":{"millis":52572,"tic":1840},"actor":{"position":{"x":-6528322,"y":5610444,"z":0,"angle":1056964608,"subsector":4566993176},"type":"player","health":14,"armor":45,"id":4567120880}}
{"counter":11482,"type":"move","frame":{"millis":52572,"tic":1840},"actor":{"position":{"x":-17534272,"y":80750912,"z":0,"angle":2684354560,"subsector":4566996760},"type":"soldier","health":20,"id":4567138472}}
{"counter":11483,"type":"move","frame":{"millis":52572,"tic":1840},"actor":{"position":{"x":-16507264,"y":52868608,"z":0,"angle":0,"subsector":4566993320},"type":"soldier","health":20,"id":4567138736}}
{"counter":11484,"type":"move","frame":{"millis":52600,"tic":1841},"actor":{"position":{"x":-6528322,"y":5610444,"z":0,"angle":1157627904,"subsector":4566993176},"type":"player","health":14,"armor":45,"id":4567120880}}
{"counter":11485,"type":"move","frame":{"millis":52600,"tic":1841},"actor":{"position":{"x":-6248243,"y":5795609,"z":0,"angle":1157627904,"subsector":4566993176},"type":"player","health":14,"armor":45,"id":4567120880}}
{"counter":11486,"type":"move","frame":{"millis":52600,"tic":1841},"actor":{"position":{"x":-1302912,"y":82085504,"z":0,"angle":536870912,"subsector":4566996760},"type":"soldier","health":20,"id":4567139000}}
{"damage":6,"counter":11487,"type":"hit","frame":{"millis":52601,"tic":1841},"actor":{"position":{"x":-10040896,"y":11142720,"z":0,"angle":3642800896,"subsector":4566993176},"type":"shotgun_soldier","health":30,"id":4567139792},"target":{"position":{"x":-6248243,"y":5795609,"z":0,"angle":1157627904,"subsector":4566993176},"type":"player","health":8,"armor":42,"id":4567120880}}
{"damage":6,"counter":11488,"type":"hit","frame":{"millis":52601,"tic":1841},"actor":{"position":{"x":-10040896,"y":11142720,"z":0,"angle":3642800896,"subsector":4566993176},"type":"shotgun_soldier","health":30,"id":4567139792},"target":{"position":{"x":-6248243,"y":5795609,"z":0,"angle":1157627904,"subsector":4566993176},"type":"player","health":2,"armor":39,"id":4567120880}}
{"damage":8,"counter":11489,"type":"hit","frame":{"millis":52601,"tic":1841},"actor":{"position":{"x":-10040896,"y":11142720,"z":0,"angle":3642800896,"subsector":4566993176},"type":"shotgun_soldier","health":30,"id":4567139792},"target":{"position":{"x":-6248243,"y":5795609,"z":0,"angle":1157627904,"subsector":4566993176},"type":"player","health":0,"armor":35,"id":4567120880}}
{"counter":11490,"type":"killed","frame":{"millis":52601,"tic":1841},"actor":{"position":{"x":-10040896,"y":11142720,"z":0,"angle":3642800896,"subsector":4566993176},"type":"shotgun_soldier","health":30,"id":4567139792},"target":{"position":{"x":-6248243,"y":5795609,"z":0,"angle":1157627904,"subsector":4566993176},"type":"player","health":0,"armor":35,"id":4567120880}}
{"counter":11491,"type":"move","frame":{"millis":52629,"tic":1842},"actor":{"position":{"x":-5852222,"y":5762975,"z":0,"angle":1217280227,"subsector":4566993176},"type":"player","health":0,"armor":35,"id":4567120880}}
{"counter":11492,"type":"move","frame":{"millis":52658,"tic":1843},"actor":{"position":{"x":-5493328,"y":5733400,"z":0,"angle":1276932550,"subsector":4566993176},"type":"player","health":0,"armor":35,"id":4567120880}}
{"counter":11493,"type":"move","frame":{"millis":52687,"tic":1844},"actor":{"position":{"x":-5168081,"y":5706597,"z":0,"angle":1336584873,"subsector":4566993176},"type":"player","health":0,"armor":35,"id":4567120880}}
{"counter":11494,"type":"move","frame":{"millis":52715,"tic":1845},"actor":{"position":{"x":-4873326,"y":5682306,"z":0,"angle":1396237196,"subsector":4566993176},"type":"player","health":0,"armor":35,"id":4567120880}}
{"counter":11495,"type":"move","frame":{"millis":52744,"tic":1846},"actor":{"position":{"x":-4606205,"y":5660292,"z":0,"angle":1455889519,"subsector":4566993176},"type":"player","health":0,"armor":35,"id":4567120880}}
{"counter":11496,"type":"move","frame":{"millis":52772,"tic":1847},"actor":{"position":{"x":-4364127,"y":5640341,"z":0,"angle":1515541842,"subsector":4566993176},"type":"player","health":0,"armor":35,"id":4567120880}}
{"counter":11497,"type":"move","frame":{"millis":52800,"tic":1848},"actor":{"position":{"x":-4144744,"y":5622260,"z":0,"angle":1575194165,"subsector":4566993176},"type":"player","health":0,"armor":35,"id":4567120880}}
{"counter":11498,"type":"move","frame":{"millis":52829,"tic":1849},"actor":{"position":{"x":-3945929,"y":5605874,"z":0,"angle":1633188895,"subsector":4566993176},"type":"player","health":0,"armor":35,"id":4567120880}}
{"counter":11499,"type":"move","frame":{"millis":52859,"tic":1850},"actor":{"position":{"x":-3765753,"y":5591024,"z":0,"angle":1643471295,"subsector":4566993176},"type":"player","health":0,"armor":35,"id":4567120880}}
{"counter":11500,"type":"move","frame":{"millis":52886,"tic":1851},"actor":{"position":{"x":-3602469,"y":5577566,"z":0,"angle":1652541151,"subsector":4566993176},"type":"player","health":0,"armor":35,"id":4567120880}}
{"counter":11501,"type":"move","frame":{"millis":52915,"tic":1852},"actor":{"position":{"x":-3454493,"y":5565369,"z":0,"angle":1660297471,"subsector":4566993176},"type":"player","health":0,"armor":35,"id":4567120880}}
{"counter":11502,"type":"move","frame":{"millis":52943,"tic":1853},"actor":{"position":{"x":-3320390,"y":5554315,"z":0,"angle":1667235775,"subsector":4566993176},"type":"player","health":0,"armor":35,"id":4567120880}}
{"counter":11503,"type":"move","frame":{"millis":52972,"tic":1854},"actor":{"position":{"x":-3198860,"y":5544297,"z":0,"angle":1673307583,"subsector":4566993176},"type":"player","health":0,"armor":35,"id":4567120880}}
{"counter":11504,"type":"move","frame":{"millis":53001,"tic":1855},"actor":{"position":{"x":-3088724,"y":5535218,"z":0,"angle":1678870015,"subsector":4566993176},"type":"player","health":0,"armor":35,"id":4567120880}}
{"counter":11505,"type":"move","frame":{"millis":53030,"tic":1856},"actor":{"position":{"x":-2988914,"y":5526990,"z":0,"angle":1683697503,"subsector":4566993176},"type":"player","health":0,"armor":35,"id":4567120880}}
{"counter":11506,"type":"move","frame":{"millis":53058,"tic":1857},"actor":{"position":{"x":-2898462,"y":5519533,"z":0,"angle":1687967167,"subsector":4566993176},"type":"player","health":0,"armor":35,"id":4567120880}}
{"counter":11507,"type":"move","frame":{"millis":53086,"tic":1858},"actor":{"position":{"x":-2816490,"y":5512775,"z":0,"angle":1691660959,"subsector":4566993176},"type":"player","health":0,"armor":35,"id":4567120880}}
{"counter":11508,"type":"move","frame":{"millis":53115,"tic":1859},"actor":{"position":{"x":-2742203,"y":5506650,"z":0,"angle":1694970975,"subsector":4566993176},"type":"player","health":0,"armor":35,"id":4567120880}}
{"counter":11509,"type":"move","frame":{"millis":53143,"tic":1860},"actor":{"position":{"x":-2674881,"y":5501099,"z":0,"angle":1698096927,"subsector":4566993176},"type":"player","health":0,"armor":35,"id":4567120880}}
{"counter":11510,"type":"move","frame":{"millis":53172,"tic":1861},"actor":{"position":{"x":-2613871,"y":5496068,"z":0,"angle":1700824095,"subsector":4566993176},"type":"player","health":0,"armor":35,"id":4567120880}}
{"counter":11511,"type":"move","frame":{"millis":53200,"tic":1862},"actor":{"position":{"x":-2558581,"y":5491508,"z":0,"angle":1703144767,"subsector":4566993176},"type":"player","health":0,"armor":35,"id":4567120880}}
{"counter":11512,"type":"move","frame":{"millis":53229,"tic":1863},"actor":{"position":{"x":-2508475,"y":5487375,"z":0,"angle":1705477503,"subsector":4566993176},"type":"player","health":0,"armor":35,"id":4567120880}}
{"counter":11513,"type":"move","frame":{"millis":53258,"tic":1864},"actor":{"position":{"x":-2463067,"y":5483629,"z":0,"angle":1707395071,"subsector":4566993176},"type":"player","health":0,"armor":35,"id":4567120880}}
{"counter":11514,"type":"move","frame":{"millis":53286,"tic":1865},"actor":{"position":{"x":-2421916,"y":5480234,"z":0,"angle":1709106399,"subsector":4566993176},"type":"player","health":0,"armor":35,"id":4567120880}}
{"counter":11515,"type":"move","frame":{"millis":53315,"tic":1866},"actor":{"position":{"x":-2384623,"y":5477157,"z":0,"angle":1710609055,"subsector":4566993176},"type":"player","health":0,"armor":35,"id":4567120880}}
{"counter":11516,"type":"move","frame":{"millis":53343,"tic":1867},"actor":{"position":{"x":-2350827,"y":5474368,"z":0,"angle":1712116639,"subsector":4566993176},"type":"player","health":0,"armor":35,"id":4567120880}}
{"counter":11517,"type":"move","frame":{"millis":53372,"tic":1868},"actor":{"position":{"x":-2320200,"y":5471840,"z":0,"angle":1713412799,"subsector":4566993176},"type":"player","health":0,"armor":35,"id":4567120880}}
{"counter":11518,"type":"move","frame":{"millis":53400,"tic":1869},"actor":{"position":{"x":-2292445,"y":5469549,"z":0,"angle":1714495711,"subsector":4566993176},"type":"player","health":0,"armor":35,"id":4567120880}}
{"counter":11519,"type":"move","frame":{"millis":53429,"tic":1870},"actor":{"position":{"x":-2267293,"y":5467472,"z":0,"angle":1715581151,"subsector":4566993176},"type":"player","health":0,"armor":35,"id":4567120880}}
{"counter":11520,"type":"move","frame":{"millis":53458,"tic":1871},"actor":{"position":{"x":-2244499,"y":5465589,"z":0,"angle":1716451295,"subsector":4566993176},"type":"player","health":0,"armor":35,"id":4567120880}}
{"counter":11521,"type":"move","frame":{"millis":53487,"tic":1872},"actor":{"position":{"x":-2223842,"y":5463882,"z":0,"angle":1717323071,"subsector":4566993176},"type":"player","health":0,"armor":35,"id":4567120880}}
{"counter":11522,"type":"move","frame":{"millis":53515,"tic":1873},"actor":{"position":{"x":-2205122,"y":5462335,"z":0,"angle":1718196479,"subsector":4566993176},"type":"player","health":0,"armor":35,"id":4567120880}}
{"counter":11523,"type":"move","frame":{"millis":53543,"tic":1874},"actor":{"position":{"x":-2188157,"y":5460933,"z":0,"angle":1718852607,"subsector":4566993176},"type":"player","health":0,"armor":35,"id":4567120880}}
{"counter":11524,"type":"move","frame":{"millis":53572,"tic":1875},"actor":{"position":{"x":-2172783,"y":5459662,"z":0,"angle":1719509631,"subsector":4566993176},"type":"player","health":0,"armor":35,"id":4567120880}}
{"counter":11525,"type":"move","frame":{"millis":53600,"tic":1876},"actor":{"position":{"x":-2158851,"y":5458510,"z":0,"angle":1719948159,"subsector":4566993176},"type":"player","health":0,"armor":35,"id":4567120880}}
{"counter":11526,"type":"move","frame":{"millis":53629,"tic":1877},"actor":{"position":{"x":-2146226,"y":5457466,"z":0,"angle":1720606719,"subsector":4566993176},"type":"player","health":0,"armor":35,"id":4567120880}}
{"counter":11527,"type":"move","frame":{"millis":53710,"tic":1879},"actor":{"position":{"x":-2134785,"y":5456519,"z":0,"angle":1721046271,"subsector":4566993176},"type":"player","health":0,"armor":35,"id":4567120880}}
{"counter":11528,"type":"move","frame":{"millis":53711,"tic":1879},"actor":{"position":{"x":-2124417,"y":5455660,"z":0,"angle":1721486239,"subsector":4566993176},"type":"player","health":0,"armor":35,"id":4567120880}}
{"counter":11529,"type":"move","frame":{"millis":53716,"tic":1880},"actor":{"position":{"x":-2115021,"y":5454881,"z":0,"angle":1721706367,"subsector":4566993176},"type":"player","health":0,"armor":35,"id":4567120880}}
{"counter":11530,"type":"move","frame":{"millis":53743,"tic":1881},"actor":{"position":{"x":-2106506,"y":5454175,"z":0,"angle":1722146911,"subsector":4566993176},"type":"player","health":0,"armor":35,"id":4567120880}}
{"counter":11531,"type":"move","frame":{"millis":53772,"tic":1882},"actor":{"position":{"x":-2098790,"y":5453535,"z":0,"angle":1722367359,"subsector":4566993176},"type":"player","health":0,"armor":35,"id":4567120880}}
{"counter":11532,"type":"move","frame":{"millis":53800,"tic":1883},"actor":{"position":{"x":-2091798,"y":5452955,"z":0,"angle":1722587903,"subsector":4566993176},"type":"player","health":0,"armor":35,"id":4567120880}}
{"counter":11533,"type":"move","frame":{"millis":53829,"tic":1884},"actor":{"position":{"x":-2085462,"y":5452429,"z":0,"angle":1723029279,"subsector":4566993176},"type":"player","health":0,"armor":35,"id":4567120880}}
{"counter":11534,"type":"move","frame":{"millis":53858,"tic":1885},"actor":{"position":{"x":-2079720,"y":5451952,"z":0,"angle":1723250111,"subsector":4566993176},"type":"player","health":0,"armor":35,"id":4567120880}}
{"counter":11535,"type":"move","frame":{"millis":53887,"tic":1886},"actor":{"position":{"x":-2074517,"y":5451519,"z":0,"angle":1723471071,"subsector":4566993176},"type":"player","health":0,"armor":35,"id":4567120880}}
{"counter":11536,"type":"move","frame":{"millis":53915,"tic":1887},"actor":{"position":{"x":-2069802,"y":5451126,"z":0,"angle":1723471071,"subsector":4566993176},"type":"player","health":0,"armor":35,"id":4567120880}}
{"counter":11537,"type":"move","frame":{"millis":53943,"tic":1888},"actor":{"position":{"x":-2065530,"y":5450769,"z":0,"angle":1723692127,"subsector":4566993176},"type":"player","health":0,"armor":35,"id":4567120880}}
{"counter":11538,"type":"move","frame":{"millis":53972,"tic":1889},"actor":{"position":{"x":-2061659,"y":5450445,"z":0,"angle":1723913247,"subsector":4566993176},"type":"player","health":0,"armor":35,"id":4567120880}}
